GNU Make 3.81
Copyright (C) 2006  Free Software Foundation, Inc.
This is free software; see the source for copying conditions.
There is NO warranty; not even for MERCHANTABILITY or FITNESS FOR A
PARTICULAR PURPOSE.

This program built for i386-apple-darwin11.3.0
Reading makefiles...
Reading makefile `GNUmakefile'...
Reading makefile `src/Makefile.global' (search path) (no ~ expansion)...
Reading makefile `src/Makefile.port' (search path) (no ~ expansion)...
Reading makefile `src/Makefile.custom' (search path) (don't care) (no ~ expansion)...
Updating makefiles....
 Considering target file `src/Makefile.custom'.
  File `src/Makefile.custom' does not exist.
  Looking for an implicit rule for `src/Makefile.custom'.
  Trying pattern rule with stem `Makefile.custom'.
  Trying implicit prerequisite `src/Makefile.custom.o'.
  Trying pattern rule with stem `Makefile.custom'.
  Trying implicit prerequisite `src/Makefile.custom.cc'.
  Trying pattern rule with stem `Makefile.custom'.
  Trying implicit prerequisite `src/Makefile.custom.C'.
  Trying pattern rule with stem `Makefile.custom'.
  Trying implicit prerequisite `src/Makefile.custom.cpp'.
  Trying pattern rule with stem `Makefile.custom'.
  Trying implicit prerequisite `src/Makefile.custom.p'.
  Trying pattern rule with stem `Makefile.custom'.
  Trying implicit prerequisite `src/Makefile.custom.f'.
  Trying pattern rule with stem `Makefile.custom'.
  Trying implicit prerequisite `src/Makefile.custom.F'.
  Trying pattern rule with stem `Makefile.custom'.
  Trying implicit prerequisite `src/Makefile.custom.m'.
  Trying pattern rule with stem `Makefile.custom'.
  Trying implicit prerequisite `src/Makefile.custom.r'.
  Trying pattern rule with stem `Makefile.custom'.
  Trying implicit prerequisite `src/Makefile.custom.s'.
  Trying pattern rule with stem `Makefile.custom'.
  Trying implicit prerequisite `src/Makefile.custom.S'.
  Trying pattern rule with stem `Makefile.custom'.
  Trying implicit prerequisite `src/Makefile.custom.mod'.
  Trying pattern rule with stem `Makefile.custom'.
  Trying implicit prerequisite `src/Makefile.custom.sh'.
  Trying pattern rule with stem `Makefile.custom'.
  Trying implicit prerequisite `src/Makefile.custom,v'.
  Trying pattern rule with stem `Makefile.custom'.
  Trying implicit prerequisite `src/RCS/Makefile.custom,v'.
  Trying pattern rule with stem `Makefile.custom'.
  Trying implicit prerequisite `src/RCS/Makefile.custom'.
  Trying pattern rule with stem `Makefile.custom'.
  Trying implicit prerequisite `src/s.Makefile.custom'.
  Trying pattern rule with stem `Makefile.custom'.
  Trying implicit prerequisite `src/SCCS/s.Makefile.custom'.
  Trying pattern rule with stem `Makefile.custom'.
  Trying implicit prerequisite `src/Makefile.custom.o'.
  Looking for a rule with intermediate file `src/Makefile.custom.o'.
   Avoiding implicit rule recursion.
   Trying pattern rule with stem `Makefile.custom'.
   Trying implicit prerequisite `src/Makefile.custom.c'.
   Trying pattern rule with stem `Makefile.custom'.
   Trying implicit prerequisite `src/Makefile.custom.cc'.
   Trying pattern rule with stem `Makefile.custom'.
   Trying implicit prerequisite `src/Makefile.custom.C'.
   Trying pattern rule with stem `Makefile.custom'.
   Trying implicit prerequisite `src/Makefile.custom.cpp'.
   Trying pattern rule with stem `Makefile.custom'.
   Trying implicit prerequisite `src/Makefile.custom.p'.
   Trying pattern rule with stem `Makefile.custom'.
   Trying implicit prerequisite `src/Makefile.custom.f'.
   Trying pattern rule with stem `Makefile.custom'.
   Trying implicit prerequisite `src/Makefile.custom.F'.
   Trying pattern rule with stem `Makefile.custom'.
   Trying implicit prerequisite `src/Makefile.custom.m'.
   Trying pattern rule with stem `Makefile.custom'.
   Trying implicit prerequisite `src/Makefile.custom.r'.
   Trying pattern rule with stem `Makefile.custom'.
   Trying implicit prerequisite `src/Makefile.custom.s'.
   Trying pattern rule with stem `Makefile.custom'.
   Trying implicit prerequisite `src/Makefile.custom.S'.
   Trying pattern rule with stem `Makefile.custom'.
   Trying implicit prerequisite `src/Makefile.custom.mod'.
   Trying pattern rule with stem `Makefile.custom.o'.
   Trying implicit prerequisite `src/Makefile.custom.o,v'.
   Trying pattern rule with stem `Makefile.custom.o'.
   Trying implicit prerequisite `src/RCS/Makefile.custom.o,v'.
   Trying pattern rule with stem `Makefile.custom.o'.
   Trying implicit prerequisite `src/RCS/Makefile.custom.o'.
   Trying pattern rule with stem `Makefile.custom.o'.
   Trying implicit prerequisite `src/s.Makefile.custom.o'.
   Trying pattern rule with stem `Makefile.custom.o'.
   Trying implicit prerequisite `src/SCCS/s.Makefile.custom.o'.
   Trying pattern rule with stem `Makefile.custom'.
   Trying implicit prerequisite `src/Makefile.custom.c'.
   Looking for a rule with intermediate file `src/Makefile.custom.c'.
    Avoiding implicit rule recursion.
    Avoiding implicit rule recursion.
    Trying pattern rule with stem `Makefile.custom'.
    Trying implicit prerequisite `src/Makefile.custom.l'.
    Trying pattern rule with stem `Makefile.custom'.
    Trying implicit prerequisite `src/Makefile.custom.y'.
    Trying pattern rule with stem `Makefile.custom'.
    Trying implicit prerequisite `src/Makefile.custom.w'.
    Trying pattern rule with stem `Makefile.custom'.
    Trying implicit prerequisite `src/Makefile.custom.w'.
    Trying pattern rule with stem `Makefile.custom.c'.
    Trying implicit prerequisite `src/Makefile.custom.c,v'.
    Trying pattern rule with stem `Makefile.custom.c'.
    Trying implicit prerequisite `src/RCS/Makefile.custom.c,v'.
    Trying pattern rule with stem `Makefile.custom.c'.
    Trying implicit prerequisite `src/RCS/Makefile.custom.c'.
    Trying pattern rule with stem `Makefile.custom.c'.
    Trying implicit prerequisite `src/s.Makefile.custom.c'.
    Trying pattern rule with stem `Makefile.custom.c'.
    Trying implicit prerequisite `src/SCCS/s.Makefile.custom.c'.
    Trying pattern rule with stem `Makefile.custom'.
    Trying implicit prerequisite `src/Makefile.custom.l'.
    Looking for a rule with intermediate file `src/Makefile.custom.l'.
     Avoiding implicit rule recursion.
     Avoiding implicit rule recursion.
     Avoiding implicit rule recursion.
     Trying pattern rule with stem `Makefile.custom.l'.
     Trying implicit prerequisite `src/Makefile.custom.l,v'.
     Trying pattern rule with stem `Makefile.custom.l'.
     Trying implicit prerequisite `src/RCS/Makefile.custom.l,v'.
     Trying pattern rule with stem `Makefile.custom.l'.
     Trying implicit prerequisite `src/RCS/Makefile.custom.l'.
     Trying pattern rule with stem `Makefile.custom.l'.
     Trying implicit prerequisite `src/s.Makefile.custom.l'.
     Trying pattern rule with stem `Makefile.custom.l'.
     Trying implicit prerequisite `src/SCCS/s.Makefile.custom.l'.
    Trying pattern rule with stem `Makefile.custom'.
    Trying implicit prerequisite `src/Makefile.custom.y'.
    Looking for a rule with intermediate file `src/Makefile.custom.y'.
     Avoiding implicit rule recursion.
     Avoiding implicit rule recursion.
     Avoiding implicit rule recursion.
     Trying pattern rule with stem `Makefile.custom.y'.
     Trying implicit prerequisite `src/Makefile.custom.y,v'.
     Trying pattern rule with stem `Makefile.custom.y'.
     Trying implicit prerequisite `src/RCS/Makefile.custom.y,v'.
     Trying pattern rule with stem `Makefile.custom.y'.
     Trying implicit prerequisite `src/RCS/Makefile.custom.y'.
     Trying pattern rule with stem `Makefile.custom.y'.
     Trying implicit prerequisite `src/s.Makefile.custom.y'.
     Trying pattern rule with stem `Makefile.custom.y'.
     Trying implicit prerequisite `src/SCCS/s.Makefile.custom.y'.
    Trying pattern rule with stem `Makefile.custom'.
    Trying implicit prerequisite `src/Makefile.custom.w'.
    Looking for a rule with intermediate file `src/Makefile.custom.w'.
     Avoiding implicit rule recursion.
     Avoiding implicit rule recursion.
     Avoiding implicit rule recursion.
     Trying pattern rule with stem `Makefile.custom.w'.
     Trying implicit prerequisite `src/Makefile.custom.w,v'.
     Trying pattern rule with stem `Makefile.custom.w'.
     Trying implicit prerequisite `src/RCS/Makefile.custom.w,v'.
     Trying pattern rule with stem `Makefile.custom.w'.
     Trying implicit prerequisite `src/RCS/Makefile.custom.w'.
     Trying pattern rule with stem `Makefile.custom.w'.
     Trying implicit prerequisite `src/s.Makefile.custom.w'.
     Trying pattern rule with stem `Makefile.custom.w'.
     Trying implicit prerequisite `src/SCCS/s.Makefile.custom.w'.
    Trying pattern rule with stem `Makefile.custom'.
    Rejecting impossible implicit prerequisite `src/Makefile.custom.w'.
   Trying pattern rule with stem `Makefile.custom'.
   Trying implicit prerequisite `src/Makefile.custom.cc'.
   Looking for a rule with intermediate file `src/Makefile.custom.cc'.
    Avoiding implicit rule recursion.
    Avoiding implicit rule recursion.
    Trying pattern rule with stem `Makefile.custom.cc'.
    Trying implicit prerequisite `src/Makefile.custom.cc,v'.
    Trying pattern rule with stem `Makefile.custom.cc'.
    Trying implicit prerequisite `src/RCS/Makefile.custom.cc,v'.
    Trying pattern rule with stem `Makefile.custom.cc'.
    Trying implicit prerequisite `src/RCS/Makefile.custom.cc'.
    Trying pattern rule with stem `Makefile.custom.cc'.
    Trying implicit prerequisite `src/s.Makefile.custom.cc'.
    Trying pattern rule with stem `Makefile.custom.cc'.
    Trying implicit prerequisite `src/SCCS/s.Makefile.custom.cc'.
   Trying pattern rule with stem `Makefile.custom'.
   Trying implicit prerequisite `src/Makefile.custom.C'.
   Looking for a rule with intermediate file `src/Makefile.custom.C'.
    Avoiding implicit rule recursion.
    Avoiding implicit rule recursion.
    Trying pattern rule with stem `Makefile.custom.C'.
    Trying implicit prerequisite `src/Makefile.custom.C,v'.
    Trying pattern rule with stem `Makefile.custom.C'.
    Trying implicit prerequisite `src/RCS/Makefile.custom.C,v'.
    Trying pattern rule with stem `Makefile.custom.C'.
    Trying implicit prerequisite `src/RCS/Makefile.custom.C'.
    Trying pattern rule with stem `Makefile.custom.C'.
    Trying implicit prerequisite `src/s.Makefile.custom.C'.
    Trying pattern rule with stem `Makefile.custom.C'.
    Trying implicit prerequisite `src/SCCS/s.Makefile.custom.C'.
   Trying pattern rule with stem `Makefile.custom'.
   Trying implicit prerequisite `src/Makefile.custom.cpp'.
   Looking for a rule with intermediate file `src/Makefile.custom.cpp'.
    Avoiding implicit rule recursion.
    Avoiding implicit rule recursion.
    Trying pattern rule with stem `Makefile.custom.cpp'.
    Trying implicit prerequisite `src/Makefile.custom.cpp,v'.
    Trying pattern rule with stem `Makefile.custom.cpp'.
    Trying implicit prerequisite `src/RCS/Makefile.custom.cpp,v'.
    Trying pattern rule with stem `Makefile.custom.cpp'.
    Trying implicit prerequisite `src/RCS/Makefile.custom.cpp'.
    Trying pattern rule with stem `Makefile.custom.cpp'.
    Trying implicit prerequisite `src/s.Makefile.custom.cpp'.
    Trying pattern rule with stem `Makefile.custom.cpp'.
    Trying implicit prerequisite `src/SCCS/s.Makefile.custom.cpp'.
   Trying pattern rule with stem `Makefile.custom'.
   Trying implicit prerequisite `src/Makefile.custom.p'.
   Looking for a rule with intermediate file `src/Makefile.custom.p'.
    Avoiding implicit rule recursion.
    Avoiding implicit rule recursion.
    Trying pattern rule with stem `Makefile.custom'.
    Trying implicit prerequisite `src/Makefile.custom.web'.
    Trying pattern rule with stem `Makefile.custom.p'.
    Trying implicit prerequisite `src/Makefile.custom.p,v'.
    Trying pattern rule with stem `Makefile.custom.p'.
    Trying implicit prerequisite `src/RCS/Makefile.custom.p,v'.
    Trying pattern rule with stem `Makefile.custom.p'.
    Trying implicit prerequisite `src/RCS/Makefile.custom.p'.
    Trying pattern rule with stem `Makefile.custom.p'.
    Trying implicit prerequisite `src/s.Makefile.custom.p'.
    Trying pattern rule with stem `Makefile.custom.p'.
    Trying implicit prerequisite `src/SCCS/s.Makefile.custom.p'.
    Trying pattern rule with stem `Makefile.custom'.
    Trying implicit prerequisite `src/Makefile.custom.web'.
    Looking for a rule with intermediate file `src/Makefile.custom.web'.
     Avoiding implicit rule recursion.
     Avoiding implicit rule recursion.
     Avoiding implicit rule recursion.
     Trying pattern rule with stem `Makefile.custom.web'.
     Trying implicit prerequisite `src/Makefile.custom.web,v'.
     Trying pattern rule with stem `Makefile.custom.web'.
     Trying implicit prerequisite `src/RCS/Makefile.custom.web,v'.
     Trying pattern rule with stem `Makefile.custom.web'.
     Trying implicit prerequisite `src/RCS/Makefile.custom.web'.
     Trying pattern rule with stem `Makefile.custom.web'.
     Trying implicit prerequisite `src/s.Makefile.custom.web'.
     Trying pattern rule with stem `Makefile.custom.web'.
     Trying implicit prerequisite `src/SCCS/s.Makefile.custom.web'.
   Trying pattern rule with stem `Makefile.custom'.
   Trying implicit prerequisite `src/Makefile.custom.f'.
   Looking for a rule with intermediate file `src/Makefile.custom.f'.
    Avoiding implicit rule recursion.
    Avoiding implicit rule recursion.
    Trying pattern rule with stem `Makefile.custom'.
    Trying implicit prerequisite `src/Makefile.custom.F'.
    Trying pattern rule with stem `Makefile.custom'.
    Trying implicit prerequisite `src/Makefile.custom.r'.
    Trying pattern rule with stem `Makefile.custom.f'.
    Trying implicit prerequisite `src/Makefile.custom.f,v'.
    Trying pattern rule with stem `Makefile.custom.f'.
    Trying implicit prerequisite `src/RCS/Makefile.custom.f,v'.
    Trying pattern rule with stem `Makefile.custom.f'.
    Trying implicit prerequisite `src/RCS/Makefile.custom.f'.
    Trying pattern rule with stem `Makefile.custom.f'.
    Trying implicit prerequisite `src/s.Makefile.custom.f'.
    Trying pattern rule with stem `Makefile.custom.f'.
    Trying implicit prerequisite `src/SCCS/s.Makefile.custom.f'.
    Trying pattern rule with stem `Makefile.custom'.
    Trying implicit prerequisite `src/Makefile.custom.F'.
    Looking for a rule with intermediate file `src/Makefile.custom.F'.
     Avoiding implicit rule recursion.
     Avoiding implicit rule recursion.
     Avoiding implicit rule recursion.
     Trying pattern rule with stem `Makefile.custom.F'.
     Trying implicit prerequisite `src/Makefile.custom.F,v'.
     Trying pattern rule with stem `Makefile.custom.F'.
     Trying implicit prerequisite `src/RCS/Makefile.custom.F,v'.
     Trying pattern rule with stem `Makefile.custom.F'.
     Trying implicit prerequisite `src/RCS/Makefile.custom.F'.
     Trying pattern rule with stem `Makefile.custom.F'.
     Trying implicit prerequisite `src/s.Makefile.custom.F'.
     Trying pattern rule with stem `Makefile.custom.F'.
     Trying implicit prerequisite `src/SCCS/s.Makefile.custom.F'.
    Trying pattern rule with stem `Makefile.custom'.
    Trying implicit prerequisite `src/Makefile.custom.r'.
    Looking for a rule with intermediate file `src/Makefile.custom.r'.
     Avoiding implicit rule recursion.
     Avoiding implicit rule recursion.
     Avoiding implicit rule recursion.
     Trying pattern rule with stem `Makefile.custom'.
     Rejecting impossible implicit prerequisite `src/Makefile.custom.l'.
     Trying pattern rule with stem `Makefile.custom.r'.
     Trying implicit prerequisite `src/Makefile.custom.r,v'.
     Trying pattern rule with stem `Makefile.custom.r'.
     Trying implicit prerequisite `src/RCS/Makefile.custom.r,v'.
     Trying pattern rule with stem `Makefile.custom.r'.
     Trying implicit prerequisite `src/RCS/Makefile.custom.r'.
     Trying pattern rule with stem `Makefile.custom.r'.
     Trying implicit prerequisite `src/s.Makefile.custom.r'.
     Trying pattern rule with stem `Makefile.custom.r'.
     Trying implicit prerequisite `src/SCCS/s.Makefile.custom.r'.
   Trying pattern rule with stem `Makefile.custom'.
   Rejecting impossible implicit prerequisite `src/Makefile.custom.F'.
   Trying pattern rule with stem `Makefile.custom'.
   Trying implicit prerequisite `src/Makefile.custom.m'.
   Looking for a rule with intermediate file `src/Makefile.custom.m'.
    Avoiding implicit rule recursion.
    Avoiding implicit rule recursion.
    Trying pattern rule with stem `Makefile.custom'.
    Trying implicit prerequisite `src/Makefile.custom.ym'.
    Trying pattern rule with stem `Makefile.custom'.
    Trying implicit prerequisite `src/Makefile.custom.lm'.
    Trying pattern rule with stem `Makefile.custom.m'.
    Trying implicit prerequisite `src/Makefile.custom.m,v'.
    Trying pattern rule with stem `Makefile.custom.m'.
    Trying implicit prerequisite `src/RCS/Makefile.custom.m,v'.
    Trying pattern rule with stem `Makefile.custom.m'.
    Trying implicit prerequisite `src/RCS/Makefile.custom.m'.
    Trying pattern rule with stem `Makefile.custom.m'.
    Trying implicit prerequisite `src/s.Makefile.custom.m'.
    Trying pattern rule with stem `Makefile.custom.m'.
    Trying implicit prerequisite `src/SCCS/s.Makefile.custom.m'.
    Trying pattern rule with stem `Makefile.custom'.
    Trying implicit prerequisite `src/Makefile.custom.ym'.
    Looking for a rule with intermediate file `src/Makefile.custom.ym'.
     Avoiding implicit rule recursion.
     Avoiding implicit rule recursion.
     Avoiding implicit rule recursion.
     Trying pattern rule with stem `Makefile.custom.ym'.
     Trying implicit prerequisite `src/Makefile.custom.ym,v'.
     Trying pattern rule with stem `Makefile.custom.ym'.
     Trying implicit prerequisite `src/RCS/Makefile.custom.ym,v'.
     Trying pattern rule with stem `Makefile.custom.ym'.
     Trying implicit prerequisite `src/RCS/Makefile.custom.ym'.
     Trying pattern rule with stem `Makefile.custom.ym'.
     Trying implicit prerequisite `src/s.Makefile.custom.ym'.
     Trying pattern rule with stem `Makefile.custom.ym'.
     Trying implicit prerequisite `src/SCCS/s.Makefile.custom.ym'.
    Trying pattern rule with stem `Makefile.custom'.
    Trying implicit prerequisite `src/Makefile.custom.lm'.
    Looking for a rule with intermediate file `src/Makefile.custom.lm'.
     Avoiding implicit rule recursion.
     Avoiding implicit rule recursion.
     Avoiding implicit rule recursion.
     Trying pattern rule with stem `Makefile.custom.lm'.
     Trying implicit prerequisite `src/Makefile.custom.lm,v'.
     Trying pattern rule with stem `Makefile.custom.lm'.
     Trying implicit prerequisite `src/RCS/Makefile.custom.lm,v'.
     Trying pattern rule with stem `Makefile.custom.lm'.
     Trying implicit prerequisite `src/RCS/Makefile.custom.lm'.
     Trying pattern rule with stem `Makefile.custom.lm'.
     Trying implicit prerequisite `src/s.Makefile.custom.lm'.
     Trying pattern rule with stem `Makefile.custom.lm'.
     Trying implicit prerequisite `src/SCCS/s.Makefile.custom.lm'.
   Trying pattern rule with stem `Makefile.custom'.
   Rejecting impossible implicit prerequisite `src/Makefile.custom.r'.
   Trying pattern rule with stem `Makefile.custom'.
   Trying implicit prerequisite `src/Makefile.custom.s'.
   Looking for a rule with intermediate file `src/Makefile.custom.s'.
    Avoiding implicit rule recursion.
    Avoiding implicit rule recursion.
    Trying pattern rule with stem `Makefile.custom'.
    Trying implicit prerequisite `src/Makefile.custom.S'.
    Trying pattern rule with stem `Makefile.custom.s'.
    Trying implicit prerequisite `src/Makefile.custom.s,v'.
    Trying pattern rule with stem `Makefile.custom.s'.
    Trying implicit prerequisite `src/RCS/Makefile.custom.s,v'.
    Trying pattern rule with stem `Makefile.custom.s'.
    Trying implicit prerequisite `src/RCS/Makefile.custom.s'.
    Trying pattern rule with stem `Makefile.custom.s'.
    Trying implicit prerequisite `src/s.Makefile.custom.s'.
    Trying pattern rule with stem `Makefile.custom.s'.
    Trying implicit prerequisite `src/SCCS/s.Makefile.custom.s'.
    Trying pattern rule with stem `Makefile.custom'.
    Trying implicit prerequisite `src/Makefile.custom.S'.
    Looking for a rule with intermediate file `src/Makefile.custom.S'.
     Avoiding implicit rule recursion.
     Avoiding implicit rule recursion.
     Avoiding implicit rule recursion.
     Trying pattern rule with stem `Makefile.custom.S'.
     Trying implicit prerequisite `src/Makefile.custom.S,v'.
     Trying pattern rule with stem `Makefile.custom.S'.
     Trying implicit prerequisite `src/RCS/Makefile.custom.S,v'.
     Trying pattern rule with stem `Makefile.custom.S'.
     Trying implicit prerequisite `src/RCS/Makefile.custom.S'.
     Trying pattern rule with stem `Makefile.custom.S'.
     Trying implicit prerequisite `src/s.Makefile.custom.S'.
     Trying pattern rule with stem `Makefile.custom.S'.
     Trying implicit prerequisite `src/SCCS/s.Makefile.custom.S'.
   Trying pattern rule with stem `Makefile.custom'.
   Rejecting impossible implicit prerequisite `src/Makefile.custom.S'.
   Trying pattern rule with stem `Makefile.custom'.
   Trying implicit prerequisite `src/Makefile.custom.mod'.
   Looking for a rule with intermediate file `src/Makefile.custom.mod'.
    Avoiding implicit rule recursion.
    Avoiding implicit rule recursion.
    Trying pattern rule with stem `Makefile.custom.mod'.
    Trying implicit prerequisite `src/Makefile.custom.mod,v'.
    Trying pattern rule with stem `Makefile.custom.mod'.
    Trying implicit prerequisite `src/RCS/Makefile.custom.mod,v'.
    Trying pattern rule with stem `Makefile.custom.mod'.
    Trying implicit prerequisite `src/RCS/Makefile.custom.mod'.
    Trying pattern rule with stem `Makefile.custom.mod'.
    Trying implicit prerequisite `src/s.Makefile.custom.mod'.
    Trying pattern rule with stem `Makefile.custom.mod'.
    Trying implicit prerequisite `src/SCCS/s.Makefile.custom.mod'.
  Trying pattern rule with stem `Makefile.custom'.
  Rejecting impossible implicit prerequisite `src/Makefile.custom.cc'.
  Trying pattern rule with stem `Makefile.custom'.
  Rejecting impossible implicit prerequisite `src/Makefile.custom.C'.
  Trying pattern rule with stem `Makefile.custom'.
  Rejecting impossible implicit prerequisite `src/Makefile.custom.cpp'.
  Trying pattern rule with stem `Makefile.custom'.
  Rejecting impossible implicit prerequisite `src/Makefile.custom.p'.
  Trying pattern rule with stem `Makefile.custom'.
  Rejecting impossible implicit prerequisite `src/Makefile.custom.f'.
  Trying pattern rule with stem `Makefile.custom'.
  Rejecting impossible implicit prerequisite `src/Makefile.custom.F'.
  Trying pattern rule with stem `Makefile.custom'.
  Rejecting impossible implicit prerequisite `src/Makefile.custom.m'.
  Trying pattern rule with stem `Makefile.custom'.
  Rejecting impossible implicit prerequisite `src/Makefile.custom.r'.
  Trying pattern rule with stem `Makefile.custom'.
  Rejecting impossible implicit prerequisite `src/Makefile.custom.s'.
  Trying pattern rule with stem `Makefile.custom'.
  Rejecting impossible implicit prerequisite `src/Makefile.custom.S'.
  Trying pattern rule with stem `Makefile.custom'.
  Rejecting impossible implicit prerequisite `src/Makefile.custom.mod'.
  Trying pattern rule with stem `Makefile.custom'.
  Trying implicit prerequisite `src/Makefile.custom.sh'.
  Looking for a rule with intermediate file `src/Makefile.custom.sh'.
   Avoiding implicit rule recursion.
   Trying pattern rule with stem `Makefile.custom.sh'.
   Trying implicit prerequisite `src/Makefile.custom.sh,v'.
   Trying pattern rule with stem `Makefile.custom.sh'.
   Trying implicit prerequisite `src/RCS/Makefile.custom.sh,v'.
   Trying pattern rule with stem `Makefile.custom.sh'.
   Trying implicit prerequisite `src/RCS/Makefile.custom.sh'.
   Trying pattern rule with stem `Makefile.custom.sh'.
   Trying implicit prerequisite `src/s.Makefile.custom.sh'.
   Trying pattern rule with stem `Makefile.custom.sh'.
   Trying implicit prerequisite `src/SCCS/s.Makefile.custom.sh'.
  No implicit rule found for `src/Makefile.custom'.
  Finished prerequisites of target file `src/Makefile.custom'.
 Must remake target `src/Makefile.custom'.
 Failed to remake target file `src/Makefile.custom'.
 Considering target file `src/Makefile.port'.
  Looking for an implicit rule for `src/Makefile.port'.
  Trying pattern rule with stem `Makefile.port'.
  Trying implicit prerequisite `src/Makefile.port.o'.
  Trying pattern rule with stem `Makefile.port'.
  Trying implicit prerequisite `src/Makefile.port.cc'.
  Trying pattern rule with stem `Makefile.port'.
  Trying implicit prerequisite `src/Makefile.port.C'.
  Trying pattern rule with stem `Makefile.port'.
  Trying implicit prerequisite `src/Makefile.port.cpp'.
  Trying pattern rule with stem `Makefile.port'.
  Trying implicit prerequisite `src/Makefile.port.p'.
  Trying pattern rule with stem `Makefile.port'.
  Trying implicit prerequisite `src/Makefile.port.f'.
  Trying pattern rule with stem `Makefile.port'.
  Trying implicit prerequisite `src/Makefile.port.F'.
  Trying pattern rule with stem `Makefile.port'.
  Trying implicit prerequisite `src/Makefile.port.m'.
  Trying pattern rule with stem `Makefile.port'.
  Trying implicit prerequisite `src/Makefile.port.r'.
  Trying pattern rule with stem `Makefile.port'.
  Trying implicit prerequisite `src/Makefile.port.s'.
  Trying pattern rule with stem `Makefile.port'.
  Trying implicit prerequisite `src/Makefile.port.S'.
  Trying pattern rule with stem `Makefile.port'.
  Trying implicit prerequisite `src/Makefile.port.mod'.
  Trying pattern rule with stem `Makefile.port'.
  Trying implicit prerequisite `src/Makefile.port.sh'.
  Trying pattern rule with stem `Makefile.port'.
  Trying implicit prerequisite `src/Makefile.port,v'.
  Trying pattern rule with stem `Makefile.port'.
  Trying implicit prerequisite `src/RCS/Makefile.port,v'.
  Trying pattern rule with stem `Makefile.port'.
  Trying implicit prerequisite `src/RCS/Makefile.port'.
  Trying pattern rule with stem `Makefile.port'.
  Trying implicit prerequisite `src/s.Makefile.port'.
  Trying pattern rule with stem `Makefile.port'.
  Trying implicit prerequisite `src/SCCS/s.Makefile.port'.
  Trying pattern rule with stem `Makefile.port'.
  Trying implicit prerequisite `src/Makefile.port.o'.
  Looking for a rule with intermediate file `src/Makefile.port.o'.
   Avoiding implicit rule recursion.
   Trying pattern rule with stem `Makefile.port'.
   Trying implicit prerequisite `src/Makefile.port.c'.
   Trying pattern rule with stem `Makefile.port'.
   Trying implicit prerequisite `src/Makefile.port.cc'.
   Trying pattern rule with stem `Makefile.port'.
   Trying implicit prerequisite `src/Makefile.port.C'.
   Trying pattern rule with stem `Makefile.port'.
   Trying implicit prerequisite `src/Makefile.port.cpp'.
   Trying pattern rule with stem `Makefile.port'.
   Trying implicit prerequisite `src/Makefile.port.p'.
   Trying pattern rule with stem `Makefile.port'.
   Trying implicit prerequisite `src/Makefile.port.f'.
   Trying pattern rule with stem `Makefile.port'.
   Trying implicit prerequisite `src/Makefile.port.F'.
   Trying pattern rule with stem `Makefile.port'.
   Trying implicit prerequisite `src/Makefile.port.m'.
   Trying pattern rule with stem `Makefile.port'.
   Trying implicit prerequisite `src/Makefile.port.r'.
   Trying pattern rule with stem `Makefile.port'.
   Trying implicit prerequisite `src/Makefile.port.s'.
   Trying pattern rule with stem `Makefile.port'.
   Trying implicit prerequisite `src/Makefile.port.S'.
   Trying pattern rule with stem `Makefile.port'.
   Trying implicit prerequisite `src/Makefile.port.mod'.
   Trying pattern rule with stem `Makefile.port.o'.
   Trying implicit prerequisite `src/Makefile.port.o,v'.
   Trying pattern rule with stem `Makefile.port.o'.
   Trying implicit prerequisite `src/RCS/Makefile.port.o,v'.
   Trying pattern rule with stem `Makefile.port.o'.
   Trying implicit prerequisite `src/RCS/Makefile.port.o'.
   Trying pattern rule with stem `Makefile.port.o'.
   Trying implicit prerequisite `src/s.Makefile.port.o'.
   Trying pattern rule with stem `Makefile.port.o'.
   Trying implicit prerequisite `src/SCCS/s.Makefile.port.o'.
   Trying pattern rule with stem `Makefile.port'.
   Trying implicit prerequisite `src/Makefile.port.c'.
   Looking for a rule with intermediate file `src/Makefile.port.c'.
    Avoiding implicit rule recursion.
    Avoiding implicit rule recursion.
    Trying pattern rule with stem `Makefile.port'.
    Trying implicit prerequisite `src/Makefile.port.l'.
    Trying pattern rule with stem `Makefile.port'.
    Trying implicit prerequisite `src/Makefile.port.y'.
    Trying pattern rule with stem `Makefile.port'.
    Trying implicit prerequisite `src/Makefile.port.w'.
    Trying pattern rule with stem `Makefile.port'.
    Trying implicit prerequisite `src/Makefile.port.w'.
    Trying pattern rule with stem `Makefile.port.c'.
    Trying implicit prerequisite `src/Makefile.port.c,v'.
    Trying pattern rule with stem `Makefile.port.c'.
    Trying implicit prerequisite `src/RCS/Makefile.port.c,v'.
    Trying pattern rule with stem `Makefile.port.c'.
    Trying implicit prerequisite `src/RCS/Makefile.port.c'.
    Trying pattern rule with stem `Makefile.port.c'.
    Trying implicit prerequisite `src/s.Makefile.port.c'.
    Trying pattern rule with stem `Makefile.port.c'.
    Trying implicit prerequisite `src/SCCS/s.Makefile.port.c'.
    Trying pattern rule with stem `Makefile.port'.
    Trying implicit prerequisite `src/Makefile.port.l'.
    Looking for a rule with intermediate file `src/Makefile.port.l'.
     Avoiding implicit rule recursion.
     Avoiding implicit rule recursion.
     Avoiding implicit rule recursion.
     Trying pattern rule with stem `Makefile.port.l'.
     Trying implicit prerequisite `src/Makefile.port.l,v'.
     Trying pattern rule with stem `Makefile.port.l'.
     Trying implicit prerequisite `src/RCS/Makefile.port.l,v'.
     Trying pattern rule with stem `Makefile.port.l'.
     Trying implicit prerequisite `src/RCS/Makefile.port.l'.
     Trying pattern rule with stem `Makefile.port.l'.
     Trying implicit prerequisite `src/s.Makefile.port.l'.
     Trying pattern rule with stem `Makefile.port.l'.
     Trying implicit prerequisite `src/SCCS/s.Makefile.port.l'.
    Trying pattern rule with stem `Makefile.port'.
    Trying implicit prerequisite `src/Makefile.port.y'.
    Looking for a rule with intermediate file `src/Makefile.port.y'.
     Avoiding implicit rule recursion.
     Avoiding implicit rule recursion.
     Avoiding implicit rule recursion.
     Trying pattern rule with stem `Makefile.port.y'.
     Trying implicit prerequisite `src/Makefile.port.y,v'.
     Trying pattern rule with stem `Makefile.port.y'.
     Trying implicit prerequisite `src/RCS/Makefile.port.y,v'.
     Trying pattern rule with stem `Makefile.port.y'.
     Trying implicit prerequisite `src/RCS/Makefile.port.y'.
     Trying pattern rule with stem `Makefile.port.y'.
     Trying implicit prerequisite `src/s.Makefile.port.y'.
     Trying pattern rule with stem `Makefile.port.y'.
     Trying implicit prerequisite `src/SCCS/s.Makefile.port.y'.
    Trying pattern rule with stem `Makefile.port'.
    Trying implicit prerequisite `src/Makefile.port.w'.
    Looking for a rule with intermediate file `src/Makefile.port.w'.
     Avoiding implicit rule recursion.
     Avoiding implicit rule recursion.
     Avoiding implicit rule recursion.
     Trying pattern rule with stem `Makefile.port.w'.
     Trying implicit prerequisite `src/Makefile.port.w,v'.
     Trying pattern rule with stem `Makefile.port.w'.
     Trying implicit prerequisite `src/RCS/Makefile.port.w,v'.
     Trying pattern rule with stem `Makefile.port.w'.
     Trying implicit prerequisite `src/RCS/Makefile.port.w'.
     Trying pattern rule with stem `Makefile.port.w'.
     Trying implicit prerequisite `src/s.Makefile.port.w'.
     Trying pattern rule with stem `Makefile.port.w'.
     Trying implicit prerequisite `src/SCCS/s.Makefile.port.w'.
    Trying pattern rule with stem `Makefile.port'.
    Rejecting impossible implicit prerequisite `src/Makefile.port.w'.
   Trying pattern rule with stem `Makefile.port'.
   Trying implicit prerequisite `src/Makefile.port.cc'.
   Looking for a rule with intermediate file `src/Makefile.port.cc'.
    Avoiding implicit rule recursion.
    Avoiding implicit rule recursion.
    Trying pattern rule with stem `Makefile.port.cc'.
    Trying implicit prerequisite `src/Makefile.port.cc,v'.
    Trying pattern rule with stem `Makefile.port.cc'.
    Trying implicit prerequisite `src/RCS/Makefile.port.cc,v'.
    Trying pattern rule with stem `Makefile.port.cc'.
    Trying implicit prerequisite `src/RCS/Makefile.port.cc'.
    Trying pattern rule with stem `Makefile.port.cc'.
    Trying implicit prerequisite `src/s.Makefile.port.cc'.
    Trying pattern rule with stem `Makefile.port.cc'.
    Trying implicit prerequisite `src/SCCS/s.Makefile.port.cc'.
   Trying pattern rule with stem `Makefile.port'.
   Trying implicit prerequisite `src/Makefile.port.C'.
   Looking for a rule with intermediate file `src/Makefile.port.C'.
    Avoiding implicit rule recursion.
    Avoiding implicit rule recursion.
    Trying pattern rule with stem `Makefile.port.C'.
    Trying implicit prerequisite `src/Makefile.port.C,v'.
    Trying pattern rule with stem `Makefile.port.C'.
    Trying implicit prerequisite `src/RCS/Makefile.port.C,v'.
    Trying pattern rule with stem `Makefile.port.C'.
    Trying implicit prerequisite `src/RCS/Makefile.port.C'.
    Trying pattern rule with stem `Makefile.port.C'.
    Trying implicit prerequisite `src/s.Makefile.port.C'.
    Trying pattern rule with stem `Makefile.port.C'.
    Trying implicit prerequisite `src/SCCS/s.Makefile.port.C'.
   Trying pattern rule with stem `Makefile.port'.
   Trying implicit prerequisite `src/Makefile.port.cpp'.
   Looking for a rule with intermediate file `src/Makefile.port.cpp'.
    Avoiding implicit rule recursion.
    Avoiding implicit rule recursion.
    Trying pattern rule with stem `Makefile.port.cpp'.
    Trying implicit prerequisite `src/Makefile.port.cpp,v'.
    Trying pattern rule with stem `Makefile.port.cpp'.
    Trying implicit prerequisite `src/RCS/Makefile.port.cpp,v'.
    Trying pattern rule with stem `Makefile.port.cpp'.
    Trying implicit prerequisite `src/RCS/Makefile.port.cpp'.
    Trying pattern rule with stem `Makefile.port.cpp'.
    Trying implicit prerequisite `src/s.Makefile.port.cpp'.
    Trying pattern rule with stem `Makefile.port.cpp'.
    Trying implicit prerequisite `src/SCCS/s.Makefile.port.cpp'.
   Trying pattern rule with stem `Makefile.port'.
   Trying implicit prerequisite `src/Makefile.port.p'.
   Looking for a rule with intermediate file `src/Makefile.port.p'.
    Avoiding implicit rule recursion.
    Avoiding implicit rule recursion.
    Trying pattern rule with stem `Makefile.port'.
    Trying implicit prerequisite `src/Makefile.port.web'.
    Trying pattern rule with stem `Makefile.port.p'.
    Trying implicit prerequisite `src/Makefile.port.p,v'.
    Trying pattern rule with stem `Makefile.port.p'.
    Trying implicit prerequisite `src/RCS/Makefile.port.p,v'.
    Trying pattern rule with stem `Makefile.port.p'.
    Trying implicit prerequisite `src/RCS/Makefile.port.p'.
    Trying pattern rule with stem `Makefile.port.p'.
    Trying implicit prerequisite `src/s.Makefile.port.p'.
    Trying pattern rule with stem `Makefile.port.p'.
    Trying implicit prerequisite `src/SCCS/s.Makefile.port.p'.
    Trying pattern rule with stem `Makefile.port'.
    Trying implicit prerequisite `src/Makefile.port.web'.
    Looking for a rule with intermediate file `src/Makefile.port.web'.
     Avoiding implicit rule recursion.
     Avoiding implicit rule recursion.
     Avoiding implicit rule recursion.
     Trying pattern rule with stem `Makefile.port.web'.
     Trying implicit prerequisite `src/Makefile.port.web,v'.
     Trying pattern rule with stem `Makefile.port.web'.
     Trying implicit prerequisite `src/RCS/Makefile.port.web,v'.
     Trying pattern rule with stem `Makefile.port.web'.
     Trying implicit prerequisite `src/RCS/Makefile.port.web'.
     Trying pattern rule with stem `Makefile.port.web'.
     Trying implicit prerequisite `src/s.Makefile.port.web'.
     Trying pattern rule with stem `Makefile.port.web'.
     Trying implicit prerequisite `src/SCCS/s.Makefile.port.web'.
   Trying pattern rule with stem `Makefile.port'.
   Trying implicit prerequisite `src/Makefile.port.f'.
   Looking for a rule with intermediate file `src/Makefile.port.f'.
    Avoiding implicit rule recursion.
    Avoiding implicit rule recursion.
    Trying pattern rule with stem `Makefile.port'.
    Trying implicit prerequisite `src/Makefile.port.F'.
    Trying pattern rule with stem `Makefile.port'.
    Trying implicit prerequisite `src/Makefile.port.r'.
    Trying pattern rule with stem `Makefile.port.f'.
    Trying implicit prerequisite `src/Makefile.port.f,v'.
    Trying pattern rule with stem `Makefile.port.f'.
    Trying implicit prerequisite `src/RCS/Makefile.port.f,v'.
    Trying pattern rule with stem `Makefile.port.f'.
    Trying implicit prerequisite `src/RCS/Makefile.port.f'.
    Trying pattern rule with stem `Makefile.port.f'.
    Trying implicit prerequisite `src/s.Makefile.port.f'.
    Trying pattern rule with stem `Makefile.port.f'.
    Trying implicit prerequisite `src/SCCS/s.Makefile.port.f'.
    Trying pattern rule with stem `Makefile.port'.
    Trying implicit prerequisite `src/Makefile.port.F'.
    Looking for a rule with intermediate file `src/Makefile.port.F'.
     Avoiding implicit rule recursion.
     Avoiding implicit rule recursion.
     Avoiding implicit rule recursion.
     Trying pattern rule with stem `Makefile.port.F'.
     Trying implicit prerequisite `src/Makefile.port.F,v'.
     Trying pattern rule with stem `Makefile.port.F'.
     Trying implicit prerequisite `src/RCS/Makefile.port.F,v'.
     Trying pattern rule with stem `Makefile.port.F'.
     Trying implicit prerequisite `src/RCS/Makefile.port.F'.
     Trying pattern rule with stem `Makefile.port.F'.
     Trying implicit prerequisite `src/s.Makefile.port.F'.
     Trying pattern rule with stem `Makefile.port.F'.
     Trying implicit prerequisite `src/SCCS/s.Makefile.port.F'.
    Trying pattern rule with stem `Makefile.port'.
    Trying implicit prerequisite `src/Makefile.port.r'.
    Looking for a rule with intermediate file `src/Makefile.port.r'.
     Avoiding implicit rule recursion.
     Avoiding implicit rule recursion.
     Avoiding implicit rule recursion.
     Trying pattern rule with stem `Makefile.port'.
     Rejecting impossible implicit prerequisite `src/Makefile.port.l'.
     Trying pattern rule with stem `Makefile.port.r'.
     Trying implicit prerequisite `src/Makefile.port.r,v'.
     Trying pattern rule with stem `Makefile.port.r'.
     Trying implicit prerequisite `src/RCS/Makefile.port.r,v'.
     Trying pattern rule with stem `Makefile.port.r'.
     Trying implicit prerequisite `src/RCS/Makefile.port.r'.
     Trying pattern rule with stem `Makefile.port.r'.
     Trying implicit prerequisite `src/s.Makefile.port.r'.
     Trying pattern rule with stem `Makefile.port.r'.
     Trying implicit prerequisite `src/SCCS/s.Makefile.port.r'.
   Trying pattern rule with stem `Makefile.port'.
   Rejecting impossible implicit prerequisite `src/Makefile.port.F'.
   Trying pattern rule with stem `Makefile.port'.
   Trying implicit prerequisite `src/Makefile.port.m'.
   Looking for a rule with intermediate file `src/Makefile.port.m'.
    Avoiding implicit rule recursion.
    Avoiding implicit rule recursion.
    Trying pattern rule with stem `Makefile.port'.
    Trying implicit prerequisite `src/Makefile.port.ym'.
    Trying pattern rule with stem `Makefile.port'.
    Trying implicit prerequisite `src/Makefile.port.lm'.
    Trying pattern rule with stem `Makefile.port.m'.
    Trying implicit prerequisite `src/Makefile.port.m,v'.
    Trying pattern rule with stem `Makefile.port.m'.
    Trying implicit prerequisite `src/RCS/Makefile.port.m,v'.
    Trying pattern rule with stem `Makefile.port.m'.
    Trying implicit prerequisite `src/RCS/Makefile.port.m'.
    Trying pattern rule with stem `Makefile.port.m'.
    Trying implicit prerequisite `src/s.Makefile.port.m'.
    Trying pattern rule with stem `Makefile.port.m'.
    Trying implicit prerequisite `src/SCCS/s.Makefile.port.m'.
    Trying pattern rule with stem `Makefile.port'.
    Trying implicit prerequisite `src/Makefile.port.ym'.
    Looking for a rule with intermediate file `src/Makefile.port.ym'.
     Avoiding implicit rule recursion.
     Avoiding implicit rule recursion.
     Avoiding implicit rule recursion.
     Trying pattern rule with stem `Makefile.port.ym'.
     Trying implicit prerequisite `src/Makefile.port.ym,v'.
     Trying pattern rule with stem `Makefile.port.ym'.
     Trying implicit prerequisite `src/RCS/Makefile.port.ym,v'.
     Trying pattern rule with stem `Makefile.port.ym'.
     Trying implicit prerequisite `src/RCS/Makefile.port.ym'.
     Trying pattern rule with stem `Makefile.port.ym'.
     Trying implicit prerequisite `src/s.Makefile.port.ym'.
     Trying pattern rule with stem `Makefile.port.ym'.
     Trying implicit prerequisite `src/SCCS/s.Makefile.port.ym'.
    Trying pattern rule with stem `Makefile.port'.
    Trying implicit prerequisite `src/Makefile.port.lm'.
    Looking for a rule with intermediate file `src/Makefile.port.lm'.
     Avoiding implicit rule recursion.
     Avoiding implicit rule recursion.
     Avoiding implicit rule recursion.
     Trying pattern rule with stem `Makefile.port.lm'.
     Trying implicit prerequisite `src/Makefile.port.lm,v'.
     Trying pattern rule with stem `Makefile.port.lm'.
     Trying implicit prerequisite `src/RCS/Makefile.port.lm,v'.
     Trying pattern rule with stem `Makefile.port.lm'.
     Trying implicit prerequisite `src/RCS/Makefile.port.lm'.
     Trying pattern rule with stem `Makefile.port.lm'.
     Trying implicit prerequisite `src/s.Makefile.port.lm'.
     Trying pattern rule with stem `Makefile.port.lm'.
     Trying implicit prerequisite `src/SCCS/s.Makefile.port.lm'.
   Trying pattern rule with stem `Makefile.port'.
   Rejecting impossible implicit prerequisite `src/Makefile.port.r'.
   Trying pattern rule with stem `Makefile.port'.
   Trying implicit prerequisite `src/Makefile.port.s'.
   Looking for a rule with intermediate file `src/Makefile.port.s'.
    Avoiding implicit rule recursion.
    Avoiding implicit rule recursion.
    Trying pattern rule with stem `Makefile.port'.
    Trying implicit prerequisite `src/Makefile.port.S'.
    Trying pattern rule with stem `Makefile.port.s'.
    Trying implicit prerequisite `src/Makefile.port.s,v'.
    Trying pattern rule with stem `Makefile.port.s'.
    Trying implicit prerequisite `src/RCS/Makefile.port.s,v'.
    Trying pattern rule with stem `Makefile.port.s'.
    Trying implicit prerequisite `src/RCS/Makefile.port.s'.
    Trying pattern rule with stem `Makefile.port.s'.
    Trying implicit prerequisite `src/s.Makefile.port.s'.
    Trying pattern rule with stem `Makefile.port.s'.
    Trying implicit prerequisite `src/SCCS/s.Makefile.port.s'.
    Trying pattern rule with stem `Makefile.port'.
    Trying implicit prerequisite `src/Makefile.port.S'.
    Looking for a rule with intermediate file `src/Makefile.port.S'.
     Avoiding implicit rule recursion.
     Avoiding implicit rule recursion.
     Avoiding implicit rule recursion.
     Trying pattern rule with stem `Makefile.port.S'.
     Trying implicit prerequisite `src/Makefile.port.S,v'.
     Trying pattern rule with stem `Makefile.port.S'.
     Trying implicit prerequisite `src/RCS/Makefile.port.S,v'.
     Trying pattern rule with stem `Makefile.port.S'.
     Trying implicit prerequisite `src/RCS/Makefile.port.S'.
     Trying pattern rule with stem `Makefile.port.S'.
     Trying implicit prerequisite `src/s.Makefile.port.S'.
     Trying pattern rule with stem `Makefile.port.S'.
     Trying implicit prerequisite `src/SCCS/s.Makefile.port.S'.
   Trying pattern rule with stem `Makefile.port'.
   Rejecting impossible implicit prerequisite `src/Makefile.port.S'.
   Trying pattern rule with stem `Makefile.port'.
   Trying implicit prerequisite `src/Makefile.port.mod'.
   Looking for a rule with intermediate file `src/Makefile.port.mod'.
    Avoiding implicit rule recursion.
    Avoiding implicit rule recursion.
    Trying pattern rule with stem `Makefile.port.mod'.
    Trying implicit prerequisite `src/Makefile.port.mod,v'.
    Trying pattern rule with stem `Makefile.port.mod'.
    Trying implicit prerequisite `src/RCS/Makefile.port.mod,v'.
    Trying pattern rule with stem `Makefile.port.mod'.
    Trying implicit prerequisite `src/RCS/Makefile.port.mod'.
    Trying pattern rule with stem `Makefile.port.mod'.
    Trying implicit prerequisite `src/s.Makefile.port.mod'.
    Trying pattern rule with stem `Makefile.port.mod'.
    Trying implicit prerequisite `src/SCCS/s.Makefile.port.mod'.
  Trying pattern rule with stem `Makefile.port'.
  Rejecting impossible implicit prerequisite `src/Makefile.port.cc'.
  Trying pattern rule with stem `Makefile.port'.
  Rejecting impossible implicit prerequisite `src/Makefile.port.C'.
  Trying pattern rule with stem `Makefile.port'.
  Rejecting impossible implicit prerequisite `src/Makefile.port.cpp'.
  Trying pattern rule with stem `Makefile.port'.
  Rejecting impossible implicit prerequisite `src/Makefile.port.p'.
  Trying pattern rule with stem `Makefile.port'.
  Rejecting impossible implicit prerequisite `src/Makefile.port.f'.
  Trying pattern rule with stem `Makefile.port'.
  Rejecting impossible implicit prerequisite `src/Makefile.port.F'.
  Trying pattern rule with stem `Makefile.port'.
  Rejecting impossible implicit prerequisite `src/Makefile.port.m'.
  Trying pattern rule with stem `Makefile.port'.
  Rejecting impossible implicit prerequisite `src/Makefile.port.r'.
  Trying pattern rule with stem `Makefile.port'.
  Rejecting impossible implicit prerequisite `src/Makefile.port.s'.
  Trying pattern rule with stem `Makefile.port'.
  Rejecting impossible implicit prerequisite `src/Makefile.port.S'.
  Trying pattern rule with stem `Makefile.port'.
  Rejecting impossible implicit prerequisite `src/Makefile.port.mod'.
  Trying pattern rule with stem `Makefile.port'.
  Trying implicit prerequisite `src/Makefile.port.sh'.
  Looking for a rule with intermediate file `src/Makefile.port.sh'.
   Avoiding implicit rule recursion.
   Trying pattern rule with stem `Makefile.port.sh'.
   Trying implicit prerequisite `src/Makefile.port.sh,v'.
   Trying pattern rule with stem `Makefile.port.sh'.
   Trying implicit prerequisite `src/RCS/Makefile.port.sh,v'.
   Trying pattern rule with stem `Makefile.port.sh'.
   Trying implicit prerequisite `src/RCS/Makefile.port.sh'.
   Trying pattern rule with stem `Makefile.port.sh'.
   Trying implicit prerequisite `src/s.Makefile.port.sh'.
   Trying pattern rule with stem `Makefile.port.sh'.
   Trying implicit prerequisite `src/SCCS/s.Makefile.port.sh'.
  No implicit rule found for `src/Makefile.port'.
  Finished prerequisites of target file `src/Makefile.port'.
 No need to remake target `src/Makefile.port'.
 Considering target file `src/Makefile.global'.
   Considering target file `src/Makefile.global.in'.
    Looking for an implicit rule for `src/Makefile.global.in'.
    Trying pattern rule with stem `Makefile.global.in'.
    Trying implicit prerequisite `src/Makefile.global.in.o'.
    Trying pattern rule with stem `Makefile.global.in'.
    Trying implicit prerequisite `src/Makefile.global.in.cc'.
    Trying pattern rule with stem `Makefile.global.in'.
    Trying implicit prerequisite `src/Makefile.global.in.C'.
    Trying pattern rule with stem `Makefile.global.in'.
    Trying implicit prerequisite `src/Makefile.global.in.cpp'.
    Trying pattern rule with stem `Makefile.global.in'.
    Trying implicit prerequisite `src/Makefile.global.in.p'.
    Trying pattern rule with stem `Makefile.global.in'.
    Trying implicit prerequisite `src/Makefile.global.in.f'.
    Trying pattern rule with stem `Makefile.global.in'.
    Trying implicit prerequisite `src/Makefile.global.in.F'.
    Trying pattern rule with stem `Makefile.global.in'.
    Trying implicit prerequisite `src/Makefile.global.in.m'.
    Trying pattern rule with stem `Makefile.global.in'.
    Trying implicit prerequisite `src/Makefile.global.in.r'.
    Trying pattern rule with stem `Makefile.global.in'.
    Trying implicit prerequisite `src/Makefile.global.in.s'.
    Trying pattern rule with stem `Makefile.global.in'.
    Trying implicit prerequisite `src/Makefile.global.in.S'.
    Trying pattern rule with stem `Makefile.global.in'.
    Trying implicit prerequisite `src/Makefile.global.in.mod'.
    Trying pattern rule with stem `Makefile.global.in'.
    Trying implicit prerequisite `src/Makefile.global.in.sh'.
    Trying pattern rule with stem `Makefile.global.in'.
    Trying implicit prerequisite `src/Makefile.global.in,v'.
    Trying pattern rule with stem `Makefile.global.in'.
    Trying implicit prerequisite `src/RCS/Makefile.global.in,v'.
    Trying pattern rule with stem `Makefile.global.in'.
    Trying implicit prerequisite `src/RCS/Makefile.global.in'.
    Trying pattern rule with stem `Makefile.global.in'.
    Trying implicit prerequisite `src/s.Makefile.global.in'.
    Trying pattern rule with stem `Makefile.global.in'.
    Trying implicit prerequisite `src/SCCS/s.Makefile.global.in'.
    Trying pattern rule with stem `Makefile.global.in'.
    Trying implicit prerequisite `src/Makefile.global.in.o'.
    Looking for a rule with intermediate file `src/Makefile.global.in.o'.
     Avoiding implicit rule recursion.
     Trying pattern rule with stem `Makefile.global.in'.
     Trying implicit prerequisite `src/Makefile.global.in.c'.
     Trying pattern rule with stem `Makefile.global.in'.
     Trying implicit prerequisite `src/Makefile.global.in.cc'.
     Trying pattern rule with stem `Makefile.global.in'.
     Trying implicit prerequisite `src/Makefile.global.in.C'.
     Trying pattern rule with stem `Makefile.global.in'.
     Trying implicit prerequisite `src/Makefile.global.in.cpp'.
     Trying pattern rule with stem `Makefile.global.in'.
     Trying implicit prerequisite `src/Makefile.global.in.p'.
     Trying pattern rule with stem `Makefile.global.in'.
     Trying implicit prerequisite `src/Makefile.global.in.f'.
     Trying pattern rule with stem `Makefile.global.in'.
     Trying implicit prerequisite `src/Makefile.global.in.F'.
     Trying pattern rule with stem `Makefile.global.in'.
     Trying implicit prerequisite `src/Makefile.global.in.m'.
     Trying pattern rule with stem `Makefile.global.in'.
     Trying implicit prerequisite `src/Makefile.global.in.r'.
     Trying pattern rule with stem `Makefile.global.in'.
     Trying implicit prerequisite `src/Makefile.global.in.s'.
     Trying pattern rule with stem `Makefile.global.in'.
     Trying implicit prerequisite `src/Makefile.global.in.S'.
     Trying pattern rule with stem `Makefile.global.in'.
     Trying implicit prerequisite `src/Makefile.global.in.mod'.
     Trying pattern rule with stem `Makefile.global.in.o'.
     Trying implicit prerequisite `src/Makefile.global.in.o,v'.
     Trying pattern rule with stem `Makefile.global.in.o'.
     Trying implicit prerequisite `src/RCS/Makefile.global.in.o,v'.
     Trying pattern rule with stem `Makefile.global.in.o'.
     Trying implicit prerequisite `src/RCS/Makefile.global.in.o'.
     Trying pattern rule with stem `Makefile.global.in.o'.
     Trying implicit prerequisite `src/s.Makefile.global.in.o'.
     Trying pattern rule with stem `Makefile.global.in.o'.
     Trying implicit prerequisite `src/SCCS/s.Makefile.global.in.o'.
     Trying pattern rule with stem `Makefile.global.in'.
     Trying implicit prerequisite `src/Makefile.global.in.c'.
     Looking for a rule with intermediate file `src/Makefile.global.in.c'.
      Avoiding implicit rule recursion.
      Avoiding implicit rule recursion.
      Trying pattern rule with stem `Makefile.global.in'.
      Trying implicit prerequisite `src/Makefile.global.in.l'.
      Trying pattern rule with stem `Makefile.global.in'.
      Trying implicit prerequisite `src/Makefile.global.in.y'.
      Trying pattern rule with stem `Makefile.global.in'.
      Trying implicit prerequisite `src/Makefile.global.in.w'.
      Trying pattern rule with stem `Makefile.global.in'.
      Trying implicit prerequisite `src/Makefile.global.in.w'.
      Trying pattern rule with stem `Makefile.global.in.c'.
      Trying implicit prerequisite `src/Makefile.global.in.c,v'.
      Trying pattern rule with stem `Makefile.global.in.c'.
      Trying implicit prerequisite `src/RCS/Makefile.global.in.c,v'.
      Trying pattern rule with stem `Makefile.global.in.c'.
      Trying implicit prerequisite `src/RCS/Makefile.global.in.c'.
      Trying pattern rule with stem `Makefile.global.in.c'.
      Trying implicit prerequisite `src/s.Makefile.global.in.c'.
      Trying pattern rule with stem `Makefile.global.in.c'.
      Trying implicit prerequisite `src/SCCS/s.Makefile.global.in.c'.
      Trying pattern rule with stem `Makefile.global.in'.
      Trying implicit prerequisite `src/Makefile.global.in.l'.
      Looking for a rule with intermediate file `src/Makefile.global.in.l'.
       Avoiding implicit rule recursion.
       Avoiding implicit rule recursion.
       Avoiding implicit rule recursion.
       Trying pattern rule with stem `Makefile.global.in.l'.
       Trying implicit prerequisite `src/Makefile.global.in.l,v'.
       Trying pattern rule with stem `Makefile.global.in.l'.
       Trying implicit prerequisite `src/RCS/Makefile.global.in.l,v'.
       Trying pattern rule with stem `Makefile.global.in.l'.
       Trying implicit prerequisite `src/RCS/Makefile.global.in.l'.
       Trying pattern rule with stem `Makefile.global.in.l'.
       Trying implicit prerequisite `src/s.Makefile.global.in.l'.
       Trying pattern rule with stem `Makefile.global.in.l'.
       Trying implicit prerequisite `src/SCCS/s.Makefile.global.in.l'.
      Trying pattern rule with stem `Makefile.global.in'.
      Trying implicit prerequisite `src/Makefile.global.in.y'.
      Looking for a rule with intermediate file `src/Makefile.global.in.y'.
       Avoiding implicit rule recursion.
       Avoiding implicit rule recursion.
       Avoiding implicit rule recursion.
       Trying pattern rule with stem `Makefile.global.in.y'.
       Trying implicit prerequisite `src/Makefile.global.in.y,v'.
       Trying pattern rule with stem `Makefile.global.in.y'.
       Trying implicit prerequisite `src/RCS/Makefile.global.in.y,v'.
       Trying pattern rule with stem `Makefile.global.in.y'.
       Trying implicit prerequisite `src/RCS/Makefile.global.in.y'.
       Trying pattern rule with stem `Makefile.global.in.y'.
       Trying implicit prerequisite `src/s.Makefile.global.in.y'.
       Trying pattern rule with stem `Makefile.global.in.y'.
       Trying implicit prerequisite `src/SCCS/s.Makefile.global.in.y'.
      Trying pattern rule with stem `Makefile.global.in'.
      Trying implicit prerequisite `src/Makefile.global.in.w'.
      Looking for a rule with intermediate file `src/Makefile.global.in.w'.
       Avoiding implicit rule recursion.
       Avoiding implicit rule recursion.
       Avoiding implicit rule recursion.
       Trying pattern rule with stem `Makefile.global.in.w'.
       Trying implicit prerequisite `src/Makefile.global.in.w,v'.
       Trying pattern rule with stem `Makefile.global.in.w'.
       Trying implicit prerequisite `src/RCS/Makefile.global.in.w,v'.
       Trying pattern rule with stem `Makefile.global.in.w'.
       Trying implicit prerequisite `src/RCS/Makefile.global.in.w'.
       Trying pattern rule with stem `Makefile.global.in.w'.
       Trying implicit prerequisite `src/s.Makefile.global.in.w'.
       Trying pattern rule with stem `Makefile.global.in.w'.
       Trying implicit prerequisite `src/SCCS/s.Makefile.global.in.w'.
      Trying pattern rule with stem `Makefile.global.in'.
      Rejecting impossible implicit prerequisite `src/Makefile.global.in.w'.
     Trying pattern rule with stem `Makefile.global.in'.
     Trying implicit prerequisite `src/Makefile.global.in.cc'.
     Looking for a rule with intermediate file `src/Makefile.global.in.cc'.
      Avoiding implicit rule recursion.
      Avoiding implicit rule recursion.
      Trying pattern rule with stem `Makefile.global.in.cc'.
      Trying implicit prerequisite `src/Makefile.global.in.cc,v'.
      Trying pattern rule with stem `Makefile.global.in.cc'.
      Trying implicit prerequisite `src/RCS/Makefile.global.in.cc,v'.
      Trying pattern rule with stem `Makefile.global.in.cc'.
      Trying implicit prerequisite `src/RCS/Makefile.global.in.cc'.
      Trying pattern rule with stem `Makefile.global.in.cc'.
      Trying implicit prerequisite `src/s.Makefile.global.in.cc'.
      Trying pattern rule with stem `Makefile.global.in.cc'.
      Trying implicit prerequisite `src/SCCS/s.Makefile.global.in.cc'.
     Trying pattern rule with stem `Makefile.global.in'.
     Trying implicit prerequisite `src/Makefile.global.in.C'.
     Looking for a rule with intermediate file `src/Makefile.global.in.C'.
      Avoiding implicit rule recursion.
      Avoiding implicit rule recursion.
      Trying pattern rule with stem `Makefile.global.in.C'.
      Trying implicit prerequisite `src/Makefile.global.in.C,v'.
      Trying pattern rule with stem `Makefile.global.in.C'.
      Trying implicit prerequisite `src/RCS/Makefile.global.in.C,v'.
      Trying pattern rule with stem `Makefile.global.in.C'.
      Trying implicit prerequisite `src/RCS/Makefile.global.in.C'.
      Trying pattern rule with stem `Makefile.global.in.C'.
      Trying implicit prerequisite `src/s.Makefile.global.in.C'.
      Trying pattern rule with stem `Makefile.global.in.C'.
      Trying implicit prerequisite `src/SCCS/s.Makefile.global.in.C'.
     Trying pattern rule with stem `Makefile.global.in'.
     Trying implicit prerequisite `src/Makefile.global.in.cpp'.
     Looking for a rule with intermediate file `src/Makefile.global.in.cpp'.
      Avoiding implicit rule recursion.
      Avoiding implicit rule recursion.
      Trying pattern rule with stem `Makefile.global.in.cpp'.
      Trying implicit prerequisite `src/Makefile.global.in.cpp,v'.
      Trying pattern rule with stem `Makefile.global.in.cpp'.
      Trying implicit prerequisite `src/RCS/Makefile.global.in.cpp,v'.
      Trying pattern rule with stem `Makefile.global.in.cpp'.
      Trying implicit prerequisite `src/RCS/Makefile.global.in.cpp'.
      Trying pattern rule with stem `Makefile.global.in.cpp'.
      Trying implicit prerequisite `src/s.Makefile.global.in.cpp'.
      Trying pattern rule with stem `Makefile.global.in.cpp'.
      Trying implicit prerequisite `src/SCCS/s.Makefile.global.in.cpp'.
     Trying pattern rule with stem `Makefile.global.in'.
     Trying implicit prerequisite `src/Makefile.global.in.p'.
     Looking for a rule with intermediate file `src/Makefile.global.in.p'.
      Avoiding implicit rule recursion.
      Avoiding implicit rule recursion.
      Trying pattern rule with stem `Makefile.global.in'.
      Trying implicit prerequisite `src/Makefile.global.in.web'.
      Trying pattern rule with stem `Makefile.global.in.p'.
      Trying implicit prerequisite `src/Makefile.global.in.p,v'.
      Trying pattern rule with stem `Makefile.global.in.p'.
      Trying implicit prerequisite `src/RCS/Makefile.global.in.p,v'.
      Trying pattern rule with stem `Makefile.global.in.p'.
      Trying implicit prerequisite `src/RCS/Makefile.global.in.p'.
      Trying pattern rule with stem `Makefile.global.in.p'.
      Trying implicit prerequisite `src/s.Makefile.global.in.p'.
      Trying pattern rule with stem `Makefile.global.in.p'.
      Trying implicit prerequisite `src/SCCS/s.Makefile.global.in.p'.
      Trying pattern rule with stem `Makefile.global.in'.
      Trying implicit prerequisite `src/Makefile.global.in.web'.
      Looking for a rule with intermediate file `src/Makefile.global.in.web'.
       Avoiding implicit rule recursion.
       Avoiding implicit rule recursion.
       Avoiding implicit rule recursion.
       Trying pattern rule with stem `Makefile.global.in.web'.
       Trying implicit prerequisite `src/Makefile.global.in.web,v'.
       Trying pattern rule with stem `Makefile.global.in.web'.
       Trying implicit prerequisite `src/RCS/Makefile.global.in.web,v'.
       Trying pattern rule with stem `Makefile.global.in.web'.
       Trying implicit prerequisite `src/RCS/Makefile.global.in.web'.
       Trying pattern rule with stem `Makefile.global.in.web'.
       Trying implicit prerequisite `src/s.Makefile.global.in.web'.
       Trying pattern rule with stem `Makefile.global.in.web'.
       Trying implicit prerequisite `src/SCCS/s.Makefile.global.in.web'.
     Trying pattern rule with stem `Makefile.global.in'.
     Trying implicit prerequisite `src/Makefile.global.in.f'.
     Looking for a rule with intermediate file `src/Makefile.global.in.f'.
      Avoiding implicit rule recursion.
      Avoiding implicit rule recursion.
      Trying pattern rule with stem `Makefile.global.in'.
      Trying implicit prerequisite `src/Makefile.global.in.F'.
      Trying pattern rule with stem `Makefile.global.in'.
      Trying implicit prerequisite `src/Makefile.global.in.r'.
      Trying pattern rule with stem `Makefile.global.in.f'.
      Trying implicit prerequisite `src/Makefile.global.in.f,v'.
      Trying pattern rule with stem `Makefile.global.in.f'.
      Trying implicit prerequisite `src/RCS/Makefile.global.in.f,v'.
      Trying pattern rule with stem `Makefile.global.in.f'.
      Trying implicit prerequisite `src/RCS/Makefile.global.in.f'.
      Trying pattern rule with stem `Makefile.global.in.f'.
      Trying implicit prerequisite `src/s.Makefile.global.in.f'.
      Trying pattern rule with stem `Makefile.global.in.f'.
      Trying implicit prerequisite `src/SCCS/s.Makefile.global.in.f'.
      Trying pattern rule with stem `Makefile.global.in'.
      Trying implicit prerequisite `src/Makefile.global.in.F'.
      Looking for a rule with intermediate file `src/Makefile.global.in.F'.
       Avoiding implicit rule recursion.
       Avoiding implicit rule recursion.
       Avoiding implicit rule recursion.
       Trying pattern rule with stem `Makefile.global.in.F'.
       Trying implicit prerequisite `src/Makefile.global.in.F,v'.
       Trying pattern rule with stem `Makefile.global.in.F'.
       Trying implicit prerequisite `src/RCS/Makefile.global.in.F,v'.
       Trying pattern rule with stem `Makefile.global.in.F'.
       Trying implicit prerequisite `src/RCS/Makefile.global.in.F'.
       Trying pattern rule with stem `Makefile.global.in.F'.
       Trying implicit prerequisite `src/s.Makefile.global.in.F'.
       Trying pattern rule with stem `Makefile.global.in.F'.
       Trying implicit prerequisite `src/SCCS/s.Makefile.global.in.F'.
      Trying pattern rule with stem `Makefile.global.in'.
      Trying implicit prerequisite `src/Makefile.global.in.r'.
      Looking for a rule with intermediate file `src/Makefile.global.in.r'.
       Avoiding implicit rule recursion.
       Avoiding implicit rule recursion.
       Avoiding implicit rule recursion.
       Trying pattern rule with stem `Makefile.global.in'.
       Rejecting impossible implicit prerequisite `src/Makefile.global.in.l'.
       Trying pattern rule with stem `Makefile.global.in.r'.
       Trying implicit prerequisite `src/Makefile.global.in.r,v'.
       Trying pattern rule with stem `Makefile.global.in.r'.
       Trying implicit prerequisite `src/RCS/Makefile.global.in.r,v'.
       Trying pattern rule with stem `Makefile.global.in.r'.
       Trying implicit prerequisite `src/RCS/Makefile.global.in.r'.
       Trying pattern rule with stem `Makefile.global.in.r'.
       Trying implicit prerequisite `src/s.Makefile.global.in.r'.
       Trying pattern rule with stem `Makefile.global.in.r'.
       Trying implicit prerequisite `src/SCCS/s.Makefile.global.in.r'.
     Trying pattern rule with stem `Makefile.global.in'.
     Rejecting impossible implicit prerequisite `src/Makefile.global.in.F'.
     Trying pattern rule with stem `Makefile.global.in'.
     Trying implicit prerequisite `src/Makefile.global.in.m'.
     Looking for a rule with intermediate file `src/Makefile.global.in.m'.
      Avoiding implicit rule recursion.
      Avoiding implicit rule recursion.
      Trying pattern rule with stem `Makefile.global.in'.
      Trying implicit prerequisite `src/Makefile.global.in.ym'.
      Trying pattern rule with stem `Makefile.global.in'.
      Trying implicit prerequisite `src/Makefile.global.in.lm'.
      Trying pattern rule with stem `Makefile.global.in.m'.
      Trying implicit prerequisite `src/Makefile.global.in.m,v'.
      Trying pattern rule with stem `Makefile.global.in.m'.
      Trying implicit prerequisite `src/RCS/Makefile.global.in.m,v'.
      Trying pattern rule with stem `Makefile.global.in.m'.
      Trying implicit prerequisite `src/RCS/Makefile.global.in.m'.
      Trying pattern rule with stem `Makefile.global.in.m'.
      Trying implicit prerequisite `src/s.Makefile.global.in.m'.
      Trying pattern rule with stem `Makefile.global.in.m'.
      Trying implicit prerequisite `src/SCCS/s.Makefile.global.in.m'.
      Trying pattern rule with stem `Makefile.global.in'.
      Trying implicit prerequisite `src/Makefile.global.in.ym'.
      Looking for a rule with intermediate file `src/Makefile.global.in.ym'.
       Avoiding implicit rule recursion.
       Avoiding implicit rule recursion.
       Avoiding implicit rule recursion.
       Trying pattern rule with stem `Makefile.global.in.ym'.
       Trying implicit prerequisite `src/Makefile.global.in.ym,v'.
       Trying pattern rule with stem `Makefile.global.in.ym'.
       Trying implicit prerequisite `src/RCS/Makefile.global.in.ym,v'.
       Trying pattern rule with stem `Makefile.global.in.ym'.
       Trying implicit prerequisite `src/RCS/Makefile.global.in.ym'.
       Trying pattern rule with stem `Makefile.global.in.ym'.
       Trying implicit prerequisite `src/s.Makefile.global.in.ym'.
       Trying pattern rule with stem `Makefile.global.in.ym'.
       Trying implicit prerequisite `src/SCCS/s.Makefile.global.in.ym'.
      Trying pattern rule with stem `Makefile.global.in'.
      Trying implicit prerequisite `src/Makefile.global.in.lm'.
      Looking for a rule with intermediate file `src/Makefile.global.in.lm'.
       Avoiding implicit rule recursion.
       Avoiding implicit rule recursion.
       Avoiding implicit rule recursion.
       Trying pattern rule with stem `Makefile.global.in.lm'.
       Trying implicit prerequisite `src/Makefile.global.in.lm,v'.
       Trying pattern rule with stem `Makefile.global.in.lm'.
       Trying implicit prerequisite `src/RCS/Makefile.global.in.lm,v'.
       Trying pattern rule with stem `Makefile.global.in.lm'.
       Trying implicit prerequisite `src/RCS/Makefile.global.in.lm'.
       Trying pattern rule with stem `Makefile.global.in.lm'.
       Trying implicit prerequisite `src/s.Makefile.global.in.lm'.
       Trying pattern rule with stem `Makefile.global.in.lm'.
       Trying implicit prerequisite `src/SCCS/s.Makefile.global.in.lm'.
     Trying pattern rule with stem `Makefile.global.in'.
     Rejecting impossible implicit prerequisite `src/Makefile.global.in.r'.
     Trying pattern rule with stem `Makefile.global.in'.
     Trying implicit prerequisite `src/Makefile.global.in.s'.
     Looking for a rule with intermediate file `src/Makefile.global.in.s'.
      Avoiding implicit rule recursion.
      Avoiding implicit rule recursion.
      Trying pattern rule with stem `Makefile.global.in'.
      Trying implicit prerequisite `src/Makefile.global.in.S'.
      Trying pattern rule with stem `Makefile.global.in.s'.
      Trying implicit prerequisite `src/Makefile.global.in.s,v'.
      Trying pattern rule with stem `Makefile.global.in.s'.
      Trying implicit prerequisite `src/RCS/Makefile.global.in.s,v'.
      Trying pattern rule with stem `Makefile.global.in.s'.
      Trying implicit prerequisite `src/RCS/Makefile.global.in.s'.
      Trying pattern rule with stem `Makefile.global.in.s'.
      Trying implicit prerequisite `src/s.Makefile.global.in.s'.
      Trying pattern rule with stem `Makefile.global.in.s'.
      Trying implicit prerequisite `src/SCCS/s.Makefile.global.in.s'.
      Trying pattern rule with stem `Makefile.global.in'.
      Trying implicit prerequisite `src/Makefile.global.in.S'.
      Looking for a rule with intermediate file `src/Makefile.global.in.S'.
       Avoiding implicit rule recursion.
       Avoiding implicit rule recursion.
       Avoiding implicit rule recursion.
       Trying pattern rule with stem `Makefile.global.in.S'.
       Trying implicit prerequisite `src/Makefile.global.in.S,v'.
       Trying pattern rule with stem `Makefile.global.in.S'.
       Trying implicit prerequisite `src/RCS/Makefile.global.in.S,v'.
       Trying pattern rule with stem `Makefile.global.in.S'.
       Trying implicit prerequisite `src/RCS/Makefile.global.in.S'.
       Trying pattern rule with stem `Makefile.global.in.S'.
       Trying implicit prerequisite `src/s.Makefile.global.in.S'.
       Trying pattern rule with stem `Makefile.global.in.S'.
       Trying implicit prerequisite `src/SCCS/s.Makefile.global.in.S'.
     Trying pattern rule with stem `Makefile.global.in'.
     Rejecting impossible implicit prerequisite `src/Makefile.global.in.S'.
     Trying pattern rule with stem `Makefile.global.in'.
     Trying implicit prerequisite `src/Makefile.global.in.mod'.
     Looking for a rule with intermediate file `src/Makefile.global.in.mod'.
      Avoiding implicit rule recursion.
      Avoiding implicit rule recursion.
      Trying pattern rule with stem `Makefile.global.in.mod'.
      Trying implicit prerequisite `src/Makefile.global.in.mod,v'.
      Trying pattern rule with stem `Makefile.global.in.mod'.
      Trying implicit prerequisite `src/RCS/Makefile.global.in.mod,v'.
      Trying pattern rule with stem `Makefile.global.in.mod'.
      Trying implicit prerequisite `src/RCS/Makefile.global.in.mod'.
      Trying pattern rule with stem `Makefile.global.in.mod'.
      Trying implicit prerequisite `src/s.Makefile.global.in.mod'.
      Trying pattern rule with stem `Makefile.global.in.mod'.
      Trying implicit prerequisite `src/SCCS/s.Makefile.global.in.mod'.
    Trying pattern rule with stem `Makefile.global.in'.
    Rejecting impossible implicit prerequisite `src/Makefile.global.in.cc'.
    Trying pattern rule with stem `Makefile.global.in'.
    Rejecting impossible implicit prerequisite `src/Makefile.global.in.C'.
    Trying pattern rule with stem `Makefile.global.in'.
    Rejecting impossible implicit prerequisite `src/Makefile.global.in.cpp'.
    Trying pattern rule with stem `Makefile.global.in'.
    Rejecting impossible implicit prerequisite `src/Makefile.global.in.p'.
    Trying pattern rule with stem `Makefile.global.in'.
    Rejecting impossible implicit prerequisite `src/Makefile.global.in.f'.
    Trying pattern rule with stem `Makefile.global.in'.
    Rejecting impossible implicit prerequisite `src/Makefile.global.in.F'.
    Trying pattern rule with stem `Makefile.global.in'.
    Rejecting impossible implicit prerequisite `src/Makefile.global.in.m'.
    Trying pattern rule with stem `Makefile.global.in'.
    Rejecting impossible implicit prerequisite `src/Makefile.global.in.r'.
    Trying pattern rule with stem `Makefile.global.in'.
    Rejecting impossible implicit prerequisite `src/Makefile.global.in.s'.
    Trying pattern rule with stem `Makefile.global.in'.
    Rejecting impossible implicit prerequisite `src/Makefile.global.in.S'.
    Trying pattern rule with stem `Makefile.global.in'.
    Rejecting impossible implicit prerequisite `src/Makefile.global.in.mod'.
    Trying pattern rule with stem `Makefile.global.in'.
    Trying implicit prerequisite `src/Makefile.global.in.sh'.
    Looking for a rule with intermediate file `src/Makefile.global.in.sh'.
     Avoiding implicit rule recursion.
     Trying pattern rule with stem `Makefile.global.in.sh'.
     Trying implicit prerequisite `src/Makefile.global.in.sh,v'.
     Trying pattern rule with stem `Makefile.global.in.sh'.
     Trying implicit prerequisite `src/RCS/Makefile.global.in.sh,v'.
     Trying pattern rule with stem `Makefile.global.in.sh'.
     Trying implicit prerequisite `src/RCS/Makefile.global.in.sh'.
     Trying pattern rule with stem `Makefile.global.in.sh'.
     Trying implicit prerequisite `src/s.Makefile.global.in.sh'.
     Trying pattern rule with stem `Makefile.global.in.sh'.
     Trying implicit prerequisite `src/SCCS/s.Makefile.global.in.sh'.
    No implicit rule found for `src/Makefile.global.in'.
    Finished prerequisites of target file `src/Makefile.global.in'.
   No need to remake target `src/Makefile.global.in'.
   Considering target file `config.status'.
     Considering target file `configure'.
      Looking for an implicit rule for `configure'.
      Trying pattern rule with stem `configure'.
      Trying implicit prerequisite `configure.o'.
      Trying pattern rule with stem `configure'.
      Trying implicit prerequisite `configure.cc'.
      Trying pattern rule with stem `configure'.
      Trying implicit prerequisite `configure.C'.
      Trying pattern rule with stem `configure'.
      Trying implicit prerequisite `configure.cpp'.
      Trying pattern rule with stem `configure'.
      Trying implicit prerequisite `configure.p'.
      Trying pattern rule with stem `configure'.
      Trying implicit prerequisite `configure.f'.
      Trying pattern rule with stem `configure'.
      Trying implicit prerequisite `configure.F'.
      Trying pattern rule with stem `configure'.
      Trying implicit prerequisite `configure.m'.
      Trying pattern rule with stem `configure'.
      Trying implicit prerequisite `configure.r'.
      Trying pattern rule with stem `configure'.
      Trying implicit prerequisite `configure.s'.
      Trying pattern rule with stem `configure'.
      Trying implicit prerequisite `configure.S'.
      Trying pattern rule with stem `configure'.
      Trying implicit prerequisite `configure.mod'.
      Trying pattern rule with stem `configure'.
      Trying implicit prerequisite `configure.sh'.
      Trying pattern rule with stem `configure'.
      Trying implicit prerequisite `configure,v'.
      Trying pattern rule with stem `configure'.
      Trying implicit prerequisite `RCS/configure,v'.
      Trying pattern rule with stem `configure'.
      Trying implicit prerequisite `RCS/configure'.
      Trying pattern rule with stem `configure'.
      Trying implicit prerequisite `s.configure'.
      Trying pattern rule with stem `configure'.
      Trying implicit prerequisite `SCCS/s.configure'.
      Trying pattern rule with stem `configure'.
      Trying implicit prerequisite `configure.o'.
      Looking for a rule with intermediate file `configure.o'.
       Avoiding implicit rule recursion.
       Trying pattern rule with stem `configure'.
       Trying implicit prerequisite `configure.c'.
       Trying pattern rule with stem `configure'.
       Trying implicit prerequisite `configure.cc'.
       Trying pattern rule with stem `configure'.
       Trying implicit prerequisite `configure.C'.
       Trying pattern rule with stem `configure'.
       Trying implicit prerequisite `configure.cpp'.
       Trying pattern rule with stem `configure'.
       Trying implicit prerequisite `configure.p'.
       Trying pattern rule with stem `configure'.
       Trying implicit prerequisite `configure.f'.
       Trying pattern rule with stem `configure'.
       Trying implicit prerequisite `configure.F'.
       Trying pattern rule with stem `configure'.
       Trying implicit prerequisite `configure.m'.
       Trying pattern rule with stem `configure'.
       Trying implicit prerequisite `configure.r'.
       Trying pattern rule with stem `configure'.
       Trying implicit prerequisite `configure.s'.
       Trying pattern rule with stem `configure'.
       Trying implicit prerequisite `configure.S'.
       Trying pattern rule with stem `configure'.
       Trying implicit prerequisite `configure.mod'.
       Trying pattern rule with stem `configure.o'.
       Trying implicit prerequisite `configure.o,v'.
       Trying pattern rule with stem `configure.o'.
       Trying implicit prerequisite `RCS/configure.o,v'.
       Trying pattern rule with stem `configure.o'.
       Trying implicit prerequisite `RCS/configure.o'.
       Trying pattern rule with stem `configure.o'.
       Trying implicit prerequisite `s.configure.o'.
       Trying pattern rule with stem `configure.o'.
       Trying implicit prerequisite `SCCS/s.configure.o'.
       Trying pattern rule with stem `configure'.
       Trying implicit prerequisite `configure.c'.
       Looking for a rule with intermediate file `configure.c'.
        Avoiding implicit rule recursion.
        Avoiding implicit rule recursion.
        Trying pattern rule with stem `configure'.
        Trying implicit prerequisite `configure.l'.
        Trying pattern rule with stem `configure'.
        Trying implicit prerequisite `configure.y'.
        Trying pattern rule with stem `configure'.
        Trying implicit prerequisite `configure.w'.
        Trying pattern rule with stem `configure'.
        Trying implicit prerequisite `configure.w'.
        Trying pattern rule with stem `configure.c'.
        Trying implicit prerequisite `configure.c,v'.
        Trying pattern rule with stem `configure.c'.
        Trying implicit prerequisite `RCS/configure.c,v'.
        Trying pattern rule with stem `configure.c'.
        Trying implicit prerequisite `RCS/configure.c'.
        Trying pattern rule with stem `configure.c'.
        Trying implicit prerequisite `s.configure.c'.
        Trying pattern rule with stem `configure.c'.
        Trying implicit prerequisite `SCCS/s.configure.c'.
        Trying pattern rule with stem `configure'.
        Trying implicit prerequisite `configure.l'.
        Looking for a rule with intermediate file `configure.l'.
         Avoiding implicit rule recursion.
         Avoiding implicit rule recursion.
         Avoiding implicit rule recursion.
         Trying pattern rule with stem `configure.l'.
         Trying implicit prerequisite `configure.l,v'.
         Trying pattern rule with stem `configure.l'.
         Trying implicit prerequisite `RCS/configure.l,v'.
         Trying pattern rule with stem `configure.l'.
         Trying implicit prerequisite `RCS/configure.l'.
         Trying pattern rule with stem `configure.l'.
         Trying implicit prerequisite `s.configure.l'.
         Trying pattern rule with stem `configure.l'.
         Trying implicit prerequisite `SCCS/s.configure.l'.
        Trying pattern rule with stem `configure'.
        Trying implicit prerequisite `configure.y'.
        Looking for a rule with intermediate file `configure.y'.
         Avoiding implicit rule recursion.
         Avoiding implicit rule recursion.
         Avoiding implicit rule recursion.
         Trying pattern rule with stem `configure.y'.
         Trying implicit prerequisite `configure.y,v'.
         Trying pattern rule with stem `configure.y'.
         Trying implicit prerequisite `RCS/configure.y,v'.
         Trying pattern rule with stem `configure.y'.
         Trying implicit prerequisite `RCS/configure.y'.
         Trying pattern rule with stem `configure.y'.
         Trying implicit prerequisite `s.configure.y'.
         Trying pattern rule with stem `configure.y'.
         Trying implicit prerequisite `SCCS/s.configure.y'.
        Trying pattern rule with stem `configure'.
        Trying implicit prerequisite `configure.w'.
        Looking for a rule with intermediate file `configure.w'.
         Avoiding implicit rule recursion.
         Avoiding implicit rule recursion.
         Avoiding implicit rule recursion.
         Trying pattern rule with stem `configure.w'.
         Trying implicit prerequisite `configure.w,v'.
         Trying pattern rule with stem `configure.w'.
         Trying implicit prerequisite `RCS/configure.w,v'.
         Trying pattern rule with stem `configure.w'.
         Trying implicit prerequisite `RCS/configure.w'.
         Trying pattern rule with stem `configure.w'.
         Trying implicit prerequisite `s.configure.w'.
         Trying pattern rule with stem `configure.w'.
         Trying implicit prerequisite `SCCS/s.configure.w'.
        Trying pattern rule with stem `configure'.
        Rejecting impossible implicit prerequisite `configure.w'.
       Trying pattern rule with stem `configure'.
       Trying implicit prerequisite `configure.cc'.
       Looking for a rule with intermediate file `configure.cc'.
        Avoiding implicit rule recursion.
        Avoiding implicit rule recursion.
        Trying pattern rule with stem `configure.cc'.
        Trying implicit prerequisite `configure.cc,v'.
        Trying pattern rule with stem `configure.cc'.
        Trying implicit prerequisite `RCS/configure.cc,v'.
        Trying pattern rule with stem `configure.cc'.
        Trying implicit prerequisite `RCS/configure.cc'.
        Trying pattern rule with stem `configure.cc'.
        Trying implicit prerequisite `s.configure.cc'.
        Trying pattern rule with stem `configure.cc'.
        Trying implicit prerequisite `SCCS/s.configure.cc'.
       Trying pattern rule with stem `configure'.
       Trying implicit prerequisite `configure.C'.
       Looking for a rule with intermediate file `configure.C'.
        Avoiding implicit rule recursion.
        Avoiding implicit rule recursion.
        Trying pattern rule with stem `configure.C'.
        Trying implicit prerequisite `configure.C,v'.
        Trying pattern rule with stem `configure.C'.
        Trying implicit prerequisite `RCS/configure.C,v'.
        Trying pattern rule with stem `configure.C'.
        Trying implicit prerequisite `RCS/configure.C'.
        Trying pattern rule with stem `configure.C'.
        Trying implicit prerequisite `s.configure.C'.
        Trying pattern rule with stem `configure.C'.
        Trying implicit prerequisite `SCCS/s.configure.C'.
       Trying pattern rule with stem `configure'.
       Trying implicit prerequisite `configure.cpp'.
       Looking for a rule with intermediate file `configure.cpp'.
        Avoiding implicit rule recursion.
        Avoiding implicit rule recursion.
        Trying pattern rule with stem `configure.cpp'.
        Trying implicit prerequisite `configure.cpp,v'.
        Trying pattern rule with stem `configure.cpp'.
        Trying implicit prerequisite `RCS/configure.cpp,v'.
        Trying pattern rule with stem `configure.cpp'.
        Trying implicit prerequisite `RCS/configure.cpp'.
        Trying pattern rule with stem `configure.cpp'.
        Trying implicit prerequisite `s.configure.cpp'.
        Trying pattern rule with stem `configure.cpp'.
        Trying implicit prerequisite `SCCS/s.configure.cpp'.
       Trying pattern rule with stem `configure'.
       Trying implicit prerequisite `configure.p'.
       Looking for a rule with intermediate file `configure.p'.
        Avoiding implicit rule recursion.
        Avoiding implicit rule recursion.
        Trying pattern rule with stem `configure'.
        Trying implicit prerequisite `configure.web'.
        Trying pattern rule with stem `configure.p'.
        Trying implicit prerequisite `configure.p,v'.
        Trying pattern rule with stem `configure.p'.
        Trying implicit prerequisite `RCS/configure.p,v'.
        Trying pattern rule with stem `configure.p'.
        Trying implicit prerequisite `RCS/configure.p'.
        Trying pattern rule with stem `configure.p'.
        Trying implicit prerequisite `s.configure.p'.
        Trying pattern rule with stem `configure.p'.
        Trying implicit prerequisite `SCCS/s.configure.p'.
        Trying pattern rule with stem `configure'.
        Trying implicit prerequisite `configure.web'.
        Looking for a rule with intermediate file `configure.web'.
         Avoiding implicit rule recursion.
         Avoiding implicit rule recursion.
         Avoiding implicit rule recursion.
         Trying pattern rule with stem `configure.web'.
         Trying implicit prerequisite `configure.web,v'.
         Trying pattern rule with stem `configure.web'.
         Trying implicit prerequisite `RCS/configure.web,v'.
         Trying pattern rule with stem `configure.web'.
         Trying implicit prerequisite `RCS/configure.web'.
         Trying pattern rule with stem `configure.web'.
         Trying implicit prerequisite `s.configure.web'.
         Trying pattern rule with stem `configure.web'.
         Trying implicit prerequisite `SCCS/s.configure.web'.
       Trying pattern rule with stem `configure'.
       Trying implicit prerequisite `configure.f'.
       Looking for a rule with intermediate file `configure.f'.
        Avoiding implicit rule recursion.
        Avoiding implicit rule recursion.
        Trying pattern rule with stem `configure'.
        Trying implicit prerequisite `configure.F'.
        Trying pattern rule with stem `configure'.
        Trying implicit prerequisite `configure.r'.
        Trying pattern rule with stem `configure.f'.
        Trying implicit prerequisite `configure.f,v'.
        Trying pattern rule with stem `configure.f'.
        Trying implicit prerequisite `RCS/configure.f,v'.
        Trying pattern rule with stem `configure.f'.
        Trying implicit prerequisite `RCS/configure.f'.
        Trying pattern rule with stem `configure.f'.
        Trying implicit prerequisite `s.configure.f'.
        Trying pattern rule with stem `configure.f'.
        Trying implicit prerequisite `SCCS/s.configure.f'.
        Trying pattern rule with stem `configure'.
        Trying implicit prerequisite `configure.F'.
        Looking for a rule with intermediate file `configure.F'.
         Avoiding implicit rule recursion.
         Avoiding implicit rule recursion.
         Avoiding implicit rule recursion.
         Trying pattern rule with stem `configure.F'.
         Trying implicit prerequisite `configure.F,v'.
         Trying pattern rule with stem `configure.F'.
         Trying implicit prerequisite `RCS/configure.F,v'.
         Trying pattern rule with stem `configure.F'.
         Trying implicit prerequisite `RCS/configure.F'.
         Trying pattern rule with stem `configure.F'.
         Trying implicit prerequisite `s.configure.F'.
         Trying pattern rule with stem `configure.F'.
         Trying implicit prerequisite `SCCS/s.configure.F'.
        Trying pattern rule with stem `configure'.
        Trying implicit prerequisite `configure.r'.
        Looking for a rule with intermediate file `configure.r'.
         Avoiding implicit rule recursion.
         Avoiding implicit rule recursion.
         Avoiding implicit rule recursion.
         Trying pattern rule with stem `configure'.
         Rejecting impossible implicit prerequisite `configure.l'.
         Trying pattern rule with stem `configure.r'.
         Trying implicit prerequisite `configure.r,v'.
         Trying pattern rule with stem `configure.r'.
         Trying implicit prerequisite `RCS/configure.r,v'.
         Trying pattern rule with stem `configure.r'.
         Trying implicit prerequisite `RCS/configure.r'.
         Trying pattern rule with stem `configure.r'.
         Trying implicit prerequisite `s.configure.r'.
         Trying pattern rule with stem `configure.r'.
         Trying implicit prerequisite `SCCS/s.configure.r'.
       Trying pattern rule with stem `configure'.
       Rejecting impossible implicit prerequisite `configure.F'.
       Trying pattern rule with stem `configure'.
       Trying implicit prerequisite `configure.m'.
       Looking for a rule with intermediate file `configure.m'.
        Avoiding implicit rule recursion.
        Avoiding implicit rule recursion.
        Trying pattern rule with stem `configure'.
        Trying implicit prerequisite `configure.ym'.
        Trying pattern rule with stem `configure'.
        Trying implicit prerequisite `configure.lm'.
        Trying pattern rule with stem `configure.m'.
        Trying implicit prerequisite `configure.m,v'.
        Trying pattern rule with stem `configure.m'.
        Trying implicit prerequisite `RCS/configure.m,v'.
        Trying pattern rule with stem `configure.m'.
        Trying implicit prerequisite `RCS/configure.m'.
        Trying pattern rule with stem `configure.m'.
        Trying implicit prerequisite `s.configure.m'.
        Trying pattern rule with stem `configure.m'.
        Trying implicit prerequisite `SCCS/s.configure.m'.
        Trying pattern rule with stem `configure'.
        Trying implicit prerequisite `configure.ym'.
        Looking for a rule with intermediate file `configure.ym'.
         Avoiding implicit rule recursion.
         Avoiding implicit rule recursion.
         Avoiding implicit rule recursion.
         Trying pattern rule with stem `configure.ym'.
         Trying implicit prerequisite `configure.ym,v'.
         Trying pattern rule with stem `configure.ym'.
         Trying implicit prerequisite `RCS/configure.ym,v'.
         Trying pattern rule with stem `configure.ym'.
         Trying implicit prerequisite `RCS/configure.ym'.
         Trying pattern rule with stem `configure.ym'.
         Trying implicit prerequisite `s.configure.ym'.
         Trying pattern rule with stem `configure.ym'.
         Trying implicit prerequisite `SCCS/s.configure.ym'.
        Trying pattern rule with stem `configure'.
        Trying implicit prerequisite `configure.lm'.
        Looking for a rule with intermediate file `configure.lm'.
         Avoiding implicit rule recursion.
         Avoiding implicit rule recursion.
         Avoiding implicit rule recursion.
         Trying pattern rule with stem `configure.lm'.
         Trying implicit prerequisite `configure.lm,v'.
         Trying pattern rule with stem `configure.lm'.
         Trying implicit prerequisite `RCS/configure.lm,v'.
         Trying pattern rule with stem `configure.lm'.
         Trying implicit prerequisite `RCS/configure.lm'.
         Trying pattern rule with stem `configure.lm'.
         Trying implicit prerequisite `s.configure.lm'.
         Trying pattern rule with stem `configure.lm'.
         Trying implicit prerequisite `SCCS/s.configure.lm'.
       Trying pattern rule with stem `configure'.
       Rejecting impossible implicit prerequisite `configure.r'.
       Trying pattern rule with stem `configure'.
       Trying implicit prerequisite `configure.s'.
       Looking for a rule with intermediate file `configure.s'.
        Avoiding implicit rule recursion.
        Avoiding implicit rule recursion.
        Trying pattern rule with stem `configure'.
        Trying implicit prerequisite `configure.S'.
        Trying pattern rule with stem `configure.s'.
        Trying implicit prerequisite `configure.s,v'.
        Trying pattern rule with stem `configure.s'.
        Trying implicit prerequisite `RCS/configure.s,v'.
        Trying pattern rule with stem `configure.s'.
        Trying implicit prerequisite `RCS/configure.s'.
        Trying pattern rule with stem `configure.s'.
        Trying implicit prerequisite `s.configure.s'.
        Trying pattern rule with stem `configure.s'.
        Trying implicit prerequisite `SCCS/s.configure.s'.
        Trying pattern rule with stem `configure'.
        Trying implicit prerequisite `configure.S'.
        Looking for a rule with intermediate file `configure.S'.
         Avoiding implicit rule recursion.
         Avoiding implicit rule recursion.
         Avoiding implicit rule recursion.
         Trying pattern rule with stem `configure.S'.
         Trying implicit prerequisite `configure.S,v'.
         Trying pattern rule with stem `configure.S'.
         Trying implicit prerequisite `RCS/configure.S,v'.
         Trying pattern rule with stem `configure.S'.
         Trying implicit prerequisite `RCS/configure.S'.
         Trying pattern rule with stem `configure.S'.
         Trying implicit prerequisite `s.configure.S'.
         Trying pattern rule with stem `configure.S'.
         Trying implicit prerequisite `SCCS/s.configure.S'.
       Trying pattern rule with stem `configure'.
       Rejecting impossible implicit prerequisite `configure.S'.
       Trying pattern rule with stem `configure'.
       Trying implicit prerequisite `configure.mod'.
       Looking for a rule with intermediate file `configure.mod'.
        Avoiding implicit rule recursion.
        Avoiding implicit rule recursion.
        Trying pattern rule with stem `configure.mod'.
        Trying implicit prerequisite `configure.mod,v'.
        Trying pattern rule with stem `configure.mod'.
        Trying implicit prerequisite `RCS/configure.mod,v'.
        Trying pattern rule with stem `configure.mod'.
        Trying implicit prerequisite `RCS/configure.mod'.
        Trying pattern rule with stem `configure.mod'.
        Trying implicit prerequisite `s.configure.mod'.
        Trying pattern rule with stem `configure.mod'.
        Trying implicit prerequisite `SCCS/s.configure.mod'.
      Trying pattern rule with stem `configure'.
      Rejecting impossible implicit prerequisite `configure.cc'.
      Trying pattern rule with stem `configure'.
      Rejecting impossible implicit prerequisite `configure.C'.
      Trying pattern rule with stem `configure'.
      Rejecting impossible implicit prerequisite `configure.cpp'.
      Trying pattern rule with stem `configure'.
      Rejecting impossible implicit prerequisite `configure.p'.
      Trying pattern rule with stem `configure'.
      Rejecting impossible implicit prerequisite `configure.f'.
      Trying pattern rule with stem `configure'.
      Rejecting impossible implicit prerequisite `configure.F'.
      Trying pattern rule with stem `configure'.
      Rejecting impossible implicit prerequisite `configure.m'.
      Trying pattern rule with stem `configure'.
      Rejecting impossible implicit prerequisite `configure.r'.
      Trying pattern rule with stem `configure'.
      Rejecting impossible implicit prerequisite `configure.s'.
      Trying pattern rule with stem `configure'.
      Rejecting impossible implicit prerequisite `configure.S'.
      Trying pattern rule with stem `configure'.
      Rejecting impossible implicit prerequisite `configure.mod'.
      Trying pattern rule with stem `configure'.
      Trying implicit prerequisite `configure.sh'.
      Looking for a rule with intermediate file `configure.sh'.
       Avoiding implicit rule recursion.
       Trying pattern rule with stem `configure.sh'.
       Trying implicit prerequisite `configure.sh,v'.
       Trying pattern rule with stem `configure.sh'.
       Trying implicit prerequisite `RCS/configure.sh,v'.
       Trying pattern rule with stem `configure.sh'.
       Trying implicit prerequisite `RCS/configure.sh'.
       Trying pattern rule with stem `configure.sh'.
       Trying implicit prerequisite `s.configure.sh'.
       Trying pattern rule with stem `configure.sh'.
       Trying implicit prerequisite `SCCS/s.configure.sh'.
      No implicit rule found for `configure'.
      Finished prerequisites of target file `configure'.
     No need to remake target `configure'.
    Finished prerequisites of target file `config.status'.
    Prerequisite `configure' is older than target `config.status'.
   No need to remake target `config.status'.
  Finished prerequisites of target file `src/Makefile.global'.
  Prerequisite `src/Makefile.global.in' is older than target `src/Makefile.global'.
  Prerequisite `config.status' is older than target `src/Makefile.global'.
 No need to remake target `src/Makefile.global'.
 Considering target file `GNUmakefile'.
   Considering target file `GNUmakefile.in'.
    Looking for an implicit rule for `GNUmakefile.in'.
    Trying pattern rule with stem `GNUmakefile.in'.
    Trying implicit prerequisite `GNUmakefile.in.o'.
    Trying pattern rule with stem `GNUmakefile.in'.
    Trying implicit prerequisite `GNUmakefile.in.cc'.
    Trying pattern rule with stem `GNUmakefile.in'.
    Trying implicit prerequisite `GNUmakefile.in.C'.
    Trying pattern rule with stem `GNUmakefile.in'.
    Trying implicit prerequisite `GNUmakefile.in.cpp'.
    Trying pattern rule with stem `GNUmakefile.in'.
    Trying implicit prerequisite `GNUmakefile.in.p'.
    Trying pattern rule with stem `GNUmakefile.in'.
    Trying implicit prerequisite `GNUmakefile.in.f'.
    Trying pattern rule with stem `GNUmakefile.in'.
    Trying implicit prerequisite `GNUmakefile.in.F'.
    Trying pattern rule with stem `GNUmakefile.in'.
    Trying implicit prerequisite `GNUmakefile.in.m'.
    Trying pattern rule with stem `GNUmakefile.in'.
    Trying implicit prerequisite `GNUmakefile.in.r'.
    Trying pattern rule with stem `GNUmakefile.in'.
    Trying implicit prerequisite `GNUmakefile.in.s'.
    Trying pattern rule with stem `GNUmakefile.in'.
    Trying implicit prerequisite `GNUmakefile.in.S'.
    Trying pattern rule with stem `GNUmakefile.in'.
    Trying implicit prerequisite `GNUmakefile.in.mod'.
    Trying pattern rule with stem `GNUmakefile.in'.
    Trying implicit prerequisite `GNUmakefile.in.sh'.
    Trying pattern rule with stem `GNUmakefile.in'.
    Trying implicit prerequisite `GNUmakefile.in,v'.
    Trying pattern rule with stem `GNUmakefile.in'.
    Trying implicit prerequisite `RCS/GNUmakefile.in,v'.
    Trying pattern rule with stem `GNUmakefile.in'.
    Trying implicit prerequisite `RCS/GNUmakefile.in'.
    Trying pattern rule with stem `GNUmakefile.in'.
    Trying implicit prerequisite `s.GNUmakefile.in'.
    Trying pattern rule with stem `GNUmakefile.in'.
    Trying implicit prerequisite `SCCS/s.GNUmakefile.in'.
    Trying pattern rule with stem `GNUmakefile.in'.
    Trying implicit prerequisite `GNUmakefile.in.o'.
    Looking for a rule with intermediate file `GNUmakefile.in.o'.
     Avoiding implicit rule recursion.
     Trying pattern rule with stem `GNUmakefile.in'.
     Trying implicit prerequisite `GNUmakefile.in.c'.
     Trying pattern rule with stem `GNUmakefile.in'.
     Trying implicit prerequisite `GNUmakefile.in.cc'.
     Trying pattern rule with stem `GNUmakefile.in'.
     Trying implicit prerequisite `GNUmakefile.in.C'.
     Trying pattern rule with stem `GNUmakefile.in'.
     Trying implicit prerequisite `GNUmakefile.in.cpp'.
     Trying pattern rule with stem `GNUmakefile.in'.
     Trying implicit prerequisite `GNUmakefile.in.p'.
     Trying pattern rule with stem `GNUmakefile.in'.
     Trying implicit prerequisite `GNUmakefile.in.f'.
     Trying pattern rule with stem `GNUmakefile.in'.
     Trying implicit prerequisite `GNUmakefile.in.F'.
     Trying pattern rule with stem `GNUmakefile.in'.
     Trying implicit prerequisite `GNUmakefile.in.m'.
     Trying pattern rule with stem `GNUmakefile.in'.
     Trying implicit prerequisite `GNUmakefile.in.r'.
     Trying pattern rule with stem `GNUmakefile.in'.
     Trying implicit prerequisite `GNUmakefile.in.s'.
     Trying pattern rule with stem `GNUmakefile.in'.
     Trying implicit prerequisite `GNUmakefile.in.S'.
     Trying pattern rule with stem `GNUmakefile.in'.
     Trying implicit prerequisite `GNUmakefile.in.mod'.
     Trying pattern rule with stem `GNUmakefile.in.o'.
     Trying implicit prerequisite `GNUmakefile.in.o,v'.
     Trying pattern rule with stem `GNUmakefile.in.o'.
     Trying implicit prerequisite `RCS/GNUmakefile.in.o,v'.
     Trying pattern rule with stem `GNUmakefile.in.o'.
     Trying implicit prerequisite `RCS/GNUmakefile.in.o'.
     Trying pattern rule with stem `GNUmakefile.in.o'.
     Trying implicit prerequisite `s.GNUmakefile.in.o'.
     Trying pattern rule with stem `GNUmakefile.in.o'.
     Trying implicit prerequisite `SCCS/s.GNUmakefile.in.o'.
     Trying pattern rule with stem `GNUmakefile.in'.
     Trying implicit prerequisite `GNUmakefile.in.c'.
     Looking for a rule with intermediate file `GNUmakefile.in.c'.
      Avoiding implicit rule recursion.
      Avoiding implicit rule recursion.
      Trying pattern rule with stem `GNUmakefile.in'.
      Trying implicit prerequisite `GNUmakefile.in.l'.
      Trying pattern rule with stem `GNUmakefile.in'.
      Trying implicit prerequisite `GNUmakefile.in.y'.
      Trying pattern rule with stem `GNUmakefile.in'.
      Trying implicit prerequisite `GNUmakefile.in.w'.
      Trying pattern rule with stem `GNUmakefile.in'.
      Trying implicit prerequisite `GNUmakefile.in.w'.
      Trying pattern rule with stem `GNUmakefile.in.c'.
      Trying implicit prerequisite `GNUmakefile.in.c,v'.
      Trying pattern rule with stem `GNUmakefile.in.c'.
      Trying implicit prerequisite `RCS/GNUmakefile.in.c,v'.
      Trying pattern rule with stem `GNUmakefile.in.c'.
      Trying implicit prerequisite `RCS/GNUmakefile.in.c'.
      Trying pattern rule with stem `GNUmakefile.in.c'.
      Trying implicit prerequisite `s.GNUmakefile.in.c'.
      Trying pattern rule with stem `GNUmakefile.in.c'.
      Trying implicit prerequisite `SCCS/s.GNUmakefile.in.c'.
      Trying pattern rule with stem `GNUmakefile.in'.
      Trying implicit prerequisite `GNUmakefile.in.l'.
      Looking for a rule with intermediate file `GNUmakefile.in.l'.
       Avoiding implicit rule recursion.
       Avoiding implicit rule recursion.
       Avoiding implicit rule recursion.
       Trying pattern rule with stem `GNUmakefile.in.l'.
       Trying implicit prerequisite `GNUmakefile.in.l,v'.
       Trying pattern rule with stem `GNUmakefile.in.l'.
       Trying implicit prerequisite `RCS/GNUmakefile.in.l,v'.
       Trying pattern rule with stem `GNUmakefile.in.l'.
       Trying implicit prerequisite `RCS/GNUmakefile.in.l'.
       Trying pattern rule with stem `GNUmakefile.in.l'.
       Trying implicit prerequisite `s.GNUmakefile.in.l'.
       Trying pattern rule with stem `GNUmakefile.in.l'.
       Trying implicit prerequisite `SCCS/s.GNUmakefile.in.l'.
      Trying pattern rule with stem `GNUmakefile.in'.
      Trying implicit prerequisite `GNUmakefile.in.y'.
      Looking for a rule with intermediate file `GNUmakefile.in.y'.
       Avoiding implicit rule recursion.
       Avoiding implicit rule recursion.
       Avoiding implicit rule recursion.
       Trying pattern rule with stem `GNUmakefile.in.y'.
       Trying implicit prerequisite `GNUmakefile.in.y,v'.
       Trying pattern rule with stem `GNUmakefile.in.y'.
       Trying implicit prerequisite `RCS/GNUmakefile.in.y,v'.
       Trying pattern rule with stem `GNUmakefile.in.y'.
       Trying implicit prerequisite `RCS/GNUmakefile.in.y'.
       Trying pattern rule with stem `GNUmakefile.in.y'.
       Trying implicit prerequisite `s.GNUmakefile.in.y'.
       Trying pattern rule with stem `GNUmakefile.in.y'.
       Trying implicit prerequisite `SCCS/s.GNUmakefile.in.y'.
      Trying pattern rule with stem `GNUmakefile.in'.
      Trying implicit prerequisite `GNUmakefile.in.w'.
      Looking for a rule with intermediate file `GNUmakefile.in.w'.
       Avoiding implicit rule recursion.
       Avoiding implicit rule recursion.
       Avoiding implicit rule recursion.
       Trying pattern rule with stem `GNUmakefile.in.w'.
       Trying implicit prerequisite `GNUmakefile.in.w,v'.
       Trying pattern rule with stem `GNUmakefile.in.w'.
       Trying implicit prerequisite `RCS/GNUmakefile.in.w,v'.
       Trying pattern rule with stem `GNUmakefile.in.w'.
       Trying implicit prerequisite `RCS/GNUmakefile.in.w'.
       Trying pattern rule with stem `GNUmakefile.in.w'.
       Trying implicit prerequisite `s.GNUmakefile.in.w'.
       Trying pattern rule with stem `GNUmakefile.in.w'.
       Trying implicit prerequisite `SCCS/s.GNUmakefile.in.w'.
      Trying pattern rule with stem `GNUmakefile.in'.
      Rejecting impossible implicit prerequisite `GNUmakefile.in.w'.
     Trying pattern rule with stem `GNUmakefile.in'.
     Trying implicit prerequisite `GNUmakefile.in.cc'.
     Looking for a rule with intermediate file `GNUmakefile.in.cc'.
      Avoiding implicit rule recursion.
      Avoiding implicit rule recursion.
      Trying pattern rule with stem `GNUmakefile.in.cc'.
      Trying implicit prerequisite `GNUmakefile.in.cc,v'.
      Trying pattern rule with stem `GNUmakefile.in.cc'.
      Trying implicit prerequisite `RCS/GNUmakefile.in.cc,v'.
      Trying pattern rule with stem `GNUmakefile.in.cc'.
      Trying implicit prerequisite `RCS/GNUmakefile.in.cc'.
      Trying pattern rule with stem `GNUmakefile.in.cc'.
      Trying implicit prerequisite `s.GNUmakefile.in.cc'.
      Trying pattern rule with stem `GNUmakefile.in.cc'.
      Trying implicit prerequisite `SCCS/s.GNUmakefile.in.cc'.
     Trying pattern rule with stem `GNUmakefile.in'.
     Trying implicit prerequisite `GNUmakefile.in.C'.
     Looking for a rule with intermediate file `GNUmakefile.in.C'.
      Avoiding implicit rule recursion.
      Avoiding implicit rule recursion.
      Trying pattern rule with stem `GNUmakefile.in.C'.
      Trying implicit prerequisite `GNUmakefile.in.C,v'.
      Trying pattern rule with stem `GNUmakefile.in.C'.
      Trying implicit prerequisite `RCS/GNUmakefile.in.C,v'.
      Trying pattern rule with stem `GNUmakefile.in.C'.
      Trying implicit prerequisite `RCS/GNUmakefile.in.C'.
      Trying pattern rule with stem `GNUmakefile.in.C'.
      Trying implicit prerequisite `s.GNUmakefile.in.C'.
      Trying pattern rule with stem `GNUmakefile.in.C'.
      Trying implicit prerequisite `SCCS/s.GNUmakefile.in.C'.
     Trying pattern rule with stem `GNUmakefile.in'.
     Trying implicit prerequisite `GNUmakefile.in.cpp'.
     Looking for a rule with intermediate file `GNUmakefile.in.cpp'.
      Avoiding implicit rule recursion.
      Avoiding implicit rule recursion.
      Trying pattern rule with stem `GNUmakefile.in.cpp'.
      Trying implicit prerequisite `GNUmakefile.in.cpp,v'.
      Trying pattern rule with stem `GNUmakefile.in.cpp'.
      Trying implicit prerequisite `RCS/GNUmakefile.in.cpp,v'.
      Trying pattern rule with stem `GNUmakefile.in.cpp'.
      Trying implicit prerequisite `RCS/GNUmakefile.in.cpp'.
      Trying pattern rule with stem `GNUmakefile.in.cpp'.
      Trying implicit prerequisite `s.GNUmakefile.in.cpp'.
      Trying pattern rule with stem `GNUmakefile.in.cpp'.
      Trying implicit prerequisite `SCCS/s.GNUmakefile.in.cpp'.
     Trying pattern rule with stem `GNUmakefile.in'.
     Trying implicit prerequisite `GNUmakefile.in.p'.
     Looking for a rule with intermediate file `GNUmakefile.in.p'.
      Avoiding implicit rule recursion.
      Avoiding implicit rule recursion.
      Trying pattern rule with stem `GNUmakefile.in'.
      Trying implicit prerequisite `GNUmakefile.in.web'.
      Trying pattern rule with stem `GNUmakefile.in.p'.
      Trying implicit prerequisite `GNUmakefile.in.p,v'.
      Trying pattern rule with stem `GNUmakefile.in.p'.
      Trying implicit prerequisite `RCS/GNUmakefile.in.p,v'.
      Trying pattern rule with stem `GNUmakefile.in.p'.
      Trying implicit prerequisite `RCS/GNUmakefile.in.p'.
      Trying pattern rule with stem `GNUmakefile.in.p'.
      Trying implicit prerequisite `s.GNUmakefile.in.p'.
      Trying pattern rule with stem `GNUmakefile.in.p'.
      Trying implicit prerequisite `SCCS/s.GNUmakefile.in.p'.
      Trying pattern rule with stem `GNUmakefile.in'.
      Trying implicit prerequisite `GNUmakefile.in.web'.
      Looking for a rule with intermediate file `GNUmakefile.in.web'.
       Avoiding implicit rule recursion.
       Avoiding implicit rule recursion.
       Avoiding implicit rule recursion.
       Trying pattern rule with stem `GNUmakefile.in.web'.
       Trying implicit prerequisite `GNUmakefile.in.web,v'.
       Trying pattern rule with stem `GNUmakefile.in.web'.
       Trying implicit prerequisite `RCS/GNUmakefile.in.web,v'.
       Trying pattern rule with stem `GNUmakefile.in.web'.
       Trying implicit prerequisite `RCS/GNUmakefile.in.web'.
       Trying pattern rule with stem `GNUmakefile.in.web'.
       Trying implicit prerequisite `s.GNUmakefile.in.web'.
       Trying pattern rule with stem `GNUmakefile.in.web'.
       Trying implicit prerequisite `SCCS/s.GNUmakefile.in.web'.
     Trying pattern rule with stem `GNUmakefile.in'.
     Trying implicit prerequisite `GNUmakefile.in.f'.
     Looking for a rule with intermediate file `GNUmakefile.in.f'.
      Avoiding implicit rule recursion.
      Avoiding implicit rule recursion.
      Trying pattern rule with stem `GNUmakefile.in'.
      Trying implicit prerequisite `GNUmakefile.in.F'.
      Trying pattern rule with stem `GNUmakefile.in'.
      Trying implicit prerequisite `GNUmakefile.in.r'.
      Trying pattern rule with stem `GNUmakefile.in.f'.
      Trying implicit prerequisite `GNUmakefile.in.f,v'.
      Trying pattern rule with stem `GNUmakefile.in.f'.
      Trying implicit prerequisite `RCS/GNUmakefile.in.f,v'.
      Trying pattern rule with stem `GNUmakefile.in.f'.
      Trying implicit prerequisite `RCS/GNUmakefile.in.f'.
      Trying pattern rule with stem `GNUmakefile.in.f'.
      Trying implicit prerequisite `s.GNUmakefile.in.f'.
      Trying pattern rule with stem `GNUmakefile.in.f'.
      Trying implicit prerequisite `SCCS/s.GNUmakefile.in.f'.
      Trying pattern rule with stem `GNUmakefile.in'.
      Trying implicit prerequisite `GNUmakefile.in.F'.
      Looking for a rule with intermediate file `GNUmakefile.in.F'.
       Avoiding implicit rule recursion.
       Avoiding implicit rule recursion.
       Avoiding implicit rule recursion.
       Trying pattern rule with stem `GNUmakefile.in.F'.
       Trying implicit prerequisite `GNUmakefile.in.F,v'.
       Trying pattern rule with stem `GNUmakefile.in.F'.
       Trying implicit prerequisite `RCS/GNUmakefile.in.F,v'.
       Trying pattern rule with stem `GNUmakefile.in.F'.
       Trying implicit prerequisite `RCS/GNUmakefile.in.F'.
       Trying pattern rule with stem `GNUmakefile.in.F'.
       Trying implicit prerequisite `s.GNUmakefile.in.F'.
       Trying pattern rule with stem `GNUmakefile.in.F'.
       Trying implicit prerequisite `SCCS/s.GNUmakefile.in.F'.
      Trying pattern rule with stem `GNUmakefile.in'.
      Trying implicit prerequisite `GNUmakefile.in.r'.
      Looking for a rule with intermediate file `GNUmakefile.in.r'.
       Avoiding implicit rule recursion.
       Avoiding implicit rule recursion.
       Avoiding implicit rule recursion.
       Trying pattern rule with stem `GNUmakefile.in'.
       Rejecting impossible implicit prerequisite `GNUmakefile.in.l'.
       Trying pattern rule with stem `GNUmakefile.in.r'.
       Trying implicit prerequisite `GNUmakefile.in.r,v'.
       Trying pattern rule with stem `GNUmakefile.in.r'.
       Trying implicit prerequisite `RCS/GNUmakefile.in.r,v'.
       Trying pattern rule with stem `GNUmakefile.in.r'.
       Trying implicit prerequisite `RCS/GNUmakefile.in.r'.
       Trying pattern rule with stem `GNUmakefile.in.r'.
       Trying implicit prerequisite `s.GNUmakefile.in.r'.
       Trying pattern rule with stem `GNUmakefile.in.r'.
       Trying implicit prerequisite `SCCS/s.GNUmakefile.in.r'.
     Trying pattern rule with stem `GNUmakefile.in'.
     Rejecting impossible implicit prerequisite `GNUmakefile.in.F'.
     Trying pattern rule with stem `GNUmakefile.in'.
     Trying implicit prerequisite `GNUmakefile.in.m'.
     Looking for a rule with intermediate file `GNUmakefile.in.m'.
      Avoiding implicit rule recursion.
      Avoiding implicit rule recursion.
      Trying pattern rule with stem `GNUmakefile.in'.
      Trying implicit prerequisite `GNUmakefile.in.ym'.
      Trying pattern rule with stem `GNUmakefile.in'.
      Trying implicit prerequisite `GNUmakefile.in.lm'.
      Trying pattern rule with stem `GNUmakefile.in.m'.
      Trying implicit prerequisite `GNUmakefile.in.m,v'.
      Trying pattern rule with stem `GNUmakefile.in.m'.
      Trying implicit prerequisite `RCS/GNUmakefile.in.m,v'.
      Trying pattern rule with stem `GNUmakefile.in.m'.
      Trying implicit prerequisite `RCS/GNUmakefile.in.m'.
      Trying pattern rule with stem `GNUmakefile.in.m'.
      Trying implicit prerequisite `s.GNUmakefile.in.m'.
      Trying pattern rule with stem `GNUmakefile.in.m'.
      Trying implicit prerequisite `SCCS/s.GNUmakefile.in.m'.
      Trying pattern rule with stem `GNUmakefile.in'.
      Trying implicit prerequisite `GNUmakefile.in.ym'.
      Looking for a rule with intermediate file `GNUmakefile.in.ym'.
       Avoiding implicit rule recursion.
       Avoiding implicit rule recursion.
       Avoiding implicit rule recursion.
       Trying pattern rule with stem `GNUmakefile.in.ym'.
       Trying implicit prerequisite `GNUmakefile.in.ym,v'.
       Trying pattern rule with stem `GNUmakefile.in.ym'.
       Trying implicit prerequisite `RCS/GNUmakefile.in.ym,v'.
       Trying pattern rule with stem `GNUmakefile.in.ym'.
       Trying implicit prerequisite `RCS/GNUmakefile.in.ym'.
       Trying pattern rule with stem `GNUmakefile.in.ym'.
       Trying implicit prerequisite `s.GNUmakefile.in.ym'.
       Trying pattern rule with stem `GNUmakefile.in.ym'.
       Trying implicit prerequisite `SCCS/s.GNUmakefile.in.ym'.
      Trying pattern rule with stem `GNUmakefile.in'.
      Trying implicit prerequisite `GNUmakefile.in.lm'.
      Looking for a rule with intermediate file `GNUmakefile.in.lm'.
       Avoiding implicit rule recursion.
       Avoiding implicit rule recursion.
       Avoiding implicit rule recursion.
       Trying pattern rule with stem `GNUmakefile.in.lm'.
       Trying implicit prerequisite `GNUmakefile.in.lm,v'.
       Trying pattern rule with stem `GNUmakefile.in.lm'.
       Trying implicit prerequisite `RCS/GNUmakefile.in.lm,v'.
       Trying pattern rule with stem `GNUmakefile.in.lm'.
       Trying implicit prerequisite `RCS/GNUmakefile.in.lm'.
       Trying pattern rule with stem `GNUmakefile.in.lm'.
       Trying implicit prerequisite `s.GNUmakefile.in.lm'.
       Trying pattern rule with stem `GNUmakefile.in.lm'.
       Trying implicit prerequisite `SCCS/s.GNUmakefile.in.lm'.
     Trying pattern rule with stem `GNUmakefile.in'.
     Rejecting impossible implicit prerequisite `GNUmakefile.in.r'.
     Trying pattern rule with stem `GNUmakefile.in'.
     Trying implicit prerequisite `GNUmakefile.in.s'.
     Looking for a rule with intermediate file `GNUmakefile.in.s'.
      Avoiding implicit rule recursion.
      Avoiding implicit rule recursion.
      Trying pattern rule with stem `GNUmakefile.in'.
      Trying implicit prerequisite `GNUmakefile.in.S'.
      Trying pattern rule with stem `GNUmakefile.in.s'.
      Trying implicit prerequisite `GNUmakefile.in.s,v'.
      Trying pattern rule with stem `GNUmakefile.in.s'.
      Trying implicit prerequisite `RCS/GNUmakefile.in.s,v'.
      Trying pattern rule with stem `GNUmakefile.in.s'.
      Trying implicit prerequisite `RCS/GNUmakefile.in.s'.
      Trying pattern rule with stem `GNUmakefile.in.s'.
      Trying implicit prerequisite `s.GNUmakefile.in.s'.
      Trying pattern rule with stem `GNUmakefile.in.s'.
      Trying implicit prerequisite `SCCS/s.GNUmakefile.in.s'.
      Trying pattern rule with stem `GNUmakefile.in'.
      Trying implicit prerequisite `GNUmakefile.in.S'.
      Looking for a rule with intermediate file `GNUmakefile.in.S'.
       Avoiding implicit rule recursion.
       Avoiding implicit rule recursion.
       Avoiding implicit rule recursion.
       Trying pattern rule with stem `GNUmakefile.in.S'.
       Trying implicit prerequisite `GNUmakefile.in.S,v'.
       Trying pattern rule with stem `GNUmakefile.in.S'.
       Trying implicit prerequisite `RCS/GNUmakefile.in.S,v'.
       Trying pattern rule with stem `GNUmakefile.in.S'.
       Trying implicit prerequisite `RCS/GNUmakefile.in.S'.
       Trying pattern rule with stem `GNUmakefile.in.S'.
       Trying implicit prerequisite `s.GNUmakefile.in.S'.
       Trying pattern rule with stem `GNUmakefile.in.S'.
       Trying implicit prerequisite `SCCS/s.GNUmakefile.in.S'.
     Trying pattern rule with stem `GNUmakefile.in'.
     Rejecting impossible implicit prerequisite `GNUmakefile.in.S'.
     Trying pattern rule with stem `GNUmakefile.in'.
     Trying implicit prerequisite `GNUmakefile.in.mod'.
     Looking for a rule with intermediate file `GNUmakefile.in.mod'.
      Avoiding implicit rule recursion.
      Avoiding implicit rule recursion.
      Trying pattern rule with stem `GNUmakefile.in.mod'.
      Trying implicit prerequisite `GNUmakefile.in.mod,v'.
      Trying pattern rule with stem `GNUmakefile.in.mod'.
      Trying implicit prerequisite `RCS/GNUmakefile.in.mod,v'.
      Trying pattern rule with stem `GNUmakefile.in.mod'.
      Trying implicit prerequisite `RCS/GNUmakefile.in.mod'.
      Trying pattern rule with stem `GNUmakefile.in.mod'.
      Trying implicit prerequisite `s.GNUmakefile.in.mod'.
      Trying pattern rule with stem `GNUmakefile.in.mod'.
      Trying implicit prerequisite `SCCS/s.GNUmakefile.in.mod'.
    Trying pattern rule with stem `GNUmakefile.in'.
    Rejecting impossible implicit prerequisite `GNUmakefile.in.cc'.
    Trying pattern rule with stem `GNUmakefile.in'.
    Rejecting impossible implicit prerequisite `GNUmakefile.in.C'.
    Trying pattern rule with stem `GNUmakefile.in'.
    Rejecting impossible implicit prerequisite `GNUmakefile.in.cpp'.
    Trying pattern rule with stem `GNUmakefile.in'.
    Rejecting impossible implicit prerequisite `GNUmakefile.in.p'.
    Trying pattern rule with stem `GNUmakefile.in'.
    Rejecting impossible implicit prerequisite `GNUmakefile.in.f'.
    Trying pattern rule with stem `GNUmakefile.in'.
    Rejecting impossible implicit prerequisite `GNUmakefile.in.F'.
    Trying pattern rule with stem `GNUmakefile.in'.
    Rejecting impossible implicit prerequisite `GNUmakefile.in.m'.
    Trying pattern rule with stem `GNUmakefile.in'.
    Rejecting impossible implicit prerequisite `GNUmakefile.in.r'.
    Trying pattern rule with stem `GNUmakefile.in'.
    Rejecting impossible implicit prerequisite `GNUmakefile.in.s'.
    Trying pattern rule with stem `GNUmakefile.in'.
    Rejecting impossible implicit prerequisite `GNUmakefile.in.S'.
    Trying pattern rule with stem `GNUmakefile.in'.
    Rejecting impossible implicit prerequisite `GNUmakefile.in.mod'.
    Trying pattern rule with stem `GNUmakefile.in'.
    Trying implicit prerequisite `GNUmakefile.in.sh'.
    Looking for a rule with intermediate file `GNUmakefile.in.sh'.
     Avoiding implicit rule recursion.
     Trying pattern rule with stem `GNUmakefile.in.sh'.
     Trying implicit prerequisite `GNUmakefile.in.sh,v'.
     Trying pattern rule with stem `GNUmakefile.in.sh'.
     Trying implicit prerequisite `RCS/GNUmakefile.in.sh,v'.
     Trying pattern rule with stem `GNUmakefile.in.sh'.
     Trying implicit prerequisite `RCS/GNUmakefile.in.sh'.
     Trying pattern rule with stem `GNUmakefile.in.sh'.
     Trying implicit prerequisite `s.GNUmakefile.in.sh'.
     Trying pattern rule with stem `GNUmakefile.in.sh'.
     Trying implicit prerequisite `SCCS/s.GNUmakefile.in.sh'.
    No implicit rule found for `GNUmakefile.in'.
    Finished prerequisites of target file `GNUmakefile.in'.
   No need to remake target `GNUmakefile.in'.
   Pruning file `config.status'.
  Finished prerequisites of target file `GNUmakefile'.
  Prerequisite `GNUmakefile.in' is older than target `GNUmakefile'.
  Prerequisite `config.status' is older than target `GNUmakefile'.
 No need to remake target `GNUmakefile'.
Updating goal targets....
Considering target file `all'.
 File `all' does not exist.
  Considering target file `submake-generated-headers'.
   File `submake-generated-headers' does not exist.
   Finished prerequisites of target file `submake-generated-headers'.
  Must remake target `submake-generated-headers'.
Need a job token; we don't have children
/Library/Developer/CommandLineTools/usr/bin/make -C ./src/backend generated-headers
Putting child 0x14c623f10 (submake-generated-headers) PID 93731 on the chain.
  Commands of `submake-generated-headers' are being run.
  Considering target file `all-src-recurse'.
   File `all-src-recurse' does not exist.
    Pruning file `submake-generated-headers'.
   Pruning file `submake-generated-headers'.
   Finished prerequisites of target file `all-src-recurse'.
  The prerequisites of `all-src-recurse' are being made.
  Considering target file `all-config-recurse'.
   File `all-config-recurse' does not exist.
    Pruning file `submake-generated-headers'.
   Pruning file `submake-generated-headers'.
   Finished prerequisites of target file `all-config-recurse'.
  The prerequisites of `all-config-recurse' are being made.
 Pruning file `submake-generated-headers'.
 Pruning file `all-src-recurse'.
 Pruning file `all-config-recurse'.
 Finished prerequisites of target file `all'.
The prerequisites of `all' are being made.
Live child 0x14c623f10 (submake-generated-headers) PID 93731 
GNU Make 3.81
Copyright (C) 2006  Free Software Foundation, Inc.
This is free software; see the source for copying conditions.
There is NO warranty; not even for MERCHANTABILITY or FITNESS FOR A
PARTICULAR PURPOSE.

This program built for i386-apple-darwin11.3.0
Reading makefiles...
Reading makefile `Makefile'...
Reading makefile `../../src/Makefile.global' (search path) (no ~ expansion)...
Reading makefile `../../src/Makefile.port' (search path) (no ~ expansion)...
Reading makefile `../../src/Makefile.custom' (search path) (don't care) (no ~ expansion)...
Reading makefile `common.mk' (search path) (no ~ expansion)...
Updating makefiles....
 Considering target file `common.mk'.
  Looking for an implicit rule for `common.mk'.
  Trying pattern rule with stem `common.mk'.
  Trying implicit prerequisite `common.mk.o'.
  Trying pattern rule with stem `common.mk'.
  Trying implicit prerequisite `common.mk.cc'.
  Trying pattern rule with stem `common.mk'.
  Trying implicit prerequisite `common.mk.C'.
  Trying pattern rule with stem `common.mk'.
  Trying implicit prerequisite `common.mk.cpp'.
  Trying pattern rule with stem `common.mk'.
  Trying implicit prerequisite `common.mk.p'.
  Trying pattern rule with stem `common.mk'.
  Trying implicit prerequisite `common.mk.f'.
  Trying pattern rule with stem `common.mk'.
  Trying implicit prerequisite `common.mk.F'.
  Trying pattern rule with stem `common.mk'.
  Trying implicit prerequisite `common.mk.m'.
  Trying pattern rule with stem `common.mk'.
  Trying implicit prerequisite `common.mk.r'.
  Trying pattern rule with stem `common.mk'.
  Trying implicit prerequisite `common.mk.s'.
  Trying pattern rule with stem `common.mk'.
  Trying implicit prerequisite `common.mk.S'.
  Trying pattern rule with stem `common.mk'.
  Trying implicit prerequisite `common.mk.mod'.
  Trying pattern rule with stem `common.mk'.
  Trying implicit prerequisite `common.mk.sh'.
  Trying pattern rule with stem `common.mk'.
  Trying implicit prerequisite `common.mk,v'.
  Trying pattern rule with stem `common.mk'.
  Trying implicit prerequisite `RCS/common.mk,v'.
  Trying pattern rule with stem `common.mk'.
  Trying implicit prerequisite `RCS/common.mk'.
  Trying pattern rule with stem `common.mk'.
  Trying implicit prerequisite `s.common.mk'.
  Trying pattern rule with stem `common.mk'.
  Trying implicit prerequisite `SCCS/s.common.mk'.
  Trying pattern rule with stem `common.mk'.
  Trying implicit prerequisite `common.mk.o'.
  Looking for a rule with intermediate file `common.mk.o'.
   Avoiding implicit rule recursion.
   Trying pattern rule with stem `common.mk'.
   Trying implicit prerequisite `common.mk.c'.
   Trying pattern rule with stem `common.mk'.
   Trying implicit prerequisite `common.mk.cc'.
   Trying pattern rule with stem `common.mk'.
   Trying implicit prerequisite `common.mk.C'.
   Trying pattern rule with stem `common.mk'.
   Trying implicit prerequisite `common.mk.cpp'.
   Trying pattern rule with stem `common.mk'.
   Trying implicit prerequisite `common.mk.p'.
   Trying pattern rule with stem `common.mk'.
   Trying implicit prerequisite `common.mk.f'.
   Trying pattern rule with stem `common.mk'.
   Trying implicit prerequisite `common.mk.F'.
   Trying pattern rule with stem `common.mk'.
   Trying implicit prerequisite `common.mk.m'.
   Trying pattern rule with stem `common.mk'.
   Trying implicit prerequisite `common.mk.r'.
   Trying pattern rule with stem `common.mk'.
   Trying implicit prerequisite `common.mk.s'.
   Trying pattern rule with stem `common.mk'.
   Trying implicit prerequisite `common.mk.S'.
   Trying pattern rule with stem `common.mk'.
   Trying implicit prerequisite `common.mk.mod'.
   Trying pattern rule with stem `common.mk.o'.
   Trying implicit prerequisite `common.mk.o,v'.
   Trying pattern rule with stem `common.mk.o'.
   Trying implicit prerequisite `RCS/common.mk.o,v'.
   Trying pattern rule with stem `common.mk.o'.
   Trying implicit prerequisite `RCS/common.mk.o'.
   Trying pattern rule with stem `common.mk.o'.
   Trying implicit prerequisite `s.common.mk.o'.
   Trying pattern rule with stem `common.mk.o'.
   Trying implicit prerequisite `SCCS/s.common.mk.o'.
   Trying pattern rule with stem `common.mk'.
   Trying implicit prerequisite `common.mk.c'.
   Looking for a rule with intermediate file `common.mk.c'.
    Avoiding implicit rule recursion.
    Avoiding implicit rule recursion.
    Trying pattern rule with stem `common.mk'.
    Trying implicit prerequisite `common.mk.l'.
    Trying pattern rule with stem `common.mk'.
    Trying implicit prerequisite `common.mk.y'.
    Trying pattern rule with stem `common.mk'.
    Trying implicit prerequisite `common.mk.w'.
    Trying pattern rule with stem `common.mk'.
    Trying implicit prerequisite `common.mk.w'.
    Trying pattern rule with stem `common.mk.c'.
    Trying implicit prerequisite `common.mk.c,v'.
    Trying pattern rule with stem `common.mk.c'.
    Trying implicit prerequisite `RCS/common.mk.c,v'.
    Trying pattern rule with stem `common.mk.c'.
    Trying implicit prerequisite `RCS/common.mk.c'.
    Trying pattern rule with stem `common.mk.c'.
    Trying implicit prerequisite `s.common.mk.c'.
    Trying pattern rule with stem `common.mk.c'.
    Trying implicit prerequisite `SCCS/s.common.mk.c'.
    Trying pattern rule with stem `common.mk'.
    Trying implicit prerequisite `common.mk.l'.
    Looking for a rule with intermediate file `common.mk.l'.
     Avoiding implicit rule recursion.
     Avoiding implicit rule recursion.
     Avoiding implicit rule recursion.
     Trying pattern rule with stem `common.mk.l'.
     Trying implicit prerequisite `common.mk.l,v'.
     Trying pattern rule with stem `common.mk.l'.
     Trying implicit prerequisite `RCS/common.mk.l,v'.
     Trying pattern rule with stem `common.mk.l'.
     Trying implicit prerequisite `RCS/common.mk.l'.
     Trying pattern rule with stem `common.mk.l'.
     Trying implicit prerequisite `s.common.mk.l'.
     Trying pattern rule with stem `common.mk.l'.
     Trying implicit prerequisite `SCCS/s.common.mk.l'.
    Trying pattern rule with stem `common.mk'.
    Trying implicit prerequisite `common.mk.y'.
    Looking for a rule with intermediate file `common.mk.y'.
     Avoiding implicit rule recursion.
     Avoiding implicit rule recursion.
     Avoiding implicit rule recursion.
     Trying pattern rule with stem `common.mk.y'.
     Trying implicit prerequisite `common.mk.y,v'.
     Trying pattern rule with stem `common.mk.y'.
     Trying implicit prerequisite `RCS/common.mk.y,v'.
     Trying pattern rule with stem `common.mk.y'.
     Trying implicit prerequisite `RCS/common.mk.y'.
     Trying pattern rule with stem `common.mk.y'.
     Trying implicit prerequisite `s.common.mk.y'.
     Trying pattern rule with stem `common.mk.y'.
     Trying implicit prerequisite `SCCS/s.common.mk.y'.
    Trying pattern rule with stem `common.mk'.
    Trying implicit prerequisite `common.mk.w'.
    Looking for a rule with intermediate file `common.mk.w'.
     Avoiding implicit rule recursion.
     Avoiding implicit rule recursion.
     Avoiding implicit rule recursion.
     Trying pattern rule with stem `common.mk.w'.
     Trying implicit prerequisite `common.mk.w,v'.
     Trying pattern rule with stem `common.mk.w'.
     Trying implicit prerequisite `RCS/common.mk.w,v'.
     Trying pattern rule with stem `common.mk.w'.
     Trying implicit prerequisite `RCS/common.mk.w'.
     Trying pattern rule with stem `common.mk.w'.
     Trying implicit prerequisite `s.common.mk.w'.
     Trying pattern rule with stem `common.mk.w'.
     Trying implicit prerequisite `SCCS/s.common.mk.w'.
    Trying pattern rule with stem `common.mk'.
    Rejecting impossible implicit prerequisite `common.mk.w'.
   Trying pattern rule with stem `common.mk'.
   Trying implicit prerequisite `common.mk.cc'.
   Looking for a rule with intermediate file `common.mk.cc'.
    Avoiding implicit rule recursion.
    Avoiding implicit rule recursion.
    Trying pattern rule with stem `common.mk.cc'.
    Trying implicit prerequisite `common.mk.cc,v'.
    Trying pattern rule with stem `common.mk.cc'.
    Trying implicit prerequisite `RCS/common.mk.cc,v'.
    Trying pattern rule with stem `common.mk.cc'.
    Trying implicit prerequisite `RCS/common.mk.cc'.
    Trying pattern rule with stem `common.mk.cc'.
    Trying implicit prerequisite `s.common.mk.cc'.
    Trying pattern rule with stem `common.mk.cc'.
    Trying implicit prerequisite `SCCS/s.common.mk.cc'.
   Trying pattern rule with stem `common.mk'.
   Trying implicit prerequisite `common.mk.C'.
   Looking for a rule with intermediate file `common.mk.C'.
    Avoiding implicit rule recursion.
    Avoiding implicit rule recursion.
    Trying pattern rule with stem `common.mk.C'.
    Trying implicit prerequisite `common.mk.C,v'.
    Trying pattern rule with stem `common.mk.C'.
    Trying implicit prerequisite `RCS/common.mk.C,v'.
    Trying pattern rule with stem `common.mk.C'.
    Trying implicit prerequisite `RCS/common.mk.C'.
    Trying pattern rule with stem `common.mk.C'.
    Trying implicit prerequisite `s.common.mk.C'.
    Trying pattern rule with stem `common.mk.C'.
    Trying implicit prerequisite `SCCS/s.common.mk.C'.
   Trying pattern rule with stem `common.mk'.
   Trying implicit prerequisite `common.mk.cpp'.
   Looking for a rule with intermediate file `common.mk.cpp'.
    Avoiding implicit rule recursion.
    Avoiding implicit rule recursion.
    Trying pattern rule with stem `common.mk.cpp'.
    Trying implicit prerequisite `common.mk.cpp,v'.
    Trying pattern rule with stem `common.mk.cpp'.
    Trying implicit prerequisite `RCS/common.mk.cpp,v'.
    Trying pattern rule with stem `common.mk.cpp'.
    Trying implicit prerequisite `RCS/common.mk.cpp'.
    Trying pattern rule with stem `common.mk.cpp'.
    Trying implicit prerequisite `s.common.mk.cpp'.
    Trying pattern rule with stem `common.mk.cpp'.
    Trying implicit prerequisite `SCCS/s.common.mk.cpp'.
   Trying pattern rule with stem `common.mk'.
   Trying implicit prerequisite `common.mk.p'.
   Looking for a rule with intermediate file `common.mk.p'.
    Avoiding implicit rule recursion.
    Avoiding implicit rule recursion.
    Trying pattern rule with stem `common.mk'.
    Trying implicit prerequisite `common.mk.web'.
    Trying pattern rule with stem `common.mk.p'.
    Trying implicit prerequisite `common.mk.p,v'.
    Trying pattern rule with stem `common.mk.p'.
    Trying implicit prerequisite `RCS/common.mk.p,v'.
    Trying pattern rule with stem `common.mk.p'.
    Trying implicit prerequisite `RCS/common.mk.p'.
    Trying pattern rule with stem `common.mk.p'.
    Trying implicit prerequisite `s.common.mk.p'.
    Trying pattern rule with stem `common.mk.p'.
    Trying implicit prerequisite `SCCS/s.common.mk.p'.
    Trying pattern rule with stem `common.mk'.
    Trying implicit prerequisite `common.mk.web'.
    Looking for a rule with intermediate file `common.mk.web'.
     Avoiding implicit rule recursion.
     Avoiding implicit rule recursion.
     Avoiding implicit rule recursion.
     Trying pattern rule with stem `common.mk.web'.
     Trying implicit prerequisite `common.mk.web,v'.
     Trying pattern rule with stem `common.mk.web'.
     Trying implicit prerequisite `RCS/common.mk.web,v'.
     Trying pattern rule with stem `common.mk.web'.
     Trying implicit prerequisite `RCS/common.mk.web'.
     Trying pattern rule with stem `common.mk.web'.
     Trying implicit prerequisite `s.common.mk.web'.
     Trying pattern rule with stem `common.mk.web'.
     Trying implicit prerequisite `SCCS/s.common.mk.web'.
   Trying pattern rule with stem `common.mk'.
   Trying implicit prerequisite `common.mk.f'.
   Looking for a rule with intermediate file `common.mk.f'.
    Avoiding implicit rule recursion.
    Avoiding implicit rule recursion.
    Trying pattern rule with stem `common.mk'.
    Trying implicit prerequisite `common.mk.F'.
    Trying pattern rule with stem `common.mk'.
    Trying implicit prerequisite `common.mk.r'.
    Trying pattern rule with stem `common.mk.f'.
    Trying implicit prerequisite `common.mk.f,v'.
    Trying pattern rule with stem `common.mk.f'.
    Trying implicit prerequisite `RCS/common.mk.f,v'.
    Trying pattern rule with stem `common.mk.f'.
    Trying implicit prerequisite `RCS/common.mk.f'.
    Trying pattern rule with stem `common.mk.f'.
    Trying implicit prerequisite `s.common.mk.f'.
    Trying pattern rule with stem `common.mk.f'.
    Trying implicit prerequisite `SCCS/s.common.mk.f'.
    Trying pattern rule with stem `common.mk'.
    Trying implicit prerequisite `common.mk.F'.
    Looking for a rule with intermediate file `common.mk.F'.
     Avoiding implicit rule recursion.
     Avoiding implicit rule recursion.
     Avoiding implicit rule recursion.
     Trying pattern rule with stem `common.mk.F'.
     Trying implicit prerequisite `common.mk.F,v'.
     Trying pattern rule with stem `common.mk.F'.
     Trying implicit prerequisite `RCS/common.mk.F,v'.
     Trying pattern rule with stem `common.mk.F'.
     Trying implicit prerequisite `RCS/common.mk.F'.
     Trying pattern rule with stem `common.mk.F'.
     Trying implicit prerequisite `s.common.mk.F'.
     Trying pattern rule with stem `common.mk.F'.
     Trying implicit prerequisite `SCCS/s.common.mk.F'.
    Trying pattern rule with stem `common.mk'.
    Trying implicit prerequisite `common.mk.r'.
    Looking for a rule with intermediate file `common.mk.r'.
     Avoiding implicit rule recursion.
     Avoiding implicit rule recursion.
     Avoiding implicit rule recursion.
     Trying pattern rule with stem `common.mk'.
     Rejecting impossible implicit prerequisite `common.mk.l'.
     Trying pattern rule with stem `common.mk.r'.
     Trying implicit prerequisite `common.mk.r,v'.
     Trying pattern rule with stem `common.mk.r'.
     Trying implicit prerequisite `RCS/common.mk.r,v'.
     Trying pattern rule with stem `common.mk.r'.
     Trying implicit prerequisite `RCS/common.mk.r'.
     Trying pattern rule with stem `common.mk.r'.
     Trying implicit prerequisite `s.common.mk.r'.
     Trying pattern rule with stem `common.mk.r'.
     Trying implicit prerequisite `SCCS/s.common.mk.r'.
   Trying pattern rule with stem `common.mk'.
   Rejecting impossible implicit prerequisite `common.mk.F'.
   Trying pattern rule with stem `common.mk'.
   Trying implicit prerequisite `common.mk.m'.
   Looking for a rule with intermediate file `common.mk.m'.
    Avoiding implicit rule recursion.
    Avoiding implicit rule recursion.
    Trying pattern rule with stem `common.mk'.
    Trying implicit prerequisite `common.mk.ym'.
    Trying pattern rule with stem `common.mk'.
    Trying implicit prerequisite `common.mk.lm'.
    Trying pattern rule with stem `common.mk.m'.
    Trying implicit prerequisite `common.mk.m,v'.
    Trying pattern rule with stem `common.mk.m'.
    Trying implicit prerequisite `RCS/common.mk.m,v'.
    Trying pattern rule with stem `common.mk.m'.
    Trying implicit prerequisite `RCS/common.mk.m'.
    Trying pattern rule with stem `common.mk.m'.
    Trying implicit prerequisite `s.common.mk.m'.
    Trying pattern rule with stem `common.mk.m'.
    Trying implicit prerequisite `SCCS/s.common.mk.m'.
    Trying pattern rule with stem `common.mk'.
    Trying implicit prerequisite `common.mk.ym'.
    Looking for a rule with intermediate file `common.mk.ym'.
     Avoiding implicit rule recursion.
     Avoiding implicit rule recursion.
     Avoiding implicit rule recursion.
     Trying pattern rule with stem `common.mk.ym'.
     Trying implicit prerequisite `common.mk.ym,v'.
     Trying pattern rule with stem `common.mk.ym'.
     Trying implicit prerequisite `RCS/common.mk.ym,v'.
     Trying pattern rule with stem `common.mk.ym'.
     Trying implicit prerequisite `RCS/common.mk.ym'.
     Trying pattern rule with stem `common.mk.ym'.
     Trying implicit prerequisite `s.common.mk.ym'.
     Trying pattern rule with stem `common.mk.ym'.
     Trying implicit prerequisite `SCCS/s.common.mk.ym'.
    Trying pattern rule with stem `common.mk'.
    Trying implicit prerequisite `common.mk.lm'.
    Looking for a rule with intermediate file `common.mk.lm'.
     Avoiding implicit rule recursion.
     Avoiding implicit rule recursion.
     Avoiding implicit rule recursion.
     Trying pattern rule with stem `common.mk.lm'.
     Trying implicit prerequisite `common.mk.lm,v'.
     Trying pattern rule with stem `common.mk.lm'.
     Trying implicit prerequisite `RCS/common.mk.lm,v'.
     Trying pattern rule with stem `common.mk.lm'.
     Trying implicit prerequisite `RCS/common.mk.lm'.
     Trying pattern rule with stem `common.mk.lm'.
     Trying implicit prerequisite `s.common.mk.lm'.
     Trying pattern rule with stem `common.mk.lm'.
     Trying implicit prerequisite `SCCS/s.common.mk.lm'.
   Trying pattern rule with stem `common.mk'.
   Rejecting impossible implicit prerequisite `common.mk.r'.
   Trying pattern rule with stem `common.mk'.
   Trying implicit prerequisite `common.mk.s'.
   Looking for a rule with intermediate file `common.mk.s'.
    Avoiding implicit rule recursion.
    Avoiding implicit rule recursion.
    Trying pattern rule with stem `common.mk'.
    Trying implicit prerequisite `common.mk.S'.
    Trying pattern rule with stem `common.mk.s'.
    Trying implicit prerequisite `common.mk.s,v'.
    Trying pattern rule with stem `common.mk.s'.
    Trying implicit prerequisite `RCS/common.mk.s,v'.
    Trying pattern rule with stem `common.mk.s'.
    Trying implicit prerequisite `RCS/common.mk.s'.
    Trying pattern rule with stem `common.mk.s'.
    Trying implicit prerequisite `s.common.mk.s'.
    Trying pattern rule with stem `common.mk.s'.
    Trying implicit prerequisite `SCCS/s.common.mk.s'.
    Trying pattern rule with stem `common.mk'.
    Trying implicit prerequisite `common.mk.S'.
    Looking for a rule with intermediate file `common.mk.S'.
     Avoiding implicit rule recursion.
     Avoiding implicit rule recursion.
     Avoiding implicit rule recursion.
     Trying pattern rule with stem `common.mk.S'.
     Trying implicit prerequisite `common.mk.S,v'.
     Trying pattern rule with stem `common.mk.S'.
     Trying implicit prerequisite `RCS/common.mk.S,v'.
     Trying pattern rule with stem `common.mk.S'.
     Trying implicit prerequisite `RCS/common.mk.S'.
     Trying pattern rule with stem `common.mk.S'.
     Trying implicit prerequisite `s.common.mk.S'.
     Trying pattern rule with stem `common.mk.S'.
     Trying implicit prerequisite `SCCS/s.common.mk.S'.
   Trying pattern rule with stem `common.mk'.
   Rejecting impossible implicit prerequisite `common.mk.S'.
   Trying pattern rule with stem `common.mk'.
   Trying implicit prerequisite `common.mk.mod'.
   Looking for a rule with intermediate file `common.mk.mod'.
    Avoiding implicit rule recursion.
    Avoiding implicit rule recursion.
    Trying pattern rule with stem `common.mk.mod'.
    Trying implicit prerequisite `common.mk.mod,v'.
    Trying pattern rule with stem `common.mk.mod'.
    Trying implicit prerequisite `RCS/common.mk.mod,v'.
    Trying pattern rule with stem `common.mk.mod'.
    Trying implicit prerequisite `RCS/common.mk.mod'.
    Trying pattern rule with stem `common.mk.mod'.
    Trying implicit prerequisite `s.common.mk.mod'.
    Trying pattern rule with stem `common.mk.mod'.
    Trying implicit prerequisite `SCCS/s.common.mk.mod'.
  Trying pattern rule with stem `common.mk'.
  Rejecting impossible implicit prerequisite `common.mk.cc'.
  Trying pattern rule with stem `common.mk'.
  Rejecting impossible implicit prerequisite `common.mk.C'.
  Trying pattern rule with stem `common.mk'.
  Rejecting impossible implicit prerequisite `common.mk.cpp'.
  Trying pattern rule with stem `common.mk'.
  Rejecting impossible implicit prerequisite `common.mk.p'.
  Trying pattern rule with stem `common.mk'.
  Rejecting impossible implicit prerequisite `common.mk.f'.
  Trying pattern rule with stem `common.mk'.
  Rejecting impossible implicit prerequisite `common.mk.F'.
  Trying pattern rule with stem `common.mk'.
  Rejecting impossible implicit prerequisite `common.mk.m'.
  Trying pattern rule with stem `common.mk'.
  Rejecting impossible implicit prerequisite `common.mk.r'.
  Trying pattern rule with stem `common.mk'.
  Rejecting impossible implicit prerequisite `common.mk.s'.
  Trying pattern rule with stem `common.mk'.
  Rejecting impossible implicit prerequisite `common.mk.S'.
  Trying pattern rule with stem `common.mk'.
  Rejecting impossible implicit prerequisite `common.mk.mod'.
  Trying pattern rule with stem `common.mk'.
  Trying implicit prerequisite `common.mk.sh'.
  Looking for a rule with intermediate file `common.mk.sh'.
   Avoiding implicit rule recursion.
   Trying pattern rule with stem `common.mk.sh'.
   Trying implicit prerequisite `common.mk.sh,v'.
   Trying pattern rule with stem `common.mk.sh'.
   Trying implicit prerequisite `RCS/common.mk.sh,v'.
   Trying pattern rule with stem `common.mk.sh'.
   Trying implicit prerequisite `RCS/common.mk.sh'.
   Trying pattern rule with stem `common.mk.sh'.
   Trying implicit prerequisite `s.common.mk.sh'.
   Trying pattern rule with stem `common.mk.sh'.
   Trying implicit prerequisite `SCCS/s.common.mk.sh'.
  No implicit rule found for `common.mk'.
  Finished prerequisites of target file `common.mk'.
 No need to remake target `common.mk'.
 Considering target file `../../src/Makefile.custom'.
  File `../../src/Makefile.custom' does not exist.
  Looking for an implicit rule for `../../src/Makefile.custom'.
  Trying pattern rule with stem `Makefile.custom'.
  Trying implicit prerequisite `../../src/Makefile.custom.o'.
  Trying pattern rule with stem `Makefile.custom'.
  Trying implicit prerequisite `../../src/Makefile.custom.cc'.
  Trying pattern rule with stem `Makefile.custom'.
  Trying implicit prerequisite `../../src/Makefile.custom.C'.
  Trying pattern rule with stem `Makefile.custom'.
  Trying implicit prerequisite `../../src/Makefile.custom.cpp'.
  Trying pattern rule with stem `Makefile.custom'.
  Trying implicit prerequisite `../../src/Makefile.custom.p'.
  Trying pattern rule with stem `Makefile.custom'.
  Trying implicit prerequisite `../../src/Makefile.custom.f'.
  Trying pattern rule with stem `Makefile.custom'.
  Trying implicit prerequisite `../../src/Makefile.custom.F'.
  Trying pattern rule with stem `Makefile.custom'.
  Trying implicit prerequisite `../../src/Makefile.custom.m'.
  Trying pattern rule with stem `Makefile.custom'.
  Trying implicit prerequisite `../../src/Makefile.custom.r'.
  Trying pattern rule with stem `Makefile.custom'.
  Trying implicit prerequisite `../../src/Makefile.custom.s'.
  Trying pattern rule with stem `Makefile.custom'.
  Trying implicit prerequisite `../../src/Makefile.custom.S'.
  Trying pattern rule with stem `Makefile.custom'.
  Trying implicit prerequisite `../../src/Makefile.custom.mod'.
  Trying pattern rule with stem `Makefile.custom'.
  Trying implicit prerequisite `../../src/Makefile.custom.sh'.
  Trying pattern rule with stem `Makefile.custom'.
  Trying implicit prerequisite `../../src/Makefile.custom,v'.
  Trying pattern rule with stem `Makefile.custom'.
  Trying implicit prerequisite `../../src/RCS/Makefile.custom,v'.
  Trying pattern rule with stem `Makefile.custom'.
  Trying implicit prerequisite `../../src/RCS/Makefile.custom'.
  Trying pattern rule with stem `Makefile.custom'.
  Trying implicit prerequisite `../../src/s.Makefile.custom'.
  Trying pattern rule with stem `Makefile.custom'.
  Trying implicit prerequisite `../../src/SCCS/s.Makefile.custom'.
  Trying pattern rule with stem `Makefile.custom'.
  Trying implicit prerequisite `../../src/Makefile.custom.o'.
  Looking for a rule with intermediate file `../../src/Makefile.custom.o'.
   Avoiding implicit rule recursion.
   Trying pattern rule with stem `Makefile.custom'.
   Trying implicit prerequisite `../../src/Makefile.custom.c'.
   Trying pattern rule with stem `Makefile.custom'.
   Trying implicit prerequisite `../../src/Makefile.custom.cc'.
   Trying pattern rule with stem `Makefile.custom'.
   Trying implicit prerequisite `../../src/Makefile.custom.C'.
   Trying pattern rule with stem `Makefile.custom'.
   Trying implicit prerequisite `../../src/Makefile.custom.cpp'.
   Trying pattern rule with stem `Makefile.custom'.
   Trying implicit prerequisite `../../src/Makefile.custom.p'.
   Trying pattern rule with stem `Makefile.custom'.
   Trying implicit prerequisite `../../src/Makefile.custom.f'.
   Trying pattern rule with stem `Makefile.custom'.
   Trying implicit prerequisite `../../src/Makefile.custom.F'.
   Trying pattern rule with stem `Makefile.custom'.
   Trying implicit prerequisite `../../src/Makefile.custom.m'.
   Trying pattern rule with stem `Makefile.custom'.
   Trying implicit prerequisite `../../src/Makefile.custom.r'.
   Trying pattern rule with stem `Makefile.custom'.
   Trying implicit prerequisite `../../src/Makefile.custom.s'.
   Trying pattern rule with stem `Makefile.custom'.
   Trying implicit prerequisite `../../src/Makefile.custom.S'.
   Trying pattern rule with stem `Makefile.custom'.
   Trying implicit prerequisite `../../src/Makefile.custom.mod'.
   Trying pattern rule with stem `Makefile.custom.o'.
   Trying implicit prerequisite `../../src/Makefile.custom.o,v'.
   Trying pattern rule with stem `Makefile.custom.o'.
   Trying implicit prerequisite `../../src/RCS/Makefile.custom.o,v'.
   Trying pattern rule with stem `Makefile.custom.o'.
   Trying implicit prerequisite `../../src/RCS/Makefile.custom.o'.
   Trying pattern rule with stem `Makefile.custom.o'.
   Trying implicit prerequisite `../../src/s.Makefile.custom.o'.
   Trying pattern rule with stem `Makefile.custom.o'.
   Trying implicit prerequisite `../../src/SCCS/s.Makefile.custom.o'.
   Trying pattern rule with stem `Makefile.custom'.
   Trying implicit prerequisite `../../src/Makefile.custom.c'.
   Looking for a rule with intermediate file `../../src/Makefile.custom.c'.
    Avoiding implicit rule recursion.
    Avoiding implicit rule recursion.
    Trying pattern rule with stem `Makefile.custom'.
    Trying implicit prerequisite `../../src/Makefile.custom.l'.
    Trying pattern rule with stem `Makefile.custom'.
    Trying implicit prerequisite `../../src/Makefile.custom.y'.
    Trying pattern rule with stem `Makefile.custom'.
    Trying implicit prerequisite `../../src/Makefile.custom.w'.
    Trying pattern rule with stem `Makefile.custom'.
    Trying implicit prerequisite `../../src/Makefile.custom.w'.
    Trying pattern rule with stem `Makefile.custom.c'.
    Trying implicit prerequisite `../../src/Makefile.custom.c,v'.
    Trying pattern rule with stem `Makefile.custom.c'.
    Trying implicit prerequisite `../../src/RCS/Makefile.custom.c,v'.
    Trying pattern rule with stem `Makefile.custom.c'.
    Trying implicit prerequisite `../../src/RCS/Makefile.custom.c'.
    Trying pattern rule with stem `Makefile.custom.c'.
    Trying implicit prerequisite `../../src/s.Makefile.custom.c'.
    Trying pattern rule with stem `Makefile.custom.c'.
    Trying implicit prerequisite `../../src/SCCS/s.Makefile.custom.c'.
    Trying pattern rule with stem `Makefile.custom'.
    Trying implicit prerequisite `../../src/Makefile.custom.l'.
    Looking for a rule with intermediate file `../../src/Makefile.custom.l'.
     Avoiding implicit rule recursion.
     Avoiding implicit rule recursion.
     Avoiding implicit rule recursion.
     Trying pattern rule with stem `Makefile.custom.l'.
     Trying implicit prerequisite `../../src/Makefile.custom.l,v'.
     Trying pattern rule with stem `Makefile.custom.l'.
     Trying implicit prerequisite `../../src/RCS/Makefile.custom.l,v'.
     Trying pattern rule with stem `Makefile.custom.l'.
     Trying implicit prerequisite `../../src/RCS/Makefile.custom.l'.
     Trying pattern rule with stem `Makefile.custom.l'.
     Trying implicit prerequisite `../../src/s.Makefile.custom.l'.
     Trying pattern rule with stem `Makefile.custom.l'.
     Trying implicit prerequisite `../../src/SCCS/s.Makefile.custom.l'.
    Trying pattern rule with stem `Makefile.custom'.
    Trying implicit prerequisite `../../src/Makefile.custom.y'.
    Looking for a rule with intermediate file `../../src/Makefile.custom.y'.
     Avoiding implicit rule recursion.
     Avoiding implicit rule recursion.
     Avoiding implicit rule recursion.
     Trying pattern rule with stem `Makefile.custom.y'.
     Trying implicit prerequisite `../../src/Makefile.custom.y,v'.
     Trying pattern rule with stem `Makefile.custom.y'.
     Trying implicit prerequisite `../../src/RCS/Makefile.custom.y,v'.
     Trying pattern rule with stem `Makefile.custom.y'.
     Trying implicit prerequisite `../../src/RCS/Makefile.custom.y'.
     Trying pattern rule with stem `Makefile.custom.y'.
     Trying implicit prerequisite `../../src/s.Makefile.custom.y'.
     Trying pattern rule with stem `Makefile.custom.y'.
     Trying implicit prerequisite `../../src/SCCS/s.Makefile.custom.y'.
    Trying pattern rule with stem `Makefile.custom'.
    Trying implicit prerequisite `../../src/Makefile.custom.w'.
    Looking for a rule with intermediate file `../../src/Makefile.custom.w'.
     Avoiding implicit rule recursion.
     Avoiding implicit rule recursion.
     Avoiding implicit rule recursion.
     Trying pattern rule with stem `Makefile.custom.w'.
     Trying implicit prerequisite `../../src/Makefile.custom.w,v'.
     Trying pattern rule with stem `Makefile.custom.w'.
     Trying implicit prerequisite `../../src/RCS/Makefile.custom.w,v'.
     Trying pattern rule with stem `Makefile.custom.w'.
     Trying implicit prerequisite `../../src/RCS/Makefile.custom.w'.
     Trying pattern rule with stem `Makefile.custom.w'.
     Trying implicit prerequisite `../../src/s.Makefile.custom.w'.
     Trying pattern rule with stem `Makefile.custom.w'.
     Trying implicit prerequisite `../../src/SCCS/s.Makefile.custom.w'.
    Trying pattern rule with stem `Makefile.custom'.
    Rejecting impossible implicit prerequisite `../../src/Makefile.custom.w'.
   Trying pattern rule with stem `Makefile.custom'.
   Trying implicit prerequisite `../../src/Makefile.custom.cc'.
   Looking for a rule with intermediate file `../../src/Makefile.custom.cc'.
    Avoiding implicit rule recursion.
    Avoiding implicit rule recursion.
    Trying pattern rule with stem `Makefile.custom.cc'.
    Trying implicit prerequisite `../../src/Makefile.custom.cc,v'.
    Trying pattern rule with stem `Makefile.custom.cc'.
    Trying implicit prerequisite `../../src/RCS/Makefile.custom.cc,v'.
    Trying pattern rule with stem `Makefile.custom.cc'.
    Trying implicit prerequisite `../../src/RCS/Makefile.custom.cc'.
    Trying pattern rule with stem `Makefile.custom.cc'.
    Trying implicit prerequisite `../../src/s.Makefile.custom.cc'.
    Trying pattern rule with stem `Makefile.custom.cc'.
    Trying implicit prerequisite `../../src/SCCS/s.Makefile.custom.cc'.
   Trying pattern rule with stem `Makefile.custom'.
   Trying implicit prerequisite `../../src/Makefile.custom.C'.
   Looking for a rule with intermediate file `../../src/Makefile.custom.C'.
    Avoiding implicit rule recursion.
    Avoiding implicit rule recursion.
    Trying pattern rule with stem `Makefile.custom.C'.
    Trying implicit prerequisite `../../src/Makefile.custom.C,v'.
    Trying pattern rule with stem `Makefile.custom.C'.
    Trying implicit prerequisite `../../src/RCS/Makefile.custom.C,v'.
    Trying pattern rule with stem `Makefile.custom.C'.
    Trying implicit prerequisite `../../src/RCS/Makefile.custom.C'.
    Trying pattern rule with stem `Makefile.custom.C'.
    Trying implicit prerequisite `../../src/s.Makefile.custom.C'.
    Trying pattern rule with stem `Makefile.custom.C'.
    Trying implicit prerequisite `../../src/SCCS/s.Makefile.custom.C'.
   Trying pattern rule with stem `Makefile.custom'.
   Trying implicit prerequisite `../../src/Makefile.custom.cpp'.
   Looking for a rule with intermediate file `../../src/Makefile.custom.cpp'.
    Avoiding implicit rule recursion.
    Avoiding implicit rule recursion.
    Trying pattern rule with stem `Makefile.custom.cpp'.
    Trying implicit prerequisite `../../src/Makefile.custom.cpp,v'.
    Trying pattern rule with stem `Makefile.custom.cpp'.
    Trying implicit prerequisite `../../src/RCS/Makefile.custom.cpp,v'.
    Trying pattern rule with stem `Makefile.custom.cpp'.
    Trying implicit prerequisite `../../src/RCS/Makefile.custom.cpp'.
    Trying pattern rule with stem `Makefile.custom.cpp'.
    Trying implicit prerequisite `../../src/s.Makefile.custom.cpp'.
    Trying pattern rule with stem `Makefile.custom.cpp'.
    Trying implicit prerequisite `../../src/SCCS/s.Makefile.custom.cpp'.
   Trying pattern rule with stem `Makefile.custom'.
   Trying implicit prerequisite `../../src/Makefile.custom.p'.
   Looking for a rule with intermediate file `../../src/Makefile.custom.p'.
    Avoiding implicit rule recursion.
    Avoiding implicit rule recursion.
    Trying pattern rule with stem `Makefile.custom'.
    Trying implicit prerequisite `../../src/Makefile.custom.web'.
    Trying pattern rule with stem `Makefile.custom.p'.
    Trying implicit prerequisite `../../src/Makefile.custom.p,v'.
    Trying pattern rule with stem `Makefile.custom.p'.
    Trying implicit prerequisite `../../src/RCS/Makefile.custom.p,v'.
    Trying pattern rule with stem `Makefile.custom.p'.
    Trying implicit prerequisite `../../src/RCS/Makefile.custom.p'.
    Trying pattern rule with stem `Makefile.custom.p'.
    Trying implicit prerequisite `../../src/s.Makefile.custom.p'.
    Trying pattern rule with stem `Makefile.custom.p'.
    Trying implicit prerequisite `../../src/SCCS/s.Makefile.custom.p'.
    Trying pattern rule with stem `Makefile.custom'.
    Trying implicit prerequisite `../../src/Makefile.custom.web'.
    Looking for a rule with intermediate file `../../src/Makefile.custom.web'.
     Avoiding implicit rule recursion.
     Avoiding implicit rule recursion.
     Avoiding implicit rule recursion.
     Trying pattern rule with stem `Makefile.custom.web'.
     Trying implicit prerequisite `../../src/Makefile.custom.web,v'.
     Trying pattern rule with stem `Makefile.custom.web'.
     Trying implicit prerequisite `../../src/RCS/Makefile.custom.web,v'.
     Trying pattern rule with stem `Makefile.custom.web'.
     Trying implicit prerequisite `../../src/RCS/Makefile.custom.web'.
     Trying pattern rule with stem `Makefile.custom.web'.
     Trying implicit prerequisite `../../src/s.Makefile.custom.web'.
     Trying pattern rule with stem `Makefile.custom.web'.
     Trying implicit prerequisite `../../src/SCCS/s.Makefile.custom.web'.
   Trying pattern rule with stem `Makefile.custom'.
   Trying implicit prerequisite `../../src/Makefile.custom.f'.
   Looking for a rule with intermediate file `../../src/Makefile.custom.f'.
    Avoiding implicit rule recursion.
    Avoiding implicit rule recursion.
    Trying pattern rule with stem `Makefile.custom'.
    Trying implicit prerequisite `../../src/Makefile.custom.F'.
    Trying pattern rule with stem `Makefile.custom'.
    Trying implicit prerequisite `../../src/Makefile.custom.r'.
    Trying pattern rule with stem `Makefile.custom.f'.
    Trying implicit prerequisite `../../src/Makefile.custom.f,v'.
    Trying pattern rule with stem `Makefile.custom.f'.
    Trying implicit prerequisite `../../src/RCS/Makefile.custom.f,v'.
    Trying pattern rule with stem `Makefile.custom.f'.
    Trying implicit prerequisite `../../src/RCS/Makefile.custom.f'.
    Trying pattern rule with stem `Makefile.custom.f'.
    Trying implicit prerequisite `../../src/s.Makefile.custom.f'.
    Trying pattern rule with stem `Makefile.custom.f'.
    Trying implicit prerequisite `../../src/SCCS/s.Makefile.custom.f'.
    Trying pattern rule with stem `Makefile.custom'.
    Trying implicit prerequisite `../../src/Makefile.custom.F'.
    Looking for a rule with intermediate file `../../src/Makefile.custom.F'.
     Avoiding implicit rule recursion.
     Avoiding implicit rule recursion.
     Avoiding implicit rule recursion.
     Trying pattern rule with stem `Makefile.custom.F'.
     Trying implicit prerequisite `../../src/Makefile.custom.F,v'.
     Trying pattern rule with stem `Makefile.custom.F'.
     Trying implicit prerequisite `../../src/RCS/Makefile.custom.F,v'.
     Trying pattern rule with stem `Makefile.custom.F'.
     Trying implicit prerequisite `../../src/RCS/Makefile.custom.F'.
     Trying pattern rule with stem `Makefile.custom.F'.
     Trying implicit prerequisite `../../src/s.Makefile.custom.F'.
     Trying pattern rule with stem `Makefile.custom.F'.
     Trying implicit prerequisite `../../src/SCCS/s.Makefile.custom.F'.
    Trying pattern rule with stem `Makefile.custom'.
    Trying implicit prerequisite `../../src/Makefile.custom.r'.
    Looking for a rule with intermediate file `../../src/Makefile.custom.r'.
     Avoiding implicit rule recursion.
     Avoiding implicit rule recursion.
     Avoiding implicit rule recursion.
     Trying pattern rule with stem `Makefile.custom'.
     Rejecting impossible implicit prerequisite `../../src/Makefile.custom.l'.
     Trying pattern rule with stem `Makefile.custom.r'.
     Trying implicit prerequisite `../../src/Makefile.custom.r,v'.
     Trying pattern rule with stem `Makefile.custom.r'.
     Trying implicit prerequisite `../../src/RCS/Makefile.custom.r,v'.
     Trying pattern rule with stem `Makefile.custom.r'.
     Trying implicit prerequisite `../../src/RCS/Makefile.custom.r'.
     Trying pattern rule with stem `Makefile.custom.r'.
     Trying implicit prerequisite `../../src/s.Makefile.custom.r'.
     Trying pattern rule with stem `Makefile.custom.r'.
     Trying implicit prerequisite `../../src/SCCS/s.Makefile.custom.r'.
   Trying pattern rule with stem `Makefile.custom'.
   Rejecting impossible implicit prerequisite `../../src/Makefile.custom.F'.
   Trying pattern rule with stem `Makefile.custom'.
   Trying implicit prerequisite `../../src/Makefile.custom.m'.
   Looking for a rule with intermediate file `../../src/Makefile.custom.m'.
    Avoiding implicit rule recursion.
    Avoiding implicit rule recursion.
    Trying pattern rule with stem `Makefile.custom'.
    Trying implicit prerequisite `../../src/Makefile.custom.ym'.
    Trying pattern rule with stem `Makefile.custom'.
    Trying implicit prerequisite `../../src/Makefile.custom.lm'.
    Trying pattern rule with stem `Makefile.custom.m'.
    Trying implicit prerequisite `../../src/Makefile.custom.m,v'.
    Trying pattern rule with stem `Makefile.custom.m'.
    Trying implicit prerequisite `../../src/RCS/Makefile.custom.m,v'.
    Trying pattern rule with stem `Makefile.custom.m'.
    Trying implicit prerequisite `../../src/RCS/Makefile.custom.m'.
    Trying pattern rule with stem `Makefile.custom.m'.
    Trying implicit prerequisite `../../src/s.Makefile.custom.m'.
    Trying pattern rule with stem `Makefile.custom.m'.
    Trying implicit prerequisite `../../src/SCCS/s.Makefile.custom.m'.
    Trying pattern rule with stem `Makefile.custom'.
    Trying implicit prerequisite `../../src/Makefile.custom.ym'.
    Looking for a rule with intermediate file `../../src/Makefile.custom.ym'.
     Avoiding implicit rule recursion.
     Avoiding implicit rule recursion.
     Avoiding implicit rule recursion.
     Trying pattern rule with stem `Makefile.custom.ym'.
     Trying implicit prerequisite `../../src/Makefile.custom.ym,v'.
     Trying pattern rule with stem `Makefile.custom.ym'.
     Trying implicit prerequisite `../../src/RCS/Makefile.custom.ym,v'.
     Trying pattern rule with stem `Makefile.custom.ym'.
     Trying implicit prerequisite `../../src/RCS/Makefile.custom.ym'.
     Trying pattern rule with stem `Makefile.custom.ym'.
     Trying implicit prerequisite `../../src/s.Makefile.custom.ym'.
     Trying pattern rule with stem `Makefile.custom.ym'.
     Trying implicit prerequisite `../../src/SCCS/s.Makefile.custom.ym'.
    Trying pattern rule with stem `Makefile.custom'.
    Trying implicit prerequisite `../../src/Makefile.custom.lm'.
    Looking for a rule with intermediate file `../../src/Makefile.custom.lm'.
     Avoiding implicit rule recursion.
     Avoiding implicit rule recursion.
     Avoiding implicit rule recursion.
     Trying pattern rule with stem `Makefile.custom.lm'.
     Trying implicit prerequisite `../../src/Makefile.custom.lm,v'.
     Trying pattern rule with stem `Makefile.custom.lm'.
     Trying implicit prerequisite `../../src/RCS/Makefile.custom.lm,v'.
     Trying pattern rule with stem `Makefile.custom.lm'.
     Trying implicit prerequisite `../../src/RCS/Makefile.custom.lm'.
     Trying pattern rule with stem `Makefile.custom.lm'.
     Trying implicit prerequisite `../../src/s.Makefile.custom.lm'.
     Trying pattern rule with stem `Makefile.custom.lm'.
     Trying implicit prerequisite `../../src/SCCS/s.Makefile.custom.lm'.
   Trying pattern rule with stem `Makefile.custom'.
   Rejecting impossible implicit prerequisite `../../src/Makefile.custom.r'.
   Trying pattern rule with stem `Makefile.custom'.
   Trying implicit prerequisite `../../src/Makefile.custom.s'.
   Looking for a rule with intermediate file `../../src/Makefile.custom.s'.
    Avoiding implicit rule recursion.
    Avoiding implicit rule recursion.
    Trying pattern rule with stem `Makefile.custom'.
    Trying implicit prerequisite `../../src/Makefile.custom.S'.
    Trying pattern rule with stem `Makefile.custom.s'.
    Trying implicit prerequisite `../../src/Makefile.custom.s,v'.
    Trying pattern rule with stem `Makefile.custom.s'.
    Trying implicit prerequisite `../../src/RCS/Makefile.custom.s,v'.
    Trying pattern rule with stem `Makefile.custom.s'.
    Trying implicit prerequisite `../../src/RCS/Makefile.custom.s'.
    Trying pattern rule with stem `Makefile.custom.s'.
    Trying implicit prerequisite `../../src/s.Makefile.custom.s'.
    Trying pattern rule with stem `Makefile.custom.s'.
    Trying implicit prerequisite `../../src/SCCS/s.Makefile.custom.s'.
    Trying pattern rule with stem `Makefile.custom'.
    Trying implicit prerequisite `../../src/Makefile.custom.S'.
    Looking for a rule with intermediate file `../../src/Makefile.custom.S'.
     Avoiding implicit rule recursion.
     Avoiding implicit rule recursion.
     Avoiding implicit rule recursion.
     Trying pattern rule with stem `Makefile.custom.S'.
     Trying implicit prerequisite `../../src/Makefile.custom.S,v'.
     Trying pattern rule with stem `Makefile.custom.S'.
     Trying implicit prerequisite `../../src/RCS/Makefile.custom.S,v'.
     Trying pattern rule with stem `Makefile.custom.S'.
     Trying implicit prerequisite `../../src/RCS/Makefile.custom.S'.
     Trying pattern rule with stem `Makefile.custom.S'.
     Trying implicit prerequisite `../../src/s.Makefile.custom.S'.
     Trying pattern rule with stem `Makefile.custom.S'.
     Trying implicit prerequisite `../../src/SCCS/s.Makefile.custom.S'.
   Trying pattern rule with stem `Makefile.custom'.
   Rejecting impossible implicit prerequisite `../../src/Makefile.custom.S'.
   Trying pattern rule with stem `Makefile.custom'.
   Trying implicit prerequisite `../../src/Makefile.custom.mod'.
   Looking for a rule with intermediate file `../../src/Makefile.custom.mod'.
    Avoiding implicit rule recursion.
    Avoiding implicit rule recursion.
    Trying pattern rule with stem `Makefile.custom.mod'.
    Trying implicit prerequisite `../../src/Makefile.custom.mod,v'.
    Trying pattern rule with stem `Makefile.custom.mod'.
    Trying implicit prerequisite `../../src/RCS/Makefile.custom.mod,v'.
    Trying pattern rule with stem `Makefile.custom.mod'.
    Trying implicit prerequisite `../../src/RCS/Makefile.custom.mod'.
    Trying pattern rule with stem `Makefile.custom.mod'.
    Trying implicit prerequisite `../../src/s.Makefile.custom.mod'.
    Trying pattern rule with stem `Makefile.custom.mod'.
    Trying implicit prerequisite `../../src/SCCS/s.Makefile.custom.mod'.
  Trying pattern rule with stem `Makefile.custom'.
  Rejecting impossible implicit prerequisite `../../src/Makefile.custom.cc'.
  Trying pattern rule with stem `Makefile.custom'.
  Rejecting impossible implicit prerequisite `../../src/Makefile.custom.C'.
  Trying pattern rule with stem `Makefile.custom'.
  Rejecting impossible implicit prerequisite `../../src/Makefile.custom.cpp'.
  Trying pattern rule with stem `Makefile.custom'.
  Rejecting impossible implicit prerequisite `../../src/Makefile.custom.p'.
  Trying pattern rule with stem `Makefile.custom'.
  Rejecting impossible implicit prerequisite `../../src/Makefile.custom.f'.
  Trying pattern rule with stem `Makefile.custom'.
  Rejecting impossible implicit prerequisite `../../src/Makefile.custom.F'.
  Trying pattern rule with stem `Makefile.custom'.
  Rejecting impossible implicit prerequisite `../../src/Makefile.custom.m'.
  Trying pattern rule with stem `Makefile.custom'.
  Rejecting impossible implicit prerequisite `../../src/Makefile.custom.r'.
  Trying pattern rule with stem `Makefile.custom'.
  Rejecting impossible implicit prerequisite `../../src/Makefile.custom.s'.
  Trying pattern rule with stem `Makefile.custom'.
  Rejecting impossible implicit prerequisite `../../src/Makefile.custom.S'.
  Trying pattern rule with stem `Makefile.custom'.
  Rejecting impossible implicit prerequisite `../../src/Makefile.custom.mod'.
  Trying pattern rule with stem `Makefile.custom'.
  Trying implicit prerequisite `../../src/Makefile.custom.sh'.
  Looking for a rule with intermediate file `../../src/Makefile.custom.sh'.
   Avoiding implicit rule recursion.
   Trying pattern rule with stem `Makefile.custom.sh'.
   Trying implicit prerequisite `../../src/Makefile.custom.sh,v'.
   Trying pattern rule with stem `Makefile.custom.sh'.
   Trying implicit prerequisite `../../src/RCS/Makefile.custom.sh,v'.
   Trying pattern rule with stem `Makefile.custom.sh'.
   Trying implicit prerequisite `../../src/RCS/Makefile.custom.sh'.
   Trying pattern rule with stem `Makefile.custom.sh'.
   Trying implicit prerequisite `../../src/s.Makefile.custom.sh'.
   Trying pattern rule with stem `Makefile.custom.sh'.
   Trying implicit prerequisite `../../src/SCCS/s.Makefile.custom.sh'.
  No implicit rule found for `../../src/Makefile.custom'.
  Finished prerequisites of target file `../../src/Makefile.custom'.
 Must remake target `../../src/Makefile.custom'.
 Failed to remake target file `../../src/Makefile.custom'.
 Considering target file `../../src/Makefile.port'.
  Looking for an implicit rule for `../../src/Makefile.port'.
  Trying pattern rule with stem `Makefile.port'.
  Trying implicit prerequisite `../../src/Makefile.port.o'.
  Trying pattern rule with stem `Makefile.port'.
  Trying implicit prerequisite `../../src/Makefile.port.cc'.
  Trying pattern rule with stem `Makefile.port'.
  Trying implicit prerequisite `../../src/Makefile.port.C'.
  Trying pattern rule with stem `Makefile.port'.
  Trying implicit prerequisite `../../src/Makefile.port.cpp'.
  Trying pattern rule with stem `Makefile.port'.
  Trying implicit prerequisite `../../src/Makefile.port.p'.
  Trying pattern rule with stem `Makefile.port'.
  Trying implicit prerequisite `../../src/Makefile.port.f'.
  Trying pattern rule with stem `Makefile.port'.
  Trying implicit prerequisite `../../src/Makefile.port.F'.
  Trying pattern rule with stem `Makefile.port'.
  Trying implicit prerequisite `../../src/Makefile.port.m'.
  Trying pattern rule with stem `Makefile.port'.
  Trying implicit prerequisite `../../src/Makefile.port.r'.
  Trying pattern rule with stem `Makefile.port'.
  Trying implicit prerequisite `../../src/Makefile.port.s'.
  Trying pattern rule with stem `Makefile.port'.
  Trying implicit prerequisite `../../src/Makefile.port.S'.
  Trying pattern rule with stem `Makefile.port'.
  Trying implicit prerequisite `../../src/Makefile.port.mod'.
  Trying pattern rule with stem `Makefile.port'.
  Trying implicit prerequisite `../../src/Makefile.port.sh'.
  Trying pattern rule with stem `Makefile.port'.
  Trying implicit prerequisite `../../src/Makefile.port,v'.
  Trying pattern rule with stem `Makefile.port'.
  Trying implicit prerequisite `../../src/RCS/Makefile.port,v'.
  Trying pattern rule with stem `Makefile.port'.
  Trying implicit prerequisite `../../src/RCS/Makefile.port'.
  Trying pattern rule with stem `Makefile.port'.
  Trying implicit prerequisite `../../src/s.Makefile.port'.
  Trying pattern rule with stem `Makefile.port'.
  Trying implicit prerequisite `../../src/SCCS/s.Makefile.port'.
  Trying pattern rule with stem `Makefile.port'.
  Trying implicit prerequisite `../../src/Makefile.port.o'.
  Looking for a rule with intermediate file `../../src/Makefile.port.o'.
   Avoiding implicit rule recursion.
   Trying pattern rule with stem `Makefile.port'.
   Trying implicit prerequisite `../../src/Makefile.port.c'.
   Trying pattern rule with stem `Makefile.port'.
   Trying implicit prerequisite `../../src/Makefile.port.cc'.
   Trying pattern rule with stem `Makefile.port'.
   Trying implicit prerequisite `../../src/Makefile.port.C'.
   Trying pattern rule with stem `Makefile.port'.
   Trying implicit prerequisite `../../src/Makefile.port.cpp'.
   Trying pattern rule with stem `Makefile.port'.
   Trying implicit prerequisite `../../src/Makefile.port.p'.
   Trying pattern rule with stem `Makefile.port'.
   Trying implicit prerequisite `../../src/Makefile.port.f'.
   Trying pattern rule with stem `Makefile.port'.
   Trying implicit prerequisite `../../src/Makefile.port.F'.
   Trying pattern rule with stem `Makefile.port'.
   Trying implicit prerequisite `../../src/Makefile.port.m'.
   Trying pattern rule with stem `Makefile.port'.
   Trying implicit prerequisite `../../src/Makefile.port.r'.
   Trying pattern rule with stem `Makefile.port'.
   Trying implicit prerequisite `../../src/Makefile.port.s'.
   Trying pattern rule with stem `Makefile.port'.
   Trying implicit prerequisite `../../src/Makefile.port.S'.
   Trying pattern rule with stem `Makefile.port'.
   Trying implicit prerequisite `../../src/Makefile.port.mod'.
   Trying pattern rule with stem `Makefile.port.o'.
   Trying implicit prerequisite `../../src/Makefile.port.o,v'.
   Trying pattern rule with stem `Makefile.port.o'.
   Trying implicit prerequisite `../../src/RCS/Makefile.port.o,v'.
   Trying pattern rule with stem `Makefile.port.o'.
   Trying implicit prerequisite `../../src/RCS/Makefile.port.o'.
   Trying pattern rule with stem `Makefile.port.o'.
   Trying implicit prerequisite `../../src/s.Makefile.port.o'.
   Trying pattern rule with stem `Makefile.port.o'.
   Trying implicit prerequisite `../../src/SCCS/s.Makefile.port.o'.
   Trying pattern rule with stem `Makefile.port'.
   Trying implicit prerequisite `../../src/Makefile.port.c'.
   Looking for a rule with intermediate file `../../src/Makefile.port.c'.
    Avoiding implicit rule recursion.
    Avoiding implicit rule recursion.
    Trying pattern rule with stem `Makefile.port'.
    Trying implicit prerequisite `../../src/Makefile.port.l'.
    Trying pattern rule with stem `Makefile.port'.
    Trying implicit prerequisite `../../src/Makefile.port.y'.
    Trying pattern rule with stem `Makefile.port'.
    Trying implicit prerequisite `../../src/Makefile.port.w'.
    Trying pattern rule with stem `Makefile.port'.
    Trying implicit prerequisite `../../src/Makefile.port.w'.
    Trying pattern rule with stem `Makefile.port.c'.
    Trying implicit prerequisite `../../src/Makefile.port.c,v'.
    Trying pattern rule with stem `Makefile.port.c'.
    Trying implicit prerequisite `../../src/RCS/Makefile.port.c,v'.
    Trying pattern rule with stem `Makefile.port.c'.
    Trying implicit prerequisite `../../src/RCS/Makefile.port.c'.
    Trying pattern rule with stem `Makefile.port.c'.
    Trying implicit prerequisite `../../src/s.Makefile.port.c'.
    Trying pattern rule with stem `Makefile.port.c'.
    Trying implicit prerequisite `../../src/SCCS/s.Makefile.port.c'.
    Trying pattern rule with stem `Makefile.port'.
    Trying implicit prerequisite `../../src/Makefile.port.l'.
    Looking for a rule with intermediate file `../../src/Makefile.port.l'.
     Avoiding implicit rule recursion.
     Avoiding implicit rule recursion.
     Avoiding implicit rule recursion.
     Trying pattern rule with stem `Makefile.port.l'.
     Trying implicit prerequisite `../../src/Makefile.port.l,v'.
     Trying pattern rule with stem `Makefile.port.l'.
     Trying implicit prerequisite `../../src/RCS/Makefile.port.l,v'.
     Trying pattern rule with stem `Makefile.port.l'.
     Trying implicit prerequisite `../../src/RCS/Makefile.port.l'.
     Trying pattern rule with stem `Makefile.port.l'.
     Trying implicit prerequisite `../../src/s.Makefile.port.l'.
     Trying pattern rule with stem `Makefile.port.l'.
     Trying implicit prerequisite `../../src/SCCS/s.Makefile.port.l'.
    Trying pattern rule with stem `Makefile.port'.
    Trying implicit prerequisite `../../src/Makefile.port.y'.
    Looking for a rule with intermediate file `../../src/Makefile.port.y'.
     Avoiding implicit rule recursion.
     Avoiding implicit rule recursion.
     Avoiding implicit rule recursion.
     Trying pattern rule with stem `Makefile.port.y'.
     Trying implicit prerequisite `../../src/Makefile.port.y,v'.
     Trying pattern rule with stem `Makefile.port.y'.
     Trying implicit prerequisite `../../src/RCS/Makefile.port.y,v'.
     Trying pattern rule with stem `Makefile.port.y'.
     Trying implicit prerequisite `../../src/RCS/Makefile.port.y'.
     Trying pattern rule with stem `Makefile.port.y'.
     Trying implicit prerequisite `../../src/s.Makefile.port.y'.
     Trying pattern rule with stem `Makefile.port.y'.
     Trying implicit prerequisite `../../src/SCCS/s.Makefile.port.y'.
    Trying pattern rule with stem `Makefile.port'.
    Trying implicit prerequisite `../../src/Makefile.port.w'.
    Looking for a rule with intermediate file `../../src/Makefile.port.w'.
     Avoiding implicit rule recursion.
     Avoiding implicit rule recursion.
     Avoiding implicit rule recursion.
     Trying pattern rule with stem `Makefile.port.w'.
     Trying implicit prerequisite `../../src/Makefile.port.w,v'.
     Trying pattern rule with stem `Makefile.port.w'.
     Trying implicit prerequisite `../../src/RCS/Makefile.port.w,v'.
     Trying pattern rule with stem `Makefile.port.w'.
     Trying implicit prerequisite `../../src/RCS/Makefile.port.w'.
     Trying pattern rule with stem `Makefile.port.w'.
     Trying implicit prerequisite `../../src/s.Makefile.port.w'.
     Trying pattern rule with stem `Makefile.port.w'.
     Trying implicit prerequisite `../../src/SCCS/s.Makefile.port.w'.
    Trying pattern rule with stem `Makefile.port'.
    Rejecting impossible implicit prerequisite `../../src/Makefile.port.w'.
   Trying pattern rule with stem `Makefile.port'.
   Trying implicit prerequisite `../../src/Makefile.port.cc'.
   Looking for a rule with intermediate file `../../src/Makefile.port.cc'.
    Avoiding implicit rule recursion.
    Avoiding implicit rule recursion.
    Trying pattern rule with stem `Makefile.port.cc'.
    Trying implicit prerequisite `../../src/Makefile.port.cc,v'.
    Trying pattern rule with stem `Makefile.port.cc'.
    Trying implicit prerequisite `../../src/RCS/Makefile.port.cc,v'.
    Trying pattern rule with stem `Makefile.port.cc'.
    Trying implicit prerequisite `../../src/RCS/Makefile.port.cc'.
    Trying pattern rule with stem `Makefile.port.cc'.
    Trying implicit prerequisite `../../src/s.Makefile.port.cc'.
    Trying pattern rule with stem `Makefile.port.cc'.
    Trying implicit prerequisite `../../src/SCCS/s.Makefile.port.cc'.
   Trying pattern rule with stem `Makefile.port'.
   Trying implicit prerequisite `../../src/Makefile.port.C'.
   Looking for a rule with intermediate file `../../src/Makefile.port.C'.
    Avoiding implicit rule recursion.
    Avoiding implicit rule recursion.
    Trying pattern rule with stem `Makefile.port.C'.
    Trying implicit prerequisite `../../src/Makefile.port.C,v'.
    Trying pattern rule with stem `Makefile.port.C'.
    Trying implicit prerequisite `../../src/RCS/Makefile.port.C,v'.
    Trying pattern rule with stem `Makefile.port.C'.
    Trying implicit prerequisite `../../src/RCS/Makefile.port.C'.
    Trying pattern rule with stem `Makefile.port.C'.
    Trying implicit prerequisite `../../src/s.Makefile.port.C'.
    Trying pattern rule with stem `Makefile.port.C'.
    Trying implicit prerequisite `../../src/SCCS/s.Makefile.port.C'.
   Trying pattern rule with stem `Makefile.port'.
   Trying implicit prerequisite `../../src/Makefile.port.cpp'.
   Looking for a rule with intermediate file `../../src/Makefile.port.cpp'.
    Avoiding implicit rule recursion.
    Avoiding implicit rule recursion.
    Trying pattern rule with stem `Makefile.port.cpp'.
    Trying implicit prerequisite `../../src/Makefile.port.cpp,v'.
    Trying pattern rule with stem `Makefile.port.cpp'.
    Trying implicit prerequisite `../../src/RCS/Makefile.port.cpp,v'.
    Trying pattern rule with stem `Makefile.port.cpp'.
    Trying implicit prerequisite `../../src/RCS/Makefile.port.cpp'.
    Trying pattern rule with stem `Makefile.port.cpp'.
    Trying implicit prerequisite `../../src/s.Makefile.port.cpp'.
    Trying pattern rule with stem `Makefile.port.cpp'.
    Trying implicit prerequisite `../../src/SCCS/s.Makefile.port.cpp'.
   Trying pattern rule with stem `Makefile.port'.
   Trying implicit prerequisite `../../src/Makefile.port.p'.
   Looking for a rule with intermediate file `../../src/Makefile.port.p'.
    Avoiding implicit rule recursion.
    Avoiding implicit rule recursion.
    Trying pattern rule with stem `Makefile.port'.
    Trying implicit prerequisite `../../src/Makefile.port.web'.
    Trying pattern rule with stem `Makefile.port.p'.
    Trying implicit prerequisite `../../src/Makefile.port.p,v'.
    Trying pattern rule with stem `Makefile.port.p'.
    Trying implicit prerequisite `../../src/RCS/Makefile.port.p,v'.
    Trying pattern rule with stem `Makefile.port.p'.
    Trying implicit prerequisite `../../src/RCS/Makefile.port.p'.
    Trying pattern rule with stem `Makefile.port.p'.
    Trying implicit prerequisite `../../src/s.Makefile.port.p'.
    Trying pattern rule with stem `Makefile.port.p'.
    Trying implicit prerequisite `../../src/SCCS/s.Makefile.port.p'.
    Trying pattern rule with stem `Makefile.port'.
    Trying implicit prerequisite `../../src/Makefile.port.web'.
    Looking for a rule with intermediate file `../../src/Makefile.port.web'.
     Avoiding implicit rule recursion.
     Avoiding implicit rule recursion.
     Avoiding implicit rule recursion.
     Trying pattern rule with stem `Makefile.port.web'.
     Trying implicit prerequisite `../../src/Makefile.port.web,v'.
     Trying pattern rule with stem `Makefile.port.web'.
     Trying implicit prerequisite `../../src/RCS/Makefile.port.web,v'.
     Trying pattern rule with stem `Makefile.port.web'.
     Trying implicit prerequisite `../../src/RCS/Makefile.port.web'.
     Trying pattern rule with stem `Makefile.port.web'.
     Trying implicit prerequisite `../../src/s.Makefile.port.web'.
     Trying pattern rule with stem `Makefile.port.web'.
     Trying implicit prerequisite `../../src/SCCS/s.Makefile.port.web'.
   Trying pattern rule with stem `Makefile.port'.
   Trying implicit prerequisite `../../src/Makefile.port.f'.
   Looking for a rule with intermediate file `../../src/Makefile.port.f'.
    Avoiding implicit rule recursion.
    Avoiding implicit rule recursion.
    Trying pattern rule with stem `Makefile.port'.
    Trying implicit prerequisite `../../src/Makefile.port.F'.
    Trying pattern rule with stem `Makefile.port'.
    Trying implicit prerequisite `../../src/Makefile.port.r'.
    Trying pattern rule with stem `Makefile.port.f'.
    Trying implicit prerequisite `../../src/Makefile.port.f,v'.
    Trying pattern rule with stem `Makefile.port.f'.
    Trying implicit prerequisite `../../src/RCS/Makefile.port.f,v'.
    Trying pattern rule with stem `Makefile.port.f'.
    Trying implicit prerequisite `../../src/RCS/Makefile.port.f'.
    Trying pattern rule with stem `Makefile.port.f'.
    Trying implicit prerequisite `../../src/s.Makefile.port.f'.
    Trying pattern rule with stem `Makefile.port.f'.
    Trying implicit prerequisite `../../src/SCCS/s.Makefile.port.f'.
    Trying pattern rule with stem `Makefile.port'.
    Trying implicit prerequisite `../../src/Makefile.port.F'.
    Looking for a rule with intermediate file `../../src/Makefile.port.F'.
     Avoiding implicit rule recursion.
     Avoiding implicit rule recursion.
     Avoiding implicit rule recursion.
     Trying pattern rule with stem `Makefile.port.F'.
     Trying implicit prerequisite `../../src/Makefile.port.F,v'.
     Trying pattern rule with stem `Makefile.port.F'.
     Trying implicit prerequisite `../../src/RCS/Makefile.port.F,v'.
     Trying pattern rule with stem `Makefile.port.F'.
     Trying implicit prerequisite `../../src/RCS/Makefile.port.F'.
     Trying pattern rule with stem `Makefile.port.F'.
     Trying implicit prerequisite `../../src/s.Makefile.port.F'.
     Trying pattern rule with stem `Makefile.port.F'.
     Trying implicit prerequisite `../../src/SCCS/s.Makefile.port.F'.
    Trying pattern rule with stem `Makefile.port'.
    Trying implicit prerequisite `../../src/Makefile.port.r'.
    Looking for a rule with intermediate file `../../src/Makefile.port.r'.
     Avoiding implicit rule recursion.
     Avoiding implicit rule recursion.
     Avoiding implicit rule recursion.
     Trying pattern rule with stem `Makefile.port'.
     Rejecting impossible implicit prerequisite `../../src/Makefile.port.l'.
     Trying pattern rule with stem `Makefile.port.r'.
     Trying implicit prerequisite `../../src/Makefile.port.r,v'.
     Trying pattern rule with stem `Makefile.port.r'.
     Trying implicit prerequisite `../../src/RCS/Makefile.port.r,v'.
     Trying pattern rule with stem `Makefile.port.r'.
     Trying implicit prerequisite `../../src/RCS/Makefile.port.r'.
     Trying pattern rule with stem `Makefile.port.r'.
     Trying implicit prerequisite `../../src/s.Makefile.port.r'.
     Trying pattern rule with stem `Makefile.port.r'.
     Trying implicit prerequisite `../../src/SCCS/s.Makefile.port.r'.
   Trying pattern rule with stem `Makefile.port'.
   Rejecting impossible implicit prerequisite `../../src/Makefile.port.F'.
   Trying pattern rule with stem `Makefile.port'.
   Trying implicit prerequisite `../../src/Makefile.port.m'.
   Looking for a rule with intermediate file `../../src/Makefile.port.m'.
    Avoiding implicit rule recursion.
    Avoiding implicit rule recursion.
    Trying pattern rule with stem `Makefile.port'.
    Trying implicit prerequisite `../../src/Makefile.port.ym'.
    Trying pattern rule with stem `Makefile.port'.
    Trying implicit prerequisite `../../src/Makefile.port.lm'.
    Trying pattern rule with stem `Makefile.port.m'.
    Trying implicit prerequisite `../../src/Makefile.port.m,v'.
    Trying pattern rule with stem `Makefile.port.m'.
    Trying implicit prerequisite `../../src/RCS/Makefile.port.m,v'.
    Trying pattern rule with stem `Makefile.port.m'.
    Trying implicit prerequisite `../../src/RCS/Makefile.port.m'.
    Trying pattern rule with stem `Makefile.port.m'.
    Trying implicit prerequisite `../../src/s.Makefile.port.m'.
    Trying pattern rule with stem `Makefile.port.m'.
    Trying implicit prerequisite `../../src/SCCS/s.Makefile.port.m'.
    Trying pattern rule with stem `Makefile.port'.
    Trying implicit prerequisite `../../src/Makefile.port.ym'.
    Looking for a rule with intermediate file `../../src/Makefile.port.ym'.
     Avoiding implicit rule recursion.
     Avoiding implicit rule recursion.
     Avoiding implicit rule recursion.
     Trying pattern rule with stem `Makefile.port.ym'.
     Trying implicit prerequisite `../../src/Makefile.port.ym,v'.
     Trying pattern rule with stem `Makefile.port.ym'.
     Trying implicit prerequisite `../../src/RCS/Makefile.port.ym,v'.
     Trying pattern rule with stem `Makefile.port.ym'.
     Trying implicit prerequisite `../../src/RCS/Makefile.port.ym'.
     Trying pattern rule with stem `Makefile.port.ym'.
     Trying implicit prerequisite `../../src/s.Makefile.port.ym'.
     Trying pattern rule with stem `Makefile.port.ym'.
     Trying implicit prerequisite `../../src/SCCS/s.Makefile.port.ym'.
    Trying pattern rule with stem `Makefile.port'.
    Trying implicit prerequisite `../../src/Makefile.port.lm'.
    Looking for a rule with intermediate file `../../src/Makefile.port.lm'.
     Avoiding implicit rule recursion.
     Avoiding implicit rule recursion.
     Avoiding implicit rule recursion.
     Trying pattern rule with stem `Makefile.port.lm'.
     Trying implicit prerequisite `../../src/Makefile.port.lm,v'.
     Trying pattern rule with stem `Makefile.port.lm'.
     Trying implicit prerequisite `../../src/RCS/Makefile.port.lm,v'.
     Trying pattern rule with stem `Makefile.port.lm'.
     Trying implicit prerequisite `../../src/RCS/Makefile.port.lm'.
     Trying pattern rule with stem `Makefile.port.lm'.
     Trying implicit prerequisite `../../src/s.Makefile.port.lm'.
     Trying pattern rule with stem `Makefile.port.lm'.
     Trying implicit prerequisite `../../src/SCCS/s.Makefile.port.lm'.
   Trying pattern rule with stem `Makefile.port'.
   Rejecting impossible implicit prerequisite `../../src/Makefile.port.r'.
   Trying pattern rule with stem `Makefile.port'.
   Trying implicit prerequisite `../../src/Makefile.port.s'.
   Looking for a rule with intermediate file `../../src/Makefile.port.s'.
    Avoiding implicit rule recursion.
    Avoiding implicit rule recursion.
    Trying pattern rule with stem `Makefile.port'.
    Trying implicit prerequisite `../../src/Makefile.port.S'.
    Trying pattern rule with stem `Makefile.port.s'.
    Trying implicit prerequisite `../../src/Makefile.port.s,v'.
    Trying pattern rule with stem `Makefile.port.s'.
    Trying implicit prerequisite `../../src/RCS/Makefile.port.s,v'.
    Trying pattern rule with stem `Makefile.port.s'.
    Trying implicit prerequisite `../../src/RCS/Makefile.port.s'.
    Trying pattern rule with stem `Makefile.port.s'.
    Trying implicit prerequisite `../../src/s.Makefile.port.s'.
    Trying pattern rule with stem `Makefile.port.s'.
    Trying implicit prerequisite `../../src/SCCS/s.Makefile.port.s'.
    Trying pattern rule with stem `Makefile.port'.
    Trying implicit prerequisite `../../src/Makefile.port.S'.
    Looking for a rule with intermediate file `../../src/Makefile.port.S'.
     Avoiding implicit rule recursion.
     Avoiding implicit rule recursion.
     Avoiding implicit rule recursion.
     Trying pattern rule with stem `Makefile.port.S'.
     Trying implicit prerequisite `../../src/Makefile.port.S,v'.
     Trying pattern rule with stem `Makefile.port.S'.
     Trying implicit prerequisite `../../src/RCS/Makefile.port.S,v'.
     Trying pattern rule with stem `Makefile.port.S'.
     Trying implicit prerequisite `../../src/RCS/Makefile.port.S'.
     Trying pattern rule with stem `Makefile.port.S'.
     Trying implicit prerequisite `../../src/s.Makefile.port.S'.
     Trying pattern rule with stem `Makefile.port.S'.
     Trying implicit prerequisite `../../src/SCCS/s.Makefile.port.S'.
   Trying pattern rule with stem `Makefile.port'.
   Rejecting impossible implicit prerequisite `../../src/Makefile.port.S'.
   Trying pattern rule with stem `Makefile.port'.
   Trying implicit prerequisite `../../src/Makefile.port.mod'.
   Looking for a rule with intermediate file `../../src/Makefile.port.mod'.
    Avoiding implicit rule recursion.
    Avoiding implicit rule recursion.
    Trying pattern rule with stem `Makefile.port.mod'.
    Trying implicit prerequisite `../../src/Makefile.port.mod,v'.
    Trying pattern rule with stem `Makefile.port.mod'.
    Trying implicit prerequisite `../../src/RCS/Makefile.port.mod,v'.
    Trying pattern rule with stem `Makefile.port.mod'.
    Trying implicit prerequisite `../../src/RCS/Makefile.port.mod'.
    Trying pattern rule with stem `Makefile.port.mod'.
    Trying implicit prerequisite `../../src/s.Makefile.port.mod'.
    Trying pattern rule with stem `Makefile.port.mod'.
    Trying implicit prerequisite `../../src/SCCS/s.Makefile.port.mod'.
  Trying pattern rule with stem `Makefile.port'.
  Rejecting impossible implicit prerequisite `../../src/Makefile.port.cc'.
  Trying pattern rule with stem `Makefile.port'.
  Rejecting impossible implicit prerequisite `../../src/Makefile.port.C'.
  Trying pattern rule with stem `Makefile.port'.
  Rejecting impossible implicit prerequisite `../../src/Makefile.port.cpp'.
  Trying pattern rule with stem `Makefile.port'.
  Rejecting impossible implicit prerequisite `../../src/Makefile.port.p'.
  Trying pattern rule with stem `Makefile.port'.
  Rejecting impossible implicit prerequisite `../../src/Makefile.port.f'.
  Trying pattern rule with stem `Makefile.port'.
  Rejecting impossible implicit prerequisite `../../src/Makefile.port.F'.
  Trying pattern rule with stem `Makefile.port'.
  Rejecting impossible implicit prerequisite `../../src/Makefile.port.m'.
  Trying pattern rule with stem `Makefile.port'.
  Rejecting impossible implicit prerequisite `../../src/Makefile.port.r'.
  Trying pattern rule with stem `Makefile.port'.
  Rejecting impossible implicit prerequisite `../../src/Makefile.port.s'.
  Trying pattern rule with stem `Makefile.port'.
  Rejecting impossible implicit prerequisite `../../src/Makefile.port.S'.
  Trying pattern rule with stem `Makefile.port'.
  Rejecting impossible implicit prerequisite `../../src/Makefile.port.mod'.
  Trying pattern rule with stem `Makefile.port'.
  Trying implicit prerequisite `../../src/Makefile.port.sh'.
  Looking for a rule with intermediate file `../../src/Makefile.port.sh'.
   Avoiding implicit rule recursion.
   Trying pattern rule with stem `Makefile.port.sh'.
   Trying implicit prerequisite `../../src/Makefile.port.sh,v'.
   Trying pattern rule with stem `Makefile.port.sh'.
   Trying implicit prerequisite `../../src/RCS/Makefile.port.sh,v'.
   Trying pattern rule with stem `Makefile.port.sh'.
   Trying implicit prerequisite `../../src/RCS/Makefile.port.sh'.
   Trying pattern rule with stem `Makefile.port.sh'.
   Trying implicit prerequisite `../../src/s.Makefile.port.sh'.
   Trying pattern rule with stem `Makefile.port.sh'.
   Trying implicit prerequisite `../../src/SCCS/s.Makefile.port.sh'.
  No implicit rule found for `../../src/Makefile.port'.
  Finished prerequisites of target file `../../src/Makefile.port'.
 No need to remake target `../../src/Makefile.port'.
 Considering target file `../../src/Makefile.global'.
   Considering target file `../../src/Makefile.global.in'.
    Looking for an implicit rule for `../../src/Makefile.global.in'.
    Trying pattern rule with stem `Makefile.global.in'.
    Trying implicit prerequisite `../../src/Makefile.global.in.o'.
    Trying pattern rule with stem `Makefile.global.in'.
    Trying implicit prerequisite `../../src/Makefile.global.in.cc'.
    Trying pattern rule with stem `Makefile.global.in'.
    Trying implicit prerequisite `../../src/Makefile.global.in.C'.
    Trying pattern rule with stem `Makefile.global.in'.
    Trying implicit prerequisite `../../src/Makefile.global.in.cpp'.
    Trying pattern rule with stem `Makefile.global.in'.
    Trying implicit prerequisite `../../src/Makefile.global.in.p'.
    Trying pattern rule with stem `Makefile.global.in'.
    Trying implicit prerequisite `../../src/Makefile.global.in.f'.
    Trying pattern rule with stem `Makefile.global.in'.
    Trying implicit prerequisite `../../src/Makefile.global.in.F'.
    Trying pattern rule with stem `Makefile.global.in'.
    Trying implicit prerequisite `../../src/Makefile.global.in.m'.
    Trying pattern rule with stem `Makefile.global.in'.
    Trying implicit prerequisite `../../src/Makefile.global.in.r'.
    Trying pattern rule with stem `Makefile.global.in'.
    Trying implicit prerequisite `../../src/Makefile.global.in.s'.
    Trying pattern rule with stem `Makefile.global.in'.
    Trying implicit prerequisite `../../src/Makefile.global.in.S'.
    Trying pattern rule with stem `Makefile.global.in'.
    Trying implicit prerequisite `../../src/Makefile.global.in.mod'.
    Trying pattern rule with stem `Makefile.global.in'.
    Trying implicit prerequisite `../../src/Makefile.global.in.sh'.
    Trying pattern rule with stem `Makefile.global.in'.
    Trying implicit prerequisite `../../src/Makefile.global.in,v'.
    Trying pattern rule with stem `Makefile.global.in'.
    Trying implicit prerequisite `../../src/RCS/Makefile.global.in,v'.
    Trying pattern rule with stem `Makefile.global.in'.
    Trying implicit prerequisite `../../src/RCS/Makefile.global.in'.
    Trying pattern rule with stem `Makefile.global.in'.
    Trying implicit prerequisite `../../src/s.Makefile.global.in'.
    Trying pattern rule with stem `Makefile.global.in'.
    Trying implicit prerequisite `../../src/SCCS/s.Makefile.global.in'.
    Trying pattern rule with stem `Makefile.global.in'.
    Trying implicit prerequisite `../../src/Makefile.global.in.o'.
    Looking for a rule with intermediate file `../../src/Makefile.global.in.o'.
     Avoiding implicit rule recursion.
     Trying pattern rule with stem `Makefile.global.in'.
     Trying implicit prerequisite `../../src/Makefile.global.in.c'.
     Trying pattern rule with stem `Makefile.global.in'.
     Trying implicit prerequisite `../../src/Makefile.global.in.cc'.
     Trying pattern rule with stem `Makefile.global.in'.
     Trying implicit prerequisite `../../src/Makefile.global.in.C'.
     Trying pattern rule with stem `Makefile.global.in'.
     Trying implicit prerequisite `../../src/Makefile.global.in.cpp'.
     Trying pattern rule with stem `Makefile.global.in'.
     Trying implicit prerequisite `../../src/Makefile.global.in.p'.
     Trying pattern rule with stem `Makefile.global.in'.
     Trying implicit prerequisite `../../src/Makefile.global.in.f'.
     Trying pattern rule with stem `Makefile.global.in'.
     Trying implicit prerequisite `../../src/Makefile.global.in.F'.
     Trying pattern rule with stem `Makefile.global.in'.
     Trying implicit prerequisite `../../src/Makefile.global.in.m'.
     Trying pattern rule with stem `Makefile.global.in'.
     Trying implicit prerequisite `../../src/Makefile.global.in.r'.
     Trying pattern rule with stem `Makefile.global.in'.
     Trying implicit prerequisite `../../src/Makefile.global.in.s'.
     Trying pattern rule with stem `Makefile.global.in'.
     Trying implicit prerequisite `../../src/Makefile.global.in.S'.
     Trying pattern rule with stem `Makefile.global.in'.
     Trying implicit prerequisite `../../src/Makefile.global.in.mod'.
     Trying pattern rule with stem `Makefile.global.in.o'.
     Trying implicit prerequisite `../../src/Makefile.global.in.o,v'.
     Trying pattern rule with stem `Makefile.global.in.o'.
     Trying implicit prerequisite `../../src/RCS/Makefile.global.in.o,v'.
     Trying pattern rule with stem `Makefile.global.in.o'.
     Trying implicit prerequisite `../../src/RCS/Makefile.global.in.o'.
     Trying pattern rule with stem `Makefile.global.in.o'.
     Trying implicit prerequisite `../../src/s.Makefile.global.in.o'.
     Trying pattern rule with stem `Makefile.global.in.o'.
     Trying implicit prerequisite `../../src/SCCS/s.Makefile.global.in.o'.
     Trying pattern rule with stem `Makefile.global.in'.
     Trying implicit prerequisite `../../src/Makefile.global.in.c'.
     Looking for a rule with intermediate file `../../src/Makefile.global.in.c'.
      Avoiding implicit rule recursion.
      Avoiding implicit rule recursion.
      Trying pattern rule with stem `Makefile.global.in'.
      Trying implicit prerequisite `../../src/Makefile.global.in.l'.
      Trying pattern rule with stem `Makefile.global.in'.
      Trying implicit prerequisite `../../src/Makefile.global.in.y'.
      Trying pattern rule with stem `Makefile.global.in'.
      Trying implicit prerequisite `../../src/Makefile.global.in.w'.
      Trying pattern rule with stem `Makefile.global.in'.
      Trying implicit prerequisite `../../src/Makefile.global.in.w'.
      Trying pattern rule with stem `Makefile.global.in.c'.
      Trying implicit prerequisite `../../src/Makefile.global.in.c,v'.
      Trying pattern rule with stem `Makefile.global.in.c'.
      Trying implicit prerequisite `../../src/RCS/Makefile.global.in.c,v'.
      Trying pattern rule with stem `Makefile.global.in.c'.
      Trying implicit prerequisite `../../src/RCS/Makefile.global.in.c'.
      Trying pattern rule with stem `Makefile.global.in.c'.
      Trying implicit prerequisite `../../src/s.Makefile.global.in.c'.
      Trying pattern rule with stem `Makefile.global.in.c'.
      Trying implicit prerequisite `../../src/SCCS/s.Makefile.global.in.c'.
      Trying pattern rule with stem `Makefile.global.in'.
      Trying implicit prerequisite `../../src/Makefile.global.in.l'.
      Looking for a rule with intermediate file `../../src/Makefile.global.in.l'.
       Avoiding implicit rule recursion.
       Avoiding implicit rule recursion.
       Avoiding implicit rule recursion.
       Trying pattern rule with stem `Makefile.global.in.l'.
       Trying implicit prerequisite `../../src/Makefile.global.in.l,v'.
       Trying pattern rule with stem `Makefile.global.in.l'.
       Trying implicit prerequisite `../../src/RCS/Makefile.global.in.l,v'.
       Trying pattern rule with stem `Makefile.global.in.l'.
       Trying implicit prerequisite `../../src/RCS/Makefile.global.in.l'.
       Trying pattern rule with stem `Makefile.global.in.l'.
       Trying implicit prerequisite `../../src/s.Makefile.global.in.l'.
       Trying pattern rule with stem `Makefile.global.in.l'.
       Trying implicit prerequisite `../../src/SCCS/s.Makefile.global.in.l'.
      Trying pattern rule with stem `Makefile.global.in'.
      Trying implicit prerequisite `../../src/Makefile.global.in.y'.
      Looking for a rule with intermediate file `../../src/Makefile.global.in.y'.
       Avoiding implicit rule recursion.
       Avoiding implicit rule recursion.
       Avoiding implicit rule recursion.
       Trying pattern rule with stem `Makefile.global.in.y'.
       Trying implicit prerequisite `../../src/Makefile.global.in.y,v'.
       Trying pattern rule with stem `Makefile.global.in.y'.
       Trying implicit prerequisite `../../src/RCS/Makefile.global.in.y,v'.
       Trying pattern rule with stem `Makefile.global.in.y'.
       Trying implicit prerequisite `../../src/RCS/Makefile.global.in.y'.
       Trying pattern rule with stem `Makefile.global.in.y'.
       Trying implicit prerequisite `../../src/s.Makefile.global.in.y'.
       Trying pattern rule with stem `Makefile.global.in.y'.
       Trying implicit prerequisite `../../src/SCCS/s.Makefile.global.in.y'.
      Trying pattern rule with stem `Makefile.global.in'.
      Trying implicit prerequisite `../../src/Makefile.global.in.w'.
      Looking for a rule with intermediate file `../../src/Makefile.global.in.w'.
       Avoiding implicit rule recursion.
       Avoiding implicit rule recursion.
       Avoiding implicit rule recursion.
       Trying pattern rule with stem `Makefile.global.in.w'.
       Trying implicit prerequisite `../../src/Makefile.global.in.w,v'.
       Trying pattern rule with stem `Makefile.global.in.w'.
       Trying implicit prerequisite `../../src/RCS/Makefile.global.in.w,v'.
       Trying pattern rule with stem `Makefile.global.in.w'.
       Trying implicit prerequisite `../../src/RCS/Makefile.global.in.w'.
       Trying pattern rule with stem `Makefile.global.in.w'.
       Trying implicit prerequisite `../../src/s.Makefile.global.in.w'.
       Trying pattern rule with stem `Makefile.global.in.w'.
       Trying implicit prerequisite `../../src/SCCS/s.Makefile.global.in.w'.
      Trying pattern rule with stem `Makefile.global.in'.
      Rejecting impossible implicit prerequisite `../../src/Makefile.global.in.w'.
     Trying pattern rule with stem `Makefile.global.in'.
     Trying implicit prerequisite `../../src/Makefile.global.in.cc'.
     Looking for a rule with intermediate file `../../src/Makefile.global.in.cc'.
      Avoiding implicit rule recursion.
      Avoiding implicit rule recursion.
      Trying pattern rule with stem `Makefile.global.in.cc'.
      Trying implicit prerequisite `../../src/Makefile.global.in.cc,v'.
      Trying pattern rule with stem `Makefile.global.in.cc'.
      Trying implicit prerequisite `../../src/RCS/Makefile.global.in.cc,v'.
      Trying pattern rule with stem `Makefile.global.in.cc'.
      Trying implicit prerequisite `../../src/RCS/Makefile.global.in.cc'.
      Trying pattern rule with stem `Makefile.global.in.cc'.
      Trying implicit prerequisite `../../src/s.Makefile.global.in.cc'.
      Trying pattern rule with stem `Makefile.global.in.cc'.
      Trying implicit prerequisite `../../src/SCCS/s.Makefile.global.in.cc'.
     Trying pattern rule with stem `Makefile.global.in'.
     Trying implicit prerequisite `../../src/Makefile.global.in.C'.
     Looking for a rule with intermediate file `../../src/Makefile.global.in.C'.
      Avoiding implicit rule recursion.
      Avoiding implicit rule recursion.
      Trying pattern rule with stem `Makefile.global.in.C'.
      Trying implicit prerequisite `../../src/Makefile.global.in.C,v'.
      Trying pattern rule with stem `Makefile.global.in.C'.
      Trying implicit prerequisite `../../src/RCS/Makefile.global.in.C,v'.
      Trying pattern rule with stem `Makefile.global.in.C'.
      Trying implicit prerequisite `../../src/RCS/Makefile.global.in.C'.
      Trying pattern rule with stem `Makefile.global.in.C'.
      Trying implicit prerequisite `../../src/s.Makefile.global.in.C'.
      Trying pattern rule with stem `Makefile.global.in.C'.
      Trying implicit prerequisite `../../src/SCCS/s.Makefile.global.in.C'.
     Trying pattern rule with stem `Makefile.global.in'.
     Trying implicit prerequisite `../../src/Makefile.global.in.cpp'.
     Looking for a rule with intermediate file `../../src/Makefile.global.in.cpp'.
      Avoiding implicit rule recursion.
      Avoiding implicit rule recursion.
      Trying pattern rule with stem `Makefile.global.in.cpp'.
      Trying implicit prerequisite `../../src/Makefile.global.in.cpp,v'.
      Trying pattern rule with stem `Makefile.global.in.cpp'.
      Trying implicit prerequisite `../../src/RCS/Makefile.global.in.cpp,v'.
      Trying pattern rule with stem `Makefile.global.in.cpp'.
      Trying implicit prerequisite `../../src/RCS/Makefile.global.in.cpp'.
      Trying pattern rule with stem `Makefile.global.in.cpp'.
      Trying implicit prerequisite `../../src/s.Makefile.global.in.cpp'.
      Trying pattern rule with stem `Makefile.global.in.cpp'.
      Trying implicit prerequisite `../../src/SCCS/s.Makefile.global.in.cpp'.
     Trying pattern rule with stem `Makefile.global.in'.
     Trying implicit prerequisite `../../src/Makefile.global.in.p'.
     Looking for a rule with intermediate file `../../src/Makefile.global.in.p'.
      Avoiding implicit rule recursion.
      Avoiding implicit rule recursion.
      Trying pattern rule with stem `Makefile.global.in'.
      Trying implicit prerequisite `../../src/Makefile.global.in.web'.
      Trying pattern rule with stem `Makefile.global.in.p'.
      Trying implicit prerequisite `../../src/Makefile.global.in.p,v'.
      Trying pattern rule with stem `Makefile.global.in.p'.
      Trying implicit prerequisite `../../src/RCS/Makefile.global.in.p,v'.
      Trying pattern rule with stem `Makefile.global.in.p'.
      Trying implicit prerequisite `../../src/RCS/Makefile.global.in.p'.
      Trying pattern rule with stem `Makefile.global.in.p'.
      Trying implicit prerequisite `../../src/s.Makefile.global.in.p'.
      Trying pattern rule with stem `Makefile.global.in.p'.
      Trying implicit prerequisite `../../src/SCCS/s.Makefile.global.in.p'.
      Trying pattern rule with stem `Makefile.global.in'.
      Trying implicit prerequisite `../../src/Makefile.global.in.web'.
      Looking for a rule with intermediate file `../../src/Makefile.global.in.web'.
       Avoiding implicit rule recursion.
       Avoiding implicit rule recursion.
       Avoiding implicit rule recursion.
       Trying pattern rule with stem `Makefile.global.in.web'.
       Trying implicit prerequisite `../../src/Makefile.global.in.web,v'.
       Trying pattern rule with stem `Makefile.global.in.web'.
       Trying implicit prerequisite `../../src/RCS/Makefile.global.in.web,v'.
       Trying pattern rule with stem `Makefile.global.in.web'.
       Trying implicit prerequisite `../../src/RCS/Makefile.global.in.web'.
       Trying pattern rule with stem `Makefile.global.in.web'.
       Trying implicit prerequisite `../../src/s.Makefile.global.in.web'.
       Trying pattern rule with stem `Makefile.global.in.web'.
       Trying implicit prerequisite `../../src/SCCS/s.Makefile.global.in.web'.
     Trying pattern rule with stem `Makefile.global.in'.
     Trying implicit prerequisite `../../src/Makefile.global.in.f'.
     Looking for a rule with intermediate file `../../src/Makefile.global.in.f'.
      Avoiding implicit rule recursion.
      Avoiding implicit rule recursion.
      Trying pattern rule with stem `Makefile.global.in'.
      Trying implicit prerequisite `../../src/Makefile.global.in.F'.
      Trying pattern rule with stem `Makefile.global.in'.
      Trying implicit prerequisite `../../src/Makefile.global.in.r'.
      Trying pattern rule with stem `Makefile.global.in.f'.
      Trying implicit prerequisite `../../src/Makefile.global.in.f,v'.
      Trying pattern rule with stem `Makefile.global.in.f'.
      Trying implicit prerequisite `../../src/RCS/Makefile.global.in.f,v'.
      Trying pattern rule with stem `Makefile.global.in.f'.
      Trying implicit prerequisite `../../src/RCS/Makefile.global.in.f'.
      Trying pattern rule with stem `Makefile.global.in.f'.
      Trying implicit prerequisite `../../src/s.Makefile.global.in.f'.
      Trying pattern rule with stem `Makefile.global.in.f'.
      Trying implicit prerequisite `../../src/SCCS/s.Makefile.global.in.f'.
      Trying pattern rule with stem `Makefile.global.in'.
      Trying implicit prerequisite `../../src/Makefile.global.in.F'.
      Looking for a rule with intermediate file `../../src/Makefile.global.in.F'.
       Avoiding implicit rule recursion.
       Avoiding implicit rule recursion.
       Avoiding implicit rule recursion.
       Trying pattern rule with stem `Makefile.global.in.F'.
       Trying implicit prerequisite `../../src/Makefile.global.in.F,v'.
       Trying pattern rule with stem `Makefile.global.in.F'.
       Trying implicit prerequisite `../../src/RCS/Makefile.global.in.F,v'.
       Trying pattern rule with stem `Makefile.global.in.F'.
       Trying implicit prerequisite `../../src/RCS/Makefile.global.in.F'.
       Trying pattern rule with stem `Makefile.global.in.F'.
       Trying implicit prerequisite `../../src/s.Makefile.global.in.F'.
       Trying pattern rule with stem `Makefile.global.in.F'.
       Trying implicit prerequisite `../../src/SCCS/s.Makefile.global.in.F'.
      Trying pattern rule with stem `Makefile.global.in'.
      Trying implicit prerequisite `../../src/Makefile.global.in.r'.
      Looking for a rule with intermediate file `../../src/Makefile.global.in.r'.
       Avoiding implicit rule recursion.
       Avoiding implicit rule recursion.
       Avoiding implicit rule recursion.
       Trying pattern rule with stem `Makefile.global.in'.
       Rejecting impossible implicit prerequisite `../../src/Makefile.global.in.l'.
       Trying pattern rule with stem `Makefile.global.in.r'.
       Trying implicit prerequisite `../../src/Makefile.global.in.r,v'.
       Trying pattern rule with stem `Makefile.global.in.r'.
       Trying implicit prerequisite `../../src/RCS/Makefile.global.in.r,v'.
       Trying pattern rule with stem `Makefile.global.in.r'.
       Trying implicit prerequisite `../../src/RCS/Makefile.global.in.r'.
       Trying pattern rule with stem `Makefile.global.in.r'.
       Trying implicit prerequisite `../../src/s.Makefile.global.in.r'.
       Trying pattern rule with stem `Makefile.global.in.r'.
       Trying implicit prerequisite `../../src/SCCS/s.Makefile.global.in.r'.
     Trying pattern rule with stem `Makefile.global.in'.
     Rejecting impossible implicit prerequisite `../../src/Makefile.global.in.F'.
     Trying pattern rule with stem `Makefile.global.in'.
     Trying implicit prerequisite `../../src/Makefile.global.in.m'.
     Looking for a rule with intermediate file `../../src/Makefile.global.in.m'.
      Avoiding implicit rule recursion.
      Avoiding implicit rule recursion.
      Trying pattern rule with stem `Makefile.global.in'.
      Trying implicit prerequisite `../../src/Makefile.global.in.ym'.
      Trying pattern rule with stem `Makefile.global.in'.
      Trying implicit prerequisite `../../src/Makefile.global.in.lm'.
      Trying pattern rule with stem `Makefile.global.in.m'.
      Trying implicit prerequisite `../../src/Makefile.global.in.m,v'.
      Trying pattern rule with stem `Makefile.global.in.m'.
      Trying implicit prerequisite `../../src/RCS/Makefile.global.in.m,v'.
      Trying pattern rule with stem `Makefile.global.in.m'.
      Trying implicit prerequisite `../../src/RCS/Makefile.global.in.m'.
      Trying pattern rule with stem `Makefile.global.in.m'.
      Trying implicit prerequisite `../../src/s.Makefile.global.in.m'.
      Trying pattern rule with stem `Makefile.global.in.m'.
      Trying implicit prerequisite `../../src/SCCS/s.Makefile.global.in.m'.
      Trying pattern rule with stem `Makefile.global.in'.
      Trying implicit prerequisite `../../src/Makefile.global.in.ym'.
      Looking for a rule with intermediate file `../../src/Makefile.global.in.ym'.
       Avoiding implicit rule recursion.
       Avoiding implicit rule recursion.
       Avoiding implicit rule recursion.
       Trying pattern rule with stem `Makefile.global.in.ym'.
       Trying implicit prerequisite `../../src/Makefile.global.in.ym,v'.
       Trying pattern rule with stem `Makefile.global.in.ym'.
       Trying implicit prerequisite `../../src/RCS/Makefile.global.in.ym,v'.
       Trying pattern rule with stem `Makefile.global.in.ym'.
       Trying implicit prerequisite `../../src/RCS/Makefile.global.in.ym'.
       Trying pattern rule with stem `Makefile.global.in.ym'.
       Trying implicit prerequisite `../../src/s.Makefile.global.in.ym'.
       Trying pattern rule with stem `Makefile.global.in.ym'.
       Trying implicit prerequisite `../../src/SCCS/s.Makefile.global.in.ym'.
      Trying pattern rule with stem `Makefile.global.in'.
      Trying implicit prerequisite `../../src/Makefile.global.in.lm'.
      Looking for a rule with intermediate file `../../src/Makefile.global.in.lm'.
       Avoiding implicit rule recursion.
       Avoiding implicit rule recursion.
       Avoiding implicit rule recursion.
       Trying pattern rule with stem `Makefile.global.in.lm'.
       Trying implicit prerequisite `../../src/Makefile.global.in.lm,v'.
       Trying pattern rule with stem `Makefile.global.in.lm'.
       Trying implicit prerequisite `../../src/RCS/Makefile.global.in.lm,v'.
       Trying pattern rule with stem `Makefile.global.in.lm'.
       Trying implicit prerequisite `../../src/RCS/Makefile.global.in.lm'.
       Trying pattern rule with stem `Makefile.global.in.lm'.
       Trying implicit prerequisite `../../src/s.Makefile.global.in.lm'.
       Trying pattern rule with stem `Makefile.global.in.lm'.
       Trying implicit prerequisite `../../src/SCCS/s.Makefile.global.in.lm'.
     Trying pattern rule with stem `Makefile.global.in'.
     Rejecting impossible implicit prerequisite `../../src/Makefile.global.in.r'.
     Trying pattern rule with stem `Makefile.global.in'.
     Trying implicit prerequisite `../../src/Makefile.global.in.s'.
     Looking for a rule with intermediate file `../../src/Makefile.global.in.s'.
      Avoiding implicit rule recursion.
      Avoiding implicit rule recursion.
      Trying pattern rule with stem `Makefile.global.in'.
      Trying implicit prerequisite `../../src/Makefile.global.in.S'.
      Trying pattern rule with stem `Makefile.global.in.s'.
      Trying implicit prerequisite `../../src/Makefile.global.in.s,v'.
      Trying pattern rule with stem `Makefile.global.in.s'.
      Trying implicit prerequisite `../../src/RCS/Makefile.global.in.s,v'.
      Trying pattern rule with stem `Makefile.global.in.s'.
      Trying implicit prerequisite `../../src/RCS/Makefile.global.in.s'.
      Trying pattern rule with stem `Makefile.global.in.s'.
      Trying implicit prerequisite `../../src/s.Makefile.global.in.s'.
      Trying pattern rule with stem `Makefile.global.in.s'.
      Trying implicit prerequisite `../../src/SCCS/s.Makefile.global.in.s'.
      Trying pattern rule with stem `Makefile.global.in'.
      Trying implicit prerequisite `../../src/Makefile.global.in.S'.
      Looking for a rule with intermediate file `../../src/Makefile.global.in.S'.
       Avoiding implicit rule recursion.
       Avoiding implicit rule recursion.
       Avoiding implicit rule recursion.
       Trying pattern rule with stem `Makefile.global.in.S'.
       Trying implicit prerequisite `../../src/Makefile.global.in.S,v'.
       Trying pattern rule with stem `Makefile.global.in.S'.
       Trying implicit prerequisite `../../src/RCS/Makefile.global.in.S,v'.
       Trying pattern rule with stem `Makefile.global.in.S'.
       Trying implicit prerequisite `../../src/RCS/Makefile.global.in.S'.
       Trying pattern rule with stem `Makefile.global.in.S'.
       Trying implicit prerequisite `../../src/s.Makefile.global.in.S'.
       Trying pattern rule with stem `Makefile.global.in.S'.
       Trying implicit prerequisite `../../src/SCCS/s.Makefile.global.in.S'.
     Trying pattern rule with stem `Makefile.global.in'.
     Rejecting impossible implicit prerequisite `../../src/Makefile.global.in.S'.
     Trying pattern rule with stem `Makefile.global.in'.
     Trying implicit prerequisite `../../src/Makefile.global.in.mod'.
     Looking for a rule with intermediate file `../../src/Makefile.global.in.mod'.
      Avoiding implicit rule recursion.
      Avoiding implicit rule recursion.
      Trying pattern rule with stem `Makefile.global.in.mod'.
      Trying implicit prerequisite `../../src/Makefile.global.in.mod,v'.
      Trying pattern rule with stem `Makefile.global.in.mod'.
      Trying implicit prerequisite `../../src/RCS/Makefile.global.in.mod,v'.
      Trying pattern rule with stem `Makefile.global.in.mod'.
      Trying implicit prerequisite `../../src/RCS/Makefile.global.in.mod'.
      Trying pattern rule with stem `Makefile.global.in.mod'.
      Trying implicit prerequisite `../../src/s.Makefile.global.in.mod'.
      Trying pattern rule with stem `Makefile.global.in.mod'.
      Trying implicit prerequisite `../../src/SCCS/s.Makefile.global.in.mod'.
    Trying pattern rule with stem `Makefile.global.in'.
    Rejecting impossible implicit prerequisite `../../src/Makefile.global.in.cc'.
    Trying pattern rule with stem `Makefile.global.in'.
    Rejecting impossible implicit prerequisite `../../src/Makefile.global.in.C'.
    Trying pattern rule with stem `Makefile.global.in'.
    Rejecting impossible implicit prerequisite `../../src/Makefile.global.in.cpp'.
    Trying pattern rule with stem `Makefile.global.in'.
    Rejecting impossible implicit prerequisite `../../src/Makefile.global.in.p'.
    Trying pattern rule with stem `Makefile.global.in'.
    Rejecting impossible implicit prerequisite `../../src/Makefile.global.in.f'.
    Trying pattern rule with stem `Makefile.global.in'.
    Rejecting impossible implicit prerequisite `../../src/Makefile.global.in.F'.
    Trying pattern rule with stem `Makefile.global.in'.
    Rejecting impossible implicit prerequisite `../../src/Makefile.global.in.m'.
    Trying pattern rule with stem `Makefile.global.in'.
    Rejecting impossible implicit prerequisite `../../src/Makefile.global.in.r'.
    Trying pattern rule with stem `Makefile.global.in'.
    Rejecting impossible implicit prerequisite `../../src/Makefile.global.in.s'.
    Trying pattern rule with stem `Makefile.global.in'.
    Rejecting impossible implicit prerequisite `../../src/Makefile.global.in.S'.
    Trying pattern rule with stem `Makefile.global.in'.
    Rejecting impossible implicit prerequisite `../../src/Makefile.global.in.mod'.
    Trying pattern rule with stem `Makefile.global.in'.
    Trying implicit prerequisite `../../src/Makefile.global.in.sh'.
    Looking for a rule with intermediate file `../../src/Makefile.global.in.sh'.
     Avoiding implicit rule recursion.
     Trying pattern rule with stem `Makefile.global.in.sh'.
     Trying implicit prerequisite `../../src/Makefile.global.in.sh,v'.
     Trying pattern rule with stem `Makefile.global.in.sh'.
     Trying implicit prerequisite `../../src/RCS/Makefile.global.in.sh,v'.
     Trying pattern rule with stem `Makefile.global.in.sh'.
     Trying implicit prerequisite `../../src/RCS/Makefile.global.in.sh'.
     Trying pattern rule with stem `Makefile.global.in.sh'.
     Trying implicit prerequisite `../../src/s.Makefile.global.in.sh'.
     Trying pattern rule with stem `Makefile.global.in.sh'.
     Trying implicit prerequisite `../../src/SCCS/s.Makefile.global.in.sh'.
    No implicit rule found for `../../src/Makefile.global.in'.
    Finished prerequisites of target file `../../src/Makefile.global.in'.
   No need to remake target `../../src/Makefile.global.in'.
   Considering target file `../../config.status'.
     Considering target file `../../configure'.
      Looking for an implicit rule for `../../configure'.
      Trying pattern rule with stem `configure'.
      Trying implicit prerequisite `../../configure.o'.
      Trying pattern rule with stem `configure'.
      Trying implicit prerequisite `../../configure.cc'.
      Trying pattern rule with stem `configure'.
      Trying implicit prerequisite `../../configure.C'.
      Trying pattern rule with stem `configure'.
      Trying implicit prerequisite `../../configure.cpp'.
      Trying pattern rule with stem `configure'.
      Trying implicit prerequisite `../../configure.p'.
      Trying pattern rule with stem `configure'.
      Trying implicit prerequisite `../../configure.f'.
      Trying pattern rule with stem `configure'.
      Trying implicit prerequisite `../../configure.F'.
      Trying pattern rule with stem `configure'.
      Trying implicit prerequisite `../../configure.m'.
      Trying pattern rule with stem `configure'.
      Trying implicit prerequisite `../../configure.r'.
      Trying pattern rule with stem `configure'.
      Trying implicit prerequisite `../../configure.s'.
      Trying pattern rule with stem `configure'.
      Trying implicit prerequisite `../../configure.S'.
      Trying pattern rule with stem `configure'.
      Trying implicit prerequisite `../../configure.mod'.
      Trying pattern rule with stem `configure'.
      Trying implicit prerequisite `../../configure.sh'.
      Trying pattern rule with stem `configure'.
      Trying implicit prerequisite `../../configure,v'.
      Trying pattern rule with stem `configure'.
      Trying implicit prerequisite `../../RCS/configure,v'.
      Trying pattern rule with stem `configure'.
      Trying implicit prerequisite `../../RCS/configure'.
      Trying pattern rule with stem `configure'.
      Trying implicit prerequisite `../../s.configure'.
      Trying pattern rule with stem `configure'.
      Trying implicit prerequisite `../../SCCS/s.configure'.
      Trying pattern rule with stem `configure'.
      Trying implicit prerequisite `../../configure.o'.
      Looking for a rule with intermediate file `../../configure.o'.
       Avoiding implicit rule recursion.
       Trying pattern rule with stem `configure'.
       Trying implicit prerequisite `../../configure.c'.
       Trying pattern rule with stem `configure'.
       Trying implicit prerequisite `../../configure.cc'.
       Trying pattern rule with stem `configure'.
       Trying implicit prerequisite `../../configure.C'.
       Trying pattern rule with stem `configure'.
       Trying implicit prerequisite `../../configure.cpp'.
       Trying pattern rule with stem `configure'.
       Trying implicit prerequisite `../../configure.p'.
       Trying pattern rule with stem `configure'.
       Trying implicit prerequisite `../../configure.f'.
       Trying pattern rule with stem `configure'.
       Trying implicit prerequisite `../../configure.F'.
       Trying pattern rule with stem `configure'.
       Trying implicit prerequisite `../../configure.m'.
       Trying pattern rule with stem `configure'.
       Trying implicit prerequisite `../../configure.r'.
       Trying pattern rule with stem `configure'.
       Trying implicit prerequisite `../../configure.s'.
       Trying pattern rule with stem `configure'.
       Trying implicit prerequisite `../../configure.S'.
       Trying pattern rule with stem `configure'.
       Trying implicit prerequisite `../../configure.mod'.
       Trying pattern rule with stem `configure.o'.
       Trying implicit prerequisite `../../configure.o,v'.
       Trying pattern rule with stem `configure.o'.
       Trying implicit prerequisite `../../RCS/configure.o,v'.
       Trying pattern rule with stem `configure.o'.
       Trying implicit prerequisite `../../RCS/configure.o'.
       Trying pattern rule with stem `configure.o'.
       Trying implicit prerequisite `../../s.configure.o'.
       Trying pattern rule with stem `configure.o'.
       Trying implicit prerequisite `../../SCCS/s.configure.o'.
       Trying pattern rule with stem `configure'.
       Trying implicit prerequisite `../../configure.c'.
       Looking for a rule with intermediate file `../../configure.c'.
        Avoiding implicit rule recursion.
        Avoiding implicit rule recursion.
        Trying pattern rule with stem `configure'.
        Trying implicit prerequisite `../../configure.l'.
        Trying pattern rule with stem `configure'.
        Trying implicit prerequisite `../../configure.y'.
        Trying pattern rule with stem `configure'.
        Trying implicit prerequisite `../../configure.w'.
        Trying pattern rule with stem `configure'.
        Trying implicit prerequisite `../../configure.w'.
        Trying pattern rule with stem `configure.c'.
        Trying implicit prerequisite `../../configure.c,v'.
        Trying pattern rule with stem `configure.c'.
        Trying implicit prerequisite `../../RCS/configure.c,v'.
        Trying pattern rule with stem `configure.c'.
        Trying implicit prerequisite `../../RCS/configure.c'.
        Trying pattern rule with stem `configure.c'.
        Trying implicit prerequisite `../../s.configure.c'.
        Trying pattern rule with stem `configure.c'.
        Trying implicit prerequisite `../../SCCS/s.configure.c'.
        Trying pattern rule with stem `configure'.
        Trying implicit prerequisite `../../configure.l'.
        Looking for a rule with intermediate file `../../configure.l'.
         Avoiding implicit rule recursion.
         Avoiding implicit rule recursion.
         Avoiding implicit rule recursion.
         Trying pattern rule with stem `configure.l'.
         Trying implicit prerequisite `../../configure.l,v'.
         Trying pattern rule with stem `configure.l'.
         Trying implicit prerequisite `../../RCS/configure.l,v'.
         Trying pattern rule with stem `configure.l'.
         Trying implicit prerequisite `../../RCS/configure.l'.
         Trying pattern rule with stem `configure.l'.
         Trying implicit prerequisite `../../s.configure.l'.
         Trying pattern rule with stem `configure.l'.
         Trying implicit prerequisite `../../SCCS/s.configure.l'.
        Trying pattern rule with stem `configure'.
        Trying implicit prerequisite `../../configure.y'.
        Looking for a rule with intermediate file `../../configure.y'.
         Avoiding implicit rule recursion.
         Avoiding implicit rule recursion.
         Avoiding implicit rule recursion.
         Trying pattern rule with stem `configure.y'.
         Trying implicit prerequisite `../../configure.y,v'.
         Trying pattern rule with stem `configure.y'.
         Trying implicit prerequisite `../../RCS/configure.y,v'.
         Trying pattern rule with stem `configure.y'.
         Trying implicit prerequisite `../../RCS/configure.y'.
         Trying pattern rule with stem `configure.y'.
         Trying implicit prerequisite `../../s.configure.y'.
         Trying pattern rule with stem `configure.y'.
         Trying implicit prerequisite `../../SCCS/s.configure.y'.
        Trying pattern rule with stem `configure'.
        Trying implicit prerequisite `../../configure.w'.
        Looking for a rule with intermediate file `../../configure.w'.
         Avoiding implicit rule recursion.
         Avoiding implicit rule recursion.
         Avoiding implicit rule recursion.
         Trying pattern rule with stem `configure.w'.
         Trying implicit prerequisite `../../configure.w,v'.
         Trying pattern rule with stem `configure.w'.
         Trying implicit prerequisite `../../RCS/configure.w,v'.
         Trying pattern rule with stem `configure.w'.
         Trying implicit prerequisite `../../RCS/configure.w'.
         Trying pattern rule with stem `configure.w'.
         Trying implicit prerequisite `../../s.configure.w'.
         Trying pattern rule with stem `configure.w'.
         Trying implicit prerequisite `../../SCCS/s.configure.w'.
        Trying pattern rule with stem `configure'.
        Rejecting impossible implicit prerequisite `../../configure.w'.
       Trying pattern rule with stem `configure'.
       Trying implicit prerequisite `../../configure.cc'.
       Looking for a rule with intermediate file `../../configure.cc'.
        Avoiding implicit rule recursion.
        Avoiding implicit rule recursion.
        Trying pattern rule with stem `configure.cc'.
        Trying implicit prerequisite `../../configure.cc,v'.
        Trying pattern rule with stem `configure.cc'.
        Trying implicit prerequisite `../../RCS/configure.cc,v'.
        Trying pattern rule with stem `configure.cc'.
        Trying implicit prerequisite `../../RCS/configure.cc'.
        Trying pattern rule with stem `configure.cc'.
        Trying implicit prerequisite `../../s.configure.cc'.
        Trying pattern rule with stem `configure.cc'.
        Trying implicit prerequisite `../../SCCS/s.configure.cc'.
       Trying pattern rule with stem `configure'.
       Trying implicit prerequisite `../../configure.C'.
       Looking for a rule with intermediate file `../../configure.C'.
        Avoiding implicit rule recursion.
        Avoiding implicit rule recursion.
        Trying pattern rule with stem `configure.C'.
        Trying implicit prerequisite `../../configure.C,v'.
        Trying pattern rule with stem `configure.C'.
        Trying implicit prerequisite `../../RCS/configure.C,v'.
        Trying pattern rule with stem `configure.C'.
        Trying implicit prerequisite `../../RCS/configure.C'.
        Trying pattern rule with stem `configure.C'.
        Trying implicit prerequisite `../../s.configure.C'.
        Trying pattern rule with stem `configure.C'.
        Trying implicit prerequisite `../../SCCS/s.configure.C'.
       Trying pattern rule with stem `configure'.
       Trying implicit prerequisite `../../configure.cpp'.
       Looking for a rule with intermediate file `../../configure.cpp'.
        Avoiding implicit rule recursion.
        Avoiding implicit rule recursion.
        Trying pattern rule with stem `configure.cpp'.
        Trying implicit prerequisite `../../configure.cpp,v'.
        Trying pattern rule with stem `configure.cpp'.
        Trying implicit prerequisite `../../RCS/configure.cpp,v'.
        Trying pattern rule with stem `configure.cpp'.
        Trying implicit prerequisite `../../RCS/configure.cpp'.
        Trying pattern rule with stem `configure.cpp'.
        Trying implicit prerequisite `../../s.configure.cpp'.
        Trying pattern rule with stem `configure.cpp'.
        Trying implicit prerequisite `../../SCCS/s.configure.cpp'.
       Trying pattern rule with stem `configure'.
       Trying implicit prerequisite `../../configure.p'.
       Looking for a rule with intermediate file `../../configure.p'.
        Avoiding implicit rule recursion.
        Avoiding implicit rule recursion.
        Trying pattern rule with stem `configure'.
        Trying implicit prerequisite `../../configure.web'.
        Trying pattern rule with stem `configure.p'.
        Trying implicit prerequisite `../../configure.p,v'.
        Trying pattern rule with stem `configure.p'.
        Trying implicit prerequisite `../../RCS/configure.p,v'.
        Trying pattern rule with stem `configure.p'.
        Trying implicit prerequisite `../../RCS/configure.p'.
        Trying pattern rule with stem `configure.p'.
        Trying implicit prerequisite `../../s.configure.p'.
        Trying pattern rule with stem `configure.p'.
        Trying implicit prerequisite `../../SCCS/s.configure.p'.
        Trying pattern rule with stem `configure'.
        Trying implicit prerequisite `../../configure.web'.
        Looking for a rule with intermediate file `../../configure.web'.
         Avoiding implicit rule recursion.
         Avoiding implicit rule recursion.
         Avoiding implicit rule recursion.
         Trying pattern rule with stem `configure.web'.
         Trying implicit prerequisite `../../configure.web,v'.
         Trying pattern rule with stem `configure.web'.
         Trying implicit prerequisite `../../RCS/configure.web,v'.
         Trying pattern rule with stem `configure.web'.
         Trying implicit prerequisite `../../RCS/configure.web'.
         Trying pattern rule with stem `configure.web'.
         Trying implicit prerequisite `../../s.configure.web'.
         Trying pattern rule with stem `configure.web'.
         Trying implicit prerequisite `../../SCCS/s.configure.web'.
       Trying pattern rule with stem `configure'.
       Trying implicit prerequisite `../../configure.f'.
       Looking for a rule with intermediate file `../../configure.f'.
        Avoiding implicit rule recursion.
        Avoiding implicit rule recursion.
        Trying pattern rule with stem `configure'.
        Trying implicit prerequisite `../../configure.F'.
        Trying pattern rule with stem `configure'.
        Trying implicit prerequisite `../../configure.r'.
        Trying pattern rule with stem `configure.f'.
        Trying implicit prerequisite `../../configure.f,v'.
        Trying pattern rule with stem `configure.f'.
        Trying implicit prerequisite `../../RCS/configure.f,v'.
        Trying pattern rule with stem `configure.f'.
        Trying implicit prerequisite `../../RCS/configure.f'.
        Trying pattern rule with stem `configure.f'.
        Trying implicit prerequisite `../../s.configure.f'.
        Trying pattern rule with stem `configure.f'.
        Trying implicit prerequisite `../../SCCS/s.configure.f'.
        Trying pattern rule with stem `configure'.
        Trying implicit prerequisite `../../configure.F'.
        Looking for a rule with intermediate file `../../configure.F'.
         Avoiding implicit rule recursion.
         Avoiding implicit rule recursion.
         Avoiding implicit rule recursion.
         Trying pattern rule with stem `configure.F'.
         Trying implicit prerequisite `../../configure.F,v'.
         Trying pattern rule with stem `configure.F'.
         Trying implicit prerequisite `../../RCS/configure.F,v'.
         Trying pattern rule with stem `configure.F'.
         Trying implicit prerequisite `../../RCS/configure.F'.
         Trying pattern rule with stem `configure.F'.
         Trying implicit prerequisite `../../s.configure.F'.
         Trying pattern rule with stem `configure.F'.
         Trying implicit prerequisite `../../SCCS/s.configure.F'.
        Trying pattern rule with stem `configure'.
        Trying implicit prerequisite `../../configure.r'.
        Looking for a rule with intermediate file `../../configure.r'.
         Avoiding implicit rule recursion.
         Avoiding implicit rule recursion.
         Avoiding implicit rule recursion.
         Trying pattern rule with stem `configure'.
         Rejecting impossible implicit prerequisite `../../configure.l'.
         Trying pattern rule with stem `configure.r'.
         Trying implicit prerequisite `../../configure.r,v'.
         Trying pattern rule with stem `configure.r'.
         Trying implicit prerequisite `../../RCS/configure.r,v'.
         Trying pattern rule with stem `configure.r'.
         Trying implicit prerequisite `../../RCS/configure.r'.
         Trying pattern rule with stem `configure.r'.
         Trying implicit prerequisite `../../s.configure.r'.
         Trying pattern rule with stem `configure.r'.
         Trying implicit prerequisite `../../SCCS/s.configure.r'.
       Trying pattern rule with stem `configure'.
       Rejecting impossible implicit prerequisite `../../configure.F'.
       Trying pattern rule with stem `configure'.
       Trying implicit prerequisite `../../configure.m'.
       Looking for a rule with intermediate file `../../configure.m'.
        Avoiding implicit rule recursion.
        Avoiding implicit rule recursion.
        Trying pattern rule with stem `configure'.
        Trying implicit prerequisite `../../configure.ym'.
        Trying pattern rule with stem `configure'.
        Trying implicit prerequisite `../../configure.lm'.
        Trying pattern rule with stem `configure.m'.
        Trying implicit prerequisite `../../configure.m,v'.
        Trying pattern rule with stem `configure.m'.
        Trying implicit prerequisite `../../RCS/configure.m,v'.
        Trying pattern rule with stem `configure.m'.
        Trying implicit prerequisite `../../RCS/configure.m'.
        Trying pattern rule with stem `configure.m'.
        Trying implicit prerequisite `../../s.configure.m'.
        Trying pattern rule with stem `configure.m'.
        Trying implicit prerequisite `../../SCCS/s.configure.m'.
        Trying pattern rule with stem `configure'.
        Trying implicit prerequisite `../../configure.ym'.
        Looking for a rule with intermediate file `../../configure.ym'.
         Avoiding implicit rule recursion.
         Avoiding implicit rule recursion.
         Avoiding implicit rule recursion.
         Trying pattern rule with stem `configure.ym'.
         Trying implicit prerequisite `../../configure.ym,v'.
         Trying pattern rule with stem `configure.ym'.
         Trying implicit prerequisite `../../RCS/configure.ym,v'.
         Trying pattern rule with stem `configure.ym'.
         Trying implicit prerequisite `../../RCS/configure.ym'.
         Trying pattern rule with stem `configure.ym'.
         Trying implicit prerequisite `../../s.configure.ym'.
         Trying pattern rule with stem `configure.ym'.
         Trying implicit prerequisite `../../SCCS/s.configure.ym'.
        Trying pattern rule with stem `configure'.
        Trying implicit prerequisite `../../configure.lm'.
        Looking for a rule with intermediate file `../../configure.lm'.
         Avoiding implicit rule recursion.
         Avoiding implicit rule recursion.
         Avoiding implicit rule recursion.
         Trying pattern rule with stem `configure.lm'.
         Trying implicit prerequisite `../../configure.lm,v'.
         Trying pattern rule with stem `configure.lm'.
         Trying implicit prerequisite `../../RCS/configure.lm,v'.
         Trying pattern rule with stem `configure.lm'.
         Trying implicit prerequisite `../../RCS/configure.lm'.
         Trying pattern rule with stem `configure.lm'.
         Trying implicit prerequisite `../../s.configure.lm'.
         Trying pattern rule with stem `configure.lm'.
         Trying implicit prerequisite `../../SCCS/s.configure.lm'.
       Trying pattern rule with stem `configure'.
       Rejecting impossible implicit prerequisite `../../configure.r'.
       Trying pattern rule with stem `configure'.
       Trying implicit prerequisite `../../configure.s'.
       Looking for a rule with intermediate file `../../configure.s'.
        Avoiding implicit rule recursion.
        Avoiding implicit rule recursion.
        Trying pattern rule with stem `configure'.
        Trying implicit prerequisite `../../configure.S'.
        Trying pattern rule with stem `configure.s'.
        Trying implicit prerequisite `../../configure.s,v'.
        Trying pattern rule with stem `configure.s'.
        Trying implicit prerequisite `../../RCS/configure.s,v'.
        Trying pattern rule with stem `configure.s'.
        Trying implicit prerequisite `../../RCS/configure.s'.
        Trying pattern rule with stem `configure.s'.
        Trying implicit prerequisite `../../s.configure.s'.
        Trying pattern rule with stem `configure.s'.
        Trying implicit prerequisite `../../SCCS/s.configure.s'.
        Trying pattern rule with stem `configure'.
        Trying implicit prerequisite `../../configure.S'.
        Looking for a rule with intermediate file `../../configure.S'.
         Avoiding implicit rule recursion.
         Avoiding implicit rule recursion.
         Avoiding implicit rule recursion.
         Trying pattern rule with stem `configure.S'.
         Trying implicit prerequisite `../../configure.S,v'.
         Trying pattern rule with stem `configure.S'.
         Trying implicit prerequisite `../../RCS/configure.S,v'.
         Trying pattern rule with stem `configure.S'.
         Trying implicit prerequisite `../../RCS/configure.S'.
         Trying pattern rule with stem `configure.S'.
         Trying implicit prerequisite `../../s.configure.S'.
         Trying pattern rule with stem `configure.S'.
         Trying implicit prerequisite `../../SCCS/s.configure.S'.
       Trying pattern rule with stem `configure'.
       Rejecting impossible implicit prerequisite `../../configure.S'.
       Trying pattern rule with stem `configure'.
       Trying implicit prerequisite `../../configure.mod'.
       Looking for a rule with intermediate file `../../configure.mod'.
        Avoiding implicit rule recursion.
        Avoiding implicit rule recursion.
        Trying pattern rule with stem `configure.mod'.
        Trying implicit prerequisite `../../configure.mod,v'.
        Trying pattern rule with stem `configure.mod'.
        Trying implicit prerequisite `../../RCS/configure.mod,v'.
        Trying pattern rule with stem `configure.mod'.
        Trying implicit prerequisite `../../RCS/configure.mod'.
        Trying pattern rule with stem `configure.mod'.
        Trying implicit prerequisite `../../s.configure.mod'.
        Trying pattern rule with stem `configure.mod'.
        Trying implicit prerequisite `../../SCCS/s.configure.mod'.
      Trying pattern rule with stem `configure'.
      Rejecting impossible implicit prerequisite `../../configure.cc'.
      Trying pattern rule with stem `configure'.
      Rejecting impossible implicit prerequisite `../../configure.C'.
      Trying pattern rule with stem `configure'.
      Rejecting impossible implicit prerequisite `../../configure.cpp'.
      Trying pattern rule with stem `configure'.
      Rejecting impossible implicit prerequisite `../../configure.p'.
      Trying pattern rule with stem `configure'.
      Rejecting impossible implicit prerequisite `../../configure.f'.
      Trying pattern rule with stem `configure'.
      Rejecting impossible implicit prerequisite `../../configure.F'.
      Trying pattern rule with stem `configure'.
      Rejecting impossible implicit prerequisite `../../configure.m'.
      Trying pattern rule with stem `configure'.
      Rejecting impossible implicit prerequisite `../../configure.r'.
      Trying pattern rule with stem `configure'.
      Rejecting impossible implicit prerequisite `../../configure.s'.
      Trying pattern rule with stem `configure'.
      Rejecting impossible implicit prerequisite `../../configure.S'.
      Trying pattern rule with stem `configure'.
      Rejecting impossible implicit prerequisite `../../configure.mod'.
      Trying pattern rule with stem `configure'.
      Trying implicit prerequisite `../../configure.sh'.
      Looking for a rule with intermediate file `../../configure.sh'.
       Avoiding implicit rule recursion.
       Trying pattern rule with stem `configure.sh'.
       Trying implicit prerequisite `../../configure.sh,v'.
       Trying pattern rule with stem `configure.sh'.
       Trying implicit prerequisite `../../RCS/configure.sh,v'.
       Trying pattern rule with stem `configure.sh'.
       Trying implicit prerequisite `../../RCS/configure.sh'.
       Trying pattern rule with stem `configure.sh'.
       Trying implicit prerequisite `../../s.configure.sh'.
       Trying pattern rule with stem `configure.sh'.
       Trying implicit prerequisite `../../SCCS/s.configure.sh'.
      No implicit rule found for `../../configure'.
      Finished prerequisites of target file `../../configure'.
     No need to remake target `../../configure'.
    Finished prerequisites of target file `../../config.status'.
    Prerequisite `../../configure' is older than target `../../config.status'.
   No need to remake target `../../config.status'.
  Finished prerequisites of target file `../../src/Makefile.global'.
  Prerequisite `../../src/Makefile.global.in' is older than target `../../src/Makefile.global'.
  Prerequisite `../../config.status' is older than target `../../src/Makefile.global'.
 No need to remake target `../../src/Makefile.global'.
 Considering target file `Makefile'.
  Looking for an implicit rule for `Makefile'.
  Trying pattern rule with stem `Makefile'.
  Trying implicit prerequisite `Makefile.o'.
  Trying pattern rule with stem `Makefile'.
  Trying implicit prerequisite `Makefile.cc'.
  Trying pattern rule with stem `Makefile'.
  Trying implicit prerequisite `Makefile.C'.
  Trying pattern rule with stem `Makefile'.
  Trying implicit prerequisite `Makefile.cpp'.
  Trying pattern rule with stem `Makefile'.
  Trying implicit prerequisite `Makefile.p'.
  Trying pattern rule with stem `Makefile'.
  Trying implicit prerequisite `Makefile.f'.
  Trying pattern rule with stem `Makefile'.
  Trying implicit prerequisite `Makefile.F'.
  Trying pattern rule with stem `Makefile'.
  Trying implicit prerequisite `Makefile.m'.
  Trying pattern rule with stem `Makefile'.
  Trying implicit prerequisite `Makefile.r'.
  Trying pattern rule with stem `Makefile'.
  Trying implicit prerequisite `Makefile.s'.
  Trying pattern rule with stem `Makefile'.
  Trying implicit prerequisite `Makefile.S'.
  Trying pattern rule with stem `Makefile'.
  Trying implicit prerequisite `Makefile.mod'.
  Trying pattern rule with stem `Makefile'.
  Trying implicit prerequisite `Makefile.sh'.
  Trying pattern rule with stem `Makefile'.
  Trying implicit prerequisite `Makefile,v'.
  Trying pattern rule with stem `Makefile'.
  Trying implicit prerequisite `RCS/Makefile,v'.
  Trying pattern rule with stem `Makefile'.
  Trying implicit prerequisite `RCS/Makefile'.
  Trying pattern rule with stem `Makefile'.
  Trying implicit prerequisite `s.Makefile'.
  Trying pattern rule with stem `Makefile'.
  Trying implicit prerequisite `SCCS/s.Makefile'.
  Trying pattern rule with stem `Makefile'.
  Trying implicit prerequisite `Makefile.o'.
  Looking for a rule with intermediate file `Makefile.o'.
   Avoiding implicit rule recursion.
   Trying pattern rule with stem `Makefile'.
   Trying implicit prerequisite `Makefile.c'.
   Trying pattern rule with stem `Makefile'.
   Trying implicit prerequisite `Makefile.cc'.
   Trying pattern rule with stem `Makefile'.
   Trying implicit prerequisite `Makefile.C'.
   Trying pattern rule with stem `Makefile'.
   Trying implicit prerequisite `Makefile.cpp'.
   Trying pattern rule with stem `Makefile'.
   Trying implicit prerequisite `Makefile.p'.
   Trying pattern rule with stem `Makefile'.
   Trying implicit prerequisite `Makefile.f'.
   Trying pattern rule with stem `Makefile'.
   Trying implicit prerequisite `Makefile.F'.
   Trying pattern rule with stem `Makefile'.
   Trying implicit prerequisite `Makefile.m'.
   Trying pattern rule with stem `Makefile'.
   Trying implicit prerequisite `Makefile.r'.
   Trying pattern rule with stem `Makefile'.
   Trying implicit prerequisite `Makefile.s'.
   Trying pattern rule with stem `Makefile'.
   Trying implicit prerequisite `Makefile.S'.
   Trying pattern rule with stem `Makefile'.
   Trying implicit prerequisite `Makefile.mod'.
   Trying pattern rule with stem `Makefile.o'.
   Trying implicit prerequisite `Makefile.o,v'.
   Trying pattern rule with stem `Makefile.o'.
   Trying implicit prerequisite `RCS/Makefile.o,v'.
   Trying pattern rule with stem `Makefile.o'.
   Trying implicit prerequisite `RCS/Makefile.o'.
   Trying pattern rule with stem `Makefile.o'.
   Trying implicit prerequisite `s.Makefile.o'.
   Trying pattern rule with stem `Makefile.o'.
   Trying implicit prerequisite `SCCS/s.Makefile.o'.
   Trying pattern rule with stem `Makefile'.
   Trying implicit prerequisite `Makefile.c'.
   Looking for a rule with intermediate file `Makefile.c'.
    Avoiding implicit rule recursion.
    Avoiding implicit rule recursion.
    Trying pattern rule with stem `Makefile'.
    Trying implicit prerequisite `Makefile.l'.
    Trying pattern rule with stem `Makefile'.
    Trying implicit prerequisite `Makefile.y'.
    Trying pattern rule with stem `Makefile'.
    Trying implicit prerequisite `Makefile.w'.
    Trying pattern rule with stem `Makefile'.
    Trying implicit prerequisite `Makefile.w'.
    Trying pattern rule with stem `Makefile.c'.
    Trying implicit prerequisite `Makefile.c,v'.
    Trying pattern rule with stem `Makefile.c'.
    Trying implicit prerequisite `RCS/Makefile.c,v'.
    Trying pattern rule with stem `Makefile.c'.
    Trying implicit prerequisite `RCS/Makefile.c'.
    Trying pattern rule with stem `Makefile.c'.
    Trying implicit prerequisite `s.Makefile.c'.
    Trying pattern rule with stem `Makefile.c'.
    Trying implicit prerequisite `SCCS/s.Makefile.c'.
    Trying pattern rule with stem `Makefile'.
    Trying implicit prerequisite `Makefile.l'.
    Looking for a rule with intermediate file `Makefile.l'.
     Avoiding implicit rule recursion.
     Avoiding implicit rule recursion.
     Avoiding implicit rule recursion.
     Trying pattern rule with stem `Makefile.l'.
     Trying implicit prerequisite `Makefile.l,v'.
     Trying pattern rule with stem `Makefile.l'.
     Trying implicit prerequisite `RCS/Makefile.l,v'.
     Trying pattern rule with stem `Makefile.l'.
     Trying implicit prerequisite `RCS/Makefile.l'.
     Trying pattern rule with stem `Makefile.l'.
     Trying implicit prerequisite `s.Makefile.l'.
     Trying pattern rule with stem `Makefile.l'.
     Trying implicit prerequisite `SCCS/s.Makefile.l'.
    Trying pattern rule with stem `Makefile'.
    Trying implicit prerequisite `Makefile.y'.
    Looking for a rule with intermediate file `Makefile.y'.
     Avoiding implicit rule recursion.
     Avoiding implicit rule recursion.
     Avoiding implicit rule recursion.
     Trying pattern rule with stem `Makefile.y'.
     Trying implicit prerequisite `Makefile.y,v'.
     Trying pattern rule with stem `Makefile.y'.
     Trying implicit prerequisite `RCS/Makefile.y,v'.
     Trying pattern rule with stem `Makefile.y'.
     Trying implicit prerequisite `RCS/Makefile.y'.
     Trying pattern rule with stem `Makefile.y'.
     Trying implicit prerequisite `s.Makefile.y'.
     Trying pattern rule with stem `Makefile.y'.
     Trying implicit prerequisite `SCCS/s.Makefile.y'.
    Trying pattern rule with stem `Makefile'.
    Trying implicit prerequisite `Makefile.w'.
    Looking for a rule with intermediate file `Makefile.w'.
     Avoiding implicit rule recursion.
     Avoiding implicit rule recursion.
     Avoiding implicit rule recursion.
     Trying pattern rule with stem `Makefile.w'.
     Trying implicit prerequisite `Makefile.w,v'.
     Trying pattern rule with stem `Makefile.w'.
     Trying implicit prerequisite `RCS/Makefile.w,v'.
     Trying pattern rule with stem `Makefile.w'.
     Trying implicit prerequisite `RCS/Makefile.w'.
     Trying pattern rule with stem `Makefile.w'.
     Trying implicit prerequisite `s.Makefile.w'.
     Trying pattern rule with stem `Makefile.w'.
     Trying implicit prerequisite `SCCS/s.Makefile.w'.
    Trying pattern rule with stem `Makefile'.
    Rejecting impossible implicit prerequisite `Makefile.w'.
   Trying pattern rule with stem `Makefile'.
   Trying implicit prerequisite `Makefile.cc'.
   Looking for a rule with intermediate file `Makefile.cc'.
    Avoiding implicit rule recursion.
    Avoiding implicit rule recursion.
    Trying pattern rule with stem `Makefile.cc'.
    Trying implicit prerequisite `Makefile.cc,v'.
    Trying pattern rule with stem `Makefile.cc'.
    Trying implicit prerequisite `RCS/Makefile.cc,v'.
    Trying pattern rule with stem `Makefile.cc'.
    Trying implicit prerequisite `RCS/Makefile.cc'.
    Trying pattern rule with stem `Makefile.cc'.
    Trying implicit prerequisite `s.Makefile.cc'.
    Trying pattern rule with stem `Makefile.cc'.
    Trying implicit prerequisite `SCCS/s.Makefile.cc'.
   Trying pattern rule with stem `Makefile'.
   Trying implicit prerequisite `Makefile.C'.
   Looking for a rule with intermediate file `Makefile.C'.
    Avoiding implicit rule recursion.
    Avoiding implicit rule recursion.
    Trying pattern rule with stem `Makefile.C'.
    Trying implicit prerequisite `Makefile.C,v'.
    Trying pattern rule with stem `Makefile.C'.
    Trying implicit prerequisite `RCS/Makefile.C,v'.
    Trying pattern rule with stem `Makefile.C'.
    Trying implicit prerequisite `RCS/Makefile.C'.
    Trying pattern rule with stem `Makefile.C'.
    Trying implicit prerequisite `s.Makefile.C'.
    Trying pattern rule with stem `Makefile.C'.
    Trying implicit prerequisite `SCCS/s.Makefile.C'.
   Trying pattern rule with stem `Makefile'.
   Trying implicit prerequisite `Makefile.cpp'.
   Looking for a rule with intermediate file `Makefile.cpp'.
    Avoiding implicit rule recursion.
    Avoiding implicit rule recursion.
    Trying pattern rule with stem `Makefile.cpp'.
    Trying implicit prerequisite `Makefile.cpp,v'.
    Trying pattern rule with stem `Makefile.cpp'.
    Trying implicit prerequisite `RCS/Makefile.cpp,v'.
    Trying pattern rule with stem `Makefile.cpp'.
    Trying implicit prerequisite `RCS/Makefile.cpp'.
    Trying pattern rule with stem `Makefile.cpp'.
    Trying implicit prerequisite `s.Makefile.cpp'.
    Trying pattern rule with stem `Makefile.cpp'.
    Trying implicit prerequisite `SCCS/s.Makefile.cpp'.
   Trying pattern rule with stem `Makefile'.
   Trying implicit prerequisite `Makefile.p'.
   Looking for a rule with intermediate file `Makefile.p'.
    Avoiding implicit rule recursion.
    Avoiding implicit rule recursion.
    Trying pattern rule with stem `Makefile'.
    Trying implicit prerequisite `Makefile.web'.
    Trying pattern rule with stem `Makefile.p'.
    Trying implicit prerequisite `Makefile.p,v'.
    Trying pattern rule with stem `Makefile.p'.
    Trying implicit prerequisite `RCS/Makefile.p,v'.
    Trying pattern rule with stem `Makefile.p'.
    Trying implicit prerequisite `RCS/Makefile.p'.
    Trying pattern rule with stem `Makefile.p'.
    Trying implicit prerequisite `s.Makefile.p'.
    Trying pattern rule with stem `Makefile.p'.
    Trying implicit prerequisite `SCCS/s.Makefile.p'.
    Trying pattern rule with stem `Makefile'.
    Trying implicit prerequisite `Makefile.web'.
    Looking for a rule with intermediate file `Makefile.web'.
     Avoiding implicit rule recursion.
     Avoiding implicit rule recursion.
     Avoiding implicit rule recursion.
     Trying pattern rule with stem `Makefile.web'.
     Trying implicit prerequisite `Makefile.web,v'.
     Trying pattern rule with stem `Makefile.web'.
     Trying implicit prerequisite `RCS/Makefile.web,v'.
     Trying pattern rule with stem `Makefile.web'.
     Trying implicit prerequisite `RCS/Makefile.web'.
     Trying pattern rule with stem `Makefile.web'.
     Trying implicit prerequisite `s.Makefile.web'.
     Trying pattern rule with stem `Makefile.web'.
     Trying implicit prerequisite `SCCS/s.Makefile.web'.
   Trying pattern rule with stem `Makefile'.
   Trying implicit prerequisite `Makefile.f'.
   Looking for a rule with intermediate file `Makefile.f'.
    Avoiding implicit rule recursion.
    Avoiding implicit rule recursion.
    Trying pattern rule with stem `Makefile'.
    Trying implicit prerequisite `Makefile.F'.
    Trying pattern rule with stem `Makefile'.
    Trying implicit prerequisite `Makefile.r'.
    Trying pattern rule with stem `Makefile.f'.
    Trying implicit prerequisite `Makefile.f,v'.
    Trying pattern rule with stem `Makefile.f'.
    Trying implicit prerequisite `RCS/Makefile.f,v'.
    Trying pattern rule with stem `Makefile.f'.
    Trying implicit prerequisite `RCS/Makefile.f'.
    Trying pattern rule with stem `Makefile.f'.
    Trying implicit prerequisite `s.Makefile.f'.
    Trying pattern rule with stem `Makefile.f'.
    Trying implicit prerequisite `SCCS/s.Makefile.f'.
    Trying pattern rule with stem `Makefile'.
    Trying implicit prerequisite `Makefile.F'.
    Looking for a rule with intermediate file `Makefile.F'.
     Avoiding implicit rule recursion.
     Avoiding implicit rule recursion.
     Avoiding implicit rule recursion.
     Trying pattern rule with stem `Makefile.F'.
     Trying implicit prerequisite `Makefile.F,v'.
     Trying pattern rule with stem `Makefile.F'.
     Trying implicit prerequisite `RCS/Makefile.F,v'.
     Trying pattern rule with stem `Makefile.F'.
     Trying implicit prerequisite `RCS/Makefile.F'.
     Trying pattern rule with stem `Makefile.F'.
     Trying implicit prerequisite `s.Makefile.F'.
     Trying pattern rule with stem `Makefile.F'.
     Trying implicit prerequisite `SCCS/s.Makefile.F'.
    Trying pattern rule with stem `Makefile'.
    Trying implicit prerequisite `Makefile.r'.
    Looking for a rule with intermediate file `Makefile.r'.
     Avoiding implicit rule recursion.
     Avoiding implicit rule recursion.
     Avoiding implicit rule recursion.
     Trying pattern rule with stem `Makefile'.
     Rejecting impossible implicit prerequisite `Makefile.l'.
     Trying pattern rule with stem `Makefile.r'.
     Trying implicit prerequisite `Makefile.r,v'.
     Trying pattern rule with stem `Makefile.r'.
     Trying implicit prerequisite `RCS/Makefile.r,v'.
     Trying pattern rule with stem `Makefile.r'.
     Trying implicit prerequisite `RCS/Makefile.r'.
     Trying pattern rule with stem `Makefile.r'.
     Trying implicit prerequisite `s.Makefile.r'.
     Trying pattern rule with stem `Makefile.r'.
     Trying implicit prerequisite `SCCS/s.Makefile.r'.
   Trying pattern rule with stem `Makefile'.
   Rejecting impossible implicit prerequisite `Makefile.F'.
   Trying pattern rule with stem `Makefile'.
   Trying implicit prerequisite `Makefile.m'.
   Looking for a rule with intermediate file `Makefile.m'.
    Avoiding implicit rule recursion.
    Avoiding implicit rule recursion.
    Trying pattern rule with stem `Makefile'.
    Trying implicit prerequisite `Makefile.ym'.
    Trying pattern rule with stem `Makefile'.
    Trying implicit prerequisite `Makefile.lm'.
    Trying pattern rule with stem `Makefile.m'.
    Trying implicit prerequisite `Makefile.m,v'.
    Trying pattern rule with stem `Makefile.m'.
    Trying implicit prerequisite `RCS/Makefile.m,v'.
    Trying pattern rule with stem `Makefile.m'.
    Trying implicit prerequisite `RCS/Makefile.m'.
    Trying pattern rule with stem `Makefile.m'.
    Trying implicit prerequisite `s.Makefile.m'.
    Trying pattern rule with stem `Makefile.m'.
    Trying implicit prerequisite `SCCS/s.Makefile.m'.
    Trying pattern rule with stem `Makefile'.
    Trying implicit prerequisite `Makefile.ym'.
    Looking for a rule with intermediate file `Makefile.ym'.
     Avoiding implicit rule recursion.
     Avoiding implicit rule recursion.
     Avoiding implicit rule recursion.
     Trying pattern rule with stem `Makefile.ym'.
     Trying implicit prerequisite `Makefile.ym,v'.
     Trying pattern rule with stem `Makefile.ym'.
     Trying implicit prerequisite `RCS/Makefile.ym,v'.
     Trying pattern rule with stem `Makefile.ym'.
     Trying implicit prerequisite `RCS/Makefile.ym'.
     Trying pattern rule with stem `Makefile.ym'.
     Trying implicit prerequisite `s.Makefile.ym'.
     Trying pattern rule with stem `Makefile.ym'.
     Trying implicit prerequisite `SCCS/s.Makefile.ym'.
    Trying pattern rule with stem `Makefile'.
    Trying implicit prerequisite `Makefile.lm'.
    Looking for a rule with intermediate file `Makefile.lm'.
     Avoiding implicit rule recursion.
     Avoiding implicit rule recursion.
     Avoiding implicit rule recursion.
     Trying pattern rule with stem `Makefile.lm'.
     Trying implicit prerequisite `Makefile.lm,v'.
     Trying pattern rule with stem `Makefile.lm'.
     Trying implicit prerequisite `RCS/Makefile.lm,v'.
     Trying pattern rule with stem `Makefile.lm'.
     Trying implicit prerequisite `RCS/Makefile.lm'.
     Trying pattern rule with stem `Makefile.lm'.
     Trying implicit prerequisite `s.Makefile.lm'.
     Trying pattern rule with stem `Makefile.lm'.
     Trying implicit prerequisite `SCCS/s.Makefile.lm'.
   Trying pattern rule with stem `Makefile'.
   Rejecting impossible implicit prerequisite `Makefile.r'.
   Trying pattern rule with stem `Makefile'.
   Trying implicit prerequisite `Makefile.s'.
   Looking for a rule with intermediate file `Makefile.s'.
    Avoiding implicit rule recursion.
    Avoiding implicit rule recursion.
    Trying pattern rule with stem `Makefile'.
    Trying implicit prerequisite `Makefile.S'.
    Trying pattern rule with stem `Makefile.s'.
    Trying implicit prerequisite `Makefile.s,v'.
    Trying pattern rule with stem `Makefile.s'.
    Trying implicit prerequisite `RCS/Makefile.s,v'.
    Trying pattern rule with stem `Makefile.s'.
    Trying implicit prerequisite `RCS/Makefile.s'.
    Trying pattern rule with stem `Makefile.s'.
    Trying implicit prerequisite `s.Makefile.s'.
    Trying pattern rule with stem `Makefile.s'.
    Trying implicit prerequisite `SCCS/s.Makefile.s'.
    Trying pattern rule with stem `Makefile'.
    Trying implicit prerequisite `Makefile.S'.
    Looking for a rule with intermediate file `Makefile.S'.
     Avoiding implicit rule recursion.
     Avoiding implicit rule recursion.
     Avoiding implicit rule recursion.
     Trying pattern rule with stem `Makefile.S'.
     Trying implicit prerequisite `Makefile.S,v'.
     Trying pattern rule with stem `Makefile.S'.
     Trying implicit prerequisite `RCS/Makefile.S,v'.
     Trying pattern rule with stem `Makefile.S'.
     Trying implicit prerequisite `RCS/Makefile.S'.
     Trying pattern rule with stem `Makefile.S'.
     Trying implicit prerequisite `s.Makefile.S'.
     Trying pattern rule with stem `Makefile.S'.
     Trying implicit prerequisite `SCCS/s.Makefile.S'.
   Trying pattern rule with stem `Makefile'.
   Rejecting impossible implicit prerequisite `Makefile.S'.
   Trying pattern rule with stem `Makefile'.
   Trying implicit prerequisite `Makefile.mod'.
   Looking for a rule with intermediate file `Makefile.mod'.
    Avoiding implicit rule recursion.
    Avoiding implicit rule recursion.
    Trying pattern rule with stem `Makefile.mod'.
    Trying implicit prerequisite `Makefile.mod,v'.
    Trying pattern rule with stem `Makefile.mod'.
    Trying implicit prerequisite `RCS/Makefile.mod,v'.
    Trying pattern rule with stem `Makefile.mod'.
    Trying implicit prerequisite `RCS/Makefile.mod'.
    Trying pattern rule with stem `Makefile.mod'.
    Trying implicit prerequisite `s.Makefile.mod'.
    Trying pattern rule with stem `Makefile.mod'.
    Trying implicit prerequisite `SCCS/s.Makefile.mod'.
  Trying pattern rule with stem `Makefile'.
  Rejecting impossible implicit prerequisite `Makefile.cc'.
  Trying pattern rule with stem `Makefile'.
  Rejecting impossible implicit prerequisite `Makefile.C'.
  Trying pattern rule with stem `Makefile'.
  Rejecting impossible implicit prerequisite `Makefile.cpp'.
  Trying pattern rule with stem `Makefile'.
  Rejecting impossible implicit prerequisite `Makefile.p'.
  Trying pattern rule with stem `Makefile'.
  Rejecting impossible implicit prerequisite `Makefile.f'.
  Trying pattern rule with stem `Makefile'.
  Rejecting impossible implicit prerequisite `Makefile.F'.
  Trying pattern rule with stem `Makefile'.
  Rejecting impossible implicit prerequisite `Makefile.m'.
  Trying pattern rule with stem `Makefile'.
  Rejecting impossible implicit prerequisite `Makefile.r'.
  Trying pattern rule with stem `Makefile'.
  Rejecting impossible implicit prerequisite `Makefile.s'.
  Trying pattern rule with stem `Makefile'.
  Rejecting impossible implicit prerequisite `Makefile.S'.
  Trying pattern rule with stem `Makefile'.
  Rejecting impossible implicit prerequisite `Makefile.mod'.
  Trying pattern rule with stem `Makefile'.
  Trying implicit prerequisite `Makefile.sh'.
  Looking for a rule with intermediate file `Makefile.sh'.
   Avoiding implicit rule recursion.
   Trying pattern rule with stem `Makefile.sh'.
   Trying implicit prerequisite `Makefile.sh,v'.
   Trying pattern rule with stem `Makefile.sh'.
   Trying implicit prerequisite `RCS/Makefile.sh,v'.
   Trying pattern rule with stem `Makefile.sh'.
   Trying implicit prerequisite `RCS/Makefile.sh'.
   Trying pattern rule with stem `Makefile.sh'.
   Trying implicit prerequisite `s.Makefile.sh'.
   Trying pattern rule with stem `Makefile.sh'.
   Trying implicit prerequisite `SCCS/s.Makefile.sh'.
  No implicit rule found for `Makefile'.
  Finished prerequisites of target file `Makefile'.
 No need to remake target `Makefile'.
Updating goal targets....
Considering target file `generated-headers'.
 File `generated-headers' does not exist.
    Looking for an implicit rule for `storage/lmgr/generate-lwlocknames.pl'.
    Trying pattern rule with stem `generate-lwlocknames.pl'.
    Trying implicit prerequisite `storage/lmgr/generate-lwlocknames.pl.o'.
    Trying pattern rule with stem `generate-lwlocknames.pl'.
    Trying implicit prerequisite `storage/lmgr/generate-lwlocknames.pl.cc'.
    Trying pattern rule with stem `generate-lwlocknames.pl'.
    Trying implicit prerequisite `storage/lmgr/generate-lwlocknames.pl.C'.
    Trying pattern rule with stem `generate-lwlocknames.pl'.
    Trying implicit prerequisite `storage/lmgr/generate-lwlocknames.pl.cpp'.
    Trying pattern rule with stem `generate-lwlocknames.pl'.
    Trying implicit prerequisite `storage/lmgr/generate-lwlocknames.pl.p'.
    Trying pattern rule with stem `generate-lwlocknames.pl'.
    Trying implicit prerequisite `storage/lmgr/generate-lwlocknames.pl.f'.
    Trying pattern rule with stem `generate-lwlocknames.pl'.
    Trying implicit prerequisite `storage/lmgr/generate-lwlocknames.pl.F'.
    Trying pattern rule with stem `generate-lwlocknames.pl'.
    Trying implicit prerequisite `storage/lmgr/generate-lwlocknames.pl.m'.
    Trying pattern rule with stem `generate-lwlocknames.pl'.
    Trying implicit prerequisite `storage/lmgr/generate-lwlocknames.pl.r'.
    Trying pattern rule with stem `generate-lwlocknames.pl'.
    Trying implicit prerequisite `storage/lmgr/generate-lwlocknames.pl.s'.
    Trying pattern rule with stem `generate-lwlocknames.pl'.
    Trying implicit prerequisite `storage/lmgr/generate-lwlocknames.pl.S'.
    Trying pattern rule with stem `generate-lwlocknames.pl'.
    Trying implicit prerequisite `storage/lmgr/generate-lwlocknames.pl.mod'.
    Trying pattern rule with stem `generate-lwlocknames.pl'.
    Trying implicit prerequisite `storage/lmgr/generate-lwlocknames.pl.sh'.
    Trying pattern rule with stem `generate-lwlocknames.pl'.
    Trying implicit prerequisite `storage/lmgr/generate-lwlocknames.pl,v'.
    Trying pattern rule with stem `generate-lwlocknames.pl'.
    Trying implicit prerequisite `storage/lmgr/RCS/generate-lwlocknames.pl,v'.
    Trying pattern rule with stem `generate-lwlocknames.pl'.
    Trying implicit prerequisite `storage/lmgr/RCS/generate-lwlocknames.pl'.
    Trying pattern rule with stem `generate-lwlocknames.pl'.
    Trying implicit prerequisite `storage/lmgr/s.generate-lwlocknames.pl'.
    Trying pattern rule with stem `generate-lwlocknames.pl'.
    Trying implicit prerequisite `storage/lmgr/SCCS/s.generate-lwlocknames.pl'.
    Trying pattern rule with stem `generate-lwlocknames.pl'.
    Trying implicit prerequisite `storage/lmgr/generate-lwlocknames.pl.o'.
    Looking for a rule with intermediate file `storage/lmgr/generate-lwlocknames.pl.o'.
     Avoiding implicit rule recursion.
     Trying pattern rule with stem `generate-lwlocknames.pl'.
     Trying implicit prerequisite `storage/lmgr/generate-lwlocknames.pl.c'.
     Trying pattern rule with stem `generate-lwlocknames.pl'.
     Trying implicit prerequisite `storage/lmgr/generate-lwlocknames.pl.cc'.
     Trying pattern rule with stem `generate-lwlocknames.pl'.
     Trying implicit prerequisite `storage/lmgr/generate-lwlocknames.pl.C'.
     Trying pattern rule with stem `generate-lwlocknames.pl'.
     Trying implicit prerequisite `storage/lmgr/generate-lwlocknames.pl.cpp'.
     Trying pattern rule with stem `generate-lwlocknames.pl'.
     Trying implicit prerequisite `storage/lmgr/generate-lwlocknames.pl.p'.
     Trying pattern rule with stem `generate-lwlocknames.pl'.
     Trying implicit prerequisite `storage/lmgr/generate-lwlocknames.pl.f'.
     Trying pattern rule with stem `generate-lwlocknames.pl'.
     Trying implicit prerequisite `storage/lmgr/generate-lwlocknames.pl.F'.
     Trying pattern rule with stem `generate-lwlocknames.pl'.
     Trying implicit prerequisite `storage/lmgr/generate-lwlocknames.pl.m'.
     Trying pattern rule with stem `generate-lwlocknames.pl'.
     Trying implicit prerequisite `storage/lmgr/generate-lwlocknames.pl.r'.
     Trying pattern rule with stem `generate-lwlocknames.pl'.
     Trying implicit prerequisite `storage/lmgr/generate-lwlocknames.pl.s'.
     Trying pattern rule with stem `generate-lwlocknames.pl'.
     Trying implicit prerequisite `storage/lmgr/generate-lwlocknames.pl.S'.
     Trying pattern rule with stem `generate-lwlocknames.pl'.
     Trying implicit prerequisite `storage/lmgr/generate-lwlocknames.pl.mod'.
     Trying pattern rule with stem `generate-lwlocknames.pl.o'.
     Trying implicit prerequisite `storage/lmgr/generate-lwlocknames.pl.o,v'.
     Trying pattern rule with stem `generate-lwlocknames.pl.o'.
     Trying implicit prerequisite `storage/lmgr/RCS/generate-lwlocknames.pl.o,v'.
     Trying pattern rule with stem `generate-lwlocknames.pl.o'.
     Trying implicit prerequisite `storage/lmgr/RCS/generate-lwlocknames.pl.o'.
     Trying pattern rule with stem `generate-lwlocknames.pl.o'.
     Trying implicit prerequisite `storage/lmgr/s.generate-lwlocknames.pl.o'.
     Trying pattern rule with stem `generate-lwlocknames.pl.o'.
     Trying implicit prerequisite `storage/lmgr/SCCS/s.generate-lwlocknames.pl.o'.
     Trying pattern rule with stem `generate-lwlocknames.pl'.
     Trying implicit prerequisite `storage/lmgr/generate-lwlocknames.pl.c'.
     Looking for a rule with intermediate file `storage/lmgr/generate-lwlocknames.pl.c'.
      Avoiding implicit rule recursion.
      Avoiding implicit rule recursion.
      Trying pattern rule with stem `generate-lwlocknames.pl'.
      Trying implicit prerequisite `storage/lmgr/generate-lwlocknames.pl.l'.
      Trying pattern rule with stem `generate-lwlocknames.pl'.
      Trying implicit prerequisite `storage/lmgr/generate-lwlocknames.pl.y'.
      Trying pattern rule with stem `generate-lwlocknames.pl'.
      Trying implicit prerequisite `storage/lmgr/generate-lwlocknames.pl.w'.
      Trying pattern rule with stem `generate-lwlocknames.pl'.
      Trying implicit prerequisite `storage/lmgr/generate-lwlocknames.pl.w'.
      Trying pattern rule with stem `generate-lwlocknames.pl.c'.
      Trying implicit prerequisite `storage/lmgr/generate-lwlocknames.pl.c,v'.
      Trying pattern rule with stem `generate-lwlocknames.pl.c'.
      Trying implicit prerequisite `storage/lmgr/RCS/generate-lwlocknames.pl.c,v'.
      Trying pattern rule with stem `generate-lwlocknames.pl.c'.
      Trying implicit prerequisite `storage/lmgr/RCS/generate-lwlocknames.pl.c'.
      Trying pattern rule with stem `generate-lwlocknames.pl.c'.
      Trying implicit prerequisite `storage/lmgr/s.generate-lwlocknames.pl.c'.
      Trying pattern rule with stem `generate-lwlocknames.pl.c'.
      Trying implicit prerequisite `storage/lmgr/SCCS/s.generate-lwlocknames.pl.c'.
      Trying pattern rule with stem `generate-lwlocknames.pl'.
      Trying implicit prerequisite `storage/lmgr/generate-lwlocknames.pl.l'.
      Looking for a rule with intermediate file `storage/lmgr/generate-lwlocknames.pl.l'.
       Avoiding implicit rule recursion.
       Avoiding implicit rule recursion.
       Avoiding implicit rule recursion.
       Trying pattern rule with stem `generate-lwlocknames.pl.l'.
       Trying implicit prerequisite `storage/lmgr/generate-lwlocknames.pl.l,v'.
       Trying pattern rule with stem `generate-lwlocknames.pl.l'.
       Trying implicit prerequisite `storage/lmgr/RCS/generate-lwlocknames.pl.l,v'.
       Trying pattern rule with stem `generate-lwlocknames.pl.l'.
       Trying implicit prerequisite `storage/lmgr/RCS/generate-lwlocknames.pl.l'.
       Trying pattern rule with stem `generate-lwlocknames.pl.l'.
       Trying implicit prerequisite `storage/lmgr/s.generate-lwlocknames.pl.l'.
       Trying pattern rule with stem `generate-lwlocknames.pl.l'.
       Trying implicit prerequisite `storage/lmgr/SCCS/s.generate-lwlocknames.pl.l'.
      Trying pattern rule with stem `generate-lwlocknames.pl'.
      Trying implicit prerequisite `storage/lmgr/generate-lwlocknames.pl.y'.
      Looking for a rule with intermediate file `storage/lmgr/generate-lwlocknames.pl.y'.
       Avoiding implicit rule recursion.
       Avoiding implicit rule recursion.
       Avoiding implicit rule recursion.
       Trying pattern rule with stem `generate-lwlocknames.pl.y'.
       Trying implicit prerequisite `storage/lmgr/generate-lwlocknames.pl.y,v'.
       Trying pattern rule with stem `generate-lwlocknames.pl.y'.
       Trying implicit prerequisite `storage/lmgr/RCS/generate-lwlocknames.pl.y,v'.
       Trying pattern rule with stem `generate-lwlocknames.pl.y'.
       Trying implicit prerequisite `storage/lmgr/RCS/generate-lwlocknames.pl.y'.
       Trying pattern rule with stem `generate-lwlocknames.pl.y'.
       Trying implicit prerequisite `storage/lmgr/s.generate-lwlocknames.pl.y'.
       Trying pattern rule with stem `generate-lwlocknames.pl.y'.
       Trying implicit prerequisite `storage/lmgr/SCCS/s.generate-lwlocknames.pl.y'.
      Trying pattern rule with stem `generate-lwlocknames.pl'.
      Trying implicit prerequisite `storage/lmgr/generate-lwlocknames.pl.w'.
      Looking for a rule with intermediate file `storage/lmgr/generate-lwlocknames.pl.w'.
       Avoiding implicit rule recursion.
       Avoiding implicit rule recursion.
       Avoiding implicit rule recursion.
       Trying pattern rule with stem `generate-lwlocknames.pl.w'.
       Trying implicit prerequisite `storage/lmgr/generate-lwlocknames.pl.w,v'.
       Trying pattern rule with stem `generate-lwlocknames.pl.w'.
       Trying implicit prerequisite `storage/lmgr/RCS/generate-lwlocknames.pl.w,v'.
       Trying pattern rule with stem `generate-lwlocknames.pl.w'.
       Trying implicit prerequisite `storage/lmgr/RCS/generate-lwlocknames.pl.w'.
       Trying pattern rule with stem `generate-lwlocknames.pl.w'.
       Trying implicit prerequisite `storage/lmgr/s.generate-lwlocknames.pl.w'.
       Trying pattern rule with stem `generate-lwlocknames.pl.w'.
       Trying implicit prerequisite `storage/lmgr/SCCS/s.generate-lwlocknames.pl.w'.
      Trying pattern rule with stem `generate-lwlocknames.pl'.
      Rejecting impossible implicit prerequisite `storage/lmgr/generate-lwlocknames.pl.w'.
     Trying pattern rule with stem `generate-lwlocknames.pl'.
     Trying implicit prerequisite `storage/lmgr/generate-lwlocknames.pl.cc'.
     Looking for a rule with intermediate file `storage/lmgr/generate-lwlocknames.pl.cc'.
      Avoiding implicit rule recursion.
      Avoiding implicit rule recursion.
      Trying pattern rule with stem `generate-lwlocknames.pl.cc'.
      Trying implicit prerequisite `storage/lmgr/generate-lwlocknames.pl.cc,v'.
      Trying pattern rule with stem `generate-lwlocknames.pl.cc'.
      Trying implicit prerequisite `storage/lmgr/RCS/generate-lwlocknames.pl.cc,v'.
      Trying pattern rule with stem `generate-lwlocknames.pl.cc'.
      Trying implicit prerequisite `storage/lmgr/RCS/generate-lwlocknames.pl.cc'.
      Trying pattern rule with stem `generate-lwlocknames.pl.cc'.
      Trying implicit prerequisite `storage/lmgr/s.generate-lwlocknames.pl.cc'.
      Trying pattern rule with stem `generate-lwlocknames.pl.cc'.
      Trying implicit prerequisite `storage/lmgr/SCCS/s.generate-lwlocknames.pl.cc'.
     Trying pattern rule with stem `generate-lwlocknames.pl'.
     Trying implicit prerequisite `storage/lmgr/generate-lwlocknames.pl.C'.
     Looking for a rule with intermediate file `storage/lmgr/generate-lwlocknames.pl.C'.
      Avoiding implicit rule recursion.
      Avoiding implicit rule recursion.
      Trying pattern rule with stem `generate-lwlocknames.pl.C'.
      Trying implicit prerequisite `storage/lmgr/generate-lwlocknames.pl.C,v'.
      Trying pattern rule with stem `generate-lwlocknames.pl.C'.
      Trying implicit prerequisite `storage/lmgr/RCS/generate-lwlocknames.pl.C,v'.
      Trying pattern rule with stem `generate-lwlocknames.pl.C'.
      Trying implicit prerequisite `storage/lmgr/RCS/generate-lwlocknames.pl.C'.
      Trying pattern rule with stem `generate-lwlocknames.pl.C'.
      Trying implicit prerequisite `storage/lmgr/s.generate-lwlocknames.pl.C'.
      Trying pattern rule with stem `generate-lwlocknames.pl.C'.
      Trying implicit prerequisite `storage/lmgr/SCCS/s.generate-lwlocknames.pl.C'.
     Trying pattern rule with stem `generate-lwlocknames.pl'.
     Trying implicit prerequisite `storage/lmgr/generate-lwlocknames.pl.cpp'.
     Looking for a rule with intermediate file `storage/lmgr/generate-lwlocknames.pl.cpp'.
      Avoiding implicit rule recursion.
      Avoiding implicit rule recursion.
      Trying pattern rule with stem `generate-lwlocknames.pl.cpp'.
      Trying implicit prerequisite `storage/lmgr/generate-lwlocknames.pl.cpp,v'.
      Trying pattern rule with stem `generate-lwlocknames.pl.cpp'.
      Trying implicit prerequisite `storage/lmgr/RCS/generate-lwlocknames.pl.cpp,v'.
      Trying pattern rule with stem `generate-lwlocknames.pl.cpp'.
      Trying implicit prerequisite `storage/lmgr/RCS/generate-lwlocknames.pl.cpp'.
      Trying pattern rule with stem `generate-lwlocknames.pl.cpp'.
      Trying implicit prerequisite `storage/lmgr/s.generate-lwlocknames.pl.cpp'.
      Trying pattern rule with stem `generate-lwlocknames.pl.cpp'.
      Trying implicit prerequisite `storage/lmgr/SCCS/s.generate-lwlocknames.pl.cpp'.
     Trying pattern rule with stem `generate-lwlocknames.pl'.
     Trying implicit prerequisite `storage/lmgr/generate-lwlocknames.pl.p'.
     Looking for a rule with intermediate file `storage/lmgr/generate-lwlocknames.pl.p'.
      Avoiding implicit rule recursion.
      Avoiding implicit rule recursion.
      Trying pattern rule with stem `generate-lwlocknames.pl'.
      Trying implicit prerequisite `storage/lmgr/generate-lwlocknames.pl.web'.
      Trying pattern rule with stem `generate-lwlocknames.pl.p'.
      Trying implicit prerequisite `storage/lmgr/generate-lwlocknames.pl.p,v'.
      Trying pattern rule with stem `generate-lwlocknames.pl.p'.
      Trying implicit prerequisite `storage/lmgr/RCS/generate-lwlocknames.pl.p,v'.
      Trying pattern rule with stem `generate-lwlocknames.pl.p'.
      Trying implicit prerequisite `storage/lmgr/RCS/generate-lwlocknames.pl.p'.
      Trying pattern rule with stem `generate-lwlocknames.pl.p'.
      Trying implicit prerequisite `storage/lmgr/s.generate-lwlocknames.pl.p'.
      Trying pattern rule with stem `generate-lwlocknames.pl.p'.
      Trying implicit prerequisite `storage/lmgr/SCCS/s.generate-lwlocknames.pl.p'.
      Trying pattern rule with stem `generate-lwlocknames.pl'.
      Trying implicit prerequisite `storage/lmgr/generate-lwlocknames.pl.web'.
      Looking for a rule with intermediate file `storage/lmgr/generate-lwlocknames.pl.web'.
       Avoiding implicit rule recursion.
       Avoiding implicit rule recursion.
       Avoiding implicit rule recursion.
       Trying pattern rule with stem `generate-lwlocknames.pl.web'.
       Trying implicit prerequisite `storage/lmgr/generate-lwlocknames.pl.web,v'.
       Trying pattern rule with stem `generate-lwlocknames.pl.web'.
       Trying implicit prerequisite `storage/lmgr/RCS/generate-lwlocknames.pl.web,v'.
       Trying pattern rule with stem `generate-lwlocknames.pl.web'.
       Trying implicit prerequisite `storage/lmgr/RCS/generate-lwlocknames.pl.web'.
       Trying pattern rule with stem `generate-lwlocknames.pl.web'.
       Trying implicit prerequisite `storage/lmgr/s.generate-lwlocknames.pl.web'.
       Trying pattern rule with stem `generate-lwlocknames.pl.web'.
       Trying implicit prerequisite `storage/lmgr/SCCS/s.generate-lwlocknames.pl.web'.
     Trying pattern rule with stem `generate-lwlocknames.pl'.
     Trying implicit prerequisite `storage/lmgr/generate-lwlocknames.pl.f'.
     Looking for a rule with intermediate file `storage/lmgr/generate-lwlocknames.pl.f'.
      Avoiding implicit rule recursion.
      Avoiding implicit rule recursion.
      Trying pattern rule with stem `generate-lwlocknames.pl'.
      Trying implicit prerequisite `storage/lmgr/generate-lwlocknames.pl.F'.
      Trying pattern rule with stem `generate-lwlocknames.pl'.
      Trying implicit prerequisite `storage/lmgr/generate-lwlocknames.pl.r'.
      Trying pattern rule with stem `generate-lwlocknames.pl.f'.
      Trying implicit prerequisite `storage/lmgr/generate-lwlocknames.pl.f,v'.
      Trying pattern rule with stem `generate-lwlocknames.pl.f'.
      Trying implicit prerequisite `storage/lmgr/RCS/generate-lwlocknames.pl.f,v'.
      Trying pattern rule with stem `generate-lwlocknames.pl.f'.
      Trying implicit prerequisite `storage/lmgr/RCS/generate-lwlocknames.pl.f'.
      Trying pattern rule with stem `generate-lwlocknames.pl.f'.
      Trying implicit prerequisite `storage/lmgr/s.generate-lwlocknames.pl.f'.
      Trying pattern rule with stem `generate-lwlocknames.pl.f'.
      Trying implicit prerequisite `storage/lmgr/SCCS/s.generate-lwlocknames.pl.f'.
      Trying pattern rule with stem `generate-lwlocknames.pl'.
      Trying implicit prerequisite `storage/lmgr/generate-lwlocknames.pl.F'.
      Looking for a rule with intermediate file `storage/lmgr/generate-lwlocknames.pl.F'.
       Avoiding implicit rule recursion.
       Avoiding implicit rule recursion.
       Avoiding implicit rule recursion.
       Trying pattern rule with stem `generate-lwlocknames.pl.F'.
       Trying implicit prerequisite `storage/lmgr/generate-lwlocknames.pl.F,v'.
       Trying pattern rule with stem `generate-lwlocknames.pl.F'.
       Trying implicit prerequisite `storage/lmgr/RCS/generate-lwlocknames.pl.F,v'.
       Trying pattern rule with stem `generate-lwlocknames.pl.F'.
       Trying implicit prerequisite `storage/lmgr/RCS/generate-lwlocknames.pl.F'.
       Trying pattern rule with stem `generate-lwlocknames.pl.F'.
       Trying implicit prerequisite `storage/lmgr/s.generate-lwlocknames.pl.F'.
       Trying pattern rule with stem `generate-lwlocknames.pl.F'.
       Trying implicit prerequisite `storage/lmgr/SCCS/s.generate-lwlocknames.pl.F'.
      Trying pattern rule with stem `generate-lwlocknames.pl'.
      Trying implicit prerequisite `storage/lmgr/generate-lwlocknames.pl.r'.
      Looking for a rule with intermediate file `storage/lmgr/generate-lwlocknames.pl.r'.
       Avoiding implicit rule recursion.
       Avoiding implicit rule recursion.
       Avoiding implicit rule recursion.
       Trying pattern rule with stem `generate-lwlocknames.pl'.
       Rejecting impossible implicit prerequisite `storage/lmgr/generate-lwlocknames.pl.l'.
       Trying pattern rule with stem `generate-lwlocknames.pl.r'.
       Trying implicit prerequisite `storage/lmgr/generate-lwlocknames.pl.r,v'.
       Trying pattern rule with stem `generate-lwlocknames.pl.r'.
       Trying implicit prerequisite `storage/lmgr/RCS/generate-lwlocknames.pl.r,v'.
       Trying pattern rule with stem `generate-lwlocknames.pl.r'.
       Trying implicit prerequisite `storage/lmgr/RCS/generate-lwlocknames.pl.r'.
       Trying pattern rule with stem `generate-lwlocknames.pl.r'.
       Trying implicit prerequisite `storage/lmgr/s.generate-lwlocknames.pl.r'.
       Trying pattern rule with stem `generate-lwlocknames.pl.r'.
       Trying implicit prerequisite `storage/lmgr/SCCS/s.generate-lwlocknames.pl.r'.
     Trying pattern rule with stem `generate-lwlocknames.pl'.
     Rejecting impossible implicit prerequisite `storage/lmgr/generate-lwlocknames.pl.F'.
     Trying pattern rule with stem `generate-lwlocknames.pl'.
     Trying implicit prerequisite `storage/lmgr/generate-lwlocknames.pl.m'.
     Looking for a rule with intermediate file `storage/lmgr/generate-lwlocknames.pl.m'.
      Avoiding implicit rule recursion.
      Avoiding implicit rule recursion.
      Trying pattern rule with stem `generate-lwlocknames.pl'.
      Trying implicit prerequisite `storage/lmgr/generate-lwlocknames.pl.ym'.
      Trying pattern rule with stem `generate-lwlocknames.pl'.
      Trying implicit prerequisite `storage/lmgr/generate-lwlocknames.pl.lm'.
      Trying pattern rule with stem `generate-lwlocknames.pl.m'.
      Trying implicit prerequisite `storage/lmgr/generate-lwlocknames.pl.m,v'.
      Trying pattern rule with stem `generate-lwlocknames.pl.m'.
      Trying implicit prerequisite `storage/lmgr/RCS/generate-lwlocknames.pl.m,v'.
      Trying pattern rule with stem `generate-lwlocknames.pl.m'.
      Trying implicit prerequisite `storage/lmgr/RCS/generate-lwlocknames.pl.m'.
      Trying pattern rule with stem `generate-lwlocknames.pl.m'.
      Trying implicit prerequisite `storage/lmgr/s.generate-lwlocknames.pl.m'.
      Trying pattern rule with stem `generate-lwlocknames.pl.m'.
      Trying implicit prerequisite `storage/lmgr/SCCS/s.generate-lwlocknames.pl.m'.
      Trying pattern rule with stem `generate-lwlocknames.pl'.
      Trying implicit prerequisite `storage/lmgr/generate-lwlocknames.pl.ym'.
      Looking for a rule with intermediate file `storage/lmgr/generate-lwlocknames.pl.ym'.
       Avoiding implicit rule recursion.
       Avoiding implicit rule recursion.
       Avoiding implicit rule recursion.
       Trying pattern rule with stem `generate-lwlocknames.pl.ym'.
       Trying implicit prerequisite `storage/lmgr/generate-lwlocknames.pl.ym,v'.
       Trying pattern rule with stem `generate-lwlocknames.pl.ym'.
       Trying implicit prerequisite `storage/lmgr/RCS/generate-lwlocknames.pl.ym,v'.
       Trying pattern rule with stem `generate-lwlocknames.pl.ym'.
       Trying implicit prerequisite `storage/lmgr/RCS/generate-lwlocknames.pl.ym'.
       Trying pattern rule with stem `generate-lwlocknames.pl.ym'.
       Trying implicit prerequisite `storage/lmgr/s.generate-lwlocknames.pl.ym'.
       Trying pattern rule with stem `generate-lwlocknames.pl.ym'.
       Trying implicit prerequisite `storage/lmgr/SCCS/s.generate-lwlocknames.pl.ym'.
      Trying pattern rule with stem `generate-lwlocknames.pl'.
      Trying implicit prerequisite `storage/lmgr/generate-lwlocknames.pl.lm'.
      Looking for a rule with intermediate file `storage/lmgr/generate-lwlocknames.pl.lm'.
       Avoiding implicit rule recursion.
       Avoiding implicit rule recursion.
       Avoiding implicit rule recursion.
       Trying pattern rule with stem `generate-lwlocknames.pl.lm'.
       Trying implicit prerequisite `storage/lmgr/generate-lwlocknames.pl.lm,v'.
       Trying pattern rule with stem `generate-lwlocknames.pl.lm'.
       Trying implicit prerequisite `storage/lmgr/RCS/generate-lwlocknames.pl.lm,v'.
       Trying pattern rule with stem `generate-lwlocknames.pl.lm'.
       Trying implicit prerequisite `storage/lmgr/RCS/generate-lwlocknames.pl.lm'.
       Trying pattern rule with stem `generate-lwlocknames.pl.lm'.
       Trying implicit prerequisite `storage/lmgr/s.generate-lwlocknames.pl.lm'.
       Trying pattern rule with stem `generate-lwlocknames.pl.lm'.
       Trying implicit prerequisite `storage/lmgr/SCCS/s.generate-lwlocknames.pl.lm'.
     Trying pattern rule with stem `generate-lwlocknames.pl'.
     Rejecting impossible implicit prerequisite `storage/lmgr/generate-lwlocknames.pl.r'.
     Trying pattern rule with stem `generate-lwlocknames.pl'.
     Trying implicit prerequisite `storage/lmgr/generate-lwlocknames.pl.s'.
     Looking for a rule with intermediate file `storage/lmgr/generate-lwlocknames.pl.s'.
      Avoiding implicit rule recursion.
      Avoiding implicit rule recursion.
      Trying pattern rule with stem `generate-lwlocknames.pl'.
      Trying implicit prerequisite `storage/lmgr/generate-lwlocknames.pl.S'.
      Trying pattern rule with stem `generate-lwlocknames.pl.s'.
      Trying implicit prerequisite `storage/lmgr/generate-lwlocknames.pl.s,v'.
      Trying pattern rule with stem `generate-lwlocknames.pl.s'.
      Trying implicit prerequisite `storage/lmgr/RCS/generate-lwlocknames.pl.s,v'.
      Trying pattern rule with stem `generate-lwlocknames.pl.s'.
      Trying implicit prerequisite `storage/lmgr/RCS/generate-lwlocknames.pl.s'.
      Trying pattern rule with stem `generate-lwlocknames.pl.s'.
      Trying implicit prerequisite `storage/lmgr/s.generate-lwlocknames.pl.s'.
      Trying pattern rule with stem `generate-lwlocknames.pl.s'.
      Trying implicit prerequisite `storage/lmgr/SCCS/s.generate-lwlocknames.pl.s'.
      Trying pattern rule with stem `generate-lwlocknames.pl'.
      Trying implicit prerequisite `storage/lmgr/generate-lwlocknames.pl.S'.
      Looking for a rule with intermediate file `storage/lmgr/generate-lwlocknames.pl.S'.
       Avoiding implicit rule recursion.
       Avoiding implicit rule recursion.
       Avoiding implicit rule recursion.
       Trying pattern rule with stem `generate-lwlocknames.pl.S'.
       Trying implicit prerequisite `storage/lmgr/generate-lwlocknames.pl.S,v'.
       Trying pattern rule with stem `generate-lwlocknames.pl.S'.
       Trying implicit prerequisite `storage/lmgr/RCS/generate-lwlocknames.pl.S,v'.
       Trying pattern rule with stem `generate-lwlocknames.pl.S'.
       Trying implicit prerequisite `storage/lmgr/RCS/generate-lwlocknames.pl.S'.
       Trying pattern rule with stem `generate-lwlocknames.pl.S'.
       Trying implicit prerequisite `storage/lmgr/s.generate-lwlocknames.pl.S'.
       Trying pattern rule with stem `generate-lwlocknames.pl.S'.
       Trying implicit prerequisite `storage/lmgr/SCCS/s.generate-lwlocknames.pl.S'.
     Trying pattern rule with stem `generate-lwlocknames.pl'.
     Rejecting impossible implicit prerequisite `storage/lmgr/generate-lwlocknames.pl.S'.
     Trying pattern rule with stem `generate-lwlocknames.pl'.
     Trying implicit prerequisite `storage/lmgr/generate-lwlocknames.pl.mod'.
     Looking for a rule with intermediate file `storage/lmgr/generate-lwlocknames.pl.mod'.
      Avoiding implicit rule recursion.
      Avoiding implicit rule recursion.
      Trying pattern rule with stem `generate-lwlocknames.pl.mod'.
      Trying implicit prerequisite `storage/lmgr/generate-lwlocknames.pl.mod,v'.
      Trying pattern rule with stem `generate-lwlocknames.pl.mod'.
      Trying implicit prerequisite `storage/lmgr/RCS/generate-lwlocknames.pl.mod,v'.
      Trying pattern rule with stem `generate-lwlocknames.pl.mod'.
      Trying implicit prerequisite `storage/lmgr/RCS/generate-lwlocknames.pl.mod'.
      Trying pattern rule with stem `generate-lwlocknames.pl.mod'.
      Trying implicit prerequisite `storage/lmgr/s.generate-lwlocknames.pl.mod'.
      Trying pattern rule with stem `generate-lwlocknames.pl.mod'.
      Trying implicit prerequisite `storage/lmgr/SCCS/s.generate-lwlocknames.pl.mod'.
    Trying pattern rule with stem `generate-lwlocknames.pl'.
    Rejecting impossible implicit prerequisite `storage/lmgr/generate-lwlocknames.pl.cc'.
    Trying pattern rule with stem `generate-lwlocknames.pl'.
    Rejecting impossible implicit prerequisite `storage/lmgr/generate-lwlocknames.pl.C'.
    Trying pattern rule with stem `generate-lwlocknames.pl'.
    Rejecting impossible implicit prerequisite `storage/lmgr/generate-lwlocknames.pl.cpp'.
    Trying pattern rule with stem `generate-lwlocknames.pl'.
    Rejecting impossible implicit prerequisite `storage/lmgr/generate-lwlocknames.pl.p'.
    Trying pattern rule with stem `generate-lwlocknames.pl'.
    Rejecting impossible implicit prerequisite `storage/lmgr/generate-lwlocknames.pl.f'.
    Trying pattern rule with stem `generate-lwlocknames.pl'.
    Rejecting impossible implicit prerequisite `storage/lmgr/generate-lwlocknames.pl.F'.
    Trying pattern rule with stem `generate-lwlocknames.pl'.
    Rejecting impossible implicit prerequisite `storage/lmgr/generate-lwlocknames.pl.m'.
    Trying pattern rule with stem `generate-lwlocknames.pl'.
    Rejecting impossible implicit prerequisite `storage/lmgr/generate-lwlocknames.pl.r'.
    Trying pattern rule with stem `generate-lwlocknames.pl'.
    Rejecting impossible implicit prerequisite `storage/lmgr/generate-lwlocknames.pl.s'.
    Trying pattern rule with stem `generate-lwlocknames.pl'.
    Rejecting impossible implicit prerequisite `storage/lmgr/generate-lwlocknames.pl.S'.
    Trying pattern rule with stem `generate-lwlocknames.pl'.
    Rejecting impossible implicit prerequisite `storage/lmgr/generate-lwlocknames.pl.mod'.
    Trying pattern rule with stem `generate-lwlocknames.pl'.
    Trying implicit prerequisite `storage/lmgr/generate-lwlocknames.pl.sh'.
    Looking for a rule with intermediate file `storage/lmgr/generate-lwlocknames.pl.sh'.
     Avoiding implicit rule recursion.
     Trying pattern rule with stem `generate-lwlocknames.pl.sh'.
     Trying implicit prerequisite `storage/lmgr/generate-lwlocknames.pl.sh,v'.
     Trying pattern rule with stem `generate-lwlocknames.pl.sh'.
     Trying implicit prerequisite `storage/lmgr/RCS/generate-lwlocknames.pl.sh,v'.
     Trying pattern rule with stem `generate-lwlocknames.pl.sh'.
     Trying implicit prerequisite `storage/lmgr/RCS/generate-lwlocknames.pl.sh'.
     Trying pattern rule with stem `generate-lwlocknames.pl.sh'.
     Trying implicit prerequisite `storage/lmgr/s.generate-lwlocknames.pl.sh'.
     Trying pattern rule with stem `generate-lwlocknames.pl.sh'.
     Trying implicit prerequisite `storage/lmgr/SCCS/s.generate-lwlocknames.pl.sh'.
    No implicit rule found for `storage/lmgr/generate-lwlocknames.pl'.
    Looking for an implicit rule for `../include/storage/lwlocklist.h'.
    Trying pattern rule with stem `lwlocklist.h'.
    Trying implicit prerequisite `../include/storage/lwlocklist.h,v'.
    Trying pattern rule with stem `lwlocklist.h'.
    Trying implicit prerequisite `../include/storage/RCS/lwlocklist.h,v'.
    Trying pattern rule with stem `lwlocklist.h'.
    Trying implicit prerequisite `../include/storage/RCS/lwlocklist.h'.
    Trying pattern rule with stem `lwlocklist.h'.
    Trying implicit prerequisite `../include/storage/s.lwlocklist.h'.
    Trying pattern rule with stem `lwlocklist.h'.
    Trying implicit prerequisite `../include/storage/SCCS/s.lwlocklist.h'.
    No implicit rule found for `../include/storage/lwlocklist.h'.
    Looking for an implicit rule for `utils/activity/wait_event_names.txt'.
    Trying pattern rule with stem `wait_event_names.txt'.
    Trying implicit prerequisite `utils/activity/wait_event_names.txt.o'.
    Trying pattern rule with stem `wait_event_names.txt'.
    Trying implicit prerequisite `utils/activity/wait_event_names.txt.cc'.
    Trying pattern rule with stem `wait_event_names.txt'.
    Trying implicit prerequisite `utils/activity/wait_event_names.txt.C'.
    Trying pattern rule with stem `wait_event_names.txt'.
    Trying implicit prerequisite `utils/activity/wait_event_names.txt.cpp'.
    Trying pattern rule with stem `wait_event_names.txt'.
    Trying implicit prerequisite `utils/activity/wait_event_names.txt.p'.
    Trying pattern rule with stem `wait_event_names.txt'.
    Trying implicit prerequisite `utils/activity/wait_event_names.txt.f'.
    Trying pattern rule with stem `wait_event_names.txt'.
    Trying implicit prerequisite `utils/activity/wait_event_names.txt.F'.
    Trying pattern rule with stem `wait_event_names.txt'.
    Trying implicit prerequisite `utils/activity/wait_event_names.txt.m'.
    Trying pattern rule with stem `wait_event_names.txt'.
    Trying implicit prerequisite `utils/activity/wait_event_names.txt.r'.
    Trying pattern rule with stem `wait_event_names.txt'.
    Trying implicit prerequisite `utils/activity/wait_event_names.txt.s'.
    Trying pattern rule with stem `wait_event_names.txt'.
    Trying implicit prerequisite `utils/activity/wait_event_names.txt.S'.
    Trying pattern rule with stem `wait_event_names.txt'.
    Trying implicit prerequisite `utils/activity/wait_event_names.txt.mod'.
    Trying pattern rule with stem `wait_event_names.txt'.
    Trying implicit prerequisite `utils/activity/wait_event_names.txt.sh'.
    Trying pattern rule with stem `wait_event_names.txt'.
    Trying implicit prerequisite `utils/activity/wait_event_names.txt,v'.
    Trying pattern rule with stem `wait_event_names.txt'.
    Trying implicit prerequisite `utils/activity/RCS/wait_event_names.txt,v'.
    Trying pattern rule with stem `wait_event_names.txt'.
    Trying implicit prerequisite `utils/activity/RCS/wait_event_names.txt'.
    Trying pattern rule with stem `wait_event_names.txt'.
    Trying implicit prerequisite `utils/activity/s.wait_event_names.txt'.
    Trying pattern rule with stem `wait_event_names.txt'.
    Trying implicit prerequisite `utils/activity/SCCS/s.wait_event_names.txt'.
    Trying pattern rule with stem `wait_event_names.txt'.
    Trying implicit prerequisite `utils/activity/wait_event_names.txt.o'.
    Looking for a rule with intermediate file `utils/activity/wait_event_names.txt.o'.
     Avoiding implicit rule recursion.
     Trying pattern rule with stem `wait_event_names.txt'.
     Trying implicit prerequisite `utils/activity/wait_event_names.txt.c'.
     Trying pattern rule with stem `wait_event_names.txt'.
     Trying implicit prerequisite `utils/activity/wait_event_names.txt.cc'.
     Trying pattern rule with stem `wait_event_names.txt'.
     Trying implicit prerequisite `utils/activity/wait_event_names.txt.C'.
     Trying pattern rule with stem `wait_event_names.txt'.
     Trying implicit prerequisite `utils/activity/wait_event_names.txt.cpp'.
     Trying pattern rule with stem `wait_event_names.txt'.
     Trying implicit prerequisite `utils/activity/wait_event_names.txt.p'.
     Trying pattern rule with stem `wait_event_names.txt'.
     Trying implicit prerequisite `utils/activity/wait_event_names.txt.f'.
     Trying pattern rule with stem `wait_event_names.txt'.
     Trying implicit prerequisite `utils/activity/wait_event_names.txt.F'.
     Trying pattern rule with stem `wait_event_names.txt'.
     Trying implicit prerequisite `utils/activity/wait_event_names.txt.m'.
     Trying pattern rule with stem `wait_event_names.txt'.
     Trying implicit prerequisite `utils/activity/wait_event_names.txt.r'.
     Trying pattern rule with stem `wait_event_names.txt'.
     Trying implicit prerequisite `utils/activity/wait_event_names.txt.s'.
     Trying pattern rule with stem `wait_event_names.txt'.
     Trying implicit prerequisite `utils/activity/wait_event_names.txt.S'.
     Trying pattern rule with stem `wait_event_names.txt'.
     Trying implicit prerequisite `utils/activity/wait_event_names.txt.mod'.
     Trying pattern rule with stem `wait_event_names.txt.o'.
     Trying implicit prerequisite `utils/activity/wait_event_names.txt.o,v'.
     Trying pattern rule with stem `wait_event_names.txt.o'.
     Trying implicit prerequisite `utils/activity/RCS/wait_event_names.txt.o,v'.
     Trying pattern rule with stem `wait_event_names.txt.o'.
     Trying implicit prerequisite `utils/activity/RCS/wait_event_names.txt.o'.
     Trying pattern rule with stem `wait_event_names.txt.o'.
     Trying implicit prerequisite `utils/activity/s.wait_event_names.txt.o'.
     Trying pattern rule with stem `wait_event_names.txt.o'.
     Trying implicit prerequisite `utils/activity/SCCS/s.wait_event_names.txt.o'.
     Trying pattern rule with stem `wait_event_names.txt'.
     Trying implicit prerequisite `utils/activity/wait_event_names.txt.c'.
     Looking for a rule with intermediate file `utils/activity/wait_event_names.txt.c'.
      Avoiding implicit rule recursion.
      Avoiding implicit rule recursion.
      Trying pattern rule with stem `wait_event_names.txt'.
      Trying implicit prerequisite `utils/activity/wait_event_names.txt.l'.
      Trying pattern rule with stem `wait_event_names.txt'.
      Trying implicit prerequisite `utils/activity/wait_event_names.txt.y'.
      Trying pattern rule with stem `wait_event_names.txt'.
      Trying implicit prerequisite `utils/activity/wait_event_names.txt.w'.
      Trying pattern rule with stem `wait_event_names.txt'.
      Trying implicit prerequisite `utils/activity/wait_event_names.txt.w'.
      Trying pattern rule with stem `wait_event_names.txt.c'.
      Trying implicit prerequisite `utils/activity/wait_event_names.txt.c,v'.
      Trying pattern rule with stem `wait_event_names.txt.c'.
      Trying implicit prerequisite `utils/activity/RCS/wait_event_names.txt.c,v'.
      Trying pattern rule with stem `wait_event_names.txt.c'.
      Trying implicit prerequisite `utils/activity/RCS/wait_event_names.txt.c'.
      Trying pattern rule with stem `wait_event_names.txt.c'.
      Trying implicit prerequisite `utils/activity/s.wait_event_names.txt.c'.
      Trying pattern rule with stem `wait_event_names.txt.c'.
      Trying implicit prerequisite `utils/activity/SCCS/s.wait_event_names.txt.c'.
      Trying pattern rule with stem `wait_event_names.txt'.
      Trying implicit prerequisite `utils/activity/wait_event_names.txt.l'.
      Looking for a rule with intermediate file `utils/activity/wait_event_names.txt.l'.
       Avoiding implicit rule recursion.
       Avoiding implicit rule recursion.
       Avoiding implicit rule recursion.
       Trying pattern rule with stem `wait_event_names.txt.l'.
       Trying implicit prerequisite `utils/activity/wait_event_names.txt.l,v'.
       Trying pattern rule with stem `wait_event_names.txt.l'.
       Trying implicit prerequisite `utils/activity/RCS/wait_event_names.txt.l,v'.
       Trying pattern rule with stem `wait_event_names.txt.l'.
       Trying implicit prerequisite `utils/activity/RCS/wait_event_names.txt.l'.
       Trying pattern rule with stem `wait_event_names.txt.l'.
       Trying implicit prerequisite `utils/activity/s.wait_event_names.txt.l'.
       Trying pattern rule with stem `wait_event_names.txt.l'.
       Trying implicit prerequisite `utils/activity/SCCS/s.wait_event_names.txt.l'.
      Trying pattern rule with stem `wait_event_names.txt'.
      Trying implicit prerequisite `utils/activity/wait_event_names.txt.y'.
      Looking for a rule with intermediate file `utils/activity/wait_event_names.txt.y'.
       Avoiding implicit rule recursion.
       Avoiding implicit rule recursion.
       Avoiding implicit rule recursion.
       Trying pattern rule with stem `wait_event_names.txt.y'.
       Trying implicit prerequisite `utils/activity/wait_event_names.txt.y,v'.
       Trying pattern rule with stem `wait_event_names.txt.y'.
       Trying implicit prerequisite `utils/activity/RCS/wait_event_names.txt.y,v'.
       Trying pattern rule with stem `wait_event_names.txt.y'.
       Trying implicit prerequisite `utils/activity/RCS/wait_event_names.txt.y'.
       Trying pattern rule with stem `wait_event_names.txt.y'.
       Trying implicit prerequisite `utils/activity/s.wait_event_names.txt.y'.
       Trying pattern rule with stem `wait_event_names.txt.y'.
       Trying implicit prerequisite `utils/activity/SCCS/s.wait_event_names.txt.y'.
      Trying pattern rule with stem `wait_event_names.txt'.
      Trying implicit prerequisite `utils/activity/wait_event_names.txt.w'.
      Looking for a rule with intermediate file `utils/activity/wait_event_names.txt.w'.
       Avoiding implicit rule recursion.
       Avoiding implicit rule recursion.
       Avoiding implicit rule recursion.
       Trying pattern rule with stem `wait_event_names.txt.w'.
       Trying implicit prerequisite `utils/activity/wait_event_names.txt.w,v'.
       Trying pattern rule with stem `wait_event_names.txt.w'.
       Trying implicit prerequisite `utils/activity/RCS/wait_event_names.txt.w,v'.
       Trying pattern rule with stem `wait_event_names.txt.w'.
       Trying implicit prerequisite `utils/activity/RCS/wait_event_names.txt.w'.
       Trying pattern rule with stem `wait_event_names.txt.w'.
       Trying implicit prerequisite `utils/activity/s.wait_event_names.txt.w'.
       Trying pattern rule with stem `wait_event_names.txt.w'.
       Trying implicit prerequisite `utils/activity/SCCS/s.wait_event_names.txt.w'.
      Trying pattern rule with stem `wait_event_names.txt'.
      Rejecting impossible implicit prerequisite `utils/activity/wait_event_names.txt.w'.
     Trying pattern rule with stem `wait_event_names.txt'.
     Trying implicit prerequisite `utils/activity/wait_event_names.txt.cc'.
     Looking for a rule with intermediate file `utils/activity/wait_event_names.txt.cc'.
      Avoiding implicit rule recursion.
      Avoiding implicit rule recursion.
      Trying pattern rule with stem `wait_event_names.txt.cc'.
      Trying implicit prerequisite `utils/activity/wait_event_names.txt.cc,v'.
      Trying pattern rule with stem `wait_event_names.txt.cc'.
      Trying implicit prerequisite `utils/activity/RCS/wait_event_names.txt.cc,v'.
      Trying pattern rule with stem `wait_event_names.txt.cc'.
      Trying implicit prerequisite `utils/activity/RCS/wait_event_names.txt.cc'.
      Trying pattern rule with stem `wait_event_names.txt.cc'.
      Trying implicit prerequisite `utils/activity/s.wait_event_names.txt.cc'.
      Trying pattern rule with stem `wait_event_names.txt.cc'.
      Trying implicit prerequisite `utils/activity/SCCS/s.wait_event_names.txt.cc'.
     Trying pattern rule with stem `wait_event_names.txt'.
     Trying implicit prerequisite `utils/activity/wait_event_names.txt.C'.
     Looking for a rule with intermediate file `utils/activity/wait_event_names.txt.C'.
      Avoiding implicit rule recursion.
      Avoiding implicit rule recursion.
      Trying pattern rule with stem `wait_event_names.txt.C'.
      Trying implicit prerequisite `utils/activity/wait_event_names.txt.C,v'.
      Trying pattern rule with stem `wait_event_names.txt.C'.
      Trying implicit prerequisite `utils/activity/RCS/wait_event_names.txt.C,v'.
      Trying pattern rule with stem `wait_event_names.txt.C'.
      Trying implicit prerequisite `utils/activity/RCS/wait_event_names.txt.C'.
      Trying pattern rule with stem `wait_event_names.txt.C'.
      Trying implicit prerequisite `utils/activity/s.wait_event_names.txt.C'.
      Trying pattern rule with stem `wait_event_names.txt.C'.
      Trying implicit prerequisite `utils/activity/SCCS/s.wait_event_names.txt.C'.
     Trying pattern rule with stem `wait_event_names.txt'.
     Trying implicit prerequisite `utils/activity/wait_event_names.txt.cpp'.
     Looking for a rule with intermediate file `utils/activity/wait_event_names.txt.cpp'.
      Avoiding implicit rule recursion.
      Avoiding implicit rule recursion.
      Trying pattern rule with stem `wait_event_names.txt.cpp'.
      Trying implicit prerequisite `utils/activity/wait_event_names.txt.cpp,v'.
      Trying pattern rule with stem `wait_event_names.txt.cpp'.
      Trying implicit prerequisite `utils/activity/RCS/wait_event_names.txt.cpp,v'.
      Trying pattern rule with stem `wait_event_names.txt.cpp'.
      Trying implicit prerequisite `utils/activity/RCS/wait_event_names.txt.cpp'.
      Trying pattern rule with stem `wait_event_names.txt.cpp'.
      Trying implicit prerequisite `utils/activity/s.wait_event_names.txt.cpp'.
      Trying pattern rule with stem `wait_event_names.txt.cpp'.
      Trying implicit prerequisite `utils/activity/SCCS/s.wait_event_names.txt.cpp'.
     Trying pattern rule with stem `wait_event_names.txt'.
     Trying implicit prerequisite `utils/activity/wait_event_names.txt.p'.
     Looking for a rule with intermediate file `utils/activity/wait_event_names.txt.p'.
      Avoiding implicit rule recursion.
      Avoiding implicit rule recursion.
      Trying pattern rule with stem `wait_event_names.txt'.
      Trying implicit prerequisite `utils/activity/wait_event_names.txt.web'.
      Trying pattern rule with stem `wait_event_names.txt.p'.
      Trying implicit prerequisite `utils/activity/wait_event_names.txt.p,v'.
      Trying pattern rule with stem `wait_event_names.txt.p'.
      Trying implicit prerequisite `utils/activity/RCS/wait_event_names.txt.p,v'.
      Trying pattern rule with stem `wait_event_names.txt.p'.
      Trying implicit prerequisite `utils/activity/RCS/wait_event_names.txt.p'.
      Trying pattern rule with stem `wait_event_names.txt.p'.
      Trying implicit prerequisite `utils/activity/s.wait_event_names.txt.p'.
      Trying pattern rule with stem `wait_event_names.txt.p'.
      Trying implicit prerequisite `utils/activity/SCCS/s.wait_event_names.txt.p'.
      Trying pattern rule with stem `wait_event_names.txt'.
      Trying implicit prerequisite `utils/activity/wait_event_names.txt.web'.
      Looking for a rule with intermediate file `utils/activity/wait_event_names.txt.web'.
       Avoiding implicit rule recursion.
       Avoiding implicit rule recursion.
       Avoiding implicit rule recursion.
       Trying pattern rule with stem `wait_event_names.txt.web'.
       Trying implicit prerequisite `utils/activity/wait_event_names.txt.web,v'.
       Trying pattern rule with stem `wait_event_names.txt.web'.
       Trying implicit prerequisite `utils/activity/RCS/wait_event_names.txt.web,v'.
       Trying pattern rule with stem `wait_event_names.txt.web'.
       Trying implicit prerequisite `utils/activity/RCS/wait_event_names.txt.web'.
       Trying pattern rule with stem `wait_event_names.txt.web'.
       Trying implicit prerequisite `utils/activity/s.wait_event_names.txt.web'.
       Trying pattern rule with stem `wait_event_names.txt.web'.
       Trying implicit prerequisite `utils/activity/SCCS/s.wait_event_names.txt.web'.
     Trying pattern rule with stem `wait_event_names.txt'.
     Trying implicit prerequisite `utils/activity/wait_event_names.txt.f'.
     Looking for a rule with intermediate file `utils/activity/wait_event_names.txt.f'.
      Avoiding implicit rule recursion.
      Avoiding implicit rule recursion.
      Trying pattern rule with stem `wait_event_names.txt'.
      Trying implicit prerequisite `utils/activity/wait_event_names.txt.F'.
      Trying pattern rule with stem `wait_event_names.txt'.
      Trying implicit prerequisite `utils/activity/wait_event_names.txt.r'.
      Trying pattern rule with stem `wait_event_names.txt.f'.
      Trying implicit prerequisite `utils/activity/wait_event_names.txt.f,v'.
      Trying pattern rule with stem `wait_event_names.txt.f'.
      Trying implicit prerequisite `utils/activity/RCS/wait_event_names.txt.f,v'.
      Trying pattern rule with stem `wait_event_names.txt.f'.
      Trying implicit prerequisite `utils/activity/RCS/wait_event_names.txt.f'.
      Trying pattern rule with stem `wait_event_names.txt.f'.
      Trying implicit prerequisite `utils/activity/s.wait_event_names.txt.f'.
      Trying pattern rule with stem `wait_event_names.txt.f'.
      Trying implicit prerequisite `utils/activity/SCCS/s.wait_event_names.txt.f'.
      Trying pattern rule with stem `wait_event_names.txt'.
      Trying implicit prerequisite `utils/activity/wait_event_names.txt.F'.
      Looking for a rule with intermediate file `utils/activity/wait_event_names.txt.F'.
       Avoiding implicit rule recursion.
       Avoiding implicit rule recursion.
       Avoiding implicit rule recursion.
       Trying pattern rule with stem `wait_event_names.txt.F'.
       Trying implicit prerequisite `utils/activity/wait_event_names.txt.F,v'.
       Trying pattern rule with stem `wait_event_names.txt.F'.
       Trying implicit prerequisite `utils/activity/RCS/wait_event_names.txt.F,v'.
       Trying pattern rule with stem `wait_event_names.txt.F'.
       Trying implicit prerequisite `utils/activity/RCS/wait_event_names.txt.F'.
       Trying pattern rule with stem `wait_event_names.txt.F'.
       Trying implicit prerequisite `utils/activity/s.wait_event_names.txt.F'.
       Trying pattern rule with stem `wait_event_names.txt.F'.
       Trying implicit prerequisite `utils/activity/SCCS/s.wait_event_names.txt.F'.
      Trying pattern rule with stem `wait_event_names.txt'.
      Trying implicit prerequisite `utils/activity/wait_event_names.txt.r'.
      Looking for a rule with intermediate file `utils/activity/wait_event_names.txt.r'.
       Avoiding implicit rule recursion.
       Avoiding implicit rule recursion.
       Avoiding implicit rule recursion.
       Trying pattern rule with stem `wait_event_names.txt'.
       Rejecting impossible implicit prerequisite `utils/activity/wait_event_names.txt.l'.
       Trying pattern rule with stem `wait_event_names.txt.r'.
       Trying implicit prerequisite `utils/activity/wait_event_names.txt.r,v'.
       Trying pattern rule with stem `wait_event_names.txt.r'.
       Trying implicit prerequisite `utils/activity/RCS/wait_event_names.txt.r,v'.
       Trying pattern rule with stem `wait_event_names.txt.r'.
       Trying implicit prerequisite `utils/activity/RCS/wait_event_names.txt.r'.
       Trying pattern rule with stem `wait_event_names.txt.r'.
       Trying implicit prerequisite `utils/activity/s.wait_event_names.txt.r'.
       Trying pattern rule with stem `wait_event_names.txt.r'.
       Trying implicit prerequisite `utils/activity/SCCS/s.wait_event_names.txt.r'.
     Trying pattern rule with stem `wait_event_names.txt'.
     Rejecting impossible implicit prerequisite `utils/activity/wait_event_names.txt.F'.
     Trying pattern rule with stem `wait_event_names.txt'.
     Trying implicit prerequisite `utils/activity/wait_event_names.txt.m'.
     Looking for a rule with intermediate file `utils/activity/wait_event_names.txt.m'.
      Avoiding implicit rule recursion.
      Avoiding implicit rule recursion.
      Trying pattern rule with stem `wait_event_names.txt'.
      Trying implicit prerequisite `utils/activity/wait_event_names.txt.ym'.
      Trying pattern rule with stem `wait_event_names.txt'.
      Trying implicit prerequisite `utils/activity/wait_event_names.txt.lm'.
      Trying pattern rule with stem `wait_event_names.txt.m'.
      Trying implicit prerequisite `utils/activity/wait_event_names.txt.m,v'.
      Trying pattern rule with stem `wait_event_names.txt.m'.
      Trying implicit prerequisite `utils/activity/RCS/wait_event_names.txt.m,v'.
      Trying pattern rule with stem `wait_event_names.txt.m'.
      Trying implicit prerequisite `utils/activity/RCS/wait_event_names.txt.m'.
      Trying pattern rule with stem `wait_event_names.txt.m'.
      Trying implicit prerequisite `utils/activity/s.wait_event_names.txt.m'.
      Trying pattern rule with stem `wait_event_names.txt.m'.
      Trying implicit prerequisite `utils/activity/SCCS/s.wait_event_names.txt.m'.
      Trying pattern rule with stem `wait_event_names.txt'.
      Trying implicit prerequisite `utils/activity/wait_event_names.txt.ym'.
      Looking for a rule with intermediate file `utils/activity/wait_event_names.txt.ym'.
       Avoiding implicit rule recursion.
       Avoiding implicit rule recursion.
       Avoiding implicit rule recursion.
       Trying pattern rule with stem `wait_event_names.txt.ym'.
       Trying implicit prerequisite `utils/activity/wait_event_names.txt.ym,v'.
       Trying pattern rule with stem `wait_event_names.txt.ym'.
       Trying implicit prerequisite `utils/activity/RCS/wait_event_names.txt.ym,v'.
       Trying pattern rule with stem `wait_event_names.txt.ym'.
       Trying implicit prerequisite `utils/activity/RCS/wait_event_names.txt.ym'.
       Trying pattern rule with stem `wait_event_names.txt.ym'.
       Trying implicit prerequisite `utils/activity/s.wait_event_names.txt.ym'.
       Trying pattern rule with stem `wait_event_names.txt.ym'.
       Trying implicit prerequisite `utils/activity/SCCS/s.wait_event_names.txt.ym'.
      Trying pattern rule with stem `wait_event_names.txt'.
      Trying implicit prerequisite `utils/activity/wait_event_names.txt.lm'.
      Looking for a rule with intermediate file `utils/activity/wait_event_names.txt.lm'.
       Avoiding implicit rule recursion.
       Avoiding implicit rule recursion.
       Avoiding implicit rule recursion.
       Trying pattern rule with stem `wait_event_names.txt.lm'.
       Trying implicit prerequisite `utils/activity/wait_event_names.txt.lm,v'.
       Trying pattern rule with stem `wait_event_names.txt.lm'.
       Trying implicit prerequisite `utils/activity/RCS/wait_event_names.txt.lm,v'.
       Trying pattern rule with stem `wait_event_names.txt.lm'.
       Trying implicit prerequisite `utils/activity/RCS/wait_event_names.txt.lm'.
       Trying pattern rule with stem `wait_event_names.txt.lm'.
       Trying implicit prerequisite `utils/activity/s.wait_event_names.txt.lm'.
       Trying pattern rule with stem `wait_event_names.txt.lm'.
       Trying implicit prerequisite `utils/activity/SCCS/s.wait_event_names.txt.lm'.
     Trying pattern rule with stem `wait_event_names.txt'.
     Rejecting impossible implicit prerequisite `utils/activity/wait_event_names.txt.r'.
     Trying pattern rule with stem `wait_event_names.txt'.
     Trying implicit prerequisite `utils/activity/wait_event_names.txt.s'.
     Looking for a rule with intermediate file `utils/activity/wait_event_names.txt.s'.
      Avoiding implicit rule recursion.
      Avoiding implicit rule recursion.
      Trying pattern rule with stem `wait_event_names.txt'.
      Trying implicit prerequisite `utils/activity/wait_event_names.txt.S'.
      Trying pattern rule with stem `wait_event_names.txt.s'.
      Trying implicit prerequisite `utils/activity/wait_event_names.txt.s,v'.
      Trying pattern rule with stem `wait_event_names.txt.s'.
      Trying implicit prerequisite `utils/activity/RCS/wait_event_names.txt.s,v'.
      Trying pattern rule with stem `wait_event_names.txt.s'.
      Trying implicit prerequisite `utils/activity/RCS/wait_event_names.txt.s'.
      Trying pattern rule with stem `wait_event_names.txt.s'.
      Trying implicit prerequisite `utils/activity/s.wait_event_names.txt.s'.
      Trying pattern rule with stem `wait_event_names.txt.s'.
      Trying implicit prerequisite `utils/activity/SCCS/s.wait_event_names.txt.s'.
      Trying pattern rule with stem `wait_event_names.txt'.
      Trying implicit prerequisite `utils/activity/wait_event_names.txt.S'.
      Looking for a rule with intermediate file `utils/activity/wait_event_names.txt.S'.
       Avoiding implicit rule recursion.
       Avoiding implicit rule recursion.
       Avoiding implicit rule recursion.
       Trying pattern rule with stem `wait_event_names.txt.S'.
       Trying implicit prerequisite `utils/activity/wait_event_names.txt.S,v'.
       Trying pattern rule with stem `wait_event_names.txt.S'.
       Trying implicit prerequisite `utils/activity/RCS/wait_event_names.txt.S,v'.
       Trying pattern rule with stem `wait_event_names.txt.S'.
       Trying implicit prerequisite `utils/activity/RCS/wait_event_names.txt.S'.
       Trying pattern rule with stem `wait_event_names.txt.S'.
       Trying implicit prerequisite `utils/activity/s.wait_event_names.txt.S'.
       Trying pattern rule with stem `wait_event_names.txt.S'.
       Trying implicit prerequisite `utils/activity/SCCS/s.wait_event_names.txt.S'.
     Trying pattern rule with stem `wait_event_names.txt'.
     Rejecting impossible implicit prerequisite `utils/activity/wait_event_names.txt.S'.
     Trying pattern rule with stem `wait_event_names.txt'.
     Trying implicit prerequisite `utils/activity/wait_event_names.txt.mod'.
     Looking for a rule with intermediate file `utils/activity/wait_event_names.txt.mod'.
      Avoiding implicit rule recursion.
      Avoiding implicit rule recursion.
      Trying pattern rule with stem `wait_event_names.txt.mod'.
      Trying implicit prerequisite `utils/activity/wait_event_names.txt.mod,v'.
      Trying pattern rule with stem `wait_event_names.txt.mod'.
      Trying implicit prerequisite `utils/activity/RCS/wait_event_names.txt.mod,v'.
      Trying pattern rule with stem `wait_event_names.txt.mod'.
      Trying implicit prerequisite `utils/activity/RCS/wait_event_names.txt.mod'.
      Trying pattern rule with stem `wait_event_names.txt.mod'.
      Trying implicit prerequisite `utils/activity/s.wait_event_names.txt.mod'.
      Trying pattern rule with stem `wait_event_names.txt.mod'.
      Trying implicit prerequisite `utils/activity/SCCS/s.wait_event_names.txt.mod'.
    Trying pattern rule with stem `wait_event_names.txt'.
    Rejecting impossible implicit prerequisite `utils/activity/wait_event_names.txt.cc'.
    Trying pattern rule with stem `wait_event_names.txt'.
    Rejecting impossible implicit prerequisite `utils/activity/wait_event_names.txt.C'.
    Trying pattern rule with stem `wait_event_names.txt'.
    Rejecting impossible implicit prerequisite `utils/activity/wait_event_names.txt.cpp'.
    Trying pattern rule with stem `wait_event_names.txt'.
    Rejecting impossible implicit prerequisite `utils/activity/wait_event_names.txt.p'.
    Trying pattern rule with stem `wait_event_names.txt'.
    Rejecting impossible implicit prerequisite `utils/activity/wait_event_names.txt.f'.
    Trying pattern rule with stem `wait_event_names.txt'.
    Rejecting impossible implicit prerequisite `utils/activity/wait_event_names.txt.F'.
    Trying pattern rule with stem `wait_event_names.txt'.
    Rejecting impossible implicit prerequisite `utils/activity/wait_event_names.txt.m'.
    Trying pattern rule with stem `wait_event_names.txt'.
    Rejecting impossible implicit prerequisite `utils/activity/wait_event_names.txt.r'.
    Trying pattern rule with stem `wait_event_names.txt'.
    Rejecting impossible implicit prerequisite `utils/activity/wait_event_names.txt.s'.
    Trying pattern rule with stem `wait_event_names.txt'.
    Rejecting impossible implicit prerequisite `utils/activity/wait_event_names.txt.S'.
    Trying pattern rule with stem `wait_event_names.txt'.
    Rejecting impossible implicit prerequisite `utils/activity/wait_event_names.txt.mod'.
    Trying pattern rule with stem `wait_event_names.txt'.
    Trying implicit prerequisite `utils/activity/wait_event_names.txt.sh'.
    Looking for a rule with intermediate file `utils/activity/wait_event_names.txt.sh'.
     Avoiding implicit rule recursion.
     Trying pattern rule with stem `wait_event_names.txt.sh'.
     Trying implicit prerequisite `utils/activity/wait_event_names.txt.sh,v'.
     Trying pattern rule with stem `wait_event_names.txt.sh'.
     Trying implicit prerequisite `utils/activity/RCS/wait_event_names.txt.sh,v'.
     Trying pattern rule with stem `wait_event_names.txt.sh'.
     Trying implicit prerequisite `utils/activity/RCS/wait_event_names.txt.sh'.
     Trying pattern rule with stem `wait_event_names.txt.sh'.
     Trying implicit prerequisite `utils/activity/s.wait_event_names.txt.sh'.
     Trying pattern rule with stem `wait_event_names.txt.sh'.
     Trying implicit prerequisite `utils/activity/SCCS/s.wait_event_names.txt.sh'.
    No implicit rule found for `utils/activity/wait_event_names.txt'.
    Looking for an implicit rule for `utils/activity/generate-wait_event_types.pl'.
    Trying pattern rule with stem `generate-wait_event_types.pl'.
    Trying implicit prerequisite `utils/activity/generate-wait_event_types.pl.o'.
    Trying pattern rule with stem `generate-wait_event_types.pl'.
    Trying implicit prerequisite `utils/activity/generate-wait_event_types.pl.cc'.
    Trying pattern rule with stem `generate-wait_event_types.pl'.
    Trying implicit prerequisite `utils/activity/generate-wait_event_types.pl.C'.
    Trying pattern rule with stem `generate-wait_event_types.pl'.
    Trying implicit prerequisite `utils/activity/generate-wait_event_types.pl.cpp'.
    Trying pattern rule with stem `generate-wait_event_types.pl'.
    Trying implicit prerequisite `utils/activity/generate-wait_event_types.pl.p'.
    Trying pattern rule with stem `generate-wait_event_types.pl'.
    Trying implicit prerequisite `utils/activity/generate-wait_event_types.pl.f'.
    Trying pattern rule with stem `generate-wait_event_types.pl'.
    Trying implicit prerequisite `utils/activity/generate-wait_event_types.pl.F'.
    Trying pattern rule with stem `generate-wait_event_types.pl'.
    Trying implicit prerequisite `utils/activity/generate-wait_event_types.pl.m'.
    Trying pattern rule with stem `generate-wait_event_types.pl'.
    Trying implicit prerequisite `utils/activity/generate-wait_event_types.pl.r'.
    Trying pattern rule with stem `generate-wait_event_types.pl'.
    Trying implicit prerequisite `utils/activity/generate-wait_event_types.pl.s'.
    Trying pattern rule with stem `generate-wait_event_types.pl'.
    Trying implicit prerequisite `utils/activity/generate-wait_event_types.pl.S'.
    Trying pattern rule with stem `generate-wait_event_types.pl'.
    Trying implicit prerequisite `utils/activity/generate-wait_event_types.pl.mod'.
    Trying pattern rule with stem `generate-wait_event_types.pl'.
    Trying implicit prerequisite `utils/activity/generate-wait_event_types.pl.sh'.
    Trying pattern rule with stem `generate-wait_event_types.pl'.
    Trying implicit prerequisite `utils/activity/generate-wait_event_types.pl,v'.
    Trying pattern rule with stem `generate-wait_event_types.pl'.
    Trying implicit prerequisite `utils/activity/RCS/generate-wait_event_types.pl,v'.
    Trying pattern rule with stem `generate-wait_event_types.pl'.
    Trying implicit prerequisite `utils/activity/RCS/generate-wait_event_types.pl'.
    Trying pattern rule with stem `generate-wait_event_types.pl'.
    Trying implicit prerequisite `utils/activity/s.generate-wait_event_types.pl'.
    Trying pattern rule with stem `generate-wait_event_types.pl'.
    Trying implicit prerequisite `utils/activity/SCCS/s.generate-wait_event_types.pl'.
    Trying pattern rule with stem `generate-wait_event_types.pl'.
    Trying implicit prerequisite `utils/activity/generate-wait_event_types.pl.o'.
    Looking for a rule with intermediate file `utils/activity/generate-wait_event_types.pl.o'.
     Avoiding implicit rule recursion.
     Trying pattern rule with stem `generate-wait_event_types.pl'.
     Trying implicit prerequisite `utils/activity/generate-wait_event_types.pl.c'.
     Trying pattern rule with stem `generate-wait_event_types.pl'.
     Trying implicit prerequisite `utils/activity/generate-wait_event_types.pl.cc'.
     Trying pattern rule with stem `generate-wait_event_types.pl'.
     Trying implicit prerequisite `utils/activity/generate-wait_event_types.pl.C'.
     Trying pattern rule with stem `generate-wait_event_types.pl'.
     Trying implicit prerequisite `utils/activity/generate-wait_event_types.pl.cpp'.
     Trying pattern rule with stem `generate-wait_event_types.pl'.
     Trying implicit prerequisite `utils/activity/generate-wait_event_types.pl.p'.
     Trying pattern rule with stem `generate-wait_event_types.pl'.
     Trying implicit prerequisite `utils/activity/generate-wait_event_types.pl.f'.
     Trying pattern rule with stem `generate-wait_event_types.pl'.
     Trying implicit prerequisite `utils/activity/generate-wait_event_types.pl.F'.
     Trying pattern rule with stem `generate-wait_event_types.pl'.
     Trying implicit prerequisite `utils/activity/generate-wait_event_types.pl.m'.
     Trying pattern rule with stem `generate-wait_event_types.pl'.
     Trying implicit prerequisite `utils/activity/generate-wait_event_types.pl.r'.
     Trying pattern rule with stem `generate-wait_event_types.pl'.
     Trying implicit prerequisite `utils/activity/generate-wait_event_types.pl.s'.
     Trying pattern rule with stem `generate-wait_event_types.pl'.
     Trying implicit prerequisite `utils/activity/generate-wait_event_types.pl.S'.
     Trying pattern rule with stem `generate-wait_event_types.pl'.
     Trying implicit prerequisite `utils/activity/generate-wait_event_types.pl.mod'.
     Trying pattern rule with stem `generate-wait_event_types.pl.o'.
     Trying implicit prerequisite `utils/activity/generate-wait_event_types.pl.o,v'.
     Trying pattern rule with stem `generate-wait_event_types.pl.o'.
     Trying implicit prerequisite `utils/activity/RCS/generate-wait_event_types.pl.o,v'.
     Trying pattern rule with stem `generate-wait_event_types.pl.o'.
     Trying implicit prerequisite `utils/activity/RCS/generate-wait_event_types.pl.o'.
     Trying pattern rule with stem `generate-wait_event_types.pl.o'.
     Trying implicit prerequisite `utils/activity/s.generate-wait_event_types.pl.o'.
     Trying pattern rule with stem `generate-wait_event_types.pl.o'.
     Trying implicit prerequisite `utils/activity/SCCS/s.generate-wait_event_types.pl.o'.
     Trying pattern rule with stem `generate-wait_event_types.pl'.
     Trying implicit prerequisite `utils/activity/generate-wait_event_types.pl.c'.
     Looking for a rule with intermediate file `utils/activity/generate-wait_event_types.pl.c'.
      Avoiding implicit rule recursion.
      Avoiding implicit rule recursion.
      Trying pattern rule with stem `generate-wait_event_types.pl'.
      Trying implicit prerequisite `utils/activity/generate-wait_event_types.pl.l'.
      Trying pattern rule with stem `generate-wait_event_types.pl'.
      Trying implicit prerequisite `utils/activity/generate-wait_event_types.pl.y'.
      Trying pattern rule with stem `generate-wait_event_types.pl'.
      Trying implicit prerequisite `utils/activity/generate-wait_event_types.pl.w'.
      Trying pattern rule with stem `generate-wait_event_types.pl'.
      Trying implicit prerequisite `utils/activity/generate-wait_event_types.pl.w'.
      Trying pattern rule with stem `generate-wait_event_types.pl.c'.
      Trying implicit prerequisite `utils/activity/generate-wait_event_types.pl.c,v'.
      Trying pattern rule with stem `generate-wait_event_types.pl.c'.
      Trying implicit prerequisite `utils/activity/RCS/generate-wait_event_types.pl.c,v'.
      Trying pattern rule with stem `generate-wait_event_types.pl.c'.
      Trying implicit prerequisite `utils/activity/RCS/generate-wait_event_types.pl.c'.
      Trying pattern rule with stem `generate-wait_event_types.pl.c'.
      Trying implicit prerequisite `utils/activity/s.generate-wait_event_types.pl.c'.
      Trying pattern rule with stem `generate-wait_event_types.pl.c'.
      Trying implicit prerequisite `utils/activity/SCCS/s.generate-wait_event_types.pl.c'.
      Trying pattern rule with stem `generate-wait_event_types.pl'.
      Trying implicit prerequisite `utils/activity/generate-wait_event_types.pl.l'.
      Looking for a rule with intermediate file `utils/activity/generate-wait_event_types.pl.l'.
       Avoiding implicit rule recursion.
       Avoiding implicit rule recursion.
       Avoiding implicit rule recursion.
       Trying pattern rule with stem `generate-wait_event_types.pl.l'.
       Trying implicit prerequisite `utils/activity/generate-wait_event_types.pl.l,v'.
       Trying pattern rule with stem `generate-wait_event_types.pl.l'.
       Trying implicit prerequisite `utils/activity/RCS/generate-wait_event_types.pl.l,v'.
       Trying pattern rule with stem `generate-wait_event_types.pl.l'.
       Trying implicit prerequisite `utils/activity/RCS/generate-wait_event_types.pl.l'.
       Trying pattern rule with stem `generate-wait_event_types.pl.l'.
       Trying implicit prerequisite `utils/activity/s.generate-wait_event_types.pl.l'.
       Trying pattern rule with stem `generate-wait_event_types.pl.l'.
       Trying implicit prerequisite `utils/activity/SCCS/s.generate-wait_event_types.pl.l'.
      Trying pattern rule with stem `generate-wait_event_types.pl'.
      Trying implicit prerequisite `utils/activity/generate-wait_event_types.pl.y'.
      Looking for a rule with intermediate file `utils/activity/generate-wait_event_types.pl.y'.
       Avoiding implicit rule recursion.
       Avoiding implicit rule recursion.
       Avoiding implicit rule recursion.
       Trying pattern rule with stem `generate-wait_event_types.pl.y'.
       Trying implicit prerequisite `utils/activity/generate-wait_event_types.pl.y,v'.
       Trying pattern rule with stem `generate-wait_event_types.pl.y'.
       Trying implicit prerequisite `utils/activity/RCS/generate-wait_event_types.pl.y,v'.
       Trying pattern rule with stem `generate-wait_event_types.pl.y'.
       Trying implicit prerequisite `utils/activity/RCS/generate-wait_event_types.pl.y'.
       Trying pattern rule with stem `generate-wait_event_types.pl.y'.
       Trying implicit prerequisite `utils/activity/s.generate-wait_event_types.pl.y'.
       Trying pattern rule with stem `generate-wait_event_types.pl.y'.
       Trying implicit prerequisite `utils/activity/SCCS/s.generate-wait_event_types.pl.y'.
      Trying pattern rule with stem `generate-wait_event_types.pl'.
      Trying implicit prerequisite `utils/activity/generate-wait_event_types.pl.w'.
      Looking for a rule with intermediate file `utils/activity/generate-wait_event_types.pl.w'.
       Avoiding implicit rule recursion.
       Avoiding implicit rule recursion.
       Avoiding implicit rule recursion.
       Trying pattern rule with stem `generate-wait_event_types.pl.w'.
       Trying implicit prerequisite `utils/activity/generate-wait_event_types.pl.w,v'.
       Trying pattern rule with stem `generate-wait_event_types.pl.w'.
       Trying implicit prerequisite `utils/activity/RCS/generate-wait_event_types.pl.w,v'.
       Trying pattern rule with stem `generate-wait_event_types.pl.w'.
       Trying implicit prerequisite `utils/activity/RCS/generate-wait_event_types.pl.w'.
       Trying pattern rule with stem `generate-wait_event_types.pl.w'.
       Trying implicit prerequisite `utils/activity/s.generate-wait_event_types.pl.w'.
       Trying pattern rule with stem `generate-wait_event_types.pl.w'.
       Trying implicit prerequisite `utils/activity/SCCS/s.generate-wait_event_types.pl.w'.
      Trying pattern rule with stem `generate-wait_event_types.pl'.
      Rejecting impossible implicit prerequisite `utils/activity/generate-wait_event_types.pl.w'.
     Trying pattern rule with stem `generate-wait_event_types.pl'.
     Trying implicit prerequisite `utils/activity/generate-wait_event_types.pl.cc'.
     Looking for a rule with intermediate file `utils/activity/generate-wait_event_types.pl.cc'.
      Avoiding implicit rule recursion.
      Avoiding implicit rule recursion.
      Trying pattern rule with stem `generate-wait_event_types.pl.cc'.
      Trying implicit prerequisite `utils/activity/generate-wait_event_types.pl.cc,v'.
      Trying pattern rule with stem `generate-wait_event_types.pl.cc'.
      Trying implicit prerequisite `utils/activity/RCS/generate-wait_event_types.pl.cc,v'.
      Trying pattern rule with stem `generate-wait_event_types.pl.cc'.
      Trying implicit prerequisite `utils/activity/RCS/generate-wait_event_types.pl.cc'.
      Trying pattern rule with stem `generate-wait_event_types.pl.cc'.
      Trying implicit prerequisite `utils/activity/s.generate-wait_event_types.pl.cc'.
      Trying pattern rule with stem `generate-wait_event_types.pl.cc'.
      Trying implicit prerequisite `utils/activity/SCCS/s.generate-wait_event_types.pl.cc'.
     Trying pattern rule with stem `generate-wait_event_types.pl'.
     Trying implicit prerequisite `utils/activity/generate-wait_event_types.pl.C'.
     Looking for a rule with intermediate file `utils/activity/generate-wait_event_types.pl.C'.
      Avoiding implicit rule recursion.
      Avoiding implicit rule recursion.
      Trying pattern rule with stem `generate-wait_event_types.pl.C'.
      Trying implicit prerequisite `utils/activity/generate-wait_event_types.pl.C,v'.
      Trying pattern rule with stem `generate-wait_event_types.pl.C'.
      Trying implicit prerequisite `utils/activity/RCS/generate-wait_event_types.pl.C,v'.
      Trying pattern rule with stem `generate-wait_event_types.pl.C'.
      Trying implicit prerequisite `utils/activity/RCS/generate-wait_event_types.pl.C'.
      Trying pattern rule with stem `generate-wait_event_types.pl.C'.
      Trying implicit prerequisite `utils/activity/s.generate-wait_event_types.pl.C'.
      Trying pattern rule with stem `generate-wait_event_types.pl.C'.
      Trying implicit prerequisite `utils/activity/SCCS/s.generate-wait_event_types.pl.C'.
     Trying pattern rule with stem `generate-wait_event_types.pl'.
     Trying implicit prerequisite `utils/activity/generate-wait_event_types.pl.cpp'.
     Looking for a rule with intermediate file `utils/activity/generate-wait_event_types.pl.cpp'.
      Avoiding implicit rule recursion.
      Avoiding implicit rule recursion.
      Trying pattern rule with stem `generate-wait_event_types.pl.cpp'.
      Trying implicit prerequisite `utils/activity/generate-wait_event_types.pl.cpp,v'.
      Trying pattern rule with stem `generate-wait_event_types.pl.cpp'.
      Trying implicit prerequisite `utils/activity/RCS/generate-wait_event_types.pl.cpp,v'.
      Trying pattern rule with stem `generate-wait_event_types.pl.cpp'.
      Trying implicit prerequisite `utils/activity/RCS/generate-wait_event_types.pl.cpp'.
      Trying pattern rule with stem `generate-wait_event_types.pl.cpp'.
      Trying implicit prerequisite `utils/activity/s.generate-wait_event_types.pl.cpp'.
      Trying pattern rule with stem `generate-wait_event_types.pl.cpp'.
      Trying implicit prerequisite `utils/activity/SCCS/s.generate-wait_event_types.pl.cpp'.
     Trying pattern rule with stem `generate-wait_event_types.pl'.
     Trying implicit prerequisite `utils/activity/generate-wait_event_types.pl.p'.
     Looking for a rule with intermediate file `utils/activity/generate-wait_event_types.pl.p'.
      Avoiding implicit rule recursion.
      Avoiding implicit rule recursion.
      Trying pattern rule with stem `generate-wait_event_types.pl'.
      Trying implicit prerequisite `utils/activity/generate-wait_event_types.pl.web'.
      Trying pattern rule with stem `generate-wait_event_types.pl.p'.
      Trying implicit prerequisite `utils/activity/generate-wait_event_types.pl.p,v'.
      Trying pattern rule with stem `generate-wait_event_types.pl.p'.
      Trying implicit prerequisite `utils/activity/RCS/generate-wait_event_types.pl.p,v'.
      Trying pattern rule with stem `generate-wait_event_types.pl.p'.
      Trying implicit prerequisite `utils/activity/RCS/generate-wait_event_types.pl.p'.
      Trying pattern rule with stem `generate-wait_event_types.pl.p'.
      Trying implicit prerequisite `utils/activity/s.generate-wait_event_types.pl.p'.
      Trying pattern rule with stem `generate-wait_event_types.pl.p'.
      Trying implicit prerequisite `utils/activity/SCCS/s.generate-wait_event_types.pl.p'.
      Trying pattern rule with stem `generate-wait_event_types.pl'.
      Trying implicit prerequisite `utils/activity/generate-wait_event_types.pl.web'.
      Looking for a rule with intermediate file `utils/activity/generate-wait_event_types.pl.web'.
       Avoiding implicit rule recursion.
       Avoiding implicit rule recursion.
       Avoiding implicit rule recursion.
       Trying pattern rule with stem `generate-wait_event_types.pl.web'.
       Trying implicit prerequisite `utils/activity/generate-wait_event_types.pl.web,v'.
       Trying pattern rule with stem `generate-wait_event_types.pl.web'.
       Trying implicit prerequisite `utils/activity/RCS/generate-wait_event_types.pl.web,v'.
       Trying pattern rule with stem `generate-wait_event_types.pl.web'.
       Trying implicit prerequisite `utils/activity/RCS/generate-wait_event_types.pl.web'.
       Trying pattern rule with stem `generate-wait_event_types.pl.web'.
       Trying implicit prerequisite `utils/activity/s.generate-wait_event_types.pl.web'.
       Trying pattern rule with stem `generate-wait_event_types.pl.web'.
       Trying implicit prerequisite `utils/activity/SCCS/s.generate-wait_event_types.pl.web'.
     Trying pattern rule with stem `generate-wait_event_types.pl'.
     Trying implicit prerequisite `utils/activity/generate-wait_event_types.pl.f'.
     Looking for a rule with intermediate file `utils/activity/generate-wait_event_types.pl.f'.
      Avoiding implicit rule recursion.
      Avoiding implicit rule recursion.
      Trying pattern rule with stem `generate-wait_event_types.pl'.
      Trying implicit prerequisite `utils/activity/generate-wait_event_types.pl.F'.
      Trying pattern rule with stem `generate-wait_event_types.pl'.
      Trying implicit prerequisite `utils/activity/generate-wait_event_types.pl.r'.
      Trying pattern rule with stem `generate-wait_event_types.pl.f'.
      Trying implicit prerequisite `utils/activity/generate-wait_event_types.pl.f,v'.
      Trying pattern rule with stem `generate-wait_event_types.pl.f'.
      Trying implicit prerequisite `utils/activity/RCS/generate-wait_event_types.pl.f,v'.
      Trying pattern rule with stem `generate-wait_event_types.pl.f'.
      Trying implicit prerequisite `utils/activity/RCS/generate-wait_event_types.pl.f'.
      Trying pattern rule with stem `generate-wait_event_types.pl.f'.
      Trying implicit prerequisite `utils/activity/s.generate-wait_event_types.pl.f'.
      Trying pattern rule with stem `generate-wait_event_types.pl.f'.
      Trying implicit prerequisite `utils/activity/SCCS/s.generate-wait_event_types.pl.f'.
      Trying pattern rule with stem `generate-wait_event_types.pl'.
      Trying implicit prerequisite `utils/activity/generate-wait_event_types.pl.F'.
      Looking for a rule with intermediate file `utils/activity/generate-wait_event_types.pl.F'.
       Avoiding implicit rule recursion.
       Avoiding implicit rule recursion.
       Avoiding implicit rule recursion.
       Trying pattern rule with stem `generate-wait_event_types.pl.F'.
       Trying implicit prerequisite `utils/activity/generate-wait_event_types.pl.F,v'.
       Trying pattern rule with stem `generate-wait_event_types.pl.F'.
       Trying implicit prerequisite `utils/activity/RCS/generate-wait_event_types.pl.F,v'.
       Trying pattern rule with stem `generate-wait_event_types.pl.F'.
       Trying implicit prerequisite `utils/activity/RCS/generate-wait_event_types.pl.F'.
       Trying pattern rule with stem `generate-wait_event_types.pl.F'.
       Trying implicit prerequisite `utils/activity/s.generate-wait_event_types.pl.F'.
       Trying pattern rule with stem `generate-wait_event_types.pl.F'.
       Trying implicit prerequisite `utils/activity/SCCS/s.generate-wait_event_types.pl.F'.
      Trying pattern rule with stem `generate-wait_event_types.pl'.
      Trying implicit prerequisite `utils/activity/generate-wait_event_types.pl.r'.
      Looking for a rule with intermediate file `utils/activity/generate-wait_event_types.pl.r'.
       Avoiding implicit rule recursion.
       Avoiding implicit rule recursion.
       Avoiding implicit rule recursion.
       Trying pattern rule with stem `generate-wait_event_types.pl'.
       Rejecting impossible implicit prerequisite `utils/activity/generate-wait_event_types.pl.l'.
       Trying pattern rule with stem `generate-wait_event_types.pl.r'.
       Trying implicit prerequisite `utils/activity/generate-wait_event_types.pl.r,v'.
       Trying pattern rule with stem `generate-wait_event_types.pl.r'.
       Trying implicit prerequisite `utils/activity/RCS/generate-wait_event_types.pl.r,v'.
       Trying pattern rule with stem `generate-wait_event_types.pl.r'.
       Trying implicit prerequisite `utils/activity/RCS/generate-wait_event_types.pl.r'.
       Trying pattern rule with stem `generate-wait_event_types.pl.r'.
       Trying implicit prerequisite `utils/activity/s.generate-wait_event_types.pl.r'.
       Trying pattern rule with stem `generate-wait_event_types.pl.r'.
       Trying implicit prerequisite `utils/activity/SCCS/s.generate-wait_event_types.pl.r'.
     Trying pattern rule with stem `generate-wait_event_types.pl'.
     Rejecting impossible implicit prerequisite `utils/activity/generate-wait_event_types.pl.F'.
     Trying pattern rule with stem `generate-wait_event_types.pl'.
     Trying implicit prerequisite `utils/activity/generate-wait_event_types.pl.m'.
     Looking for a rule with intermediate file `utils/activity/generate-wait_event_types.pl.m'.
      Avoiding implicit rule recursion.
      Avoiding implicit rule recursion.
      Trying pattern rule with stem `generate-wait_event_types.pl'.
      Trying implicit prerequisite `utils/activity/generate-wait_event_types.pl.ym'.
      Trying pattern rule with stem `generate-wait_event_types.pl'.
      Trying implicit prerequisite `utils/activity/generate-wait_event_types.pl.lm'.
      Trying pattern rule with stem `generate-wait_event_types.pl.m'.
      Trying implicit prerequisite `utils/activity/generate-wait_event_types.pl.m,v'.
      Trying pattern rule with stem `generate-wait_event_types.pl.m'.
      Trying implicit prerequisite `utils/activity/RCS/generate-wait_event_types.pl.m,v'.
      Trying pattern rule with stem `generate-wait_event_types.pl.m'.
      Trying implicit prerequisite `utils/activity/RCS/generate-wait_event_types.pl.m'.
      Trying pattern rule with stem `generate-wait_event_types.pl.m'.
      Trying implicit prerequisite `utils/activity/s.generate-wait_event_types.pl.m'.
      Trying pattern rule with stem `generate-wait_event_types.pl.m'.
      Trying implicit prerequisite `utils/activity/SCCS/s.generate-wait_event_types.pl.m'.
      Trying pattern rule with stem `generate-wait_event_types.pl'.
      Trying implicit prerequisite `utils/activity/generate-wait_event_types.pl.ym'.
      Looking for a rule with intermediate file `utils/activity/generate-wait_event_types.pl.ym'.
       Avoiding implicit rule recursion.
       Avoiding implicit rule recursion.
       Avoiding implicit rule recursion.
       Trying pattern rule with stem `generate-wait_event_types.pl.ym'.
       Trying implicit prerequisite `utils/activity/generate-wait_event_types.pl.ym,v'.
       Trying pattern rule with stem `generate-wait_event_types.pl.ym'.
       Trying implicit prerequisite `utils/activity/RCS/generate-wait_event_types.pl.ym,v'.
       Trying pattern rule with stem `generate-wait_event_types.pl.ym'.
       Trying implicit prerequisite `utils/activity/RCS/generate-wait_event_types.pl.ym'.
       Trying pattern rule with stem `generate-wait_event_types.pl.ym'.
       Trying implicit prerequisite `utils/activity/s.generate-wait_event_types.pl.ym'.
       Trying pattern rule with stem `generate-wait_event_types.pl.ym'.
       Trying implicit prerequisite `utils/activity/SCCS/s.generate-wait_event_types.pl.ym'.
      Trying pattern rule with stem `generate-wait_event_types.pl'.
      Trying implicit prerequisite `utils/activity/generate-wait_event_types.pl.lm'.
      Looking for a rule with intermediate file `utils/activity/generate-wait_event_types.pl.lm'.
       Avoiding implicit rule recursion.
       Avoiding implicit rule recursion.
       Avoiding implicit rule recursion.
       Trying pattern rule with stem `generate-wait_event_types.pl.lm'.
       Trying implicit prerequisite `utils/activity/generate-wait_event_types.pl.lm,v'.
       Trying pattern rule with stem `generate-wait_event_types.pl.lm'.
       Trying implicit prerequisite `utils/activity/RCS/generate-wait_event_types.pl.lm,v'.
       Trying pattern rule with stem `generate-wait_event_types.pl.lm'.
       Trying implicit prerequisite `utils/activity/RCS/generate-wait_event_types.pl.lm'.
       Trying pattern rule with stem `generate-wait_event_types.pl.lm'.
       Trying implicit prerequisite `utils/activity/s.generate-wait_event_types.pl.lm'.
       Trying pattern rule with stem `generate-wait_event_types.pl.lm'.
       Trying implicit prerequisite `utils/activity/SCCS/s.generate-wait_event_types.pl.lm'.
     Trying pattern rule with stem `generate-wait_event_types.pl'.
     Rejecting impossible implicit prerequisite `utils/activity/generate-wait_event_types.pl.r'.
     Trying pattern rule with stem `generate-wait_event_types.pl'.
     Trying implicit prerequisite `utils/activity/generate-wait_event_types.pl.s'.
     Looking for a rule with intermediate file `utils/activity/generate-wait_event_types.pl.s'.
      Avoiding implicit rule recursion.
      Avoiding implicit rule recursion.
      Trying pattern rule with stem `generate-wait_event_types.pl'.
      Trying implicit prerequisite `utils/activity/generate-wait_event_types.pl.S'.
      Trying pattern rule with stem `generate-wait_event_types.pl.s'.
      Trying implicit prerequisite `utils/activity/generate-wait_event_types.pl.s,v'.
      Trying pattern rule with stem `generate-wait_event_types.pl.s'.
      Trying implicit prerequisite `utils/activity/RCS/generate-wait_event_types.pl.s,v'.
      Trying pattern rule with stem `generate-wait_event_types.pl.s'.
      Trying implicit prerequisite `utils/activity/RCS/generate-wait_event_types.pl.s'.
      Trying pattern rule with stem `generate-wait_event_types.pl.s'.
      Trying implicit prerequisite `utils/activity/s.generate-wait_event_types.pl.s'.
      Trying pattern rule with stem `generate-wait_event_types.pl.s'.
      Trying implicit prerequisite `utils/activity/SCCS/s.generate-wait_event_types.pl.s'.
      Trying pattern rule with stem `generate-wait_event_types.pl'.
      Trying implicit prerequisite `utils/activity/generate-wait_event_types.pl.S'.
      Looking for a rule with intermediate file `utils/activity/generate-wait_event_types.pl.S'.
       Avoiding implicit rule recursion.
       Avoiding implicit rule recursion.
       Avoiding implicit rule recursion.
       Trying pattern rule with stem `generate-wait_event_types.pl.S'.
       Trying implicit prerequisite `utils/activity/generate-wait_event_types.pl.S,v'.
       Trying pattern rule with stem `generate-wait_event_types.pl.S'.
       Trying implicit prerequisite `utils/activity/RCS/generate-wait_event_types.pl.S,v'.
       Trying pattern rule with stem `generate-wait_event_types.pl.S'.
       Trying implicit prerequisite `utils/activity/RCS/generate-wait_event_types.pl.S'.
       Trying pattern rule with stem `generate-wait_event_types.pl.S'.
       Trying implicit prerequisite `utils/activity/s.generate-wait_event_types.pl.S'.
       Trying pattern rule with stem `generate-wait_event_types.pl.S'.
       Trying implicit prerequisite `utils/activity/SCCS/s.generate-wait_event_types.pl.S'.
     Trying pattern rule with stem `generate-wait_event_types.pl'.
     Rejecting impossible implicit prerequisite `utils/activity/generate-wait_event_types.pl.S'.
     Trying pattern rule with stem `generate-wait_event_types.pl'.
     Trying implicit prerequisite `utils/activity/generate-wait_event_types.pl.mod'.
     Looking for a rule with intermediate file `utils/activity/generate-wait_event_types.pl.mod'.
      Avoiding implicit rule recursion.
      Avoiding implicit rule recursion.
      Trying pattern rule with stem `generate-wait_event_types.pl.mod'.
      Trying implicit prerequisite `utils/activity/generate-wait_event_types.pl.mod,v'.
      Trying pattern rule with stem `generate-wait_event_types.pl.mod'.
      Trying implicit prerequisite `utils/activity/RCS/generate-wait_event_types.pl.mod,v'.
      Trying pattern rule with stem `generate-wait_event_types.pl.mod'.
      Trying implicit prerequisite `utils/activity/RCS/generate-wait_event_types.pl.mod'.
      Trying pattern rule with stem `generate-wait_event_types.pl.mod'.
      Trying implicit prerequisite `utils/activity/s.generate-wait_event_types.pl.mod'.
      Trying pattern rule with stem `generate-wait_event_types.pl.mod'.
      Trying implicit prerequisite `utils/activity/SCCS/s.generate-wait_event_types.pl.mod'.
    Trying pattern rule with stem `generate-wait_event_types.pl'.
    Rejecting impossible implicit prerequisite `utils/activity/generate-wait_event_types.pl.cc'.
    Trying pattern rule with stem `generate-wait_event_types.pl'.
    Rejecting impossible implicit prerequisite `utils/activity/generate-wait_event_types.pl.C'.
    Trying pattern rule with stem `generate-wait_event_types.pl'.
    Rejecting impossible implicit prerequisite `utils/activity/generate-wait_event_types.pl.cpp'.
    Trying pattern rule with stem `generate-wait_event_types.pl'.
    Rejecting impossible implicit prerequisite `utils/activity/generate-wait_event_types.pl.p'.
    Trying pattern rule with stem `generate-wait_event_types.pl'.
    Rejecting impossible implicit prerequisite `utils/activity/generate-wait_event_types.pl.f'.
    Trying pattern rule with stem `generate-wait_event_types.pl'.
    Rejecting impossible implicit prerequisite `utils/activity/generate-wait_event_types.pl.F'.
    Trying pattern rule with stem `generate-wait_event_types.pl'.
    Rejecting impossible implicit prerequisite `utils/activity/generate-wait_event_types.pl.m'.
    Trying pattern rule with stem `generate-wait_event_types.pl'.
    Rejecting impossible implicit prerequisite `utils/activity/generate-wait_event_types.pl.r'.
    Trying pattern rule with stem `generate-wait_event_types.pl'.
    Rejecting impossible implicit prerequisite `utils/activity/generate-wait_event_types.pl.s'.
    Trying pattern rule with stem `generate-wait_event_types.pl'.
    Rejecting impossible implicit prerequisite `utils/activity/generate-wait_event_types.pl.S'.
    Trying pattern rule with stem `generate-wait_event_types.pl'.
    Rejecting impossible implicit prerequisite `utils/activity/generate-wait_event_types.pl.mod'.
    Trying pattern rule with stem `generate-wait_event_types.pl'.
    Trying implicit prerequisite `utils/activity/generate-wait_event_types.pl.sh'.
    Looking for a rule with intermediate file `utils/activity/generate-wait_event_types.pl.sh'.
     Avoiding implicit rule recursion.
     Trying pattern rule with stem `generate-wait_event_types.pl.sh'.
     Trying implicit prerequisite `utils/activity/generate-wait_event_types.pl.sh,v'.
     Trying pattern rule with stem `generate-wait_event_types.pl.sh'.
     Trying implicit prerequisite `utils/activity/RCS/generate-wait_event_types.pl.sh,v'.
     Trying pattern rule with stem `generate-wait_event_types.pl.sh'.
     Trying implicit prerequisite `utils/activity/RCS/generate-wait_event_types.pl.sh'.
     Trying pattern rule with stem `generate-wait_event_types.pl.sh'.
     Trying implicit prerequisite `utils/activity/s.generate-wait_event_types.pl.sh'.
     Trying pattern rule with stem `generate-wait_event_types.pl.sh'.
     Trying implicit prerequisite `utils/activity/SCCS/s.generate-wait_event_types.pl.sh'.
    No implicit rule found for `utils/activity/generate-wait_event_types.pl'.
  Considering target file `submake-catalog-headers'.
   File `submake-catalog-headers' does not exist.
   Finished prerequisites of target file `submake-catalog-headers'.
  Must remake target `submake-catalog-headers'.
Need a job token; we don't have children
/Library/Developer/CommandLineTools/usr/bin/make -C ../include/catalog generated-headers
Putting child 0x14b735360 (submake-catalog-headers) PID 93732 on the chain.
  Commands of `submake-catalog-headers' are being run.
  Considering target file `submake-nodes-headers'.
   File `submake-nodes-headers' does not exist.
   Finished prerequisites of target file `submake-nodes-headers'.
  Must remake target `submake-nodes-headers'.
Live child 0x14b735360 (submake-catalog-headers) PID 93732 
Need a job token; we have children
Live child 0x14b735360 (submake-catalog-headers) PID 93732 
Obtained token for child 0x14b736a80 (submake-nodes-headers).
/Library/Developer/CommandLineTools/usr/bin/make -C nodes generated-header-symlinks
Putting child 0x14b736a80 (submake-nodes-headers) PID 93733 on the chain.
  Commands of `submake-nodes-headers' are being run.
  Considering target file `submake-utils-headers'.
   File `submake-utils-headers' does not exist.
   Finished prerequisites of target file `submake-utils-headers'.
  Must remake target `submake-utils-headers'.
Live child 0x14b736a80 (submake-nodes-headers) PID 93733 
Live child 0x14b735360 (submake-catalog-headers) PID 93732 
Need a job token; we have children
Live child 0x14b736a80 (submake-nodes-headers) PID 93733 
Live child 0x14b735360 (submake-catalog-headers) PID 93732 
Obtained token for child 0x14b737ce0 (submake-utils-headers).
/Library/Developer/CommandLineTools/usr/bin/make -C utils generated-header-symlinks
Putting child 0x14b737ce0 (submake-utils-headers) PID 93734 on the chain.
  Commands of `submake-utils-headers' are being run.
   Looking for an implicit rule for `parser/gram.y'.
   Trying pattern rule with stem `gram.y'.
   Trying implicit prerequisite `parser/gram.y,v'.
   Trying pattern rule with stem `gram.y'.
   Trying implicit prerequisite `parser/RCS/gram.y,v'.
   Trying pattern rule with stem `gram.y'.
   Trying implicit prerequisite `parser/RCS/gram.y'.
   Trying pattern rule with stem `gram.y'.
   Trying implicit prerequisite `parser/s.gram.y'.
   Trying pattern rule with stem `gram.y'.
   Trying implicit prerequisite `parser/SCCS/s.gram.y'.
   No implicit rule found for `parser/gram.y'.
 Considering target file `../../src/include/storage/lwlocknames.h'.
  File `../../src/include/storage/lwlocknames.h' does not exist.
  Considering target file `storage/lmgr/lwlocknames.h'.
   File `storage/lmgr/lwlocknames.h' does not exist.
   Considering target file `storage/lmgr/generate-lwlocknames.pl'.
    Finished prerequisites of target file `storage/lmgr/generate-lwlocknames.pl'.
   No need to remake target `storage/lmgr/generate-lwlocknames.pl'.
   Considering target file `../include/storage/lwlocklist.h'.
    Finished prerequisites of target file `../include/storage/lwlocklist.h'.
   No need to remake target `../include/storage/lwlocklist.h'.
   Considering target file `utils/activity/wait_event_names.txt'.
    Finished prerequisites of target file `utils/activity/wait_event_names.txt'.
   No need to remake target `utils/activity/wait_event_names.txt'.
   Finished prerequisites of target file `storage/lmgr/lwlocknames.h'.
  Must remake target `storage/lmgr/lwlocknames.h'.
Live child 0x14b737ce0 (submake-utils-headers) PID 93734 
Live child 0x14b736a80 (submake-nodes-headers) PID 93733 
Live child 0x14b735360 (submake-catalog-headers) PID 93732 
Need a job token; we have children
Live child 0x14b737ce0 (submake-utils-headers) PID 93734 
Live child 0x14b736a80 (submake-nodes-headers) PID 93733 
Live child 0x14b735360 (submake-catalog-headers) PID 93732 
Obtained token for child 0x14b73ab00 (storage/lmgr/lwlocknames.h).
/Library/Developer/CommandLineTools/usr/bin/make -C storage/lmgr lwlocknames.h
Putting child 0x14b73ab00 (storage/lmgr/lwlocknames.h) PID 93735 on the chain.
  Commands of `storage/lmgr/lwlocknames.h' are being run.
  Finished prerequisites of target file `../../src/include/storage/lwlocknames.h'.
 The prerequisites of `../../src/include/storage/lwlocknames.h' are being made.
 Considering target file `../../src/include/utils/wait_event_types.h'.
  File `../../src/include/utils/wait_event_types.h' does not exist.
  Considering target file `utils/activity/wait_event_types.h'.
   File `utils/activity/wait_event_types.h' does not exist.
   Considering target file `utils/activity/generate-wait_event_types.pl'.
    Finished prerequisites of target file `utils/activity/generate-wait_event_types.pl'.
   No need to remake target `utils/activity/generate-wait_event_types.pl'.
   Pruning file `utils/activity/wait_event_names.txt'.
   Finished prerequisites of target file `utils/activity/wait_event_types.h'.
  Must remake target `utils/activity/wait_event_types.h'.
Live child 0x14b73ab00 (storage/lmgr/lwlocknames.h) PID 93735 
Live child 0x14b737ce0 (submake-utils-headers) PID 93734 
Live child 0x14b736a80 (submake-nodes-headers) PID 93733 
Live child 0x14b735360 (submake-catalog-headers) PID 93732 
Need a job token; we have children
Live child 0x14b73ab00 (storage/lmgr/lwlocknames.h) PID 93735 
Live child 0x14b737ce0 (submake-utils-headers) PID 93734 
Live child 0x14b736a80 (submake-nodes-headers) PID 93733 
Live child 0x14b735360 (submake-catalog-headers) PID 93732 
Obtained token for child 0x14b73ae40 (utils/activity/wait_event_types.h).
/Library/Developer/CommandLineTools/usr/bin/make -C utils/activity wait_event_types.h pgstat_wait_event.c wait_event_funcs_data.c
Putting child 0x14b73ae40 (utils/activity/wait_event_types.h) PID 93736 on the chain.
  Commands of `utils/activity/wait_event_types.h' are being run.
  Finished prerequisites of target file `../../src/include/utils/wait_event_types.h'.
 The prerequisites of `../../src/include/utils/wait_event_types.h' are being made.
 Pruning file `submake-catalog-headers'.
 Pruning file `submake-nodes-headers'.
 Pruning file `submake-utils-headers'.
 Considering target file `parser/gram.h'.
  File `parser/gram.h' does not exist.
  Considering target file `parser/gram.y'.
   Finished prerequisites of target file `parser/gram.y'.
  No need to remake target `parser/gram.y'.
  Finished prerequisites of target file `parser/gram.h'.
 Must remake target `parser/gram.h'.
Live child 0x14b73ae40 (utils/activity/wait_event_types.h) PID 93736 
Live child 0x14b73ab00 (storage/lmgr/lwlocknames.h) PID 93735 
Live child 0x14b737ce0 (submake-utils-headers) PID 93734 
Live child 0x14b736a80 (submake-nodes-headers) PID 93733 
Live child 0x14b735360 (submake-catalog-headers) PID 93732 
Need a job token; we have children
Live child 0x14b73ae40 (utils/activity/wait_event_types.h) PID 93736 
Live child 0x14b73ab00 (storage/lmgr/lwlocknames.h) PID 93735 
Live child 0x14b737ce0 (submake-utils-headers) PID 93734 
Live child 0x14b736a80 (submake-nodes-headers) PID 93733 
Live child 0x14b735360 (submake-catalog-headers) PID 93732 
Obtained token for child 0x14ca04510 (parser/gram.h).
/Library/Developer/CommandLineTools/usr/bin/make -C parser gram.h
Putting child 0x14ca04510 (parser/gram.h) PID 93737 on the chain.
 Commands of `parser/gram.h' are being run.
 Finished prerequisites of target file `generated-headers'.
The prerequisites of `generated-headers' are being made.
Live child 0x14ca04510 (parser/gram.h) PID 93737 
Live child 0x14b73ae40 (utils/activity/wait_event_types.h) PID 93736 
Live child 0x14b73ab00 (storage/lmgr/lwlocknames.h) PID 93735 
Live child 0x14b737ce0 (submake-utils-headers) PID 93734 
Live child 0x14b736a80 (submake-nodes-headers) PID 93733 
Live child 0x14b735360 (submake-catalog-headers) PID 93732 
GNU Make 3.81
Copyright (C) 2006  Free Software Foundation, Inc.
This is free software; see the source for copying conditions.
There is NO warranty; not even for MERCHANTABILITY or FITNESS FOR A
PARTICULAR PURPOSE.

This program built for i386-apple-darwin11.3.0
Reading makefiles...
GNU Make 3.81
Copyright (C) 2006  Free Software Foundation, Inc.
This is free software; see the source for copying conditions.
There is NO warranty; not even for MERCHANTABILITY or FITNESS FOR A
PARTICULAR PURPOSE.

This program built for i386-apple-darwin11.3.0
GNU Make 3.81
Copyright (C) 2006  Free Software Foundation, Inc.
Reading makefile `Makefile'...
This is free software; see the source for copying conditions.
Reading makefile `../../../src/Makefile.global' (search path) (no ~ expansion)...
There is NO warranty; not even for MERCHANTABILITY or FITNESS FOR A
PARTICULAR PURPOSE.

This program built for i386-apple-darwin11.3.0
Reading makefiles...
GNU Make 3.81
Copyright (C) 2006  Free Software Foundation, Inc.
This is free software; see the source for copying conditions.
There is NO warranty; not even for MERCHANTABILITY or FITNESS FOR A
PARTICULAR PURPOSE.

This program built for i386-apple-darwin11.3.0
Reading makefiles...
Reading makefile `Makefile'...
Reading makefile `../../../src/Makefile.port' (search path) (no ~ expansion)...
Reading makefiles...
Reading makefile `Makefile'...
Reading makefile `../../../src/Makefile.global' (search path) (no ~ expansion)...
Reading makefile `../../../src/Makefile.custom' (search path) (don't care) (no ~ expansion)...
Reading makefile `Makefile'...
Reading makefile `../../../src/Makefile.global' (search path) (no ~ expansion)...
Reading makefile `../../../../src/Makefile.global' (search path) (no ~ expansion)...
Reading makefile `../../../src/Makefile.port' (search path) (no ~ expansion)...
Reading makefile `../../../src/Makefile.custom' (search path) (don't care) (no ~ expansion)...
Reading makefile `../../../src/backend/common.mk' (search path) (no ~ expansion)...
Reading makefile `../../../src/Makefile.port' (search path) (no ~ expansion)...
Updating makefiles....
 Considering target file `../../../src/Makefile.custom'.
  File `../../../src/Makefile.custom' does not exist.
  Looking for an implicit rule for `../../../src/Makefile.custom'.
  Trying pattern rule with stem `Makefile.custom'.
  Trying implicit prerequisite `../../../src/Makefile.custom.o'.
  Trying pattern rule with stem `Makefile.custom'.
  Trying implicit prerequisite `../../../src/Makefile.custom.cc'.
  Trying pattern rule with stem `Makefile.custom'.
  Trying implicit prerequisite `../../../src/Makefile.custom.C'.
  Trying pattern rule with stem `Makefile.custom'.
Reading makefile `../../../../src/Makefile.port' (search path) (no ~ expansion)...
GNU Make 3.81
Copyright (C) 2006  Free Software Foundation, Inc.
This is free software; see the source for copying conditions.
  Trying implicit prerequisite `../../../src/Makefile.custom.cpp'.
There is NO warranty; not even for MERCHANTABILITY or FITNESS FOR A
PARTICULAR PURPOSE.

GNU Make 3.81
Reading makefile `../../../src/Makefile.custom' (search path) (don't care) (no ~ expansion)...
Copyright (C) 2006  Free Software Foundation, Inc.
This is free software; see the source for copying conditions.
  Trying pattern rule with stem `Makefile.custom'.
This program built for i386-apple-darwin11.3.0
There is NO warranty; not even for MERCHANTABILITY or FITNESS FOR A
PARTICULAR PURPOSE.

  Trying implicit prerequisite `../../../src/Makefile.custom.p'.
  Trying pattern rule with stem `Makefile.custom'.
Reading makefile `../../../../src/Makefile.custom' (search path) (don't care) (no ~ expansion)...
This program built for i386-apple-darwin11.3.0
  Trying implicit prerequisite `../../../src/Makefile.custom.f'.
  Trying pattern rule with stem `Makefile.custom'.
Reading makefiles...
  Trying implicit prerequisite `../../../src/Makefile.custom.F'.
  Trying pattern rule with stem `Makefile.custom'.
  Trying implicit prerequisite `../../../src/Makefile.custom.m'.
  Trying pattern rule with stem `Makefile.custom'.
Reading makefile `../../../src/backend/common.mk' (search path) (no ~ expansion)...
Reading makefile `Makefile'...
  Trying implicit prerequisite `../../../src/Makefile.custom.r'.
  Trying pattern rule with stem `Makefile.custom'.
Reading makefile `../../../../src/backend/common.mk' (search path) (no ~ expansion)...
Reading makefile `../../../src/Makefile.global' (search path) (no ~ expansion)...
  Trying implicit prerequisite `../../../src/Makefile.custom.s'.
  Trying pattern rule with stem `Makefile.custom'.
  Trying implicit prerequisite `../../../src/Makefile.custom.S'.
  Trying pattern rule with stem `Makefile.custom'.
  Trying implicit prerequisite `../../../src/Makefile.custom.mod'.
  Trying pattern rule with stem `Makefile.custom'.
  Trying implicit prerequisite `../../../src/Makefile.custom.sh'.
  Trying pattern rule with stem `Makefile.custom'.
  Trying implicit prerequisite `../../../src/Makefile.custom,v'.
  Trying pattern rule with stem `Makefile.custom'.
  Trying implicit prerequisite `../../../src/RCS/Makefile.custom,v'.
  Trying pattern rule with stem `Makefile.custom'.
Reading makefiles...
  Trying implicit prerequisite `../../../src/RCS/Makefile.custom'.
  Trying pattern rule with stem `Makefile.custom'.
  Trying implicit prerequisite `../../../src/s.Makefile.custom'.
  Trying pattern rule with stem `Makefile.custom'.
  Trying implicit prerequisite `../../../src/SCCS/s.Makefile.custom'.
  Trying pattern rule with stem `Makefile.custom'.
  Trying implicit prerequisite `../../../src/Makefile.custom.o'.
  Looking for a rule with intermediate file `../../../src/Makefile.custom.o'.
   Avoiding implicit rule recursion.
   Trying pattern rule with stem `Makefile.custom'.
   Trying implicit prerequisite `../../../src/Makefile.custom.c'.
   Trying pattern rule with stem `Makefile.custom'.
   Trying implicit prerequisite `../../../src/Makefile.custom.cc'.
   Trying pattern rule with stem `Makefile.custom'.
   Trying implicit prerequisite `../../../src/Makefile.custom.C'.
   Trying pattern rule with stem `Makefile.custom'.
Reading makefile `../../../src/Makefile.port' (search path) (no ~ expansion)...
   Trying implicit prerequisite `../../../src/Makefile.custom.cpp'.
Reading makefile `Makefile'...
   Trying pattern rule with stem `Makefile.custom'.
Updating makefiles....
   Trying implicit prerequisite `../../../src/Makefile.custom.p'.
 Considering target file `../../../../src/backend/common.mk'.
Updating makefiles....
   Trying pattern rule with stem `Makefile.custom'.
 Considering target file `../../../src/backend/common.mk'.
   Trying implicit prerequisite `../../../src/Makefile.custom.f'.
   Trying pattern rule with stem `Makefile.custom'.
   Trying implicit prerequisite `../../../src/Makefile.custom.F'.
  Looking for an implicit rule for `../../../src/backend/common.mk'.
   Trying pattern rule with stem `Makefile.custom'.
   Trying implicit prerequisite `../../../src/Makefile.custom.m'.
Reading makefile `../../../src/Makefile.custom' (search path) (don't care) (no ~ expansion)...
  Trying pattern rule with stem `common.mk'.
Reading makefile `../../../../src/Makefile.global' (search path) (no ~ expansion)...
  Looking for an implicit rule for `../../../../src/backend/common.mk'.
  Trying pattern rule with stem `common.mk'.
  Trying implicit prerequisite `../../../src/backend/common.mk.o'.
Updating makefiles....
 Considering target file `../../../src/backend/common.mk'.
  Looking for an implicit rule for `../../../src/backend/common.mk'.
   Trying pattern rule with stem `Makefile.custom'.
Reading makefile `../../../src/backend/common.mk' (search path) (no ~ expansion)...
   Trying implicit prerequisite `../../../src/Makefile.custom.r'.
  Trying pattern rule with stem `common.mk'.
  Trying pattern rule with stem `common.mk'.
  Trying implicit prerequisite `../../../src/backend/common.mk.cc'.
   Trying pattern rule with stem `Makefile.custom'.
  Trying pattern rule with stem `common.mk'.
   Trying implicit prerequisite `../../../src/Makefile.custom.s'.
  Trying implicit prerequisite `../../../src/backend/common.mk.o'.
  Trying implicit prerequisite `../../../../src/backend/common.mk.o'.
   Trying pattern rule with stem `Makefile.custom'.
  Trying implicit prerequisite `../../../src/backend/common.mk.C'.
  Trying pattern rule with stem `common.mk'.
  Trying implicit prerequisite `../../../src/backend/common.mk.cc'.
Reading makefile `../../../../src/Makefile.port' (search path) (no ~ expansion)...
  Trying pattern rule with stem `common.mk'.
  Trying implicit prerequisite `../../../src/backend/common.mk.cpp'.
  Trying pattern rule with stem `common.mk'.
  Trying implicit prerequisite `../../../src/backend/common.mk.p'.
   Trying implicit prerequisite `../../../src/Makefile.custom.S'.
   Trying pattern rule with stem `Makefile.custom'.
  Trying pattern rule with stem `common.mk'.
  Trying implicit prerequisite `../../../src/backend/common.mk.f'.
  Trying pattern rule with stem `common.mk'.
  Trying implicit prerequisite `../../../src/backend/common.mk.F'.
   Trying implicit prerequisite `../../../src/Makefile.custom.mod'.
  Trying pattern rule with stem `common.mk'.
  Trying pattern rule with stem `common.mk'.
   Trying pattern rule with stem `Makefile.custom.o'.
  Trying implicit prerequisite `../../../src/backend/common.mk.m'.
  Trying pattern rule with stem `common.mk'.
  Trying implicit prerequisite `../../../src/backend/common.mk.r'.
   Trying implicit prerequisite `../../../src/Makefile.custom.o,v'.
Reading makefile `../../../../src/Makefile.custom' (search path) (don't care) (no ~ expansion)...
  Trying implicit prerequisite `../../../../src/backend/common.mk.cc'.
   Trying pattern rule with stem `Makefile.custom.o'.
Updating makefiles....
   Trying implicit prerequisite `../../../src/RCS/Makefile.custom.o,v'.
   Trying pattern rule with stem `Makefile.custom.o'.
  Trying pattern rule with stem `common.mk'.
  Trying pattern rule with stem `common.mk'.
 Considering target file `../../../src/backend/common.mk'.
   Trying implicit prerequisite `../../../src/RCS/Makefile.custom.o'.
  Trying pattern rule with stem `common.mk'.
   Trying pattern rule with stem `Makefile.custom.o'.
  Trying implicit prerequisite `../../../src/backend/common.mk.C'.
  Trying implicit prerequisite `../../../../src/backend/common.mk.C'.
  Trying pattern rule with stem `common.mk'.
Reading makefile `../../../../src/backend/common.mk' (search path) (no ~ expansion)...
  Trying implicit prerequisite `../../../src/backend/common.mk.cpp'.
  Trying implicit prerequisite `../../../src/backend/common.mk.s'.
  Trying pattern rule with stem `common.mk'.
  Trying pattern rule with stem `common.mk'.
  Trying implicit prerequisite `../../../../src/backend/common.mk.cpp'.
  Trying pattern rule with stem `common.mk'.
  Trying implicit prerequisite `../../../../src/backend/common.mk.p'.
  Trying pattern rule with stem `common.mk'.
  Trying implicit prerequisite `../../../../src/backend/common.mk.f'.
  Trying pattern rule with stem `common.mk'.
   Trying implicit prerequisite `../../../src/s.Makefile.custom.o'.
  Trying implicit prerequisite `../../../src/backend/common.mk.p'.
  Looking for an implicit rule for `../../../src/backend/common.mk'.
  Trying pattern rule with stem `common.mk'.
  Trying implicit prerequisite `../../../../src/backend/common.mk.F'.
  Trying pattern rule with stem `common.mk'.
   Trying pattern rule with stem `Makefile.custom.o'.
  Trying pattern rule with stem `common.mk'.
  Trying pattern rule with stem `common.mk'.
  Trying implicit prerequisite `../../../src/backend/common.mk.f'.
  Trying implicit prerequisite `../../../src/backend/common.mk.o'.
  Trying pattern rule with stem `common.mk'.
  Trying implicit prerequisite `../../../src/backend/common.mk.S'.
  Trying implicit prerequisite `../../../src/backend/common.mk.F'.
  Trying pattern rule with stem `common.mk'.
  Trying pattern rule with stem `common.mk'.
Updating makefiles....
  Trying implicit prerequisite `../../../../src/backend/common.mk.m'.
  Trying pattern rule with stem `common.mk'.
  Trying implicit prerequisite `../../../src/backend/common.mk.m'.
  Trying implicit prerequisite `../../../src/backend/common.mk.mod'.
 Considering target file `../../../../src/backend/common.mk'.
   Trying implicit prerequisite `../../../src/SCCS/s.Makefile.custom.o'.
  Trying pattern rule with stem `common.mk'.
  Trying pattern rule with stem `common.mk'.
  Looking for an implicit rule for `../../../../src/backend/common.mk'.
   Trying pattern rule with stem `Makefile.custom'.
  Trying pattern rule with stem `common.mk'.
  Trying implicit prerequisite `../../../src/backend/common.mk.cc'.
  Trying pattern rule with stem `common.mk'.
  Trying implicit prerequisite `../../../../src/backend/common.mk.o'.
   Trying implicit prerequisite `../../../src/Makefile.custom.c'.
  Trying implicit prerequisite `../../../src/backend/common.mk.r'.
  Trying implicit prerequisite `../../../src/backend/common.mk.sh'.
   Looking for a rule with intermediate file `../../../src/Makefile.custom.c'.
  Trying implicit prerequisite `../../../../src/backend/common.mk.r'.
    Avoiding implicit rule recursion.
  Trying pattern rule with stem `common.mk'.
  Trying pattern rule with stem `common.mk'.
  Trying implicit prerequisite `../../../src/backend/common.mk.C'.
  Trying pattern rule with stem `common.mk'.
    Avoiding implicit rule recursion.
  Trying implicit prerequisite `../../../src/backend/common.mk.s'.
  Trying pattern rule with stem `common.mk'.
  Trying pattern rule with stem `common.mk'.
  Trying pattern rule with stem `common.mk'.
  Trying implicit prerequisite `../../../../src/backend/common.mk.cc'.
  Trying implicit prerequisite `../../../src/backend/common.mk.S'.
  Trying pattern rule with stem `common.mk'.
  Trying implicit prerequisite `../../../src/backend/common.mk.cpp'.
  Trying pattern rule with stem `common.mk'.
    Trying pattern rule with stem `Makefile.custom'.
  Trying pattern rule with stem `common.mk'.
  Trying implicit prerequisite `../../../src/backend/common.mk.p'.
  Trying implicit prerequisite `../../../src/backend/common.mk,v'.
  Trying pattern rule with stem `common.mk'.
  Trying implicit prerequisite `../../../../src/backend/common.mk.C'.
  Trying implicit prerequisite `../../../src/backend/common.mk.f'.
  Trying pattern rule with stem `common.mk'.
  Trying implicit prerequisite `../../../src/backend/common.mk.F'.
    Trying implicit prerequisite `../../../src/Makefile.custom.l'.
  Trying pattern rule with stem `common.mk'.
  Trying implicit prerequisite `../../../../src/backend/common.mk.cpp'.
  Trying pattern rule with stem `common.mk'.
  Trying pattern rule with stem `common.mk'.
    Trying pattern rule with stem `Makefile.custom'.
  Trying pattern rule with stem `common.mk'.
  Trying implicit prerequisite `../../../src/backend/common.mk.mod'.
    Trying implicit prerequisite `../../../src/Makefile.custom.y'.
  Trying implicit prerequisite `../../../../src/backend/common.mk.p'.
  Trying implicit prerequisite `../../../src/backend/common.mk.m'.
  Trying pattern rule with stem `common.mk'.
  Trying implicit prerequisite `../../../../src/backend/common.mk.f'.
  Trying pattern rule with stem `common.mk'.
    Trying pattern rule with stem `Makefile.custom'.
  Trying implicit prerequisite `../../../src/backend/RCS/common.mk,v'.
    Trying implicit prerequisite `../../../src/Makefile.custom.w'.
  Trying pattern rule with stem `common.mk'.
  Trying implicit prerequisite `../../../../src/backend/common.mk.F'.
  Trying pattern rule with stem `common.mk'.
  Trying pattern rule with stem `common.mk'.
  Trying implicit prerequisite `../../../../src/backend/common.mk.s'.
  Trying implicit prerequisite `../../../src/backend/RCS/common.mk'.
  Trying pattern rule with stem `common.mk'.
  Trying implicit prerequisite `../../../src/backend/common.mk.r'.
  Trying pattern rule with stem `common.mk'.
  Trying implicit prerequisite `../../../../src/backend/common.mk.S'.
  Trying implicit prerequisite `../../../../src/backend/common.mk.m'.
    Trying pattern rule with stem `Makefile.custom'.
  Trying pattern rule with stem `common.mk'.
  Trying pattern rule with stem `common.mk'.
  Trying pattern rule with stem `common.mk'.
    Trying implicit prerequisite `../../../src/Makefile.custom.w'.
  Trying pattern rule with stem `common.mk'.
  Trying pattern rule with stem `common.mk'.
    Trying pattern rule with stem `Makefile.custom.c'.
  Trying implicit prerequisite `../../../../src/backend/common.mk.mod'.
  Trying pattern rule with stem `common.mk'.
  Trying implicit prerequisite `../../../src/backend/common.mk.s'.
  Trying implicit prerequisite `../../../src/backend/common.mk.sh'.
  Trying implicit prerequisite `../../../src/backend/s.common.mk'.
  Trying implicit prerequisite `../../../../src/backend/common.mk.sh'.
  Trying pattern rule with stem `common.mk'.
  Trying pattern rule with stem `common.mk'.
    Trying implicit prerequisite `../../../src/Makefile.custom.c,v'.
  Trying pattern rule with stem `common.mk'.
  Trying implicit prerequisite `../../../../src/backend/common.mk.r'.
    Trying pattern rule with stem `Makefile.custom.c'.
  Trying pattern rule with stem `common.mk'.
  Trying implicit prerequisite `../../../src/backend/common.mk,v'.
  Trying implicit prerequisite `../../../src/backend/SCCS/s.common.mk'.
  Trying pattern rule with stem `common.mk'.
  Trying implicit prerequisite `../../../src/backend/common.mk.S'.
  Trying implicit prerequisite `../../../src/backend/common.mk.o'.
  Trying pattern rule with stem `common.mk'.
  Looking for a rule with intermediate file `../../../src/backend/common.mk.o'.
    Trying implicit prerequisite `../../../src/RCS/Makefile.custom.c,v'.
  Trying pattern rule with stem `common.mk'.
  Trying pattern rule with stem `common.mk'.
  Trying implicit prerequisite `../../../../src/backend/common.mk.s'.
  Trying implicit prerequisite `../../../../src/backend/common.mk,v'.
  Trying pattern rule with stem `common.mk'.
    Trying pattern rule with stem `Makefile.custom.c'.
  Trying implicit prerequisite `../../../../src/backend/RCS/common.mk,v'.
  Trying implicit prerequisite `../../../src/backend/RCS/common.mk,v'.
  Trying implicit prerequisite `../../../src/backend/common.mk.mod'.
  Trying pattern rule with stem `common.mk'.
   Avoiding implicit rule recursion.
  Trying pattern rule with stem `common.mk'.
   Trying pattern rule with stem `common.mk'.
  Trying pattern rule with stem `common.mk'.
   Trying implicit prerequisite `../../../src/backend/common.mk.c'.
  Trying implicit prerequisite `../../../src/backend/common.mk.sh'.
   Trying pattern rule with stem `common.mk'.
  Trying pattern rule with stem `common.mk'.
  Trying implicit prerequisite `../../../../src/backend/RCS/common.mk'.
  Trying implicit prerequisite `../../../../src/backend/common.mk.S'.
  Trying pattern rule with stem `common.mk'.
  Trying implicit prerequisite `../../../src/backend/RCS/common.mk'.
  Trying implicit prerequisite `../../../../src/backend/s.common.mk'.
    Trying implicit prerequisite `../../../src/RCS/Makefile.custom.c'.
  Trying pattern rule with stem `common.mk'.
  Trying pattern rule with stem `common.mk'.
  Trying implicit prerequisite `../../../src/backend/s.common.mk'.
  Trying implicit prerequisite `../../../../src/backend/common.mk.mod'.
  Trying pattern rule with stem `common.mk'.
  Trying pattern rule with stem `common.mk'.
    Trying pattern rule with stem `Makefile.custom.c'.
  Trying implicit prerequisite `../../../src/backend/SCCS/s.common.mk'.
    Trying implicit prerequisite `../../../src/s.Makefile.custom.c'.
  Trying pattern rule with stem `common.mk'.
   Trying implicit prerequisite `../../../src/backend/common.mk.cc'.
    Trying pattern rule with stem `Makefile.custom.c'.
  Trying implicit prerequisite `../../../../src/backend/common.mk.sh'.
  Trying pattern rule with stem `common.mk'.
  Trying pattern rule with stem `common.mk'.
   Trying pattern rule with stem `common.mk'.
  Trying implicit prerequisite `../../../src/backend/common.mk.o'.
  Trying implicit prerequisite `../../../../src/backend/SCCS/s.common.mk'.
  Trying pattern rule with stem `common.mk'.
  Trying implicit prerequisite `../../../../src/backend/common.mk.o'.
  Trying pattern rule with stem `common.mk'.
    Trying implicit prerequisite `../../../src/SCCS/s.Makefile.custom.c'.
    Trying pattern rule with stem `Makefile.custom'.
  Looking for a rule with intermediate file `../../../src/backend/common.mk.o'.
  Looking for a rule with intermediate file `../../../../src/backend/common.mk.o'.
   Avoiding implicit rule recursion.
  Trying implicit prerequisite `../../../src/backend/common.mk,v'.
    Trying implicit prerequisite `../../../src/Makefile.custom.l'.
   Avoiding implicit rule recursion.
  Trying implicit prerequisite `../../../../src/backend/common.mk,v'.
   Trying implicit prerequisite `../../../src/backend/common.mk.C'.
   Trying pattern rule with stem `common.mk'.
    Looking for a rule with intermediate file `../../../src/Makefile.custom.l'.
  Trying pattern rule with stem `common.mk'.
     Avoiding implicit rule recursion.
  Trying implicit prerequisite `../../../src/backend/RCS/common.mk,v'.
  Trying pattern rule with stem `common.mk'.
   Trying pattern rule with stem `common.mk'.
  Trying pattern rule with stem `common.mk'.
   Trying pattern rule with stem `common.mk'.
  Trying implicit prerequisite `../../../src/backend/RCS/common.mk'.
  Trying pattern rule with stem `common.mk'.
  Trying implicit prerequisite `../../../../src/backend/RCS/common.mk,v'.
     Avoiding implicit rule recursion.
   Trying implicit prerequisite `../../../../src/backend/common.mk.c'.
   Trying implicit prerequisite `../../../src/backend/common.mk.cpp'.
   Trying implicit prerequisite `../../../src/backend/common.mk.c'.
   Trying pattern rule with stem `common.mk'.
   Trying pattern rule with stem `common.mk'.
  Trying pattern rule with stem `common.mk'.
   Trying pattern rule with stem `common.mk'.
     Avoiding implicit rule recursion.
   Trying implicit prerequisite `../../../../src/backend/common.mk.cc'.
   Trying implicit prerequisite `../../../src/backend/common.mk.cc'.
     Trying pattern rule with stem `Makefile.custom.l'.
  Trying implicit prerequisite `../../../src/backend/s.common.mk'.
     Trying implicit prerequisite `../../../src/Makefile.custom.l,v'.
   Trying pattern rule with stem `common.mk'.
     Trying pattern rule with stem `Makefile.custom.l'.
  Trying pattern rule with stem `common.mk'.
     Trying implicit prerequisite `../../../src/RCS/Makefile.custom.l,v'.
   Trying pattern rule with stem `common.mk'.
   Trying implicit prerequisite `../../../../src/backend/common.mk.C'.
  Trying implicit prerequisite `../../../src/backend/SCCS/s.common.mk'.
   Trying pattern rule with stem `common.mk'.
     Trying pattern rule with stem `Makefile.custom.l'.
  Trying implicit prerequisite `../../../../src/backend/RCS/common.mk'.
  Trying pattern rule with stem `common.mk'.
   Trying implicit prerequisite `../../../src/backend/common.mk.C'.
  Trying implicit prerequisite `../../../src/backend/common.mk.o'.
  Trying pattern rule with stem `common.mk'.
  Looking for a rule with intermediate file `../../../src/backend/common.mk.o'.
   Trying pattern rule with stem `common.mk'.
     Trying implicit prerequisite `../../../src/RCS/Makefile.custom.l'.
   Trying implicit prerequisite `../../../src/backend/common.mk.cpp'.
   Trying implicit prerequisite `../../../src/backend/common.mk.p'.
   Trying implicit prerequisite `../../../../src/backend/common.mk.cpp'.
   Avoiding implicit rule recursion.
     Trying pattern rule with stem `Makefile.custom.l'.
   Trying pattern rule with stem `common.mk'.
   Trying pattern rule with stem `common.mk'.
   Trying implicit prerequisite `../../../src/backend/common.mk.c'.
   Trying implicit prerequisite `../../../src/backend/common.mk.p'.
  Trying implicit prerequisite `../../../../src/backend/s.common.mk'.
   Trying pattern rule with stem `common.mk'.
   Trying pattern rule with stem `common.mk'.
   Trying implicit prerequisite `../../../../src/backend/common.mk.p'.
   Trying pattern rule with stem `common.mk'.
  Trying pattern rule with stem `common.mk'.
   Trying implicit prerequisite `../../../src/backend/common.mk.f'.
   Trying pattern rule with stem `common.mk'.
   Trying pattern rule with stem `common.mk'.
   Trying implicit prerequisite `../../../src/backend/common.mk.f'.
  Trying implicit prerequisite `../../../../src/backend/SCCS/s.common.mk'.
   Trying pattern rule with stem `common.mk'.
     Trying implicit prerequisite `../../../src/s.Makefile.custom.l'.
   Trying implicit prerequisite `../../../src/backend/common.mk.cc'.
  Trying pattern rule with stem `common.mk'.
     Trying pattern rule with stem `Makefile.custom.l'.
   Trying pattern rule with stem `common.mk'.
   Trying pattern rule with stem `common.mk'.
   Trying implicit prerequisite `../../../src/backend/common.mk.F'.
   Trying pattern rule with stem `common.mk'.
  Trying implicit prerequisite `../../../../src/backend/common.mk.o'.
   Trying implicit prerequisite `../../../src/backend/common.mk.C'.
   Trying implicit prerequisite `../../../src/backend/common.mk.F'.
     Trying implicit prerequisite `../../../src/SCCS/s.Makefile.custom.l'.
   Trying implicit prerequisite `../../../../src/backend/common.mk.f'.
    Trying pattern rule with stem `Makefile.custom'.
  Looking for a rule with intermediate file `../../../../src/backend/common.mk.o'.
    Trying implicit prerequisite `../../../src/Makefile.custom.y'.
   Trying pattern rule with stem `common.mk'.
    Looking for a rule with intermediate file `../../../src/Makefile.custom.y'.
     Avoiding implicit rule recursion.
   Trying implicit prerequisite `../../../src/backend/common.mk.m'.
   Trying pattern rule with stem `common.mk'.
   Trying pattern rule with stem `common.mk'.
   Avoiding implicit rule recursion.
     Avoiding implicit rule recursion.
   Trying implicit prerequisite `../../../../src/backend/common.mk.F'.
   Trying pattern rule with stem `common.mk'.
   Trying implicit prerequisite `../../../src/backend/common.mk.m'.
   Trying pattern rule with stem `common.mk'.
   Trying pattern rule with stem `common.mk'.
     Avoiding implicit rule recursion.
   Trying implicit prerequisite `../../../../src/backend/common.mk.c'.
   Trying implicit prerequisite `../../../src/backend/common.mk.r'.
   Trying implicit prerequisite `../../../src/backend/common.mk.cpp'.
   Trying pattern rule with stem `common.mk'.
   Trying implicit prerequisite `../../../../src/backend/common.mk.cc'.
   Trying pattern rule with stem `common.mk'.
   Trying implicit prerequisite `../../../../src/backend/common.mk.m'.
   Trying pattern rule with stem `common.mk'.
   Trying pattern rule with stem `common.mk'.
   Trying pattern rule with stem `common.mk'.
   Trying pattern rule with stem `common.mk'.
     Trying pattern rule with stem `Makefile.custom.y'.
   Trying implicit prerequisite `../../../../src/backend/common.mk.r'.
     Trying implicit prerequisite `../../../src/Makefile.custom.y,v'.
   Trying implicit prerequisite `../../../../src/backend/common.mk.C'.
   Trying implicit prerequisite `../../../src/backend/common.mk.s'.
   Trying implicit prerequisite `../../../src/backend/common.mk.p'.
     Trying pattern rule with stem `Makefile.custom.y'.
   Trying pattern rule with stem `common.mk'.
   Trying implicit prerequisite `../../../src/backend/common.mk.r'.
   Trying pattern rule with stem `common.mk'.
   Trying pattern rule with stem `common.mk'.
   Trying implicit prerequisite `../../../src/backend/common.mk.S'.
   Trying pattern rule with stem `common.mk'.
   Trying pattern rule with stem `common.mk'.
   Trying pattern rule with stem `common.mk'.
   Trying implicit prerequisite `../../../../src/backend/common.mk.cpp'.
   Trying implicit prerequisite `../../../src/backend/common.mk.mod'.
   Trying pattern rule with stem `common.mk'.
   Trying implicit prerequisite `../../../src/backend/common.mk.s'.
   Trying implicit prerequisite `../../../src/backend/common.mk.f'.
   Trying pattern rule with stem `common.mk'.
   Trying pattern rule with stem `common.mk'.
   Trying implicit prerequisite `../../../../src/backend/common.mk.p'.
     Trying implicit prerequisite `../../../src/RCS/Makefile.custom.y,v'.
   Trying implicit prerequisite `../../../../src/backend/common.mk.s'.
     Trying pattern rule with stem `Makefile.custom.y'.
   Trying implicit prerequisite `../../../src/backend/common.mk.F'.
   Trying pattern rule with stem `common.mk'.
   Trying pattern rule with stem `common.mk.o'.
   Trying pattern rule with stem `common.mk'.
   Trying pattern rule with stem `common.mk'.
   Trying implicit prerequisite `../../../src/backend/common.mk.S'.
   Trying implicit prerequisite `../../../src/backend/common.mk.o,v'.
   Trying implicit prerequisite `../../../../src/backend/common.mk.S'.
   Trying pattern rule with stem `common.mk.o'.
   Trying pattern rule with stem `common.mk'.
     Trying implicit prerequisite `../../../src/RCS/Makefile.custom.y'.
   Trying pattern rule with stem `common.mk'.
   Trying implicit prerequisite `../../../src/backend/common.mk.mod'.
   Trying pattern rule with stem `common.mk.o'.
   Trying implicit prerequisite `../../../src/backend/common.mk.m'.
   Trying implicit prerequisite `../../../../src/backend/common.mk.f'.
     Trying pattern rule with stem `Makefile.custom.y'.
   Trying implicit prerequisite `../../../src/backend/common.mk.o,v'.
   Trying pattern rule with stem `common.mk'.
     Trying implicit prerequisite `../../../src/s.Makefile.custom.y'.
   Trying implicit prerequisite `../../../../src/backend/common.mk.mod'.
   Trying pattern rule with stem `common.mk'.
   Trying pattern rule with stem `common.mk.o'.
   Trying implicit prerequisite `../../../../src/backend/common.mk.F'.
     Trying pattern rule with stem `Makefile.custom.y'.
   Trying implicit prerequisite `../../../src/backend/RCS/common.mk.o,v'.
   Trying implicit prerequisite `../../../src/backend/RCS/common.mk.o,v'.
     Trying implicit prerequisite `../../../src/SCCS/s.Makefile.custom.y'.
   Trying implicit prerequisite `../../../src/backend/common.mk.r'.
    Trying pattern rule with stem `Makefile.custom'.
   Trying pattern rule with stem `common.mk'.
    Trying implicit prerequisite `../../../src/Makefile.custom.w'.
   Trying pattern rule with stem `common.mk'.
   Trying implicit prerequisite `../../../src/backend/common.mk.s'.
    Looking for a rule with intermediate file `../../../src/Makefile.custom.w'.
   Trying pattern rule with stem `common.mk'.
   Trying pattern rule with stem `common.mk.o'.
   Trying implicit prerequisite `../../../src/backend/common.mk.S'.
   Trying pattern rule with stem `common.mk.o'.
   Trying pattern rule with stem `common.mk.o'.
   Trying implicit prerequisite `../../../../src/backend/common.mk.m'.
   Trying pattern rule with stem `common.mk'.
   Trying pattern rule with stem `common.mk'.
   Trying implicit prerequisite `../../../../src/backend/common.mk.r'.
   Trying implicit prerequisite `../../../../src/backend/common.mk.o,v'.
     Avoiding implicit rule recursion.
   Trying implicit prerequisite `../../../src/backend/common.mk.mod'.
   Trying implicit prerequisite `../../../src/backend/RCS/common.mk.o'.
   Trying implicit prerequisite `../../../src/backend/RCS/common.mk.o'.
   Trying pattern rule with stem `common.mk.o'.
   Trying pattern rule with stem `common.mk'.
   Trying pattern rule with stem `common.mk.o'.
   Trying pattern rule with stem `common.mk.o'.
     Avoiding implicit rule recursion.
     Avoiding implicit rule recursion.
     Trying pattern rule with stem `Makefile.custom.w'.
   Trying implicit prerequisite `../../../src/backend/common.mk.o,v'.
   Trying implicit prerequisite `../../../src/backend/s.common.mk.o'.
   Trying implicit prerequisite `../../../../src/backend/common.mk.s'.
   Trying pattern rule with stem `common.mk.o'.
     Trying implicit prerequisite `../../../src/Makefile.custom.w,v'.
     Trying pattern rule with stem `Makefile.custom.w'.
   Trying pattern rule with stem `common.mk.o'.
     Trying implicit prerequisite `../../../src/RCS/Makefile.custom.w,v'.
   Trying implicit prerequisite `../../../src/backend/RCS/common.mk.o,v'.
   Trying implicit prerequisite `../../../src/backend/s.common.mk.o'.
   Trying pattern rule with stem `common.mk.o'.
   Trying pattern rule with stem `common.mk'.
     Trying pattern rule with stem `Makefile.custom.w'.
   Trying implicit prerequisite `../../../../src/backend/RCS/common.mk.o,v'.
   Trying pattern rule with stem `common.mk.o'.
   Trying pattern rule with stem `common.mk.o'.
   Trying pattern rule with stem `common.mk.o'.
   Trying implicit prerequisite `../../../src/backend/SCCS/s.common.mk.o'.
     Trying implicit prerequisite `../../../src/RCS/Makefile.custom.w'.
     Trying pattern rule with stem `Makefile.custom.w'.
   Trying implicit prerequisite `../../../../src/backend/common.mk.S'.
     Trying implicit prerequisite `../../../src/s.Makefile.custom.w'.
     Trying pattern rule with stem `Makefile.custom.w'.
   Trying implicit prerequisite `../../../src/backend/RCS/common.mk.o'.
   Trying pattern rule with stem `common.mk'.
   Trying pattern rule with stem `common.mk'.
   Trying implicit prerequisite `../../../../src/backend/RCS/common.mk.o'.
     Trying implicit prerequisite `../../../src/SCCS/s.Makefile.custom.w'.
   Trying pattern rule with stem `common.mk.o'.
   Trying implicit prerequisite `../../../../src/backend/common.mk.mod'.
   Trying pattern rule with stem `common.mk.o'.
   Trying pattern rule with stem `common.mk.o'.
    Trying pattern rule with stem `Makefile.custom'.
   Trying implicit prerequisite `../../../src/backend/SCCS/s.common.mk.o'.
   Trying implicit prerequisite `../../../src/backend/common.mk.c'.
   Trying pattern rule with stem `common.mk'.
   Trying implicit prerequisite `../../../../src/backend/s.common.mk.o'.
   Trying implicit prerequisite `../../../src/backend/s.common.mk.o'.
   Trying pattern rule with stem `common.mk.o'.
   Trying implicit prerequisite `../../../src/backend/SCCS/s.common.mk.o'.
   Trying implicit prerequisite `../../../src/backend/common.mk.c'.
   Trying pattern rule with stem `common.mk'.
   Trying implicit prerequisite `../../../../src/backend/common.mk.o,v'.
   Trying pattern rule with stem `common.mk.o'.
   Looking for a rule with intermediate file `../../../src/backend/common.mk.c'.
    Rejecting impossible implicit prerequisite `../../../src/Makefile.custom.w'.
   Trying implicit prerequisite `../../../../src/backend/RCS/common.mk.o,v'.
   Looking for a rule with intermediate file `../../../src/backend/common.mk.c'.
   Trying pattern rule with stem `common.mk.o'.
   Trying pattern rule with stem `common.mk.o'.
   Trying implicit prerequisite `../../../src/backend/common.mk.c'.
   Trying pattern rule with stem `Makefile.custom'.
   Looking for a rule with intermediate file `../../../src/backend/common.mk.c'.
   Trying implicit prerequisite `../../../../src/backend/SCCS/s.common.mk.o'.
    Avoiding implicit rule recursion.
   Trying implicit prerequisite `../../../../src/backend/RCS/common.mk.o'.
    Avoiding implicit rule recursion.
   Trying pattern rule with stem `common.mk.o'.
    Avoiding implicit rule recursion.
   Trying pattern rule with stem `common.mk'.
   Trying implicit prerequisite `../../../src/Makefile.custom.cc'.
    Avoiding implicit rule recursion.
    Trying pattern rule with stem `common.mk'.
   Looking for a rule with intermediate file `../../../src/Makefile.custom.cc'.
    Trying implicit prerequisite `../../../src/backend/common.mk.l'.
    Avoiding implicit rule recursion.
    Avoiding implicit rule recursion.
    Avoiding implicit rule recursion.
   Trying implicit prerequisite `../../../../src/backend/common.mk.c'.
    Trying pattern rule with stem `common.mk'.
    Avoiding implicit rule recursion.
    Trying pattern rule with stem `Makefile.custom.cc'.
   Looking for a rule with intermediate file `../../../../src/backend/common.mk.c'.
   Trying implicit prerequisite `../../../../src/backend/s.common.mk.o'.
    Trying pattern rule with stem `common.mk'.
    Trying implicit prerequisite `../../../src/Makefile.custom.cc,v'.
    Trying pattern rule with stem `Makefile.custom.cc'.
    Trying implicit prerequisite `../../../src/RCS/Makefile.custom.cc,v'.
    Trying pattern rule with stem `common.mk'.
    Trying implicit prerequisite `../../../src/backend/common.mk.y'.
    Trying implicit prerequisite `../../../src/backend/common.mk.l'.
    Trying pattern rule with stem `Makefile.custom.cc'.
    Trying pattern rule with stem `common.mk'.
    Trying implicit prerequisite `../../../src/backend/common.mk.l'.
    Avoiding implicit rule recursion.
    Trying pattern rule with stem `common.mk'.
    Trying implicit prerequisite `../../../src/backend/common.mk.y'.
    Trying pattern rule with stem `common.mk'.
    Avoiding implicit rule recursion.
   Trying pattern rule with stem `common.mk.o'.
    Trying implicit prerequisite `../../../src/backend/common.mk.y'.
    Trying pattern rule with stem `common.mk'.
    Trying implicit prerequisite `../../../src/backend/common.mk.w'.
    Trying pattern rule with stem `common.mk'.
   Trying implicit prerequisite `../../../../src/backend/SCCS/s.common.mk.o'.
    Trying implicit prerequisite `../../../../src/backend/common.mk.l'.
    Trying implicit prerequisite `../../../src/backend/common.mk.w'.
    Trying pattern rule with stem `common.mk'.
   Trying pattern rule with stem `common.mk'.
    Trying implicit prerequisite `../../../src/RCS/Makefile.custom.cc'.
    Trying pattern rule with stem `common.mk'.
    Trying pattern rule with stem `common.mk'.
    Trying pattern rule with stem `Makefile.custom.cc'.
    Trying pattern rule with stem `common.mk'.
    Trying implicit prerequisite `../../../src/backend/common.mk.w'.
    Trying implicit prerequisite `../../../src/s.Makefile.custom.cc'.
    Trying pattern rule with stem `Makefile.custom.cc'.
   Trying implicit prerequisite `../../../../src/backend/common.mk.c'.
    Trying implicit prerequisite `../../../src/backend/common.mk.w'.
   Looking for a rule with intermediate file `../../../../src/backend/common.mk.c'.
    Trying implicit prerequisite `../../../src/SCCS/s.Makefile.custom.cc'.
    Trying pattern rule with stem `common.mk.c'.
    Trying implicit prerequisite `../../../../src/backend/common.mk.y'.
    Trying implicit prerequisite `../../../src/backend/common.mk.w'.
    Trying pattern rule with stem `common.mk'.
    Avoiding implicit rule recursion.
   Trying pattern rule with stem `Makefile.custom'.
    Trying pattern rule with stem `common.mk.c'.
    Trying pattern rule with stem `common.mk'.
   Trying implicit prerequisite `../../../src/Makefile.custom.C'.
    Trying implicit prerequisite `../../../src/backend/common.mk.c,v'.
    Trying implicit prerequisite `../../../src/backend/common.mk.c,v'.
    Trying implicit prerequisite `../../../src/backend/common.mk.w'.
    Trying implicit prerequisite `../../../../src/backend/common.mk.w'.
    Avoiding implicit rule recursion.
   Looking for a rule with intermediate file `../../../src/Makefile.custom.C'.
    Trying pattern rule with stem `common.mk.c'.
    Trying pattern rule with stem `common.mk'.
    Trying pattern rule with stem `common.mk'.
    Trying pattern rule with stem `common.mk.c'.
    Avoiding implicit rule recursion.
    Trying implicit prerequisite `../../../src/backend/common.mk.c,v'.
    Trying pattern rule with stem `common.mk.c'.
    Avoiding implicit rule recursion.
    Trying implicit prerequisite `../../../../src/backend/common.mk.w'.
    Trying implicit prerequisite `../../../src/backend/RCS/common.mk.c,v'.
    Trying implicit prerequisite `../../../../src/backend/common.mk.l'.
    Trying pattern rule with stem `common.mk'.
    Trying pattern rule with stem `common.mk.c'.
    Trying pattern rule with stem `common.mk.c'.
    Trying implicit prerequisite `../../../src/backend/RCS/common.mk.c,v'.
    Trying implicit prerequisite `../../../src/backend/RCS/common.mk.c'.
    Trying pattern rule with stem `common.mk.c'.
    Trying pattern rule with stem `common.mk.c'.
    Trying pattern rule with stem `common.mk.c'.
    Trying pattern rule with stem `Makefile.custom.C'.
    Trying implicit prerequisite `../../../../src/backend/common.mk.y'.
    Trying implicit prerequisite `../../../../src/backend/common.mk.c,v'.
    Trying implicit prerequisite `../../../src/backend/RCS/common.mk.c,v'.
    Trying implicit prerequisite `../../../src/backend/RCS/common.mk.c'.
    Trying implicit prerequisite `../../../src/Makefile.custom.C,v'.
    Trying pattern rule with stem `Makefile.custom.C'.
    Trying pattern rule with stem `common.mk.c'.
    Trying pattern rule with stem `common.mk.c'.
    Trying implicit prerequisite `../../../../src/backend/RCS/common.mk.c,v'.
    Trying pattern rule with stem `common.mk.c'.
    Trying implicit prerequisite `../../../src/RCS/Makefile.custom.C,v'.
    Trying implicit prerequisite `../../../src/backend/s.common.mk.c'.
    Trying pattern rule with stem `common.mk.c'.
    Trying implicit prerequisite `../../../src/backend/RCS/common.mk.c'.
    Trying pattern rule with stem `common.mk.c'.
    Trying implicit prerequisite `../../../src/backend/s.common.mk.c'.
    Trying pattern rule with stem `common.mk'.
    Trying implicit prerequisite `../../../../src/backend/RCS/common.mk.c'.
    Trying pattern rule with stem `common.mk.c'.
    Trying pattern rule with stem `Makefile.custom.C'.
    Trying implicit prerequisite `../../../src/backend/s.common.mk.c'.
    Trying implicit prerequisite `../../../../src/backend/common.mk.w'.
    Trying pattern rule with stem `common.mk'.
    Trying pattern rule with stem `common.mk.c'.
    Trying implicit prerequisite `../../../src/RCS/Makefile.custom.C'.
    Trying pattern rule with stem `Makefile.custom.C'.
    Trying implicit prerequisite `../../../src/backend/SCCS/s.common.mk.c'.
    Trying pattern rule with stem `common.mk'.
    Trying implicit prerequisite `../../../../src/backend/common.mk.w'.
    Trying pattern rule with stem `common.mk.c'.
    Trying implicit prerequisite `../../../src/s.Makefile.custom.C'.
    Trying pattern rule with stem `common.mk.c'.
    Trying pattern rule with stem `Makefile.custom.C'.
    Trying implicit prerequisite `../../../src/backend/SCCS/s.common.mk.c'.
    Trying implicit prerequisite `../../../src/backend/common.mk.l'.
    Looking for a rule with intermediate file `../../../src/backend/common.mk.l'.
     Avoiding implicit rule recursion.
    Trying implicit prerequisite `../../../../src/backend/s.common.mk.c'.
    Trying pattern rule with stem `common.mk.c'.
    Trying implicit prerequisite `../../../../src/backend/common.mk.c,v'.
    Trying pattern rule with stem `common.mk.c'.
    Trying pattern rule with stem `common.mk.c'.
    Trying pattern rule with stem `common.mk'.
    Trying implicit prerequisite `../../../../src/backend/RCS/common.mk.c,v'.
    Trying implicit prerequisite `../../../src/SCCS/s.Makefile.custom.C'.
    Trying implicit prerequisite `../../../src/backend/common.mk.l'.
    Trying pattern rule with stem `common.mk.c'.
    Trying implicit prerequisite `../../../src/backend/SCCS/s.common.mk.c'.
    Trying pattern rule with stem `common.mk'.
    Trying implicit prerequisite `../../../src/backend/common.mk.l'.
    Looking for a rule with intermediate file `../../../src/backend/common.mk.l'.
     Avoiding implicit rule recursion.
     Avoiding implicit rule recursion.
     Avoiding implicit rule recursion.
    Trying implicit prerequisite `../../../../src/backend/SCCS/s.common.mk.c'.
    Trying pattern rule with stem `common.mk'.
     Trying pattern rule with stem `common.mk.l'.
   Trying pattern rule with stem `Makefile.custom'.
     Avoiding implicit rule recursion.
     Trying implicit prerequisite `../../../src/backend/common.mk.l,v'.
     Avoiding implicit rule recursion.
   Trying implicit prerequisite `../../../src/Makefile.custom.cpp'.
    Trying implicit prerequisite `../../../../src/backend/RCS/common.mk.c'.
   Looking for a rule with intermediate file `../../../src/Makefile.custom.cpp'.
    Avoiding implicit rule recursion.
    Looking for a rule with intermediate file `../../../src/backend/common.mk.l'.
    Trying pattern rule with stem `common.mk.c'.
     Trying pattern rule with stem `common.mk.l'.
     Trying implicit prerequisite `../../../src/backend/common.mk.l,v'.
     Trying pattern rule with stem `common.mk.l'.
    Avoiding implicit rule recursion.
    Trying implicit prerequisite `../../../../src/backend/s.common.mk.c'.
    Trying pattern rule with stem `common.mk.c'.
     Trying pattern rule with stem `common.mk.l'.
    Trying pattern rule with stem `Makefile.custom.cpp'.
    Trying implicit prerequisite `../../../../src/backend/common.mk.l'.
     Avoiding implicit rule recursion.
    Trying implicit prerequisite `../../../src/Makefile.custom.cpp,v'.
     Trying implicit prerequisite `../../../src/backend/RCS/common.mk.l,v'.
     Trying pattern rule with stem `common.mk.l'.
    Looking for a rule with intermediate file `../../../../src/backend/common.mk.l'.
    Trying pattern rule with stem `Makefile.custom.cpp'.
     Trying implicit prerequisite `../../../src/backend/RCS/common.mk.l,v'.
     Trying implicit prerequisite `../../../src/backend/RCS/common.mk.l'.
    Trying implicit prerequisite `../../../../src/backend/SCCS/s.common.mk.c'.
    Trying implicit prerequisite `../../../src/RCS/Makefile.custom.cpp,v'.
    Trying pattern rule with stem `Makefile.custom.cpp'.
    Trying pattern rule with stem `common.mk'.
     Avoiding implicit rule recursion.
     Trying pattern rule with stem `common.mk.l'.
     Trying implicit prerequisite `../../../src/backend/s.common.mk.l'.
     Avoiding implicit rule recursion.
    Trying implicit prerequisite `../../../../src/backend/common.mk.l'.
     Trying pattern rule with stem `common.mk.l'.
    Looking for a rule with intermediate file `../../../../src/backend/common.mk.l'.
     Avoiding implicit rule recursion.
     Avoiding implicit rule recursion.
     Avoiding implicit rule recursion.
     Avoiding implicit rule recursion.
    Trying implicit prerequisite `../../../src/RCS/Makefile.custom.cpp'.
     Trying pattern rule with stem `common.mk.l'.
     Trying pattern rule with stem `common.mk.l'.
     Avoiding implicit rule recursion.
     Trying pattern rule with stem `common.mk.l'.
     Trying implicit prerequisite `../../../src/backend/RCS/common.mk.l'.
     Avoiding implicit rule recursion.
     Trying implicit prerequisite `../../../src/backend/common.mk.l,v'.
    Trying pattern rule with stem `Makefile.custom.cpp'.
     Trying pattern rule with stem `common.mk.l'.
    Trying implicit prerequisite `../../../src/s.Makefile.custom.cpp'.
     Trying pattern rule with stem `common.mk.l'.
     Trying pattern rule with stem `common.mk.l'.
     Trying implicit prerequisite `../../../src/backend/SCCS/s.common.mk.l'.
     Trying implicit prerequisite `../../../../src/backend/common.mk.l,v'.
    Trying pattern rule with stem `Makefile.custom.cpp'.
    Trying implicit prerequisite `../../../src/SCCS/s.Makefile.custom.cpp'.
     Trying implicit prerequisite `../../../src/backend/s.common.mk.l'.
   Trying pattern rule with stem `Makefile.custom'.
    Trying pattern rule with stem `common.mk'.
   Trying implicit prerequisite `../../../src/Makefile.custom.p'.
     Trying pattern rule with stem `common.mk.l'.
     Trying implicit prerequisite `../../../src/backend/RCS/common.mk.l,v'.
     Trying pattern rule with stem `common.mk.l'.
     Trying pattern rule with stem `common.mk.l'.
     Trying implicit prerequisite `../../../../src/backend/common.mk.l,v'.
     Trying implicit prerequisite `../../../src/backend/SCCS/s.common.mk.l'.
     Trying pattern rule with stem `common.mk.l'.
    Trying pattern rule with stem `common.mk'.
    Trying implicit prerequisite `../../../src/backend/common.mk.y'.
   Looking for a rule with intermediate file `../../../src/Makefile.custom.p'.
    Avoiding implicit rule recursion.
     Trying implicit prerequisite `../../../../src/backend/RCS/common.mk.l,v'.
     Trying implicit prerequisite `../../../src/backend/RCS/common.mk.l'.
     Trying pattern rule with stem `common.mk.l'.
    Trying implicit prerequisite `../../../src/backend/common.mk.y'.
     Trying implicit prerequisite `../../../../src/backend/RCS/common.mk.l,v'.
    Looking for a rule with intermediate file `../../../src/backend/common.mk.y'.
     Trying implicit prerequisite `../../../../src/backend/RCS/common.mk.l'.
     Trying pattern rule with stem `common.mk.l'.
     Trying pattern rule with stem `common.mk.l'.
     Avoiding implicit rule recursion.
     Trying implicit prerequisite `../../../../src/backend/s.common.mk.l'.
     Trying pattern rule with stem `common.mk.l'.
     Avoiding implicit rule recursion.
     Trying implicit prerequisite `../../../src/backend/s.common.mk.l'.
     Avoiding implicit rule recursion.
     Trying pattern rule with stem `common.mk.l'.
     Trying pattern rule with stem `common.mk.y'.
     Trying implicit prerequisite `../../../src/backend/SCCS/s.common.mk.l'.
    Avoiding implicit rule recursion.
    Trying pattern rule with stem `common.mk'.
     Trying pattern rule with stem `common.mk.l'.
     Trying implicit prerequisite `../../../src/backend/common.mk.y,v'.
    Looking for a rule with intermediate file `../../../src/backend/common.mk.y'.
     Avoiding implicit rule recursion.
    Trying pattern rule with stem `Makefile.custom'.
     Avoiding implicit rule recursion.
     Trying pattern rule with stem `common.mk.y'.
     Trying implicit prerequisite `../../../../src/backend/RCS/common.mk.l'.
     Trying implicit prerequisite `../../../src/backend/RCS/common.mk.y,v'.
     Avoiding implicit rule recursion.
     Trying pattern rule with stem `common.mk.y'.
    Trying implicit prerequisite `../../../src/backend/common.mk.y'.
    Looking for a rule with intermediate file `../../../src/backend/common.mk.y'.
     Avoiding implicit rule recursion.
     Trying pattern rule with stem `common.mk.y'.
     Trying pattern rule with stem `common.mk.l'.
     Avoiding implicit rule recursion.
     Trying implicit prerequisite `../../../../src/backend/SCCS/s.common.mk.l'.
    Trying pattern rule with stem `common.mk'.
     Trying implicit prerequisite `../../../src/backend/common.mk.y,v'.
     Trying implicit prerequisite `../../../src/backend/RCS/common.mk.y'.
     Trying pattern rule with stem `common.mk.y'.
     Trying implicit prerequisite `../../../../src/backend/s.common.mk.l'.
     Trying pattern rule with stem `common.mk.y'.
     Avoiding implicit rule recursion.
     Trying pattern rule with stem `common.mk.l'.
     Trying implicit prerequisite `../../../src/backend/RCS/common.mk.y,v'.
     Trying implicit prerequisite `../../../src/backend/s.common.mk.y'.
     Trying pattern rule with stem `common.mk.y'.
     Trying implicit prerequisite `../../../../src/backend/SCCS/s.common.mk.l'.
     Trying implicit prerequisite `../../../src/backend/SCCS/s.common.mk.y'.
    Trying implicit prerequisite `../../../../src/backend/common.mk.y'.
    Trying pattern rule with stem `common.mk'.
     Trying pattern rule with stem `common.mk.y'.
    Trying implicit prerequisite `../../../src/backend/common.mk.w'.
    Looking for a rule with intermediate file `../../../../src/backend/common.mk.y'.
    Trying pattern rule with stem `common.mk'.
     Trying pattern rule with stem `common.mk.y'.
    Looking for a rule with intermediate file `../../../src/backend/common.mk.w'.
     Trying implicit prerequisite `../../../src/backend/common.mk.y,v'.
    Trying implicit prerequisite `../../../../src/backend/common.mk.y'.
     Trying implicit prerequisite `../../../src/backend/RCS/common.mk.y'.
    Trying implicit prerequisite `../../../src/Makefile.custom.web'.
     Avoiding implicit rule recursion.
    Looking for a rule with intermediate file `../../../../src/backend/common.mk.y'.
     Avoiding implicit rule recursion.
     Avoiding implicit rule recursion.
     Trying pattern rule with stem `common.mk.y'.
    Trying pattern rule with stem `Makefile.custom.p'.
    Trying implicit prerequisite `../../../src/Makefile.custom.p,v'.
    Trying pattern rule with stem `Makefile.custom.p'.
    Trying implicit prerequisite `../../../src/RCS/Makefile.custom.p,v'.
     Avoiding implicit rule recursion.
    Trying pattern rule with stem `Makefile.custom.p'.
     Trying implicit prerequisite `../../../src/backend/s.common.mk.y'.
     Avoiding implicit rule recursion.
     Avoiding implicit rule recursion.
     Avoiding implicit rule recursion.
     Trying pattern rule with stem `common.mk.y'.
    Trying implicit prerequisite `../../../src/RCS/Makefile.custom.p'.
     Trying pattern rule with stem `common.mk.y'.
    Trying pattern rule with stem `Makefile.custom.p'.
     Trying pattern rule with stem `common.mk.y'.
     Avoiding implicit rule recursion.
    Trying implicit prerequisite `../../../src/s.Makefile.custom.p'.
     Trying pattern rule with stem `common.mk.y'.
     Trying implicit prerequisite `../../../src/backend/SCCS/s.common.mk.y'.
     Trying implicit prerequisite `../../../../src/backend/common.mk.y,v'.
     Trying implicit prerequisite `../../../../src/backend/common.mk.y,v'.
    Trying pattern rule with stem `Makefile.custom.p'.
     Trying pattern rule with stem `common.mk.y'.
     Trying implicit prerequisite `../../../src/backend/RCS/common.mk.y,v'.
     Avoiding implicit rule recursion.
     Trying implicit prerequisite `../../../../src/backend/RCS/common.mk.y,v'.
     Trying pattern rule with stem `common.mk.y'.
    Trying pattern rule with stem `common.mk'.
    Trying implicit prerequisite `../../../src/SCCS/s.Makefile.custom.p'.
     Trying pattern rule with stem `common.mk.w'.
     Trying implicit prerequisite `../../../../src/backend/RCS/common.mk.y,v'.
     Trying implicit prerequisite `../../../src/backend/common.mk.w,v'.
    Trying implicit prerequisite `../../../src/backend/common.mk.w'.
     Trying pattern rule with stem `common.mk.w'.
     Trying pattern rule with stem `common.mk.y'.
     Trying pattern rule with stem `common.mk.y'.
    Looking for a rule with intermediate file `../../../src/backend/common.mk.w'.
     Trying implicit prerequisite `../../../../src/backend/RCS/common.mk.y'.
     Trying pattern rule with stem `common.mk.y'.
     Trying pattern rule with stem `common.mk.y'.
     Trying implicit prerequisite `../../../../src/backend/RCS/common.mk.y'.
     Trying pattern rule with stem `common.mk.y'.
     Trying implicit prerequisite `../../../../src/backend/s.common.mk.y'.
    Trying pattern rule with stem `Makefile.custom'.
     Trying implicit prerequisite `../../../src/backend/RCS/common.mk.w,v'.
     Trying implicit prerequisite `../../../../src/backend/s.common.mk.y'.
    Trying implicit prerequisite `../../../src/Makefile.custom.web'.
     Avoiding implicit rule recursion.
     Avoiding implicit rule recursion.
     Trying pattern rule with stem `common.mk.w'.
     Trying implicit prerequisite `../../../src/backend/RCS/common.mk.y'.
     Trying pattern rule with stem `common.mk.y'.
    Looking for a rule with intermediate file `../../../src/Makefile.custom.web'.
     Trying implicit prerequisite `../../../../src/backend/SCCS/s.common.mk.y'.
     Trying implicit prerequisite `../../../src/backend/RCS/common.mk.w'.
     Trying pattern rule with stem `common.mk.y'.
    Trying pattern rule with stem `common.mk'.
     Trying pattern rule with stem `common.mk.y'.
     Trying implicit prerequisite `../../../../src/backend/SCCS/s.common.mk.y'.
     Trying implicit prerequisite `../../../src/backend/s.common.mk.y'.
    Trying pattern rule with stem `common.mk'.
     Avoiding implicit rule recursion.
     Avoiding implicit rule recursion.
     Avoiding implicit rule recursion.
    Trying implicit prerequisite `../../../../src/backend/common.mk.w'.
    Looking for a rule with intermediate file `../../../../src/backend/common.mk.w'.
     Trying pattern rule with stem `common.mk.y'.
     Avoiding implicit rule recursion.
    Trying implicit prerequisite `../../../../src/backend/common.mk.w'.
     Trying implicit prerequisite `../../../src/backend/SCCS/s.common.mk.y'.
     Trying pattern rule with stem `Makefile.custom.web'.
     Trying pattern rule with stem `common.mk.w'.
     Avoiding implicit rule recursion.
     Trying pattern rule with stem `common.mk.w'.
    Looking for a rule with intermediate file `../../../../src/backend/common.mk.w'.
     Avoiding implicit rule recursion.
    Trying pattern rule with stem `common.mk'.
     Avoiding implicit rule recursion.
     Trying implicit prerequisite `../../../src/backend/s.common.mk.w'.
     Trying pattern rule with stem `common.mk.w'.
     Trying implicit prerequisite `../../../src/backend/SCCS/s.common.mk.w'.
    Trying pattern rule with stem `common.mk'.
     Trying implicit prerequisite `../../../src/backend/common.mk.w,v'.
    Rejecting impossible implicit prerequisite `../../../src/backend/common.mk.w'.
     Trying implicit prerequisite `../../../src/Makefile.custom.web,v'.
   Trying pattern rule with stem `common.mk'.
     Trying pattern rule with stem `common.mk.w'.
     Trying implicit prerequisite `../../../src/backend/RCS/common.mk.w,v'.
     Trying pattern rule with stem `common.mk.w'.
     Trying implicit prerequisite `../../../src/backend/RCS/common.mk.w'.
     Trying pattern rule with stem `common.mk.w'.
     Trying implicit prerequisite `../../../src/backend/s.common.mk.w'.
     Trying pattern rule with stem `common.mk.w'.
     Trying implicit prerequisite `../../../src/backend/SCCS/s.common.mk.w'.
    Trying pattern rule with stem `common.mk'.
    Rejecting impossible implicit prerequisite `../../../src/backend/common.mk.w'.
   Trying pattern rule with stem `common.mk'.
   Trying implicit prerequisite `../../../src/backend/common.mk.cc'.
   Looking for a rule with intermediate file `../../../src/backend/common.mk.cc'.
    Avoiding implicit rule recursion.
    Avoiding implicit rule recursion.
    Trying pattern rule with stem `common.mk.cc'.
    Trying implicit prerequisite `../../../src/backend/common.mk.cc,v'.
   Trying implicit prerequisite `../../../src/backend/common.mk.cc'.
     Avoiding implicit rule recursion.
   Looking for a rule with intermediate file `../../../src/backend/common.mk.cc'.
    Trying pattern rule with stem `common.mk.cc'.
     Trying pattern rule with stem `Makefile.custom.web'.
    Trying implicit prerequisite `../../../src/backend/RCS/common.mk.cc,v'.
     Trying implicit prerequisite `../../../src/RCS/Makefile.custom.web,v'.
    Trying implicit prerequisite `../../../src/backend/common.mk.w'.
    Looking for a rule with intermediate file `../../../src/backend/common.mk.w'.
    Avoiding implicit rule recursion.
     Trying pattern rule with stem `Makefile.custom.web'.
    Avoiding implicit rule recursion.
     Trying implicit prerequisite `../../../src/RCS/Makefile.custom.web'.
     Trying pattern rule with stem `Makefile.custom.web'.
     Avoiding implicit rule recursion.
     Avoiding implicit rule recursion.
    Trying pattern rule with stem `common.mk.cc'.
     Avoiding implicit rule recursion.
     Trying implicit prerequisite `../../../src/s.Makefile.custom.web'.
    Trying pattern rule with stem `common.mk.cc'.
    Trying implicit prerequisite `../../../src/backend/RCS/common.mk.cc'.
     Trying pattern rule with stem `Makefile.custom.web'.
     Trying implicit prerequisite `../../../src/SCCS/s.Makefile.custom.web'.
   Trying pattern rule with stem `Makefile.custom'.
    Trying pattern rule with stem `common.mk.cc'.
    Trying implicit prerequisite `../../../src/backend/s.common.mk.cc'.
    Trying pattern rule with stem `common.mk.cc'.
    Trying implicit prerequisite `../../../src/backend/SCCS/s.common.mk.cc'.
   Trying pattern rule with stem `common.mk'.
   Trying implicit prerequisite `../../../src/backend/common.mk.C'.
   Looking for a rule with intermediate file `../../../src/backend/common.mk.C'.
    Avoiding implicit rule recursion.
    Avoiding implicit rule recursion.
     Trying pattern rule with stem `common.mk.w'.
    Trying implicit prerequisite `../../../src/backend/common.mk.cc,v'.
     Trying implicit prerequisite `../../../../src/backend/common.mk.w,v'.
     Trying pattern rule with stem `common.mk.w'.
     Trying implicit prerequisite `../../../../src/backend/RCS/common.mk.w,v'.
     Trying pattern rule with stem `common.mk.w'.
     Trying implicit prerequisite `../../../../src/backend/RCS/common.mk.w'.
     Trying pattern rule with stem `common.mk.w'.
     Trying implicit prerequisite `../../../../src/backend/s.common.mk.w'.
     Trying pattern rule with stem `common.mk.w'.
     Trying implicit prerequisite `../../../../src/backend/SCCS/s.common.mk.w'.
    Trying pattern rule with stem `common.mk'.
    Rejecting impossible implicit prerequisite `../../../../src/backend/common.mk.w'.
   Trying pattern rule with stem `common.mk'.
   Trying implicit prerequisite `../../../../src/backend/common.mk.cc'.
   Looking for a rule with intermediate file `../../../../src/backend/common.mk.cc'.
    Avoiding implicit rule recursion.
    Avoiding implicit rule recursion.
    Trying pattern rule with stem `common.mk.cc'.
    Trying implicit prerequisite `../../../../src/backend/common.mk.cc,v'.
     Avoiding implicit rule recursion.
    Trying pattern rule with stem `common.mk.cc'.
    Trying pattern rule with stem `common.mk.cc'.
     Avoiding implicit rule recursion.
     Trying pattern rule with stem `common.mk.w'.
   Trying implicit prerequisite `../../../src/Makefile.custom.f'.
    Trying implicit prerequisite `../../../src/backend/RCS/common.mk.cc,v'.
   Looking for a rule with intermediate file `../../../src/Makefile.custom.f'.
    Trying implicit prerequisite `../../../../src/backend/RCS/common.mk.cc,v'.
    Trying pattern rule with stem `common.mk.cc'.
    Trying pattern rule with stem `common.mk.C'.
    Trying pattern rule with stem `common.mk.cc'.
     Trying implicit prerequisite `../../../../src/backend/common.mk.w,v'.
    Trying implicit prerequisite `../../../src/backend/common.mk.C,v'.
     Trying pattern rule with stem `common.mk.w'.
     Trying pattern rule with stem `common.mk.w'.
    Trying implicit prerequisite `../../../src/backend/RCS/common.mk.cc'.
     Trying implicit prerequisite `../../../../src/backend/RCS/common.mk.w,v'.
    Trying implicit prerequisite `../../../../src/backend/RCS/common.mk.cc'.
     Trying pattern rule with stem `common.mk.w'.
    Trying pattern rule with stem `common.mk.C'.
     Trying implicit prerequisite `../../../../src/backend/RCS/common.mk.w'.
    Trying pattern rule with stem `common.mk.cc'.
    Trying pattern rule with stem `common.mk.cc'.
     Trying implicit prerequisite `../../../src/backend/common.mk.w,v'.
     Trying pattern rule with stem `common.mk.w'.
     Trying pattern rule with stem `common.mk.w'.
     Trying implicit prerequisite `../../../../src/backend/s.common.mk.w'.
    Trying implicit prerequisite `../../../src/backend/RCS/common.mk.C,v'.
     Trying implicit prerequisite `../../../src/backend/RCS/common.mk.w,v'.
     Trying pattern rule with stem `common.mk.w'.
     Trying pattern rule with stem `common.mk.w'.
     Trying implicit prerequisite `../../../../src/backend/SCCS/s.common.mk.w'.
    Avoiding implicit rule recursion.
    Trying pattern rule with stem `common.mk.C'.
    Trying implicit prerequisite `../../../src/backend/s.common.mk.cc'.
    Trying pattern rule with stem `common.mk.cc'.
    Trying pattern rule with stem `common.mk'.
    Trying implicit prerequisite `../../../../src/backend/s.common.mk.cc'.
    Trying implicit prerequisite `../../../src/backend/RCS/common.mk.C'.
    Rejecting impossible implicit prerequisite `../../../../src/backend/common.mk.w'.
    Avoiding implicit rule recursion.
    Trying implicit prerequisite `../../../src/backend/SCCS/s.common.mk.cc'.
    Trying pattern rule with stem `common.mk.C'.
    Trying pattern rule with stem `common.mk.cc'.
    Trying pattern rule with stem `Makefile.custom'.
   Trying pattern rule with stem `common.mk'.
    Trying implicit prerequisite `../../../src/backend/s.common.mk.C'.
   Trying pattern rule with stem `common.mk'.
    Trying implicit prerequisite `../../../../src/backend/SCCS/s.common.mk.cc'.
    Trying implicit prerequisite `../../../src/Makefile.custom.F'.
     Trying implicit prerequisite `../../../src/backend/RCS/common.mk.w'.
   Trying implicit prerequisite `../../../src/backend/common.mk.C'.
     Trying pattern rule with stem `common.mk.w'.
     Trying implicit prerequisite `../../../src/backend/s.common.mk.w'.
    Trying pattern rule with stem `Makefile.custom'.
     Trying pattern rule with stem `common.mk.w'.
    Trying implicit prerequisite `../../../src/Makefile.custom.r'.
   Trying implicit prerequisite `../../../../src/backend/common.mk.cc'.
    Trying pattern rule with stem `Makefile.custom.f'.
   Looking for a rule with intermediate file `../../../src/backend/common.mk.C'.
    Trying pattern rule with stem `common.mk.C'.
   Trying pattern rule with stem `common.mk'.
    Trying implicit prerequisite `../../../src/backend/SCCS/s.common.mk.C'.
    Avoiding implicit rule recursion.
   Looking for a rule with intermediate file `../../../../src/backend/common.mk.cc'.
     Trying implicit prerequisite `../../../src/backend/SCCS/s.common.mk.w'.
   Trying pattern rule with stem `common.mk'.
    Avoiding implicit rule recursion.
    Trying implicit prerequisite `../../../src/Makefile.custom.f,v'.
    Avoiding implicit rule recursion.
    Trying pattern rule with stem `common.mk.cc'.
    Avoiding implicit rule recursion.
    Trying implicit prerequisite `../../../../src/backend/common.mk.cc,v'.
    Trying pattern rule with stem `common.mk'.
    Rejecting impossible implicit prerequisite `../../../src/backend/common.mk.w'.
   Trying pattern rule with stem `common.mk'.
    Trying pattern rule with stem `common.mk.C'.
    Trying pattern rule with stem `common.mk.cc'.
   Trying implicit prerequisite `../../../../src/backend/common.mk.C'.
   Trying implicit prerequisite `../../../src/backend/common.mk.cpp'.
   Looking for a rule with intermediate file `../../../../src/backend/common.mk.C'.
    Trying implicit prerequisite `../../../src/backend/common.mk.C,v'.
   Looking for a rule with intermediate file `../../../src/backend/common.mk.cpp'.
    Avoiding implicit rule recursion.
   Trying implicit prerequisite `../../../src/backend/common.mk.cc'.
    Avoiding implicit rule recursion.
    Trying pattern rule with stem `common.mk.cpp'.
    Trying pattern rule with stem `common.mk.C'.
    Trying implicit prerequisite `../../../../src/backend/RCS/common.mk.cc,v'.
    Trying implicit prerequisite `../../../src/backend/common.mk.cpp,v'.
    Trying pattern rule with stem `common.mk.cpp'.
   Looking for a rule with intermediate file `../../../src/backend/common.mk.cc'.
    Trying pattern rule with stem `common.mk.cc'.
    Avoiding implicit rule recursion.
    Avoiding implicit rule recursion.
    Trying implicit prerequisite `../../../src/backend/RCS/common.mk.cpp,v'.
    Trying pattern rule with stem `Makefile.custom.f'.
    Trying implicit prerequisite `../../../src/backend/RCS/common.mk.C,v'.
    Trying implicit prerequisite `../../../src/RCS/Makefile.custom.f,v'.
    Trying pattern rule with stem `common.mk.C'.
    Trying pattern rule with stem `Makefile.custom.f'.
    Trying pattern rule with stem `common.mk.cc'.
    Avoiding implicit rule recursion.
    Trying pattern rule with stem `common.mk.cpp'.
    Trying implicit prerequisite `../../../src/backend/RCS/common.mk.C'.
    Trying implicit prerequisite `../../../../src/backend/RCS/common.mk.cc'.
    Trying pattern rule with stem `common.mk.C'.
    Trying pattern rule with stem `common.mk.cc'.
    Avoiding implicit rule recursion.
    Trying implicit prerequisite `../../../src/backend/s.common.mk.C'.
    Trying pattern rule with stem `common.mk.C'.
    Trying pattern rule with stem `common.mk.C'.
    Trying implicit prerequisite `../../../src/RCS/Makefile.custom.f'.
    Trying implicit prerequisite `../../../../src/backend/s.common.mk.cc'.
    Trying implicit prerequisite `../../../src/backend/RCS/common.mk.cpp'.
    Trying implicit prerequisite `../../../src/backend/common.mk.cc,v'.
    Trying pattern rule with stem `common.mk.cpp'.
    Trying pattern rule with stem `common.mk.cc'.
    Trying implicit prerequisite `../../../src/backend/SCCS/s.common.mk.C'.
    Trying implicit prerequisite `../../../../src/backend/common.mk.C,v'.
    Trying pattern rule with stem `common.mk.C'.
    Trying pattern rule with stem `Makefile.custom.f'.
    Trying implicit prerequisite `../../../src/backend/RCS/common.mk.cc,v'.
    Trying pattern rule with stem `common.mk.cc'.
    Trying implicit prerequisite `../../../src/backend/s.common.mk.cpp'.
   Trying pattern rule with stem `common.mk'.
    Trying pattern rule with stem `common.mk.cc'.
    Trying implicit prerequisite `../../../src/s.Makefile.custom.f'.
    Trying pattern rule with stem `common.mk.cpp'.
   Trying implicit prerequisite `../../../src/backend/common.mk.cpp'.
    Trying implicit prerequisite `../../../src/backend/SCCS/s.common.mk.cpp'.
    Trying implicit prerequisite `../../../src/backend/RCS/common.mk.cc'.
    Trying implicit prerequisite `../../../../src/backend/RCS/common.mk.C,v'.
   Looking for a rule with intermediate file `../../../src/backend/common.mk.cpp'.
    Trying pattern rule with stem `Makefile.custom.f'.
    Trying implicit prerequisite `../../../../src/backend/SCCS/s.common.mk.cc'.
   Trying pattern rule with stem `common.mk'.
   Trying implicit prerequisite `../../../../src/backend/common.mk.C'.
   Looking for a rule with intermediate file `../../../../src/backend/common.mk.C'.
    Trying pattern rule with stem `common.mk.C'.
    Trying implicit prerequisite `../../../src/SCCS/s.Makefile.custom.f'.
    Trying pattern rule with stem `common.mk.cc'.
    Avoiding implicit rule recursion.
   Trying pattern rule with stem `common.mk'.
    Trying pattern rule with stem `Makefile.custom'.
    Trying implicit prerequisite `../../../../src/backend/RCS/common.mk.C'.
    Trying implicit prerequisite `../../../src/backend/s.common.mk.cc'.
   Trying implicit prerequisite `../../../src/backend/common.mk.p'.
    Trying implicit prerequisite `../../../src/Makefile.custom.F'.
    Avoiding implicit rule recursion.
    Trying pattern rule with stem `common.mk.cc'.
   Looking for a rule with intermediate file `../../../src/backend/common.mk.p'.
    Avoiding implicit rule recursion.
    Avoiding implicit rule recursion.
    Avoiding implicit rule recursion.
    Trying pattern rule with stem `common.mk.cpp'.
    Trying implicit prerequisite `../../../src/backend/SCCS/s.common.mk.cc'.
    Trying implicit prerequisite `../../../src/backend/common.mk.cpp,v'.
    Avoiding implicit rule recursion.
    Trying pattern rule with stem `common.mk.C'.
    Trying pattern rule with stem `common.mk.cpp'.
   Trying pattern rule with stem `common.mk'.
    Trying pattern rule with stem `common.mk'.
    Looking for a rule with intermediate file `../../../src/Makefile.custom.F'.
    Trying implicit prerequisite `../../../src/backend/common.mk.web'.
    Trying implicit prerequisite `../../../../src/backend/common.mk.C,v'.
   Trying implicit prerequisite `../../../src/backend/common.mk.C'.
    Trying pattern rule with stem `common.mk.p'.
    Trying implicit prerequisite `../../../src/backend/common.mk.p,v'.
    Trying implicit prerequisite `../../../src/backend/RCS/common.mk.cpp,v'.
    Trying pattern rule with stem `common.mk.C'.
   Looking for a rule with intermediate file `../../../src/backend/common.mk.C'.
    Trying implicit prerequisite `../../../../src/backend/RCS/common.mk.C,v'.
    Trying pattern rule with stem `common.mk.C'.
    Trying implicit prerequisite `../../../../src/backend/RCS/common.mk.C'.
    Trying pattern rule with stem `common.mk.C'.
    Trying pattern rule with stem `common.mk.C'.
     Avoiding implicit rule recursion.
     Avoiding implicit rule recursion.
    Trying pattern rule with stem `common.mk.p'.
    Trying pattern rule with stem `common.mk.cpp'.
    Trying implicit prerequisite `../../../src/backend/RCS/common.mk.p,v'.
    Trying implicit prerequisite `../../../../src/backend/s.common.mk.C'.
    Trying implicit prerequisite `../../../src/backend/RCS/common.mk.cpp'.
    Trying implicit prerequisite `../../../../src/backend/s.common.mk.C'.
    Trying pattern rule with stem `common.mk.cpp'.
     Avoiding implicit rule recursion.
    Trying implicit prerequisite `../../../src/backend/s.common.mk.cpp'.
     Trying pattern rule with stem `Makefile.custom.F'.
    Trying pattern rule with stem `common.mk.cpp'.
    Trying pattern rule with stem `common.mk.p'.
    Trying implicit prerequisite `../../../src/backend/SCCS/s.common.mk.cpp'.
     Trying implicit prerequisite `../../../src/Makefile.custom.F,v'.
    Avoiding implicit rule recursion.
    Trying implicit prerequisite `../../../src/backend/RCS/common.mk.p'.
    Avoiding implicit rule recursion.
   Trying pattern rule with stem `common.mk'.
    Trying pattern rule with stem `common.mk.C'.
    Trying pattern rule with stem `common.mk.p'.
    Trying implicit prerequisite `../../../src/backend/s.common.mk.p'.
    Trying implicit prerequisite `../../../../src/backend/SCCS/s.common.mk.C'.
    Trying pattern rule with stem `common.mk.p'.
    Trying pattern rule with stem `common.mk.C'.
    Trying implicit prerequisite `../../../src/backend/SCCS/s.common.mk.p'.
    Trying pattern rule with stem `common.mk.C'.
     Trying pattern rule with stem `Makefile.custom.F'.
    Trying implicit prerequisite `../../../../src/backend/SCCS/s.common.mk.C'.
     Trying implicit prerequisite `../../../src/RCS/Makefile.custom.F,v'.
   Trying pattern rule with stem `common.mk'.
   Trying implicit prerequisite `../../../../src/backend/common.mk.cpp'.
     Trying pattern rule with stem `Makefile.custom.F'.
    Trying implicit prerequisite `../../../src/backend/common.mk.C,v'.
   Looking for a rule with intermediate file `../../../../src/backend/common.mk.cpp'.
   Trying pattern rule with stem `common.mk'.
   Trying implicit prerequisite `../../../src/backend/common.mk.p'.
    Trying pattern rule with stem `common.mk'.
     Trying implicit prerequisite `../../../src/RCS/Makefile.custom.F'.
   Looking for a rule with intermediate file `../../../src/backend/common.mk.p'.
    Trying implicit prerequisite `../../../src/backend/common.mk.web'.
     Trying pattern rule with stem `Makefile.custom.F'.
    Looking for a rule with intermediate file `../../../src/backend/common.mk.web'.
    Trying pattern rule with stem `common.mk.C'.
     Trying implicit prerequisite `../../../src/s.Makefile.custom.F'.
    Trying implicit prerequisite `../../../src/backend/RCS/common.mk.C,v'.
   Trying implicit prerequisite `../../../../src/backend/common.mk.cpp'.
    Avoiding implicit rule recursion.
    Trying pattern rule with stem `common.mk.C'.
   Looking for a rule with intermediate file `../../../../src/backend/common.mk.cpp'.
    Trying implicit prerequisite `../../../src/backend/RCS/common.mk.C'.
     Avoiding implicit rule recursion.
    Avoiding implicit rule recursion.
    Avoiding implicit rule recursion.
     Trying pattern rule with stem `Makefile.custom.F'.
    Avoiding implicit rule recursion.
     Avoiding implicit rule recursion.
    Trying pattern rule with stem `common.mk'.
     Avoiding implicit rule recursion.
    Avoiding implicit rule recursion.
    Trying implicit prerequisite `../../../src/backend/common.mk.web'.
     Trying implicit prerequisite `../../../src/SCCS/s.Makefile.custom.F'.
    Trying pattern rule with stem `common.mk.C'.
     Trying pattern rule with stem `common.mk.web'.
    Avoiding implicit rule recursion.
    Trying pattern rule with stem `Makefile.custom'.
    Trying implicit prerequisite `../../../src/backend/s.common.mk.C'.
    Trying pattern rule with stem `common.mk.p'.
    Trying pattern rule with stem `common.mk.cpp'.
    Trying pattern rule with stem `common.mk.C'.
    Trying implicit prerequisite `../../../src/backend/SCCS/s.common.mk.C'.
     Trying implicit prerequisite `../../../src/backend/common.mk.web,v'.
   Trying pattern rule with stem `common.mk'.
     Trying pattern rule with stem `common.mk.web'.
    Trying pattern rule with stem `common.mk.cpp'.
    Trying implicit prerequisite `../../../../src/backend/common.mk.cpp,v'.
    Trying implicit prerequisite `../../../src/backend/common.mk.p,v'.
     Trying implicit prerequisite `../../../src/backend/RCS/common.mk.web,v'.
    Trying implicit prerequisite `../../../../src/backend/common.mk.cpp,v'.
    Trying pattern rule with stem `common.mk.p'.
    Trying implicit prerequisite `../../../src/Makefile.custom.r'.
     Trying pattern rule with stem `common.mk.web'.
    Trying pattern rule with stem `common.mk.cpp'.
     Trying implicit prerequisite `../../../src/backend/RCS/common.mk.web'.
    Looking for a rule with intermediate file `../../../src/Makefile.custom.r'.
     Avoiding implicit rule recursion.
    Trying implicit prerequisite `../../../src/backend/RCS/common.mk.p,v'.
    Trying pattern rule with stem `common.mk.cpp'.
   Trying implicit prerequisite `../../../src/backend/common.mk.cpp'.
     Avoiding implicit rule recursion.
     Avoiding implicit rule recursion.
    Trying pattern rule with stem `common.mk.p'.
    Trying implicit prerequisite `../../../../src/backend/RCS/common.mk.cpp,v'.
    Trying implicit prerequisite `../../../src/backend/RCS/common.mk.p'.
     Trying pattern rule with stem `common.mk.web'.
    Trying implicit prerequisite `../../../../src/backend/RCS/common.mk.cpp,v'.
     Trying pattern rule with stem `Makefile.custom'.
    Trying pattern rule with stem `common.mk.cpp'.
    Trying pattern rule with stem `common.mk.cpp'.
     Rejecting impossible implicit prerequisite `../../../src/Makefile.custom.l'.
    Trying pattern rule with stem `common.mk.p'.
    Trying implicit prerequisite `../../../../src/backend/RCS/common.mk.cpp'.
     Trying pattern rule with stem `Makefile.custom.r'.
     Trying implicit prerequisite `../../../src/backend/s.common.mk.web'.
    Trying implicit prerequisite `../../../src/backend/s.common.mk.p'.
    Trying pattern rule with stem `common.mk.cpp'.
     Trying implicit prerequisite `../../../src/Makefile.custom.r,v'.
    Trying implicit prerequisite `../../../../src/backend/RCS/common.mk.cpp'.
    Trying implicit prerequisite `../../../../src/backend/s.common.mk.cpp'.
   Looking for a rule with intermediate file `../../../src/backend/common.mk.cpp'.
    Trying pattern rule with stem `common.mk.p'.
     Trying pattern rule with stem `Makefile.custom.r'.
    Avoiding implicit rule recursion.
    Trying pattern rule with stem `common.mk.cpp'.
    Trying pattern rule with stem `common.mk.cpp'.
     Trying implicit prerequisite `../../../src/RCS/Makefile.custom.r,v'.
    Trying implicit prerequisite `../../../../src/backend/s.common.mk.cpp'.
     Trying pattern rule with stem `common.mk.web'.
    Trying pattern rule with stem `common.mk.cpp'.
    Trying implicit prerequisite `../../../src/backend/SCCS/s.common.mk.p'.
    Trying pattern rule with stem `common.mk'.
    Trying implicit prerequisite `../../../../src/backend/SCCS/s.common.mk.cpp'.
    Trying implicit prerequisite `../../../src/backend/common.mk.web'.
    Looking for a rule with intermediate file `../../../src/backend/common.mk.web'.
     Avoiding implicit rule recursion.
     Trying implicit prerequisite `../../../src/backend/SCCS/s.common.mk.web'.
     Trying pattern rule with stem `Makefile.custom.r'.
   Trying pattern rule with stem `common.mk'.
    Avoiding implicit rule recursion.
   Trying implicit prerequisite `../../../../src/backend/common.mk.p'.
    Trying implicit prerequisite `../../../../src/backend/SCCS/s.common.mk.cpp'.
     Trying implicit prerequisite `../../../src/RCS/Makefile.custom.r'.
   Trying pattern rule with stem `common.mk'.
     Trying pattern rule with stem `Makefile.custom.r'.
     Avoiding implicit rule recursion.
   Trying pattern rule with stem `common.mk'.
     Trying implicit prerequisite `../../../src/s.Makefile.custom.r'.
   Looking for a rule with intermediate file `../../../../src/backend/common.mk.p'.
     Avoiding implicit rule recursion.
    Avoiding implicit rule recursion.
    Trying pattern rule with stem `common.mk.cpp'.
   Trying implicit prerequisite `../../../src/backend/common.mk.f'.
   Looking for a rule with intermediate file `../../../src/backend/common.mk.f'.
     Trying pattern rule with stem `Makefile.custom.r'.
    Avoiding implicit rule recursion.
     Trying pattern rule with stem `common.mk.web'.
    Avoiding implicit rule recursion.
    Trying implicit prerequisite `../../../src/backend/common.mk.cpp,v'.
     Trying implicit prerequisite `../../../src/SCCS/s.Makefile.custom.r'.
    Avoiding implicit rule recursion.
   Trying pattern rule with stem `Makefile.custom'.
    Trying pattern rule with stem `common.mk'.
   Trying implicit prerequisite `../../../../src/backend/common.mk.p'.
    Trying pattern rule with stem `common.mk.cpp'.
    Trying implicit prerequisite `../../../src/backend/common.mk.F'.
     Trying implicit prerequisite `../../../src/backend/common.mk.web,v'.
     Trying pattern rule with stem `common.mk.web'.
    Trying implicit prerequisite `../../../src/backend/RCS/common.mk.cpp,v'.
    Trying pattern rule with stem `common.mk'.
     Trying implicit prerequisite `../../../src/backend/RCS/common.mk.web,v'.
    Trying pattern rule with stem `common.mk'.
   Looking for a rule with intermediate file `../../../../src/backend/common.mk.p'.
    Trying implicit prerequisite `../../../src/backend/common.mk.r'.
    Avoiding implicit rule recursion.
    Avoiding implicit rule recursion.
   Rejecting impossible implicit prerequisite `../../../src/Makefile.custom.F'.
     Trying pattern rule with stem `common.mk.web'.
    Trying pattern rule with stem `common.mk.cpp'.
    Trying pattern rule with stem `common.mk.f'.
     Trying implicit prerequisite `../../../src/backend/RCS/common.mk.web'.
    Trying implicit prerequisite `../../../src/backend/RCS/common.mk.cpp'.
    Trying pattern rule with stem `common.mk.cpp'.
    Trying implicit prerequisite `../../../../src/backend/common.mk.web'.
    Trying pattern rule with stem `common.mk'.
    Trying implicit prerequisite `../../../../src/backend/common.mk.web'.
    Trying implicit prerequisite `../../../src/backend/s.common.mk.cpp'.
    Trying pattern rule with stem `common.mk.p'.
    Trying pattern rule with stem `common.mk.p'.
    Trying implicit prerequisite `../../../src/backend/common.mk.f,v'.
    Trying pattern rule with stem `common.mk.cpp'.
    Trying implicit prerequisite `../../../src/backend/SCCS/s.common.mk.cpp'.
    Trying implicit prerequisite `../../../../src/backend/common.mk.p,v'.
   Trying pattern rule with stem `common.mk'.
   Trying pattern rule with stem `Makefile.custom'.
    Trying implicit prerequisite `../../../../src/backend/common.mk.p,v'.
     Trying pattern rule with stem `common.mk.web'.
   Trying implicit prerequisite `../../../src/backend/common.mk.p'.
   Looking for a rule with intermediate file `../../../src/backend/common.mk.p'.
   Trying implicit prerequisite `../../../src/Makefile.custom.m'.
    Trying pattern rule with stem `common.mk.p'.
   Looking for a rule with intermediate file `../../../src/Makefile.custom.m'.
    Trying pattern rule with stem `common.mk.p'.
     Trying implicit prerequisite `../../../src/backend/s.common.mk.web'.
    Avoiding implicit rule recursion.
    Trying implicit prerequisite `../../../../src/backend/RCS/common.mk.p,v'.
    Avoiding implicit rule recursion.
     Trying pattern rule with stem `common.mk.web'.
    Trying implicit prerequisite `../../../../src/backend/RCS/common.mk.p,v'.
    Trying pattern rule with stem `common.mk.f'.
    Trying pattern rule with stem `common.mk.p'.
    Trying implicit prerequisite `../../../src/backend/RCS/common.mk.f,v'.
     Trying implicit prerequisite `../../../src/backend/SCCS/s.common.mk.web'.
    Avoiding implicit rule recursion.
    Trying pattern rule with stem `common.mk.p'.
   Trying pattern rule with stem `common.mk'.
    Trying pattern rule with stem `common.mk.f'.
    Trying implicit prerequisite `../../../../src/backend/RCS/common.mk.p'.
    Avoiding implicit rule recursion.
    Trying pattern rule with stem `common.mk.p'.
    Trying pattern rule with stem `Makefile.custom'.
    Trying implicit prerequisite `../../../../src/backend/s.common.mk.p'.
    Trying implicit prerequisite `../../../src/Makefile.custom.ym'.
    Trying pattern rule with stem `common.mk.p'.
    Trying pattern rule with stem `common.mk'.
    Trying implicit prerequisite `../../../src/backend/RCS/common.mk.f'.
    Trying implicit prerequisite `../../../../src/backend/SCCS/s.common.mk.p'.
    Trying implicit prerequisite `../../../../src/backend/RCS/common.mk.p'.
    Trying pattern rule with stem `common.mk'.
   Trying implicit prerequisite `../../../src/backend/common.mk.f'.
    Trying implicit prerequisite `../../../../src/backend/common.mk.web'.
    Trying implicit prerequisite `../../../src/backend/common.mk.web'.
    Trying pattern rule with stem `Makefile.custom'.
   Looking for a rule with intermediate file `../../../src/backend/common.mk.f'.
    Trying pattern rule with stem `common.mk.p'.
    Avoiding implicit rule recursion.
    Avoiding implicit rule recursion.
    Trying implicit prerequisite `../../../src/Makefile.custom.lm'.
    Trying pattern rule with stem `common.mk.f'.
    Trying pattern rule with stem `Makefile.custom.m'.
    Looking for a rule with intermediate file `../../../../src/backend/common.mk.web'.
    Trying pattern rule with stem `common.mk.p'.
    Trying implicit prerequisite `../../../src/backend/common.mk.p,v'.
    Trying pattern rule with stem `common.mk'.
    Trying implicit prerequisite `../../../src/Makefile.custom.m,v'.
    Trying implicit prerequisite `../../../src/backend/s.common.mk.f'.
    Trying pattern rule with stem `common.mk.p'.
    Trying implicit prerequisite `../../../../src/backend/s.common.mk.p'.
    Trying pattern rule with stem `Makefile.custom.m'.
    Trying pattern rule with stem `common.mk.p'.
     Avoiding implicit rule recursion.
    Trying implicit prerequisite `../../../src/RCS/Makefile.custom.m,v'.
    Trying implicit prerequisite `../../../../src/backend/SCCS/s.common.mk.p'.
    Trying pattern rule with stem `Makefile.custom.m'.
    Trying implicit prerequisite `../../../src/backend/RCS/common.mk.p,v'.
     Avoiding implicit rule recursion.
    Trying implicit prerequisite `../../../src/RCS/Makefile.custom.m'.
    Trying implicit prerequisite `../../../src/backend/common.mk.F'.
    Trying pattern rule with stem `common.mk'.
    Trying pattern rule with stem `Makefile.custom.m'.
    Trying implicit prerequisite `../../../src/backend/common.mk.r'.
    Trying pattern rule with stem `common.mk'.
     Avoiding implicit rule recursion.
    Trying implicit prerequisite `../../../src/s.Makefile.custom.m'.
    Trying pattern rule with stem `common.mk.f'.
    Trying pattern rule with stem `common.mk.f'.
    Trying pattern rule with stem `common.mk.p'.
    Trying implicit prerequisite `../../../src/backend/SCCS/s.common.mk.f'.
    Trying implicit prerequisite `../../../src/backend/common.mk.f,v'.
    Trying pattern rule with stem `common.mk'.
    Trying pattern rule with stem `Makefile.custom.m'.
    Trying implicit prerequisite `../../../../src/backend/common.mk.web'.
     Trying pattern rule with stem `common.mk.web'.
    Trying pattern rule with stem `common.mk.f'.
    Looking for a rule with intermediate file `../../../../src/backend/common.mk.web'.
    Trying implicit prerequisite `../../../src/SCCS/s.Makefile.custom.m'.
    Trying implicit prerequisite `../../../src/backend/RCS/common.mk.p'.
    Trying implicit prerequisite `../../../src/backend/RCS/common.mk.f,v'.
    Trying pattern rule with stem `common.mk.f'.
    Trying pattern rule with stem `common.mk.p'.
    Trying implicit prerequisite `../../../src/backend/RCS/common.mk.f'.
    Trying implicit prerequisite `../../../src/backend/s.common.mk.p'.
    Trying pattern rule with stem `common.mk.f'.
    Trying pattern rule with stem `Makefile.custom'.
    Trying implicit prerequisite `../../../src/backend/s.common.mk.f'.
     Trying implicit prerequisite `../../../../src/backend/common.mk.web,v'.
    Trying pattern rule with stem `common.mk.p'.
     Trying pattern rule with stem `common.mk.web'.
    Trying implicit prerequisite `../../../src/backend/SCCS/s.common.mk.p'.
    Trying pattern rule with stem `common.mk.f'.
     Trying implicit prerequisite `../../../../src/backend/RCS/common.mk.web,v'.
    Trying implicit prerequisite `../../../src/backend/common.mk.F'.
    Trying implicit prerequisite `../../../src/Makefile.custom.ym'.
    Looking for a rule with intermediate file `../../../src/backend/common.mk.F'.
     Avoiding implicit rule recursion.
     Avoiding implicit rule recursion.
     Avoiding implicit rule recursion.
    Looking for a rule with intermediate file `../../../src/Makefile.custom.ym'.
     Avoiding implicit rule recursion.
     Avoiding implicit rule recursion.
     Avoiding implicit rule recursion.
     Trying pattern rule with stem `common.mk.F'.
     Trying pattern rule with stem `common.mk.web'.
     Trying implicit prerequisite `../../../src/backend/common.mk.F,v'.
     Trying implicit prerequisite `../../../../src/backend/RCS/common.mk.web'.
     Trying pattern rule with stem `common.mk.F'.
    Trying implicit prerequisite `../../../src/backend/SCCS/s.common.mk.f'.
     Trying pattern rule with stem `common.mk.web'.
     Trying pattern rule with stem `common.mk.web'.
     Trying implicit prerequisite `../../../../src/backend/s.common.mk.web'.
    Trying pattern rule with stem `common.mk'.
     Trying pattern rule with stem `common.mk.web'.
     Avoiding implicit rule recursion.
     Trying implicit prerequisite `../../../src/backend/RCS/common.mk.F,v'.
    Trying pattern rule with stem `common.mk'.
     Trying pattern rule with stem `common.mk.F'.
     Trying implicit prerequisite `../../../src/backend/RCS/common.mk.F'.
    Trying implicit prerequisite `../../../src/backend/common.mk.web'.
     Trying implicit prerequisite `../../../../src/backend/SCCS/s.common.mk.web'.
    Trying implicit prerequisite `../../../src/backend/common.mk.F'.
    Looking for a rule with intermediate file `../../../src/backend/common.mk.F'.
     Avoiding implicit rule recursion.
     Avoiding implicit rule recursion.
     Trying implicit prerequisite `../../../../src/backend/common.mk.web,v'.
     Avoiding implicit rule recursion.
     Trying pattern rule with stem `common.mk.web'.
     Trying pattern rule with stem `Makefile.custom.ym'.
     Avoiding implicit rule recursion.
     Trying pattern rule with stem `common.mk.F'.
     Trying implicit prerequisite `../../../../src/backend/RCS/common.mk.web,v'.
   Trying pattern rule with stem `common.mk'.
     Trying implicit prerequisite `../../../src/Makefile.custom.ym,v'.
    Looking for a rule with intermediate file `../../../src/backend/common.mk.web'.
     Trying pattern rule with stem `Makefile.custom.ym'.
     Avoiding implicit rule recursion.
     Trying implicit prerequisite `../../../src/RCS/Makefile.custom.ym,v'.
     Trying pattern rule with stem `common.mk.web'.
     Trying pattern rule with stem `Makefile.custom.ym'.
   Trying implicit prerequisite `../../../../src/backend/common.mk.f'.
     Trying implicit prerequisite `../../../src/RCS/Makefile.custom.ym'.
     Trying pattern rule with stem `Makefile.custom.ym'.
     Avoiding implicit rule recursion.
     Trying implicit prerequisite `../../../../src/backend/RCS/common.mk.web'.
     Trying implicit prerequisite `../../../src/backend/s.common.mk.F'.
     Trying pattern rule with stem `common.mk.F'.
     Trying pattern rule with stem `common.mk.F'.
   Looking for a rule with intermediate file `../../../../src/backend/common.mk.f'.
     Trying implicit prerequisite `../../../src/backend/SCCS/s.common.mk.F'.
    Trying pattern rule with stem `common.mk'.
     Trying implicit prerequisite `../../../src/backend/common.mk.F,v'.
     Trying pattern rule with stem `common.mk.web'.
    Trying implicit prerequisite `../../../src/backend/common.mk.r'.
     Trying pattern rule with stem `common.mk.F'.
     Trying implicit prerequisite `../../../src/s.Makefile.custom.ym'.
    Avoiding implicit rule recursion.
     Avoiding implicit rule recursion.
     Trying pattern rule with stem `Makefile.custom.ym'.
    Avoiding implicit rule recursion.
    Looking for a rule with intermediate file `../../../src/backend/common.mk.r'.
    Trying pattern rule with stem `common.mk'.
     Trying implicit prerequisite `../../../../src/backend/s.common.mk.web'.
     Trying implicit prerequisite `../../../src/backend/RCS/common.mk.F,v'.
     Avoiding implicit rule recursion.
     Trying implicit prerequisite `../../../src/SCCS/s.Makefile.custom.ym'.
     Avoiding implicit rule recursion.
    Trying implicit prerequisite `../../../../src/backend/common.mk.F'.
     Trying pattern rule with stem `common.mk.web'.
     Trying pattern rule with stem `common.mk.web'.
     Avoiding implicit rule recursion.
     Trying pattern rule with stem `common.mk.F'.
    Trying pattern rule with stem `Makefile.custom'.
    Trying pattern rule with stem `common.mk'.
    Trying implicit prerequisite `../../../src/Makefile.custom.lm'.
    Trying implicit prerequisite `../../../../src/backend/common.mk.r'.
    Trying pattern rule with stem `common.mk.f'.
    Trying implicit prerequisite `../../../../src/backend/common.mk.f,v'.
     Trying implicit prerequisite `../../../src/backend/common.mk.web,v'.
     Trying pattern rule with stem `common.mk.web'.
    Trying pattern rule with stem `common.mk.f'.
     Trying implicit prerequisite `../../../src/backend/RCS/common.mk.web,v'.
     Trying implicit prerequisite `../../../src/backend/RCS/common.mk.F'.
     Trying pattern rule with stem `common.mk.web'.
    Trying implicit prerequisite `../../../../src/backend/RCS/common.mk.f,v'.
     Trying pattern rule with stem `common.mk.F'.
     Trying implicit prerequisite `../../../../src/backend/SCCS/s.common.mk.web'.
     Trying implicit prerequisite `../../../src/backend/RCS/common.mk.web'.
     Trying implicit prerequisite `../../../src/backend/s.common.mk.F'.
    Looking for a rule with intermediate file `../../../src/Makefile.custom.lm'.
     Avoiding implicit rule recursion.
   Trying pattern rule with stem `common.mk'.
     Trying pattern rule with stem `common.mk'.
     Trying pattern rule with stem `common.mk.web'.
    Trying pattern rule with stem `common.mk.f'.
   Trying implicit prerequisite `../../../../src/backend/common.mk.f'.
    Trying implicit prerequisite `../../../../src/backend/RCS/common.mk.f'.
     Avoiding implicit rule recursion.
     Rejecting impossible implicit prerequisite `../../../src/backend/common.mk.l'.
     Trying implicit prerequisite `../../../src/backend/s.common.mk.web'.
     Trying pattern rule with stem `common.mk.F'.
    Trying pattern rule with stem `common.mk.f'.
     Trying pattern rule with stem `common.mk.r'.
     Avoiding implicit rule recursion.
     Trying pattern rule with stem `common.mk.web'.
     Trying implicit prerequisite `../../../src/backend/SCCS/s.common.mk.F'.
    Trying pattern rule with stem `common.mk'.
   Looking for a rule with intermediate file `../../../../src/backend/common.mk.f'.
    Trying implicit prerequisite `../../../src/backend/common.mk.r'.
     Trying implicit prerequisite `../../../src/backend/common.mk.r,v'.
     Trying pattern rule with stem `common.mk.r'.
     Avoiding implicit rule recursion.
     Trying implicit prerequisite `../../../src/backend/RCS/common.mk.r,v'.
    Avoiding implicit rule recursion.
    Avoiding implicit rule recursion.
    Looking for a rule with intermediate file `../../../src/backend/common.mk.r'.
     Trying pattern rule with stem `Makefile.custom.lm'.
    Trying implicit prerequisite `../../../../src/backend/s.common.mk.f'.
     Trying pattern rule with stem `common.mk.r'.
    Trying pattern rule with stem `common.mk'.
     Avoiding implicit rule recursion.
    Trying pattern rule with stem `common.mk.f'.
     Trying implicit prerequisite `../../../src/Makefile.custom.lm,v'.
     Trying implicit prerequisite `../../../src/backend/SCCS/s.common.mk.web'.
    Trying implicit prerequisite `../../../../src/backend/common.mk.F'.
    Trying implicit prerequisite `../../../../src/backend/SCCS/s.common.mk.f'.
    Trying pattern rule with stem `common.mk'.
     Trying implicit prerequisite `../../../src/backend/RCS/common.mk.r'.
   Trying pattern rule with stem `common.mk'.
    Trying implicit prerequisite `../../../../src/backend/common.mk.r'.
     Avoiding implicit rule recursion.
   Trying implicit prerequisite `../../../src/backend/common.mk.f'.
    Trying pattern rule with stem `common.mk.f'.
    Trying pattern rule with stem `common.mk'.
    Trying implicit prerequisite `../../../../src/backend/common.mk.F'.
     Trying pattern rule with stem `Makefile.custom.lm'.
   Looking for a rule with intermediate file `../../../src/backend/common.mk.f'.
     Trying implicit prerequisite `../../../src/RCS/Makefile.custom.lm,v'.
    Trying implicit prerequisite `../../../../src/backend/common.mk.f,v'.
    Looking for a rule with intermediate file `../../../../src/backend/common.mk.F'.
     Trying pattern rule with stem `common.mk.r'.
     Avoiding implicit rule recursion.
    Trying pattern rule with stem `common.mk.f'.
     Trying pattern rule with stem `common.mk'.
     Trying implicit prerequisite `../../../src/backend/s.common.mk.r'.
     Avoiding implicit rule recursion.
     Avoiding implicit rule recursion.
     Avoiding implicit rule recursion.
     Rejecting impossible implicit prerequisite `../../../src/backend/common.mk.l'.
     Trying pattern rule with stem `common.mk.r'.
    Trying implicit prerequisite `../../../../src/backend/RCS/common.mk.f,v'.
    Avoiding implicit rule recursion.
    Trying pattern rule with stem `common.mk.f'.
     Trying implicit prerequisite `../../../src/backend/SCCS/s.common.mk.r'.
     Trying pattern rule with stem `Makefile.custom.lm'.
    Avoiding implicit rule recursion.
    Trying implicit prerequisite `../../../../src/backend/RCS/common.mk.f'.
   Trying pattern rule with stem `common.mk'.
     Trying pattern rule with stem `common.mk.F'.
   Rejecting impossible implicit prerequisite `../../../src/backend/common.mk.F'.
     Trying implicit prerequisite `../../../../src/backend/common.mk.F,v'.
    Trying pattern rule with stem `common.mk.f'.
     Trying implicit prerequisite `../../../src/RCS/Makefile.custom.lm'.
     Trying pattern rule with stem `common.mk.r'.
     Trying pattern rule with stem `common.mk.F'.
   Trying pattern rule with stem `common.mk'.
    Trying pattern rule with stem `common.mk'.
     Trying implicit prerequisite `../../../src/backend/common.mk.r,v'.
     Trying pattern rule with stem `Makefile.custom.lm'.
     Trying implicit prerequisite `../../../../src/backend/RCS/common.mk.F,v'.
     Trying pattern rule with stem `common.mk.F'.
     Trying pattern rule with stem `common.mk.r'.
     Trying implicit prerequisite `../../../src/backend/RCS/common.mk.r,v'.
   Trying implicit prerequisite `../../../src/backend/common.mk.m'.
     Trying pattern rule with stem `common.mk.r'.
     Trying implicit prerequisite `../../../../src/backend/RCS/common.mk.F'.
     Trying implicit prerequisite `../../../src/backend/RCS/common.mk.r'.
     Trying implicit prerequisite `../../../src/s.Makefile.custom.lm'.
     Trying pattern rule with stem `common.mk.F'.
    Trying implicit prerequisite `../../../../src/backend/s.common.mk.f'.
   Looking for a rule with intermediate file `../../../src/backend/common.mk.m'.
     Trying pattern rule with stem `Makefile.custom.lm'.
     Trying pattern rule with stem `common.mk.r'.
    Trying implicit prerequisite `../../../src/backend/common.mk.F'.
     Trying implicit prerequisite `../../../src/backend/s.common.mk.r'.
    Trying pattern rule with stem `common.mk'.
     Trying implicit prerequisite `../../../src/SCCS/s.Makefile.custom.lm'.
    Avoiding implicit rule recursion.
    Trying pattern rule with stem `common.mk.f'.
     Trying implicit prerequisite `../../../../src/backend/s.common.mk.F'.
     Trying pattern rule with stem `common.mk.F'.
    Trying implicit prerequisite `../../../../src/backend/SCCS/s.common.mk.f'.
     Trying implicit prerequisite `../../../../src/backend/SCCS/s.common.mk.F'.
    Avoiding implicit rule recursion.
   Trying pattern rule with stem `Makefile.custom'.
    Trying implicit prerequisite `../../../src/backend/common.mk.r'.
   Rejecting impossible implicit prerequisite `../../../src/Makefile.custom.r'.
    Trying pattern rule with stem `common.mk'.
    Trying pattern rule with stem `common.mk'.
    Trying pattern rule with stem `common.mk.f'.
    Trying pattern rule with stem `common.mk'.
    Trying implicit prerequisite `../../../../src/backend/common.mk.F'.
    Trying implicit prerequisite `../../../../src/backend/common.mk.r'.
    Looking for a rule with intermediate file `../../../../src/backend/common.mk.r'.
    Looking for a rule with intermediate file `../../../../src/backend/common.mk.F'.
     Trying pattern rule with stem `common.mk.r'.
   Trying pattern rule with stem `Makefile.custom'.
     Avoiding implicit rule recursion.
    Trying implicit prerequisite `../../../src/backend/common.mk.f,v'.
     Avoiding implicit rule recursion.
    Trying implicit prerequisite `../../../src/backend/common.mk.ym'.
     Avoiding implicit rule recursion.
    Trying pattern rule with stem `common.mk'.
    Trying pattern rule with stem `common.mk.f'.
     Avoiding implicit rule recursion.
     Trying implicit prerequisite `../../../src/backend/SCCS/s.common.mk.r'.
   Trying implicit prerequisite `../../../src/Makefile.custom.s'.
   Trying pattern rule with stem `common.mk'.
    Trying implicit prerequisite `../../../src/backend/common.mk.lm'.
     Avoiding implicit rule recursion.
   Rejecting impossible implicit prerequisite `../../../src/backend/common.mk.F'.
   Trying pattern rule with stem `common.mk'.
     Trying pattern rule with stem `common.mk.F'.
    Trying implicit prerequisite `../../../src/backend/RCS/common.mk.f,v'.
     Avoiding implicit rule recursion.
     Trying implicit prerequisite `../../../../src/backend/common.mk.F,v'.
   Trying implicit prerequisite `../../../src/backend/common.mk.m'.
    Trying pattern rule with stem `common.mk.m'.
   Looking for a rule with intermediate file `../../../src/backend/common.mk.m'.
    Trying implicit prerequisite `../../../src/backend/common.mk.m,v'.
   Looking for a rule with intermediate file `../../../src/Makefile.custom.s'.
    Trying pattern rule with stem `common.mk.m'.
     Trying pattern rule with stem `common.mk.F'.
     Trying pattern rule with stem `common.mk'.
    Trying implicit prerequisite `../../../src/backend/RCS/common.mk.m,v'.
    Avoiding implicit rule recursion.
    Trying pattern rule with stem `common.mk.m'.
     Rejecting impossible implicit prerequisite `../../../../src/backend/common.mk.l'.
    Trying pattern rule with stem `common.mk.f'.
     Trying implicit prerequisite `../../../../src/backend/RCS/common.mk.F,v'.
     Trying pattern rule with stem `common.mk.F'.
    Trying implicit prerequisite `../../../src/backend/RCS/common.mk.m'.
    Avoiding implicit rule recursion.
     Trying implicit prerequisite `../../../../src/backend/RCS/common.mk.F'.
     Trying pattern rule with stem `common.mk.r'.
    Trying pattern rule with stem `Makefile.custom'.
     Trying implicit prerequisite `../../../../src/backend/common.mk.r,v'.
    Avoiding implicit rule recursion.
    Trying pattern rule with stem `common.mk.m'.
     Trying pattern rule with stem `common.mk.r'.
    Trying implicit prerequisite `../../../src/backend/s.common.mk.m'.
    Trying implicit prerequisite `../../../src/Makefile.custom.S'.
     Trying pattern rule with stem `common.mk.F'.
    Trying pattern rule with stem `common.mk.m'.
     Trying implicit prerequisite `../../../../src/backend/RCS/common.mk.r,v'.
     Trying implicit prerequisite `../../../../src/backend/s.common.mk.F'.
    Trying implicit prerequisite `../../../src/backend/RCS/common.mk.f'.
    Trying pattern rule with stem `Makefile.custom.s'.
    Trying implicit prerequisite `../../../src/backend/SCCS/s.common.mk.m'.
    Avoiding implicit rule recursion.
    Trying pattern rule with stem `common.mk.f'.
    Trying pattern rule with stem `common.mk'.
     Trying pattern rule with stem `common.mk.F'.
    Trying implicit prerequisite `../../../src/Makefile.custom.s,v'.
     Trying implicit prerequisite `../../../../src/backend/SCCS/s.common.mk.F'.
     Trying pattern rule with stem `common.mk.r'.
    Trying pattern rule with stem `common.mk'.
    Trying implicit prerequisite `../../../src/backend/common.mk.ym'.
    Trying pattern rule with stem `common.mk'.
    Trying implicit prerequisite `../../../src/backend/common.mk.ym'.
    Trying implicit prerequisite `../../../src/backend/s.common.mk.f'.
    Trying pattern rule with stem `common.mk'.
    Trying pattern rule with stem `Makefile.custom.s'.
    Trying pattern rule with stem `common.mk.f'.
     Trying implicit prerequisite `../../../../src/backend/RCS/common.mk.r'.
    Trying implicit prerequisite `../../../../src/backend/common.mk.r'.
    Looking for a rule with intermediate file `../../../../src/backend/common.mk.r'.
     Avoiding implicit rule recursion.
    Trying implicit prerequisite `../../../src/backend/SCCS/s.common.mk.f'.
     Avoiding implicit rule recursion.
     Trying pattern rule with stem `common.mk.r'.
    Looking for a rule with intermediate file `../../../src/backend/common.mk.ym'.
     Avoiding implicit rule recursion.
    Trying implicit prerequisite `../../../src/backend/common.mk.lm'.
     Avoiding implicit rule recursion.
    Trying pattern rule with stem `common.mk'.
    Trying implicit prerequisite `../../../src/RCS/Makefile.custom.s,v'.
    Trying pattern rule with stem `Makefile.custom.s'.
    Trying implicit prerequisite `../../../src/RCS/Makefile.custom.s'.
     Avoiding implicit rule recursion.
    Trying pattern rule with stem `Makefile.custom.s'.
    Trying implicit prerequisite `../../../src/s.Makefile.custom.s'.
     Avoiding implicit rule recursion.
    Trying pattern rule with stem `common.mk.m'.
    Trying pattern rule with stem `Makefile.custom.s'.
    Trying implicit prerequisite `../../../src/backend/common.mk.F'.
    Trying implicit prerequisite `../../../src/SCCS/s.Makefile.custom.s'.
    Looking for a rule with intermediate file `../../../src/backend/common.mk.F'.
     Trying pattern rule with stem `common.mk.ym'.
    Trying pattern rule with stem `Makefile.custom'.
     Avoiding implicit rule recursion.
    Trying implicit prerequisite `../../../src/backend/common.mk.m,v'.
     Trying implicit prerequisite `../../../src/backend/common.mk.ym,v'.
    Trying implicit prerequisite `../../../src/Makefile.custom.S'.
     Trying implicit prerequisite `../../../../src/backend/s.common.mk.r'.
     Trying pattern rule with stem `common.mk.ym'.
    Looking for a rule with intermediate file `../../../src/Makefile.custom.S'.
     Trying implicit prerequisite `../../../src/backend/RCS/common.mk.ym,v'.
    Trying pattern rule with stem `common.mk.m'.
     Trying pattern rule with stem `common.mk'.
     Avoiding implicit rule recursion.
     Avoiding implicit rule recursion.
    Trying implicit prerequisite `../../../src/backend/RCS/common.mk.m,v'.
     Trying pattern rule with stem `common.mk.r'.
     Avoiding implicit rule recursion.
     Trying implicit prerequisite `../../../../src/backend/SCCS/s.common.mk.r'.
     Avoiding implicit rule recursion.
   Trying pattern rule with stem `common.mk'.
     Avoiding implicit rule recursion.
   Rejecting impossible implicit prerequisite `../../../../src/backend/common.mk.F'.
     Trying pattern rule with stem `common.mk.F'.
   Trying pattern rule with stem `common.mk'.
     Trying pattern rule with stem `Makefile.custom.S'.
     Trying pattern rule with stem `common.mk.ym'.
    Trying pattern rule with stem `common.mk.m'.
    Trying implicit prerequisite `../../../src/backend/RCS/common.mk.m'.
     Trying implicit prerequisite `../../../src/backend/RCS/common.mk.ym'.
     Trying implicit prerequisite `../../../src/Makefile.custom.S,v'.
     Trying pattern rule with stem `common.mk.ym'.
     Rejecting impossible implicit prerequisite `../../../../src/backend/common.mk.l'.
    Trying pattern rule with stem `common.mk.m'.
   Trying implicit prerequisite `../../../../src/backend/common.mk.m'.
     Trying pattern rule with stem `Makefile.custom.S'.
     Trying implicit prerequisite `../../../src/backend/s.common.mk.ym'.
     Trying implicit prerequisite `../../../src/backend/common.mk.F,v'.
     Trying pattern rule with stem `common.mk.F'.
   Looking for a rule with intermediate file `../../../../src/backend/common.mk.m'.
    Avoiding implicit rule recursion.
     Trying pattern rule with stem `common.mk.ym'.
     Trying implicit prerequisite `../../../src/backend/RCS/common.mk.F,v'.
     Trying implicit prerequisite `../../../src/backend/SCCS/s.common.mk.ym'.
     Trying pattern rule with stem `common.mk.F'.
    Trying pattern rule with stem `common.mk'.
     Trying implicit prerequisite `../../../src/RCS/Makefile.custom.S,v'.
     Trying implicit prerequisite `../../../src/backend/RCS/common.mk.F'.
    Trying implicit prerequisite `../../../src/backend/common.mk.lm'.
     Trying pattern rule with stem `common.mk.r'.
    Looking for a rule with intermediate file `../../../src/backend/common.mk.lm'.
     Trying pattern rule with stem `Makefile.custom.S'.
    Avoiding implicit rule recursion.
     Avoiding implicit rule recursion.
     Avoiding implicit rule recursion.
     Trying pattern rule with stem `common.mk.F'.
     Avoiding implicit rule recursion.
     Trying implicit prerequisite `../../../../src/backend/common.mk.r,v'.
     Trying pattern rule with stem `common.mk.lm'.
     Trying implicit prerequisite `../../../src/backend/s.common.mk.F'.
    Trying implicit prerequisite `../../../src/backend/s.common.mk.m'.
    Trying pattern rule with stem `common.mk'.
     Trying implicit prerequisite `../../../src/RCS/Makefile.custom.S'.
     Trying implicit prerequisite `../../../src/backend/common.mk.lm,v'.
     Trying pattern rule with stem `Makefile.custom.S'.
     Trying pattern rule with stem `common.mk.lm'.
     Trying implicit prerequisite `../../../src/s.Makefile.custom.S'.
    Trying implicit prerequisite `../../../../src/backend/common.mk.ym'.
    Trying pattern rule with stem `common.mk.m'.
    Trying pattern rule with stem `common.mk'.
     Trying implicit prerequisite `../../../src/backend/RCS/common.mk.lm,v'.
     Trying pattern rule with stem `Makefile.custom.S'.
     Trying pattern rule with stem `common.mk.lm'.
    Trying implicit prerequisite `../../../../src/backend/common.mk.lm'.
     Trying implicit prerequisite `../../../src/backend/RCS/common.mk.lm'.
    Trying pattern rule with stem `common.mk.m'.
     Trying pattern rule with stem `common.mk.lm'.
    Trying implicit prerequisite `../../../../src/backend/common.mk.m,v'.
     Trying pattern rule with stem `common.mk.r'.
    Trying pattern rule with stem `common.mk.m'.
     Trying implicit prerequisite `../../../../src/backend/RCS/common.mk.r,v'.
    Trying implicit prerequisite `../../../../src/backend/RCS/common.mk.m,v'.
     Trying implicit prerequisite `../../../src/backend/s.common.mk.lm'.
     Trying pattern rule with stem `common.mk.r'.
    Trying pattern rule with stem `common.mk.m'.
     Trying implicit prerequisite `../../../../src/backend/RCS/common.mk.r'.
     Trying pattern rule with stem `common.mk.lm'.
    Trying implicit prerequisite `../../../../src/backend/RCS/common.mk.m'.
     Trying implicit prerequisite `../../../src/backend/SCCS/s.common.mk.lm'.
    Trying implicit prerequisite `../../../src/backend/SCCS/s.common.mk.m'.
     Trying implicit prerequisite `../../../src/SCCS/s.Makefile.custom.S'.
     Trying pattern rule with stem `common.mk.r'.
     Trying pattern rule with stem `common.mk.F'.
     Trying implicit prerequisite `../../../../src/backend/s.common.mk.r'.
     Trying implicit prerequisite `../../../src/backend/SCCS/s.common.mk.F'.
    Trying pattern rule with stem `common.mk'.
    Trying pattern rule with stem `common.mk'.
     Trying pattern rule with stem `common.mk.r'.
    Trying implicit prerequisite `../../../src/backend/common.mk.r'.
     Trying implicit prerequisite `../../../../src/backend/SCCS/s.common.mk.r'.
   Trying pattern rule with stem `Makefile.custom'.
   Trying pattern rule with stem `common.mk'.
    Looking for a rule with intermediate file `../../../src/backend/common.mk.r'.
   Rejecting impossible implicit prerequisite `../../../src/Makefile.custom.S'.
   Rejecting impossible implicit prerequisite `../../../../src/backend/common.mk.F'.
   Trying pattern rule with stem `common.mk'.
    Trying pattern rule with stem `common.mk.m'.
    Trying implicit prerequisite `../../../src/backend/common.mk.ym'.
    Trying implicit prerequisite `../../../../src/backend/s.common.mk.m'.
   Trying implicit prerequisite `../../../../src/backend/common.mk.m'.
   Trying pattern rule with stem `Makefile.custom'.
     Avoiding implicit rule recursion.
     Avoiding implicit rule recursion.
   Trying pattern rule with stem `common.mk'.
     Avoiding implicit rule recursion.
     Trying pattern rule with stem `common.mk'.
   Rejecting impossible implicit prerequisite `../../../src/backend/common.mk.r'.
   Trying implicit prerequisite `../../../src/Makefile.custom.mod'.
   Trying pattern rule with stem `common.mk'.
    Trying pattern rule with stem `common.mk.m'.
    Looking for a rule with intermediate file `../../../src/backend/common.mk.ym'.
   Trying implicit prerequisite `../../../src/backend/common.mk.s'.
   Looking for a rule with intermediate file `../../../src/backend/common.mk.s'.
   Looking for a rule with intermediate file `../../../../src/backend/common.mk.m'.
     Avoiding implicit rule recursion.
    Avoiding implicit rule recursion.
     Avoiding implicit rule recursion.
   Looking for a rule with intermediate file `../../../src/Makefile.custom.mod'.
    Trying implicit prerequisite `../../../../src/backend/SCCS/s.common.mk.m'.
    Trying pattern rule with stem `common.mk'.
     Avoiding implicit rule recursion.
    Trying implicit prerequisite `../../../../src/backend/common.mk.ym'.
    Avoiding implicit rule recursion.
     Trying pattern rule with stem `common.mk.ym'.
    Avoiding implicit rule recursion.
     Trying implicit prerequisite `../../../src/backend/common.mk.ym,v'.
    Looking for a rule with intermediate file `../../../../src/backend/common.mk.ym'.
     Trying pattern rule with stem `common.mk.ym'.
    Trying pattern rule with stem `common.mk'.
    Avoiding implicit rule recursion.
     Avoiding implicit rule recursion.
     Avoiding implicit rule recursion.
    Avoiding implicit rule recursion.
    Avoiding implicit rule recursion.
    Trying pattern rule with stem `common.mk'.
    Trying implicit prerequisite `../../../src/backend/common.mk.S'.
     Trying implicit prerequisite `../../../src/backend/RCS/common.mk.ym,v'.
    Trying pattern rule with stem `Makefile.custom.mod'.
     Rejecting impossible implicit prerequisite `../../../src/backend/common.mk.l'.
     Trying pattern rule with stem `common.mk.ym'.
     Avoiding implicit rule recursion.
    Trying implicit prerequisite `../../../src/Makefile.custom.mod,v'.
     Trying pattern rule with stem `common.mk.r'.
     Trying implicit prerequisite `../../../src/backend/common.mk.r,v'.
    Trying pattern rule with stem `Makefile.custom.mod'.
     Trying implicit prerequisite `../../../src/backend/RCS/common.mk.ym'.
     Trying pattern rule with stem `common.mk.r'.
     Trying pattern rule with stem `common.mk.ym'.
    Trying pattern rule with stem `common.mk.s'.
     Trying pattern rule with stem `common.mk.ym'.
    Trying implicit prerequisite `../../../../src/backend/common.mk.ym'.
     Trying implicit prerequisite `../../../../src/backend/common.mk.ym,v'.
     Trying implicit prerequisite `../../../src/backend/RCS/common.mk.r,v'.
    Trying implicit prerequisite `../../../src/RCS/Makefile.custom.mod,v'.
    Trying implicit prerequisite `../../../src/backend/common.mk.s,v'.
     Trying pattern rule with stem `common.mk.r'.
     Trying implicit prerequisite `../../../src/backend/s.common.mk.ym'.
    Trying pattern rule with stem `common.mk.s'.
     Trying implicit prerequisite `../../../src/backend/RCS/common.mk.r'.
    Trying pattern rule with stem `common.mk'.
    Trying implicit prerequisite `../../../src/backend/RCS/common.mk.s,v'.
    Trying implicit prerequisite `../../../../src/backend/common.mk.lm'.
     Trying pattern rule with stem `common.mk.r'.
    Trying pattern rule with stem `Makefile.custom.mod'.
     Trying pattern rule with stem `common.mk.ym'.
     Trying pattern rule with stem `common.mk.ym'.
    Trying pattern rule with stem `common.mk.m'.
     Trying implicit prerequisite `../../../src/backend/s.common.mk.r'.
     Trying implicit prerequisite `../../../../src/backend/RCS/common.mk.ym,v'.
     Trying pattern rule with stem `common.mk.r'.
     Trying implicit prerequisite `../../../src/backend/SCCS/s.common.mk.ym'.
    Trying implicit prerequisite `../../../src/RCS/Makefile.custom.mod'.
    Trying pattern rule with stem `common.mk.s'.
    Trying implicit prerequisite `../../../../src/backend/common.mk.m,v'.
     Trying implicit prerequisite `../../../src/backend/SCCS/s.common.mk.r'.
   Trying pattern rule with stem `common.mk'.
    Trying pattern rule with stem `common.mk'.
    Trying implicit prerequisite `../../../src/backend/RCS/common.mk.s'.
   Rejecting impossible implicit prerequisite `../../../src/backend/common.mk.F'.
   Trying pattern rule with stem `common.mk'.
    Trying pattern rule with stem `Makefile.custom.mod'.
    Trying pattern rule with stem `common.mk.s'.
    Trying implicit prerequisite `../../../src/backend/common.mk.lm'.
   Trying implicit prerequisite `../../../src/backend/common.mk.m'.
   Looking for a rule with intermediate file `../../../src/backend/common.mk.m'.
    Looking for a rule with intermediate file `../../../src/backend/common.mk.lm'.
    Avoiding implicit rule recursion.
    Trying implicit prerequisite `../../../src/backend/s.common.mk.s'.
     Trying pattern rule with stem `common.mk.ym'.
    Trying implicit prerequisite `../../../src/s.Makefile.custom.mod'.
    Trying pattern rule with stem `common.mk.m'.
    Trying pattern rule with stem `common.mk.s'.
     Avoiding implicit rule recursion.
     Avoiding implicit rule recursion.
    Trying implicit prerequisite `../../../../src/backend/RCS/common.mk.m,v'.
     Trying implicit prerequisite `../../../../src/backend/RCS/common.mk.ym'.
    Trying pattern rule with stem `common.mk.m'.
     Avoiding implicit rule recursion.
    Trying pattern rule with stem `Makefile.custom.mod'.
     Trying pattern rule with stem `common.mk.ym'.
    Trying implicit prerequisite `../../../../src/backend/RCS/common.mk.m'.
    Trying implicit prerequisite `../../../src/backend/SCCS/s.common.mk.s'.
    Trying implicit prerequisite `../../../src/SCCS/s.Makefile.custom.mod'.
    Avoiding implicit rule recursion.
  Trying pattern rule with stem `Makefile.custom'.
    Trying pattern rule with stem `common.mk.m'.
  Rejecting impossible implicit prerequisite `../../../src/Makefile.custom.cc'.
     Trying implicit prerequisite `../../../../src/backend/s.common.mk.ym'.
    Trying pattern rule with stem `common.mk'.
    Trying implicit prerequisite `../../../src/backend/common.mk.ym'.
  Trying pattern rule with stem `Makefile.custom'.
     Trying pattern rule with stem `common.mk.ym'.
  Rejecting impossible implicit prerequisite `../../../src/Makefile.custom.C'.
    Trying implicit prerequisite `../../../../src/backend/s.common.mk.m'.
    Trying pattern rule with stem `common.mk.m'.
  Trying pattern rule with stem `Makefile.custom'.
    Trying implicit prerequisite `../../../../src/backend/SCCS/s.common.mk.m'.
    Trying pattern rule with stem `common.mk'.
    Trying pattern rule with stem `common.mk'.
     Trying pattern rule with stem `common.mk.lm'.
    Trying pattern rule with stem `common.mk'.
     Trying implicit prerequisite `../../../../src/backend/SCCS/s.common.mk.ym'.
     Trying implicit prerequisite `../../../src/backend/common.mk.lm,v'.
    Trying pattern rule with stem `common.mk'.
    Trying implicit prerequisite `../../../src/backend/common.mk.S'.
    Trying implicit prerequisite `../../../../src/backend/common.mk.ym'.
    Trying implicit prerequisite `../../../src/backend/common.mk.lm'.
     Trying pattern rule with stem `common.mk.lm'.
    Trying implicit prerequisite `../../../../src/backend/common.mk.lm'.
  Rejecting impossible implicit prerequisite `../../../src/Makefile.custom.cpp'.
     Trying implicit prerequisite `../../../src/backend/RCS/common.mk.lm,v'.
  Trying pattern rule with stem `Makefile.custom'.
    Looking for a rule with intermediate file `../../../src/backend/common.mk.S'.
     Trying pattern rule with stem `common.mk.lm'.
    Looking for a rule with intermediate file `../../../../src/backend/common.mk.ym'.
     Trying implicit prerequisite `../../../src/backend/RCS/common.mk.lm'.
  Rejecting impossible implicit prerequisite `../../../src/Makefile.custom.p'.
     Avoiding implicit rule recursion.
     Trying pattern rule with stem `common.mk.lm'.
    Looking for a rule with intermediate file `../../../../src/backend/common.mk.lm'.
    Trying pattern rule with stem `common.mk.m'.
     Avoiding implicit rule recursion.
     Avoiding implicit rule recursion.
  Trying pattern rule with stem `Makefile.custom'.
     Avoiding implicit rule recursion.
     Avoiding implicit rule recursion.
     Avoiding implicit rule recursion.
  Rejecting impossible implicit prerequisite `../../../src/Makefile.custom.f'.
     Avoiding implicit rule recursion.
  Trying pattern rule with stem `Makefile.custom'.
    Trying implicit prerequisite `../../../src/backend/common.mk.m,v'.
     Trying implicit prerequisite `../../../src/backend/s.common.mk.lm'.
  Rejecting impossible implicit prerequisite `../../../src/Makefile.custom.F'.
    Trying pattern rule with stem `common.mk.m'.
     Avoiding implicit rule recursion.
     Trying pattern rule with stem `common.mk.ym'.
  Trying pattern rule with stem `Makefile.custom'.
    Trying implicit prerequisite `../../../src/backend/RCS/common.mk.m,v'.
     Trying pattern rule with stem `common.mk.lm'.
    Trying pattern rule with stem `common.mk.m'.
     Avoiding implicit rule recursion.
     Trying implicit prerequisite `../../../src/backend/SCCS/s.common.mk.lm'.
     Trying pattern rule with stem `common.mk.S'.
   Trying pattern rule with stem `common.mk'.
     Trying implicit prerequisite `../../../../src/backend/common.mk.ym,v'.
     Trying pattern rule with stem `common.mk.ym'.
    Trying implicit prerequisite `../../../src/backend/RCS/common.mk.m'.
  Rejecting impossible implicit prerequisite `../../../src/Makefile.custom.m'.
   Rejecting impossible implicit prerequisite `../../../src/backend/common.mk.r'.
     Trying implicit prerequisite `../../../src/backend/common.mk.S,v'.
     Trying implicit prerequisite `../../../../src/backend/RCS/common.mk.ym,v'.
    Trying pattern rule with stem `common.mk.m'.
     Trying pattern rule with stem `common.mk.ym'.
  Trying pattern rule with stem `Makefile.custom'.
    Trying implicit prerequisite `../../../src/backend/s.common.mk.m'.
  Rejecting impossible implicit prerequisite `../../../src/Makefile.custom.r'.
   Trying pattern rule with stem `common.mk'.
     Trying pattern rule with stem `common.mk.S'.
    Trying pattern rule with stem `common.mk.m'.
  Trying pattern rule with stem `Makefile.custom'.
    Trying implicit prerequisite `../../../src/backend/SCCS/s.common.mk.m'.
     Trying pattern rule with stem `common.mk.lm'.
     Trying implicit prerequisite `../../../../src/backend/RCS/common.mk.ym'.
     Trying implicit prerequisite `../../../../src/backend/common.mk.lm,v'.
  Rejecting impossible implicit prerequisite `../../../src/Makefile.custom.s'.
   Trying implicit prerequisite `../../../src/backend/common.mk.s'.
     Trying implicit prerequisite `../../../src/backend/RCS/common.mk.S,v'.
   Looking for a rule with intermediate file `../../../src/backend/common.mk.s'.
    Avoiding implicit rule recursion.
     Trying pattern rule with stem `common.mk.ym'.
    Trying pattern rule with stem `common.mk'.
     Trying implicit prerequisite `../../../../src/backend/s.common.mk.ym'.
     Trying pattern rule with stem `common.mk.ym'.
    Avoiding implicit rule recursion.
  Trying pattern rule with stem `Makefile.custom'.
  Rejecting impossible implicit prerequisite `../../../src/Makefile.custom.S'.
     Trying pattern rule with stem `common.mk.lm'.
  Trying pattern rule with stem `Makefile.custom'.
     Trying implicit prerequisite `../../../../src/backend/SCCS/s.common.mk.ym'.
    Trying pattern rule with stem `common.mk'.
     Trying pattern rule with stem `common.mk.S'.
    Trying implicit prerequisite `../../../src/backend/common.mk.ym'.
     Trying implicit prerequisite `../../../../src/backend/RCS/common.mk.lm,v'.
    Trying implicit prerequisite `../../../src/backend/common.mk.S'.
     Trying implicit prerequisite `../../../src/backend/RCS/common.mk.S'.
     Trying pattern rule with stem `common.mk.lm'.
     Trying implicit prerequisite `../../../../src/backend/RCS/common.mk.lm'.
     Trying pattern rule with stem `common.mk.lm'.
  Rejecting impossible implicit prerequisite `../../../src/Makefile.custom.mod'.
    Trying pattern rule with stem `common.mk'.
     Trying pattern rule with stem `common.mk.S'.
     Trying implicit prerequisite `../../../src/backend/s.common.mk.S'.
    Trying pattern rule with stem `common.mk.s'.
     Trying pattern rule with stem `common.mk.S'.
    Looking for a rule with intermediate file `../../../src/backend/common.mk.ym'.
    Trying implicit prerequisite `../../../../src/backend/common.mk.lm'.
     Trying implicit prerequisite `../../../../src/backend/s.common.mk.lm'.
     Trying pattern rule with stem `common.mk.lm'.
  Trying pattern rule with stem `Makefile.custom'.
    Trying implicit prerequisite `../../../src/backend/common.mk.s,v'.
     Trying implicit prerequisite `../../../src/backend/SCCS/s.common.mk.S'.
   Trying pattern rule with stem `common.mk'.
    Looking for a rule with intermediate file `../../../../src/backend/common.mk.lm'.
    Trying pattern rule with stem `common.mk.s'.
  Trying implicit prerequisite `../../../src/Makefile.custom.sh'.
     Avoiding implicit rule recursion.
    Trying implicit prerequisite `../../../src/backend/RCS/common.mk.s,v'.
  Looking for a rule with intermediate file `../../../src/Makefile.custom.sh'.
   Rejecting impossible implicit prerequisite `../../../src/backend/common.mk.S'.
     Trying implicit prerequisite `../../../../src/backend/SCCS/s.common.mk.lm'.
     Avoiding implicit rule recursion.
    Trying pattern rule with stem `common.mk.s'.
   Trying pattern rule with stem `common.mk'.
     Avoiding implicit rule recursion.
   Trying implicit prerequisite `../../../src/backend/common.mk.mod'.
     Avoiding implicit rule recursion.
    Trying implicit prerequisite `../../../src/backend/RCS/common.mk.s'.
   Trying pattern rule with stem `common.mk'.
   Looking for a rule with intermediate file `../../../src/backend/common.mk.mod'.
     Trying pattern rule with stem `common.mk.ym'.
    Avoiding implicit rule recursion.
     Avoiding implicit rule recursion.
   Rejecting impossible implicit prerequisite `../../../../src/backend/common.mk.r'.
    Trying pattern rule with stem `common.mk.s'.
     Avoiding implicit rule recursion.
    Avoiding implicit rule recursion.
     Trying pattern rule with stem `common.mk.lm'.
    Trying pattern rule with stem `common.mk.mod'.
     Trying implicit prerequisite `../../../src/backend/common.mk.ym,v'.
   Trying pattern rule with stem `common.mk'.
     Trying pattern rule with stem `common.mk.ym'.
     Trying implicit prerequisite `../../../../src/backend/common.mk.lm,v'.
   Avoiding implicit rule recursion.
     Trying pattern rule with stem `common.mk.lm'.
     Trying implicit prerequisite `../../../src/backend/RCS/common.mk.ym,v'.
    Trying implicit prerequisite `../../../src/backend/common.mk.mod,v'.
   Trying pattern rule with stem `Makefile.custom.sh'.
    Trying pattern rule with stem `common.mk.mod'.
   Trying implicit prerequisite `../../../../src/backend/common.mk.s'.
     Trying implicit prerequisite `../../../../src/backend/RCS/common.mk.lm,v'.
     Trying pattern rule with stem `common.mk.ym'.
   Trying implicit prerequisite `../../../src/Makefile.custom.sh,v'.
     Trying pattern rule with stem `common.mk.lm'.
     Trying implicit prerequisite `../../../src/backend/RCS/common.mk.ym'.
     Trying implicit prerequisite `../../../../src/backend/RCS/common.mk.lm'.
   Looking for a rule with intermediate file `../../../../src/backend/common.mk.s'.
    Trying implicit prerequisite `../../../src/backend/RCS/common.mk.mod,v'.
    Avoiding implicit rule recursion.
    Trying implicit prerequisite `../../../src/backend/s.common.mk.s'.
   Trying pattern rule with stem `Makefile.custom.sh'.
    Trying pattern rule with stem `common.mk.s'.
     Trying pattern rule with stem `common.mk.lm'.
    Trying implicit prerequisite `../../../src/backend/SCCS/s.common.mk.s'.
     Trying implicit prerequisite `../../../../src/backend/s.common.mk.lm'.
    Avoiding implicit rule recursion.
    Trying pattern rule with stem `common.mk'.
   Trying implicit prerequisite `../../../src/RCS/Makefile.custom.sh,v'.
     Trying pattern rule with stem `common.mk.lm'.
    Trying pattern rule with stem `common.mk.mod'.
   Trying pattern rule with stem `Makefile.custom.sh'.
    Trying pattern rule with stem `common.mk'.
     Trying implicit prerequisite `../../../../src/backend/SCCS/s.common.mk.lm'.
     Trying pattern rule with stem `common.mk.ym'.
   Trying pattern rule with stem `common.mk'.
    Trying implicit prerequisite `../../../src/backend/common.mk.S'.
    Trying implicit prerequisite `../../../../src/backend/common.mk.S'.
    Trying implicit prerequisite `../../../src/backend/RCS/common.mk.mod'.
     Trying implicit prerequisite `../../../src/backend/s.common.mk.ym'.
    Looking for a rule with intermediate file `../../../src/backend/common.mk.S'.
     Trying pattern rule with stem `common.mk.ym'.
    Trying pattern rule with stem `common.mk.s'.
     Trying implicit prerequisite `../../../src/backend/SCCS/s.common.mk.ym'.
    Trying implicit prerequisite `../../../../src/backend/common.mk.s,v'.
    Trying pattern rule with stem `common.mk.s'.
     Avoiding implicit rule recursion.
   Trying implicit prerequisite `../../../src/RCS/Makefile.custom.sh'.
     Avoiding implicit rule recursion.
   Rejecting impossible implicit prerequisite `../../../../src/backend/common.mk.r'.
   Trying pattern rule with stem `Makefile.custom.sh'.
    Trying pattern rule with stem `common.mk'.
     Avoiding implicit rule recursion.
    Trying pattern rule with stem `common.mk.mod'.
     Trying pattern rule with stem `common.mk.S'.
    Trying implicit prerequisite `../../../src/backend/s.common.mk.mod'.
    Trying implicit prerequisite `../../../../src/backend/RCS/common.mk.s,v'.
   Trying implicit prerequisite `../../../src/s.Makefile.custom.sh'.
    Trying implicit prerequisite `../../../src/backend/common.mk.lm'.
   Trying pattern rule with stem `Makefile.custom.sh'.
    Looking for a rule with intermediate file `../../../src/backend/common.mk.lm'.
     Trying implicit prerequisite `../../../src/backend/common.mk.S,v'.
    Trying pattern rule with stem `common.mk.mod'.
     Avoiding implicit rule recursion.
     Trying pattern rule with stem `common.mk.S'.
   Trying pattern rule with stem `common.mk'.
   Trying implicit prerequisite `../../../src/SCCS/s.Makefile.custom.sh'.
   Trying implicit prerequisite `../../../../src/backend/common.mk.s'.
  No implicit rule found for `../../../src/Makefile.custom'.
     Avoiding implicit rule recursion.
   Looking for a rule with intermediate file `../../../../src/backend/common.mk.s'.
    Avoiding implicit rule recursion.
    Avoiding implicit rule recursion.
    Trying pattern rule with stem `common.mk.s'.
     Trying implicit prerequisite `../../../src/backend/RCS/common.mk.S,v'.
     Trying pattern rule with stem `common.mk.S'.
     Avoiding implicit rule recursion.
  Finished prerequisites of target file `../../../src/Makefile.custom'.
     Trying pattern rule with stem `common.mk.lm'.
    Trying pattern rule with stem `common.mk'.
     Trying implicit prerequisite `../../../src/backend/RCS/common.mk.S'.
    Trying implicit prerequisite `../../../src/backend/SCCS/s.common.mk.mod'.
     Trying pattern rule with stem `common.mk.S'.
    Trying implicit prerequisite `../../../../src/backend/common.mk.S'.
     Trying implicit prerequisite `../../../src/backend/s.common.mk.S'.
    Trying implicit prerequisite `../../../../src/backend/RCS/common.mk.s'.
     Trying pattern rule with stem `common.mk.S'.
    Trying pattern rule with stem `common.mk.s'.
     Trying implicit prerequisite `../../../src/backend/common.mk.lm,v'.
     Trying pattern rule with stem `common.mk.lm'.
 Must remake target `../../../src/Makefile.custom'.
     Trying implicit prerequisite `../../../src/backend/SCCS/s.common.mk.S'.
  Trying pattern rule with stem `common.mk'.
    Trying implicit prerequisite `../../../../src/backend/common.mk.s,v'.
     Trying implicit prerequisite `../../../src/backend/RCS/common.mk.lm,v'.
     Trying pattern rule with stem `common.mk.lm'.
 Failed to remake target file `../../../src/Makefile.custom'.
    Trying pattern rule with stem `common.mk.s'.
    Trying pattern rule with stem `common.mk.s'.
     Trying implicit prerequisite `../../../src/backend/RCS/common.mk.lm'.
   Trying pattern rule with stem `common.mk'.
  Rejecting impossible implicit prerequisite `../../../src/backend/common.mk.cc'.
     Trying pattern rule with stem `common.mk.lm'.
    Trying implicit prerequisite `../../../../src/backend/RCS/common.mk.s,v'.
   Rejecting impossible implicit prerequisite `../../../src/backend/common.mk.S'.
     Trying implicit prerequisite `../../../src/backend/s.common.mk.lm'.
    Trying implicit prerequisite `../../../../src/backend/s.common.mk.s'.
    Trying pattern rule with stem `common.mk.s'.
  Trying pattern rule with stem `common.mk'.
    Trying pattern rule with stem `common.mk.s'.
    Trying implicit prerequisite `../../../../src/backend/RCS/common.mk.s'.
  Rejecting impossible implicit prerequisite `../../../src/backend/common.mk.C'.
     Trying pattern rule with stem `common.mk.lm'.
 Considering target file `../../../src/Makefile.port'.
     Trying implicit prerequisite `../../../src/backend/SCCS/s.common.mk.lm'.
    Trying implicit prerequisite `../../../../src/backend/SCCS/s.common.mk.s'.
    Trying pattern rule with stem `common.mk.s'.
    Trying implicit prerequisite `../../../../src/backend/s.common.mk.s'.
    Trying pattern rule with stem `common.mk'.
   Trying pattern rule with stem `common.mk'.
   Trying implicit prerequisite `../../../src/backend/common.mk.mod'.
   Looking for a rule with intermediate file `../../../src/backend/common.mk.mod'.
  Trying pattern rule with stem `common.mk'.
    Avoiding implicit rule recursion.
  Rejecting impossible implicit prerequisite `../../../src/backend/common.mk.cpp'.
   Trying pattern rule with stem `common.mk'.
    Avoiding implicit rule recursion.
    Trying pattern rule with stem `common.mk.s'.
  Trying pattern rule with stem `common.mk'.
    Trying implicit prerequisite `../../../../src/backend/SCCS/s.common.mk.s'.
  Looking for an implicit rule for `../../../src/Makefile.port'.
    Trying pattern rule with stem `common.mk'.
  Trying pattern rule with stem `Makefile.port'.
    Trying implicit prerequisite `../../../../src/backend/common.mk.S'.
  Trying implicit prerequisite `../../../src/Makefile.port.o'.
    Trying implicit prerequisite `../../../../src/backend/common.mk.S'.
    Looking for a rule with intermediate file `../../../../src/backend/common.mk.S'.
    Trying pattern rule with stem `common.mk.mod'.
  Trying pattern rule with stem `Makefile.port'.
     Avoiding implicit rule recursion.
   Rejecting impossible implicit prerequisite `../../../src/backend/common.mk.r'.
    Looking for a rule with intermediate file `../../../../src/backend/common.mk.S'.
   Trying pattern rule with stem `common.mk'.
  Rejecting impossible implicit prerequisite `../../../src/backend/common.mk.p'.
   Trying implicit prerequisite `../../../src/backend/common.mk.s'.
     Avoiding implicit rule recursion.
  Trying pattern rule with stem `common.mk'.
    Trying implicit prerequisite `../../../src/backend/common.mk.mod,v'.
     Avoiding implicit rule recursion.
    Trying pattern rule with stem `common.mk.mod'.
     Avoiding implicit rule recursion.
  Trying implicit prerequisite `../../../src/Makefile.port.cc'.
  Rejecting impossible implicit prerequisite `../../../src/backend/common.mk.f'.
     Avoiding implicit rule recursion.
   Looking for a rule with intermediate file `../../../src/backend/common.mk.s'.
  Trying pattern rule with stem `common.mk'.
  Trying pattern rule with stem `Makefile.port'.
  Rejecting impossible implicit prerequisite `../../../src/backend/common.mk.F'.
  Trying pattern rule with stem `common.mk'.
    Avoiding implicit rule recursion.
  Rejecting impossible implicit prerequisite `../../../src/backend/common.mk.m'.
    Avoiding implicit rule recursion.
     Avoiding implicit rule recursion.
     Trying pattern rule with stem `common.mk.S'.
  Trying implicit prerequisite `../../../src/Makefile.port.C'.
  Trying pattern rule with stem `common.mk'.
    Trying implicit prerequisite `../../../src/backend/RCS/common.mk.mod,v'.
     Trying implicit prerequisite `../../../../src/backend/common.mk.S,v'.
  Rejecting impossible implicit prerequisite `../../../src/backend/common.mk.r'.
  Trying pattern rule with stem `Makefile.port'.
    Trying pattern rule with stem `common.mk.mod'.
  Trying implicit prerequisite `../../../src/Makefile.port.cpp'.
     Trying pattern rule with stem `common.mk.S'.
    Trying pattern rule with stem `common.mk'.
  Trying pattern rule with stem `Makefile.port'.
     Trying pattern rule with stem `common.mk.S'.
    Trying implicit prerequisite `../../../src/backend/RCS/common.mk.mod'.
     Trying implicit prerequisite `../../../../src/backend/RCS/common.mk.S,v'.
     Trying implicit prerequisite `../../../../src/backend/common.mk.S,v'.
    Trying pattern rule with stem `common.mk.mod'.
  Trying implicit prerequisite `../../../src/Makefile.port.p'.
     Trying pattern rule with stem `common.mk.S'.
     Trying pattern rule with stem `common.mk.S'.
    Trying implicit prerequisite `../../../src/backend/common.mk.S'.
     Trying implicit prerequisite `../../../../src/backend/RCS/common.mk.S,v'.
  Trying pattern rule with stem `Makefile.port'.
     Trying pattern rule with stem `common.mk.S'.
     Trying implicit prerequisite `../../../../src/backend/RCS/common.mk.S'.
     Trying pattern rule with stem `common.mk.S'.
     Trying implicit prerequisite `../../../../src/backend/RCS/common.mk.S'.
    Trying implicit prerequisite `../../../src/backend/s.common.mk.mod'.
     Trying implicit prerequisite `../../../../src/backend/s.common.mk.S'.
     Trying pattern rule with stem `common.mk.S'.
     Trying implicit prerequisite `../../../../src/backend/s.common.mk.S'.
    Trying pattern rule with stem `common.mk.mod'.
     Trying pattern rule with stem `common.mk.S'.
    Trying pattern rule with stem `common.mk.s'.
    Trying implicit prerequisite `../../../src/backend/SCCS/s.common.mk.mod'.
  Trying pattern rule with stem `common.mk'.
     Trying implicit prerequisite `../../../../src/backend/SCCS/s.common.mk.S'.
  Trying pattern rule with stem `common.mk'.
     Trying pattern rule with stem `common.mk.S'.
   Trying pattern rule with stem `common.mk'.
    Trying implicit prerequisite `../../../src/backend/common.mk.s,v'.
  Rejecting impossible implicit prerequisite `../../../src/backend/common.mk.s'.
  Rejecting impossible implicit prerequisite `../../../src/backend/common.mk.cc'.
   Rejecting impossible implicit prerequisite `../../../../src/backend/common.mk.S'.
  Trying implicit prerequisite `../../../src/Makefile.port.f'.
     Trying implicit prerequisite `../../../../src/backend/SCCS/s.common.mk.S'.
   Trying pattern rule with stem `common.mk'.
   Trying pattern rule with stem `common.mk'.
   Trying implicit prerequisite `../../../../src/backend/common.mk.mod'.
    Trying pattern rule with stem `common.mk.s'.
  Trying pattern rule with stem `Makefile.port'.
  Trying pattern rule with stem `common.mk'.
   Looking for a rule with intermediate file `../../../../src/backend/common.mk.mod'.
  Trying implicit prerequisite `../../../src/Makefile.port.F'.
  Rejecting impossible implicit prerequisite `../../../src/backend/common.mk.C'.
    Avoiding implicit rule recursion.
  Trying pattern rule with stem `Makefile.port'.
  Trying pattern rule with stem `common.mk'.
  Trying implicit prerequisite `../../../src/Makefile.port.m'.
  Rejecting impossible implicit prerequisite `../../../src/backend/common.mk.cpp'.
   Rejecting impossible implicit prerequisite `../../../../src/backend/common.mk.S'.
  Trying pattern rule with stem `common.mk'.
  Trying pattern rule with stem `common.mk'.
    Avoiding implicit rule recursion.
    Trying implicit prerequisite `../../../src/backend/RCS/common.mk.s,v'.
  Trying pattern rule with stem `Makefile.port'.
  Rejecting impossible implicit prerequisite `../../../src/backend/common.mk.S'.
   Trying pattern rule with stem `common.mk'.
    Trying pattern rule with stem `common.mk.s'.
   Trying implicit prerequisite `../../../../src/backend/common.mk.mod'.
  Trying pattern rule with stem `common.mk'.
  Rejecting impossible implicit prerequisite `../../../src/backend/common.mk.p'.
    Trying implicit prerequisite `../../../src/backend/RCS/common.mk.s'.
  Trying pattern rule with stem `common.mk'.
   Looking for a rule with intermediate file `../../../../src/backend/common.mk.mod'.
    Trying pattern rule with stem `common.mk.s'.
  Rejecting impossible implicit prerequisite `../../../src/backend/common.mk.f'.
    Trying implicit prerequisite `../../../src/backend/s.common.mk.s'.
    Trying pattern rule with stem `common.mk.s'.
    Avoiding implicit rule recursion.
    Trying implicit prerequisite `../../../src/backend/SCCS/s.common.mk.s'.
  Rejecting impossible implicit prerequisite `../../../src/backend/common.mk.mod'.
  Trying pattern rule with stem `common.mk'.
    Trying pattern rule with stem `common.mk'.
  Trying implicit prerequisite `../../../src/Makefile.port.r'.
  Trying pattern rule with stem `common.mk'.
  Rejecting impossible implicit prerequisite `../../../src/backend/common.mk.F'.
  Trying pattern rule with stem `Makefile.port'.
    Avoiding implicit rule recursion.
  Trying implicit prerequisite `../../../src/backend/common.mk.sh'.
  Looking for a rule with intermediate file `../../../src/backend/common.mk.sh'.
    Trying pattern rule with stem `common.mk.mod'.
   Avoiding implicit rule recursion.
   Trying pattern rule with stem `common.mk.sh'.
    Trying pattern rule with stem `common.mk.mod'.
  Trying pattern rule with stem `common.mk'.
  Trying implicit prerequisite `../../../src/Makefile.port.s'.
    Trying implicit prerequisite `../../../../src/backend/common.mk.mod,v'.
    Trying pattern rule with stem `common.mk.mod'.
  Trying pattern rule with stem `Makefile.port'.
   Trying implicit prerequisite `../../../src/backend/common.mk.sh,v'.
    Trying implicit prerequisite `../../../src/backend/common.mk.S'.
  Rejecting impossible implicit prerequisite `../../../src/backend/common.mk.m'.
    Looking for a rule with intermediate file `../../../src/backend/common.mk.S'.
  Trying implicit prerequisite `../../../src/Makefile.port.S'.
   Trying pattern rule with stem `common.mk.sh'.
    Trying implicit prerequisite `../../../../src/backend/RCS/common.mk.mod,v'.
  Trying pattern rule with stem `common.mk'.
     Avoiding implicit rule recursion.
  Rejecting impossible implicit prerequisite `../../../src/backend/common.mk.r'.
     Avoiding implicit rule recursion.
   Trying implicit prerequisite `../../../src/backend/RCS/common.mk.sh,v'.
   Trying pattern rule with stem `common.mk.sh'.
     Avoiding implicit rule recursion.
   Trying implicit prerequisite `../../../src/backend/RCS/common.mk.sh'.
   Trying pattern rule with stem `common.mk.sh'.
   Trying implicit prerequisite `../../../src/backend/s.common.mk.sh'.
    Trying implicit prerequisite `../../../../src/backend/common.mk.mod,v'.
  Trying pattern rule with stem `Makefile.port'.
   Trying pattern rule with stem `common.mk.sh'.
  Trying implicit prerequisite `../../../src/Makefile.port.mod'.
   Trying implicit prerequisite `../../../src/backend/SCCS/s.common.mk.sh'.
  Trying pattern rule with stem `Makefile.port'.
  No implicit rule found for `../../../src/backend/common.mk'.
    Trying pattern rule with stem `common.mk.mod'.
  Trying implicit prerequisite `../../../src/Makefile.port.sh'.
  Finished prerequisites of target file `../../../src/backend/common.mk'.
  Trying pattern rule with stem `common.mk'.
    Trying pattern rule with stem `common.mk.mod'.
 No need to remake target `../../../src/backend/common.mk'.
  Trying pattern rule with stem `Makefile.port'.
  Rejecting impossible implicit prerequisite `../../../src/backend/common.mk.s'.
  Trying pattern rule with stem `common.mk'.
    Trying implicit prerequisite `../../../../src/backend/RCS/common.mk.mod'.
  Rejecting impossible implicit prerequisite `../../../src/backend/common.mk.S'.
  Trying implicit prerequisite `../../../src/Makefile.port,v'.
 Considering target file `../../../src/Makefile.custom'.
  File `../../../src/Makefile.custom' does not exist.
     Trying pattern rule with stem `common.mk.S'.
  Trying pattern rule with stem `Makefile.port'.
  Trying pattern rule with stem `common.mk'.
  Looking for an implicit rule for `../../../src/Makefile.custom'.
     Trying implicit prerequisite `../../../src/backend/common.mk.S,v'.
    Trying implicit prerequisite `../../../../src/backend/RCS/common.mk.mod,v'.
     Trying pattern rule with stem `common.mk.S'.
    Trying pattern rule with stem `common.mk.mod'.
  Rejecting impossible implicit prerequisite `../../../src/backend/common.mk.mod'.
    Trying pattern rule with stem `common.mk.mod'.
     Trying implicit prerequisite `../../../src/backend/RCS/common.mk.S,v'.
  Trying pattern rule with stem `common.mk'.
  Trying pattern rule with stem `Makefile.custom'.
    Trying implicit prerequisite `../../../../src/backend/s.common.mk.mod'.
    Trying pattern rule with stem `common.mk.mod'.
    Trying implicit prerequisite `../../../../src/backend/RCS/common.mk.mod'.
    Trying pattern rule with stem `common.mk.mod'.
    Trying implicit prerequisite `../../../../src/backend/SCCS/s.common.mk.mod'.
  Trying pattern rule with stem `common.mk'.
  Trying implicit prerequisite `../../../src/RCS/Makefile.port,v'.
     Trying pattern rule with stem `common.mk.S'.
    Trying implicit prerequisite `../../../../src/backend/s.common.mk.mod'.
  Trying implicit prerequisite `../../../src/Makefile.custom.o'.
  Rejecting impossible implicit prerequisite `../../../../src/backend/common.mk.cc'.
  Trying pattern rule with stem `Makefile.port'.
  Trying pattern rule with stem `common.mk'.
  Trying implicit prerequisite `../../../src/RCS/Makefile.port'.
  Trying pattern rule with stem `Makefile.port'.
  Trying implicit prerequisite `../../../src/backend/common.mk.sh'.
     Trying implicit prerequisite `../../../src/backend/RCS/common.mk.S'.
    Trying pattern rule with stem `common.mk.mod'.
  Rejecting impossible implicit prerequisite `../../../../src/backend/common.mk.C'.
    Trying implicit prerequisite `../../../../src/backend/SCCS/s.common.mk.mod'.
  Trying pattern rule with stem `common.mk'.
  Trying pattern rule with stem `Makefile.custom'.
  Trying implicit prerequisite `../../../src/s.Makefile.port'.
     Trying pattern rule with stem `common.mk.S'.
  Trying implicit prerequisite `../../../src/Makefile.custom.cc'.
  Trying pattern rule with stem `Makefile.port'.
     Trying implicit prerequisite `../../../src/backend/s.common.mk.S'.
  Trying pattern rule with stem `Makefile.custom'.
  Trying pattern rule with stem `common.mk'.
  Looking for a rule with intermediate file `../../../src/backend/common.mk.sh'.
   Avoiding implicit rule recursion.
   Trying pattern rule with stem `common.mk.sh'.
  Trying implicit prerequisite `../../../src/Makefile.custom.C'.
  Rejecting impossible implicit prerequisite `../../../../src/backend/common.mk.cc'.
     Trying pattern rule with stem `common.mk.S'.
  Trying pattern rule with stem `Makefile.custom'.
  Rejecting impossible implicit prerequisite `../../../../src/backend/common.mk.cpp'.
  Trying implicit prerequisite `../../../src/SCCS/s.Makefile.port'.
  Trying pattern rule with stem `common.mk'.
     Trying implicit prerequisite `../../../src/backend/SCCS/s.common.mk.S'.
  Rejecting impossible implicit prerequisite `../../../../src/backend/common.mk.C'.
   Trying pattern rule with stem `common.mk'.
  Trying pattern rule with stem `Makefile.port'.
  Trying pattern rule with stem `common.mk'.
  Trying pattern rule with stem `common.mk'.
  Trying implicit prerequisite `../../../src/Makefile.port.o'.
   Trying implicit prerequisite `../../../src/backend/common.mk.sh,v'.
  Trying implicit prerequisite `../../../src/Makefile.custom.cpp'.
   Trying pattern rule with stem `common.mk.sh'.
  Trying pattern rule with stem `Makefile.custom'.
  Rejecting impossible implicit prerequisite `../../../../src/backend/common.mk.cpp'.
  Looking for a rule with intermediate file `../../../src/Makefile.port.o'.
   Trying implicit prerequisite `../../../src/backend/RCS/common.mk.sh,v'.
   Rejecting impossible implicit prerequisite `../../../src/backend/common.mk.S'.
   Avoiding implicit rule recursion.
   Trying pattern rule with stem `Makefile.port'.
  Trying implicit prerequisite `../../../src/Makefile.custom.p'.
  Rejecting impossible implicit prerequisite `../../../../src/backend/common.mk.p'.
   Trying pattern rule with stem `common.mk.sh'.
  Trying pattern rule with stem `Makefile.custom'.
  Trying pattern rule with stem `common.mk'.
  Trying pattern rule with stem `common.mk'.
  Rejecting impossible implicit prerequisite `../../../../src/backend/common.mk.p'.
  Rejecting impossible implicit prerequisite `../../../../src/backend/common.mk.f'.
   Trying implicit prerequisite `../../../src/Makefile.port.c'.
  Trying implicit prerequisite `../../../src/Makefile.custom.f'.
   Trying pattern rule with stem `common.mk'.
  Trying pattern rule with stem `common.mk'.
  Trying pattern rule with stem `Makefile.custom'.
  Trying pattern rule with stem `common.mk'.
   Trying pattern rule with stem `Makefile.port'.
  Trying implicit prerequisite `../../../src/Makefile.custom.F'.
   Trying implicit prerequisite `../../../src/Makefile.port.cc'.
   Trying implicit prerequisite `../../../src/backend/RCS/common.mk.sh'.
  Trying pattern rule with stem `Makefile.custom'.
   Trying pattern rule with stem `common.mk.sh'.
  Trying implicit prerequisite `../../../src/Makefile.custom.m'.
   Trying implicit prerequisite `../../../src/backend/s.common.mk.sh'.
  Rejecting impossible implicit prerequisite `../../../../src/backend/common.mk.F'.
   Trying pattern rule with stem `Makefile.port'.
   Trying implicit prerequisite `../../../src/backend/common.mk.mod'.
   Trying pattern rule with stem `common.mk.sh'.
   Looking for a rule with intermediate file `../../../src/backend/common.mk.mod'.
   Trying implicit prerequisite `../../../src/backend/SCCS/s.common.mk.sh'.
  Rejecting impossible implicit prerequisite `../../../../src/backend/common.mk.f'.
    Avoiding implicit rule recursion.
   Trying implicit prerequisite `../../../src/Makefile.port.C'.
    Avoiding implicit rule recursion.
  Trying pattern rule with stem `common.mk'.
    Trying pattern rule with stem `common.mk.mod'.
  Trying pattern rule with stem `Makefile.custom'.
    Trying implicit prerequisite `../../../src/backend/common.mk.mod,v'.
  Rejecting impossible implicit prerequisite `../../../../src/backend/common.mk.F'.
  Trying pattern rule with stem `common.mk'.
    Trying pattern rule with stem `common.mk.mod'.
   Trying pattern rule with stem `Makefile.port'.
  Rejecting impossible implicit prerequisite `../../../../src/backend/common.mk.m'.
  Trying pattern rule with stem `common.mk'.
  Rejecting impossible implicit prerequisite `../../../../src/backend/common.mk.m'.
  Trying pattern rule with stem `common.mk'.
  Trying pattern rule with stem `common.mk'.
  Rejecting impossible implicit prerequisite `../../../../src/backend/common.mk.r'.
  Trying implicit prerequisite `../../../src/Makefile.custom.r'.
  Trying pattern rule with stem `Makefile.custom'.
  Trying pattern rule with stem `common.mk'.
  Trying implicit prerequisite `../../../src/Makefile.custom.s'.
   Trying implicit prerequisite `../../../src/Makefile.port.cpp'.
    Trying implicit prerequisite `../../../src/backend/RCS/common.mk.mod,v'.
   Trying pattern rule with stem `Makefile.port'.
  Trying pattern rule with stem `Makefile.custom'.
  Rejecting impossible implicit prerequisite `../../../../src/backend/common.mk.r'.
    Trying pattern rule with stem `common.mk.mod'.
  No implicit rule found for `../../../src/backend/common.mk'.
  Trying implicit prerequisite `../../../src/Makefile.custom.S'.
  Trying pattern rule with stem `Makefile.custom'.
  Trying pattern rule with stem `common.mk'.
  Trying implicit prerequisite `../../../src/Makefile.custom.mod'.
  Rejecting impossible implicit prerequisite `../../../../src/backend/common.mk.s'.
   Trying implicit prerequisite `../../../src/Makefile.port.p'.
  Trying pattern rule with stem `Makefile.custom'.
   Trying pattern rule with stem `Makefile.port'.
   Trying implicit prerequisite `../../../src/Makefile.port.f'.
   Trying pattern rule with stem `Makefile.port'.
  Finished prerequisites of target file `../../../src/backend/common.mk'.
  Trying pattern rule with stem `common.mk'.
  Trying implicit prerequisite `../../../src/Makefile.custom.sh'.
  Rejecting impossible implicit prerequisite `../../../../src/backend/common.mk.S'.
 No need to remake target `../../../src/backend/common.mk'.
 Considering target file `../../../src/Makefile.custom'.
    Trying implicit prerequisite `../../../src/backend/RCS/common.mk.mod'.
  Trying pattern rule with stem `Makefile.custom'.
  Trying implicit prerequisite `../../../src/Makefile.custom,v'.
  File `../../../src/Makefile.custom' does not exist.
   Trying implicit prerequisite `../../../src/Makefile.port.F'.
  Trying pattern rule with stem `Makefile.custom'.
    Trying pattern rule with stem `common.mk.mod'.
  Trying implicit prerequisite `../../../src/RCS/Makefile.custom,v'.
  Looking for an implicit rule for `../../../src/Makefile.custom'.
  Trying pattern rule with stem `Makefile.custom'.
  Trying pattern rule with stem `Makefile.custom'.
  Trying implicit prerequisite `../../../src/RCS/Makefile.custom'.
  Trying pattern rule with stem `common.mk'.
  Trying pattern rule with stem `Makefile.custom'.
  Rejecting impossible implicit prerequisite `../../../../src/backend/common.mk.mod'.
  Trying pattern rule with stem `common.mk'.
  Trying implicit prerequisite `../../../../src/backend/common.mk.sh'.
    Trying implicit prerequisite `../../../src/backend/s.common.mk.mod'.
   Trying pattern rule with stem `Makefile.port'.
  Trying implicit prerequisite `../../../src/s.Makefile.custom'.
  Looking for a rule with intermediate file `../../../../src/backend/common.mk.sh'.
    Trying pattern rule with stem `common.mk.mod'.
  Trying implicit prerequisite `../../../src/Makefile.custom.o'.
   Trying implicit prerequisite `../../../src/Makefile.port.m'.
  Trying pattern rule with stem `Makefile.custom'.
  Rejecting impossible implicit prerequisite `../../../../src/backend/common.mk.s'.
  Trying pattern rule with stem `common.mk'.
  Trying implicit prerequisite `../../../src/SCCS/s.Makefile.custom'.
   Trying pattern rule with stem `Makefile.port'.
  Trying pattern rule with stem `Makefile.custom'.
   Trying implicit prerequisite `../../../src/Makefile.port.r'.
  Rejecting impossible implicit prerequisite `../../../../src/backend/common.mk.S'.
   Trying pattern rule with stem `Makefile.port'.
   Avoiding implicit rule recursion.
    Trying implicit prerequisite `../../../src/backend/SCCS/s.common.mk.mod'.
   Trying pattern rule with stem `common.mk.sh'.
  Trying pattern rule with stem `common.mk'.
   Trying implicit prerequisite `../../../src/Makefile.port.s'.
  Trying pattern rule with stem `common.mk'.
  Trying pattern rule with stem `Makefile.custom'.
  Rejecting impossible implicit prerequisite `../../../src/backend/common.mk.cc'.
  Rejecting impossible implicit prerequisite `../../../../src/backend/common.mk.mod'.
   Trying implicit prerequisite `../../../../src/backend/common.mk.sh,v'.
  Trying implicit prerequisite `../../../src/Makefile.custom.cc'.
   Trying pattern rule with stem `common.mk.sh'.
  Trying implicit prerequisite `../../../src/Makefile.custom.o'.
  Trying pattern rule with stem `Makefile.custom'.
   Trying pattern rule with stem `Makefile.port'.
  Trying implicit prerequisite `../../../src/Makefile.custom.C'.
  Trying pattern rule with stem `Makefile.custom'.
   Trying implicit prerequisite `../../../src/Makefile.port.S'.
   Trying pattern rule with stem `Makefile.port'.
  Trying pattern rule with stem `common.mk'.
   Trying implicit prerequisite `../../../../src/backend/RCS/common.mk.sh,v'.
   Trying implicit prerequisite `../../../src/Makefile.port.mod'.
  Trying pattern rule with stem `common.mk'.
   Trying pattern rule with stem `common.mk.sh'.
   Trying implicit prerequisite `../../../../src/backend/RCS/common.mk.sh'.
  Looking for a rule with intermediate file `../../../src/Makefile.custom.o'.
   Trying pattern rule with stem `common.mk.sh'.
  Trying implicit prerequisite `../../../src/Makefile.custom.cpp'.
  Rejecting impossible implicit prerequisite `../../../src/backend/common.mk.C'.
  Trying pattern rule with stem `Makefile.custom'.
   Trying pattern rule with stem `Makefile.port.o'.
   Avoiding implicit rule recursion.
  Trying implicit prerequisite `../../../../src/backend/common.mk.sh'.
  Looking for a rule with intermediate file `../../../../src/backend/common.mk.sh'.
   Trying implicit prerequisite `../../../../src/backend/s.common.mk.sh'.
   Trying implicit prerequisite `../../../src/Makefile.port.o,v'.
   Avoiding implicit rule recursion.
  Trying implicit prerequisite `../../../src/Makefile.custom.p'.
   Trying pattern rule with stem `common.mk.sh'.
  Trying pattern rule with stem `Makefile.custom'.
   Trying pattern rule with stem `common.mk.sh'.
  Trying implicit prerequisite `../../../src/Makefile.custom.f'.
   Trying implicit prerequisite `../../../../src/backend/common.mk.sh,v'.
  Trying pattern rule with stem `common.mk'.
  Trying pattern rule with stem `Makefile.custom'.
   Trying pattern rule with stem `Makefile.custom'.
  Trying implicit prerequisite `../../../src/Makefile.custom.F'.
  Trying pattern rule with stem `Makefile.custom'.
   Trying pattern rule with stem `common.mk.sh'.
   Trying implicit prerequisite `../../../../src/backend/RCS/common.mk.sh,v'.
   Trying pattern rule with stem `common.mk.sh'.
   Trying implicit prerequisite `../../../../src/backend/RCS/common.mk.sh'.
   Trying pattern rule with stem `common.mk.sh'.
  Trying implicit prerequisite `../../../src/Makefile.custom.m'.
   Trying pattern rule with stem `Makefile.port.o'.
  Rejecting impossible implicit prerequisite `../../../src/backend/common.mk.cpp'.
  Trying pattern rule with stem `common.mk'.
   Trying implicit prerequisite `../../../../src/backend/SCCS/s.common.mk.sh'.
  Trying pattern rule with stem `Makefile.custom'.
  No implicit rule found for `../../../../src/backend/common.mk'.
  Trying implicit prerequisite `../../../src/Makefile.custom.r'.
   Trying implicit prerequisite `../../../src/Makefile.custom.c'.
  Trying pattern rule with stem `Makefile.custom'.
  Rejecting impossible implicit prerequisite `../../../src/backend/common.mk.p'.
  Finished prerequisites of target file `../../../../src/backend/common.mk'.
   Trying pattern rule with stem `Makefile.custom'.
  Trying implicit prerequisite `../../../src/Makefile.custom.s'.
   Trying implicit prerequisite `../../../src/RCS/Makefile.port.o,v'.
   Trying pattern rule with stem `Makefile.port.o'.
  Trying pattern rule with stem `common.mk'.
  Trying pattern rule with stem `Makefile.custom'.
  Rejecting impossible implicit prerequisite `../../../src/backend/common.mk.f'.
   Trying implicit prerequisite `../../../src/Makefile.custom.cc'.
  Trying implicit prerequisite `../../../src/Makefile.custom.S'.
   Trying implicit prerequisite `../../../src/RCS/Makefile.port.o'.
   Trying implicit prerequisite `../../../../src/backend/s.common.mk.sh'.
   Trying pattern rule with stem `Makefile.port.o'.
  Trying pattern rule with stem `common.mk'.
   Trying implicit prerequisite `../../../src/s.Makefile.port.o'.
  Trying pattern rule with stem `Makefile.custom'.
  Trying implicit prerequisite `../../../src/Makefile.custom.mod'.
   Trying pattern rule with stem `Makefile.port.o'.
  Trying pattern rule with stem `Makefile.custom'.
   Trying implicit prerequisite `../../../src/SCCS/s.Makefile.port.o'.
  Trying implicit prerequisite `../../../src/Makefile.custom.sh'.
 No need to remake target `../../../../src/backend/common.mk'.
  Rejecting impossible implicit prerequisite `../../../src/backend/common.mk.F'.
   Trying pattern rule with stem `Makefile.port'.
  Trying pattern rule with stem `common.mk'.
   Trying pattern rule with stem `Makefile.custom'.
  Rejecting impossible implicit prerequisite `../../../src/backend/common.mk.m'.
   Trying implicit prerequisite `../../../src/Makefile.custom.C'.
 Considering target file `../../../../src/Makefile.custom'.
   Trying implicit prerequisite `../../../src/Makefile.port.c'.
   Looking for a rule with intermediate file `../../../src/Makefile.port.c'.
  Trying pattern rule with stem `common.mk'.
   Trying pattern rule with stem `Makefile.custom'.
   Trying pattern rule with stem `common.mk.sh'.
  File `../../../../src/Makefile.custom' does not exist.
    Avoiding implicit rule recursion.
    Avoiding implicit rule recursion.
  Rejecting impossible implicit prerequisite `../../../src/backend/common.mk.r'.
    Trying pattern rule with stem `Makefile.port'.
   Trying implicit prerequisite `../../../../src/backend/SCCS/s.common.mk.sh'.
    Trying implicit prerequisite `../../../src/Makefile.port.l'.
  Trying pattern rule with stem `Makefile.custom'.
    Trying pattern rule with stem `Makefile.port'.
  Looking for an implicit rule for `../../../../src/Makefile.custom'.
  Trying pattern rule with stem `common.mk'.
  No implicit rule found for `../../../../src/backend/common.mk'.
  Rejecting impossible implicit prerequisite `../../../src/backend/common.mk.s'.
  Trying implicit prerequisite `../../../src/Makefile.custom,v'.
  Finished prerequisites of target file `../../../../src/backend/common.mk'.
  Trying pattern rule with stem `Makefile.custom'.
  Trying pattern rule with stem `Makefile.custom'.
  Trying implicit prerequisite `../../../src/RCS/Makefile.custom,v'.
 No need to remake target `../../../../src/backend/common.mk'.
    Trying implicit prerequisite `../../../src/Makefile.port.y'.
   Trying implicit prerequisite `../../../src/Makefile.custom.cpp'.
 Considering target file `../../../../src/Makefile.custom'.
    Trying pattern rule with stem `Makefile.port'.
  Trying pattern rule with stem `Makefile.custom'.
  Trying implicit prerequisite `../../../../src/Makefile.custom.o'.
  File `../../../../src/Makefile.custom' does not exist.
  Trying pattern rule with stem `common.mk'.
  Rejecting impossible implicit prerequisite `../../../src/backend/common.mk.S'.
  Looking for an implicit rule for `../../../../src/Makefile.custom'.
  Trying implicit prerequisite `../../../src/RCS/Makefile.custom'.
    Trying implicit prerequisite `../../../src/Makefile.port.w'.
  Trying pattern rule with stem `Makefile.custom'.
  Trying pattern rule with stem `Makefile.custom'.
  Trying implicit prerequisite `../../../../src/Makefile.custom.cc'.
  Trying pattern rule with stem `Makefile.custom'.
  Trying pattern rule with stem `common.mk'.
  Trying implicit prerequisite `../../../src/s.Makefile.custom'.
   Trying pattern rule with stem `Makefile.custom'.
  Rejecting impossible implicit prerequisite `../../../src/backend/common.mk.mod'.
  Trying pattern rule with stem `common.mk'.
   Trying implicit prerequisite `../../../src/Makefile.custom.p'.
  Trying pattern rule with stem `Makefile.custom'.
  Trying pattern rule with stem `Makefile.custom'.
    Trying pattern rule with stem `Makefile.port'.
  Trying implicit prerequisite `../../../src/SCCS/s.Makefile.custom'.
  Trying pattern rule with stem `Makefile.custom'.
   Trying pattern rule with stem `Makefile.custom'.
  Trying implicit prerequisite `../../../src/backend/common.mk.sh'.
    Trying implicit prerequisite `../../../src/Makefile.port.w'.
   Trying implicit prerequisite `../../../src/Makefile.custom.f'.
  Trying implicit prerequisite `../../../../src/Makefile.custom.C'.
   Trying pattern rule with stem `Makefile.custom'.
  Trying implicit prerequisite `../../../src/Makefile.custom.o'.
  Looking for a rule with intermediate file `../../../src/Makefile.custom.o'.
   Avoiding implicit rule recursion.
  Trying pattern rule with stem `Makefile.custom'.
   Trying implicit prerequisite `../../../src/Makefile.custom.F'.
  Trying implicit prerequisite `../../../../src/Makefile.custom.cpp'.
  Trying implicit prerequisite `../../../../src/Makefile.custom.o'.
    Trying pattern rule with stem `Makefile.port.c'.
   Trying pattern rule with stem `Makefile.custom'.
  Looking for a rule with intermediate file `../../../src/backend/common.mk.sh'.
  Trying pattern rule with stem `Makefile.custom'.
   Trying pattern rule with stem `Makefile.custom'.
    Trying implicit prerequisite `../../../src/Makefile.port.c,v'.
   Avoiding implicit rule recursion.
    Trying pattern rule with stem `Makefile.port.c'.
  Trying implicit prerequisite `../../../../src/Makefile.custom.p'.
    Trying implicit prerequisite `../../../src/RCS/Makefile.port.c,v'.
   Trying pattern rule with stem `common.mk.sh'.
   Trying implicit prerequisite `../../../src/Makefile.custom.c'.
  Trying pattern rule with stem `Makefile.custom'.
    Trying pattern rule with stem `Makefile.port.c'.
  Trying pattern rule with stem `Makefile.custom'.
    Trying implicit prerequisite `../../../src/RCS/Makefile.port.c'.
    Trying pattern rule with stem `Makefile.port.c'.
   Trying pattern rule with stem `Makefile.custom'.
  Trying implicit prerequisite `../../../../src/Makefile.custom.f'.
   Trying implicit prerequisite `../../../src/Makefile.custom.cc'.
   Trying pattern rule with stem `Makefile.custom'.
  Trying implicit prerequisite `../../../../src/Makefile.custom.cc'.
   Trying implicit prerequisite `../../../src/Makefile.custom.C'.
   Trying implicit prerequisite `../../../src/backend/common.mk.sh,v'.
   Trying pattern rule with stem `Makefile.custom'.
    Trying implicit prerequisite `../../../src/s.Makefile.port.c'.
  Trying pattern rule with stem `Makefile.custom'.
   Trying implicit prerequisite `../../../src/Makefile.custom.cpp'.
  Trying pattern rule with stem `Makefile.custom'.
   Trying pattern rule with stem `common.mk.sh'.
   Trying implicit prerequisite `../../../src/Makefile.custom.m'.
  Trying implicit prerequisite `../../../../src/Makefile.custom.F'.
   Trying pattern rule with stem `Makefile.custom'.
   Trying implicit prerequisite `../../../src/backend/RCS/common.mk.sh,v'.
   Trying implicit prerequisite `../../../src/Makefile.custom.p'.
   Trying pattern rule with stem `Makefile.custom'.
   Trying implicit prerequisite `../../../src/Makefile.custom.f'.
   Trying pattern rule with stem `common.mk.sh'.
   Trying pattern rule with stem `Makefile.custom'.
   Trying implicit prerequisite `../../../src/backend/RCS/common.mk.sh'.
   Trying pattern rule with stem `Makefile.custom'.
   Trying implicit prerequisite `../../../src/Makefile.custom.F'.
  Trying pattern rule with stem `Makefile.custom'.
   Trying implicit prerequisite `../../../src/Makefile.custom.r'.
   Trying pattern rule with stem `Makefile.custom'.
   Trying pattern rule with stem `common.mk.sh'.
    Trying pattern rule with stem `Makefile.port.c'.
   Trying implicit prerequisite `../../../src/Makefile.custom.m'.
  Trying implicit prerequisite `../../../../src/Makefile.custom.C'.
   Trying pattern rule with stem `Makefile.custom'.
   Trying pattern rule with stem `Makefile.custom'.
    Trying implicit prerequisite `../../../src/SCCS/s.Makefile.port.c'.
    Trying pattern rule with stem `Makefile.port'.
  Trying implicit prerequisite `../../../../src/Makefile.custom.m'.
    Trying implicit prerequisite `../../../src/Makefile.port.l'.
  Trying pattern rule with stem `Makefile.custom'.
    Looking for a rule with intermediate file `../../../src/Makefile.port.l'.
   Trying implicit prerequisite `../../../src/backend/s.common.mk.sh'.
   Trying implicit prerequisite `../../../src/Makefile.custom.s'.
   Trying implicit prerequisite `../../../src/Makefile.custom.r'.
  Trying pattern rule with stem `Makefile.custom'.
   Trying pattern rule with stem `Makefile.custom'.
   Trying implicit prerequisite `../../../src/Makefile.custom.s'.
   Trying pattern rule with stem `Makefile.custom'.
  Trying implicit prerequisite `../../../../src/Makefile.custom.cpp'.
   Trying implicit prerequisite `../../../src/Makefile.custom.S'.
   Trying pattern rule with stem `common.mk.sh'.
  Trying implicit prerequisite `../../../../src/Makefile.custom.r'.
     Avoiding implicit rule recursion.
     Avoiding implicit rule recursion.
  Trying pattern rule with stem `Makefile.custom'.
  Trying pattern rule with stem `Makefile.custom'.
   Trying pattern rule with stem `Makefile.custom'.
     Avoiding implicit rule recursion.
  Trying implicit prerequisite `../../../../src/Makefile.custom.s'.
   Trying implicit prerequisite `../../../src/backend/SCCS/s.common.mk.sh'.
     Trying pattern rule with stem `Makefile.port.l'.
  Trying pattern rule with stem `Makefile.custom'.
   Trying pattern rule with stem `Makefile.custom'.
  No implicit rule found for `../../../src/backend/common.mk'.
  Trying implicit prerequisite `../../../../src/Makefile.custom.S'.
  Trying pattern rule with stem `Makefile.custom'.
  Trying implicit prerequisite `../../../../src/Makefile.custom.p'.
     Trying implicit prerequisite `../../../src/Makefile.port.l,v'.
  Finished prerequisites of target file `../../../src/backend/common.mk'.
  Trying implicit prerequisite `../../../../src/Makefile.custom.mod'.
   Trying implicit prerequisite `../../../src/Makefile.custom.mod'.
  Trying pattern rule with stem `Makefile.custom'.
 No need to remake target `../../../src/backend/common.mk'.
  Trying implicit prerequisite `../../../../src/Makefile.custom.sh'.
  Trying pattern rule with stem `Makefile.custom'.
     Trying pattern rule with stem `Makefile.port.l'.
 Considering target file `../../../src/Makefile.custom'.
     Trying implicit prerequisite `../../../src/RCS/Makefile.port.l,v'.
  Trying pattern rule with stem `Makefile.custom'.
     Trying pattern rule with stem `Makefile.port.l'.
   Trying implicit prerequisite `../../../src/Makefile.custom.S'.
  Trying implicit prerequisite `../../../../src/Makefile.custom,v'.
  Trying implicit prerequisite `../../../../src/Makefile.custom.f'.
  Trying pattern rule with stem `Makefile.custom'.
   Trying pattern rule with stem `Makefile.custom'.
   Trying pattern rule with stem `Makefile.custom.o'.
  Trying implicit prerequisite `../../../../src/RCS/Makefile.custom,v'.
     Trying implicit prerequisite `../../../src/RCS/Makefile.port.l'.
   Trying implicit prerequisite `../../../src/Makefile.custom.mod'.
  Trying pattern rule with stem `Makefile.custom'.
   Trying pattern rule with stem `Makefile.custom.o'.
   Trying implicit prerequisite `../../../src/Makefile.custom.o,v'.
  Trying pattern rule with stem `Makefile.custom'.
     Trying pattern rule with stem `Makefile.port.l'.
     Trying implicit prerequisite `../../../src/s.Makefile.port.l'.
  Trying implicit prerequisite `../../../../src/RCS/Makefile.custom'.
   Trying pattern rule with stem `Makefile.custom.o'.
     Trying pattern rule with stem `Makefile.port.l'.
     Trying implicit prerequisite `../../../src/SCCS/s.Makefile.port.l'.
   Trying implicit prerequisite `../../../src/RCS/Makefile.custom.o,v'.
    Trying pattern rule with stem `Makefile.port'.
   Trying implicit prerequisite `../../../src/Makefile.custom.o,v'.
    Trying implicit prerequisite `../../../src/Makefile.port.y'.
  Trying pattern rule with stem `Makefile.custom'.
   Trying pattern rule with stem `Makefile.custom.o'.
  Trying implicit prerequisite `../../../../src/s.Makefile.custom'.
  File `../../../src/Makefile.custom' does not exist.
    Looking for a rule with intermediate file `../../../src/Makefile.port.y'.
  Trying implicit prerequisite `../../../../src/Makefile.custom.F'.
     Avoiding implicit rule recursion.
  Trying pattern rule with stem `Makefile.custom'.
   Trying pattern rule with stem `Makefile.custom.o'.
   Trying implicit prerequisite `../../../src/RCS/Makefile.custom.o'.
     Avoiding implicit rule recursion.
     Avoiding implicit rule recursion.
   Trying pattern rule with stem `Makefile.custom.o'.
     Trying pattern rule with stem `Makefile.port.y'.
  Trying implicit prerequisite `../../../../src/Makefile.custom.m'.
  Trying pattern rule with stem `Makefile.custom'.
  Trying implicit prerequisite `../../../../src/Makefile.custom.r'.
  Looking for an implicit rule for `../../../src/Makefile.custom'.
  Trying pattern rule with stem `Makefile.custom'.
  Trying pattern rule with stem `Makefile.custom'.
   Trying implicit prerequisite `../../../src/RCS/Makefile.custom.o,v'.
  Trying implicit prerequisite `../../../../src/Makefile.custom.s'.
     Trying implicit prerequisite `../../../src/Makefile.port.y,v'.
  Trying pattern rule with stem `Makefile.custom'.
  Trying pattern rule with stem `Makefile.custom'.
  Trying implicit prerequisite `../../../../src/Makefile.custom.S'.
     Trying pattern rule with stem `Makefile.port.y'.
  Trying implicit prerequisite `../../../src/Makefile.custom.o'.
   Trying implicit prerequisite `../../../src/s.Makefile.custom.o'.
   Trying pattern rule with stem `Makefile.custom.o'.
   Trying pattern rule with stem `Makefile.custom.o'.
  Trying implicit prerequisite `../../../../src/SCCS/s.Makefile.custom'.
  Trying pattern rule with stem `Makefile.custom'.
  Trying pattern rule with stem `Makefile.custom'.
     Trying implicit prerequisite `../../../src/RCS/Makefile.port.y,v'.
  Trying implicit prerequisite `../../../src/Makefile.custom.cc'.
  Trying pattern rule with stem `Makefile.custom'.
     Trying pattern rule with stem `Makefile.port.y'.
  Trying implicit prerequisite `../../../src/Makefile.custom.C'.
   Trying implicit prerequisite `../../../src/SCCS/s.Makefile.custom.o'.
  Trying pattern rule with stem `Makefile.custom'.
  Trying implicit prerequisite `../../../../src/Makefile.custom.mod'.
  Trying implicit prerequisite `../../../../src/Makefile.custom.o'.
   Trying implicit prerequisite `../../../src/RCS/Makefile.custom.o'.
   Trying pattern rule with stem `Makefile.custom.o'.
     Trying implicit prerequisite `../../../src/RCS/Makefile.port.y'.
  Trying pattern rule with stem `Makefile.custom'.
     Trying pattern rule with stem `Makefile.port.y'.
   Trying implicit prerequisite `../../../src/s.Makefile.custom.o'.
     Trying implicit prerequisite `../../../src/s.Makefile.port.y'.
   Trying pattern rule with stem `Makefile.custom'.
     Trying pattern rule with stem `Makefile.port.y'.
   Trying implicit prerequisite `../../../src/Makefile.custom.c'.
   Looking for a rule with intermediate file `../../../src/Makefile.custom.c'.
  Trying implicit prerequisite `../../../../src/Makefile.custom.sh'.
  Trying pattern rule with stem `Makefile.custom'.
  Looking for a rule with intermediate file `../../../../src/Makefile.custom.o'.
    Avoiding implicit rule recursion.
   Avoiding implicit rule recursion.
   Trying pattern rule with stem `Makefile.custom.o'.
  Trying implicit prerequisite `../../../src/Makefile.custom.cpp'.
     Trying implicit prerequisite `../../../src/SCCS/s.Makefile.port.y'.
   Trying implicit prerequisite `../../../src/SCCS/s.Makefile.custom.o'.
   Trying pattern rule with stem `Makefile.custom'.
   Trying implicit prerequisite `../../../../src/Makefile.custom.c'.
   Trying pattern rule with stem `Makefile.custom'.
    Trying pattern rule with stem `Makefile.port'.
   Trying pattern rule with stem `Makefile.custom'.
    Avoiding implicit rule recursion.
   Trying implicit prerequisite `../../../src/Makefile.custom.c'.
    Trying pattern rule with stem `Makefile.custom'.
   Trying implicit prerequisite `../../../../src/Makefile.custom.cc'.
    Trying implicit prerequisite `../../../src/Makefile.custom.l'.
    Trying pattern rule with stem `Makefile.custom'.
   Trying pattern rule with stem `Makefile.custom'.
    Trying implicit prerequisite `../../../src/Makefile.custom.y'.
    Trying implicit prerequisite `../../../src/Makefile.port.w'.
   Trying implicit prerequisite `../../../../src/Makefile.custom.C'.
  Trying pattern rule with stem `Makefile.custom'.
   Trying pattern rule with stem `Makefile.custom'.
  Trying implicit prerequisite `../../../../src/Makefile.custom,v'.
    Looking for a rule with intermediate file `../../../src/Makefile.port.w'.
  Trying pattern rule with stem `Makefile.custom'.
     Avoiding implicit rule recursion.
     Avoiding implicit rule recursion.
    Trying pattern rule with stem `Makefile.custom'.
  Trying implicit prerequisite `../../../src/Makefile.custom.p'.
  Trying pattern rule with stem `Makefile.custom'.
  Trying pattern rule with stem `Makefile.custom'.
   Trying implicit prerequisite `../../../../src/Makefile.custom.cpp'.
   Looking for a rule with intermediate file `../../../src/Makefile.custom.c'.
     Avoiding implicit rule recursion.
  Trying implicit prerequisite `../../../src/Makefile.custom.f'.
    Avoiding implicit rule recursion.
    Trying implicit prerequisite `../../../src/Makefile.custom.w'.
     Trying pattern rule with stem `Makefile.port.w'.
   Trying pattern rule with stem `Makefile.custom'.
  Trying pattern rule with stem `Makefile.custom'.
  Trying implicit prerequisite `../../../../src/RCS/Makefile.custom,v'.
  Trying pattern rule with stem `Makefile.custom'.
    Avoiding implicit rule recursion.
  Trying implicit prerequisite `../../../src/Makefile.custom.F'.
    Trying pattern rule with stem `Makefile.custom'.
  Trying implicit prerequisite `../../../../src/RCS/Makefile.custom'.
     Trying implicit prerequisite `../../../src/Makefile.port.w,v'.
  Trying pattern rule with stem `Makefile.custom'.
   Trying implicit prerequisite `../../../../src/Makefile.custom.p'.
    Trying implicit prerequisite `../../../src/Makefile.custom.w'.
  Trying implicit prerequisite `../../../../src/s.Makefile.custom'.
  Trying pattern rule with stem `Makefile.custom'.
     Trying pattern rule with stem `Makefile.port.w'.
  Trying pattern rule with stem `Makefile.custom'.
     Trying implicit prerequisite `../../../src/RCS/Makefile.port.w,v'.
   Trying pattern rule with stem `Makefile.custom'.
     Trying pattern rule with stem `Makefile.port.w'.
  Trying implicit prerequisite `../../../src/Makefile.custom.m'.
    Trying pattern rule with stem `Makefile.custom.c'.
   Trying implicit prerequisite `../../../../src/Makefile.custom.f'.
     Trying implicit prerequisite `../../../src/RCS/Makefile.port.w'.
    Trying implicit prerequisite `../../../src/Makefile.custom.c,v'.
   Trying pattern rule with stem `Makefile.custom'.
  Trying implicit prerequisite `../../../../src/SCCS/s.Makefile.custom'.
     Trying pattern rule with stem `Makefile.port.w'.
    Trying pattern rule with stem `Makefile.custom.c'.
     Trying implicit prerequisite `../../../src/s.Makefile.port.w'.
    Trying implicit prerequisite `../../../src/RCS/Makefile.custom.c,v'.
  Trying pattern rule with stem `Makefile.custom'.
   Trying implicit prerequisite `../../../../src/Makefile.custom.F'.
    Trying pattern rule with stem `Makefile.custom.c'.
  Trying pattern rule with stem `Makefile.custom'.
    Trying implicit prerequisite `../../../src/RCS/Makefile.custom.c'.
    Trying pattern rule with stem `Makefile.custom.c'.
     Trying pattern rule with stem `Makefile.port.w'.
    Trying implicit prerequisite `../../../src/s.Makefile.custom.c'.
   Trying pattern rule with stem `Makefile.custom'.
    Trying pattern rule with stem `Makefile.custom.c'.
  Trying implicit prerequisite `../../../../src/Makefile.custom.o'.
  Trying implicit prerequisite `../../../src/Makefile.custom.r'.
     Trying implicit prerequisite `../../../src/SCCS/s.Makefile.port.w'.
   Trying implicit prerequisite `../../../../src/Makefile.custom.m'.
    Trying pattern rule with stem `Makefile.port'.
  Looking for a rule with intermediate file `../../../../src/Makefile.custom.o'.
    Rejecting impossible implicit prerequisite `../../../src/Makefile.port.w'.
   Trying pattern rule with stem `Makefile.port'.
   Avoiding implicit rule recursion.
  Trying pattern rule with stem `Makefile.custom'.
    Trying pattern rule with stem `Makefile.custom'.
  Trying implicit prerequisite `../../../src/Makefile.custom.s'.
   Trying pattern rule with stem `Makefile.custom'.
  Trying pattern rule with stem `Makefile.custom'.
   Trying pattern rule with stem `Makefile.custom'.
   Trying implicit prerequisite `../../../../src/Makefile.custom.c'.
   Trying pattern rule with stem `Makefile.custom'.
   Trying implicit prerequisite `../../../../src/Makefile.custom.r'.
    Trying implicit prerequisite `../../../src/Makefile.custom.l'.
   Trying implicit prerequisite `../../../../src/Makefile.custom.cc'.
   Trying pattern rule with stem `Makefile.custom'.
   Trying implicit prerequisite `../../../src/Makefile.port.cc'.
    Trying implicit prerequisite `../../../src/SCCS/s.Makefile.custom.c'.
   Trying implicit prerequisite `../../../../src/Makefile.custom.C'.
    Trying pattern rule with stem `Makefile.custom'.
   Trying pattern rule with stem `Makefile.custom'.
    Trying implicit prerequisite `../../../src/Makefile.custom.y'.
    Trying pattern rule with stem `Makefile.custom'.
   Looking for a rule with intermediate file `../../../src/Makefile.port.cc'.
    Avoiding implicit rule recursion.
  Trying implicit prerequisite `../../../src/Makefile.custom.S'.
    Trying pattern rule with stem `Makefile.custom'.
    Avoiding implicit rule recursion.
   Trying implicit prerequisite `../../../../src/Makefile.custom.cpp'.
  Trying pattern rule with stem `Makefile.custom'.
    Trying pattern rule with stem `Makefile.port.cc'.
    Trying implicit prerequisite `../../../src/Makefile.custom.w'.
    Trying implicit prerequisite `../../../src/Makefile.custom.l'.
   Trying pattern rule with stem `Makefile.custom'.
   Trying implicit prerequisite `../../../../src/Makefile.custom.s'.
  Trying implicit prerequisite `../../../src/Makefile.custom.mod'.
    Trying pattern rule with stem `Makefile.custom'.
   Trying pattern rule with stem `Makefile.custom'.
   Trying pattern rule with stem `Makefile.custom'.
   Trying implicit prerequisite `../../../../src/Makefile.custom.p'.
    Trying implicit prerequisite `../../../src/Makefile.port.cc,v'.
    Trying implicit prerequisite `../../../src/Makefile.custom.w'.
    Looking for a rule with intermediate file `../../../src/Makefile.custom.l'.
    Trying pattern rule with stem `Makefile.port.cc'.
    Trying implicit prerequisite `../../../src/RCS/Makefile.port.cc,v'.
   Trying pattern rule with stem `Makefile.custom'.
   Trying implicit prerequisite `../../../../src/Makefile.custom.S'.
    Trying pattern rule with stem `Makefile.port.cc'.
     Avoiding implicit rule recursion.
  Trying pattern rule with stem `Makefile.custom'.
     Avoiding implicit rule recursion.
   Trying implicit prerequisite `../../../../src/Makefile.custom.f'.
   Trying pattern rule with stem `Makefile.custom'.
    Trying pattern rule with stem `Makefile.custom.c'.
   Trying implicit prerequisite `../../../../src/Makefile.custom.F'.
    Trying implicit prerequisite `../../../src/RCS/Makefile.port.cc'.
   Trying pattern rule with stem `Makefile.custom'.
    Trying implicit prerequisite `../../../src/Makefile.custom.c,v'.
   Trying pattern rule with stem `Makefile.custom'.
  Trying implicit prerequisite `../../../src/Makefile.custom.sh'.
     Avoiding implicit rule recursion.
     Trying pattern rule with stem `Makefile.custom.l'.
  Trying pattern rule with stem `Makefile.custom'.
     Trying implicit prerequisite `../../../src/Makefile.custom.l,v'.
   Trying implicit prerequisite `../../../../src/Makefile.custom.m'.
   Trying implicit prerequisite `../../../../src/Makefile.custom.mod'.
   Trying pattern rule with stem `Makefile.custom.o'.
  Trying implicit prerequisite `../../../src/Makefile.custom,v'.
    Trying pattern rule with stem `Makefile.custom.c'.
   Trying implicit prerequisite `../../../../src/Makefile.custom.o,v'.
     Trying pattern rule with stem `Makefile.custom.l'.
  Trying pattern rule with stem `Makefile.custom'.
    Trying pattern rule with stem `Makefile.port.cc'.
  Trying implicit prerequisite `../../../src/RCS/Makefile.custom,v'.
  Trying pattern rule with stem `Makefile.custom'.
   Trying pattern rule with stem `Makefile.custom'.
  Trying implicit prerequisite `../../../src/RCS/Makefile.custom'.
   Trying pattern rule with stem `Makefile.custom.o'.
     Trying implicit prerequisite `../../../src/RCS/Makefile.custom.l,v'.
   Trying implicit prerequisite `../../../../src/RCS/Makefile.custom.o,v'.
   Trying pattern rule with stem `Makefile.custom.o'.
     Trying pattern rule with stem `Makefile.custom.l'.
   Trying implicit prerequisite `../../../../src/RCS/Makefile.custom.o'.
     Trying implicit prerequisite `../../../src/RCS/Makefile.custom.l'.
   Trying implicit prerequisite `../../../../src/Makefile.custom.r'.
     Trying pattern rule with stem `Makefile.custom.l'.
    Trying implicit prerequisite `../../../src/RCS/Makefile.custom.c,v'.
   Trying pattern rule with stem `Makefile.custom'.
    Trying pattern rule with stem `Makefile.custom.c'.
     Trying implicit prerequisite `../../../src/s.Makefile.custom.l'.
    Trying implicit prerequisite `../../../src/s.Makefile.port.cc'.
   Trying implicit prerequisite `../../../../src/Makefile.custom.s'.
     Trying pattern rule with stem `Makefile.custom.l'.
   Trying pattern rule with stem `Makefile.custom'.
     Trying implicit prerequisite `../../../src/SCCS/s.Makefile.custom.l'.
    Trying implicit prerequisite `../../../src/RCS/Makefile.custom.c'.
   Trying implicit prerequisite `../../../../src/Makefile.custom.S'.
   Trying pattern rule with stem `Makefile.custom.o'.
  Trying pattern rule with stem `Makefile.custom'.
   Trying implicit prerequisite `../../../../src/s.Makefile.custom.o'.
    Trying pattern rule with stem `Makefile.custom.c'.
   Trying pattern rule with stem `Makefile.custom.o'.
    Trying pattern rule with stem `Makefile.port.cc'.
    Trying implicit prerequisite `../../../src/s.Makefile.custom.c'.
   Trying implicit prerequisite `../../../../src/SCCS/s.Makefile.custom.o'.
   Trying pattern rule with stem `Makefile.custom'.
    Trying pattern rule with stem `Makefile.custom'.
   Trying pattern rule with stem `Makefile.custom'.
   Trying implicit prerequisite `../../../../src/Makefile.custom.c'.
    Trying implicit prerequisite `../../../src/Makefile.custom.y'.
    Trying pattern rule with stem `Makefile.custom.c'.
  Trying implicit prerequisite `../../../src/s.Makefile.custom'.
    Trying implicit prerequisite `../../../src/SCCS/s.Makefile.port.cc'.
   Trying implicit prerequisite `../../../../src/Makefile.custom.mod'.
   Trying pattern rule with stem `Makefile.port'.
   Looking for a rule with intermediate file `../../../../src/Makefile.custom.c'.
  Trying pattern rule with stem `Makefile.custom'.
    Looking for a rule with intermediate file `../../../src/Makefile.custom.y'.
    Trying implicit prerequisite `../../../src/SCCS/s.Makefile.custom.c'.
   Trying pattern rule with stem `Makefile.custom.o'.
    Avoiding implicit rule recursion.
   Trying implicit prerequisite `../../../src/Makefile.port.C'.
     Avoiding implicit rule recursion.
   Trying implicit prerequisite `../../../../src/Makefile.custom.o,v'.
    Avoiding implicit rule recursion.
     Avoiding implicit rule recursion.
   Looking for a rule with intermediate file `../../../src/Makefile.port.C'.
  Trying implicit prerequisite `../../../src/SCCS/s.Makefile.custom'.
  Trying pattern rule with stem `Makefile.custom'.
     Avoiding implicit rule recursion.
    Trying pattern rule with stem `Makefile.custom'.
     Trying pattern rule with stem `Makefile.custom.y'.
    Avoiding implicit rule recursion.
    Trying implicit prerequisite `../../../src/Makefile.custom.l'.
    Avoiding implicit rule recursion.
   Trying pattern rule with stem `Makefile.custom.o'.
  Trying implicit prerequisite `../../../src/Makefile.custom.o'.
    Trying pattern rule with stem `Makefile.port.C'.
    Trying pattern rule with stem `Makefile.custom'.
     Trying implicit prerequisite `../../../src/Makefile.custom.y,v'.
    Trying implicit prerequisite `../../../../src/Makefile.custom.l'.
   Trying implicit prerequisite `../../../../src/RCS/Makefile.custom.o,v'.
    Trying pattern rule with stem `Makefile.custom'.
    Trying implicit prerequisite `../../../src/Makefile.port.C,v'.
    Trying implicit prerequisite `../../../../src/Makefile.custom.y'.
   Trying pattern rule with stem `Makefile.custom.o'.
    Trying pattern rule with stem `Makefile.port.C'.
    Looking for a rule with intermediate file `../../../src/Makefile.custom.l'.
    Trying implicit prerequisite `../../../src/RCS/Makefile.port.C,v'.
  Looking for a rule with intermediate file `../../../src/Makefile.custom.o'.
    Trying pattern rule with stem `Makefile.port.C'.
     Trying pattern rule with stem `Makefile.custom.y'.
   Trying implicit prerequisite `../../../../src/RCS/Makefile.custom.o'.
    Trying pattern rule with stem `Makefile.custom'.
     Avoiding implicit rule recursion.
     Avoiding implicit rule recursion.
   Avoiding implicit rule recursion.
    Trying implicit prerequisite `../../../src/RCS/Makefile.port.C'.
     Trying implicit prerequisite `../../../src/RCS/Makefile.custom.y,v'.
    Trying implicit prerequisite `../../../../src/Makefile.custom.w'.
   Trying pattern rule with stem `Makefile.custom'.
     Avoiding implicit rule recursion.
    Trying pattern rule with stem `Makefile.custom'.
   Trying pattern rule with stem `Makefile.custom.o'.
    Trying pattern rule with stem `Makefile.port.C'.
   Trying implicit prerequisite `../../../../src/s.Makefile.custom.o'.
   Trying pattern rule with stem `Makefile.custom.o'.
    Trying implicit prerequisite `../../../../src/Makefile.custom.w'.
   Trying implicit prerequisite `../../../../src/SCCS/s.Makefile.custom.o'.
     Trying pattern rule with stem `Makefile.custom.l'.
     Trying pattern rule with stem `Makefile.custom.y'.
    Trying implicit prerequisite `../../../src/s.Makefile.port.C'.
     Trying implicit prerequisite `../../../src/RCS/Makefile.custom.y'.
     Trying implicit prerequisite `../../../src/Makefile.custom.l,v'.
    Trying pattern rule with stem `Makefile.port.C'.
   Trying pattern rule with stem `Makefile.custom'.
     Trying pattern rule with stem `Makefile.custom.l'.
    Trying pattern rule with stem `Makefile.custom.c'.
   Trying implicit prerequisite `../../../../src/Makefile.custom.c'.
   Looking for a rule with intermediate file `../../../../src/Makefile.custom.c'.
   Trying implicit prerequisite `../../../src/Makefile.custom.c'.
    Avoiding implicit rule recursion.
    Trying implicit prerequisite `../../../../src/Makefile.custom.c,v'.
     Trying pattern rule with stem `Makefile.custom.y'.
    Trying pattern rule with stem `Makefile.custom.c'.
    Avoiding implicit rule recursion.
    Trying implicit prerequisite `../../../../src/RCS/Makefile.custom.c,v'.
    Trying pattern rule with stem `Makefile.custom'.
     Trying implicit prerequisite `../../../src/RCS/Makefile.custom.l,v'.
    Trying implicit prerequisite `../../../../src/Makefile.custom.l'.
    Trying implicit prerequisite `../../../src/SCCS/s.Makefile.port.C'.
    Trying pattern rule with stem `Makefile.custom'.
   Trying pattern rule with stem `Makefile.custom'.
    Trying pattern rule with stem `Makefile.custom.c'.
   Trying pattern rule with stem `Makefile.port'.
   Trying implicit prerequisite `../../../src/Makefile.custom.cc'.
     Trying pattern rule with stem `Makefile.custom.l'.
   Trying implicit prerequisite `../../../src/Makefile.port.cpp'.
     Trying implicit prerequisite `../../../src/s.Makefile.custom.y'.
   Looking for a rule with intermediate file `../../../src/Makefile.port.cpp'.
    Avoiding implicit rule recursion.
    Trying implicit prerequisite `../../../../src/RCS/Makefile.custom.c'.
   Trying pattern rule with stem `Makefile.custom'.
    Trying pattern rule with stem `Makefile.custom.c'.
   Trying implicit prerequisite `../../../src/Makefile.custom.C'.
    Trying implicit prerequisite `../../../../src/Makefile.custom.y'.
     Trying implicit prerequisite `../../../src/RCS/Makefile.custom.l'.
   Trying pattern rule with stem `Makefile.custom'.
    Trying implicit prerequisite `../../../../src/s.Makefile.custom.c'.
    Trying pattern rule with stem `Makefile.custom.c'.
   Trying implicit prerequisite `../../../src/Makefile.custom.cpp'.
    Trying implicit prerequisite `../../../../src/SCCS/s.Makefile.custom.c'.
     Trying pattern rule with stem `Makefile.custom.y'.
     Trying pattern rule with stem `Makefile.custom.l'.
    Trying pattern rule with stem `Makefile.custom'.
    Avoiding implicit rule recursion.
   Trying pattern rule with stem `Makefile.custom'.
     Trying implicit prerequisite `../../../src/s.Makefile.custom.l'.
     Trying implicit prerequisite `../../../src/SCCS/s.Makefile.custom.y'.
     Trying pattern rule with stem `Makefile.custom.l'.
    Trying pattern rule with stem `Makefile.custom'.
    Trying implicit prerequisite `../../../../src/Makefile.custom.w'.
    Trying pattern rule with stem `Makefile.custom'.
    Trying pattern rule with stem `Makefile.port.cpp'.
    Trying implicit prerequisite `../../../src/Makefile.port.cpp,v'.
   Trying implicit prerequisite `../../../src/Makefile.custom.p'.
    Trying pattern rule with stem `Makefile.port.cpp'.
    Trying pattern rule with stem `Makefile.custom'.
     Trying implicit prerequisite `../../../src/SCCS/s.Makefile.custom.l'.
    Trying implicit prerequisite `../../../src/Makefile.custom.w'.
    Trying implicit prerequisite `../../../src/RCS/Makefile.port.cpp,v'.
    Trying implicit prerequisite `../../../../src/Makefile.custom.l'.
    Trying implicit prerequisite `../../../../src/Makefile.custom.w'.
    Looking for a rule with intermediate file `../../../src/Makefile.custom.w'.
    Trying pattern rule with stem `Makefile.custom'.
    Trying pattern rule with stem `Makefile.custom.c'.
     Avoiding implicit rule recursion.
   Trying pattern rule with stem `Makefile.custom'.
    Trying implicit prerequisite `../../../src/Makefile.custom.y'.
    Trying implicit prerequisite `../../../../src/Makefile.custom.c,v'.
    Trying pattern rule with stem `Makefile.custom.c'.
     Avoiding implicit rule recursion.
    Looking for a rule with intermediate file `../../../../src/Makefile.custom.l'.
    Trying pattern rule with stem `Makefile.port.cpp'.
    Trying implicit prerequisite `../../../../src/RCS/Makefile.custom.c,v'.
    Trying pattern rule with stem `Makefile.custom.c'.
    Looking for a rule with intermediate file `../../../src/Makefile.custom.y'.
    Trying implicit prerequisite `../../../../src/RCS/Makefile.custom.c'.
     Avoiding implicit rule recursion.
    Trying implicit prerequisite `../../../src/RCS/Makefile.port.cpp'.
     Avoiding implicit rule recursion.
    Trying pattern rule with stem `Makefile.custom.c'.
     Avoiding implicit rule recursion.
    Trying implicit prerequisite `../../../../src/s.Makefile.custom.c'.
     Avoiding implicit rule recursion.
     Avoiding implicit rule recursion.
     Trying pattern rule with stem `Makefile.custom.w'.
    Trying pattern rule with stem `Makefile.port.cpp'.
     Trying pattern rule with stem `Makefile.custom.l'.
    Trying pattern rule with stem `Makefile.custom.c'.
     Trying implicit prerequisite `../../../src/Makefile.custom.w,v'.
   Trying implicit prerequisite `../../../src/Makefile.custom.f'.
     Avoiding implicit rule recursion.
    Trying implicit prerequisite `../../../../src/SCCS/s.Makefile.custom.c'.
     Trying pattern rule with stem `Makefile.custom.w'.
    Trying pattern rule with stem `Makefile.custom'.
    Trying implicit prerequisite `../../../../src/Makefile.custom.l'.
   Trying pattern rule with stem `Makefile.custom'.
    Trying implicit prerequisite `../../../src/s.Makefile.port.cpp'.
     Avoiding implicit rule recursion.
     Trying implicit prerequisite `../../../../src/Makefile.custom.l,v'.
     Trying pattern rule with stem `Makefile.custom.y'.
    Trying pattern rule with stem `Makefile.port.cpp'.
     Trying implicit prerequisite `../../../src/Makefile.custom.y,v'.
    Trying implicit prerequisite `../../../src/SCCS/s.Makefile.port.cpp'.
     Trying pattern rule with stem `Makefile.custom.y'.
   Trying pattern rule with stem `Makefile.port'.
     Trying implicit prerequisite `../../../src/RCS/Makefile.custom.y,v'.
   Trying implicit prerequisite `../../../src/Makefile.port.p'.
   Trying implicit prerequisite `../../../src/Makefile.custom.F'.
     Trying pattern rule with stem `Makefile.custom.l'.
     Trying implicit prerequisite `../../../src/RCS/Makefile.custom.w,v'.
   Looking for a rule with intermediate file `../../../src/Makefile.port.p'.
     Trying pattern rule with stem `Makefile.custom.w'.
    Looking for a rule with intermediate file `../../../../src/Makefile.custom.l'.
     Trying pattern rule with stem `Makefile.custom.y'.
   Trying pattern rule with stem `Makefile.custom'.
     Trying implicit prerequisite `../../../src/RCS/Makefile.custom.w'.
   Trying implicit prerequisite `../../../src/Makefile.custom.m'.
     Avoiding implicit rule recursion.
     Trying implicit prerequisite `../../../src/RCS/Makefile.custom.y'.
     Avoiding implicit rule recursion.
    Avoiding implicit rule recursion.
    Avoiding implicit rule recursion.
     Trying pattern rule with stem `Makefile.custom.w'.
     Trying pattern rule with stem `Makefile.custom.y'.
     Trying implicit prerequisite `../../../src/s.Makefile.custom.y'.
     Trying implicit prerequisite `../../../../src/RCS/Makefile.custom.l,v'.
     Trying pattern rule with stem `Makefile.custom.y'.
     Trying implicit prerequisite `../../../src/s.Makefile.custom.w'.
    Trying pattern rule with stem `Makefile.port'.
     Trying pattern rule with stem `Makefile.custom.w'.
     Trying implicit prerequisite `../../../src/SCCS/s.Makefile.custom.w'.
     Avoiding implicit rule recursion.
    Trying pattern rule with stem `Makefile.custom'.
   Trying pattern rule with stem `Makefile.custom'.
    Trying implicit prerequisite `../../../src/Makefile.port.web'.
    Rejecting impossible implicit prerequisite `../../../src/Makefile.custom.w'.
     Trying pattern rule with stem `Makefile.custom.l'.
     Trying implicit prerequisite `../../../src/SCCS/s.Makefile.custom.y'.
    Trying pattern rule with stem `Makefile.port.p'.
    Trying pattern rule with stem `Makefile.custom'.
     Trying implicit prerequisite `../../../../src/Makefile.custom.l,v'.
    Trying implicit prerequisite `../../../src/Makefile.custom.w'.
     Trying pattern rule with stem `Makefile.custom.l'.
     Trying pattern rule with stem `Makefile.custom.l'.
   Trying implicit prerequisite `../../../src/Makefile.custom.r'.
     Trying implicit prerequisite `../../../../src/RCS/Makefile.custom.l,v'.
   Trying pattern rule with stem `Makefile.custom'.
     Trying pattern rule with stem `Makefile.custom.l'.
   Trying pattern rule with stem `Makefile.custom'.
    Looking for a rule with intermediate file `../../../src/Makefile.custom.w'.
    Trying implicit prerequisite `../../../src/Makefile.port.p,v'.
     Trying implicit prerequisite `../../../../src/RCS/Makefile.custom.l'.
     Trying pattern rule with stem `Makefile.custom.l'.
   Trying implicit prerequisite `../../../src/Makefile.custom.s'.
     Trying implicit prerequisite `../../../../src/s.Makefile.custom.l'.
     Trying pattern rule with stem `Makefile.custom.l'.
   Trying pattern rule with stem `Makefile.custom'.
     Trying implicit prerequisite `../../../../src/SCCS/s.Makefile.custom.l'.
    Trying pattern rule with stem `Makefile.port.p'.
     Trying implicit prerequisite `../../../../src/RCS/Makefile.custom.l'.
     Trying pattern rule with stem `Makefile.custom.l'.
   Trying implicit prerequisite `../../../src/Makefile.custom.S'.
    Trying pattern rule with stem `Makefile.custom'.
     Trying implicit prerequisite `../../../../src/s.Makefile.custom.l'.
   Trying implicit prerequisite `../../../src/Makefile.custom.cc'.
     Trying pattern rule with stem `Makefile.custom.l'.
    Trying implicit prerequisite `../../../../src/Makefile.custom.y'.
    Trying implicit prerequisite `../../../src/RCS/Makefile.port.p,v'.
   Trying pattern rule with stem `Makefile.custom'.
     Trying implicit prerequisite `../../../../src/SCCS/s.Makefile.custom.l'.
   Looking for a rule with intermediate file `../../../src/Makefile.custom.cc'.
    Looking for a rule with intermediate file `../../../../src/Makefile.custom.y'.
     Avoiding implicit rule recursion.
     Avoiding implicit rule recursion.
     Avoiding implicit rule recursion.
    Avoiding implicit rule recursion.
    Avoiding implicit rule recursion.
     Avoiding implicit rule recursion.
     Avoiding implicit rule recursion.
     Avoiding implicit rule recursion.
    Trying pattern rule with stem `Makefile.custom.cc'.
    Trying pattern rule with stem `Makefile.port.p'.
     Trying pattern rule with stem `Makefile.custom.w'.
     Trying pattern rule with stem `Makefile.custom.y'.
    Trying implicit prerequisite `../../../src/Makefile.custom.cc,v'.
     Trying implicit prerequisite `../../../src/Makefile.custom.w,v'.
   Trying implicit prerequisite `../../../src/Makefile.custom.mod'.
    Trying pattern rule with stem `Makefile.custom'.
     Trying pattern rule with stem `Makefile.custom.w'.
   Trying pattern rule with stem `Makefile.custom.o'.
     Trying implicit prerequisite `../../../../src/Makefile.custom.y,v'.
    Trying implicit prerequisite `../../../../src/Makefile.custom.y'.
    Trying implicit prerequisite `../../../src/RCS/Makefile.port.p'.
    Trying pattern rule with stem `Makefile.port.p'.
    Looking for a rule with intermediate file `../../../../src/Makefile.custom.y'.
     Trying pattern rule with stem `Makefile.custom.y'.
     Trying implicit prerequisite `../../../src/RCS/Makefile.custom.w,v'.
     Trying pattern rule with stem `Makefile.custom.w'.
    Trying pattern rule with stem `Makefile.custom.cc'.
    Trying implicit prerequisite `../../../src/s.Makefile.port.p'.
     Trying implicit prerequisite `../../../src/RCS/Makefile.custom.w'.
     Trying implicit prerequisite `../../../../src/RCS/Makefile.custom.y,v'.
    Trying pattern rule with stem `Makefile.port.p'.
     Trying pattern rule with stem `Makefile.custom.y'.
     Trying pattern rule with stem `Makefile.custom.w'.
   Trying implicit prerequisite `../../../src/Makefile.custom.o,v'.
     Avoiding implicit rule recursion.
    Trying implicit prerequisite `../../../src/RCS/Makefile.custom.cc,v'.
     Trying implicit prerequisite `../../../../src/RCS/Makefile.custom.y'.
    Trying implicit prerequisite `../../../src/SCCS/s.Makefile.port.p'.
     Avoiding implicit rule recursion.
     Trying implicit prerequisite `../../../src/s.Makefile.custom.w'.
     Trying pattern rule with stem `Makefile.custom.y'.
    Trying pattern rule with stem `Makefile.custom.cc'.
     Trying implicit prerequisite `../../../../src/s.Makefile.custom.y'.
    Trying pattern rule with stem `Makefile.port'.
   Trying pattern rule with stem `Makefile.custom.o'.
     Trying pattern rule with stem `Makefile.custom.y'.
   Trying implicit prerequisite `../../../src/RCS/Makefile.custom.o,v'.
   Trying pattern rule with stem `Makefile.custom.o'.
    Trying implicit prerequisite `../../../src/RCS/Makefile.custom.cc'.
     Trying implicit prerequisite `../../../../src/SCCS/s.Makefile.custom.y'.
    Trying pattern rule with stem `Makefile.custom'.
     Avoiding implicit rule recursion.
   Trying implicit prerequisite `../../../src/RCS/Makefile.custom.o'.
     Trying pattern rule with stem `Makefile.custom.y'.
    Trying implicit prerequisite `../../../../src/Makefile.custom.w'.
     Trying implicit prerequisite `../../../../src/Makefile.custom.y,v'.
     Trying pattern rule with stem `Makefile.custom.w'.
     Trying pattern rule with stem `Makefile.custom.y'.
     Trying implicit prerequisite `../../../../src/RCS/Makefile.custom.y,v'.
    Trying pattern rule with stem `Makefile.custom.cc'.
     Trying pattern rule with stem `Makefile.custom.y'.
     Trying implicit prerequisite `../../../src/SCCS/s.Makefile.custom.w'.
    Trying implicit prerequisite `../../../src/Makefile.port.web'.
    Trying implicit prerequisite `../../../src/s.Makefile.custom.cc'.
    Trying pattern rule with stem `Makefile.custom'.
    Looking for a rule with intermediate file `../../../src/Makefile.port.web'.
     Avoiding implicit rule recursion.
    Rejecting impossible implicit prerequisite `../../../src/Makefile.custom.w'.
   Trying pattern rule with stem `Makefile.custom.o'.
    Looking for a rule with intermediate file `../../../../src/Makefile.custom.w'.
     Trying implicit prerequisite `../../../../src/RCS/Makefile.custom.y'.
     Avoiding implicit rule recursion.
   Trying pattern rule with stem `Makefile.custom'.
     Avoiding implicit rule recursion.
    Trying pattern rule with stem `Makefile.custom.cc'.
     Avoiding implicit rule recursion.
     Avoiding implicit rule recursion.
     Trying pattern rule with stem `Makefile.port.web'.
     Trying pattern rule with stem `Makefile.custom.y'.
   Trying implicit prerequisite `../../../src/Makefile.custom.cc'.
     Avoiding implicit rule recursion.
     Trying implicit prerequisite `../../../../src/s.Makefile.custom.y'.
   Trying implicit prerequisite `../../../src/s.Makefile.custom.o'.
     Trying pattern rule with stem `Makefile.custom.y'.
   Trying pattern rule with stem `Makefile.custom.o'.
     Trying implicit prerequisite `../../../../src/SCCS/s.Makefile.custom.y'.
   Looking for a rule with intermediate file `../../../src/Makefile.custom.cc'.
     Trying implicit prerequisite `../../../src/Makefile.port.web,v'.
     Trying pattern rule with stem `Makefile.port.web'.
    Trying pattern rule with stem `Makefile.custom'.
     Trying pattern rule with stem `Makefile.custom.w'.
    Trying implicit prerequisite `../../../../src/Makefile.custom.w'.
    Looking for a rule with intermediate file `../../../../src/Makefile.custom.w'.
   Trying implicit prerequisite `../../../src/SCCS/s.Makefile.custom.o'.
     Trying implicit prerequisite `../../../../src/Makefile.custom.w,v'.
   Trying pattern rule with stem `Makefile.custom'.
     Avoiding implicit rule recursion.
   Trying implicit prerequisite `../../../src/Makefile.custom.c'.
     Trying pattern rule with stem `Makefile.custom.w'.
    Avoiding implicit rule recursion.
     Avoiding implicit rule recursion.
   Looking for a rule with intermediate file `../../../src/Makefile.custom.c'.
     Trying implicit prerequisite `../../../../src/RCS/Makefile.custom.w,v'.
    Avoiding implicit rule recursion.
     Trying implicit prerequisite `../../../src/RCS/Makefile.port.web,v'.
    Avoiding implicit rule recursion.
    Trying implicit prerequisite `../../../src/SCCS/s.Makefile.custom.cc'.
     Trying pattern rule with stem `Makefile.port.web'.
     Trying pattern rule with stem `Makefile.custom.w'.
   Trying pattern rule with stem `Makefile.custom'.
     Trying implicit prerequisite `../../../../src/RCS/Makefile.custom.w'.
   Trying implicit prerequisite `../../../src/Makefile.custom.C'.
    Trying pattern rule with stem `Makefile.custom'.
     Trying implicit prerequisite `../../../src/RCS/Makefile.port.web'.
    Trying implicit prerequisite `../../../src/Makefile.custom.l'.
    Avoiding implicit rule recursion.
   Looking for a rule with intermediate file `../../../src/Makefile.custom.C'.
    Trying pattern rule with stem `Makefile.custom.cc'.
     Trying pattern rule with stem `Makefile.port.web'.
    Trying implicit prerequisite `../../../src/Makefile.custom.cc,v'.
     Trying pattern rule with stem `Makefile.custom.w'.
     Trying implicit prerequisite `../../../src/s.Makefile.port.web'.
     Avoiding implicit rule recursion.
    Trying pattern rule with stem `Makefile.custom.cc'.
     Trying pattern rule with stem `Makefile.custom.w'.
    Avoiding implicit rule recursion.
    Trying pattern rule with stem `Makefile.custom'.
     Trying pattern rule with stem `Makefile.port.web'.
    Avoiding implicit rule recursion.
     Trying implicit prerequisite `../../../../src/Makefile.custom.w,v'.
    Trying implicit prerequisite `../../../src/Makefile.custom.y'.
    Trying implicit prerequisite `../../../src/RCS/Makefile.custom.cc,v'.
     Trying pattern rule with stem `Makefile.custom.w'.
    Trying pattern rule with stem `Makefile.custom.cc'.
     Trying implicit prerequisite `../../../src/SCCS/s.Makefile.port.web'.
     Trying implicit prerequisite `../../../../src/s.Makefile.custom.w'.
    Trying pattern rule with stem `Makefile.custom.C'.
    Trying pattern rule with stem `Makefile.custom'.
   Trying pattern rule with stem `Makefile.port'.
     Trying implicit prerequisite `../../../../src/RCS/Makefile.custom.w,v'.
   Trying implicit prerequisite `../../../src/Makefile.port.f'.
     Trying pattern rule with stem `Makefile.custom.w'.
    Trying implicit prerequisite `../../../src/Makefile.custom.C,v'.
     Trying pattern rule with stem `Makefile.custom.w'.
   Looking for a rule with intermediate file `../../../src/Makefile.port.f'.
     Trying implicit prerequisite `../../../../src/RCS/Makefile.custom.w'.
    Avoiding implicit rule recursion.
     Trying implicit prerequisite `../../../../src/SCCS/s.Makefile.custom.w'.
     Trying pattern rule with stem `Makefile.custom.w'.
    Trying implicit prerequisite `../../../src/Makefile.custom.w'.
    Trying pattern rule with stem `Makefile.custom.C'.
    Trying implicit prerequisite `../../../src/RCS/Makefile.custom.cc'.
     Trying implicit prerequisite `../../../../src/s.Makefile.custom.w'.
    Trying pattern rule with stem `Makefile.custom'.
     Trying pattern rule with stem `Makefile.custom.w'.
    Avoiding implicit rule recursion.
    Rejecting impossible implicit prerequisite `../../../../src/Makefile.custom.w'.
    Trying pattern rule with stem `Makefile.port'.
    Trying pattern rule with stem `Makefile.custom.cc'.
    Trying implicit prerequisite `../../../src/Makefile.port.F'.
     Trying implicit prerequisite `../../../../src/SCCS/s.Makefile.custom.w'.
    Trying pattern rule with stem `Makefile.port'.
    Trying implicit prerequisite `../../../src/s.Makefile.custom.cc'.
    Trying implicit prerequisite `../../../src/Makefile.port.r'.
    Trying pattern rule with stem `Makefile.custom'.
    Trying pattern rule with stem `Makefile.custom.cc'.
    Rejecting impossible implicit prerequisite `../../../../src/Makefile.custom.w'.
    Trying implicit prerequisite `../../../src/SCCS/s.Makefile.custom.cc'.
    Trying implicit prerequisite `../../../src/RCS/Makefile.custom.C,v'.
   Trying pattern rule with stem `Makefile.custom'.
   Trying pattern rule with stem `Makefile.custom'.
   Trying pattern rule with stem `Makefile.custom'.
    Trying pattern rule with stem `Makefile.custom.C'.
   Trying implicit prerequisite `../../../src/Makefile.custom.C'.
   Trying implicit prerequisite `../../../../src/Makefile.custom.cc'.
   Looking for a rule with intermediate file `../../../src/Makefile.custom.C'.
   Trying implicit prerequisite `../../../../src/Makefile.custom.cc'.
   Looking for a rule with intermediate file `../../../../src/Makefile.custom.cc'.
    Avoiding implicit rule recursion.
    Trying pattern rule with stem `Makefile.custom'.
    Trying pattern rule with stem `Makefile.port.f'.
   Looking for a rule with intermediate file `../../../../src/Makefile.custom.cc'.
    Avoiding implicit rule recursion.
    Avoiding implicit rule recursion.
    Avoiding implicit rule recursion.
    Trying pattern rule with stem `Makefile.custom.C'.
    Trying implicit prerequisite `../../../src/Makefile.custom.w'.
    Trying pattern rule with stem `Makefile.custom.cc'.
    Trying implicit prerequisite `../../../src/Makefile.port.f,v'.
    Trying implicit prerequisite `../../../src/Makefile.custom.C,v'.
    Avoiding implicit rule recursion.
    Trying implicit prerequisite `../../../../src/Makefile.custom.cc,v'.
    Trying pattern rule with stem `Makefile.custom.cc'.
    Trying pattern rule with stem `Makefile.custom.C'.
    Trying implicit prerequisite `../../../../src/RCS/Makefile.custom.cc,v'.
    Trying pattern rule with stem `Makefile.custom.cc'.
    Trying pattern rule with stem `Makefile.custom.c'.
    Avoiding implicit rule recursion.
    Trying implicit prerequisite `../../../src/RCS/Makefile.custom.C'.
    Trying pattern rule with stem `Makefile.custom.cc'.
    Trying implicit prerequisite `../../../src/RCS/Makefile.custom.C,v'.
    Trying pattern rule with stem `Makefile.custom.C'.
    Trying implicit prerequisite `../../../../src/Makefile.custom.cc,v'.
    Trying pattern rule with stem `Makefile.custom.cc'.
    Trying implicit prerequisite `../../../../src/RCS/Makefile.custom.cc'.
    Trying pattern rule with stem `Makefile.custom.cc'.
    Trying implicit prerequisite `../../../../src/s.Makefile.custom.cc'.
    Trying pattern rule with stem `Makefile.custom.C'.
    Trying implicit prerequisite `../../../src/Makefile.custom.c,v'.
    Trying implicit prerequisite `../../../src/RCS/Makefile.custom.C'.
    Trying pattern rule with stem `Makefile.port.f'.
    Trying implicit prerequisite `../../../../src/RCS/Makefile.custom.cc,v'.
    Trying pattern rule with stem `Makefile.custom.cc'.
    Trying pattern rule with stem `Makefile.custom.C'.
    Trying pattern rule with stem `Makefile.custom.c'.
    Trying implicit prerequisite `../../../src/RCS/Makefile.port.f,v'.
    Trying pattern rule with stem `Makefile.port.f'.
    Trying implicit prerequisite `../../../src/RCS/Makefile.port.f'.
    Trying implicit prerequisite `../../../src/s.Makefile.custom.C'.
    Trying pattern rule with stem `Makefile.port.f'.
    Trying pattern rule with stem `Makefile.custom.C'.
    Trying implicit prerequisite `../../../src/s.Makefile.custom.C'.
    Trying implicit prerequisite `../../../../src/SCCS/s.Makefile.custom.cc'.
    Trying pattern rule with stem `Makefile.custom.cc'.
    Trying implicit prerequisite `../../../src/RCS/Makefile.custom.c,v'.
    Trying implicit prerequisite `../../../../src/RCS/Makefile.custom.cc'.
   Trying pattern rule with stem `Makefile.custom'.
    Trying pattern rule with stem `Makefile.custom.cc'.
    Trying pattern rule with stem `Makefile.custom.C'.
    Trying implicit prerequisite `../../../src/s.Makefile.port.f'.
    Trying implicit prerequisite `../../../src/SCCS/s.Makefile.custom.C'.
    Trying pattern rule with stem `Makefile.custom.c'.
    Trying implicit prerequisite `../../../src/RCS/Makefile.custom.c'.
    Trying pattern rule with stem `Makefile.custom.c'.
    Trying implicit prerequisite `../../../src/s.Makefile.custom.c'.
    Trying pattern rule with stem `Makefile.port.f'.
    Trying pattern rule with stem `Makefile.custom.c'.
   Trying implicit prerequisite `../../../../src/Makefile.custom.C'.
    Trying implicit prerequisite `../../../../src/s.Makefile.custom.cc'.
    Trying implicit prerequisite `../../../src/SCCS/s.Makefile.custom.c'.
    Trying pattern rule with stem `Makefile.custom'.
   Trying pattern rule with stem `Makefile.custom'.
    Trying implicit prerequisite `../../../src/SCCS/s.Makefile.custom.C'.
    Trying implicit prerequisite `../../../src/SCCS/s.Makefile.port.f'.
   Looking for a rule with intermediate file `../../../../src/Makefile.custom.C'.
    Trying implicit prerequisite `../../../src/Makefile.custom.l'.
    Looking for a rule with intermediate file `../../../src/Makefile.custom.l'.
    Trying pattern rule with stem `Makefile.custom.cc'.
    Avoiding implicit rule recursion.
    Trying pattern rule with stem `Makefile.port'.
     Avoiding implicit rule recursion.
   Trying implicit prerequisite `../../../src/Makefile.custom.cpp'.
    Trying implicit prerequisite `../../../../src/SCCS/s.Makefile.custom.cc'.
     Avoiding implicit rule recursion.
     Avoiding implicit rule recursion.
   Trying pattern rule with stem `Makefile.custom'.
     Trying pattern rule with stem `Makefile.custom.l'.
   Trying pattern rule with stem `Makefile.custom'.
    Trying implicit prerequisite `../../../src/Makefile.port.F'.
     Trying implicit prerequisite `../../../src/Makefile.custom.l,v'.
     Trying pattern rule with stem `Makefile.custom.l'.
    Avoiding implicit rule recursion.
    Looking for a rule with intermediate file `../../../src/Makefile.port.F'.
   Trying implicit prerequisite `../../../../src/Makefile.custom.C'.
   Looking for a rule with intermediate file `../../../../src/Makefile.custom.C'.
   Trying implicit prerequisite `../../../src/Makefile.custom.cpp'.
     Trying implicit prerequisite `../../../src/RCS/Makefile.custom.l,v'.
    Trying pattern rule with stem `Makefile.custom.C'.
     Avoiding implicit rule recursion.
     Avoiding implicit rule recursion.
     Avoiding implicit rule recursion.
     Trying pattern rule with stem `Makefile.custom.l'.
   Looking for a rule with intermediate file `../../../src/Makefile.custom.cpp'.
     Trying implicit prerequisite `../../../src/RCS/Makefile.custom.l'.
    Avoiding implicit rule recursion.
    Trying implicit prerequisite `../../../../src/Makefile.custom.C,v'.
    Avoiding implicit rule recursion.
     Trying pattern rule with stem `Makefile.custom.l'.
    Avoiding implicit rule recursion.
    Avoiding implicit rule recursion.
    Trying pattern rule with stem `Makefile.custom.C'.
     Trying implicit prerequisite `../../../src/s.Makefile.custom.l'.
    Trying pattern rule with stem `Makefile.custom.C'.
   Looking for a rule with intermediate file `../../../src/Makefile.custom.cpp'.
     Trying pattern rule with stem `Makefile.port.F'.
     Trying pattern rule with stem `Makefile.custom.l'.
    Trying implicit prerequisite `../../../../src/RCS/Makefile.custom.C,v'.
    Trying pattern rule with stem `Makefile.custom.cpp'.
     Trying implicit prerequisite `../../../src/SCCS/s.Makefile.custom.l'.
    Trying implicit prerequisite `../../../../src/Makefile.custom.C,v'.
    Avoiding implicit rule recursion.
    Trying pattern rule with stem `Makefile.custom.C'.
    Trying implicit prerequisite `../../../../src/RCS/Makefile.custom.C,v'.
     Trying implicit prerequisite `../../../src/Makefile.port.F,v'.
    Trying pattern rule with stem `Makefile.custom.C'.
     Trying pattern rule with stem `Makefile.port.F'.
    Trying pattern rule with stem `Makefile.custom'.
    Trying implicit prerequisite `../../../src/Makefile.custom.cpp,v'.
    Trying pattern rule with stem `Makefile.custom.C'.
    Trying pattern rule with stem `Makefile.custom.cpp'.
    Trying implicit prerequisite `../../../../src/RCS/Makefile.custom.C'.
    Avoiding implicit rule recursion.
     Trying implicit prerequisite `../../../src/RCS/Makefile.port.F,v'.
    Trying pattern rule with stem `Makefile.custom.C'.
    Trying implicit prerequisite `../../../src/RCS/Makefile.custom.cpp,v'.
    Trying pattern rule with stem `Makefile.custom.cpp'.
    Trying implicit prerequisite `../../../src/RCS/Makefile.custom.cpp'.
    Trying implicit prerequisite `../../../../src/RCS/Makefile.custom.C'.
    Trying pattern rule with stem `Makefile.custom.cpp'.
     Trying pattern rule with stem `Makefile.port.F'.
    Trying implicit prerequisite `../../../src/s.Makefile.custom.cpp'.
     Trying implicit prerequisite `../../../src/RCS/Makefile.port.F'.
    Trying implicit prerequisite `../../../src/Makefile.custom.y'.
     Trying pattern rule with stem `Makefile.port.F'.
    Looking for a rule with intermediate file `../../../src/Makefile.custom.y'.
    Trying pattern rule with stem `Makefile.custom.C'.
    Trying pattern rule with stem `Makefile.custom.cpp'.
     Trying implicit prerequisite `../../../src/s.Makefile.port.F'.
     Trying pattern rule with stem `Makefile.port.F'.
     Trying implicit prerequisite `../../../src/SCCS/s.Makefile.port.F'.
     Avoiding implicit rule recursion.
     Avoiding implicit rule recursion.
    Trying implicit prerequisite `../../../../src/s.Makefile.custom.C'.
     Avoiding implicit rule recursion.
     Trying pattern rule with stem `Makefile.custom.y'.
    Trying implicit prerequisite `../../../src/Makefile.custom.cpp,v'.
     Trying implicit prerequisite `../../../src/Makefile.custom.y,v'.
     Trying pattern rule with stem `Makefile.custom.y'.
    Trying pattern rule with stem `Makefile.custom.C'.
    Trying implicit prerequisite `../../../../src/s.Makefile.custom.C'.
     Trying implicit prerequisite `../../../src/RCS/Makefile.custom.y,v'.
    Trying pattern rule with stem `Makefile.custom.cpp'.
     Trying pattern rule with stem `Makefile.custom.y'.
    Trying pattern rule with stem `Makefile.port'.
    Trying pattern rule with stem `Makefile.custom.C'.
    Trying implicit prerequisite `../../../../src/SCCS/s.Makefile.custom.C'.
     Trying implicit prerequisite `../../../src/RCS/Makefile.custom.y'.
    Trying pattern rule with stem `Makefile.custom.cpp'.
    Trying implicit prerequisite `../../../../src/SCCS/s.Makefile.custom.C'.
    Trying implicit prerequisite `../../../src/Makefile.port.r'.
    Trying implicit prerequisite `../../../src/SCCS/s.Makefile.custom.cpp'.
   Trying pattern rule with stem `Makefile.custom'.
     Trying pattern rule with stem `Makefile.custom.y'.
    Trying implicit prerequisite `../../../src/RCS/Makefile.custom.cpp,v'.
     Trying implicit prerequisite `../../../src/s.Makefile.custom.y'.
    Trying pattern rule with stem `Makefile.custom.cpp'.
    Looking for a rule with intermediate file `../../../src/Makefile.port.r'.
   Trying pattern rule with stem `Makefile.custom'.
    Trying implicit prerequisite `../../../src/RCS/Makefile.custom.cpp'.
     Trying pattern rule with stem `Makefile.custom.y'.
    Trying pattern rule with stem `Makefile.custom.cpp'.
   Trying implicit prerequisite `../../../../src/Makefile.custom.cpp'.
     Avoiding implicit rule recursion.
     Trying implicit prerequisite `../../../src/SCCS/s.Makefile.custom.y'.
   Trying implicit prerequisite `../../../../src/Makefile.custom.cpp'.
    Trying pattern rule with stem `Makefile.custom'.
   Trying pattern rule with stem `Makefile.custom'.
   Trying implicit prerequisite `../../../src/Makefile.custom.p'.
   Looking for a rule with intermediate file `../../../../src/Makefile.custom.cpp'.
   Looking for a rule with intermediate file `../../../src/Makefile.custom.p'.
    Avoiding implicit rule recursion.
    Trying implicit prerequisite `../../../src/Makefile.custom.w'.
    Trying implicit prerequisite `../../../src/s.Makefile.custom.cpp'.
    Looking for a rule with intermediate file `../../../src/Makefile.custom.w'.
     Avoiding implicit rule recursion.
    Avoiding implicit rule recursion.
   Looking for a rule with intermediate file `../../../../src/Makefile.custom.cpp'.
    Trying pattern rule with stem `Makefile.custom.cpp'.
    Trying pattern rule with stem `Makefile.custom'.
    Trying implicit prerequisite `../../../src/Makefile.custom.web'.
    Avoiding implicit rule recursion.
    Trying pattern rule with stem `Makefile.custom.p'.
     Avoiding implicit rule recursion.
    Avoiding implicit rule recursion.
     Avoiding implicit rule recursion.
    Avoiding implicit rule recursion.
    Trying implicit prerequisite `../../../src/SCCS/s.Makefile.custom.cpp'.
     Trying pattern rule with stem `Makefile.port'.
    Trying implicit prerequisite `../../../src/Makefile.custom.p,v'.
     Rejecting impossible implicit prerequisite `../../../src/Makefile.port.l'.
     Avoiding implicit rule recursion.
    Trying pattern rule with stem `Makefile.custom.p'.
    Trying pattern rule with stem `Makefile.custom.cpp'.
     Avoiding implicit rule recursion.
     Trying pattern rule with stem `Makefile.custom.w'.
     Trying implicit prerequisite `../../../src/Makefile.custom.w,v'.
     Trying pattern rule with stem `Makefile.custom.w'.
     Trying pattern rule with stem `Makefile.port.r'.
     Trying implicit prerequisite `../../../src/Makefile.port.r,v'.
     Trying implicit prerequisite `../../../src/RCS/Makefile.custom.w,v'.
     Trying pattern rule with stem `Makefile.port.r'.
    Trying implicit prerequisite `../../../../src/Makefile.custom.cpp,v'.
    Avoiding implicit rule recursion.
     Trying pattern rule with stem `Makefile.custom.w'.
    Trying pattern rule with stem `Makefile.custom.cpp'.
     Trying implicit prerequisite `../../../src/RCS/Makefile.custom.w'.
    Trying pattern rule with stem `Makefile.custom.cpp'.
     Trying pattern rule with stem `Makefile.custom.w'.
     Trying implicit prerequisite `../../../src/s.Makefile.custom.w'.
     Trying pattern rule with stem `Makefile.custom.w'.
    Trying implicit prerequisite `../../../../src/RCS/Makefile.custom.cpp,v'.
     Trying implicit prerequisite `../../../src/SCCS/s.Makefile.custom.w'.
    Trying pattern rule with stem `Makefile.custom'.
    Trying implicit prerequisite `../../../../src/Makefile.custom.cpp,v'.
    Rejecting impossible implicit prerequisite `../../../src/Makefile.custom.w'.
    Trying implicit prerequisite `../../../src/RCS/Makefile.custom.p,v'.
    Trying pattern rule with stem `Makefile.custom.cpp'.
   Trying pattern rule with stem `Makefile.custom'.
     Trying implicit prerequisite `../../../src/RCS/Makefile.port.r,v'.
    Trying implicit prerequisite `../../../../src/RCS/Makefile.custom.cpp'.
    Trying pattern rule with stem `Makefile.custom.cpp'.
   Trying implicit prerequisite `../../../src/Makefile.custom.p'.
    Trying pattern rule with stem `Makefile.custom.p'.
    Trying implicit prerequisite `../../../../src/s.Makefile.custom.cpp'.
    Trying pattern rule with stem `Makefile.custom.cpp'.
    Trying implicit prerequisite `../../../src/RCS/Makefile.custom.p'.
    Trying implicit prerequisite `../../../../src/SCCS/s.Makefile.custom.cpp'.
     Trying pattern rule with stem `Makefile.port.r'.
   Trying pattern rule with stem `Makefile.custom'.
   Looking for a rule with intermediate file `../../../src/Makefile.custom.p'.
     Trying implicit prerequisite `../../../src/RCS/Makefile.port.r'.
     Trying pattern rule with stem `Makefile.port.r'.
     Trying implicit prerequisite `../../../src/s.Makefile.port.r'.
   Trying implicit prerequisite `../../../../src/Makefile.custom.p'.
     Trying pattern rule with stem `Makefile.port.r'.
    Trying pattern rule with stem `Makefile.custom.cpp'.
   Looking for a rule with intermediate file `../../../../src/Makefile.custom.p'.
   Trying pattern rule with stem `Makefile.custom'.
    Avoiding implicit rule recursion.
     Trying implicit prerequisite `../../../src/SCCS/s.Makefile.port.r'.
   Trying implicit prerequisite `../../../src/Makefile.custom.cc'.
    Trying pattern rule with stem `Makefile.custom.p'.
   Looking for a rule with intermediate file `../../../src/Makefile.custom.cc'.
    Avoiding implicit rule recursion.
    Avoiding implicit rule recursion.
    Trying implicit prerequisite `../../../../src/RCS/Makefile.custom.cpp,v'.
    Avoiding implicit rule recursion.
   Trying pattern rule with stem `Makefile.port'.
    Avoiding implicit rule recursion.
    Trying pattern rule with stem `Makefile.custom.cpp'.
    Trying pattern rule with stem `Makefile.custom'.
    Trying implicit prerequisite `../../../../src/RCS/Makefile.custom.cpp'.
   Rejecting impossible implicit prerequisite `../../../src/Makefile.port.F'.
    Trying pattern rule with stem `Makefile.custom'.
    Trying implicit prerequisite `../../../src/Makefile.custom.web'.
    Trying implicit prerequisite `../../../../src/Makefile.custom.web'.
    Trying pattern rule with stem `Makefile.custom.p'.
    Trying implicit prerequisite `../../../src/Makefile.custom.p,v'.
    Trying pattern rule with stem `Makefile.custom.cpp'.
    Avoiding implicit rule recursion.
    Trying pattern rule with stem `Makefile.custom.p'.
    Trying implicit prerequisite `../../../../src/s.Makefile.custom.cpp'.
    Trying implicit prerequisite `../../../../src/Makefile.custom.p,v'.
   Trying pattern rule with stem `Makefile.port'.
    Trying implicit prerequisite `../../../src/s.Makefile.custom.p'.
    Trying pattern rule with stem `Makefile.custom.p'.
    Trying pattern rule with stem `Makefile.custom.p'.
    Trying implicit prerequisite `../../../src/RCS/Makefile.custom.p,v'.
    Trying pattern rule with stem `Makefile.custom.cc'.
    Trying pattern rule with stem `Makefile.custom.p'.
   Trying implicit prerequisite `../../../src/Makefile.port.m'.
    Trying implicit prerequisite `../../../src/Makefile.custom.cc,v'.
    Trying implicit prerequisite `../../../../src/RCS/Makefile.custom.p,v'.
    Trying pattern rule with stem `Makefile.custom.p'.
    Trying implicit prerequisite `../../../src/SCCS/s.Makefile.custom.p'.
    Trying pattern rule with stem `Makefile.custom.cpp'.
    Trying implicit prerequisite `../../../src/RCS/Makefile.custom.p'.
   Looking for a rule with intermediate file `../../../src/Makefile.port.m'.
    Trying pattern rule with stem `Makefile.custom.p'.
    Trying pattern rule with stem `Makefile.custom'.
    Trying pattern rule with stem `Makefile.custom.cc'.
    Trying implicit prerequisite `../../../../src/SCCS/s.Makefile.custom.cpp'.
   Trying pattern rule with stem `Makefile.custom'.
   Trying implicit prerequisite `../../../../src/Makefile.custom.p'.
    Trying implicit prerequisite `../../../src/RCS/Makefile.custom.cc,v'.
   Looking for a rule with intermediate file `../../../../src/Makefile.custom.p'.
    Avoiding implicit rule recursion.
    Avoiding implicit rule recursion.
    Trying pattern rule with stem `Makefile.custom.cc'.
    Trying implicit prerequisite `../../../src/s.Makefile.custom.p'.
    Trying pattern rule with stem `Makefile.custom.p'.
    Avoiding implicit rule recursion.
    Avoiding implicit rule recursion.
    Trying pattern rule with stem `Makefile.custom.p'.
    Trying pattern rule with stem `Makefile.custom'.
    Trying implicit prerequisite `../../../../src/RCS/Makefile.custom.p'.
    Trying implicit prerequisite `../../../src/Makefile.custom.web'.
    Trying pattern rule with stem `Makefile.custom.p'.
    Trying implicit prerequisite `../../../src/SCCS/s.Makefile.custom.p'.
    Trying implicit prerequisite `../../../../src/Makefile.custom.web'.
    Trying pattern rule with stem `Makefile.custom'.
    Trying implicit prerequisite `../../../../src/s.Makefile.custom.p'.
    Trying implicit prerequisite `../../../src/Makefile.custom.web'.
    Trying implicit prerequisite `../../../src/RCS/Makefile.custom.cc'.
    Trying pattern rule with stem `Makefile.port'.
    Trying pattern rule with stem `Makefile.custom.cc'.
    Looking for a rule with intermediate file `../../../src/Makefile.custom.web'.
    Looking for a rule with intermediate file `../../../src/Makefile.custom.web'.
    Trying implicit prerequisite `../../../src/s.Makefile.custom.cc'.
    Trying pattern rule with stem `Makefile.custom.p'.
    Trying implicit prerequisite `../../../src/Makefile.port.ym'.
    Trying pattern rule with stem `Makefile.custom.p'.
    Trying pattern rule with stem `Makefile.custom.cc'.
    Trying implicit prerequisite `../../../../src/Makefile.custom.p,v'.
    Trying pattern rule with stem `Makefile.custom.p'.
     Avoiding implicit rule recursion.
    Trying implicit prerequisite `../../../../src/RCS/Makefile.custom.p,v'.
     Avoiding implicit rule recursion.
    Trying pattern rule with stem `Makefile.custom.p'.
     Avoiding implicit rule recursion.
     Avoiding implicit rule recursion.
     Avoiding implicit rule recursion.
     Trying pattern rule with stem `Makefile.custom.web'.
    Trying implicit prerequisite `../../../src/SCCS/s.Makefile.custom.cc'.
    Trying pattern rule with stem `Makefile.port'.
     Avoiding implicit rule recursion.
     Trying implicit prerequisite `../../../src/Makefile.custom.web,v'.
     Trying pattern rule with stem `Makefile.custom.web'.
   Trying pattern rule with stem `Makefile.custom'.
   Trying implicit prerequisite `../../../src/Makefile.custom.C'.
    Trying implicit prerequisite `../../../src/Makefile.port.lm'.
   Looking for a rule with intermediate file `../../../src/Makefile.custom.C'.
    Trying implicit prerequisite `../../../../src/RCS/Makefile.custom.p'.
    Trying pattern rule with stem `Makefile.custom.p'.
    Trying pattern rule with stem `Makefile.port.m'.
    Trying implicit prerequisite `../../../../src/s.Makefile.custom.p'.
    Avoiding implicit rule recursion.
    Trying pattern rule with stem `Makefile.custom.p'.
    Trying implicit prerequisite `../../../src/Makefile.port.m,v'.
     Trying implicit prerequisite `../../../src/Makefile.custom.web,v'.
     Trying pattern rule with stem `Makefile.custom.web'.
    Trying implicit prerequisite `../../../../src/SCCS/s.Makefile.custom.p'.
     Trying implicit prerequisite `../../../src/RCS/Makefile.custom.web,v'.
    Avoiding implicit rule recursion.
     Trying pattern rule with stem `Makefile.custom.web'.
    Trying pattern rule with stem `Makefile.custom'.
     Trying pattern rule with stem `Makefile.custom.web'.
     Trying implicit prerequisite `../../../src/RCS/Makefile.custom.web'.
     Trying pattern rule with stem `Makefile.custom.web'.
    Trying implicit prerequisite `../../../../src/Makefile.custom.web'.
    Trying pattern rule with stem `Makefile.custom.C'.
    Trying pattern rule with stem `Makefile.port.m'.
    Trying implicit prerequisite `../../../../src/SCCS/s.Makefile.custom.p'.
    Trying implicit prerequisite `../../../src/RCS/Makefile.port.m,v'.
     Trying implicit prerequisite `../../../src/RCS/Makefile.custom.web,v'.
     Trying implicit prerequisite `../../../src/s.Makefile.custom.web'.
     Trying pattern rule with stem `Makefile.custom.web'.
     Trying pattern rule with stem `Makefile.custom.web'.
     Trying implicit prerequisite `../../../src/RCS/Makefile.custom.web'.
    Looking for a rule with intermediate file `../../../../src/Makefile.custom.web'.
     Trying pattern rule with stem `Makefile.custom.web'.
     Trying implicit prerequisite `../../../src/SCCS/s.Makefile.custom.web'.
    Trying pattern rule with stem `Makefile.custom'.
     Trying implicit prerequisite `../../../src/s.Makefile.custom.web'.
     Trying pattern rule with stem `Makefile.custom.web'.
     Trying implicit prerequisite `../../../src/SCCS/s.Makefile.custom.web'.
    Trying pattern rule with stem `Makefile.port.m'.
    Trying implicit prerequisite `../../../../src/Makefile.custom.web'.
    Looking for a rule with intermediate file `../../../../src/Makefile.custom.web'.
     Avoiding implicit rule recursion.
     Avoiding implicit rule recursion.
     Avoiding implicit rule recursion.
   Trying pattern rule with stem `Makefile.custom'.
     Trying pattern rule with stem `Makefile.custom.web'.
     Trying implicit prerequisite `../../../../src/Makefile.custom.web,v'.
   Trying pattern rule with stem `Makefile.custom'.
     Trying pattern rule with stem `Makefile.custom.web'.
   Trying implicit prerequisite `../../../src/Makefile.custom.f'.
    Trying implicit prerequisite `../../../src/Makefile.custom.C,v'.
    Trying implicit prerequisite `../../../src/RCS/Makefile.port.m'.
     Avoiding implicit rule recursion.
   Trying implicit prerequisite `../../../src/Makefile.custom.f'.
     Trying implicit prerequisite `../../../../src/RCS/Makefile.custom.web,v'.
    Trying pattern rule with stem `Makefile.port.m'.
   Looking for a rule with intermediate file `../../../src/Makefile.custom.f'.
   Looking for a rule with intermediate file `../../../src/Makefile.custom.f'.
     Avoiding implicit rule recursion.
    Trying implicit prerequisite `../../../src/s.Makefile.port.m'.
    Avoiding implicit rule recursion.
    Avoiding implicit rule recursion.
    Trying pattern rule with stem `Makefile.custom'.
    Trying pattern rule with stem `Makefile.port.m'.
    Trying implicit prerequisite `../../../src/Makefile.custom.F'.
     Avoiding implicit rule recursion.
    Trying pattern rule with stem `Makefile.custom'.
    Trying implicit prerequisite `../../../src/SCCS/s.Makefile.port.m'.
    Avoiding implicit rule recursion.
    Avoiding implicit rule recursion.
     Trying pattern rule with stem `Makefile.custom.web'.
    Trying pattern rule with stem `Makefile.custom'.
    Trying pattern rule with stem `Makefile.custom.C'.
    Trying implicit prerequisite `../../../src/Makefile.custom.F'.
     Trying pattern rule with stem `Makefile.custom.web'.
    Trying implicit prerequisite `../../../src/Makefile.custom.r'.
    Trying pattern rule with stem `Makefile.custom'.
    Trying pattern rule with stem `Makefile.port'.
    Trying implicit prerequisite `../../../src/RCS/Makefile.custom.C,v'.
    Trying implicit prerequisite `../../../src/Makefile.port.ym'.
     Trying implicit prerequisite `../../../../src/Makefile.custom.web,v'.
     Trying implicit prerequisite `../../../../src/RCS/Makefile.custom.web'.
    Trying implicit prerequisite `../../../src/Makefile.custom.r'.
    Trying pattern rule with stem `Makefile.custom.f'.
    Trying implicit prerequisite `../../../src/Makefile.custom.f,v'.
    Looking for a rule with intermediate file `../../../src/Makefile.port.ym'.
    Trying pattern rule with stem `Makefile.custom.f'.
     Trying pattern rule with stem `Makefile.custom.web'.
    Trying pattern rule with stem `Makefile.custom.C'.
     Trying implicit prerequisite `../../../../src/RCS/Makefile.custom.web,v'.
    Trying implicit prerequisite `../../../src/RCS/Makefile.custom.C'.
     Trying pattern rule with stem `Makefile.custom.web'.
    Trying pattern rule with stem `Makefile.custom.f'.
     Trying pattern rule with stem `Makefile.custom.web'.
    Trying implicit prerequisite `../../../src/RCS/Makefile.custom.f,v'.
    Trying pattern rule with stem `Makefile.custom.C'.
    Trying implicit prerequisite `../../../src/Makefile.custom.f,v'.
     Trying implicit prerequisite `../../../../src/RCS/Makefile.custom.web'.
    Trying pattern rule with stem `Makefile.custom.f'.
    Trying implicit prerequisite `../../../src/RCS/Makefile.custom.f'.
    Trying pattern rule with stem `Makefile.custom.f'.
     Avoiding implicit rule recursion.
    Trying pattern rule with stem `Makefile.custom.f'.
    Trying implicit prerequisite `../../../src/s.Makefile.custom.f'.
    Trying implicit prerequisite `../../../src/s.Makefile.custom.C'.
    Trying implicit prerequisite `../../../src/RCS/Makefile.custom.f,v'.
     Trying pattern rule with stem `Makefile.custom.web'.
    Trying pattern rule with stem `Makefile.custom.f'.
     Avoiding implicit rule recursion.
     Avoiding implicit rule recursion.
     Trying implicit prerequisite `../../../../src/s.Makefile.custom.web'.
     Trying implicit prerequisite `../../../../src/s.Makefile.custom.web'.
     Trying pattern rule with stem `Makefile.port.ym'.
    Trying implicit prerequisite `../../../src/SCCS/s.Makefile.custom.f'.
    Trying pattern rule with stem `Makefile.custom'.
    Trying implicit prerequisite `../../../src/Makefile.custom.F'.
     Trying pattern rule with stem `Makefile.custom.web'.
    Looking for a rule with intermediate file `../../../src/Makefile.custom.F'.
     Trying implicit prerequisite `../../../../src/SCCS/s.Makefile.custom.web'.
    Trying pattern rule with stem `Makefile.custom.C'.
    Trying pattern rule with stem `Makefile.custom.f'.
   Trying pattern rule with stem `Makefile.custom'.
    Trying implicit prerequisite `../../../src/RCS/Makefile.custom.f'.
     Trying pattern rule with stem `Makefile.custom.web'.
     Avoiding implicit rule recursion.
    Trying pattern rule with stem `Makefile.custom.f'.
     Trying implicit prerequisite `../../../src/Makefile.port.ym,v'.
    Trying implicit prerequisite `../../../src/s.Makefile.custom.f'.
     Avoiding implicit rule recursion.
    Trying implicit prerequisite `../../../src/SCCS/s.Makefile.custom.C'.
     Avoiding implicit rule recursion.
     Trying pattern rule with stem `Makefile.port.ym'.
   Trying pattern rule with stem `Makefile.custom'.
     Trying pattern rule with stem `Makefile.custom.F'.
   Trying implicit prerequisite `../../../../src/Makefile.custom.f'.
     Trying implicit prerequisite `../../../src/Makefile.custom.F,v'.
     Trying implicit prerequisite `../../../src/RCS/Makefile.port.ym,v'.
     Trying pattern rule with stem `Makefile.custom.F'.
   Looking for a rule with intermediate file `../../../../src/Makefile.custom.f'.
     Trying implicit prerequisite `../../../../src/SCCS/s.Makefile.custom.web'.
    Avoiding implicit rule recursion.
    Avoiding implicit rule recursion.
    Trying pattern rule with stem `Makefile.custom.f'.
    Trying implicit prerequisite `../../../src/SCCS/s.Makefile.custom.f'.
    Trying pattern rule with stem `Makefile.custom'.
    Trying implicit prerequisite `../../../src/Makefile.custom.F'.
     Trying pattern rule with stem `Makefile.port.ym'.
    Looking for a rule with intermediate file `../../../src/Makefile.custom.F'.
     Trying implicit prerequisite `../../../src/RCS/Makefile.port.ym'.
     Trying pattern rule with stem `Makefile.port.ym'.
   Trying implicit prerequisite `../../../src/Makefile.custom.cpp'.
     Trying implicit prerequisite `../../../src/s.Makefile.port.ym'.
   Looking for a rule with intermediate file `../../../src/Makefile.custom.cpp'.
   Trying pattern rule with stem `Makefile.custom'.
     Trying pattern rule with stem `Makefile.port.ym'.
     Trying implicit prerequisite `../../../src/RCS/Makefile.custom.F,v'.
    Trying pattern rule with stem `Makefile.custom'.
    Avoiding implicit rule recursion.
    Trying implicit prerequisite `../../../../src/Makefile.custom.F'.
    Avoiding implicit rule recursion.
     Trying implicit prerequisite `../../../src/SCCS/s.Makefile.port.ym'.
     Avoiding implicit rule recursion.
    Trying pattern rule with stem `Makefile.port'.
     Avoiding implicit rule recursion.
    Trying implicit prerequisite `../../../src/Makefile.port.lm'.
   Trying implicit prerequisite `../../../../src/Makefile.custom.f'.
    Looking for a rule with intermediate file `../../../src/Makefile.port.lm'.
    Trying pattern rule with stem `Makefile.custom'.
     Avoiding implicit rule recursion.
    Trying pattern rule with stem `Makefile.custom.cpp'.
   Looking for a rule with intermediate file `../../../../src/Makefile.custom.f'.
    Avoiding implicit rule recursion.
    Trying implicit prerequisite `../../../../src/Makefile.custom.r'.
    Avoiding implicit rule recursion.
    Trying pattern rule with stem `Makefile.custom.f'.
     Trying pattern rule with stem `Makefile.custom.F'.
    Trying implicit prerequisite `../../../../src/Makefile.custom.f,v'.
     Trying implicit prerequisite `../../../src/RCS/Makefile.custom.F'.
    Trying pattern rule with stem `Makefile.custom'.
     Trying pattern rule with stem `Makefile.custom.F'.
    Trying implicit prerequisite `../../../src/Makefile.custom.cpp,v'.
     Trying implicit prerequisite `../../../src/s.Makefile.custom.F'.
     Trying pattern rule with stem `Makefile.custom.F'.
     Avoiding implicit rule recursion.
    Trying implicit prerequisite `../../../../src/Makefile.custom.F'.
     Avoiding implicit rule recursion.
     Avoiding implicit rule recursion.
    Trying pattern rule with stem `Makefile.custom.f'.
    Trying pattern rule with stem `Makefile.custom'.
    Trying implicit prerequisite `../../../../src/Makefile.custom.r'.
     Trying implicit prerequisite `../../../src/SCCS/s.Makefile.custom.F'.
     Trying pattern rule with stem `Makefile.custom.F'.
    Trying pattern rule with stem `Makefile.custom.cpp'.
    Trying implicit prerequisite `../../../src/RCS/Makefile.custom.cpp,v'.
     Trying pattern rule with stem `Makefile.port.lm'.
    Trying pattern rule with stem `Makefile.custom.cpp'.
     Trying implicit prerequisite `../../../src/Makefile.custom.F,v'.
    Trying implicit prerequisite `../../../src/RCS/Makefile.custom.cpp'.
    Trying implicit prerequisite `../../../../src/RCS/Makefile.custom.f,v'.
    Trying pattern rule with stem `Makefile.custom.cpp'.
     Trying implicit prerequisite `../../../src/Makefile.port.lm,v'.
    Trying pattern rule with stem `Makefile.custom'.
    Trying pattern rule with stem `Makefile.custom.f'.
    Trying implicit prerequisite `../../../../src/RCS/Makefile.custom.f'.
    Trying implicit prerequisite `../../../src/s.Makefile.custom.cpp'.
     Trying pattern rule with stem `Makefile.custom.F'.
    Trying pattern rule with stem `Makefile.custom.cpp'.
     Trying pattern rule with stem `Makefile.port.lm'.
    Trying pattern rule with stem `Makefile.custom.f'.
     Trying implicit prerequisite `../../../src/RCS/Makefile.custom.F,v'.
    Trying implicit prerequisite `../../../src/Makefile.custom.r'.
     Trying implicit prerequisite `../../../src/RCS/Makefile.port.lm,v'.
     Trying pattern rule with stem `Makefile.custom.F'.
     Trying pattern rule with stem `Makefile.port.lm'.
     Trying implicit prerequisite `../../../src/RCS/Makefile.custom.F'.
     Trying pattern rule with stem `Makefile.custom.F'.
     Trying implicit prerequisite `../../../src/s.Makefile.custom.F'.
    Trying pattern rule with stem `Makefile.custom.f'.
     Trying pattern rule with stem `Makefile.custom.F'.
    Looking for a rule with intermediate file `../../../src/Makefile.custom.r'.
     Avoiding implicit rule recursion.
    Trying implicit prerequisite `../../../../src/s.Makefile.custom.f'.
     Avoiding implicit rule recursion.
     Trying implicit prerequisite `../../../src/SCCS/s.Makefile.custom.F'.
    Trying pattern rule with stem `Makefile.custom.f'.
    Trying implicit prerequisite `../../../src/SCCS/s.Makefile.custom.cpp'.
    Trying implicit prerequisite `../../../../src/Makefile.custom.f,v'.
     Trying implicit prerequisite `../../../src/RCS/Makefile.port.lm'.
    Trying pattern rule with stem `Makefile.custom.f'.
    Trying pattern rule with stem `Makefile.custom'.
    Trying implicit prerequisite `../../../../src/RCS/Makefile.custom.f,v'.
     Trying pattern rule with stem `Makefile.port.lm'.
   Trying pattern rule with stem `Makefile.custom'.
    Trying implicit prerequisite `../../../../src/SCCS/s.Makefile.custom.f'.
     Trying implicit prerequisite `../../../src/s.Makefile.port.lm'.
    Trying implicit prerequisite `../../../src/Makefile.custom.r'.
   Trying implicit prerequisite `../../../src/Makefile.custom.p'.
     Avoiding implicit rule recursion.
   Looking for a rule with intermediate file `../../../src/Makefile.custom.p'.
    Looking for a rule with intermediate file `../../../src/Makefile.custom.r'.
     Trying pattern rule with stem `Makefile.port.lm'.
     Trying pattern rule with stem `Makefile.custom'.
    Avoiding implicit rule recursion.
    Avoiding implicit rule recursion.
     Trying implicit prerequisite `../../../src/SCCS/s.Makefile.port.lm'.
    Trying pattern rule with stem `Makefile.custom'.
   Trying pattern rule with stem `Makefile.port'.
    Trying pattern rule with stem `Makefile.custom.f'.
    Trying pattern rule with stem `Makefile.custom'.
   Rejecting impossible implicit prerequisite `../../../src/Makefile.port.r'.
    Trying implicit prerequisite `../../../src/Makefile.custom.web'.
     Rejecting impossible implicit prerequisite `../../../src/Makefile.custom.l'.
     Trying pattern rule with stem `Makefile.custom.r'.
   Trying pattern rule with stem `Makefile.port'.
     Trying implicit prerequisite `../../../src/Makefile.custom.r,v'.
    Trying pattern rule with stem `Makefile.custom.p'.
     Trying pattern rule with stem `Makefile.custom.r'.
    Trying implicit prerequisite `../../../../src/RCS/Makefile.custom.f'.
     Trying implicit prerequisite `../../../src/RCS/Makefile.custom.r,v'.
    Trying implicit prerequisite `../../../src/Makefile.custom.p,v'.
     Trying pattern rule with stem `Makefile.custom.r'.
     Avoiding implicit rule recursion.
    Trying implicit prerequisite `../../../../src/Makefile.custom.F'.
    Looking for a rule with intermediate file `../../../../src/Makefile.custom.F'.
    Trying pattern rule with stem `Makefile.custom.f'.
   Trying implicit prerequisite `../../../src/Makefile.port.s'.
     Avoiding implicit rule recursion.
     Trying implicit prerequisite `../../../src/RCS/Makefile.custom.r'.
    Trying pattern rule with stem `Makefile.custom.p'.
     Avoiding implicit rule recursion.
     Avoiding implicit rule recursion.
    Trying implicit prerequisite `../../../../src/s.Makefile.custom.f'.
    Trying implicit prerequisite `../../../src/RCS/Makefile.custom.p,v'.
     Trying pattern rule with stem `Makefile.custom.r'.
     Avoiding implicit rule recursion.
    Trying pattern rule with stem `Makefile.custom.f'.
     Avoiding implicit rule recursion.
    Trying implicit prerequisite `../../../../src/SCCS/s.Makefile.custom.f'.
     Trying pattern rule with stem `Makefile.custom'.
    Trying pattern rule with stem `Makefile.custom'.
    Trying pattern rule with stem `Makefile.custom.p'.
    Trying implicit prerequisite `../../../../src/Makefile.custom.F'.
     Trying pattern rule with stem `Makefile.custom.F'.
     Rejecting impossible implicit prerequisite `../../../src/Makefile.custom.l'.
    Looking for a rule with intermediate file `../../../../src/Makefile.custom.F'.
     Avoiding implicit rule recursion.
    Trying implicit prerequisite `../../../src/RCS/Makefile.custom.p'.
     Trying implicit prerequisite `../../../../src/Makefile.custom.F,v'.
     Trying pattern rule with stem `Makefile.custom.F'.
     Avoiding implicit rule recursion.
   Looking for a rule with intermediate file `../../../src/Makefile.port.s'.
     Avoiding implicit rule recursion.
    Trying pattern rule with stem `Makefile.custom.p'.
     Trying pattern rule with stem `Makefile.custom.F'.
    Trying implicit prerequisite `../../../src/s.Makefile.custom.p'.
     Trying implicit prerequisite `../../../../src/Makefile.custom.F,v'.
     Trying pattern rule with stem `Makefile.custom.r'.
     Trying implicit prerequisite `../../../../src/RCS/Makefile.custom.F,v'.
     Trying implicit prerequisite `../../../src/s.Makefile.custom.r'.
     Trying pattern rule with stem `Makefile.custom.r'.
    Trying pattern rule with stem `Makefile.custom.p'.
     Trying pattern rule with stem `Makefile.custom.F'.
     Trying implicit prerequisite `../../../src/Makefile.custom.r,v'.
     Trying pattern rule with stem `Makefile.custom.r'.
    Trying implicit prerequisite `../../../src/SCCS/s.Makefile.custom.p'.
     Trying implicit prerequisite `../../../../src/RCS/Makefile.custom.F,v'.
    Avoiding implicit rule recursion.
     Trying pattern rule with stem `Makefile.custom.F'.
     Trying implicit prerequisite `../../../../src/RCS/Makefile.custom.F'.
     Trying implicit prerequisite `../../../src/SCCS/s.Makefile.custom.r'.
     Trying implicit prerequisite `../../../src/RCS/Makefile.custom.r,v'.
     Trying pattern rule with stem `Makefile.custom.r'.
     Trying pattern rule with stem `Makefile.custom.F'.
     Trying implicit prerequisite `../../../../src/s.Makefile.custom.F'.
     Trying pattern rule with stem `Makefile.custom.F'.
     Trying pattern rule with stem `Makefile.custom.F'.
     Trying implicit prerequisite `../../../../src/SCCS/s.Makefile.custom.F'.
    Trying pattern rule with stem `Makefile.custom'.
    Trying pattern rule with stem `Makefile.custom'.
    Avoiding implicit rule recursion.
     Trying implicit prerequisite `../../../../src/RCS/Makefile.custom.F'.
    Trying implicit prerequisite `../../../../src/Makefile.custom.r'.
     Trying pattern rule with stem `Makefile.custom.F'.
    Trying pattern rule with stem `Makefile.port'.
   Trying pattern rule with stem `Makefile.custom'.
    Trying implicit prerequisite `../../../src/Makefile.port.S'.
    Looking for a rule with intermediate file `../../../../src/Makefile.custom.r'.
     Trying implicit prerequisite `../../../src/RCS/Makefile.custom.r'.
   Rejecting impossible implicit prerequisite `../../../src/Makefile.custom.F'.
    Trying pattern rule with stem `Makefile.port.s'.
     Avoiding implicit rule recursion.
     Avoiding implicit rule recursion.
     Trying pattern rule with stem `Makefile.custom.r'.
    Trying implicit prerequisite `../../../src/Makefile.port.s,v'.
     Trying implicit prerequisite `../../../src/s.Makefile.custom.r'.
    Trying implicit prerequisite `../../../src/Makefile.custom.web'.
     Trying implicit prerequisite `../../../../src/s.Makefile.custom.F'.
    Looking for a rule with intermediate file `../../../src/Makefile.custom.web'.
     Trying pattern rule with stem `Makefile.custom.F'.
   Trying pattern rule with stem `Makefile.custom'.
     Avoiding implicit rule recursion.
     Avoiding implicit rule recursion.
   Trying implicit prerequisite `../../../src/Makefile.custom.m'.
   Looking for a rule with intermediate file `../../../src/Makefile.custom.m'.
    Avoiding implicit rule recursion.
     Trying pattern rule with stem `Makefile.custom.r'.
    Avoiding implicit rule recursion.
     Trying implicit prerequisite `../../../../src/SCCS/s.Makefile.custom.F'.
     Avoiding implicit rule recursion.
    Trying pattern rule with stem `Makefile.custom'.
     Trying pattern rule with stem `Makefile.custom'.
     Trying implicit prerequisite `../../../src/SCCS/s.Makefile.custom.r'.
     Rejecting impossible implicit prerequisite `../../../../src/Makefile.custom.l'.
    Trying implicit prerequisite `../../../src/Makefile.custom.ym'.
    Trying pattern rule with stem `Makefile.port.s'.
    Trying pattern rule with stem `Makefile.custom'.
    Trying implicit prerequisite `../../../src/RCS/Makefile.port.s,v'.
     Trying pattern rule with stem `Makefile.custom.r'.
     Avoiding implicit rule recursion.
     Trying pattern rule with stem `Makefile.custom.web'.
     Trying implicit prerequisite `../../../src/Makefile.custom.web,v'.
     Trying pattern rule with stem `Makefile.custom.web'.
     Trying implicit prerequisite `../../../src/RCS/Makefile.custom.web,v'.
    Trying pattern rule with stem `Makefile.port.s'.
    Trying implicit prerequisite `../../../src/Makefile.custom.lm'.
    Trying pattern rule with stem `Makefile.custom.m'.
    Trying pattern rule with stem `Makefile.custom'.
     Trying pattern rule with stem `Makefile.custom.web'.
    Trying implicit prerequisite `../../../src/Makefile.custom.m,v'.
    Trying implicit prerequisite `../../../src/RCS/Makefile.port.s'.
    Trying pattern rule with stem `Makefile.port.s'.
    Trying implicit prerequisite `../../../../src/Makefile.custom.r'.
    Trying pattern rule with stem `Makefile.custom.m'.
    Looking for a rule with intermediate file `../../../../src/Makefile.custom.r'.
    Trying implicit prerequisite `../../../src/s.Makefile.port.s'.
   Trying pattern rule with stem `Makefile.custom'.
     Trying implicit prerequisite `../../../src/RCS/Makefile.custom.web'.
     Avoiding implicit rule recursion.
   Rejecting impossible implicit prerequisite `../../../src/Makefile.custom.F'.
     Trying implicit prerequisite `../../../../src/Makefile.custom.r,v'.
    Trying pattern rule with stem `Makefile.port.s'.
    Trying implicit prerequisite `../../../src/SCCS/s.Makefile.port.s'.
   Trying pattern rule with stem `Makefile.custom'.
     Trying pattern rule with stem `Makefile.custom.r'.
    Trying implicit prerequisite `../../../src/RCS/Makefile.custom.m,v'.
     Trying pattern rule with stem `Makefile.custom.web'.
     Trying implicit prerequisite `../../../../src/RCS/Makefile.custom.r,v'.
    Trying pattern rule with stem `Makefile.port'.
     Trying implicit prerequisite `../../../src/s.Makefile.custom.web'.
     Trying pattern rule with stem `Makefile.custom.r'.
     Avoiding implicit rule recursion.
     Trying implicit prerequisite `../../../../src/RCS/Makefile.custom.r'.
   Trying implicit prerequisite `../../../src/Makefile.custom.m'.
     Trying pattern rule with stem `Makefile.custom.web'.
   Looking for a rule with intermediate file `../../../src/Makefile.custom.m'.
     Avoiding implicit rule recursion.
    Trying pattern rule with stem `Makefile.custom.m'.
    Trying implicit prerequisite `../../../src/RCS/Makefile.custom.m'.
    Avoiding implicit rule recursion.
    Trying pattern rule with stem `Makefile.custom.m'.
    Trying implicit prerequisite `../../../src/Makefile.port.S'.
     Trying implicit prerequisite `../../../src/SCCS/s.Makefile.custom.web'.
    Avoiding implicit rule recursion.
     Trying pattern rule with stem `Makefile.custom'.
    Trying pattern rule with stem `Makefile.custom'.
    Trying implicit prerequisite `../../../src/Makefile.custom.ym'.
   Trying pattern rule with stem `Makefile.custom'.
    Trying pattern rule with stem `Makefile.custom'.
     Trying pattern rule with stem `Makefile.custom.r'.
    Trying implicit prerequisite `../../../src/s.Makefile.custom.m'.
     Rejecting impossible implicit prerequisite `../../../../src/Makefile.custom.l'.
   Trying implicit prerequisite `../../../src/Makefile.custom.f'.
    Looking for a rule with intermediate file `../../../src/Makefile.port.S'.
     Trying pattern rule with stem `Makefile.custom.r'.
    Trying pattern rule with stem `Makefile.custom.m'.
     Trying implicit prerequisite `../../../../src/s.Makefile.custom.r'.
    Trying implicit prerequisite `../../../src/SCCS/s.Makefile.custom.m'.
     Trying implicit prerequisite `../../../../src/Makefile.custom.r,v'.
     Trying pattern rule with stem `Makefile.custom.r'.
    Trying implicit prerequisite `../../../src/Makefile.custom.lm'.
     Trying implicit prerequisite `../../../../src/RCS/Makefile.custom.r,v'.
   Looking for a rule with intermediate file `../../../src/Makefile.custom.f'.
    Trying pattern rule with stem `Makefile.custom'.
     Trying pattern rule with stem `Makefile.custom.r'.
     Trying implicit prerequisite `../../../../src/SCCS/s.Makefile.custom.r'.
   Trying pattern rule with stem `Makefile.custom'.
    Trying pattern rule with stem `Makefile.custom.m'.
   Rejecting impossible implicit prerequisite `../../../../src/Makefile.custom.F'.
    Trying implicit prerequisite `../../../src/Makefile.custom.m,v'.
    Avoiding implicit rule recursion.
    Trying implicit prerequisite `../../../src/Makefile.custom.ym'.
   Trying pattern rule with stem `Makefile.custom'.
    Avoiding implicit rule recursion.
     Avoiding implicit rule recursion.
    Trying pattern rule with stem `Makefile.custom'.
    Trying implicit prerequisite `../../../src/Makefile.custom.F'.
    Looking for a rule with intermediate file `../../../src/Makefile.custom.ym'.
    Trying pattern rule with stem `Makefile.custom'.
   Trying implicit prerequisite `../../../../src/Makefile.custom.m'.
    Trying implicit prerequisite `../../../src/Makefile.custom.r'.
     Avoiding implicit rule recursion.
    Trying pattern rule with stem `Makefile.custom.f'.
     Avoiding implicit rule recursion.
    Trying pattern rule with stem `Makefile.custom.m'.
   Looking for a rule with intermediate file `../../../../src/Makefile.custom.m'.
    Avoiding implicit rule recursion.
    Avoiding implicit rule recursion.
     Avoiding implicit rule recursion.
    Trying implicit prerequisite `../../../src/RCS/Makefile.custom.m,v'.
     Avoiding implicit rule recursion.
     Trying pattern rule with stem `Makefile.custom.r'.
     Trying pattern rule with stem `Makefile.port.S'.
     Trying implicit prerequisite `../../../src/Makefile.port.S,v'.
    Trying implicit prerequisite `../../../src/Makefile.custom.f,v'.
     Trying pattern rule with stem `Makefile.port.S'.
     Avoiding implicit rule recursion.
    Trying pattern rule with stem `Makefile.custom.m'.
    Trying pattern rule with stem `Makefile.custom'.
     Trying implicit prerequisite `../../../../src/RCS/Makefile.custom.r'.
     Trying pattern rule with stem `Makefile.custom.ym'.
    Trying implicit prerequisite `../../../src/RCS/Makefile.custom.m'.
    Trying pattern rule with stem `Makefile.custom.m'.
    Trying pattern rule with stem `Makefile.custom.f'.
    Trying implicit prerequisite `../../../../src/Makefile.custom.ym'.
     Trying implicit prerequisite `../../../src/Makefile.custom.ym,v'.
    Trying implicit prerequisite `../../../src/s.Makefile.custom.m'.
     Trying pattern rule with stem `Makefile.custom.r'.
    Trying pattern rule with stem `Makefile.custom'.
    Trying implicit prerequisite `../../../src/RCS/Makefile.custom.f,v'.
     Trying implicit prerequisite `../../../../src/s.Makefile.custom.r'.
    Trying pattern rule with stem `Makefile.custom.f'.
    Trying pattern rule with stem `Makefile.custom.m'.
     Trying pattern rule with stem `Makefile.custom.r'.
    Trying implicit prerequisite `../../../src/RCS/Makefile.custom.f'.
    Trying pattern rule with stem `Makefile.custom.f'.
    Trying implicit prerequisite `../../../../src/Makefile.custom.lm'.
     Trying implicit prerequisite `../../../../src/SCCS/s.Makefile.custom.r'.
    Trying implicit prerequisite `../../../src/s.Makefile.custom.f'.
     Trying pattern rule with stem `Makefile.custom.ym'.
    Trying pattern rule with stem `Makefile.custom.f'.
     Trying implicit prerequisite `../../../src/RCS/Makefile.custom.ym,v'.
   Trying pattern rule with stem `Makefile.custom'.
     Trying implicit prerequisite `../../../src/RCS/Makefile.port.S,v'.
   Rejecting impossible implicit prerequisite `../../../../src/Makefile.custom.F'.
     Trying pattern rule with stem `Makefile.custom.ym'.
    Trying implicit prerequisite `../../../src/SCCS/s.Makefile.custom.f'.
    Trying pattern rule with stem `Makefile.custom'.
    Trying implicit prerequisite `../../../src/Makefile.custom.F'.
    Trying pattern rule with stem `Makefile.custom.m'.
   Trying pattern rule with stem `Makefile.custom'.
     Trying pattern rule with stem `Makefile.port.S'.
    Trying implicit prerequisite `../../../src/SCCS/s.Makefile.custom.m'.
    Looking for a rule with intermediate file `../../../src/Makefile.custom.F'.
   Trying implicit prerequisite `../../../../src/Makefile.custom.m'.
     Trying implicit prerequisite `../../../src/RCS/Makefile.custom.ym'.
     Trying implicit prerequisite `../../../src/RCS/Makefile.port.S'.
    Trying pattern rule with stem `Makefile.custom'.
     Trying pattern rule with stem `Makefile.port.S'.
     Avoiding implicit rule recursion.
   Looking for a rule with intermediate file `../../../../src/Makefile.custom.m'.
     Avoiding implicit rule recursion.
    Trying implicit prerequisite `../../../src/Makefile.custom.ym'.
     Trying pattern rule with stem `Makefile.custom.ym'.
    Trying implicit prerequisite `../../../../src/Makefile.custom.m,v'.
     Trying implicit prerequisite `../../../src/s.Makefile.port.S'.
    Looking for a rule with intermediate file `../../../src/Makefile.custom.ym'.
     Trying implicit prerequisite `../../../src/s.Makefile.custom.ym'.
     Avoiding implicit rule recursion.
     Avoiding implicit rule recursion.
     Avoiding implicit rule recursion.
    Trying pattern rule with stem `Makefile.custom.m'.
     Trying pattern rule with stem `Makefile.custom.ym'.
     Trying pattern rule with stem `Makefile.port.S'.
    Trying implicit prerequisite `../../../../src/RCS/Makefile.custom.m,v'.
    Avoiding implicit rule recursion.
    Trying pattern rule with stem `Makefile.custom.m'.
     Trying pattern rule with stem `Makefile.custom.F'.
    Avoiding implicit rule recursion.
     Trying implicit prerequisite `../../../src/SCCS/s.Makefile.port.S'.
     Avoiding implicit rule recursion.
     Trying implicit prerequisite `../../../src/SCCS/s.Makefile.custom.ym'.
     Trying implicit prerequisite `../../../src/Makefile.custom.F,v'.
   Trying pattern rule with stem `Makefile.port'.
     Trying pattern rule with stem `Makefile.custom.F'.
    Trying pattern rule with stem `Makefile.custom'.
     Trying implicit prerequisite `../../../src/RCS/Makefile.custom.F,v'.
     Trying pattern rule with stem `Makefile.custom.ym'.
    Trying pattern rule with stem `Makefile.custom'.
    Trying implicit prerequisite `../../../src/Makefile.custom.lm'.
    Trying implicit prerequisite `../../../../src/Makefile.custom.ym'.
     Trying implicit prerequisite `../../../src/Makefile.custom.ym,v'.
    Trying pattern rule with stem `Makefile.custom'.
    Looking for a rule with intermediate file `../../../src/Makefile.custom.lm'.
     Avoiding implicit rule recursion.
   Rejecting impossible implicit prerequisite `../../../src/Makefile.port.S'.
   Trying pattern rule with stem `Makefile.port'.
    Trying implicit prerequisite `../../../../src/Makefile.custom.lm'.
   Trying implicit prerequisite `../../../src/Makefile.port.mod'.
    Trying implicit prerequisite `../../../../src/RCS/Makefile.custom.m'.
    Trying pattern rule with stem `Makefile.custom.m'.
     Avoiding implicit rule recursion.
    Trying implicit prerequisite `../../../../src/s.Makefile.custom.m'.
    Trying pattern rule with stem `Makefile.custom.m'.
    Trying implicit prerequisite `../../../../src/SCCS/s.Makefile.custom.m'.
     Trying pattern rule with stem `Makefile.custom.ym'.
    Trying pattern rule with stem `Makefile.custom'.
     Trying implicit prerequisite `../../../src/RCS/Makefile.custom.ym,v'.
   Looking for a rule with intermediate file `../../../src/Makefile.port.mod'.
     Trying pattern rule with stem `Makefile.custom.F'.
     Trying pattern rule with stem `Makefile.custom.ym'.
    Trying implicit prerequisite `../../../../src/Makefile.custom.ym'.
     Avoiding implicit rule recursion.
    Looking for a rule with intermediate file `../../../../src/Makefile.custom.ym'.
    Trying pattern rule with stem `Makefile.custom.m'.
     Avoiding implicit rule recursion.
     Trying implicit prerequisite `../../../src/RCS/Makefile.custom.ym'.
    Avoiding implicit rule recursion.
     Trying implicit prerequisite `../../../src/RCS/Makefile.custom.F'.
     Trying pattern rule with stem `Makefile.custom.F'.
    Trying implicit prerequisite `../../../../src/Makefile.custom.m,v'.
     Trying pattern rule with stem `Makefile.custom.ym'.
    Avoiding implicit rule recursion.
    Trying pattern rule with stem `Makefile.custom.m'.
     Trying pattern rule with stem `Makefile.custom.lm'.
    Trying implicit prerequisite `../../../../src/RCS/Makefile.custom.m,v'.
     Trying implicit prerequisite `../../../src/s.Makefile.custom.F'.
    Trying pattern rule with stem `Makefile.port.mod'.
     Avoiding implicit rule recursion.
    Trying pattern rule with stem `Makefile.custom.m'.
     Trying implicit prerequisite `../../../src/Makefile.custom.lm,v'.
     Trying implicit prerequisite `../../../src/s.Makefile.custom.ym'.
     Trying pattern rule with stem `Makefile.custom.lm'.
    Trying implicit prerequisite `../../../../src/RCS/Makefile.custom.m'.
     Trying implicit prerequisite `../../../src/RCS/Makefile.custom.lm,v'.
     Trying pattern rule with stem `Makefile.custom.ym'.
     Trying implicit prerequisite `../../../src/SCCS/s.Makefile.custom.ym'.
    Trying pattern rule with stem `Makefile.custom.m'.
     Trying pattern rule with stem `Makefile.custom.lm'.
    Trying implicit prerequisite `../../../src/Makefile.port.mod,v'.
     Trying implicit prerequisite `../../../src/RCS/Makefile.custom.lm'.
     Trying pattern rule with stem `Makefile.custom.F'.
     Trying pattern rule with stem `Makefile.custom.lm'.
    Trying implicit prerequisite `../../../../src/s.Makefile.custom.m'.
    Trying pattern rule with stem `Makefile.custom'.
     Trying implicit prerequisite `../../../src/SCCS/s.Makefile.custom.F'.
    Trying implicit prerequisite `../../../src/Makefile.custom.lm'.
     Trying implicit prerequisite `../../../src/s.Makefile.custom.lm'.
     Avoiding implicit rule recursion.
    Looking for a rule with intermediate file `../../../src/Makefile.custom.lm'.
    Trying pattern rule with stem `Makefile.port.mod'.
    Trying pattern rule with stem `Makefile.custom.m'.
    Trying pattern rule with stem `Makefile.custom'.
     Trying pattern rule with stem `Makefile.custom.ym'.
     Trying pattern rule with stem `Makefile.custom.lm'.
     Trying implicit prerequisite `../../../../src/Makefile.custom.ym,v'.
    Trying implicit prerequisite `../../../src/RCS/Makefile.port.mod,v'.
     Trying implicit prerequisite `../../../src/SCCS/s.Makefile.custom.lm'.
    Trying implicit prerequisite `../../../../src/SCCS/s.Makefile.custom.m'.
     Avoiding implicit rule recursion.
    Trying implicit prerequisite `../../../src/Makefile.custom.r'.
     Trying pattern rule with stem `Makefile.custom.ym'.
     Avoiding implicit rule recursion.
    Trying pattern rule with stem `Makefile.port.mod'.
   Trying pattern rule with stem `Makefile.custom'.
    Trying implicit prerequisite `../../../src/RCS/Makefile.port.mod'.
     Trying implicit prerequisite `../../../../src/RCS/Makefile.custom.ym,v'.
   Rejecting impossible implicit prerequisite `../../../src/Makefile.custom.r'.
     Avoiding implicit rule recursion.
    Looking for a rule with intermediate file `../../../src/Makefile.custom.r'.
    Trying pattern rule with stem `Makefile.custom'.
   Trying pattern rule with stem `Makefile.custom'.
    Trying pattern rule with stem `Makefile.port.mod'.
     Avoiding implicit rule recursion.
    Trying implicit prerequisite `../../../src/s.Makefile.port.mod'.
     Trying pattern rule with stem `Makefile.custom.lm'.
     Trying pattern rule with stem `Makefile.custom.ym'.
   Trying implicit prerequisite `../../../src/Makefile.custom.s'.
    Trying implicit prerequisite `../../../../src/Makefile.custom.ym'.
     Trying implicit prerequisite `../../../src/Makefile.custom.lm,v'.
     Avoiding implicit rule recursion.
   Looking for a rule with intermediate file `../../../src/Makefile.custom.s'.
     Avoiding implicit rule recursion.
     Trying implicit prerequisite `../../../../src/RCS/Makefile.custom.ym'.
     Trying pattern rule with stem `Makefile.custom'.
     Rejecting impossible implicit prerequisite `../../../src/Makefile.custom.l'.
     Trying pattern rule with stem `Makefile.custom.r'.
    Avoiding implicit rule recursion.
    Trying pattern rule with stem `Makefile.port.mod'.
     Trying implicit prerequisite `../../../src/Makefile.custom.r,v'.
     Trying pattern rule with stem `Makefile.custom.ym'.
     Trying implicit prerequisite `../../../../src/s.Makefile.custom.ym'.
     Trying pattern rule with stem `Makefile.custom.r'.
     Trying pattern rule with stem `Makefile.custom.ym'.
     Trying pattern rule with stem `Makefile.custom.lm'.
    Avoiding implicit rule recursion.
     Trying implicit prerequisite `../../../src/RCS/Makefile.custom.lm,v'.
    Trying implicit prerequisite `../../../src/SCCS/s.Makefile.port.mod'.
    Trying pattern rule with stem `Makefile.custom'.
  Trying pattern rule with stem `Makefile.port'.
     Trying pattern rule with stem `Makefile.custom.lm'.
  Rejecting impossible implicit prerequisite `../../../src/Makefile.port.cc'.
    Trying implicit prerequisite `../../../src/Makefile.custom.S'.
     Trying implicit prerequisite `../../../../src/SCCS/s.Makefile.custom.ym'.
    Trying pattern rule with stem `Makefile.custom'.
     Trying implicit prerequisite `../../../src/RCS/Makefile.custom.lm'.
    Looking for a rule with intermediate file `../../../../src/Makefile.custom.ym'.
    Trying implicit prerequisite `../../../../src/Makefile.custom.lm'.
    Looking for a rule with intermediate file `../../../../src/Makefile.custom.lm'.
    Trying pattern rule with stem `Makefile.custom.s'.
     Avoiding implicit rule recursion.
  Trying pattern rule with stem `Makefile.port'.
     Trying implicit prerequisite `../../../src/RCS/Makefile.custom.r,v'.
     Avoiding implicit rule recursion.
    Trying implicit prerequisite `../../../src/Makefile.custom.s,v'.
     Trying pattern rule with stem `Makefile.custom.r'.
    Trying pattern rule with stem `Makefile.custom.s'.
     Avoiding implicit rule recursion.
  Rejecting impossible implicit prerequisite `../../../src/Makefile.port.C'.
     Trying implicit prerequisite `../../../src/RCS/Makefile.custom.r'.
     Avoiding implicit rule recursion.
    Trying implicit prerequisite `../../../src/RCS/Makefile.custom.s,v'.
     Trying pattern rule with stem `Makefile.custom.r'.
    Trying pattern rule with stem `Makefile.custom.s'.
     Trying pattern rule with stem `Makefile.custom.lm'.
  Trying pattern rule with stem `Makefile.port'.
     Avoiding implicit rule recursion.
     Avoiding implicit rule recursion.
  Rejecting impossible implicit prerequisite `../../../src/Makefile.port.cpp'.
  Trying pattern rule with stem `Makefile.port'.
     Trying pattern rule with stem `Makefile.custom.lm'.
    Trying implicit prerequisite `../../../src/RCS/Makefile.custom.s'.
     Trying pattern rule with stem `Makefile.custom.ym'.
     Trying implicit prerequisite `../../../src/s.Makefile.custom.lm'.
     Trying implicit prerequisite `../../../../src/Makefile.custom.ym,v'.
     Trying pattern rule with stem `Makefile.custom.ym'.
  Rejecting impossible implicit prerequisite `../../../src/Makefile.port.p'.
     Trying pattern rule with stem `Makefile.custom.lm'.
     Trying implicit prerequisite `../../../../src/RCS/Makefile.custom.ym,v'.
     Trying pattern rule with stem `Makefile.custom.ym'.
    Trying pattern rule with stem `Makefile.custom.s'.
     Trying implicit prerequisite `../../../../src/RCS/Makefile.custom.ym'.
     Trying implicit prerequisite `../../../src/SCCS/s.Makefile.custom.lm'.
     Trying pattern rule with stem `Makefile.custom.ym'.
   Trying pattern rule with stem `Makefile.custom'.
  Trying pattern rule with stem `Makefile.port'.
     Trying implicit prerequisite `../../../src/s.Makefile.custom.r'.
     Trying implicit prerequisite `../../../../src/Makefile.custom.lm,v'.
    Trying implicit prerequisite `../../../src/s.Makefile.custom.s'.
     Trying implicit prerequisite `../../../../src/s.Makefile.custom.ym'.
     Trying pattern rule with stem `Makefile.custom.r'.
     Trying pattern rule with stem `Makefile.custom.lm'.
  Rejecting impossible implicit prerequisite `../../../src/Makefile.port.f'.
     Trying implicit prerequisite `../../../src/SCCS/s.Makefile.custom.r'.
    Trying pattern rule with stem `Makefile.custom.s'.
     Trying implicit prerequisite `../../../../src/RCS/Makefile.custom.lm,v'.
  Trying pattern rule with stem `Makefile.port'.
   Rejecting impossible implicit prerequisite `../../../src/Makefile.custom.r'.
  Rejecting impossible implicit prerequisite `../../../src/Makefile.port.F'.
     Trying pattern rule with stem `Makefile.custom.ym'.
   Trying pattern rule with stem `Makefile.custom'.
     Trying implicit prerequisite `../../../../src/SCCS/s.Makefile.custom.ym'.
  Trying pattern rule with stem `Makefile.port'.
   Trying implicit prerequisite `../../../src/Makefile.custom.s'.
   Trying pattern rule with stem `Makefile.custom'.
    Trying pattern rule with stem `Makefile.custom'.
   Looking for a rule with intermediate file `../../../src/Makefile.custom.s'.
    Trying implicit prerequisite `../../../../src/Makefile.custom.lm'.
     Trying pattern rule with stem `Makefile.custom.lm'.
  Rejecting impossible implicit prerequisite `../../../src/Makefile.port.m'.
    Trying implicit prerequisite `../../../src/SCCS/s.Makefile.custom.s'.
    Looking for a rule with intermediate file `../../../../src/Makefile.custom.lm'.
   Rejecting impossible implicit prerequisite `../../../src/Makefile.custom.F'.
    Avoiding implicit rule recursion.
     Trying implicit prerequisite `../../../../src/RCS/Makefile.custom.lm'.
    Trying pattern rule with stem `Makefile.custom'.
    Avoiding implicit rule recursion.
     Trying pattern rule with stem `Makefile.custom.lm'.
   Trying pattern rule with stem `Makefile.custom'.
  Trying pattern rule with stem `Makefile.port'.
     Avoiding implicit rule recursion.
  Rejecting impossible implicit prerequisite `../../../src/Makefile.port.r'.
    Trying implicit prerequisite `../../../src/Makefile.custom.S'.
     Avoiding implicit rule recursion.
  Trying pattern rule with stem `Makefile.port'.
    Looking for a rule with intermediate file `../../../src/Makefile.custom.S'.
     Avoiding implicit rule recursion.
     Trying implicit prerequisite `../../../../src/s.Makefile.custom.lm'.
     Trying pattern rule with stem `Makefile.custom.lm'.
   Trying implicit prerequisite `../../../src/Makefile.custom.m'.
     Avoiding implicit rule recursion.
    Trying pattern rule with stem `Makefile.custom'.
   Looking for a rule with intermediate file `../../../src/Makefile.custom.m'.
    Avoiding implicit rule recursion.
     Trying implicit prerequisite `../../../../src/Makefile.custom.lm,v'.
    Avoiding implicit rule recursion.
    Trying implicit prerequisite `../../../src/Makefile.custom.S'.
    Trying pattern rule with stem `Makefile.custom.s'.
     Trying pattern rule with stem `Makefile.custom.lm'.
     Avoiding implicit rule recursion.
     Trying pattern rule with stem `Makefile.custom.lm'.
    Trying pattern rule with stem `Makefile.custom'.
     Trying implicit prerequisite `../../../../src/SCCS/s.Makefile.custom.lm'.
     Trying implicit prerequisite `../../../../src/RCS/Makefile.custom.lm,v'.
     Avoiding implicit rule recursion.
   Trying pattern rule with stem `Makefile.custom'.
    Trying implicit prerequisite `../../../src/Makefile.custom.s,v'.
   Rejecting impossible implicit prerequisite `../../../../src/Makefile.custom.r'.
     Trying pattern rule with stem `Makefile.custom.lm'.
   Trying pattern rule with stem `Makefile.custom'.
     Trying pattern rule with stem `Makefile.custom.S'.
    Trying pattern rule with stem `Makefile.custom.s'.
     Trying implicit prerequisite `../../../../src/RCS/Makefile.custom.lm'.
   Trying implicit prerequisite `../../../../src/Makefile.custom.s'.
     Trying pattern rule with stem `Makefile.custom.lm'.
  Rejecting impossible implicit prerequisite `../../../src/Makefile.port.s'.
  Trying pattern rule with stem `Makefile.port'.
    Trying implicit prerequisite `../../../src/RCS/Makefile.custom.s,v'.
  Rejecting impossible implicit prerequisite `../../../src/Makefile.port.S'.
    Trying implicit prerequisite `../../../src/Makefile.custom.ym'.
  Trying pattern rule with stem `Makefile.port'.
    Trying pattern rule with stem `Makefile.custom'.
   Looking for a rule with intermediate file `../../../../src/Makefile.custom.s'.
     Trying implicit prerequisite `../../../src/Makefile.custom.S,v'.
     Trying implicit prerequisite `../../../../src/s.Makefile.custom.lm'.
    Trying implicit prerequisite `../../../src/Makefile.custom.lm'.
     Trying pattern rule with stem `Makefile.custom.S'.
  Rejecting impossible implicit prerequisite `../../../src/Makefile.port.mod'.
     Trying pattern rule with stem `Makefile.custom.lm'.
     Trying implicit prerequisite `../../../src/RCS/Makefile.custom.S,v'.
     Trying implicit prerequisite `../../../../src/SCCS/s.Makefile.custom.lm'.
     Trying pattern rule with stem `Makefile.custom.S'.
    Trying pattern rule with stem `Makefile.custom.s'.
  Trying pattern rule with stem `Makefile.port'.
    Avoiding implicit rule recursion.
  Trying implicit prerequisite `../../../src/Makefile.port.sh'.
    Trying implicit prerequisite `../../../src/RCS/Makefile.custom.s'.
    Trying pattern rule with stem `Makefile.custom.m'.
    Trying implicit prerequisite `../../../src/Makefile.custom.m,v'.
     Trying implicit prerequisite `../../../src/RCS/Makefile.custom.S'.
  Looking for a rule with intermediate file `../../../src/Makefile.port.sh'.
    Trying pattern rule with stem `Makefile.custom.s'.
   Avoiding implicit rule recursion.
     Trying pattern rule with stem `Makefile.custom.S'.
   Trying pattern rule with stem `Makefile.port.sh'.
     Trying implicit prerequisite `../../../src/s.Makefile.custom.S'.
   Trying pattern rule with stem `Makefile.custom'.
     Trying pattern rule with stem `Makefile.custom.S'.
    Avoiding implicit rule recursion.
    Trying implicit prerequisite `../../../src/s.Makefile.custom.s'.
     Trying implicit prerequisite `../../../src/SCCS/s.Makefile.custom.S'.
    Trying pattern rule with stem `Makefile.custom.m'.
   Trying implicit prerequisite `../../../src/Makefile.port.sh,v'.
    Trying pattern rule with stem `Makefile.custom'.
    Trying pattern rule with stem `Makefile.custom.s'.
   Rejecting impossible implicit prerequisite `../../../../src/Makefile.custom.r'.
   Trying pattern rule with stem `Makefile.custom'.
    Trying implicit prerequisite `../../../../src/Makefile.custom.S'.
    Trying pattern rule with stem `Makefile.custom.s'.
   Rejecting impossible implicit prerequisite `../../../src/Makefile.custom.S'.
    Trying implicit prerequisite `../../../../src/Makefile.custom.s,v'.
   Trying pattern rule with stem `Makefile.port.sh'.
    Trying pattern rule with stem `Makefile.custom.s'.
   Trying implicit prerequisite `../../../src/RCS/Makefile.port.sh,v'.
    Trying implicit prerequisite `../../../../src/RCS/Makefile.custom.s,v'.
    Trying implicit prerequisite `../../../src/SCCS/s.Makefile.custom.s'.
   Trying pattern rule with stem `Makefile.custom'.
   Trying pattern rule with stem `Makefile.custom'.
   Trying pattern rule with stem `Makefile.port.sh'.
   Trying implicit prerequisite `../../../src/Makefile.custom.mod'.
    Trying pattern rule with stem `Makefile.custom.s'.
    Trying pattern rule with stem `Makefile.custom'.
   Trying implicit prerequisite `../../../src/RCS/Makefile.port.sh'.
    Trying implicit prerequisite `../../../src/Makefile.custom.S'.
    Trying implicit prerequisite `../../../src/RCS/Makefile.custom.m,v'.
   Trying implicit prerequisite `../../../../src/Makefile.custom.s'.
   Looking for a rule with intermediate file `../../../src/Makefile.custom.mod'.
   Looking for a rule with intermediate file `../../../../src/Makefile.custom.s'.
    Looking for a rule with intermediate file `../../../src/Makefile.custom.S'.
   Trying pattern rule with stem `Makefile.port.sh'.
    Avoiding implicit rule recursion.
   Trying implicit prerequisite `../../../src/s.Makefile.port.sh'.
    Avoiding implicit rule recursion.
    Avoiding implicit rule recursion.
    Trying implicit prerequisite `../../../../src/RCS/Makefile.custom.s'.
   Trying pattern rule with stem `Makefile.port.sh'.
    Trying pattern rule with stem `Makefile.custom.s'.
     Avoiding implicit rule recursion.
    Avoiding implicit rule recursion.
    Trying pattern rule with stem `Makefile.custom'.
    Trying pattern rule with stem `Makefile.custom.m'.
   Trying implicit prerequisite `../../../src/SCCS/s.Makefile.port.sh'.
     Avoiding implicit rule recursion.
    Trying implicit prerequisite `../../../../src/s.Makefile.custom.s'.
    Trying implicit prerequisite `../../../../src/Makefile.custom.S'.
     Avoiding implicit rule recursion.
    Trying pattern rule with stem `Makefile.custom.s'.
    Trying pattern rule with stem `Makefile.custom.s'.
    Trying pattern rule with stem `Makefile.custom.mod'.
    Trying implicit prerequisite `../../../../src/Makefile.custom.s,v'.
    Trying implicit prerequisite `../../../src/Makefile.custom.mod,v'.
    Trying pattern rule with stem `Makefile.custom.s'.
    Trying implicit prerequisite `../../../../src/SCCS/s.Makefile.custom.s'.
     Trying pattern rule with stem `Makefile.custom.S'.
  No implicit rule found for `../../../src/Makefile.port'.
    Trying implicit prerequisite `../../../src/RCS/Makefile.custom.m'.
     Trying implicit prerequisite `../../../src/Makefile.custom.S,v'.
    Trying implicit prerequisite `../../../../src/RCS/Makefile.custom.s,v'.
     Trying pattern rule with stem `Makefile.custom.S'.
    Trying pattern rule with stem `Makefile.custom.mod'.
    Trying pattern rule with stem `Makefile.custom.s'.
  Finished prerequisites of target file `../../../src/Makefile.port'.
    Trying implicit prerequisite `../../../src/RCS/Makefile.custom.mod,v'.
    Trying pattern rule with stem `Makefile.custom'.
    Trying pattern rule with stem `Makefile.custom.mod'.
    Trying pattern rule with stem `Makefile.custom.m'.
     Trying implicit prerequisite `../../../src/RCS/Makefile.custom.S,v'.
    Trying implicit prerequisite `../../../src/s.Makefile.custom.m'.
    Trying implicit prerequisite `../../../src/RCS/Makefile.custom.mod'.
    Trying pattern rule with stem `Makefile.custom.m'.
 No need to remake target `../../../src/Makefile.port'.
    Trying implicit prerequisite `../../../src/SCCS/s.Makefile.custom.m'.
    Trying implicit prerequisite `../../../../src/Makefile.custom.S'.
     Trying pattern rule with stem `Makefile.custom.S'.
    Trying pattern rule with stem `Makefile.custom.mod'.
    Trying pattern rule with stem `Makefile.custom'.
    Trying implicit prerequisite `../../../src/s.Makefile.custom.mod'.
    Trying implicit prerequisite `../../../src/Makefile.custom.ym'.
    Trying pattern rule with stem `Makefile.custom.mod'.
    Trying implicit prerequisite `../../../../src/RCS/Makefile.custom.s'.
    Looking for a rule with intermediate file `../../../src/Makefile.custom.ym'.
    Looking for a rule with intermediate file `../../../../src/Makefile.custom.S'.
 Considering target file `../../../src/Makefile.global'.
    Trying pattern rule with stem `Makefile.custom.s'.
    Trying implicit prerequisite `../../../src/SCCS/s.Makefile.custom.mod'.
    Trying implicit prerequisite `../../../../src/s.Makefile.custom.s'.
  Trying pattern rule with stem `Makefile.custom'.
     Avoiding implicit rule recursion.
    Trying pattern rule with stem `Makefile.custom.s'.
     Avoiding implicit rule recursion.
    Trying implicit prerequisite `../../../../src/SCCS/s.Makefile.custom.s'.
     Avoiding implicit rule recursion.
     Trying implicit prerequisite `../../../src/RCS/Makefile.custom.S'.
     Avoiding implicit rule recursion.
     Trying pattern rule with stem `Makefile.custom.S'.
     Trying pattern rule with stem `Makefile.custom.ym'.
     Avoiding implicit rule recursion.
    Trying pattern rule with stem `Makefile.custom'.
     Avoiding implicit rule recursion.
     Trying implicit prerequisite `../../../src/s.Makefile.custom.S'.
    Trying implicit prerequisite `../../../../src/Makefile.custom.S'.
     Trying pattern rule with stem `Makefile.custom.S'.
   Considering target file `../../../src/Makefile.global.in'.
     Trying implicit prerequisite `../../../src/Makefile.custom.ym,v'.
     Trying implicit prerequisite `../../../../src/Makefile.custom.S,v'.
    Looking for an implicit rule for `../../../src/Makefile.global.in'.
     Trying pattern rule with stem `Makefile.custom.S'.
  Rejecting impossible implicit prerequisite `../../../src/Makefile.custom.cc'.
     Trying pattern rule with stem `Makefile.custom.ym'.
    Trying pattern rule with stem `Makefile.global.in'.
     Trying pattern rule with stem `Makefile.custom.S'.
     Trying implicit prerequisite `../../../src/RCS/Makefile.custom.ym,v'.
     Trying implicit prerequisite `../../../../src/RCS/Makefile.custom.S,v'.
     Trying pattern rule with stem `Makefile.custom.ym'.
    Trying implicit prerequisite `../../../src/Makefile.global.in.o'.
    Looking for a rule with intermediate file `../../../../src/Makefile.custom.S'.
     Trying implicit prerequisite `../../../src/SCCS/s.Makefile.custom.S'.
     Trying pattern rule with stem `Makefile.custom.S'.
   Trying pattern rule with stem `Makefile.custom'.
     Trying implicit prerequisite `../../../src/RCS/Makefile.custom.ym'.
     Trying pattern rule with stem `Makefile.custom.ym'.
     Trying implicit prerequisite `../../../../src/RCS/Makefile.custom.S'.
    Trying pattern rule with stem `Makefile.global.in'.
    Trying implicit prerequisite `../../../src/Makefile.global.in.cc'.
    Trying pattern rule with stem `Makefile.global.in'.
     Trying implicit prerequisite `../../../src/s.Makefile.custom.ym'.
   Rejecting impossible implicit prerequisite `../../../src/Makefile.custom.S'.
     Trying pattern rule with stem `Makefile.custom.S'.
     Avoiding implicit rule recursion.
     Trying implicit prerequisite `../../../../src/s.Makefile.custom.S'.
     Trying pattern rule with stem `Makefile.custom.ym'.
   Trying pattern rule with stem `Makefile.custom'.
     Trying implicit prerequisite `../../../src/SCCS/s.Makefile.custom.ym'.
   Trying implicit prerequisite `../../../src/Makefile.custom.mod'.
  Trying pattern rule with stem `Makefile.custom'.
     Trying pattern rule with stem `Makefile.custom.S'.
  Rejecting impossible implicit prerequisite `../../../src/Makefile.custom.C'.
    Trying pattern rule with stem `Makefile.custom'.
   Looking for a rule with intermediate file `../../../src/Makefile.custom.mod'.
    Trying implicit prerequisite `../../../src/Makefile.global.in.C'.
    Trying pattern rule with stem `Makefile.global.in'.
    Trying implicit prerequisite `../../../src/Makefile.global.in.cpp'.
    Trying pattern rule with stem `Makefile.global.in'.
    Trying implicit prerequisite `../../../src/Makefile.global.in.p'.
    Trying pattern rule with stem `Makefile.global.in'.
    Trying implicit prerequisite `../../../src/Makefile.global.in.f'.
    Trying pattern rule with stem `Makefile.global.in'.
     Avoiding implicit rule recursion.
     Trying implicit prerequisite `../../../../src/SCCS/s.Makefile.custom.S'.
    Avoiding implicit rule recursion.
     Avoiding implicit rule recursion.
    Trying implicit prerequisite `../../../src/Makefile.global.in.F'.
  Trying pattern rule with stem `Makefile.custom'.
   Trying pattern rule with stem `Makefile.custom'.
  Rejecting impossible implicit prerequisite `../../../src/Makefile.custom.cpp'.
   Rejecting impossible implicit prerequisite `../../../../src/Makefile.custom.S'.
     Trying pattern rule with stem `Makefile.custom.S'.
    Avoiding implicit rule recursion.
     Trying implicit prerequisite `../../../../src/Makefile.custom.S,v'.
    Trying pattern rule with stem `Makefile.custom.mod'.
    Trying implicit prerequisite `../../../src/Makefile.custom.lm'.
  Trying pattern rule with stem `Makefile.custom'.
   Trying pattern rule with stem `Makefile.custom'.
    Trying implicit prerequisite `../../../src/Makefile.custom.mod,v'.
    Trying pattern rule with stem `Makefile.global.in'.
    Trying pattern rule with stem `Makefile.custom.mod'.
  Rejecting impossible implicit prerequisite `../../../src/Makefile.custom.p'.
     Trying pattern rule with stem `Makefile.custom.S'.
    Trying implicit prerequisite `../../../src/RCS/Makefile.custom.mod,v'.
    Looking for a rule with intermediate file `../../../src/Makefile.custom.lm'.
    Trying pattern rule with stem `Makefile.custom.mod'.
  Trying pattern rule with stem `Makefile.custom'.
     Avoiding implicit rule recursion.
    Trying implicit prerequisite `../../../src/Makefile.global.in.m'.
     Trying implicit prerequisite `../../../../src/RCS/Makefile.custom.S,v'.
  Rejecting impossible implicit prerequisite `../../../src/Makefile.custom.f'.
     Trying pattern rule with stem `Makefile.custom.S'.
     Avoiding implicit rule recursion.
     Trying implicit prerequisite `../../../../src/RCS/Makefile.custom.S'.
    Trying pattern rule with stem `Makefile.global.in'.
    Trying implicit prerequisite `../../../src/RCS/Makefile.custom.mod'.
     Avoiding implicit rule recursion.
  Trying pattern rule with stem `Makefile.custom'.
     Trying pattern rule with stem `Makefile.custom.lm'.
     Trying pattern rule with stem `Makefile.custom.S'.
   Trying implicit prerequisite `../../../../src/Makefile.custom.mod'.
     Trying implicit prerequisite `../../../src/Makefile.custom.lm,v'.
    Trying pattern rule with stem `Makefile.custom.mod'.
   Looking for a rule with intermediate file `../../../../src/Makefile.custom.mod'.
    Avoiding implicit rule recursion.
    Trying implicit prerequisite `../../../src/Makefile.global.in.r'.
     Trying pattern rule with stem `Makefile.custom.lm'.
     Trying implicit prerequisite `../../../../src/s.Makefile.custom.S'.
    Trying implicit prerequisite `../../../src/s.Makefile.custom.mod'.
     Trying pattern rule with stem `Makefile.custom.S'.
     Trying implicit prerequisite `../../../src/RCS/Makefile.custom.lm,v'.
    Avoiding implicit rule recursion.
    Trying pattern rule with stem `Makefile.custom.mod'.
    Trying pattern rule with stem `Makefile.global.in'.
     Trying pattern rule with stem `Makefile.custom.lm'.
    Trying pattern rule with stem `Makefile.custom.mod'.
     Trying implicit prerequisite `../../../src/RCS/Makefile.custom.lm'.
     Trying pattern rule with stem `Makefile.custom.lm'.
    Trying implicit prerequisite `../../../src/Makefile.global.in.s'.
     Trying implicit prerequisite `../../../src/s.Makefile.custom.lm'.
    Trying implicit prerequisite `../../../../src/Makefile.custom.mod,v'.
  Rejecting impossible implicit prerequisite `../../../src/Makefile.custom.F'.
    Trying pattern rule with stem `Makefile.global.in'.
     Trying pattern rule with stem `Makefile.custom.lm'.
    Trying implicit prerequisite `../../../src/SCCS/s.Makefile.custom.mod'.
    Trying pattern rule with stem `Makefile.custom.mod'.
    Trying implicit prerequisite `../../../src/Makefile.global.in.S'.
     Trying implicit prerequisite `../../../../src/SCCS/s.Makefile.custom.S'.
  Trying pattern rule with stem `Makefile.custom'.
    Trying pattern rule with stem `Makefile.global.in'.
  Rejecting impossible implicit prerequisite `../../../src/Makefile.custom.cc'.
  Trying pattern rule with stem `Makefile.custom'.
  Trying pattern rule with stem `Makefile.custom'.
   Trying pattern rule with stem `Makefile.custom'.
  Rejecting impossible implicit prerequisite `../../../src/Makefile.custom.C'.
  Rejecting impossible implicit prerequisite `../../../src/Makefile.custom.m'.
    Trying implicit prerequisite `../../../src/Makefile.global.in.mod'.
  Trying pattern rule with stem `Makefile.custom'.
     Trying implicit prerequisite `../../../src/SCCS/s.Makefile.custom.lm'.
  Rejecting impossible implicit prerequisite `../../../src/Makefile.custom.cpp'.
    Trying implicit prerequisite `../../../../src/RCS/Makefile.custom.mod,v'.
    Trying pattern rule with stem `Makefile.global.in'.
    Trying pattern rule with stem `Makefile.custom.mod'.
    Trying implicit prerequisite `../../../src/Makefile.global.in.sh'.
  Trying pattern rule with stem `Makefile.custom'.
  Trying pattern rule with stem `Makefile.custom'.
   Trying pattern rule with stem `Makefile.custom'.
    Trying implicit prerequisite `../../../../src/RCS/Makefile.custom.mod'.
    Trying pattern rule with stem `Makefile.global.in'.
    Trying pattern rule with stem `Makefile.custom.mod'.
    Trying implicit prerequisite `../../../src/Makefile.global.in,v'.
  Rejecting impossible implicit prerequisite `../../../src/Makefile.custom.p'.
   Rejecting impossible implicit prerequisite `../../../../src/Makefile.custom.S'.
    Trying pattern rule with stem `Makefile.global.in'.
  Trying pattern rule with stem `Makefile.custom'.
   Rejecting impossible implicit prerequisite `../../../src/Makefile.custom.r'.
  Rejecting impossible implicit prerequisite `../../../src/Makefile.custom.r'.
    Trying implicit prerequisite `../../../../src/s.Makefile.custom.mod'.
   Trying pattern rule with stem `Makefile.custom'.
   Trying pattern rule with stem `Makefile.custom'.
  Rejecting impossible implicit prerequisite `../../../src/Makefile.custom.f'.
    Trying implicit prerequisite `../../../src/RCS/Makefile.global.in,v'.
    Trying pattern rule with stem `Makefile.custom.mod'.
  Trying pattern rule with stem `Makefile.custom'.
    Trying implicit prerequisite `../../../../src/SCCS/s.Makefile.custom.mod'.
   Trying implicit prerequisite `../../../src/Makefile.custom.s'.
   Trying implicit prerequisite `../../../../src/Makefile.custom.mod'.
  Trying pattern rule with stem `Makefile.custom'.
   Looking for a rule with intermediate file `../../../../src/Makefile.custom.mod'.
  Rejecting impossible implicit prerequisite `../../../src/Makefile.custom.F'.
  Trying pattern rule with stem `Makefile.custom'.
    Avoiding implicit rule recursion.
    Trying pattern rule with stem `Makefile.global.in'.
  Rejecting impossible implicit prerequisite `../../../src/Makefile.custom.s'.
  Trying pattern rule with stem `Makefile.custom'.
    Avoiding implicit rule recursion.
   Looking for a rule with intermediate file `../../../src/Makefile.custom.s'.
  Rejecting impossible implicit prerequisite `../../../src/Makefile.custom.m'.
  Rejecting impossible implicit prerequisite `../../../../src/Makefile.custom.cc'.
    Trying implicit prerequisite `../../../src/RCS/Makefile.global.in'.
    Trying pattern rule with stem `Makefile.custom.mod'.
  Trying pattern rule with stem `Makefile.custom'.
    Trying pattern rule with stem `Makefile.global.in'.
    Avoiding implicit rule recursion.
  Rejecting impossible implicit prerequisite `../../../src/Makefile.custom.S'.
  Trying pattern rule with stem `Makefile.custom'.
    Trying implicit prerequisite `../../../../src/Makefile.custom.mod,v'.
  Trying pattern rule with stem `Makefile.custom'.
  Trying pattern rule with stem `Makefile.custom'.
  Rejecting impossible implicit prerequisite `../../../src/Makefile.custom.r'.
    Trying implicit prerequisite `../../../src/s.Makefile.global.in'.
  Rejecting impossible implicit prerequisite `../../../../src/Makefile.custom.C'.
  Rejecting impossible implicit prerequisite `../../../src/Makefile.custom.mod'.
    Avoiding implicit rule recursion.
  Trying pattern rule with stem `Makefile.custom'.
    Trying pattern rule with stem `Makefile.custom'.
    Trying pattern rule with stem `Makefile.global.in'.
  Trying pattern rule with stem `Makefile.custom'.
  Trying pattern rule with stem `Makefile.custom'.
  Trying implicit prerequisite `../../../src/Makefile.custom.sh'.
    Trying implicit prerequisite `../../../src/SCCS/s.Makefile.global.in'.
  Rejecting impossible implicit prerequisite `../../../src/Makefile.custom.s'.
  Rejecting impossible implicit prerequisite `../../../../src/Makefile.custom.cpp'.
    Trying implicit prerequisite `../../../src/Makefile.custom.S'.
  Looking for a rule with intermediate file `../../../src/Makefile.custom.sh'.
    Trying pattern rule with stem `Makefile.custom.mod'.
  Trying pattern rule with stem `Makefile.custom'.
  Trying pattern rule with stem `Makefile.custom'.
    Trying pattern rule with stem `Makefile.custom.s'.
   Avoiding implicit rule recursion.
    Trying implicit prerequisite `../../../../src/RCS/Makefile.custom.mod,v'.
  Rejecting impossible implicit prerequisite `../../../src/Makefile.custom.S'.
    Trying pattern rule with stem `Makefile.custom.mod'.
   Trying pattern rule with stem `Makefile.custom.sh'.
    Trying implicit prerequisite `../../../src/Makefile.custom.s,v'.
  Trying pattern rule with stem `Makefile.custom'.
    Trying pattern rule with stem `Makefile.custom.s'.
  Rejecting impossible implicit prerequisite `../../../src/Makefile.custom.mod'.
    Trying implicit prerequisite `../../../src/RCS/Makefile.custom.s,v'.
  Trying pattern rule with stem `Makefile.custom'.
    Trying pattern rule with stem `Makefile.global.in'.
  Rejecting impossible implicit prerequisite `../../../../src/Makefile.custom.p'.
    Trying pattern rule with stem `Makefile.custom.s'.
    Trying implicit prerequisite `../../../../src/RCS/Makefile.custom.mod'.
   Trying implicit prerequisite `../../../src/Makefile.custom.sh,v'.
    Trying pattern rule with stem `Makefile.custom.mod'.
    Trying implicit prerequisite `../../../src/Makefile.global.in.o'.
  Trying pattern rule with stem `Makefile.custom'.
  Trying implicit prerequisite `../../../src/Makefile.custom.sh'.
  Rejecting impossible implicit prerequisite `../../../../src/Makefile.custom.f'.
   Trying pattern rule with stem `Makefile.custom.sh'.
    Trying implicit prerequisite `../../../../src/s.Makefile.custom.mod'.
    Trying implicit prerequisite `../../../src/RCS/Makefile.custom.s'.
  Looking for a rule with intermediate file `../../../src/Makefile.custom.sh'.
    Trying pattern rule with stem `Makefile.custom.s'.
    Trying pattern rule with stem `Makefile.custom.mod'.
    Looking for a rule with intermediate file `../../../src/Makefile.global.in.o'.
    Trying implicit prerequisite `../../../src/s.Makefile.custom.s'.
     Avoiding implicit rule recursion.
  Trying pattern rule with stem `Makefile.custom'.
    Trying pattern rule with stem `Makefile.custom.s'.
   Trying implicit prerequisite `../../../src/RCS/Makefile.custom.sh,v'.
  Rejecting impossible implicit prerequisite `../../../../src/Makefile.custom.F'.
     Trying pattern rule with stem `Makefile.global.in'.
  Trying pattern rule with stem `Makefile.custom'.
   Trying pattern rule with stem `Makefile.custom.sh'.
    Trying implicit prerequisite `../../../../src/SCCS/s.Makefile.custom.mod'.
    Trying implicit prerequisite `../../../src/SCCS/s.Makefile.custom.s'.
  Trying pattern rule with stem `Makefile.custom'.
   Avoiding implicit rule recursion.
     Trying implicit prerequisite `../../../src/Makefile.global.in.c'.
  Rejecting impossible implicit prerequisite `../../../../src/Makefile.custom.m'.
  Rejecting impossible implicit prerequisite `../../../../src/Makefile.custom.cc'.
   Trying implicit prerequisite `../../../src/RCS/Makefile.custom.sh'.
     Trying pattern rule with stem `Makefile.global.in'.
  Trying pattern rule with stem `Makefile.custom'.
   Trying pattern rule with stem `Makefile.custom.sh'.
    Trying pattern rule with stem `Makefile.custom'.
     Trying implicit prerequisite `../../../src/Makefile.global.in.cc'.
    Trying implicit prerequisite `../../../src/Makefile.custom.S'.
     Trying pattern rule with stem `Makefile.global.in'.
   Trying pattern rule with stem `Makefile.custom.sh'.
    Looking for a rule with intermediate file `../../../src/Makefile.custom.S'.
     Trying implicit prerequisite `../../../src/Makefile.global.in.C'.
     Avoiding implicit rule recursion.
  Rejecting impossible implicit prerequisite `../../../../src/Makefile.custom.r'.
   Trying implicit prerequisite `../../../src/s.Makefile.custom.sh'.
     Trying pattern rule with stem `Makefile.global.in'.
  Trying pattern rule with stem `Makefile.custom'.
     Trying implicit prerequisite `../../../src/Makefile.global.in.cpp'.
  Rejecting impossible implicit prerequisite `../../../../src/Makefile.custom.s'.
     Avoiding implicit rule recursion.
  Trying pattern rule with stem `Makefile.custom'.
     Avoiding implicit rule recursion.
   Trying pattern rule with stem `Makefile.custom.sh'.
  Trying pattern rule with stem `Makefile.custom'.
   Trying implicit prerequisite `../../../src/SCCS/s.Makefile.custom.sh'.
   Trying implicit prerequisite `../../../src/Makefile.custom.sh,v'.
     Trying pattern rule with stem `Makefile.global.in'.
  Rejecting impossible implicit prerequisite `../../../../src/Makefile.custom.C'.
     Trying pattern rule with stem `Makefile.custom.S'.
  No implicit rule found for `../../../src/Makefile.custom'.
  Trying pattern rule with stem `Makefile.custom'.
  Finished prerequisites of target file `../../../src/Makefile.custom'.
   Trying pattern rule with stem `Makefile.custom.sh'.
  Rejecting impossible implicit prerequisite `../../../../src/Makefile.custom.S'.
   Trying implicit prerequisite `../../../src/RCS/Makefile.custom.sh,v'.
     Trying implicit prerequisite `../../../src/Makefile.global.in.p'.
 Must remake target `../../../src/Makefile.custom'.
  Rejecting impossible implicit prerequisite `../../../../src/Makefile.custom.cpp'.
     Trying implicit prerequisite `../../../src/Makefile.custom.S,v'.
  Trying pattern rule with stem `Makefile.custom'.
   Trying pattern rule with stem `Makefile.custom.sh'.
     Trying pattern rule with stem `Makefile.global.in'.
  Rejecting impossible implicit prerequisite `../../../../src/Makefile.custom.mod'.
  Trying pattern rule with stem `Makefile.custom'.
     Trying implicit prerequisite `../../../src/Makefile.global.in.f'.
  Trying pattern rule with stem `Makefile.custom'.
 Failed to remake target file `../../../src/Makefile.custom'.
  Trying implicit prerequisite `../../../../src/Makefile.custom.sh'.
     Trying pattern rule with stem `Makefile.custom.S'.
  Looking for a rule with intermediate file `../../../../src/Makefile.custom.sh'.
 Considering target file `../../../src/Makefile.port'.
     Trying pattern rule with stem `Makefile.global.in'.
   Trying implicit prerequisite `../../../src/RCS/Makefile.custom.sh'.
     Trying implicit prerequisite `../../../src/Makefile.global.in.F'.
   Avoiding implicit rule recursion.
   Trying pattern rule with stem `Makefile.custom.sh'.
     Trying implicit prerequisite `../../../src/RCS/Makefile.custom.S,v'.
   Trying pattern rule with stem `Makefile.custom.sh'.
  Rejecting impossible implicit prerequisite `../../../../src/Makefile.custom.p'.
  Looking for an implicit rule for `../../../src/Makefile.port'.
  Trying pattern rule with stem `Makefile.custom'.
  Trying pattern rule with stem `Makefile.port'.
  Rejecting impossible implicit prerequisite `../../../../src/Makefile.custom.f'.
   Trying implicit prerequisite `../../../src/s.Makefile.custom.sh'.
  Trying implicit prerequisite `../../../src/Makefile.port.o'.
  Trying pattern rule with stem `Makefile.custom'.
     Trying pattern rule with stem `Makefile.custom.S'.
     Trying pattern rule with stem `Makefile.global.in'.
  Trying pattern rule with stem `Makefile.port'.
  Rejecting impossible implicit prerequisite `../../../../src/Makefile.custom.F'.
   Trying implicit prerequisite `../../../../src/Makefile.custom.sh,v'.
   Trying pattern rule with stem `Makefile.custom.sh'.
  Trying implicit prerequisite `../../../src/Makefile.port.cc'.
   Trying implicit prerequisite `../../../src/SCCS/s.Makefile.custom.sh'.
  Trying pattern rule with stem `Makefile.custom'.
     Trying implicit prerequisite `../../../src/Makefile.global.in.m'.
     Trying implicit prerequisite `../../../src/RCS/Makefile.custom.S'.
  No implicit rule found for `../../../src/Makefile.custom'.
     Trying pattern rule with stem `Makefile.custom.S'.
  Trying pattern rule with stem `Makefile.port'.
     Trying pattern rule with stem `Makefile.global.in'.
   Trying pattern rule with stem `Makefile.custom.sh'.
     Trying implicit prerequisite `../../../src/Makefile.global.in.r'.
     Trying implicit prerequisite `../../../src/s.Makefile.custom.S'.
  Finished prerequisites of target file `../../../src/Makefile.custom'.
   Trying implicit prerequisite `../../../../src/RCS/Makefile.custom.sh,v'.
     Trying pattern rule with stem `Makefile.custom.S'.
  Rejecting impossible implicit prerequisite `../../../../src/Makefile.custom.m'.
     Trying implicit prerequisite `../../../src/SCCS/s.Makefile.custom.S'.
  Trying implicit prerequisite `../../../src/Makefile.port.C'.
     Trying pattern rule with stem `Makefile.global.in'.
   Trying pattern rule with stem `Makefile.custom.sh'.
  Trying pattern rule with stem `Makefile.port'.
  Trying pattern rule with stem `Makefile.custom'.
     Trying implicit prerequisite `../../../src/Makefile.global.in.s'.
  Trying implicit prerequisite `../../../src/Makefile.port.cpp'.
   Trying implicit prerequisite `../../../../src/RCS/Makefile.custom.sh'.
     Trying pattern rule with stem `Makefile.global.in'.
  Rejecting impossible implicit prerequisite `../../../../src/Makefile.custom.r'.
   Trying pattern rule with stem `Makefile.custom.sh'.
 Must remake target `../../../src/Makefile.custom'.
  Trying pattern rule with stem `Makefile.port'.
   Trying pattern rule with stem `Makefile.custom'.
 Failed to remake target file `../../../src/Makefile.custom'.
  Trying implicit prerequisite `../../../src/Makefile.port.p'.
  Trying pattern rule with stem `Makefile.custom'.
 Considering target file `../../../src/Makefile.port'.
   Rejecting impossible implicit prerequisite `../../../src/Makefile.custom.S'.
     Trying implicit prerequisite `../../../src/Makefile.global.in.S'.
  Rejecting impossible implicit prerequisite `../../../../src/Makefile.custom.s'.
   Trying pattern rule with stem `Makefile.custom'.
  Trying pattern rule with stem `Makefile.custom'.
   Trying implicit prerequisite `../../../../src/s.Makefile.custom.sh'.
  Trying pattern rule with stem `Makefile.port'.
  Looking for an implicit rule for `../../../src/Makefile.port'.
   Trying pattern rule with stem `Makefile.custom.sh'.
  Trying pattern rule with stem `Makefile.port'.
     Trying pattern rule with stem `Makefile.global.in'.
   Trying implicit prerequisite `../../../src/Makefile.custom.mod'.
  Rejecting impossible implicit prerequisite `../../../../src/Makefile.custom.S'.
     Trying implicit prerequisite `../../../src/Makefile.global.in.mod'.
  Trying implicit prerequisite `../../../src/Makefile.port.o'.
  Trying implicit prerequisite `../../../src/Makefile.port.f'.
     Trying pattern rule with stem `Makefile.global.in.o'.
  Trying pattern rule with stem `Makefile.port'.
     Trying implicit prerequisite `../../../src/Makefile.global.in.o,v'.
  Trying implicit prerequisite `../../../src/Makefile.port.cc'.
  Trying pattern rule with stem `Makefile.custom'.
  Trying pattern rule with stem `Makefile.port'.
   Looking for a rule with intermediate file `../../../src/Makefile.custom.mod'.
  Trying implicit prerequisite `../../../src/Makefile.port.C'.
  Rejecting impossible implicit prerequisite `../../../../src/Makefile.custom.mod'.
  Trying pattern rule with stem `Makefile.port'.
   Trying implicit prerequisite `../../../../src/SCCS/s.Makefile.custom.sh'.
    Avoiding implicit rule recursion.
  No implicit rule found for `../../../../src/Makefile.custom'.
     Trying pattern rule with stem `Makefile.global.in.o'.
    Avoiding implicit rule recursion.
  Trying pattern rule with stem `Makefile.custom'.
  Finished prerequisites of target file `../../../../src/Makefile.custom'.
  Trying implicit prerequisite `../../../../src/Makefile.custom.sh'.
    Trying pattern rule with stem `Makefile.custom.mod'.
 Must remake target `../../../../src/Makefile.custom'.
    Trying implicit prerequisite `../../../src/Makefile.custom.mod,v'.
  Looking for a rule with intermediate file `../../../../src/Makefile.custom.sh'.
  Trying implicit prerequisite `../../../src/Makefile.port.F'.
  Trying pattern rule with stem `Makefile.port'.
     Trying implicit prerequisite `../../../src/RCS/Makefile.global.in.o,v'.
 Failed to remake target file `../../../../src/Makefile.custom'.
     Trying pattern rule with stem `Makefile.global.in.o'.
  Trying implicit prerequisite `../../../src/Makefile.port.cpp'.
 Considering target file `../../../../src/Makefile.port'.
    Trying pattern rule with stem `Makefile.custom.mod'.
  Trying pattern rule with stem `Makefile.port'.
     Trying implicit prerequisite `../../../src/RCS/Makefile.global.in.o'.
   Avoiding implicit rule recursion.
  Looking for an implicit rule for `../../../../src/Makefile.port'.
   Trying pattern rule with stem `Makefile.custom.sh'.
  Trying implicit prerequisite `../../../src/Makefile.port.p'.
   Trying implicit prerequisite `../../../../src/Makefile.custom.sh,v'.
  Trying pattern rule with stem `Makefile.port'.
     Trying pattern rule with stem `Makefile.global.in.o'.
    Trying implicit prerequisite `../../../src/RCS/Makefile.custom.mod,v'.
     Trying implicit prerequisite `../../../src/s.Makefile.global.in.o'.
    Trying pattern rule with stem `Makefile.custom.mod'.
  Trying pattern rule with stem `Makefile.port'.
    Trying implicit prerequisite `../../../src/RCS/Makefile.custom.mod'.
  Trying implicit prerequisite `../../../src/Makefile.port.f'.
  Trying implicit prerequisite `../../../src/Makefile.port.m'.
    Trying pattern rule with stem `Makefile.custom.mod'.
  Trying pattern rule with stem `Makefile.port'.
  Trying pattern rule with stem `Makefile.port'.
  Trying implicit prerequisite `../../../src/Makefile.port.F'.
     Trying pattern rule with stem `Makefile.global.in.o'.
  Trying pattern rule with stem `Makefile.port'.
  Trying pattern rule with stem `Makefile.port'.
    Trying implicit prerequisite `../../../src/s.Makefile.custom.mod'.
     Trying implicit prerequisite `../../../src/SCCS/s.Makefile.global.in.o'.
  Trying implicit prerequisite `../../../src/Makefile.port.r'.
  Trying implicit prerequisite `../../../src/Makefile.port.m'.
    Trying pattern rule with stem `Makefile.custom.mod'.
  Trying implicit prerequisite `../../../../src/Makefile.port.o'.
   Trying pattern rule with stem `Makefile.custom.sh'.
     Trying pattern rule with stem `Makefile.global.in'.
  Trying pattern rule with stem `Makefile.port'.
     Trying implicit prerequisite `../../../src/Makefile.global.in.c'.
  Trying pattern rule with stem `Makefile.port'.
     Looking for a rule with intermediate file `../../../src/Makefile.global.in.c'.
   Trying implicit prerequisite `../../../../src/RCS/Makefile.custom.sh,v'.
  Trying pattern rule with stem `Makefile.port'.
    Trying implicit prerequisite `../../../src/SCCS/s.Makefile.custom.mod'.
  Trying implicit prerequisite `../../../src/Makefile.port.r'.
   Trying pattern rule with stem `Makefile.custom.sh'.
  Trying pattern rule with stem `Makefile.port'.
  Trying implicit prerequisite `../../../src/Makefile.port.s'.
  Trying implicit prerequisite `../../../../src/Makefile.port.cc'.
  Trying implicit prerequisite `../../../src/Makefile.port.s'.
  Trying pattern rule with stem `Makefile.custom'.
      Avoiding implicit rule recursion.
  Trying pattern rule with stem `Makefile.port'.
  Rejecting impossible implicit prerequisite `../../../src/Makefile.custom.cc'.
   Trying implicit prerequisite `../../../../src/RCS/Makefile.custom.sh'.
      Avoiding implicit rule recursion.
  Trying pattern rule with stem `Makefile.port'.
  Trying pattern rule with stem `Makefile.port'.
   Trying pattern rule with stem `Makefile.custom.sh'.
      Trying pattern rule with stem `Makefile.global.in'.
  Trying implicit prerequisite `../../../src/Makefile.port.S'.
  Trying pattern rule with stem `Makefile.custom'.
  Trying implicit prerequisite `../../../src/Makefile.port.S'.
  Rejecting impossible implicit prerequisite `../../../src/Makefile.custom.C'.
  Trying implicit prerequisite `../../../../src/Makefile.port.C'.
   Trying implicit prerequisite `../../../../src/s.Makefile.custom.sh'.
  Trying pattern rule with stem `Makefile.port'.
  Trying pattern rule with stem `Makefile.port'.
  Trying implicit prerequisite `../../../../src/Makefile.port.cpp'.
  Trying implicit prerequisite `../../../src/Makefile.port.mod'.
      Trying implicit prerequisite `../../../src/Makefile.global.in.l'.
  Trying pattern rule with stem `Makefile.port'.
  Trying pattern rule with stem `Makefile.port'.
  Trying pattern rule with stem `Makefile.custom'.
  Trying implicit prerequisite `../../../src/Makefile.port.sh'.
   Trying pattern rule with stem `Makefile.custom.sh'.
  Trying implicit prerequisite `../../../../src/Makefile.port.p'.
      Trying pattern rule with stem `Makefile.global.in'.
  Trying pattern rule with stem `Makefile.port'.
  Trying pattern rule with stem `Makefile.port'.
  Rejecting impossible implicit prerequisite `../../../src/Makefile.custom.cpp'.
  Trying implicit prerequisite `../../../../src/Makefile.port.f'.
  Trying implicit prerequisite `../../../src/Makefile.port.mod'.
  Trying pattern rule with stem `Makefile.port'.
  Trying pattern rule with stem `Makefile.port'.
  Trying pattern rule with stem `Makefile.port'.
      Trying implicit prerequisite `../../../src/Makefile.global.in.y'.
   Trying implicit prerequisite `../../../../src/SCCS/s.Makefile.custom.sh'.
  Trying pattern rule with stem `Makefile.custom'.
  Trying implicit prerequisite `../../../src/Makefile.port,v'.
      Trying pattern rule with stem `Makefile.global.in'.
  Rejecting impossible implicit prerequisite `../../../src/Makefile.custom.p'.
  Trying implicit prerequisite `../../../src/Makefile.port.sh'.
  Trying implicit prerequisite `../../../../src/Makefile.port.F'.
  Trying pattern rule with stem `Makefile.port'.
  Trying pattern rule with stem `Makefile.port'.
  Trying pattern rule with stem `Makefile.custom'.
  No implicit rule found for `../../../../src/Makefile.custom'.
  Trying implicit prerequisite `../../../src/Makefile.port,v'.
  Trying pattern rule with stem `Makefile.port'.
      Trying implicit prerequisite `../../../src/Makefile.global.in.w'.
  Trying pattern rule with stem `Makefile.port'.
  Rejecting impossible implicit prerequisite `../../../src/Makefile.custom.f'.
  Finished prerequisites of target file `../../../../src/Makefile.custom'.
      Trying pattern rule with stem `Makefile.global.in'.
  Trying implicit prerequisite `../../../src/RCS/Makefile.port,v'.
  Trying implicit prerequisite `../../../../src/Makefile.port.m'.
  Trying implicit prerequisite `../../../src/RCS/Makefile.port,v'.
 Must remake target `../../../../src/Makefile.custom'.
  Trying pattern rule with stem `Makefile.port'.
      Trying implicit prerequisite `../../../src/Makefile.global.in.w'.
  Trying pattern rule with stem `Makefile.port'.
      Trying pattern rule with stem `Makefile.global.in.c'.
  Trying pattern rule with stem `Makefile.custom'.
  Trying implicit prerequisite `../../../src/RCS/Makefile.port'.
  Rejecting impossible implicit prerequisite `../../../src/Makefile.custom.F'.
  Trying pattern rule with stem `Makefile.port'.
  Trying implicit prerequisite `../../../../src/Makefile.port.r'.
 Failed to remake target file `../../../../src/Makefile.custom'.
  Trying pattern rule with stem `Makefile.port'.
  Trying pattern rule with stem `Makefile.port'.
  Trying pattern rule with stem `Makefile.custom'.
  Trying implicit prerequisite `../../../src/s.Makefile.port'.
      Trying implicit prerequisite `../../../src/Makefile.global.in.c,v'.
  Rejecting impossible implicit prerequisite `../../../src/Makefile.custom.m'.
  Trying pattern rule with stem `Makefile.port'.
  Trying pattern rule with stem `Makefile.custom'.
  Trying implicit prerequisite `../../../src/SCCS/s.Makefile.port'.
  Rejecting impossible implicit prerequisite `../../../src/Makefile.custom.r'.
  Trying implicit prerequisite `../../../src/RCS/Makefile.port'.
      Trying pattern rule with stem `Makefile.global.in.c'.
  Trying implicit prerequisite `../../../../src/Makefile.port.s'.
      Trying implicit prerequisite `../../../src/RCS/Makefile.global.in.c,v'.
  Trying pattern rule with stem `Makefile.port'.
 Considering target file `../../../../src/Makefile.port'.
  Trying implicit prerequisite `../../../src/Makefile.port.o'.
  Trying pattern rule with stem `Makefile.port'.
      Trying pattern rule with stem `Makefile.global.in.c'.
  Looking for a rule with intermediate file `../../../src/Makefile.port.o'.
      Trying implicit prerequisite `../../../src/RCS/Makefile.global.in.c'.
   Avoiding implicit rule recursion.
      Trying pattern rule with stem `Makefile.global.in.c'.
  Looking for an implicit rule for `../../../../src/Makefile.port'.
  Trying pattern rule with stem `Makefile.custom'.
  Trying pattern rule with stem `Makefile.port'.
  Rejecting impossible implicit prerequisite `../../../src/Makefile.custom.s'.
  Trying implicit prerequisite `../../../src/s.Makefile.port'.
      Trying implicit prerequisite `../../../src/s.Makefile.global.in.c'.
  Trying implicit prerequisite `../../../../src/Makefile.port.S'.
  Trying pattern rule with stem `Makefile.custom'.
  Trying pattern rule with stem `Makefile.port'.
  Trying pattern rule with stem `Makefile.port'.
      Trying pattern rule with stem `Makefile.global.in.c'.
  Trying pattern rule with stem `Makefile.port'.
   Trying pattern rule with stem `Makefile.port'.
  Rejecting impossible implicit prerequisite `../../../src/Makefile.custom.S'.
  Trying implicit prerequisite `../../../../src/Makefile.port.mod'.
  Trying implicit prerequisite `../../../../src/Makefile.port.o'.
  Trying pattern rule with stem `Makefile.port'.
  Trying implicit prerequisite `../../../src/SCCS/s.Makefile.port'.
   Trying implicit prerequisite `../../../src/Makefile.port.c'.
  Trying pattern rule with stem `Makefile.port'.
      Trying implicit prerequisite `../../../src/SCCS/s.Makefile.global.in.c'.
  Trying pattern rule with stem `Makefile.port'.
  Trying implicit prerequisite `../../../../src/Makefile.port.sh'.
  Trying implicit prerequisite `../../../src/Makefile.port.o'.
   Trying pattern rule with stem `Makefile.port'.
  Trying pattern rule with stem `Makefile.custom'.
  Trying implicit prerequisite `../../../../src/Makefile.port.cc'.
      Trying pattern rule with stem `Makefile.global.in'.
  Trying pattern rule with stem `Makefile.port'.
      Trying implicit prerequisite `../../../src/Makefile.global.in.l'.
   Trying implicit prerequisite `../../../src/Makefile.port.cc'.
      Looking for a rule with intermediate file `../../../src/Makefile.global.in.l'.
  Looking for a rule with intermediate file `../../../src/Makefile.port.o'.
  Trying pattern rule with stem `Makefile.port'.
   Trying pattern rule with stem `Makefile.port'.
   Avoiding implicit rule recursion.
       Avoiding implicit rule recursion.
   Trying implicit prerequisite `../../../src/Makefile.port.C'.
  Trying implicit prerequisite `../../../../src/Makefile.port,v'.
  Trying implicit prerequisite `../../../../src/Makefile.port.C'.
   Trying pattern rule with stem `Makefile.port'.
  Trying pattern rule with stem `Makefile.port'.
  Rejecting impossible implicit prerequisite `../../../src/Makefile.custom.mod'.
   Trying pattern rule with stem `Makefile.port'.
       Avoiding implicit rule recursion.
   Trying implicit prerequisite `../../../src/Makefile.port.c'.
  Trying pattern rule with stem `Makefile.port'.
  Trying pattern rule with stem `Makefile.custom'.
       Avoiding implicit rule recursion.
   Trying implicit prerequisite `../../../src/Makefile.port.cpp'.
   Trying pattern rule with stem `Makefile.port'.
  Trying implicit prerequisite `../../../src/Makefile.custom.sh'.
   Trying pattern rule with stem `Makefile.port'.
       Trying pattern rule with stem `Makefile.global.in.l'.
  Trying implicit prerequisite `../../../../src/RCS/Makefile.port,v'.
   Trying implicit prerequisite `../../../src/Makefile.port.cc'.
  Looking for a rule with intermediate file `../../../src/Makefile.custom.sh'.
   Trying implicit prerequisite `../../../src/Makefile.port.p'.
   Trying pattern rule with stem `Makefile.port'.
       Trying implicit prerequisite `../../../src/Makefile.global.in.l,v'.
   Avoiding implicit rule recursion.
  Trying pattern rule with stem `Makefile.port'.
  Trying implicit prerequisite `../../../../src/Makefile.port.cpp'.
  Trying implicit prerequisite `../../../../src/RCS/Makefile.port'.
   Trying pattern rule with stem `Makefile.port'.
   Trying pattern rule with stem `Makefile.custom.sh'.
  Trying pattern rule with stem `Makefile.port'.
   Trying implicit prerequisite `../../../src/Makefile.custom.sh,v'.
  Trying implicit prerequisite `../../../../src/Makefile.port.p'.
   Trying pattern rule with stem `Makefile.custom.sh'.
  Trying pattern rule with stem `Makefile.port'.
   Trying implicit prerequisite `../../../src/Makefile.port.C'.
  Trying pattern rule with stem `Makefile.port'.
   Trying implicit prerequisite `../../../src/RCS/Makefile.custom.sh,v'.
       Trying pattern rule with stem `Makefile.global.in.l'.
  Trying implicit prerequisite `../../../../src/Makefile.port.f'.
   Trying implicit prerequisite `../../../src/Makefile.port.f'.
  Trying implicit prerequisite `../../../../src/s.Makefile.port'.
       Trying implicit prerequisite `../../../src/RCS/Makefile.global.in.l,v'.
  Trying pattern rule with stem `Makefile.port'.
       Trying pattern rule with stem `Makefile.global.in.l'.
   Trying pattern rule with stem `Makefile.port'.
   Trying pattern rule with stem `Makefile.port'.
   Trying implicit prerequisite `../../../src/Makefile.port.cpp'.
       Trying implicit prerequisite `../../../src/RCS/Makefile.global.in.l'.
  Trying pattern rule with stem `Makefile.port'.
   Trying implicit prerequisite `../../../src/Makefile.port.F'.
  Trying implicit prerequisite `../../../../src/Makefile.port.F'.
   Trying pattern rule with stem `Makefile.port'.
   Trying pattern rule with stem `Makefile.custom.sh'.
  Trying implicit prerequisite `../../../../src/SCCS/s.Makefile.port'.
  Trying pattern rule with stem `Makefile.port'.
  Trying pattern rule with stem `Makefile.port'.
   Trying implicit prerequisite `../../../src/Makefile.port.m'.
       Trying pattern rule with stem `Makefile.global.in.l'.
   Trying pattern rule with stem `Makefile.port'.
       Trying implicit prerequisite `../../../src/s.Makefile.global.in.l'.
   Trying implicit prerequisite `../../../src/RCS/Makefile.custom.sh'.
   Trying pattern rule with stem `Makefile.port'.
  Trying implicit prerequisite `../../../../src/Makefile.port.m'.
   Trying pattern rule with stem `Makefile.custom.sh'.
       Trying pattern rule with stem `Makefile.global.in.l'.
   Trying implicit prerequisite `../../../src/s.Makefile.custom.sh'.
  Trying implicit prerequisite `../../../../src/Makefile.port.o'.
   Trying pattern rule with stem `Makefile.custom.sh'.
   Trying implicit prerequisite `../../../src/Makefile.port.p'.
  Looking for a rule with intermediate file `../../../../src/Makefile.port.o'.
  Trying pattern rule with stem `Makefile.port'.
       Trying implicit prerequisite `../../../src/SCCS/s.Makefile.global.in.l'.
   Trying pattern rule with stem `Makefile.port'.
   Avoiding implicit rule recursion.
   Trying implicit prerequisite `../../../src/Makefile.port.r'.
   Trying implicit prerequisite `../../../src/Makefile.port.f'.
  Trying implicit prerequisite `../../../../src/Makefile.port.r'.
   Trying pattern rule with stem `Makefile.port'.
   Trying implicit prerequisite `../../../src/SCCS/s.Makefile.custom.sh'.
      Trying pattern rule with stem `Makefile.global.in'.
  Trying pattern rule with stem `Makefile.port'.
   Trying pattern rule with stem `Makefile.port'.
  Trying implicit prerequisite `../../../../src/Makefile.port.s'.
  No implicit rule found for `../../../src/Makefile.custom'.
  Trying pattern rule with stem `Makefile.port'.
   Trying implicit prerequisite `../../../../src/Makefile.port.c'.
   Trying pattern rule with stem `Makefile.port'.
  Finished prerequisites of target file `../../../src/Makefile.custom'.
      Trying implicit prerequisite `../../../src/Makefile.global.in.y'.
   Trying implicit prerequisite `../../../src/Makefile.port.s'.
      Looking for a rule with intermediate file `../../../src/Makefile.global.in.y'.
  Trying implicit prerequisite `../../../../src/Makefile.port.S'.
 Must remake target `../../../src/Makefile.custom'.
   Trying pattern rule with stem `Makefile.port'.
       Avoiding implicit rule recursion.
   Trying pattern rule with stem `Makefile.port'.
   Trying implicit prerequisite `../../../src/Makefile.port.S'.
   Trying pattern rule with stem `Makefile.port'.
   Trying implicit prerequisite `../../../src/Makefile.port.mod'.
   Trying pattern rule with stem `Makefile.port.o'.
   Trying implicit prerequisite `../../../src/Makefile.port.o,v'.
   Trying pattern rule with stem `Makefile.port.o'.
   Trying implicit prerequisite `../../../src/RCS/Makefile.port.o,v'.
   Trying pattern rule with stem `Makefile.port.o'.
   Trying implicit prerequisite `../../../src/RCS/Makefile.port.o'.
   Trying pattern rule with stem `Makefile.port.o'.
   Trying implicit prerequisite `../../../src/s.Makefile.port.o'.
       Avoiding implicit rule recursion.
  Trying pattern rule with stem `Makefile.port'.
   Trying implicit prerequisite `../../../src/Makefile.port.F'.
  Trying implicit prerequisite `../../../../src/Makefile.port.mod'.
 Failed to remake target file `../../../src/Makefile.custom'.
       Avoiding implicit rule recursion.
   Trying implicit prerequisite `../../../../src/Makefile.port.cc'.
       Trying pattern rule with stem `Makefile.global.in.y'.
   Trying pattern rule with stem `Makefile.port'.
 Considering target file `../../../src/Makefile.port'.
   Trying implicit prerequisite `../../../src/Makefile.port.m'.
  Looking for an implicit rule for `../../../src/Makefile.port'.
   Trying pattern rule with stem `Makefile.port.o'.
   Trying pattern rule with stem `Makefile.port'.
       Trying implicit prerequisite `../../../src/Makefile.global.in.y,v'.
  Trying pattern rule with stem `Makefile.port'.
   Trying implicit prerequisite `../../../src/SCCS/s.Makefile.port.o'.
   Trying pattern rule with stem `Makefile.port'.
   Trying pattern rule with stem `Makefile.port'.
  Trying implicit prerequisite `../../../../src/Makefile.port.sh'.
   Trying implicit prerequisite `../../../src/Makefile.port.r'.
  Trying pattern rule with stem `Makefile.port'.
   Trying pattern rule with stem `Makefile.port'.
  Trying implicit prerequisite `../../../src/Makefile.port.o'.
   Trying implicit prerequisite `../../../src/Makefile.port.s'.
   Trying implicit prerequisite `../../../src/Makefile.port.c'.
  Trying pattern rule with stem `Makefile.port'.
   Trying pattern rule with stem `Makefile.port'.
  Trying pattern rule with stem `Makefile.port'.
   Trying implicit prerequisite `../../../src/Makefile.port.S'.
  Trying implicit prerequisite `../../../src/Makefile.port.cc'.
   Trying pattern rule with stem `Makefile.port'.
   Trying implicit prerequisite `../../../../src/Makefile.port.C'.
  Trying implicit prerequisite `../../../../src/Makefile.port,v'.
       Trying pattern rule with stem `Makefile.global.in.y'.
   Trying implicit prerequisite `../../../src/Makefile.port.mod'.
  Trying pattern rule with stem `Makefile.port'.
       Trying implicit prerequisite `../../../src/RCS/Makefile.global.in.y,v'.
  Trying pattern rule with stem `Makefile.port'.
  Trying implicit prerequisite `../../../../src/RCS/Makefile.port,v'.
       Trying pattern rule with stem `Makefile.global.in.y'.
  Trying implicit prerequisite `../../../src/Makefile.port.C'.
   Trying pattern rule with stem `Makefile.port.o'.
  Trying pattern rule with stem `Makefile.port'.
   Trying implicit prerequisite `../../../src/Makefile.port.o,v'.
  Trying implicit prerequisite `../../../../src/RCS/Makefile.port'.
       Trying implicit prerequisite `../../../src/RCS/Makefile.global.in.y'.
   Trying pattern rule with stem `Makefile.port'.
   Trying pattern rule with stem `Makefile.port.o'.
   Looking for a rule with intermediate file `../../../src/Makefile.port.c'.
   Trying implicit prerequisite `../../../src/RCS/Makefile.port.o,v'.
    Avoiding implicit rule recursion.
  Trying pattern rule with stem `Makefile.port'.
   Trying implicit prerequisite `../../../../src/Makefile.port.cpp'.
    Avoiding implicit rule recursion.
   Trying pattern rule with stem `Makefile.port.o'.
       Trying pattern rule with stem `Makefile.global.in.y'.
  Trying implicit prerequisite `../../../src/Makefile.port.cpp'.
    Trying pattern rule with stem `Makefile.port'.
  Trying pattern rule with stem `Makefile.port'.
   Trying pattern rule with stem `Makefile.port'.
  Trying pattern rule with stem `Makefile.port'.
   Trying implicit prerequisite `../../../src/RCS/Makefile.port.o'.
  Trying implicit prerequisite `../../../../src/s.Makefile.port'.
   Trying pattern rule with stem `Makefile.port.o'.
       Trying implicit prerequisite `../../../src/s.Makefile.global.in.y'.
   Trying implicit prerequisite `../../../src/s.Makefile.port.o'.
   Trying implicit prerequisite `../../../../src/Makefile.port.p'.
  Trying implicit prerequisite `../../../src/Makefile.port.p'.
   Trying pattern rule with stem `Makefile.port'.
       Trying pattern rule with stem `Makefile.global.in.y'.
    Trying implicit prerequisite `../../../src/Makefile.port.l'.
   Trying implicit prerequisite `../../../../src/Makefile.port.f'.
  Trying pattern rule with stem `Makefile.port'.
       Trying implicit prerequisite `../../../src/SCCS/s.Makefile.global.in.y'.
   Trying pattern rule with stem `Makefile.port.o'.
  Trying implicit prerequisite `../../../src/Makefile.port.f'.
  Trying pattern rule with stem `Makefile.port'.
    Trying pattern rule with stem `Makefile.port'.
   Trying pattern rule with stem `Makefile.port'.
   Trying implicit prerequisite `../../../src/SCCS/s.Makefile.port.o'.
  Trying implicit prerequisite `../../../../src/SCCS/s.Makefile.port'.
      Trying pattern rule with stem `Makefile.global.in'.
    Trying implicit prerequisite `../../../src/Makefile.port.y'.
      Trying implicit prerequisite `../../../src/Makefile.global.in.w'.
   Trying pattern rule with stem `Makefile.port'.
  Trying pattern rule with stem `Makefile.port'.
    Trying pattern rule with stem `Makefile.port'.
  Trying pattern rule with stem `Makefile.port'.
   Trying implicit prerequisite `../../../src/Makefile.port.c'.
   Trying implicit prerequisite `../../../../src/Makefile.port.F'.
    Trying implicit prerequisite `../../../src/Makefile.port.w'.
   Trying pattern rule with stem `Makefile.port'.
      Looking for a rule with intermediate file `../../../src/Makefile.global.in.w'.
    Trying pattern rule with stem `Makefile.port'.
   Trying implicit prerequisite `../../../../src/Makefile.port.m'.
  Trying implicit prerequisite `../../../src/Makefile.port.F'.
   Looking for a rule with intermediate file `../../../src/Makefile.port.c'.
       Avoiding implicit rule recursion.
   Trying pattern rule with stem `Makefile.port'.
  Trying implicit prerequisite `../../../../src/Makefile.port.o'.
       Avoiding implicit rule recursion.
   Trying implicit prerequisite `../../../../src/Makefile.port.r'.
    Avoiding implicit rule recursion.
  Looking for a rule with intermediate file `../../../../src/Makefile.port.o'.
       Avoiding implicit rule recursion.
  Trying pattern rule with stem `Makefile.port'.
       Trying pattern rule with stem `Makefile.global.in.w'.
    Trying implicit prerequisite `../../../src/Makefile.port.w'.
   Trying pattern rule with stem `Makefile.port'.
  Trying implicit prerequisite `../../../src/Makefile.port.m'.
       Trying implicit prerequisite `../../../src/Makefile.global.in.w,v'.
    Avoiding implicit rule recursion.
   Avoiding implicit rule recursion.
  Trying pattern rule with stem `Makefile.port'.
   Trying implicit prerequisite `../../../../src/Makefile.port.s'.
  Trying implicit prerequisite `../../../src/Makefile.port.r'.
   Trying pattern rule with stem `Makefile.port'.
    Trying pattern rule with stem `Makefile.port'.
   Trying implicit prerequisite `../../../../src/Makefile.port.c'.
       Trying pattern rule with stem `Makefile.global.in.w'.
   Trying pattern rule with stem `Makefile.port'.
    Trying pattern rule with stem `Makefile.port.c'.
  Trying pattern rule with stem `Makefile.port'.
    Trying implicit prerequisite `../../../src/Makefile.port.c,v'.
    Trying implicit prerequisite `../../../src/Makefile.port.l'.
  Trying implicit prerequisite `../../../src/Makefile.port.s'.
   Trying pattern rule with stem `Makefile.port'.
  Trying pattern rule with stem `Makefile.port'.
   Trying implicit prerequisite `../../../../src/Makefile.port.cc'.
  Trying implicit prerequisite `../../../src/Makefile.port.S'.
       Trying implicit prerequisite `../../../src/RCS/Makefile.global.in.w,v'.
    Trying pattern rule with stem `Makefile.port.c'.
   Trying implicit prerequisite `../../../../src/Makefile.port.S'.
  Trying pattern rule with stem `Makefile.port'.
    Trying implicit prerequisite `../../../src/RCS/Makefile.port.c,v'.
   Trying pattern rule with stem `Makefile.port'.
    Trying pattern rule with stem `Makefile.port.c'.
       Trying pattern rule with stem `Makefile.global.in.w'.
  Trying implicit prerequisite `../../../src/Makefile.port.mod'.
    Trying pattern rule with stem `Makefile.port'.
   Trying pattern rule with stem `Makefile.port'.
    Trying implicit prerequisite `../../../src/RCS/Makefile.port.c'.
   Trying implicit prerequisite `../../../../src/Makefile.port.C'.
  Trying pattern rule with stem `Makefile.port'.
    Trying pattern rule with stem `Makefile.port.c'.
       Trying implicit prerequisite `../../../src/RCS/Makefile.global.in.w'.
    Trying implicit prerequisite `../../../src/Makefile.port.y'.
  Trying implicit prerequisite `../../../src/Makefile.port.sh'.
    Trying implicit prerequisite `../../../src/s.Makefile.port.c'.
   Trying pattern rule with stem `Makefile.port'.
       Trying pattern rule with stem `Makefile.global.in.w'.
    Trying pattern rule with stem `Makefile.port'.
   Trying implicit prerequisite `../../../../src/Makefile.port.mod'.
  Trying pattern rule with stem `Makefile.port'.
    Trying pattern rule with stem `Makefile.port.c'.
  Trying implicit prerequisite `../../../src/Makefile.port,v'.
       Trying implicit prerequisite `../../../src/s.Makefile.global.in.w'.
   Trying implicit prerequisite `../../../../src/Makefile.port.cpp'.
       Trying pattern rule with stem `Makefile.global.in.w'.
    Trying implicit prerequisite `../../../src/SCCS/s.Makefile.port.c'.
   Trying pattern rule with stem `Makefile.port'.
  Trying pattern rule with stem `Makefile.port'.
   Trying implicit prerequisite `../../../../src/Makefile.port.p'.
       Trying implicit prerequisite `../../../src/SCCS/s.Makefile.global.in.w'.
    Trying pattern rule with stem `Makefile.port'.
      Trying pattern rule with stem `Makefile.global.in'.
   Trying pattern rule with stem `Makefile.port.o'.
      Rejecting impossible implicit prerequisite `../../../src/Makefile.global.in.w'.
   Trying implicit prerequisite `../../../../src/Makefile.port.o,v'.
    Trying implicit prerequisite `../../../src/Makefile.port.w'.
     Trying pattern rule with stem `Makefile.global.in'.
  Trying implicit prerequisite `../../../src/RCS/Makefile.port,v'.
     Trying implicit prerequisite `../../../src/Makefile.global.in.cc'.
  Trying pattern rule with stem `Makefile.port'.
    Trying pattern rule with stem `Makefile.port'.
   Trying pattern rule with stem `Makefile.port.o'.
     Looking for a rule with intermediate file `../../../src/Makefile.global.in.cc'.
   Trying implicit prerequisite `../../../../src/RCS/Makefile.port.o,v'.
  Trying implicit prerequisite `../../../src/RCS/Makefile.port'.
   Trying pattern rule with stem `Makefile.port'.
    Trying implicit prerequisite `../../../src/Makefile.port.l'.
      Avoiding implicit rule recursion.
   Trying pattern rule with stem `Makefile.port.o'.
  Trying pattern rule with stem `Makefile.port'.
  Trying implicit prerequisite `../../../src/s.Makefile.port'.
  Trying pattern rule with stem `Makefile.port'.
  Trying implicit prerequisite `../../../src/SCCS/s.Makefile.port'.
  Trying pattern rule with stem `Makefile.port'.
  Trying implicit prerequisite `../../../src/Makefile.port.o'.
  Looking for a rule with intermediate file `../../../src/Makefile.port.o'.
   Avoiding implicit rule recursion.
    Looking for a rule with intermediate file `../../../src/Makefile.port.l'.
      Avoiding implicit rule recursion.
   Trying pattern rule with stem `Makefile.port'.
   Trying implicit prerequisite `../../../../src/Makefile.port.f'.
   Trying implicit prerequisite `../../../src/Makefile.port.c'.
   Trying pattern rule with stem `Makefile.port'.
   Trying pattern rule with stem `Makefile.port'.
   Trying implicit prerequisite `../../../../src/Makefile.port.F'.
      Trying pattern rule with stem `Makefile.global.in.cc'.
     Avoiding implicit rule recursion.
   Trying implicit prerequisite `../../../../src/RCS/Makefile.port.o'.
   Trying implicit prerequisite `../../../src/Makefile.port.cc'.
   Trying pattern rule with stem `Makefile.port.o'.
   Trying pattern rule with stem `Makefile.port'.
    Trying implicit prerequisite `../../../src/Makefile.port.w'.
   Trying implicit prerequisite `../../../../src/Makefile.port.m'.
   Trying pattern rule with stem `Makefile.port'.
      Trying implicit prerequisite `../../../src/Makefile.global.in.cc,v'.
    Trying pattern rule with stem `Makefile.port.c'.
   Trying implicit prerequisite `../../../../src/s.Makefile.port.o'.
    Trying implicit prerequisite `../../../src/Makefile.port.c,v'.
   Trying pattern rule with stem `Makefile.port'.
      Trying pattern rule with stem `Makefile.global.in.cc'.
    Trying pattern rule with stem `Makefile.port.c'.
     Avoiding implicit rule recursion.
   Trying implicit prerequisite `../../../src/Makefile.port.C'.
   Trying implicit prerequisite `../../../../src/Makefile.port.r'.
    Trying implicit prerequisite `../../../src/RCS/Makefile.port.c,v'.
     Avoiding implicit rule recursion.
   Trying pattern rule with stem `Makefile.port.o'.
    Trying pattern rule with stem `Makefile.port.c'.
   Trying pattern rule with stem `Makefile.port'.
    Trying implicit prerequisite `../../../src/RCS/Makefile.port.c'.
   Trying pattern rule with stem `Makefile.port'.
    Trying pattern rule with stem `Makefile.port.c'.
     Trying pattern rule with stem `Makefile.port.l'.
    Trying implicit prerequisite `../../../src/s.Makefile.port.c'.
   Trying implicit prerequisite `../../../../src/SCCS/s.Makefile.port.o'.
      Trying implicit prerequisite `../../../src/RCS/Makefile.global.in.cc,v'.
   Trying implicit prerequisite `../../../src/Makefile.port.cpp'.
   Trying pattern rule with stem `Makefile.port'.
   Trying implicit prerequisite `../../../../src/Makefile.port.s'.
    Trying pattern rule with stem `Makefile.port.c'.
   Trying implicit prerequisite `../../../../src/Makefile.port.c'.
   Trying pattern rule with stem `Makefile.port'.
   Looking for a rule with intermediate file `../../../../src/Makefile.port.c'.
   Trying pattern rule with stem `Makefile.port'.
      Trying pattern rule with stem `Makefile.global.in.cc'.
   Trying implicit prerequisite `../../../src/Makefile.port.p'.
     Trying implicit prerequisite `../../../src/Makefile.port.l,v'.
   Trying pattern rule with stem `Makefile.port'.
    Avoiding implicit rule recursion.
    Avoiding implicit rule recursion.
     Trying pattern rule with stem `Makefile.port.l'.
    Trying pattern rule with stem `Makefile.port'.
   Trying implicit prerequisite `../../../../src/Makefile.port.S'.
   Trying implicit prerequisite `../../../src/Makefile.port.f'.
     Trying implicit prerequisite `../../../src/RCS/Makefile.port.l,v'.
    Trying implicit prerequisite `../../../src/SCCS/s.Makefile.port.c'.
      Trying implicit prerequisite `../../../src/RCS/Makefile.global.in.cc'.
    Trying implicit prerequisite `../../../../src/Makefile.port.l'.
     Trying pattern rule with stem `Makefile.port.l'.
   Trying pattern rule with stem `Makefile.port'.
    Trying pattern rule with stem `Makefile.port'.
      Trying pattern rule with stem `Makefile.global.in.cc'.
    Trying pattern rule with stem `Makefile.port'.
   Trying implicit prerequisite `../../../../src/Makefile.port.mod'.
     Trying implicit prerequisite `../../../src/RCS/Makefile.port.l'.
      Trying implicit prerequisite `../../../src/s.Makefile.global.in.cc'.
   Trying pattern rule with stem `Makefile.port.o'.
    Trying implicit prerequisite `../../../src/Makefile.port.l'.
   Trying pattern rule with stem `Makefile.port'.
     Trying pattern rule with stem `Makefile.port.l'.
   Trying implicit prerequisite `../../../src/Makefile.port.F'.
    Trying implicit prerequisite `../../../../src/Makefile.port.y'.
    Looking for a rule with intermediate file `../../../src/Makefile.port.l'.
      Trying pattern rule with stem `Makefile.global.in.cc'.
     Trying implicit prerequisite `../../../src/s.Makefile.port.l'.
   Trying implicit prerequisite `../../../../src/Makefile.port.o,v'.
    Trying pattern rule with stem `Makefile.port'.
   Trying pattern rule with stem `Makefile.port.o'.
    Trying implicit prerequisite `../../../../src/Makefile.port.w'.
     Trying pattern rule with stem `Makefile.port.l'.
   Trying pattern rule with stem `Makefile.port'.
     Trying implicit prerequisite `../../../src/SCCS/s.Makefile.port.l'.
     Avoiding implicit rule recursion.
      Trying implicit prerequisite `../../../src/SCCS/s.Makefile.global.in.cc'.
    Trying pattern rule with stem `Makefile.port'.
     Avoiding implicit rule recursion.
   Trying implicit prerequisite `../../../../src/RCS/Makefile.port.o,v'.
   Trying implicit prerequisite `../../../src/Makefile.port.m'.
   Trying pattern rule with stem `Makefile.port.o'.
     Avoiding implicit rule recursion.
    Trying implicit prerequisite `../../../../src/Makefile.port.w'.
     Trying pattern rule with stem `Makefile.port.l'.
   Trying implicit prerequisite `../../../../src/RCS/Makefile.port.o'.
     Trying implicit prerequisite `../../../src/Makefile.port.l,v'.
     Trying pattern rule with stem `Makefile.global.in'.
   Trying pattern rule with stem `Makefile.port'.
     Trying implicit prerequisite `../../../src/Makefile.global.in.C'.
   Trying pattern rule with stem `Makefile.port.o'.
    Trying pattern rule with stem `Makefile.port.c'.
     Looking for a rule with intermediate file `../../../src/Makefile.global.in.C'.
    Trying implicit prerequisite `../../../../src/Makefile.port.c,v'.
   Trying implicit prerequisite `../../../../src/s.Makefile.port.o'.
    Trying pattern rule with stem `Makefile.port.c'.
   Trying implicit prerequisite `../../../src/Makefile.port.r'.
    Trying pattern rule with stem `Makefile.port'.
   Trying pattern rule with stem `Makefile.port'.
     Trying pattern rule with stem `Makefile.port.l'.
   Trying pattern rule with stem `Makefile.port.o'.
     Trying implicit prerequisite `../../../src/RCS/Makefile.port.l,v'.
      Avoiding implicit rule recursion.
     Trying pattern rule with stem `Makefile.port.l'.
    Trying implicit prerequisite `../../../../src/RCS/Makefile.port.c,v'.
   Trying implicit prerequisite `../../../src/Makefile.port.s'.
    Trying implicit prerequisite `../../../src/Makefile.port.y'.
     Trying implicit prerequisite `../../../src/RCS/Makefile.port.l'.
   Trying implicit prerequisite `../../../../src/SCCS/s.Makefile.port.o'.
    Looking for a rule with intermediate file `../../../src/Makefile.port.y'.
     Trying pattern rule with stem `Makefile.port.l'.
   Trying pattern rule with stem `Makefile.port'.
     Trying implicit prerequisite `../../../src/s.Makefile.port.l'.
   Trying pattern rule with stem `Makefile.port'.
     Trying pattern rule with stem `Makefile.port.l'.
   Trying implicit prerequisite `../../../../src/Makefile.port.c'.
      Avoiding implicit rule recursion.
     Avoiding implicit rule recursion.
    Trying pattern rule with stem `Makefile.port.c'.
     Trying implicit prerequisite `../../../src/SCCS/s.Makefile.port.l'.
    Trying implicit prerequisite `../../../../src/RCS/Makefile.port.c'.
    Trying pattern rule with stem `Makefile.port'.
      Trying pattern rule with stem `Makefile.global.in.C'.
    Trying implicit prerequisite `../../../src/Makefile.port.y'.
     Avoiding implicit rule recursion.
    Trying pattern rule with stem `Makefile.port.c'.
   Looking for a rule with intermediate file `../../../../src/Makefile.port.c'.
     Avoiding implicit rule recursion.
    Avoiding implicit rule recursion.
     Trying pattern rule with stem `Makefile.port.y'.
      Trying implicit prerequisite `../../../src/Makefile.global.in.C,v'.
     Trying implicit prerequisite `../../../src/Makefile.port.y,v'.
   Trying implicit prerequisite `../../../src/Makefile.port.S'.
    Trying implicit prerequisite `../../../../src/s.Makefile.port.c'.
    Avoiding implicit rule recursion.
   Trying pattern rule with stem `Makefile.port'.
    Trying pattern rule with stem `Makefile.port'.
    Looking for a rule with intermediate file `../../../src/Makefile.port.y'.
    Trying implicit prerequisite `../../../../src/Makefile.port.l'.
      Trying pattern rule with stem `Makefile.global.in.C'.
     Avoiding implicit rule recursion.
      Trying implicit prerequisite `../../../src/RCS/Makefile.global.in.C,v'.
     Trying pattern rule with stem `Makefile.port.y'.
    Trying pattern rule with stem `Makefile.port'.
    Trying pattern rule with stem `Makefile.port.c'.
      Trying pattern rule with stem `Makefile.global.in.C'.
    Trying implicit prerequisite `../../../../src/Makefile.port.y'.
   Trying implicit prerequisite `../../../src/Makefile.port.mod'.
     Trying implicit prerequisite `../../../src/RCS/Makefile.port.y,v'.
      Trying implicit prerequisite `../../../src/RCS/Makefile.global.in.C'.
     Avoiding implicit rule recursion.
    Trying pattern rule with stem `Makefile.port'.
    Trying implicit prerequisite `../../../../src/SCCS/s.Makefile.port.c'.
   Trying pattern rule with stem `Makefile.port.o'.
     Trying pattern rule with stem `Makefile.port.y'.
    Trying pattern rule with stem `Makefile.port'.
     Trying implicit prerequisite `../../../src/RCS/Makefile.port.y'.
    Trying implicit prerequisite `../../../../src/Makefile.port.l'.
     Avoiding implicit rule recursion.
    Trying implicit prerequisite `../../../../src/Makefile.port.w'.
     Trying pattern rule with stem `Makefile.port.y'.
   Trying implicit prerequisite `../../../src/Makefile.port.o,v'.
    Looking for a rule with intermediate file `../../../../src/Makefile.port.l'.
   Trying pattern rule with stem `Makefile.port.o'.
     Trying implicit prerequisite `../../../src/s.Makefile.port.y'.
    Trying pattern rule with stem `Makefile.port'.
   Trying implicit prerequisite `../../../src/RCS/Makefile.port.o,v'.
    Trying implicit prerequisite `../../../../src/Makefile.port.w'.
      Trying pattern rule with stem `Makefile.global.in.C'.
     Trying pattern rule with stem `Makefile.port.y'.
      Trying implicit prerequisite `../../../src/s.Makefile.global.in.C'.
     Trying pattern rule with stem `Makefile.port.y'.
   Trying pattern rule with stem `Makefile.port.o'.
     Avoiding implicit rule recursion.
     Trying implicit prerequisite `../../../src/SCCS/s.Makefile.port.y'.
      Trying pattern rule with stem `Makefile.global.in.C'.
     Avoiding implicit rule recursion.
   Trying implicit prerequisite `../../../src/RCS/Makefile.port.o'.
    Trying pattern rule with stem `Makefile.port.c'.
     Trying implicit prerequisite `../../../src/Makefile.port.y,v'.
      Trying implicit prerequisite `../../../src/SCCS/s.Makefile.global.in.C'.
     Avoiding implicit rule recursion.
     Trying pattern rule with stem `Makefile.global.in'.
   Trying pattern rule with stem `Makefile.port.o'.
     Trying implicit prerequisite `../../../src/Makefile.global.in.cpp'.
    Trying pattern rule with stem `Makefile.port'.
     Looking for a rule with intermediate file `../../../src/Makefile.global.in.cpp'.
    Trying implicit prerequisite `../../../src/Makefile.port.w'.
     Trying pattern rule with stem `Makefile.port.y'.
   Trying implicit prerequisite `../../../src/s.Makefile.port.o'.
    Trying implicit prerequisite `../../../../src/Makefile.port.c,v'.
   Trying pattern rule with stem `Makefile.port.o'.
     Trying implicit prerequisite `../../../src/RCS/Makefile.port.y,v'.
    Looking for a rule with intermediate file `../../../src/Makefile.port.w'.
     Trying pattern rule with stem `Makefile.port.l'.
      Avoiding implicit rule recursion.
    Trying pattern rule with stem `Makefile.port.c'.
     Avoiding implicit rule recursion.
   Trying implicit prerequisite `../../../src/SCCS/s.Makefile.port.o'.
     Trying pattern rule with stem `Makefile.port.y'.
      Avoiding implicit rule recursion.
    Trying implicit prerequisite `../../../../src/RCS/Makefile.port.c,v'.
     Trying implicit prerequisite `../../../src/RCS/Makefile.port.y'.
     Trying implicit prerequisite `../../../../src/Makefile.port.l,v'.
     Avoiding implicit rule recursion.
     Trying pattern rule with stem `Makefile.port.y'.
     Avoiding implicit rule recursion.
     Trying implicit prerequisite `../../../src/s.Makefile.port.y'.
     Trying pattern rule with stem `Makefile.port.l'.
      Trying pattern rule with stem `Makefile.global.in.cpp'.
     Trying pattern rule with stem `Makefile.port.w'.
     Trying implicit prerequisite `../../../../src/RCS/Makefile.port.l,v'.
     Trying implicit prerequisite `../../../src/Makefile.port.w,v'.
     Trying pattern rule with stem `Makefile.port.l'.
     Trying pattern rule with stem `Makefile.port.w'.
   Trying pattern rule with stem `Makefile.port'.
     Trying implicit prerequisite `../../../src/RCS/Makefile.port.w,v'.
      Trying implicit prerequisite `../../../src/Makefile.global.in.cpp,v'.
     Trying pattern rule with stem `Makefile.port.y'.
     Trying implicit prerequisite `../../../../src/RCS/Makefile.port.l'.
     Trying pattern rule with stem `Makefile.port.w'.
    Trying pattern rule with stem `Makefile.port.c'.
     Trying implicit prerequisite `../../../src/RCS/Makefile.port.w'.
     Trying implicit prerequisite `../../../src/SCCS/s.Makefile.port.y'.
     Trying pattern rule with stem `Makefile.port.l'.
    Trying pattern rule with stem `Makefile.port'.
    Trying implicit prerequisite `../../../../src/RCS/Makefile.port.c'.
     Trying pattern rule with stem `Makefile.port.w'.
   Trying implicit prerequisite `../../../src/Makefile.port.c'.
    Trying pattern rule with stem `Makefile.port.c'.
    Trying implicit prerequisite `../../../src/Makefile.port.w'.
    Trying implicit prerequisite `../../../../src/s.Makefile.port.c'.
      Trying pattern rule with stem `Makefile.global.in.cpp'.
   Looking for a rule with intermediate file `../../../src/Makefile.port.c'.
     Trying implicit prerequisite `../../../src/s.Makefile.port.w'.
    Looking for a rule with intermediate file `../../../src/Makefile.port.w'.
    Avoiding implicit rule recursion.
     Avoiding implicit rule recursion.
    Avoiding implicit rule recursion.
     Trying pattern rule with stem `Makefile.port.w'.
    Trying pattern rule with stem `Makefile.port'.
      Trying implicit prerequisite `../../../src/RCS/Makefile.global.in.cpp,v'.
     Trying implicit prerequisite `../../../src/SCCS/s.Makefile.port.w'.
    Trying pattern rule with stem `Makefile.port.c'.
      Trying pattern rule with stem `Makefile.global.in.cpp'.
    Trying pattern rule with stem `Makefile.port'.
    Trying implicit prerequisite `../../../src/Makefile.port.l'.
    Trying pattern rule with stem `Makefile.port'.
    Trying implicit prerequisite `../../../src/Makefile.port.y'.
    Trying pattern rule with stem `Makefile.port'.
    Trying implicit prerequisite `../../../src/Makefile.port.w'.
    Trying pattern rule with stem `Makefile.port'.
    Trying implicit prerequisite `../../../src/Makefile.port.w'.
    Trying pattern rule with stem `Makefile.port.c'.
    Trying implicit prerequisite `../../../src/Makefile.port.c,v'.
    Trying pattern rule with stem `Makefile.port.c'.
    Trying implicit prerequisite `../../../src/RCS/Makefile.port.c,v'.
    Trying pattern rule with stem `Makefile.port.c'.
      Trying implicit prerequisite `../../../src/RCS/Makefile.global.in.cpp'.
    Trying implicit prerequisite `../../../../src/SCCS/s.Makefile.port.c'.
     Trying implicit prerequisite `../../../../src/s.Makefile.port.l'.
    Trying implicit prerequisite `../../../src/RCS/Makefile.port.c'.
     Trying pattern rule with stem `Makefile.port.l'.
    Trying pattern rule with stem `Makefile.port'.
    Rejecting impossible implicit prerequisite `../../../src/Makefile.port.w'.
      Trying pattern rule with stem `Makefile.global.in.cpp'.
   Trying pattern rule with stem `Makefile.port'.
    Trying implicit prerequisite `../../../../src/Makefile.port.l'.
     Trying implicit prerequisite `../../../../src/SCCS/s.Makefile.port.l'.
   Trying implicit prerequisite `../../../src/Makefile.port.cc'.
    Trying pattern rule with stem `Makefile.port.c'.
     Avoiding implicit rule recursion.
    Trying pattern rule with stem `Makefile.port'.
    Looking for a rule with intermediate file `../../../../src/Makefile.port.l'.
      Trying implicit prerequisite `../../../src/s.Makefile.global.in.cpp'.
   Looking for a rule with intermediate file `../../../src/Makefile.port.cc'.
     Avoiding implicit rule recursion.
      Trying pattern rule with stem `Makefile.global.in.cpp'.
    Avoiding implicit rule recursion.
    Trying implicit prerequisite `../../../../src/Makefile.port.y'.
     Avoiding implicit rule recursion.
    Avoiding implicit rule recursion.
    Looking for a rule with intermediate file `../../../../src/Makefile.port.y'.
    Trying implicit prerequisite `../../../src/s.Makefile.port.c'.
     Avoiding implicit rule recursion.
     Avoiding implicit rule recursion.
     Avoiding implicit rule recursion.
     Avoiding implicit rule recursion.
      Trying implicit prerequisite `../../../src/SCCS/s.Makefile.global.in.cpp'.
     Trying pattern rule with stem `Makefile.port.w'.
     Trying pattern rule with stem `Makefile.global.in'.
     Trying pattern rule with stem `Makefile.port.l'.
    Trying pattern rule with stem `Makefile.port.c'.
     Trying implicit prerequisite `../../../src/Makefile.port.w,v'.
     Trying implicit prerequisite `../../../src/Makefile.global.in.p'.
     Trying pattern rule with stem `Makefile.port.w'.
     Looking for a rule with intermediate file `../../../src/Makefile.global.in.p'.
     Avoiding implicit rule recursion.
     Trying implicit prerequisite `../../../src/RCS/Makefile.port.w,v'.
    Trying implicit prerequisite `../../../src/SCCS/s.Makefile.port.c'.
      Avoiding implicit rule recursion.
    Trying pattern rule with stem `Makefile.port'.
      Avoiding implicit rule recursion.
    Trying implicit prerequisite `../../../src/Makefile.port.l'.
     Trying implicit prerequisite `../../../../src/Makefile.port.l,v'.
    Looking for a rule with intermediate file `../../../src/Makefile.port.l'.
      Trying pattern rule with stem `Makefile.global.in'.
     Trying pattern rule with stem `Makefile.port.w'.
     Trying pattern rule with stem `Makefile.port.l'.
     Trying implicit prerequisite `../../../src/RCS/Makefile.port.w'.
    Trying pattern rule with stem `Makefile.port.cc'.
     Trying pattern rule with stem `Makefile.port.y'.
     Trying pattern rule with stem `Makefile.port.w'.
     Trying implicit prerequisite `../../../src/s.Makefile.port.w'.
     Trying pattern rule with stem `Makefile.port.w'.
     Trying implicit prerequisite `../../../src/SCCS/s.Makefile.port.w'.
    Trying pattern rule with stem `Makefile.port'.
    Rejecting impossible implicit prerequisite `../../../src/Makefile.port.w'.
   Trying pattern rule with stem `Makefile.port'.
   Trying implicit prerequisite `../../../src/Makefile.port.cc'.
   Looking for a rule with intermediate file `../../../src/Makefile.port.cc'.
    Avoiding implicit rule recursion.
    Avoiding implicit rule recursion.
    Trying implicit prerequisite `../../../src/Makefile.port.cc,v'.
     Trying implicit prerequisite `../../../../src/RCS/Makefile.port.l,v'.
     Trying implicit prerequisite `../../../../src/Makefile.port.y,v'.
    Trying pattern rule with stem `Makefile.port.cc'.
      Trying implicit prerequisite `../../../src/Makefile.global.in.web'.
     Trying pattern rule with stem `Makefile.port.l'.
      Trying pattern rule with stem `Makefile.global.in.p'.
    Trying implicit prerequisite `../../../src/Makefile.port.cc,v'.
      Trying implicit prerequisite `../../../src/Makefile.global.in.p,v'.
     Avoiding implicit rule recursion.
     Trying implicit prerequisite `../../../../src/RCS/Makefile.port.l'.
     Avoiding implicit rule recursion.
      Trying pattern rule with stem `Makefile.global.in.p'.
     Avoiding implicit rule recursion.
      Trying implicit prerequisite `../../../src/RCS/Makefile.global.in.p,v'.
     Trying pattern rule with stem `Makefile.port.l'.
      Trying pattern rule with stem `Makefile.global.in.p'.
     Trying implicit prerequisite `../../../../src/s.Makefile.port.l'.
    Trying pattern rule with stem `Makefile.port.cc'.
     Trying pattern rule with stem `Makefile.port.l'.
    Trying implicit prerequisite `../../../src/RCS/Makefile.port.cc,v'.
    Trying pattern rule with stem `Makefile.port.cc'.
     Trying pattern rule with stem `Makefile.port.l'.
      Trying implicit prerequisite `../../../src/RCS/Makefile.global.in.p'.
     Trying implicit prerequisite `../../../src/Makefile.port.l,v'.
     Trying pattern rule with stem `Makefile.port.y'.
    Trying implicit prerequisite `../../../src/RCS/Makefile.port.cc,v'.
     Trying pattern rule with stem `Makefile.port.l'.
     Trying implicit prerequisite `../../../../src/SCCS/s.Makefile.port.l'.
    Trying pattern rule with stem `Makefile.port.cc'.
      Trying pattern rule with stem `Makefile.global.in.p'.
    Trying pattern rule with stem `Makefile.port.cc'.
    Trying pattern rule with stem `Makefile.port'.
     Trying implicit prerequisite `../../../../src/RCS/Makefile.port.y,v'.
      Trying implicit prerequisite `../../../src/s.Makefile.global.in.p'.
    Trying implicit prerequisite `../../../src/RCS/Makefile.port.cc'.
    Trying implicit prerequisite `../../../../src/Makefile.port.y'.
     Trying implicit prerequisite `../../../src/RCS/Makefile.port.l,v'.
    Trying implicit prerequisite `../../../src/RCS/Makefile.port.cc'.
    Trying pattern rule with stem `Makefile.port.cc'.
      Trying pattern rule with stem `Makefile.global.in.p'.
     Trying pattern rule with stem `Makefile.port.y'.
     Trying pattern rule with stem `Makefile.port.l'.
    Trying pattern rule with stem `Makefile.port.cc'.
    Looking for a rule with intermediate file `../../../../src/Makefile.port.y'.
    Trying implicit prerequisite `../../../src/s.Makefile.port.cc'.
     Trying implicit prerequisite `../../../src/RCS/Makefile.port.l'.
     Avoiding implicit rule recursion.
     Trying pattern rule with stem `Makefile.port.l'.
    Trying implicit prerequisite `../../../src/s.Makefile.port.cc'.
     Trying implicit prerequisite `../../../src/s.Makefile.port.l'.
    Trying pattern rule with stem `Makefile.port.cc'.
     Avoiding implicit rule recursion.
     Trying pattern rule with stem `Makefile.port.l'.
     Avoiding implicit rule recursion.
    Trying pattern rule with stem `Makefile.port.cc'.
     Trying implicit prerequisite `../../../../src/RCS/Makefile.port.y'.
      Trying implicit prerequisite `../../../src/SCCS/s.Makefile.global.in.p'.
     Trying pattern rule with stem `Makefile.port.y'.
    Trying implicit prerequisite `../../../src/SCCS/s.Makefile.port.cc'.
    Trying implicit prerequisite `../../../src/SCCS/s.Makefile.port.cc'.
     Trying implicit prerequisite `../../../../src/Makefile.port.y,v'.
     Trying pattern rule with stem `Makefile.port.y'.
      Trying pattern rule with stem `Makefile.global.in'.
     Trying pattern rule with stem `Makefile.port.y'.
     Trying implicit prerequisite `../../../src/SCCS/s.Makefile.port.l'.
     Trying implicit prerequisite `../../../../src/s.Makefile.port.y'.
   Trying pattern rule with stem `Makefile.port'.
   Trying pattern rule with stem `Makefile.port'.
   Trying implicit prerequisite `../../../src/Makefile.port.C'.
    Trying pattern rule with stem `Makefile.port'.
      Trying implicit prerequisite `../../../src/Makefile.global.in.web'.
     Trying implicit prerequisite `../../../../src/RCS/Makefile.port.y,v'.
     Trying pattern rule with stem `Makefile.port.y'.
   Looking for a rule with intermediate file `../../../src/Makefile.port.C'.
    Trying implicit prerequisite `../../../src/Makefile.port.y'.
     Trying pattern rule with stem `Makefile.port.y'.
    Looking for a rule with intermediate file `../../../src/Makefile.port.y'.
      Looking for a rule with intermediate file `../../../src/Makefile.global.in.web'.
    Avoiding implicit rule recursion.
     Avoiding implicit rule recursion.
     Trying implicit prerequisite `../../../../src/RCS/Makefile.port.y'.
    Avoiding implicit rule recursion.
   Trying implicit prerequisite `../../../src/Makefile.port.C'.
     Trying pattern rule with stem `Makefile.port.y'.
    Trying pattern rule with stem `Makefile.port.C'.
     Trying implicit prerequisite `../../../../src/SCCS/s.Makefile.port.y'.
    Trying implicit prerequisite `../../../src/Makefile.port.C,v'.
    Trying pattern rule with stem `Makefile.port'.
     Avoiding implicit rule recursion.
     Trying implicit prerequisite `../../../../src/s.Makefile.port.y'.
    Trying implicit prerequisite `../../../../src/Makefile.port.w'.
       Avoiding implicit rule recursion.
    Trying pattern rule with stem `Makefile.port.C'.
    Looking for a rule with intermediate file `../../../../src/Makefile.port.w'.
     Trying pattern rule with stem `Makefile.port.y'.
     Avoiding implicit rule recursion.
     Avoiding implicit rule recursion.
    Trying implicit prerequisite `../../../src/RCS/Makefile.port.C,v'.
     Trying pattern rule with stem `Makefile.port.y'.
   Looking for a rule with intermediate file `../../../src/Makefile.port.C'.
     Trying implicit prerequisite `../../../../src/SCCS/s.Makefile.port.y'.
       Avoiding implicit rule recursion.
     Trying implicit prerequisite `../../../src/Makefile.port.y,v'.
     Avoiding implicit rule recursion.
    Avoiding implicit rule recursion.
       Avoiding implicit rule recursion.
    Trying pattern rule with stem `Makefile.port.C'.
    Trying pattern rule with stem `Makefile.port'.
     Avoiding implicit rule recursion.
     Trying pattern rule with stem `Makefile.port.y'.
       Trying pattern rule with stem `Makefile.global.in.web'.
     Trying implicit prerequisite `../../../src/RCS/Makefile.port.y,v'.
     Trying pattern rule with stem `Makefile.port.w'.
    Avoiding implicit rule recursion.
     Trying pattern rule with stem `Makefile.port.y'.
     Trying implicit prerequisite `../../../../src/Makefile.port.w,v'.
     Trying implicit prerequisite `../../../src/RCS/Makefile.port.y'.
     Trying pattern rule with stem `Makefile.port.w'.
    Trying implicit prerequisite `../../../../src/Makefile.port.w'.
       Trying implicit prerequisite `../../../src/Makefile.global.in.web,v'.
    Looking for a rule with intermediate file `../../../../src/Makefile.port.w'.
       Trying pattern rule with stem `Makefile.global.in.web'.
     Avoiding implicit rule recursion.
       Trying implicit prerequisite `../../../src/RCS/Makefile.global.in.web,v'.
    Trying pattern rule with stem `Makefile.port.C'.
       Trying pattern rule with stem `Makefile.global.in.web'.
     Avoiding implicit rule recursion.
     Trying pattern rule with stem `Makefile.port.y'.
     Trying implicit prerequisite `../../../../src/RCS/Makefile.port.w,v'.
     Avoiding implicit rule recursion.
       Trying implicit prerequisite `../../../src/RCS/Makefile.global.in.web'.
     Trying pattern rule with stem `Makefile.port.w'.
    Trying implicit prerequisite `../../../src/RCS/Makefile.port.C'.
    Trying implicit prerequisite `../../../src/Makefile.port.C,v'.
     Trying pattern rule with stem `Makefile.port.w'.
     Trying implicit prerequisite `../../../../src/Makefile.port.w,v'.
       Trying pattern rule with stem `Makefile.global.in.web'.
     Trying implicit prerequisite `../../../src/s.Makefile.port.y'.
       Trying implicit prerequisite `../../../src/s.Makefile.global.in.web'.
    Trying pattern rule with stem `Makefile.port.C'.
     Trying implicit prerequisite `../../../../src/RCS/Makefile.port.w'.
     Trying pattern rule with stem `Makefile.port.w'.
     Trying pattern rule with stem `Makefile.port.w'.
    Trying implicit prerequisite `../../../src/RCS/Makefile.port.C,v'.
     Trying implicit prerequisite `../../../../src/s.Makefile.port.w'.
    Trying pattern rule with stem `Makefile.port.C'.
     Trying pattern rule with stem `Makefile.port.w'.
     Trying pattern rule with stem `Makefile.port.y'.
    Trying pattern rule with stem `Makefile.port.C'.
     Trying implicit prerequisite `../../../src/SCCS/s.Makefile.port.y'.
    Trying implicit prerequisite `../../../src/RCS/Makefile.port.C'.
     Trying implicit prerequisite `../../../../src/RCS/Makefile.port.w,v'.
    Trying implicit prerequisite `../../../src/s.Makefile.port.C'.
    Trying pattern rule with stem `Makefile.port'.
    Trying pattern rule with stem `Makefile.port.C'.
     Trying pattern rule with stem `Makefile.port.w'.
    Trying pattern rule with stem `Makefile.port.C'.
     Trying implicit prerequisite `../../../../src/RCS/Makefile.port.w'.
    Trying implicit prerequisite `../../../src/s.Makefile.port.C'.
       Trying pattern rule with stem `Makefile.global.in.web'.
    Trying implicit prerequisite `../../../src/SCCS/s.Makefile.port.C'.
       Trying implicit prerequisite `../../../src/SCCS/s.Makefile.global.in.web'.
    Trying pattern rule with stem `Makefile.port.C'.
   Trying pattern rule with stem `Makefile.port'.
     Trying implicit prerequisite `../../../../src/SCCS/s.Makefile.port.w'.
     Trying pattern rule with stem `Makefile.port.w'.
    Trying implicit prerequisite `../../../src/SCCS/s.Makefile.port.C'.
     Trying implicit prerequisite `../../../../src/s.Makefile.port.w'.
     Trying pattern rule with stem `Makefile.global.in'.
     Trying pattern rule with stem `Makefile.port.w'.
   Trying pattern rule with stem `Makefile.port'.
   Trying implicit prerequisite `../../../src/Makefile.port.cpp'.
    Trying implicit prerequisite `../../../src/Makefile.port.w'.
     Trying implicit prerequisite `../../../src/Makefile.global.in.f'.
   Trying implicit prerequisite `../../../src/Makefile.port.cpp'.
     Trying implicit prerequisite `../../../../src/SCCS/s.Makefile.port.w'.
    Looking for a rule with intermediate file `../../../src/Makefile.port.w'.
    Trying pattern rule with stem `Makefile.port'.
   Looking for a rule with intermediate file `../../../src/Makefile.port.cpp'.
   Looking for a rule with intermediate file `../../../src/Makefile.port.cpp'.
    Rejecting impossible implicit prerequisite `../../../../src/Makefile.port.w'.
     Looking for a rule with intermediate file `../../../src/Makefile.global.in.f'.
    Avoiding implicit rule recursion.
     Avoiding implicit rule recursion.
      Avoiding implicit rule recursion.
    Avoiding implicit rule recursion.
     Avoiding implicit rule recursion.
   Trying pattern rule with stem `Makefile.port'.
    Avoiding implicit rule recursion.
    Trying pattern rule with stem `Makefile.port.cpp'.
     Avoiding implicit rule recursion.
      Avoiding implicit rule recursion.
    Trying implicit prerequisite `../../../src/Makefile.port.cpp,v'.
      Trying pattern rule with stem `Makefile.global.in'.
    Avoiding implicit rule recursion.
      Trying implicit prerequisite `../../../src/Makefile.global.in.F'.
    Trying pattern rule with stem `Makefile.port.cpp'.
   Trying implicit prerequisite `../../../../src/Makefile.port.cc'.
    Trying pattern rule with stem `Makefile.port'.
    Trying pattern rule with stem `Makefile.port.cpp'.
    Rejecting impossible implicit prerequisite `../../../../src/Makefile.port.w'.
      Trying pattern rule with stem `Makefile.global.in'.
     Trying pattern rule with stem `Makefile.port.w'.
    Trying implicit prerequisite `../../../src/RCS/Makefile.port.cpp,v'.
     Trying implicit prerequisite `../../../src/Makefile.port.w,v'.
    Trying implicit prerequisite `../../../src/Makefile.port.cpp,v'.
   Looking for a rule with intermediate file `../../../../src/Makefile.port.cc'.
   Trying pattern rule with stem `Makefile.port'.
    Trying pattern rule with stem `Makefile.port.cpp'.
    Avoiding implicit rule recursion.
   Trying implicit prerequisite `../../../../src/Makefile.port.cc'.
    Avoiding implicit rule recursion.
    Trying pattern rule with stem `Makefile.port.cpp'.
    Trying pattern rule with stem `Makefile.port.cc'.
    Trying implicit prerequisite `../../../src/RCS/Makefile.port.cpp,v'.
     Trying pattern rule with stem `Makefile.port.w'.
    Trying pattern rule with stem `Makefile.port.cpp'.
     Trying implicit prerequisite `../../../src/RCS/Makefile.port.w,v'.
    Trying implicit prerequisite `../../../src/RCS/Makefile.port.cpp'.
      Trying implicit prerequisite `../../../src/Makefile.global.in.r'.
    Trying pattern rule with stem `Makefile.port.cpp'.
   Looking for a rule with intermediate file `../../../../src/Makefile.port.cc'.
     Trying pattern rule with stem `Makefile.port.w'.
    Trying implicit prerequisite `../../../src/RCS/Makefile.port.cpp'.
    Trying implicit prerequisite `../../../src/s.Makefile.port.cpp'.
    Avoiding implicit rule recursion.
     Trying implicit prerequisite `../../../src/RCS/Makefile.port.w'.
      Trying pattern rule with stem `Makefile.global.in.f'.
    Avoiding implicit rule recursion.
    Trying implicit prerequisite `../../../../src/Makefile.port.cc,v'.
    Trying pattern rule with stem `Makefile.port.cc'.
      Trying implicit prerequisite `../../../src/Makefile.global.in.f,v'.
    Trying pattern rule with stem `Makefile.port.cpp'.
     Trying pattern rule with stem `Makefile.port.w'.
    Trying implicit prerequisite `../../../src/SCCS/s.Makefile.port.cpp'.
     Trying implicit prerequisite `../../../src/s.Makefile.port.w'.
    Trying pattern rule with stem `Makefile.port.cc'.
     Trying pattern rule with stem `Makefile.port.w'.
   Trying pattern rule with stem `Makefile.port'.
    Trying implicit prerequisite `../../../../src/Makefile.port.cc,v'.
    Trying implicit prerequisite `../../../../src/RCS/Makefile.port.cc,v'.
      Trying pattern rule with stem `Makefile.global.in.f'.
    Trying pattern rule with stem `Makefile.port.cpp'.
    Trying pattern rule with stem `Makefile.port.cc'.
    Trying implicit prerequisite `../../../src/s.Makefile.port.cpp'.
    Trying implicit prerequisite `../../../../src/RCS/Makefile.port.cc,v'.
      Trying implicit prerequisite `../../../src/RCS/Makefile.global.in.f,v'.
     Trying implicit prerequisite `../../../src/SCCS/s.Makefile.port.w'.
    Trying pattern rule with stem `Makefile.port.cpp'.
    Trying pattern rule with stem `Makefile.port'.
    Trying pattern rule with stem `Makefile.port.cc'.
    Rejecting impossible implicit prerequisite `../../../src/Makefile.port.w'.
    Trying implicit prerequisite `../../../src/SCCS/s.Makefile.port.cpp'.
   Trying pattern rule with stem `Makefile.port'.
   Trying pattern rule with stem `Makefile.port'.
   Trying implicit prerequisite `../../../src/Makefile.port.p'.
    Trying pattern rule with stem `Makefile.port.cc'.
      Trying pattern rule with stem `Makefile.global.in.f'.
    Trying implicit prerequisite `../../../../src/RCS/Makefile.port.cc'.
    Trying implicit prerequisite `../../../../src/RCS/Makefile.port.cc'.
   Trying implicit prerequisite `../../../src/Makefile.port.p'.
    Trying pattern rule with stem `Makefile.port.cc'.
      Trying implicit prerequisite `../../../src/RCS/Makefile.global.in.f'.
   Looking for a rule with intermediate file `../../../src/Makefile.port.p'.
      Trying pattern rule with stem `Makefile.global.in.f'.
    Trying pattern rule with stem `Makefile.port.cc'.
   Trying implicit prerequisite `../../../src/Makefile.port.cc'.
      Trying implicit prerequisite `../../../src/s.Makefile.global.in.f'.
    Trying implicit prerequisite `../../../../src/s.Makefile.port.cc'.
   Looking for a rule with intermediate file `../../../src/Makefile.port.cc'.
    Trying pattern rule with stem `Makefile.port.cc'.
    Trying implicit prerequisite `../../../../src/s.Makefile.port.cc'.
      Trying pattern rule with stem `Makefile.global.in.f'.
    Trying implicit prerequisite `../../../../src/SCCS/s.Makefile.port.cc'.
   Looking for a rule with intermediate file `../../../src/Makefile.port.p'.
    Avoiding implicit rule recursion.
      Trying implicit prerequisite `../../../src/SCCS/s.Makefile.global.in.f'.
    Trying pattern rule with stem `Makefile.port.cc'.
   Trying pattern rule with stem `Makefile.port'.
    Trying implicit prerequisite `../../../../src/SCCS/s.Makefile.port.cc'.
   Trying implicit prerequisite `../../../../src/Makefile.port.C'.
      Trying pattern rule with stem `Makefile.global.in'.
   Trying pattern rule with stem `Makefile.port'.
   Looking for a rule with intermediate file `../../../../src/Makefile.port.C'.
    Avoiding implicit rule recursion.
      Trying implicit prerequisite `../../../src/Makefile.global.in.F'.
   Trying implicit prerequisite `../../../../src/Makefile.port.C'.
    Avoiding implicit rule recursion.
    Avoiding implicit rule recursion.
    Avoiding implicit rule recursion.
   Looking for a rule with intermediate file `../../../../src/Makefile.port.C'.
    Avoiding implicit rule recursion.
      Looking for a rule with intermediate file `../../../src/Makefile.global.in.F'.
    Trying pattern rule with stem `Makefile.port.cc'.
    Avoiding implicit rule recursion.
    Avoiding implicit rule recursion.
    Trying implicit prerequisite `../../../src/Makefile.port.cc,v'.
    Avoiding implicit rule recursion.
       Avoiding implicit rule recursion.
    Avoiding implicit rule recursion.
       Avoiding implicit rule recursion.
    Trying pattern rule with stem `Makefile.port.C'.
    Trying pattern rule with stem `Makefile.port.cc'.
    Trying implicit prerequisite `../../../../src/Makefile.port.C,v'.
    Trying pattern rule with stem `Makefile.port'.
       Avoiding implicit rule recursion.
    Trying implicit prerequisite `../../../src/Makefile.port.web'.
       Trying pattern rule with stem `Makefile.global.in.F'.
    Trying implicit prerequisite `../../../src/RCS/Makefile.port.cc,v'.
       Trying implicit prerequisite `../../../src/Makefile.global.in.F,v'.
    Trying pattern rule with stem `Makefile.port.C'.
       Trying pattern rule with stem `Makefile.global.in.F'.
    Trying pattern rule with stem `Makefile.port'.
    Trying pattern rule with stem `Makefile.port.cc'.
    Trying pattern rule with stem `Makefile.port.p'.
       Trying implicit prerequisite `../../../src/RCS/Makefile.global.in.F,v'.
    Trying implicit prerequisite `../../../src/Makefile.port.p,v'.
       Trying pattern rule with stem `Makefile.global.in.F'.
    Trying pattern rule with stem `Makefile.port.p'.
    Trying implicit prerequisite `../../../../src/Makefile.port.C,v'.
    Trying implicit prerequisite `../../../src/Makefile.port.web'.
    Trying implicit prerequisite `../../../src/RCS/Makefile.port.p,v'.
    Trying implicit prerequisite `../../../src/RCS/Makefile.port.cc'.
    Trying pattern rule with stem `Makefile.port.p'.
    Trying pattern rule with stem `Makefile.port.cc'.
    Trying pattern rule with stem `Makefile.port.C'.
    Trying pattern rule with stem `Makefile.port.p'.
    Trying implicit prerequisite `../../../src/RCS/Makefile.port.p'.
    Trying implicit prerequisite `../../../src/Makefile.port.p,v'.
       Trying implicit prerequisite `../../../src/RCS/Makefile.global.in.F'.
    Trying pattern rule with stem `Makefile.port.p'.
    Trying implicit prerequisite `../../../../src/RCS/Makefile.port.C,v'.
       Trying pattern rule with stem `Makefile.global.in.F'.
    Trying pattern rule with stem `Makefile.port.p'.
    Trying pattern rule with stem `Makefile.port.C'.
    Trying implicit prerequisite `../../../src/s.Makefile.port.p'.
    Trying implicit prerequisite `../../../src/s.Makefile.port.cc'.
    Trying implicit prerequisite `../../../src/RCS/Makefile.port.p,v'.
       Trying implicit prerequisite `../../../src/s.Makefile.global.in.F'.
    Trying pattern rule with stem `Makefile.port.p'.
       Trying pattern rule with stem `Makefile.global.in.F'.
    Trying pattern rule with stem `Makefile.port.cc'.
    Trying pattern rule with stem `Makefile.port.p'.
    Trying implicit prerequisite `../../../../src/RCS/Makefile.port.C,v'.
    Trying implicit prerequisite `../../../src/RCS/Makefile.port.p'.
    Trying pattern rule with stem `Makefile.port.C'.
    Trying implicit prerequisite `../../../src/SCCS/s.Makefile.port.p'.
    Trying pattern rule with stem `Makefile.port.p'.
       Trying implicit prerequisite `../../../src/SCCS/s.Makefile.global.in.F'.
    Trying pattern rule with stem `Makefile.port.C'.
      Trying pattern rule with stem `Makefile.global.in'.
    Trying implicit prerequisite `../../../../src/RCS/Makefile.port.C'.
      Trying implicit prerequisite `../../../src/Makefile.global.in.r'.
    Trying implicit prerequisite `../../../src/s.Makefile.port.p'.
    Trying implicit prerequisite `../../../src/SCCS/s.Makefile.port.cc'.
    Trying pattern rule with stem `Makefile.port.C'.
   Trying pattern rule with stem `Makefile.port'.
      Looking for a rule with intermediate file `../../../src/Makefile.global.in.r'.
    Trying implicit prerequisite `../../../../src/RCS/Makefile.port.C'.
    Trying implicit prerequisite `../../../../src/s.Makefile.port.C'.
    Trying pattern rule with stem `Makefile.port'.
    Trying pattern rule with stem `Makefile.port.C'.
       Avoiding implicit rule recursion.
    Trying implicit prerequisite `../../../../src/s.Makefile.port.C'.
    Trying pattern rule with stem `Makefile.port.p'.
   Trying implicit prerequisite `../../../src/Makefile.port.C'.
    Trying pattern rule with stem `Makefile.port.C'.
    Trying implicit prerequisite `../../../src/Makefile.port.web'.
    Trying implicit prerequisite `../../../src/SCCS/s.Makefile.port.p'.
    Trying implicit prerequisite `../../../../src/SCCS/s.Makefile.port.C'.
       Avoiding implicit rule recursion.
    Trying pattern rule with stem `Makefile.port.C'.
   Looking for a rule with intermediate file `../../../src/Makefile.port.C'.
    Trying pattern rule with stem `Makefile.port'.
   Trying pattern rule with stem `Makefile.port'.
    Looking for a rule with intermediate file `../../../src/Makefile.port.web'.
   Trying implicit prerequisite `../../../../src/Makefile.port.cpp'.
    Avoiding implicit rule recursion.
    Trying implicit prerequisite `../../../../src/SCCS/s.Makefile.port.C'.
       Avoiding implicit rule recursion.
    Trying implicit prerequisite `../../../src/Makefile.port.web'.
   Looking for a rule with intermediate file `../../../../src/Makefile.port.cpp'.
    Avoiding implicit rule recursion.
    Avoiding implicit rule recursion.
     Avoiding implicit rule recursion.
    Avoiding implicit rule recursion.
    Trying pattern rule with stem `Makefile.port.C'.
    Looking for a rule with intermediate file `../../../src/Makefile.port.web'.
    Trying implicit prerequisite `../../../src/Makefile.port.C,v'.
   Trying pattern rule with stem `Makefile.port'.
     Avoiding implicit rule recursion.
    Trying pattern rule with stem `Makefile.port.cpp'.
       Trying pattern rule with stem `Makefile.global.in'.
    Trying implicit prerequisite `../../../../src/Makefile.port.cpp,v'.
     Avoiding implicit rule recursion.
    Trying pattern rule with stem `Makefile.port.cpp'.
       Rejecting impossible implicit prerequisite `../../../src/Makefile.global.in.l'.
   Trying implicit prerequisite `../../../../src/Makefile.port.cpp'.
    Trying pattern rule with stem `Makefile.port.C'.
     Avoiding implicit rule recursion.
    Trying implicit prerequisite `../../../../src/RCS/Makefile.port.cpp,v'.
       Trying pattern rule with stem `Makefile.global.in.r'.
    Trying implicit prerequisite `../../../src/RCS/Makefile.port.C,v'.
   Looking for a rule with intermediate file `../../../../src/Makefile.port.cpp'.
     Avoiding implicit rule recursion.
       Trying implicit prerequisite `../../../src/Makefile.global.in.r,v'.
     Trying pattern rule with stem `Makefile.port.web'.
    Trying pattern rule with stem `Makefile.port.cpp'.
     Trying implicit prerequisite `../../../src/Makefile.port.web,v'.
    Trying pattern rule with stem `Makefile.port.C'.
    Avoiding implicit rule recursion.
     Avoiding implicit rule recursion.
       Trying pattern rule with stem `Makefile.global.in.r'.
    Trying implicit prerequisite `../../../src/RCS/Makefile.port.C'.
    Trying implicit prerequisite `../../../../src/RCS/Makefile.port.cpp'.
     Trying pattern rule with stem `Makefile.port.web'.
    Trying pattern rule with stem `Makefile.port.cpp'.
     Trying implicit prerequisite `../../../src/RCS/Makefile.port.web,v'.
    Trying implicit prerequisite `../../../../src/s.Makefile.port.cpp'.
    Trying pattern rule with stem `Makefile.port.C'.
     Trying pattern rule with stem `Makefile.port.web'.
     Trying pattern rule with stem `Makefile.port.web'.
    Avoiding implicit rule recursion.
     Trying implicit prerequisite `../../../src/RCS/Makefile.port.web'.
    Trying pattern rule with stem `Makefile.port.cpp'.
       Trying implicit prerequisite `../../../src/RCS/Makefile.global.in.r,v'.
    Trying pattern rule with stem `Makefile.port.cpp'.
       Trying pattern rule with stem `Makefile.global.in.r'.
     Trying pattern rule with stem `Makefile.port.web'.
       Trying implicit prerequisite `../../../src/RCS/Makefile.global.in.r'.
    Trying implicit prerequisite `../../../../src/Makefile.port.cpp,v'.
     Trying implicit prerequisite `../../../src/Makefile.port.web,v'.
    Trying pattern rule with stem `Makefile.port.cpp'.
    Trying implicit prerequisite `../../../src/s.Makefile.port.C'.
    Trying implicit prerequisite `../../../../src/SCCS/s.Makefile.port.cpp'.
     Trying implicit prerequisite `../../../src/s.Makefile.port.web'.
     Trying pattern rule with stem `Makefile.port.web'.
     Trying pattern rule with stem `Makefile.port.web'.
    Trying pattern rule with stem `Makefile.port.C'.
    Trying implicit prerequisite `../../../../src/RCS/Makefile.port.cpp,v'.
     Trying implicit prerequisite `../../../src/RCS/Makefile.port.web,v'.
   Trying pattern rule with stem `Makefile.port'.
    Trying pattern rule with stem `Makefile.port.cpp'.
     Trying pattern rule with stem `Makefile.port.web'.
    Trying implicit prerequisite `../../../../src/RCS/Makefile.port.cpp'.
     Trying implicit prerequisite `../../../src/SCCS/s.Makefile.port.web'.
       Trying pattern rule with stem `Makefile.global.in.r'.
   Trying pattern rule with stem `Makefile.port'.
       Trying implicit prerequisite `../../../src/s.Makefile.global.in.r'.
     Trying implicit prerequisite `../../../src/RCS/Makefile.port.web'.
   Trying implicit prerequisite `../../../src/Makefile.port.f'.
   Trying implicit prerequisite `../../../../src/Makefile.port.p'.
    Trying implicit prerequisite `../../../src/SCCS/s.Makefile.port.C'.
    Trying pattern rule with stem `Makefile.port.cpp'.
   Trying pattern rule with stem `Makefile.port'.
   Looking for a rule with intermediate file `../../../src/Makefile.port.f'.
       Trying pattern rule with stem `Makefile.global.in.r'.
   Looking for a rule with intermediate file `../../../../src/Makefile.port.p'.
   Trying implicit prerequisite `../../../src/Makefile.port.cpp'.
    Avoiding implicit rule recursion.
    Avoiding implicit rule recursion.
   Looking for a rule with intermediate file `../../../src/Makefile.port.cpp'.
    Trying implicit prerequisite `../../../../src/s.Makefile.port.cpp'.
    Avoiding implicit rule recursion.
    Trying pattern rule with stem `Makefile.port'.
    Trying implicit prerequisite `../../../src/Makefile.port.F'.
    Trying pattern rule with stem `Makefile.port'.
    Trying implicit prerequisite `../../../src/Makefile.port.r'.
    Trying pattern rule with stem `Makefile.port.f'.
    Trying implicit prerequisite `../../../src/Makefile.port.f,v'.
    Trying pattern rule with stem `Makefile.port.f'.
    Trying implicit prerequisite `../../../src/RCS/Makefile.port.f,v'.
    Trying pattern rule with stem `Makefile.port.f'.
       Trying implicit prerequisite `../../../src/SCCS/s.Makefile.global.in.r'.
    Trying implicit prerequisite `../../../src/RCS/Makefile.port.f'.
     Trying pattern rule with stem `Makefile.global.in'.
    Avoiding implicit rule recursion.
    Avoiding implicit rule recursion.
    Trying pattern rule with stem `Makefile.port.cpp'.
    Trying pattern rule with stem `Makefile.port.f'.
     Rejecting impossible implicit prerequisite `../../../src/Makefile.global.in.F'.
    Trying pattern rule with stem `Makefile.port'.
    Avoiding implicit rule recursion.
    Trying implicit prerequisite `../../../src/s.Makefile.port.f'.
    Trying implicit prerequisite `../../../../src/SCCS/s.Makefile.port.cpp'.
    Trying implicit prerequisite `../../../../src/Makefile.port.web'.
   Trying pattern rule with stem `Makefile.port'.
    Trying pattern rule with stem `Makefile.port.p'.
   Trying implicit prerequisite `../../../../src/Makefile.port.p'.
    Trying pattern rule with stem `Makefile.port.f'.
    Trying implicit prerequisite `../../../../src/Makefile.port.p,v'.
    Trying pattern rule with stem `Makefile.port.cpp'.
     Trying pattern rule with stem `Makefile.global.in'.
    Trying pattern rule with stem `Makefile.port.p'.
     Trying pattern rule with stem `Makefile.port.web'.
    Trying implicit prerequisite `../../../src/SCCS/s.Makefile.port.f'.
     Trying implicit prerequisite `../../../src/s.Makefile.port.web'.
    Trying implicit prerequisite `../../../../src/RCS/Makefile.port.p,v'.
    Trying pattern rule with stem `Makefile.port'.
    Trying pattern rule with stem `Makefile.port.p'.
     Trying implicit prerequisite `../../../src/Makefile.global.in.m'.
    Trying implicit prerequisite `../../../src/Makefile.port.cpp,v'.
   Looking for a rule with intermediate file `../../../../src/Makefile.port.p'.
    Trying implicit prerequisite `../../../../src/RCS/Makefile.port.p'.
     Trying pattern rule with stem `Makefile.port.web'.
    Trying pattern rule with stem `Makefile.port.cpp'.
    Trying implicit prerequisite `../../../src/Makefile.port.F'.
     Looking for a rule with intermediate file `../../../src/Makefile.global.in.m'.
    Avoiding implicit rule recursion.
      Avoiding implicit rule recursion.
    Trying pattern rule with stem `Makefile.port.p'.
    Trying implicit prerequisite `../../../src/RCS/Makefile.port.cpp,v'.
    Looking for a rule with intermediate file `../../../src/Makefile.port.F'.
    Avoiding implicit rule recursion.
    Trying implicit prerequisite `../../../../src/s.Makefile.port.p'.
     Trying implicit prerequisite `../../../src/SCCS/s.Makefile.port.web'.
    Trying pattern rule with stem `Makefile.port.cpp'.
   Trying pattern rule with stem `Makefile.port'.
     Avoiding implicit rule recursion.
      Avoiding implicit rule recursion.
    Trying pattern rule with stem `Makefile.port.p'.
    Trying implicit prerequisite `../../../src/RCS/Makefile.port.cpp'.
    Trying implicit prerequisite `../../../../src/SCCS/s.Makefile.port.p'.
   Trying implicit prerequisite `../../../src/Makefile.port.f'.
    Trying pattern rule with stem `Makefile.port'.
   Looking for a rule with intermediate file `../../../src/Makefile.port.f'.
      Trying pattern rule with stem `Makefile.global.in'.
    Trying implicit prerequisite `../../../../src/Makefile.port.web'.
     Avoiding implicit rule recursion.
    Trying pattern rule with stem `Makefile.port.p'.
     Avoiding implicit rule recursion.
    Trying implicit prerequisite `../../../../src/Makefile.port.p,v'.
    Avoiding implicit rule recursion.
    Trying pattern rule with stem `Makefile.port'.
      Trying implicit prerequisite `../../../src/Makefile.global.in.ym'.
    Trying pattern rule with stem `Makefile.port.p'.
     Trying pattern rule with stem `Makefile.port.F'.
    Trying pattern rule with stem `Makefile.port.cpp'.
    Avoiding implicit rule recursion.
     Trying implicit prerequisite `../../../src/Makefile.port.F,v'.
      Trying pattern rule with stem `Makefile.global.in'.
    Trying implicit prerequisite `../../../../src/RCS/Makefile.port.p,v'.
    Trying implicit prerequisite `../../../src/s.Makefile.port.cpp'.
    Trying pattern rule with stem `Makefile.port'.
     Trying pattern rule with stem `Makefile.port.F'.
    Trying implicit prerequisite `../../../../src/Makefile.port.web'.
      Trying implicit prerequisite `../../../src/Makefile.global.in.lm'.
    Trying pattern rule with stem `Makefile.port.cpp'.
    Looking for a rule with intermediate file `../../../../src/Makefile.port.web'.
      Trying pattern rule with stem `Makefile.global.in.m'.
    Trying pattern rule with stem `Makefile.port.p'.
      Trying implicit prerequisite `../../../src/Makefile.global.in.m,v'.
    Trying implicit prerequisite `../../../src/Makefile.port.F'.
     Avoiding implicit rule recursion.
    Trying implicit prerequisite `../../../../src/RCS/Makefile.port.p'.
    Trying implicit prerequisite `../../../src/SCCS/s.Makefile.port.cpp'.
    Trying pattern rule with stem `Makefile.port.p'.
   Trying pattern rule with stem `Makefile.port'.
    Trying implicit prerequisite `../../../../src/s.Makefile.port.p'.
   Trying implicit prerequisite `../../../src/Makefile.port.p'.
      Trying pattern rule with stem `Makefile.global.in.m'.
   Looking for a rule with intermediate file `../../../src/Makefile.port.p'.
      Trying implicit prerequisite `../../../src/RCS/Makefile.global.in.m,v'.
    Avoiding implicit rule recursion.
    Trying pattern rule with stem `Makefile.port'.
      Trying pattern rule with stem `Makefile.global.in.m'.
    Avoiding implicit rule recursion.
      Trying implicit prerequisite `../../../src/RCS/Makefile.global.in.m'.
    Trying implicit prerequisite `../../../src/Makefile.port.r'.
    Trying pattern rule with stem `Makefile.port.p'.
    Trying pattern rule with stem `Makefile.port.f'.
     Avoiding implicit rule recursion.
    Trying pattern rule with stem `Makefile.port'.
     Trying implicit prerequisite `../../../src/RCS/Makefile.port.F,v'.
      Trying pattern rule with stem `Makefile.global.in.m'.
    Trying implicit prerequisite `../../../../src/SCCS/s.Makefile.port.p'.
    Trying implicit prerequisite `../../../src/Makefile.port.web'.
     Avoiding implicit rule recursion.
      Trying implicit prerequisite `../../../src/s.Makefile.global.in.m'.
    Trying pattern rule with stem `Makefile.port'.
     Trying pattern rule with stem `Makefile.port.web'.
    Trying implicit prerequisite `../../../src/Makefile.port.f,v'.
    Trying implicit prerequisite `../../../../src/Makefile.port.web'.
      Trying pattern rule with stem `Makefile.global.in.m'.
    Trying pattern rule with stem `Makefile.port.f'.
    Looking for a rule with intermediate file `../../../../src/Makefile.port.web'.
     Trying implicit prerequisite `../../../../src/Makefile.port.web,v'.
     Trying pattern rule with stem `Makefile.port.F'.
      Trying implicit prerequisite `../../../src/SCCS/s.Makefile.global.in.m'.
     Avoiding implicit rule recursion.
    Trying pattern rule with stem `Makefile.port.p'.
     Avoiding implicit rule recursion.
     Trying pattern rule with stem `Makefile.port.web'.
     Avoiding implicit rule recursion.
      Trying pattern rule with stem `Makefile.global.in'.
     Trying implicit prerequisite `../../../src/RCS/Makefile.port.F'.
     Trying pattern rule with stem `Makefile.port.web'.
     Trying pattern rule with stem `Makefile.port.F'.
    Trying implicit prerequisite `../../../src/Makefile.port.p,v'.
     Trying implicit prerequisite `../../../src/s.Makefile.port.F'.
     Trying implicit prerequisite `../../../../src/Makefile.port.web,v'.
     Trying implicit prerequisite `../../../../src/RCS/Makefile.port.web,v'.
    Trying pattern rule with stem `Makefile.port.p'.
     Trying pattern rule with stem `Makefile.port.F'.
      Trying implicit prerequisite `../../../src/Makefile.global.in.ym'.
    Trying implicit prerequisite `../../../src/RCS/Makefile.port.f,v'.
    Trying implicit prerequisite `../../../src/RCS/Makefile.port.p,v'.
      Looking for a rule with intermediate file `../../../src/Makefile.global.in.ym'.
     Trying implicit prerequisite `../../../src/SCCS/s.Makefile.port.F'.
     Trying pattern rule with stem `Makefile.port.web'.
     Trying pattern rule with stem `Makefile.port.web'.
     Trying implicit prerequisite `../../../../src/RCS/Makefile.port.web,v'.
    Trying pattern rule with stem `Makefile.port'.
       Avoiding implicit rule recursion.
     Trying pattern rule with stem `Makefile.port.web'.
    Trying pattern rule with stem `Makefile.port.f'.
     Trying implicit prerequisite `../../../../src/RCS/Makefile.port.web'.
    Trying implicit prerequisite `../../../src/RCS/Makefile.port.f'.
    Trying implicit prerequisite `../../../src/Makefile.port.r'.
       Avoiding implicit rule recursion.
    Looking for a rule with intermediate file `../../../src/Makefile.port.r'.
     Trying implicit prerequisite `../../../../src/RCS/Makefile.port.web'.
       Avoiding implicit rule recursion.
     Trying pattern rule with stem `Makefile.port.web'.
     Avoiding implicit rule recursion.
    Trying pattern rule with stem `Makefile.port.p'.
       Trying pattern rule with stem `Makefile.global.in.ym'.
     Trying pattern rule with stem `Makefile.port.web'.
     Trying implicit prerequisite `../../../../src/s.Makefile.port.web'.
    Trying implicit prerequisite `../../../src/RCS/Makefile.port.p'.
       Trying implicit prerequisite `../../../src/Makefile.global.in.ym,v'.
     Trying pattern rule with stem `Makefile.port.web'.
    Trying pattern rule with stem `Makefile.port.f'.
     Avoiding implicit rule recursion.
     Trying implicit prerequisite `../../../../src/s.Makefile.port.web'.
     Trying implicit prerequisite `../../../../src/SCCS/s.Makefile.port.web'.
       Trying pattern rule with stem `Makefile.global.in.ym'.
    Trying pattern rule with stem `Makefile.port.p'.
    Trying implicit prerequisite `../../../src/s.Makefile.port.f'.
       Trying implicit prerequisite `../../../src/RCS/Makefile.global.in.ym,v'.
    Trying implicit prerequisite `../../../src/s.Makefile.port.p'.
    Trying pattern rule with stem `Makefile.port.f'.
     Avoiding implicit rule recursion.
     Trying pattern rule with stem `Makefile.port.web'.
       Trying pattern rule with stem `Makefile.global.in.ym'.
     Trying implicit prerequisite `../../../../src/SCCS/s.Makefile.port.web'.
       Trying implicit prerequisite `../../../src/RCS/Makefile.global.in.ym'.
   Trying pattern rule with stem `Makefile.port'.
    Trying implicit prerequisite `../../../src/SCCS/s.Makefile.port.f'.
       Trying pattern rule with stem `Makefile.global.in.ym'.
   Trying implicit prerequisite `../../../../src/Makefile.port.f'.
       Trying implicit prerequisite `../../../src/s.Makefile.global.in.ym'.
     Trying pattern rule with stem `Makefile.port'.
    Trying pattern rule with stem `Makefile.port.p'.
     Rejecting impossible implicit prerequisite `../../../src/Makefile.port.l'.
    Trying implicit prerequisite `../../../src/SCCS/s.Makefile.port.p'.
   Looking for a rule with intermediate file `../../../../src/Makefile.port.f'.
   Trying pattern rule with stem `Makefile.port'.
       Trying pattern rule with stem `Makefile.global.in.ym'.
    Trying pattern rule with stem `Makefile.port'.
    Trying pattern rule with stem `Makefile.port'.
    Trying implicit prerequisite `../../../src/Makefile.port.F'.
    Avoiding implicit rule recursion.
     Trying pattern rule with stem `Makefile.port.r'.
    Avoiding implicit rule recursion.
     Trying implicit prerequisite `../../../src/Makefile.port.r,v'.
       Trying implicit prerequisite `../../../src/SCCS/s.Makefile.global.in.ym'.
    Looking for a rule with intermediate file `../../../src/Makefile.port.F'.
     Trying pattern rule with stem `Makefile.port.r'.
     Avoiding implicit rule recursion.
      Trying pattern rule with stem `Makefile.global.in'.
    Trying pattern rule with stem `Makefile.port'.
    Trying implicit prerequisite `../../../src/Makefile.port.web'.
     Trying implicit prerequisite `../../../src/RCS/Makefile.port.r,v'.
      Trying implicit prerequisite `../../../src/Makefile.global.in.lm'.
     Avoiding implicit rule recursion.
      Looking for a rule with intermediate file `../../../src/Makefile.global.in.lm'.
   Trying implicit prerequisite `../../../../src/Makefile.port.f'.
     Trying pattern rule with stem `Makefile.port.r'.
       Avoiding implicit rule recursion.
    Trying implicit prerequisite `../../../../src/Makefile.port.F'.
       Avoiding implicit rule recursion.
    Trying pattern rule with stem `Makefile.port'.
     Trying implicit prerequisite `../../../src/RCS/Makefile.port.r'.
    Trying implicit prerequisite `../../../../src/Makefile.port.r'.
     Trying pattern rule with stem `Makefile.port.r'.
       Avoiding implicit rule recursion.
    Looking for a rule with intermediate file `../../../src/Makefile.port.web'.
     Trying implicit prerequisite `../../../src/s.Makefile.port.r'.
     Avoiding implicit rule recursion.
     Avoiding implicit rule recursion.
       Trying pattern rule with stem `Makefile.global.in.lm'.
     Trying pattern rule with stem `Makefile.port.F'.
     Trying pattern rule with stem `Makefile.port.r'.
    Trying pattern rule with stem `Makefile.port.f'.
       Trying implicit prerequisite `../../../src/Makefile.global.in.lm,v'.
     Trying implicit prerequisite `../../../src/SCCS/s.Makefile.port.r'.
   Looking for a rule with intermediate file `../../../../src/Makefile.port.f'.
       Trying pattern rule with stem `Makefile.global.in.lm'.
     Avoiding implicit rule recursion.
    Avoiding implicit rule recursion.
     Avoiding implicit rule recursion.
   Trying pattern rule with stem `Makefile.port'.
     Trying pattern rule with stem `Makefile.port.web'.
       Trying implicit prerequisite `../../../src/RCS/Makefile.global.in.lm,v'.
    Avoiding implicit rule recursion.
   Rejecting impossible implicit prerequisite `../../../src/Makefile.port.F'.
     Trying implicit prerequisite `../../../src/Makefile.port.web,v'.
    Trying implicit prerequisite `../../../../src/Makefile.port.f,v'.
     Trying implicit prerequisite `../../../src/Makefile.port.F,v'.
    Trying pattern rule with stem `Makefile.port'.
     Trying pattern rule with stem `Makefile.port.F'.
    Trying implicit prerequisite `../../../../src/Makefile.port.F'.
   Trying pattern rule with stem `Makefile.port'.
       Trying pattern rule with stem `Makefile.global.in.lm'.
     Trying implicit prerequisite `../../../src/RCS/Makefile.port.F,v'.
     Trying pattern rule with stem `Makefile.port.web'.
       Trying implicit prerequisite `../../../src/RCS/Makefile.global.in.lm'.
    Trying pattern rule with stem `Makefile.port'.
       Trying pattern rule with stem `Makefile.global.in.lm'.
     Trying implicit prerequisite `../../../src/RCS/Makefile.port.web,v'.
    Trying pattern rule with stem `Makefile.port.f'.
    Trying implicit prerequisite `../../../../src/Makefile.port.r'.
     Trying pattern rule with stem `Makefile.port.web'.
       Trying implicit prerequisite `../../../src/s.Makefile.global.in.lm'.
     Trying implicit prerequisite `../../../src/RCS/Makefile.port.web'.
    Trying pattern rule with stem `Makefile.port.f'.
       Trying pattern rule with stem `Makefile.global.in.lm'.
    Trying implicit prerequisite `../../../../src/Makefile.port.f,v'.
    Trying implicit prerequisite `../../../../src/RCS/Makefile.port.f,v'.
     Trying pattern rule with stem `Makefile.port.F'.
   Trying implicit prerequisite `../../../src/Makefile.port.m'.
       Trying implicit prerequisite `../../../src/SCCS/s.Makefile.global.in.lm'.
    Trying pattern rule with stem `Makefile.port.f'.
     Trying implicit prerequisite `../../../src/RCS/Makefile.port.F'.
     Trying pattern rule with stem `Makefile.port.F'.
     Trying implicit prerequisite `../../../src/s.Makefile.port.F'.
     Trying pattern rule with stem `Makefile.port.F'.
     Trying implicit prerequisite `../../../src/SCCS/s.Makefile.port.F'.
    Trying pattern rule with stem `Makefile.port'.
    Trying implicit prerequisite `../../../src/Makefile.port.r'.
    Looking for a rule with intermediate file `../../../src/Makefile.port.r'.
     Avoiding implicit rule recursion.
     Avoiding implicit rule recursion.
     Avoiding implicit rule recursion.
     Trying pattern rule with stem `Makefile.port'.
     Trying pattern rule with stem `Makefile.global.in'.
    Trying implicit prerequisite `../../../../src/RCS/Makefile.port.f'.
     Trying pattern rule with stem `Makefile.port.web'.
     Rejecting impossible implicit prerequisite `../../../src/Makefile.global.in.r'.
   Looking for a rule with intermediate file `../../../src/Makefile.port.m'.
    Trying pattern rule with stem `Makefile.port.f'.
     Trying implicit prerequisite `../../../src/s.Makefile.port.web'.
    Trying pattern rule with stem `Makefile.port.f'.
     Trying pattern rule with stem `Makefile.port.web'.
     Trying pattern rule with stem `Makefile.global.in'.
     Rejecting impossible implicit prerequisite `../../../src/Makefile.port.l'.
    Trying implicit prerequisite `../../../../src/RCS/Makefile.port.f,v'.
     Trying implicit prerequisite `../../../src/Makefile.global.in.s'.
    Trying implicit prerequisite `../../../../src/s.Makefile.port.f'.
     Trying implicit prerequisite `../../../src/SCCS/s.Makefile.port.web'.
    Trying pattern rule with stem `Makefile.port.f'.
     Trying pattern rule with stem `Makefile.port.r'.
     Looking for a rule with intermediate file `../../../src/Makefile.global.in.s'.
     Trying implicit prerequisite `../../../src/Makefile.port.r,v'.
   Trying pattern rule with stem `Makefile.port'.
    Avoiding implicit rule recursion.
    Trying pattern rule with stem `Makefile.port.f'.
   Trying implicit prerequisite `../../../src/Makefile.port.f'.
    Avoiding implicit rule recursion.
     Trying pattern rule with stem `Makefile.port.r'.
   Looking for a rule with intermediate file `../../../src/Makefile.port.f'.
    Trying implicit prerequisite `../../../../src/SCCS/s.Makefile.port.f'.
      Avoiding implicit rule recursion.
     Trying implicit prerequisite `../../../src/RCS/Makefile.port.r,v'.
    Trying pattern rule with stem `Makefile.port'.
    Avoiding implicit rule recursion.
    Trying implicit prerequisite `../../../../src/Makefile.port.F'.
    Avoiding implicit rule recursion.
    Trying implicit prerequisite `../../../../src/RCS/Makefile.port.f'.
     Trying pattern rule with stem `Makefile.port.r'.
      Avoiding implicit rule recursion.
     Trying implicit prerequisite `../../../src/RCS/Makefile.port.r'.
    Looking for a rule with intermediate file `../../../../src/Makefile.port.F'.
    Trying pattern rule with stem `Makefile.port.f'.
     Trying pattern rule with stem `Makefile.port.r'.
    Trying pattern rule with stem `Makefile.port'.
    Trying pattern rule with stem `Makefile.port'.
    Trying implicit prerequisite `../../../../src/s.Makefile.port.f'.
    Trying implicit prerequisite `../../../src/Makefile.port.ym'.
     Trying implicit prerequisite `../../../src/s.Makefile.port.r'.
    Trying implicit prerequisite `../../../src/Makefile.port.F'.
    Trying pattern rule with stem `Makefile.port.f'.
      Trying pattern rule with stem `Makefile.global.in'.
    Trying pattern rule with stem `Makefile.port'.
    Trying implicit prerequisite `../../../../src/SCCS/s.Makefile.port.f'.
    Trying implicit prerequisite `../../../src/Makefile.port.lm'.
    Trying pattern rule with stem `Makefile.port'.
     Trying pattern rule with stem `Makefile.port.r'.
     Avoiding implicit rule recursion.
     Trying implicit prerequisite `../../../src/SCCS/s.Makefile.port.r'.
     Avoiding implicit rule recursion.
    Trying pattern rule with stem `Makefile.port.m'.
    Trying pattern rule with stem `Makefile.port'.
    Trying implicit prerequisite `../../../src/Makefile.port.m,v'.
    Trying implicit prerequisite `../../../src/Makefile.port.r'.
     Avoiding implicit rule recursion.
    Trying pattern rule with stem `Makefile.port.m'.
      Trying implicit prerequisite `../../../src/Makefile.global.in.S'.
   Trying pattern rule with stem `Makefile.port'.
      Trying pattern rule with stem `Makefile.global.in.s'.
    Trying pattern rule with stem `Makefile.port.f'.
     Trying pattern rule with stem `Makefile.port.F'.
    Trying implicit prerequisite `../../../../src/Makefile.port.F'.
      Trying implicit prerequisite `../../../src/Makefile.global.in.s,v'.
    Trying implicit prerequisite `../../../src/Makefile.port.f,v'.
    Looking for a rule with intermediate file `../../../../src/Makefile.port.F'.
    Trying implicit prerequisite `../../../src/RCS/Makefile.port.m,v'.
     Trying implicit prerequisite `../../../../src/Makefile.port.F,v'.
   Rejecting impossible implicit prerequisite `../../../src/Makefile.port.F'.
    Trying pattern rule with stem `Makefile.port.m'.
    Trying pattern rule with stem `Makefile.port.f'.
     Avoiding implicit rule recursion.
    Trying implicit prerequisite `../../../src/RCS/Makefile.port.f,v'.
     Trying pattern rule with stem `Makefile.port.F'.
      Trying pattern rule with stem `Makefile.global.in.s'.
   Trying pattern rule with stem `Makefile.port'.
    Trying implicit prerequisite `../../../src/RCS/Makefile.port.m'.
   Trying implicit prerequisite `../../../src/Makefile.port.m'.
     Avoiding implicit rule recursion.
   Looking for a rule with intermediate file `../../../src/Makefile.port.m'.
    Trying pattern rule with stem `Makefile.port.m'.
     Avoiding implicit rule recursion.
    Avoiding implicit rule recursion.
      Trying implicit prerequisite `../../../src/RCS/Makefile.global.in.s,v'.
    Trying implicit prerequisite `../../../src/s.Makefile.port.m'.
      Trying pattern rule with stem `Makefile.global.in.s'.
    Trying pattern rule with stem `Makefile.port.m'.
    Avoiding implicit rule recursion.
     Trying implicit prerequisite `../../../../src/RCS/Makefile.port.F,v'.
      Trying implicit prerequisite `../../../src/RCS/Makefile.global.in.s'.
     Trying pattern rule with stem `Makefile.port.F'.
    Trying pattern rule with stem `Makefile.port'.
     Trying pattern rule with stem `Makefile.port.F'.
    Trying implicit prerequisite `../../../src/Makefile.port.ym'.
     Trying implicit prerequisite `../../../../src/RCS/Makefile.port.F'.
     Trying implicit prerequisite `../../../../src/Makefile.port.F,v'.
     Trying pattern rule with stem `Makefile.port.F'.
    Trying pattern rule with stem `Makefile.port'.
    Trying pattern rule with stem `Makefile.port.f'.
    Trying implicit prerequisite `../../../src/SCCS/s.Makefile.port.m'.
    Trying implicit prerequisite `../../../src/RCS/Makefile.port.f'.
     Trying pattern rule with stem `Makefile.port.F'.
    Trying pattern rule with stem `Makefile.port.f'.
     Trying implicit prerequisite `../../../../src/RCS/Makefile.port.F,v'.
    Trying implicit prerequisite `../../../src/Makefile.port.lm'.
      Trying pattern rule with stem `Makefile.global.in.s'.
     Trying implicit prerequisite `../../../../src/s.Makefile.port.F'.
    Trying implicit prerequisite `../../../src/s.Makefile.port.f'.
    Trying pattern rule with stem `Makefile.port'.
      Trying implicit prerequisite `../../../src/s.Makefile.global.in.s'.
    Trying pattern rule with stem `Makefile.port.m'.
     Trying pattern rule with stem `Makefile.port.F'.
    Trying implicit prerequisite `../../../src/Makefile.port.m,v'.
    Trying implicit prerequisite `../../../src/Makefile.port.ym'.
     Trying pattern rule with stem `Makefile.port.F'.
     Trying implicit prerequisite `../../../../src/SCCS/s.Makefile.port.F'.
      Trying pattern rule with stem `Makefile.global.in.s'.
    Trying pattern rule with stem `Makefile.port.f'.
    Trying pattern rule with stem `Makefile.port'.
    Looking for a rule with intermediate file `../../../src/Makefile.port.ym'.
    Trying implicit prerequisite `../../../src/SCCS/s.Makefile.port.f'.
      Trying implicit prerequisite `../../../src/SCCS/s.Makefile.global.in.s'.
    Trying implicit prerequisite `../../../../src/Makefile.port.r'.
     Avoiding implicit rule recursion.
     Trying implicit prerequisite `../../../../src/RCS/Makefile.port.F'.
    Trying pattern rule with stem `Makefile.port.m'.
     Avoiding implicit rule recursion.
    Looking for a rule with intermediate file `../../../../src/Makefile.port.r'.
    Trying pattern rule with stem `Makefile.port'.
     Avoiding implicit rule recursion.
      Trying pattern rule with stem `Makefile.global.in'.
    Trying implicit prerequisite `../../../src/RCS/Makefile.port.m,v'.
     Trying pattern rule with stem `Makefile.port.ym'.
    Trying pattern rule with stem `Makefile.port.m'.
     Trying implicit prerequisite `../../../src/Makefile.port.ym,v'.
      Trying implicit prerequisite `../../../src/Makefile.global.in.S'.
     Avoiding implicit rule recursion.
      Looking for a rule with intermediate file `../../../src/Makefile.global.in.S'.
     Trying pattern rule with stem `Makefile.port.ym'.
    Trying implicit prerequisite `../../../src/Makefile.port.F'.
     Trying pattern rule with stem `Makefile.port.F'.
    Trying implicit prerequisite `../../../src/RCS/Makefile.port.m'.
     Trying implicit prerequisite `../../../src/RCS/Makefile.port.ym,v'.
       Avoiding implicit rule recursion.
     Trying pattern rule with stem `Makefile.port.ym'.
    Looking for a rule with intermediate file `../../../src/Makefile.port.F'.
     Avoiding implicit rule recursion.
     Trying implicit prerequisite `../../../src/RCS/Makefile.port.ym'.
    Trying pattern rule with stem `Makefile.port.m'.
     Avoiding implicit rule recursion.
       Avoiding implicit rule recursion.
     Trying pattern rule with stem `Makefile.port'.
       Avoiding implicit rule recursion.
     Trying pattern rule with stem `Makefile.port.ym'.
    Trying implicit prerequisite `../../../src/s.Makefile.port.m'.
     Trying implicit prerequisite `../../../src/s.Makefile.port.ym'.
     Rejecting impossible implicit prerequisite `../../../../src/Makefile.port.l'.
     Trying implicit prerequisite `../../../../src/s.Makefile.port.F'.
     Trying pattern rule with stem `Makefile.port.r'.
     Trying pattern rule with stem `Makefile.port.F'.
     Trying implicit prerequisite `../../../../src/Makefile.port.r,v'.
     Avoiding implicit rule recursion.
     Trying pattern rule with stem `Makefile.port.r'.
     Trying implicit prerequisite `../../../../src/SCCS/s.Makefile.port.F'.
     Avoiding implicit rule recursion.
     Trying pattern rule with stem `Makefile.port.ym'.
       Trying pattern rule with stem `Makefile.global.in.S'.
    Trying pattern rule with stem `Makefile.port'.
     Avoiding implicit rule recursion.
     Trying implicit prerequisite `../../../src/SCCS/s.Makefile.port.ym'.
    Trying pattern rule with stem `Makefile.port.m'.
     Trying implicit prerequisite `../../../../src/RCS/Makefile.port.r,v'.
    Trying implicit prerequisite `../../../../src/Makefile.port.r'.
       Trying implicit prerequisite `../../../src/Makefile.global.in.S,v'.
    Trying implicit prerequisite `../../../src/SCCS/s.Makefile.port.m'.
    Looking for a rule with intermediate file `../../../../src/Makefile.port.r'.
     Trying pattern rule with stem `Makefile.port.r'.
    Trying pattern rule with stem `Makefile.port'.
     Trying pattern rule with stem `Makefile.port.F'.
    Trying implicit prerequisite `../../../src/Makefile.port.ym'.
     Trying implicit prerequisite `../../../src/Makefile.port.F,v'.
    Trying pattern rule with stem `Makefile.port'.
    Looking for a rule with intermediate file `../../../src/Makefile.port.ym'.
     Trying pattern rule with stem `Makefile.port.F'.
     Trying implicit prerequisite `../../../../src/RCS/Makefile.port.r'.
     Avoiding implicit rule recursion.
     Trying implicit prerequisite `../../../src/RCS/Makefile.port.F,v'.
       Trying pattern rule with stem `Makefile.global.in.S'.
    Trying implicit prerequisite `../../../src/Makefile.port.lm'.
     Avoiding implicit rule recursion.
     Avoiding implicit rule recursion.
     Trying pattern rule with stem `Makefile.port.F'.
       Trying implicit prerequisite `../../../src/RCS/Makefile.global.in.S,v'.
    Looking for a rule with intermediate file `../../../src/Makefile.port.lm'.
     Avoiding implicit rule recursion.
     Avoiding implicit rule recursion.
     Trying pattern rule with stem `Makefile.port.r'.
       Trying pattern rule with stem `Makefile.global.in.S'.
     Trying implicit prerequisite `../../../../src/s.Makefile.port.r'.
     Avoiding implicit rule recursion.
     Trying implicit prerequisite `../../../src/RCS/Makefile.port.F'.
       Trying implicit prerequisite `../../../src/RCS/Makefile.global.in.S'.
     Trying pattern rule with stem `Makefile.port.r'.
     Avoiding implicit rule recursion.
       Trying pattern rule with stem `Makefile.global.in.S'.
     Trying pattern rule with stem `Makefile.port'.
       Trying implicit prerequisite `../../../src/s.Makefile.global.in.S'.
     Rejecting impossible implicit prerequisite `../../../../src/Makefile.port.l'.
     Trying pattern rule with stem `Makefile.port.F'.
       Trying pattern rule with stem `Makefile.global.in.S'.
     Trying implicit prerequisite `../../../src/s.Makefile.port.F'.
     Avoiding implicit rule recursion.
     Trying pattern rule with stem `Makefile.port.r'.
     Trying pattern rule with stem `Makefile.port.F'.
     Trying implicit prerequisite `../../../../src/Makefile.port.r,v'.
     Trying implicit prerequisite `../../../src/SCCS/s.Makefile.port.F'.
     Trying implicit prerequisite `../../../../src/SCCS/s.Makefile.port.r'.
    Trying pattern rule with stem `Makefile.port'.
       Trying implicit prerequisite `../../../src/SCCS/s.Makefile.global.in.S'.
     Trying pattern rule with stem `Makefile.port.ym'.
     Trying pattern rule with stem `Makefile.global.in'.
     Avoiding implicit rule recursion.
    Trying implicit prerequisite `../../../src/Makefile.port.r'.
     Trying pattern rule with stem `Makefile.port.r'.
     Trying implicit prerequisite `../../../src/Makefile.port.ym,v'.
     Trying implicit prerequisite `../../../../src/RCS/Makefile.port.r,v'.
   Trying pattern rule with stem `Makefile.port'.
     Rejecting impossible implicit prerequisite `../../../src/Makefile.global.in.S'.
     Trying pattern rule with stem `Makefile.port.lm'.
     Trying pattern rule with stem `Makefile.port.ym'.
     Trying pattern rule with stem `Makefile.global.in'.
    Looking for a rule with intermediate file `../../../src/Makefile.port.r'.
     Trying implicit prerequisite `../../../src/Makefile.global.in.mod'.
     Trying implicit prerequisite `../../../src/RCS/Makefile.port.ym,v'.
     Trying implicit prerequisite `../../../src/Makefile.port.lm,v'.
   Rejecting impossible implicit prerequisite `../../../../src/Makefile.port.F'.
     Avoiding implicit rule recursion.
   Trying pattern rule with stem `Makefile.port'.
     Trying pattern rule with stem `Makefile.port.r'.
     Trying pattern rule with stem `Makefile.port.ym'.
     Avoiding implicit rule recursion.
   Trying implicit prerequisite `../../../../src/Makefile.port.m'.
     Trying implicit prerequisite `../../../../src/RCS/Makefile.port.r'.
     Trying implicit prerequisite `../../../src/RCS/Makefile.port.ym'.
     Looking for a rule with intermediate file `../../../src/Makefile.global.in.mod'.
     Trying pattern rule with stem `Makefile.port.lm'.
     Trying pattern rule with stem `Makefile.port.r'.
     Trying implicit prerequisite `../../../src/RCS/Makefile.port.lm,v'.
   Looking for a rule with intermediate file `../../../../src/Makefile.port.m'.
      Avoiding implicit rule recursion.
     Trying pattern rule with stem `Makefile.port.ym'.
    Avoiding implicit rule recursion.
     Trying implicit prerequisite `../../../src/s.Makefile.port.ym'.
     Avoiding implicit rule recursion.
     Trying pattern rule with stem `Makefile.port.lm'.
     Trying pattern rule with stem `Makefile.port'.
     Rejecting impossible implicit prerequisite `../../../src/Makefile.port.l'.
     Trying pattern rule with stem `Makefile.port.r'.
     Trying implicit prerequisite `../../../src/Makefile.port.r,v'.
     Trying pattern rule with stem `Makefile.port.r'.
     Trying implicit prerequisite `../../../src/RCS/Makefile.port.r,v'.
     Trying pattern rule with stem `Makefile.port.r'.
     Trying implicit prerequisite `../../../src/RCS/Makefile.port.r'.
     Trying pattern rule with stem `Makefile.port.r'.
     Trying implicit prerequisite `../../../src/s.Makefile.port.r'.
     Trying pattern rule with stem `Makefile.port.r'.
     Trying pattern rule with stem `Makefile.port.ym'.
     Trying implicit prerequisite `../../../src/RCS/Makefile.port.lm'.
     Trying implicit prerequisite `../../../../src/s.Makefile.port.r'.
     Trying pattern rule with stem `Makefile.port.lm'.
     Trying implicit prerequisite `../../../src/SCCS/s.Makefile.port.r'.
      Avoiding implicit rule recursion.
   Trying pattern rule with stem `Makefile.port'.
     Trying pattern rule with stem `Makefile.port.r'.
     Trying implicit prerequisite `../../../src/SCCS/s.Makefile.port.ym'.
    Avoiding implicit rule recursion.
      Trying pattern rule with stem `Makefile.global.in.mod'.
   Rejecting impossible implicit prerequisite `../../../src/Makefile.port.F'.
     Trying implicit prerequisite `../../../../src/SCCS/s.Makefile.port.r'.
    Trying pattern rule with stem `Makefile.port'.
   Trying pattern rule with stem `Makefile.port'.
   Trying pattern rule with stem `Makefile.port'.
    Trying pattern rule with stem `Makefile.port'.
    Trying implicit prerequisite `../../../src/Makefile.port.lm'.
    Trying implicit prerequisite `../../../../src/Makefile.port.ym'.
   Rejecting impossible implicit prerequisite `../../../../src/Makefile.port.F'.
   Trying implicit prerequisite `../../../src/Makefile.port.m'.
     Trying implicit prerequisite `../../../src/s.Makefile.port.lm'.
   Trying pattern rule with stem `Makefile.port'.
      Trying implicit prerequisite `../../../src/Makefile.global.in.mod,v'.
   Trying implicit prerequisite `../../../../src/Makefile.port.m'.
    Trying pattern rule with stem `Makefile.port'.
   Looking for a rule with intermediate file `../../../src/Makefile.port.m'.
      Trying pattern rule with stem `Makefile.global.in.mod'.
     Trying pattern rule with stem `Makefile.port.lm'.
    Avoiding implicit rule recursion.
   Looking for a rule with intermediate file `../../../../src/Makefile.port.m'.
    Avoiding implicit rule recursion.
     Trying implicit prerequisite `../../../src/SCCS/s.Makefile.port.lm'.
    Trying pattern rule with stem `Makefile.port'.
   Trying pattern rule with stem `Makefile.port'.
    Avoiding implicit rule recursion.
      Trying implicit prerequisite `../../../src/RCS/Makefile.global.in.mod,v'.
    Avoiding implicit rule recursion.
    Looking for a rule with intermediate file `../../../src/Makefile.port.lm'.
    Trying implicit prerequisite `../../../src/Makefile.port.ym'.
    Trying implicit prerequisite `../../../../src/Makefile.port.lm'.
      Trying pattern rule with stem `Makefile.global.in.mod'.
   Rejecting impossible implicit prerequisite `../../../src/Makefile.port.r'.
    Trying pattern rule with stem `Makefile.port.m'.
    Trying pattern rule with stem `Makefile.port'.
     Avoiding implicit rule recursion.
    Trying implicit prerequisite `../../../../src/Makefile.port.m,v'.
    Trying pattern rule with stem `Makefile.port'.
     Avoiding implicit rule recursion.
      Trying implicit prerequisite `../../../src/RCS/Makefile.global.in.mod'.
    Trying implicit prerequisite `../../../src/Makefile.port.lm'.
    Trying implicit prerequisite `../../../../src/Makefile.port.ym'.
   Trying pattern rule with stem `Makefile.port'.
     Avoiding implicit rule recursion.
      Trying pattern rule with stem `Makefile.global.in.mod'.
    Trying pattern rule with stem `Makefile.port.m'.
      Trying implicit prerequisite `../../../src/s.Makefile.global.in.mod'.
    Trying pattern rule with stem `Makefile.port'.
     Trying pattern rule with stem `Makefile.port.lm'.
   Trying implicit prerequisite `../../../src/Makefile.port.s'.
      Trying pattern rule with stem `Makefile.global.in.mod'.
    Trying implicit prerequisite `../../../src/Makefile.port.m,v'.
    Trying implicit prerequisite `../../../../src/Makefile.port.lm'.
     Trying implicit prerequisite `../../../src/Makefile.port.lm,v'.
   Looking for a rule with intermediate file `../../../src/Makefile.port.s'.
    Trying pattern rule with stem `Makefile.port.m'.
    Trying pattern rule with stem `Makefile.port.m'.
      Trying implicit prerequisite `../../../src/SCCS/s.Makefile.global.in.mod'.
     Trying pattern rule with stem `Makefile.port.lm'.
    Trying pattern rule with stem `Makefile.global.in'.
     Trying implicit prerequisite `../../../src/RCS/Makefile.port.lm,v'.
    Avoiding implicit rule recursion.
    Trying implicit prerequisite `../../../src/RCS/Makefile.port.m,v'.
    Trying pattern rule with stem `Makefile.port.m'.
    Trying implicit prerequisite `../../../../src/RCS/Makefile.port.m,v'.
    Trying implicit prerequisite `../../../../src/Makefile.port.m,v'.
    Trying pattern rule with stem `Makefile.port.m'.
    Rejecting impossible implicit prerequisite `../../../src/Makefile.global.in.cc'.
     Trying pattern rule with stem `Makefile.port.lm'.
    Trying pattern rule with stem `Makefile.port.m'.
     Trying implicit prerequisite `../../../src/RCS/Makefile.port.lm'.
    Trying pattern rule with stem `Makefile.port.m'.
    Trying pattern rule with stem `Makefile.global.in'.
    Trying implicit prerequisite `../../../src/RCS/Makefile.port.m'.
    Rejecting impossible implicit prerequisite `../../../src/Makefile.global.in.C'.
    Trying pattern rule with stem `Makefile.port.m'.
    Trying implicit prerequisite `../../../../src/RCS/Makefile.port.m,v'.
     Trying pattern rule with stem `Makefile.port.lm'.
    Trying pattern rule with stem `Makefile.port.m'.
    Trying pattern rule with stem `Makefile.global.in'.
    Trying implicit prerequisite `../../../../src/RCS/Makefile.port.m'.
    Rejecting impossible implicit prerequisite `../../../src/Makefile.global.in.cpp'.
    Trying pattern rule with stem `Makefile.global.in'.
    Trying implicit prerequisite `../../../src/s.Makefile.port.m'.
    Trying implicit prerequisite `../../../../src/RCS/Makefile.port.m'.
     Trying implicit prerequisite `../../../src/s.Makefile.port.lm'.
    Trying pattern rule with stem `Makefile.port.m'.
    Trying pattern rule with stem `Makefile.port.m'.
    Rejecting impossible implicit prerequisite `../../../src/Makefile.global.in.p'.
    Trying implicit prerequisite `../../../src/SCCS/s.Makefile.port.m'.
    Avoiding implicit rule recursion.
    Trying implicit prerequisite `../../../../src/s.Makefile.port.m'.
     Trying pattern rule with stem `Makefile.port.lm'.
    Trying pattern rule with stem `Makefile.global.in'.
     Trying implicit prerequisite `../../../src/SCCS/s.Makefile.port.lm'.
    Trying pattern rule with stem `Makefile.port'.
    Trying pattern rule with stem `Makefile.port'.
    Trying pattern rule with stem `Makefile.port.m'.
    Trying implicit prerequisite `../../../src/Makefile.port.ym'.
   Trying pattern rule with stem `Makefile.port'.
    Trying pattern rule with stem `Makefile.port.m'.
   Rejecting impossible implicit prerequisite `../../../src/Makefile.port.r'.
    Trying implicit prerequisite `../../../src/Makefile.port.S'.
    Looking for a rule with intermediate file `../../../src/Makefile.port.ym'.
    Trying implicit prerequisite `../../../../src/s.Makefile.port.m'.
    Trying implicit prerequisite `../../../../src/SCCS/s.Makefile.port.m'.
    Rejecting impossible implicit prerequisite `../../../src/Makefile.global.in.f'.
    Trying pattern rule with stem `Makefile.port.s'.
     Avoiding implicit rule recursion.
    Trying pattern rule with stem `Makefile.port'.
    Trying implicit prerequisite `../../../src/Makefile.port.s,v'.
     Avoiding implicit rule recursion.
   Trying pattern rule with stem `Makefile.port'.
    Trying pattern rule with stem `Makefile.port.m'.
    Trying implicit prerequisite `../../../../src/Makefile.port.ym'.
    Trying implicit prerequisite `../../../../src/SCCS/s.Makefile.port.m'.
    Trying pattern rule with stem `Makefile.port.s'.
   Trying implicit prerequisite `../../../src/Makefile.port.s'.
    Trying implicit prerequisite `../../../src/RCS/Makefile.port.s,v'.
    Trying pattern rule with stem `Makefile.port'.
    Looking for a rule with intermediate file `../../../../src/Makefile.port.ym'.
    Trying pattern rule with stem `Makefile.port.s'.
    Trying pattern rule with stem `Makefile.global.in'.
    Trying implicit prerequisite `../../../src/RCS/Makefile.port.s'.
    Rejecting impossible implicit prerequisite `../../../src/Makefile.global.in.F'.
     Avoiding implicit rule recursion.
   Looking for a rule with intermediate file `../../../src/Makefile.port.s'.
    Trying pattern rule with stem `Makefile.port.s'.
    Avoiding implicit rule recursion.
    Trying implicit prerequisite `../../../src/s.Makefile.port.s'.
    Avoiding implicit rule recursion.
    Trying implicit prerequisite `../../../../src/Makefile.port.ym'.
    Trying pattern rule with stem `Makefile.port'.
     Avoiding implicit rule recursion.
    Looking for a rule with intermediate file `../../../../src/Makefile.port.ym'.
    Trying implicit prerequisite `../../../src/Makefile.port.S'.
     Trying pattern rule with stem `Makefile.port.ym'.
    Trying pattern rule with stem `Makefile.port.s'.
     Avoiding implicit rule recursion.
    Trying implicit prerequisite `../../../src/SCCS/s.Makefile.port.s'.
     Trying implicit prerequisite `../../../src/Makefile.port.ym,v'.
    Trying pattern rule with stem `Makefile.global.in'.
     Avoiding implicit rule recursion.
     Avoiding implicit rule recursion.
    Trying pattern rule with stem `Makefile.port.s'.
     Avoiding implicit rule recursion.
    Trying pattern rule with stem `Makefile.port'.
     Trying pattern rule with stem `Makefile.port.ym'.
     Trying pattern rule with stem `Makefile.port.ym'.
     Avoiding implicit rule recursion.
    Trying implicit prerequisite `../../../src/Makefile.port.S'.
     Trying pattern rule with stem `Makefile.port.ym'.
     Trying implicit prerequisite `../../../../src/Makefile.port.ym,v'.
    Rejecting impossible implicit prerequisite `../../../src/Makefile.global.in.m'.
    Trying implicit prerequisite `../../../src/Makefile.port.s,v'.
     Trying pattern rule with stem `Makefile.port.ym'.
     Trying implicit prerequisite `../../../src/RCS/Makefile.port.ym,v'.
     Trying implicit prerequisite `../../../../src/RCS/Makefile.port.ym,v'.
    Looking for a rule with intermediate file `../../../src/Makefile.port.S'.
    Trying pattern rule with stem `Makefile.port.s'.
     Trying pattern rule with stem `Makefile.port.ym'.
     Avoiding implicit rule recursion.
     Trying implicit prerequisite `../../../../src/RCS/Makefile.port.ym'.
     Avoiding implicit rule recursion.
     Trying pattern rule with stem `Makefile.port.ym'.
     Trying implicit prerequisite `../../../../src/Makefile.port.ym,v'.
     Trying implicit prerequisite `../../../../src/s.Makefile.port.ym'.
     Trying pattern rule with stem `Makefile.port.ym'.
    Trying pattern rule with stem `Makefile.global.in'.
     Avoiding implicit rule recursion.
    Rejecting impossible implicit prerequisite `../../../src/Makefile.global.in.r'.
     Trying pattern rule with stem `Makefile.port.ym'.
     Trying pattern rule with stem `Makefile.port.ym'.
     Trying implicit prerequisite `../../../../src/RCS/Makefile.port.ym,v'.
     Trying implicit prerequisite `../../../../src/SCCS/s.Makefile.port.ym'.
    Trying pattern rule with stem `Makefile.global.in'.
     Trying pattern rule with stem `Makefile.port.S'.
    Rejecting impossible implicit prerequisite `../../../src/Makefile.global.in.s'.
     Trying pattern rule with stem `Makefile.port.ym'.
    Trying pattern rule with stem `Makefile.port'.
     Trying implicit prerequisite `../../../../src/RCS/Makefile.port.ym'.
     Trying implicit prerequisite `../../../src/Makefile.port.S,v'.
    Trying pattern rule with stem `Makefile.global.in'.
    Trying implicit prerequisite `../../../src/RCS/Makefile.port.s,v'.
     Trying implicit prerequisite `../../../src/RCS/Makefile.port.ym'.
     Trying pattern rule with stem `Makefile.port.S'.
    Trying implicit prerequisite `../../../../src/Makefile.port.lm'.
    Rejecting impossible implicit prerequisite `../../../src/Makefile.global.in.S'.
     Trying implicit prerequisite `../../../src/RCS/Makefile.port.S,v'.
     Trying pattern rule with stem `Makefile.port.ym'.
     Trying pattern rule with stem `Makefile.port.ym'.
     Trying implicit prerequisite `../../../src/s.Makefile.port.ym'.
    Looking for a rule with intermediate file `../../../../src/Makefile.port.lm'.
     Trying pattern rule with stem `Makefile.port.ym'.
     Trying implicit prerequisite `../../../../src/s.Makefile.port.ym'.
    Trying pattern rule with stem `Makefile.global.in'.
     Trying pattern rule with stem `Makefile.port.ym'.
     Trying implicit prerequisite `../../../src/SCCS/s.Makefile.port.ym'.
     Avoiding implicit rule recursion.
     Trying implicit prerequisite `../../../../src/SCCS/s.Makefile.port.ym'.
     Avoiding implicit rule recursion.
    Trying pattern rule with stem `Makefile.port'.
     Avoiding implicit rule recursion.
    Trying pattern rule with stem `Makefile.port'.
     Trying pattern rule with stem `Makefile.port.lm'.
    Rejecting impossible implicit prerequisite `../../../src/Makefile.global.in.mod'.
     Trying pattern rule with stem `Makefile.port.S'.
    Trying implicit prerequisite `../../../../src/Makefile.port.lm'.
     Trying implicit prerequisite `../../../../src/Makefile.port.lm,v'.
    Trying pattern rule with stem `Makefile.port.s'.
     Trying implicit prerequisite `../../../src/RCS/Makefile.port.S'.
    Trying pattern rule with stem `Makefile.global.in'.
    Trying implicit prerequisite `../../../src/RCS/Makefile.port.s'.
    Looking for a rule with intermediate file `../../../../src/Makefile.port.lm'.
    Trying implicit prerequisite `../../../src/Makefile.port.lm'.
    Trying pattern rule with stem `Makefile.port.s'.
     Trying pattern rule with stem `Makefile.port.lm'.
    Looking for a rule with intermediate file `../../../src/Makefile.port.lm'.
    Trying implicit prerequisite `../../../src/s.Makefile.port.s'.
     Avoiding implicit rule recursion.
     Trying pattern rule with stem `Makefile.port.S'.
     Avoiding implicit rule recursion.
     Avoiding implicit rule recursion.
     Trying implicit prerequisite `../../../../src/RCS/Makefile.port.lm,v'.
     Trying implicit prerequisite `../../../src/s.Makefile.port.S'.
     Trying pattern rule with stem `Makefile.port.lm'.
    Trying implicit prerequisite `../../../src/Makefile.global.in.sh'.
     Trying pattern rule with stem `Makefile.port.S'.
     Trying pattern rule with stem `Makefile.port.lm'.
     Trying implicit prerequisite `../../../../src/Makefile.port.lm,v'.
    Trying pattern rule with stem `Makefile.port.s'.
     Avoiding implicit rule recursion.
     Trying implicit prerequisite `../../../../src/RCS/Makefile.port.lm'.
     Trying pattern rule with stem `Makefile.port.lm'.
    Looking for a rule with intermediate file `../../../src/Makefile.global.in.sh'.
     Avoiding implicit rule recursion.
    Trying implicit prerequisite `../../../src/SCCS/s.Makefile.port.s'.
     Trying implicit prerequisite `../../../../src/RCS/Makefile.port.lm,v'.
     Trying implicit prerequisite `../../../src/SCCS/s.Makefile.port.S'.
     Avoiding implicit rule recursion.
     Avoiding implicit rule recursion.
     Trying pattern rule with stem `Makefile.port.lm'.
    Trying pattern rule with stem `Makefile.port'.
     Trying implicit prerequisite `../../../../src/s.Makefile.port.lm'.
     Trying pattern rule with stem `Makefile.port.lm'.
     Trying pattern rule with stem `Makefile.port.lm'.
    Trying implicit prerequisite `../../../src/Makefile.port.S'.
     Trying implicit prerequisite `../../../../src/RCS/Makefile.port.lm'.
    Looking for a rule with intermediate file `../../../src/Makefile.port.S'.
     Avoiding implicit rule recursion.
     Avoiding implicit rule recursion.
     Avoiding implicit rule recursion.
     Trying pattern rule with stem `Makefile.port.S'.
     Trying implicit prerequisite `../../../src/Makefile.port.S,v'.
     Trying pattern rule with stem `Makefile.port.S'.
     Trying implicit prerequisite `../../../src/RCS/Makefile.port.S,v'.
     Trying pattern rule with stem `Makefile.port.S'.
     Trying implicit prerequisite `../../../src/RCS/Makefile.port.S'.
     Trying pattern rule with stem `Makefile.port.S'.
     Trying implicit prerequisite `../../../src/s.Makefile.port.S'.
     Trying pattern rule with stem `Makefile.global.in.sh'.
     Trying implicit prerequisite `../../../src/Makefile.port.lm,v'.
     Trying pattern rule with stem `Makefile.port.S'.
     Trying pattern rule with stem `Makefile.port.lm'.
     Trying pattern rule with stem `Makefile.port.lm'.
     Trying implicit prerequisite `../../../../src/s.Makefile.port.lm'.
   Trying pattern rule with stem `Makefile.port'.
     Trying pattern rule with stem `Makefile.port.lm'.
   Rejecting impossible implicit prerequisite `../../../src/Makefile.port.S'.
     Trying implicit prerequisite `../../../src/Makefile.global.in.sh,v'.
     Trying implicit prerequisite `../../../src/RCS/Makefile.port.lm,v'.
     Trying pattern rule with stem `Makefile.global.in.sh'.
     Trying pattern rule with stem `Makefile.port.lm'.
     Trying pattern rule with stem `Makefile.port.lm'.
     Trying implicit prerequisite `../../../../src/SCCS/s.Makefile.port.lm'.
     Trying implicit prerequisite `../../../src/RCS/Makefile.global.in.sh,v'.
     Trying implicit prerequisite `../../../src/SCCS/s.Makefile.port.S'.
   Trying pattern rule with stem `Makefile.port'.
   Trying pattern rule with stem `Makefile.port'.
     Trying implicit prerequisite `../../../../src/SCCS/s.Makefile.port.lm'.
     Trying pattern rule with stem `Makefile.global.in.sh'.
   Trying pattern rule with stem `Makefile.port'.
     Trying implicit prerequisite `../../../src/RCS/Makefile.port.lm'.
   Trying pattern rule with stem `Makefile.port'.
   Trying implicit prerequisite `../../../src/Makefile.port.mod'.
   Rejecting impossible implicit prerequisite `../../../../src/Makefile.port.r'.
   Looking for a rule with intermediate file `../../../src/Makefile.port.mod'.
     Trying implicit prerequisite `../../../src/RCS/Makefile.global.in.sh'.
   Rejecting impossible implicit prerequisite `../../../src/Makefile.port.S'.
   Rejecting impossible implicit prerequisite `../../../../src/Makefile.port.r'.
     Trying pattern rule with stem `Makefile.port.lm'.
   Trying pattern rule with stem `Makefile.port'.
   Trying pattern rule with stem `Makefile.port'.
     Trying pattern rule with stem `Makefile.global.in.sh'.
   Trying pattern rule with stem `Makefile.port'.
     Trying implicit prerequisite `../../../src/s.Makefile.port.lm'.
    Avoiding implicit rule recursion.
   Trying implicit prerequisite `../../../src/Makefile.port.mod'.
     Trying pattern rule with stem `Makefile.port.lm'.
     Trying implicit prerequisite `../../../src/s.Makefile.global.in.sh'.
    Avoiding implicit rule recursion.
   Trying implicit prerequisite `../../../../src/Makefile.port.s'.
    Trying pattern rule with stem `Makefile.port.mod'.
     Trying pattern rule with stem `Makefile.global.in.sh'.
   Looking for a rule with intermediate file `../../../../src/Makefile.port.s'.
   Looking for a rule with intermediate file `../../../src/Makefile.port.mod'.
    Avoiding implicit rule recursion.
    Trying implicit prerequisite `../../../src/Makefile.port.mod,v'.
   Trying implicit prerequisite `../../../../src/Makefile.port.s'.
    Avoiding implicit rule recursion.
     Trying implicit prerequisite `../../../src/SCCS/s.Makefile.global.in.sh'.
     Trying implicit prerequisite `../../../src/SCCS/s.Makefile.port.lm'.
    Trying pattern rule with stem `Makefile.port.mod'.
   Looking for a rule with intermediate file `../../../../src/Makefile.port.s'.
    Avoiding implicit rule recursion.
    No implicit rule found for `../../../src/Makefile.global.in'.
   Trying pattern rule with stem `Makefile.port'.
    Avoiding implicit rule recursion.
    Trying implicit prerequisite `../../../src/RCS/Makefile.port.mod,v'.
   Rejecting impossible implicit prerequisite `../../../src/Makefile.port.r'.
    Trying pattern rule with stem `Makefile.port'.
    Finished prerequisites of target file `../../../src/Makefile.global.in'.
    Avoiding implicit rule recursion.
    Trying pattern rule with stem `Makefile.port.mod'.
   Trying pattern rule with stem `Makefile.port'.
    Trying implicit prerequisite `../../../../src/Makefile.port.S'.
   No need to remake target `../../../src/Makefile.global.in'.
    Avoiding implicit rule recursion.
    Trying implicit prerequisite `../../../src/RCS/Makefile.port.mod'.
    Trying pattern rule with stem `Makefile.port.mod'.
    Trying pattern rule with stem `Makefile.port.s'.
    Trying implicit prerequisite `../../../src/Makefile.port.mod,v'.
   Considering target file `../../../config.status'.
    Trying pattern rule with stem `Makefile.port'.
    Trying implicit prerequisite `../../../../src/Makefile.port.s,v'.
    Trying pattern rule with stem `Makefile.port.mod'.
    Trying pattern rule with stem `Makefile.port.mod'.
   Trying implicit prerequisite `../../../src/Makefile.port.s'.
    Trying implicit prerequisite `../../../src/RCS/Makefile.port.mod,v'.
    Trying implicit prerequisite `../../../../src/Makefile.port.S'.
   Looking for a rule with intermediate file `../../../src/Makefile.port.s'.
    Trying pattern rule with stem `Makefile.port.mod'.
     Considering target file `../../../configure'.
    Trying implicit prerequisite `../../../src/RCS/Makefile.port.mod'.
    Avoiding implicit rule recursion.
    Trying pattern rule with stem `Makefile.port.s'.
    Trying pattern rule with stem `Makefile.port.s'.
    Trying implicit prerequisite `../../../../src/RCS/Makefile.port.s,v'.
    Trying pattern rule with stem `Makefile.port.mod'.
      Looking for an implicit rule for `../../../configure'.
    Trying implicit prerequisite `../../../../src/Makefile.port.s,v'.
    Trying implicit prerequisite `../../../src/s.Makefile.port.mod'.
    Trying pattern rule with stem `Makefile.port.s'.
    Trying implicit prerequisite `../../../src/s.Makefile.port.mod'.
    Avoiding implicit rule recursion.
      Trying pattern rule with stem `configure'.
    Trying pattern rule with stem `Makefile.port'.
    Trying pattern rule with stem `Makefile.port.mod'.
    Trying implicit prerequisite `../../../src/Makefile.port.S'.
    Trying implicit prerequisite `../../../src/SCCS/s.Makefile.port.mod'.
    Trying pattern rule with stem `Makefile.port.s'.
    Trying pattern rule with stem `Makefile.port.s'.
    Trying pattern rule with stem `Makefile.port.mod'.
    Trying implicit prerequisite `../../../../src/RCS/Makefile.port.s,v'.
    Trying implicit prerequisite `../../../src/Makefile.port.s,v'.
    Trying implicit prerequisite `../../../../src/RCS/Makefile.port.s'.
  Trying pattern rule with stem `Makefile.port'.
    Trying pattern rule with stem `Makefile.port.s'.
    Trying pattern rule with stem `Makefile.port.s'.
    Trying implicit prerequisite `../../../../src/s.Makefile.port.s'.
    Trying implicit prerequisite `../../../../src/RCS/Makefile.port.s'.
  Rejecting impossible implicit prerequisite `../../../src/Makefile.port.cc'.
    Trying pattern rule with stem `Makefile.port.s'.
    Trying pattern rule with stem `Makefile.port.s'.
    Trying pattern rule with stem `Makefile.port.s'.
    Trying implicit prerequisite `../../../src/SCCS/s.Makefile.port.mod'.
  Trying pattern rule with stem `Makefile.port'.
    Trying implicit prerequisite `../../../src/RCS/Makefile.port.s,v'.
    Trying implicit prerequisite `../../../../src/s.Makefile.port.s'.
    Trying implicit prerequisite `../../../../src/SCCS/s.Makefile.port.s'.
      Trying implicit prerequisite `../../../configure.o'.
    Trying pattern rule with stem `Makefile.port.s'.
    Trying pattern rule with stem `Makefile.port'.
  Trying pattern rule with stem `Makefile.port'.
    Trying pattern rule with stem `Makefile.port.s'.
  Rejecting impossible implicit prerequisite `../../../src/Makefile.port.cc'.
    Trying implicit prerequisite `../../../../src/SCCS/s.Makefile.port.s'.
    Trying implicit prerequisite `../../../../src/Makefile.port.S'.
  Trying pattern rule with stem `Makefile.port'.
    Trying implicit prerequisite `../../../src/RCS/Makefile.port.s'.
  Rejecting impossible implicit prerequisite `../../../src/Makefile.port.C'.
    Trying pattern rule with stem `Makefile.port.s'.
    Trying pattern rule with stem `Makefile.port'.
  Rejecting impossible implicit prerequisite `../../../src/Makefile.port.C'.
  Trying pattern rule with stem `Makefile.port'.
  Trying pattern rule with stem `Makefile.port'.
      Trying pattern rule with stem `configure'.
  Rejecting impossible implicit prerequisite `../../../src/Makefile.port.cpp'.
    Trying implicit prerequisite `../../../../src/Makefile.port.S'.
    Looking for a rule with intermediate file `../../../../src/Makefile.port.S'.
  Rejecting impossible implicit prerequisite `../../../src/Makefile.port.cpp'.
    Looking for a rule with intermediate file `../../../../src/Makefile.port.S'.
      Trying implicit prerequisite `../../../configure.cc'.
  Trying pattern rule with stem `Makefile.port'.
     Avoiding implicit rule recursion.
  Rejecting impossible implicit prerequisite `../../../src/Makefile.port.p'.
  Trying pattern rule with stem `Makefile.port'.
    Trying implicit prerequisite `../../../src/s.Makefile.port.s'.
     Avoiding implicit rule recursion.
    Trying pattern rule with stem `Makefile.port.s'.
     Avoiding implicit rule recursion.
  Rejecting impossible implicit prerequisite `../../../src/Makefile.port.f'.
     Avoiding implicit rule recursion.
      Trying pattern rule with stem `configure'.
     Avoiding implicit rule recursion.
    Trying implicit prerequisite `../../../src/SCCS/s.Makefile.port.s'.
  Trying pattern rule with stem `Makefile.port'.
      Trying implicit prerequisite `../../../configure.C'.
  Trying pattern rule with stem `Makefile.port'.
     Avoiding implicit rule recursion.
  Rejecting impossible implicit prerequisite `../../../src/Makefile.port.p'.
     Trying pattern rule with stem `Makefile.port.S'.
    Trying pattern rule with stem `Makefile.port'.
     Trying implicit prerequisite `../../../../src/Makefile.port.S,v'.
    Trying implicit prerequisite `../../../src/Makefile.port.S'.
     Trying pattern rule with stem `Makefile.port.S'.
     Trying pattern rule with stem `Makefile.port.S'.
     Trying implicit prerequisite `../../../../src/Makefile.port.S,v'.
  Trying pattern rule with stem `Makefile.port'.
     Trying pattern rule with stem `Makefile.port.S'.
     Trying implicit prerequisite `../../../../src/RCS/Makefile.port.S,v'.
      Trying pattern rule with stem `configure'.
     Trying implicit prerequisite `../../../../src/RCS/Makefile.port.S,v'.
  Rejecting impossible implicit prerequisite `../../../src/Makefile.port.f'.
    Looking for a rule with intermediate file `../../../src/Makefile.port.S'.
     Trying pattern rule with stem `Makefile.port.S'.
     Trying pattern rule with stem `Makefile.port.S'.
      Trying implicit prerequisite `../../../configure.cpp'.
     Trying implicit prerequisite `../../../../src/RCS/Makefile.port.S'.
      Trying pattern rule with stem `configure'.
     Trying implicit prerequisite `../../../../src/RCS/Makefile.port.S'.
     Trying pattern rule with stem `Makefile.port.S'.
  Rejecting impossible implicit prerequisite `../../../src/Makefile.port.F'.
     Trying implicit prerequisite `../../../../src/s.Makefile.port.S'.
     Avoiding implicit rule recursion.
     Trying pattern rule with stem `Makefile.port.S'.
  Trying pattern rule with stem `Makefile.port'.
     Avoiding implicit rule recursion.
     Trying pattern rule with stem `Makefile.port.S'.
      Trying implicit prerequisite `../../../configure.p'.
      Trying pattern rule with stem `configure'.
     Trying implicit prerequisite `../../../../src/SCCS/s.Makefile.port.S'.
     Avoiding implicit rule recursion.
   Trying pattern rule with stem `Makefile.port'.
  Trying pattern rule with stem `Makefile.port'.
   Rejecting impossible implicit prerequisite `../../../../src/Makefile.port.S'.
     Trying pattern rule with stem `Makefile.port.S'.
   Trying pattern rule with stem `Makefile.port'.
     Trying implicit prerequisite `../../../src/Makefile.port.S,v'.
  Rejecting impossible implicit prerequisite `../../../src/Makefile.port.m'.
      Trying implicit prerequisite `../../../configure.f'.
  Trying pattern rule with stem `Makefile.port'.
   Trying implicit prerequisite `../../../../src/Makefile.port.mod'.
     Trying pattern rule with stem `Makefile.port.S'.
     Trying implicit prerequisite `../../../../src/s.Makefile.port.S'.
  Rejecting impossible implicit prerequisite `../../../src/Makefile.port.r'.
  Rejecting impossible implicit prerequisite `../../../src/Makefile.port.F'.
   Looking for a rule with intermediate file `../../../../src/Makefile.port.mod'.
     Trying pattern rule with stem `Makefile.port.S'.
     Trying implicit prerequisite `../../../src/RCS/Makefile.port.S,v'.
     Trying implicit prerequisite `../../../../src/SCCS/s.Makefile.port.S'.
      Trying pattern rule with stem `configure'.
    Avoiding implicit rule recursion.
  Trying pattern rule with stem `Makefile.port'.
  Trying pattern rule with stem `Makefile.port'.
  Rejecting impossible implicit prerequisite `../../../src/Makefile.port.s'.
     Trying pattern rule with stem `Makefile.port.S'.
   Trying pattern rule with stem `Makefile.port'.
  Rejecting impossible implicit prerequisite `../../../src/Makefile.port.m'.
  Trying pattern rule with stem `Makefile.port'.
  Trying pattern rule with stem `Makefile.port'.
  Rejecting impossible implicit prerequisite `../../../src/Makefile.port.S'.
     Trying implicit prerequisite `../../../src/RCS/Makefile.port.S'.
    Avoiding implicit rule recursion.
  Rejecting impossible implicit prerequisite `../../../src/Makefile.port.r'.
  Trying pattern rule with stem `Makefile.port'.
    Trying pattern rule with stem `Makefile.port.mod'.
  Rejecting impossible implicit prerequisite `../../../src/Makefile.port.mod'.
     Trying pattern rule with stem `Makefile.port.S'.
   Rejecting impossible implicit prerequisite `../../../../src/Makefile.port.S'.
    Trying implicit prerequisite `../../../../src/Makefile.port.mod,v'.
      Trying implicit prerequisite `../../../configure.F'.
   Trying pattern rule with stem `Makefile.port'.
    Trying pattern rule with stem `Makefile.port.mod'.
   Trying implicit prerequisite `../../../../src/Makefile.port.mod'.
  Trying pattern rule with stem `Makefile.port'.
  Trying pattern rule with stem `Makefile.port'.
     Trying implicit prerequisite `../../../src/s.Makefile.port.S'.
  Trying implicit prerequisite `../../../src/Makefile.port.sh'.
   Looking for a rule with intermediate file `../../../../src/Makefile.port.mod'.
      Trying pattern rule with stem `configure'.
     Trying pattern rule with stem `Makefile.port.S'.
    Avoiding implicit rule recursion.
     Trying implicit prerequisite `../../../src/SCCS/s.Makefile.port.S'.
    Trying implicit prerequisite `../../../../src/RCS/Makefile.port.mod,v'.
   Trying pattern rule with stem `Makefile.port'.
  Looking for a rule with intermediate file `../../../src/Makefile.port.sh'.
   Rejecting impossible implicit prerequisite `../../../src/Makefile.port.S'.
    Avoiding implicit rule recursion.
  Rejecting impossible implicit prerequisite `../../../src/Makefile.port.s'.
      Trying implicit prerequisite `../../../configure.m'.
   Avoiding implicit rule recursion.
    Trying pattern rule with stem `Makefile.port.mod'.
      Trying pattern rule with stem `configure'.
    Trying pattern rule with stem `Makefile.port.mod'.
    Trying implicit prerequisite `../../../../src/Makefile.port.mod,v'.
      Trying implicit prerequisite `../../../configure.r'.
   Trying pattern rule with stem `Makefile.port'.
  Trying pattern rule with stem `Makefile.port'.
    Trying implicit prerequisite `../../../../src/RCS/Makefile.port.mod'.
      Trying pattern rule with stem `configure'.
    Trying pattern rule with stem `Makefile.port.mod'.
      Trying implicit prerequisite `../../../configure.s'.
    Trying implicit prerequisite `../../../../src/s.Makefile.port.mod'.
      Trying pattern rule with stem `configure'.
   Trying implicit prerequisite `../../../src/Makefile.port.mod'.
    Trying pattern rule with stem `Makefile.port.mod'.
    Trying pattern rule with stem `Makefile.port.mod'.
    Trying implicit prerequisite `../../../../src/RCS/Makefile.port.mod,v'.
  Rejecting impossible implicit prerequisite `../../../src/Makefile.port.S'.
      Trying implicit prerequisite `../../../configure.S'.
   Looking for a rule with intermediate file `../../../src/Makefile.port.mod'.
    Trying implicit prerequisite `../../../../src/SCCS/s.Makefile.port.mod'.
   Trying pattern rule with stem `Makefile.port.sh'.
    Trying pattern rule with stem `Makefile.port.mod'.
   Trying implicit prerequisite `../../../src/Makefile.port.sh,v'.
  Trying pattern rule with stem `Makefile.port'.
    Trying implicit prerequisite `../../../../src/RCS/Makefile.port.mod'.
    Avoiding implicit rule recursion.
   Trying pattern rule with stem `Makefile.port.sh'.
  Trying pattern rule with stem `Makefile.port'.
  Rejecting impossible implicit prerequisite `../../../src/Makefile.port.mod'.
    Avoiding implicit rule recursion.
   Trying implicit prerequisite `../../../src/RCS/Makefile.port.sh,v'.
  Trying pattern rule with stem `Makefile.port'.
      Trying pattern rule with stem `configure'.
    Trying pattern rule with stem `Makefile.port.mod'.
   Trying pattern rule with stem `Makefile.port.sh'.
    Trying pattern rule with stem `Makefile.port.mod'.
   Trying implicit prerequisite `../../../src/RCS/Makefile.port.sh'.
      Trying implicit prerequisite `../../../configure.mod'.
  Trying implicit prerequisite `../../../src/Makefile.port.sh'.
      Trying pattern rule with stem `configure'.
    Trying implicit prerequisite `../../../src/Makefile.port.mod,v'.
      Trying implicit prerequisite `../../../configure.sh'.
  Looking for a rule with intermediate file `../../../src/Makefile.port.sh'.
   Trying pattern rule with stem `Makefile.port.sh'.
   Avoiding implicit rule recursion.
   Trying implicit prerequisite `../../../src/s.Makefile.port.sh'.
   Trying pattern rule with stem `Makefile.port.sh'.
  Rejecting impossible implicit prerequisite `../../../../src/Makefile.port.cc'.
   Trying pattern rule with stem `Makefile.port.sh'.
   Trying implicit prerequisite `../../../src/Makefile.port.sh,v'.
      Trying pattern rule with stem `configure'.
    Trying implicit prerequisite `../../../../src/s.Makefile.port.mod'.
    Trying pattern rule with stem `Makefile.port.mod'.
  Trying pattern rule with stem `Makefile.port'.
    Trying pattern rule with stem `Makefile.port.mod'.
      Trying implicit prerequisite `../../../configure,v'.
   Trying implicit prerequisite `../../../src/SCCS/s.Makefile.port.sh'.
  Rejecting impossible implicit prerequisite `../../../../src/Makefile.port.C'.
  No implicit rule found for `../../../src/Makefile.port'.
    Trying implicit prerequisite `../../../src/RCS/Makefile.port.mod,v'.
   Trying pattern rule with stem `Makefile.port.sh'.
  Trying pattern rule with stem `Makefile.port'.
  Finished prerequisites of target file `../../../src/Makefile.port'.
    Trying pattern rule with stem `Makefile.port.mod'.
      Trying pattern rule with stem `configure'.
    Trying implicit prerequisite `../../../../src/SCCS/s.Makefile.port.mod'.
 No need to remake target `../../../src/Makefile.port'.
      Trying implicit prerequisite `../../../RCS/configure,v'.
   Trying implicit prerequisite `../../../src/RCS/Makefile.port.sh,v'.
 Considering target file `../../../src/Makefile.global'.
    Trying implicit prerequisite `../../../src/RCS/Makefile.port.mod'.
      Trying pattern rule with stem `configure'.
   Considering target file `../../../src/Makefile.global.in'.
  Trying pattern rule with stem `Makefile.port'.
      Trying implicit prerequisite `../../../RCS/configure'.
   Trying pattern rule with stem `Makefile.port.sh'.
    Trying pattern rule with stem `Makefile.port.mod'.
      Trying pattern rule with stem `configure'.
    Trying implicit prerequisite `../../../src/s.Makefile.port.mod'.
   Trying implicit prerequisite `../../../src/RCS/Makefile.port.sh'.
  Rejecting impossible implicit prerequisite `../../../../src/Makefile.port.cc'.
      Trying implicit prerequisite `../../../s.configure'.
  Rejecting impossible implicit prerequisite `../../../../src/Makefile.port.cpp'.
   Trying pattern rule with stem `Makefile.port.sh'.
      Trying pattern rule with stem `configure'.
  Trying pattern rule with stem `Makefile.port'.
    Trying pattern rule with stem `Makefile.port.mod'.
    Looking for an implicit rule for `../../../src/Makefile.global.in'.
    Trying implicit prerequisite `../../../src/SCCS/s.Makefile.port.mod'.
  Trying pattern rule with stem `Makefile.port'.
  Trying pattern rule with stem `Makefile.port'.
  Rejecting impossible implicit prerequisite `../../../../src/Makefile.port.p'.
  Rejecting impossible implicit prerequisite `../../../src/Makefile.port.cc'.
   Trying implicit prerequisite `../../../src/s.Makefile.port.sh'.
  Rejecting impossible implicit prerequisite `../../../../src/Makefile.port.C'.
  Trying pattern rule with stem `Makefile.port'.
  Trying pattern rule with stem `Makefile.port'.
      Trying implicit prerequisite `../../../SCCS/s.configure'.
  Rejecting impossible implicit prerequisite `../../../src/Makefile.port.C'.
   Trying pattern rule with stem `Makefile.port.sh'.
   Trying implicit prerequisite `../../../src/SCCS/s.Makefile.port.sh'.
  No implicit rule found for `../../../src/Makefile.port'.
  Finished prerequisites of target file `../../../src/Makefile.port'.
 No need to remake target `../../../src/Makefile.port'.
  Trying pattern rule with stem `Makefile.port'.
  Rejecting impossible implicit prerequisite `../../../../src/Makefile.port.f'.
  Rejecting impossible implicit prerequisite `../../../../src/Makefile.port.cpp'.
    Trying pattern rule with stem `Makefile.global.in'.
  Trying pattern rule with stem `Makefile.port'.
  Trying pattern rule with stem `Makefile.port'.
 Considering target file `../../../src/Makefile.global'.
  Rejecting impossible implicit prerequisite `../../../src/Makefile.port.cpp'.
    Trying implicit prerequisite `../../../src/Makefile.global.in.o'.
  Trying pattern rule with stem `Makefile.port'.
  Rejecting impossible implicit prerequisite `../../../../src/Makefile.port.F'.
      Trying pattern rule with stem `configure'.
    Trying pattern rule with stem `Makefile.global.in'.
  Trying pattern rule with stem `Makefile.port'.
  Rejecting impossible implicit prerequisite `../../../../src/Makefile.port.p'.
  Rejecting impossible implicit prerequisite `../../../../src/Makefile.port.m'.
  Trying pattern rule with stem `Makefile.port'.
  Trying pattern rule with stem `Makefile.port'.
  Rejecting impossible implicit prerequisite `../../../src/Makefile.port.p'.
  Rejecting impossible implicit prerequisite `../../../../src/Makefile.port.f'.
  Trying pattern rule with stem `Makefile.port'.
  Trying pattern rule with stem `Makefile.port'.
      Trying implicit prerequisite `../../../configure.o'.
  Trying pattern rule with stem `Makefile.port'.
   Considering target file `../../../src/Makefile.global.in'.
    Trying implicit prerequisite `../../../src/Makefile.global.in.cc'.
  Rejecting impossible implicit prerequisite `../../../../src/Makefile.port.r'.
    Trying pattern rule with stem `Makefile.global.in'.
      Looking for a rule with intermediate file `../../../configure.o'.
  Rejecting impossible implicit prerequisite `../../../src/Makefile.port.f'.
    Looking for an implicit rule for `../../../src/Makefile.global.in'.
  Trying pattern rule with stem `Makefile.port'.
  Rejecting impossible implicit prerequisite `../../../../src/Makefile.port.F'.
  Trying pattern rule with stem `Makefile.port'.
    Trying pattern rule with stem `Makefile.global.in'.
  Rejecting impossible implicit prerequisite `../../../../src/Makefile.port.s'.
       Avoiding implicit rule recursion.
    Trying implicit prerequisite `../../../src/Makefile.global.in.C'.
       Trying pattern rule with stem `configure'.
  Trying pattern rule with stem `Makefile.port'.
  Trying pattern rule with stem `Makefile.port'.
  Rejecting impossible implicit prerequisite `../../../../src/Makefile.port.m'.
    Trying pattern rule with stem `Makefile.global.in'.
    Trying implicit prerequisite `../../../src/Makefile.global.in.o'.
  Trying pattern rule with stem `Makefile.port'.
       Trying implicit prerequisite `../../../configure.c'.
    Trying pattern rule with stem `Makefile.global.in'.
    Trying implicit prerequisite `../../../src/Makefile.global.in.cpp'.
       Trying pattern rule with stem `configure'.
  Rejecting impossible implicit prerequisite `../../../../src/Makefile.port.r'.
       Trying implicit prerequisite `../../../configure.cc'.
    Trying implicit prerequisite `../../../src/Makefile.global.in.cc'.
    Trying pattern rule with stem `Makefile.global.in'.
       Trying pattern rule with stem `configure'.
  Trying pattern rule with stem `Makefile.port'.
  Rejecting impossible implicit prerequisite `../../../../src/Makefile.port.S'.
    Trying pattern rule with stem `Makefile.global.in'.
       Trying implicit prerequisite `../../../configure.C'.
    Trying implicit prerequisite `../../../src/Makefile.global.in.C'.
  Rejecting impossible implicit prerequisite `../../../../src/Makefile.port.s'.
  Trying pattern rule with stem `Makefile.port'.
    Trying implicit prerequisite `../../../src/Makefile.global.in.p'.
  Rejecting impossible implicit prerequisite `../../../src/Makefile.port.F'.
  Trying pattern rule with stem `Makefile.port'.
    Trying pattern rule with stem `Makefile.global.in'.
  Trying pattern rule with stem `Makefile.port'.
    Trying pattern rule with stem `Makefile.global.in'.
  Rejecting impossible implicit prerequisite `../../../src/Makefile.port.m'.
  Rejecting impossible implicit prerequisite `../../../../src/Makefile.port.mod'.
       Trying pattern rule with stem `configure'.
  Trying pattern rule with stem `Makefile.port'.
       Trying implicit prerequisite `../../../configure.cpp'.
    Trying implicit prerequisite `../../../src/Makefile.global.in.cpp'.
  Trying pattern rule with stem `Makefile.port'.
    Trying pattern rule with stem `Makefile.global.in'.
       Trying pattern rule with stem `configure'.
    Trying implicit prerequisite `../../../src/Makefile.global.in.f'.
  Trying implicit prerequisite `../../../../src/Makefile.port.sh'.
    Trying implicit prerequisite `../../../src/Makefile.global.in.p'.
  Rejecting impossible implicit prerequisite `../../../src/Makefile.port.r'.
  Rejecting impossible implicit prerequisite `../../../../src/Makefile.port.S'.
  Trying pattern rule with stem `Makefile.port'.
  Rejecting impossible implicit prerequisite `../../../src/Makefile.port.s'.
  Trying pattern rule with stem `Makefile.port'.
    Trying pattern rule with stem `Makefile.global.in'.
    Trying pattern rule with stem `Makefile.global.in'.
    Trying implicit prerequisite `../../../src/Makefile.global.in.f'.
  Rejecting impossible implicit prerequisite `../../../src/Makefile.port.S'.
    Trying implicit prerequisite `../../../src/Makefile.global.in.F'.
    Trying pattern rule with stem `Makefile.global.in'.
  Trying pattern rule with stem `Makefile.port'.
    Trying implicit prerequisite `../../../src/Makefile.global.in.F'.
    Trying pattern rule with stem `Makefile.global.in'.
  Looking for a rule with intermediate file `../../../../src/Makefile.port.sh'.
       Trying implicit prerequisite `../../../configure.p'.
   Avoiding implicit rule recursion.
  Trying pattern rule with stem `Makefile.port'.
  Rejecting impossible implicit prerequisite `../../../src/Makefile.port.mod'.
  Rejecting impossible implicit prerequisite `../../../../src/Makefile.port.mod'.
   Trying pattern rule with stem `Makefile.port.sh'.
       Trying pattern rule with stem `configure'.
  Trying pattern rule with stem `Makefile.port'.
   Trying implicit prerequisite `../../../../src/Makefile.port.sh,v'.
  Trying implicit prerequisite `../../../src/Makefile.port.sh'.
       Trying implicit prerequisite `../../../configure.f'.
   Trying pattern rule with stem `Makefile.port.sh'.
  Looking for a rule with intermediate file `../../../src/Makefile.port.sh'.
    Trying implicit prerequisite `../../../src/Makefile.global.in.m'.
    Trying pattern rule with stem `Makefile.global.in'.
       Trying pattern rule with stem `configure'.
    Trying implicit prerequisite `../../../src/Makefile.global.in.m'.
    Trying pattern rule with stem `Makefile.global.in'.
    Trying pattern rule with stem `Makefile.global.in'.
       Trying implicit prerequisite `../../../configure.F'.
    Trying implicit prerequisite `../../../src/Makefile.global.in.r'.
    Trying implicit prerequisite `../../../src/Makefile.global.in.r'.
   Trying implicit prerequisite `../../../../src/RCS/Makefile.port.sh,v'.
  Trying pattern rule with stem `Makefile.port'.
       Trying pattern rule with stem `configure'.
    Trying pattern rule with stem `Makefile.global.in'.
   Avoiding implicit rule recursion.
  Trying implicit prerequisite `../../../../src/Makefile.port.sh'.
   Trying pattern rule with stem `Makefile.port.sh'.
   Trying pattern rule with stem `Makefile.port.sh'.
   Trying implicit prerequisite `../../../src/Makefile.port.sh,v'.
       Trying implicit prerequisite `../../../configure.m'.
    Trying implicit prerequisite `../../../src/Makefile.global.in.s'.
    Trying pattern rule with stem `Makefile.global.in'.
       Trying pattern rule with stem `configure'.
    Trying pattern rule with stem `Makefile.global.in'.
       Trying implicit prerequisite `../../../configure.r'.
    Trying implicit prerequisite `../../../src/Makefile.global.in.S'.
    Trying implicit prerequisite `../../../src/Makefile.global.in.s'.
   Trying implicit prerequisite `../../../../src/RCS/Makefile.port.sh'.
       Trying pattern rule with stem `configure'.
  Looking for a rule with intermediate file `../../../../src/Makefile.port.sh'.
   Trying pattern rule with stem `Makefile.port.sh'.
       Trying implicit prerequisite `../../../configure.s'.
   Trying pattern rule with stem `Makefile.port.sh'.
       Trying pattern rule with stem `configure'.
   Trying implicit prerequisite `../../../src/RCS/Makefile.port.sh,v'.
   Avoiding implicit rule recursion.
    Trying pattern rule with stem `Makefile.global.in'.
   Trying pattern rule with stem `Makefile.port.sh'.
   Trying implicit prerequisite `../../../../src/s.Makefile.port.sh'.
   Trying implicit prerequisite `../../../src/RCS/Makefile.port.sh'.
   Trying pattern rule with stem `Makefile.port.sh'.
    Trying implicit prerequisite `../../../src/Makefile.global.in.mod'.
   Trying pattern rule with stem `Makefile.port.sh'.
   Trying implicit prerequisite `../../../../src/Makefile.port.sh,v'.
    Trying pattern rule with stem `Makefile.global.in'.
       Trying implicit prerequisite `../../../configure.S'.
    Trying pattern rule with stem `Makefile.global.in'.
   Trying implicit prerequisite `../../../src/s.Makefile.port.sh'.
   Trying pattern rule with stem `Makefile.port.sh'.
       Trying pattern rule with stem `configure'.
   Trying pattern rule with stem `Makefile.port.sh'.
    Trying implicit prerequisite `../../../src/Makefile.global.in.sh'.
   Trying implicit prerequisite `../../../src/SCCS/s.Makefile.port.sh'.
   Trying implicit prerequisite `../../../../src/RCS/Makefile.port.sh,v'.
   Trying pattern rule with stem `Makefile.port.sh'.
       Trying implicit prerequisite `../../../configure.mod'.
  No implicit rule found for `../../../src/Makefile.port'.
    Trying pattern rule with stem `Makefile.global.in'.
   Trying pattern rule with stem `Makefile.port.sh'.
    Trying implicit prerequisite `../../../src/Makefile.global.in,v'.
    Trying implicit prerequisite `../../../src/Makefile.global.in.S'.
       Trying pattern rule with stem `configure.o'.
    Trying pattern rule with stem `Makefile.global.in'.
   Trying implicit prerequisite `../../../../src/SCCS/s.Makefile.port.sh'.
  Finished prerequisites of target file `../../../src/Makefile.port'.
    Trying pattern rule with stem `Makefile.global.in'.
  No implicit rule found for `../../../../src/Makefile.port'.
       Trying implicit prerequisite `../../../configure.o,v'.
 No need to remake target `../../../src/Makefile.port'.
    Trying implicit prerequisite `../../../src/RCS/Makefile.global.in,v'.
    Trying implicit prerequisite `../../../src/Makefile.global.in.mod'.
  Finished prerequisites of target file `../../../../src/Makefile.port'.
   Trying implicit prerequisite `../../../../src/RCS/Makefile.port.sh'.
 Considering target file `../../../src/Makefile.global'.
    Trying pattern rule with stem `Makefile.global.in'.
       Trying pattern rule with stem `configure.o'.
 No need to remake target `../../../../src/Makefile.port'.
    Trying implicit prerequisite `../../../src/RCS/Makefile.global.in'.
   Trying pattern rule with stem `Makefile.port.sh'.
       Trying implicit prerequisite `../../../RCS/configure.o,v'.
    Trying pattern rule with stem `Makefile.global.in'.
   Considering target file `../../../src/Makefile.global.in'.
   Trying implicit prerequisite `../../../../src/s.Makefile.port.sh'.
       Trying pattern rule with stem `configure.o'.
    Trying pattern rule with stem `Makefile.global.in'.
   Trying pattern rule with stem `Makefile.port.sh'.
 Considering target file `../../../../src/Makefile.global'.
    Looking for an implicit rule for `../../../src/Makefile.global.in'.
    Trying implicit prerequisite `../../../src/s.Makefile.global.in'.
   Considering target file `../../../../src/Makefile.global.in'.
   Trying implicit prerequisite `../../../../src/SCCS/s.Makefile.port.sh'.
    Trying pattern rule with stem `Makefile.global.in'.
  No implicit rule found for `../../../../src/Makefile.port'.
       Trying implicit prerequisite `../../../RCS/configure.o'.
    Trying pattern rule with stem `Makefile.global.in'.
       Trying pattern rule with stem `configure.o'.
    Looking for an implicit rule for `../../../../src/Makefile.global.in'.
       Trying implicit prerequisite `../../../s.configure.o'.
    Trying implicit prerequisite `../../../src/Makefile.global.in.o'.
       Trying pattern rule with stem `configure.o'.
    Trying implicit prerequisite `../../../src/Makefile.global.in.sh'.
    Trying implicit prerequisite `../../../src/SCCS/s.Makefile.global.in'.
    Trying pattern rule with stem `Makefile.global.in'.
    Trying pattern rule with stem `Makefile.global.in'.
       Trying implicit prerequisite `../../../SCCS/s.configure.o'.
    Trying pattern rule with stem `Makefile.global.in'.
    Trying pattern rule with stem `Makefile.global.in'.
    Trying implicit prerequisite `../../../src/Makefile.global.in.cc'.
    Trying implicit prerequisite `../../../../src/Makefile.global.in.o'.
       Trying pattern rule with stem `configure'.
    Trying implicit prerequisite `../../../src/Makefile.global.in,v'.
    Trying pattern rule with stem `Makefile.global.in'.
    Trying pattern rule with stem `Makefile.global.in'.
    Trying pattern rule with stem `Makefile.global.in'.
       Trying implicit prerequisite `../../../configure.c'.
  Finished prerequisites of target file `../../../../src/Makefile.port'.
    Trying implicit prerequisite `../../../src/Makefile.global.in.o'.
    Trying implicit prerequisite `../../../../src/Makefile.global.in.cc'.
    Looking for a rule with intermediate file `../../../src/Makefile.global.in.o'.
       Looking for a rule with intermediate file `../../../configure.c'.
    Trying implicit prerequisite `../../../src/RCS/Makefile.global.in,v'.
    Trying implicit prerequisite `../../../src/Makefile.global.in.C'.
    Trying pattern rule with stem `Makefile.global.in'.
        Avoiding implicit rule recursion.
 No need to remake target `../../../../src/Makefile.port'.
        Avoiding implicit rule recursion.
    Trying implicit prerequisite `../../../../src/Makefile.global.in.C'.
     Avoiding implicit rule recursion.
    Trying pattern rule with stem `Makefile.global.in'.
 Considering target file `../../../../src/Makefile.global'.
        Trying pattern rule with stem `configure'.
     Trying pattern rule with stem `Makefile.global.in'.
    Trying pattern rule with stem `Makefile.global.in'.
     Trying implicit prerequisite `../../../src/Makefile.global.in.c'.
        Trying implicit prerequisite `../../../configure.l'.
    Trying pattern rule with stem `Makefile.global.in'.
     Trying pattern rule with stem `Makefile.global.in'.
    Trying implicit prerequisite `../../../../src/Makefile.global.in.cpp'.
    Trying implicit prerequisite `../../../src/Makefile.global.in.cpp'.
     Trying implicit prerequisite `../../../src/Makefile.global.in.cc'.
    Trying implicit prerequisite `../../../src/RCS/Makefile.global.in'.
     Trying pattern rule with stem `Makefile.global.in'.
        Trying pattern rule with stem `configure'.
    Trying pattern rule with stem `Makefile.global.in'.
   Considering target file `../../../../src/Makefile.global.in'.
    Trying pattern rule with stem `Makefile.global.in'.
     Trying implicit prerequisite `../../../src/Makefile.global.in.C'.
    Trying implicit prerequisite `../../../src/s.Makefile.global.in'.
    Trying pattern rule with stem `Makefile.global.in'.
        Trying implicit prerequisite `../../../configure.y'.
    Trying implicit prerequisite `../../../src/Makefile.global.in.p'.
        Trying pattern rule with stem `configure'.
     Trying pattern rule with stem `Makefile.global.in'.
    Trying pattern rule with stem `Makefile.global.in'.
    Trying implicit prerequisite `../../../../src/Makefile.global.in.p'.
        Trying implicit prerequisite `../../../configure.w'.
    Trying pattern rule with stem `Makefile.global.in'.
    Trying pattern rule with stem `Makefile.global.in'.
        Trying pattern rule with stem `configure'.
    Trying implicit prerequisite `../../../../src/Makefile.global.in.f'.
    Looking for an implicit rule for `../../../../src/Makefile.global.in'.
     Trying implicit prerequisite `../../../src/Makefile.global.in.cpp'.
        Trying implicit prerequisite `../../../configure.w'.
    Trying implicit prerequisite `../../../src/Makefile.global.in.f'.
    Trying implicit prerequisite `../../../src/SCCS/s.Makefile.global.in'.
        Trying pattern rule with stem `configure.c'.
    Trying pattern rule with stem `Makefile.global.in'.
        Trying implicit prerequisite `../../../configure.c,v'.
    Trying pattern rule with stem `Makefile.global.in'.
        Trying pattern rule with stem `configure.c'.
     Trying pattern rule with stem `Makefile.global.in'.
        Trying implicit prerequisite `../../../RCS/configure.c,v'.
     Trying implicit prerequisite `../../../src/Makefile.global.in.p'.
    Trying pattern rule with stem `Makefile.global.in'.
    Trying pattern rule with stem `Makefile.global.in'.
    Trying implicit prerequisite `../../../src/Makefile.global.in.F'.
    Trying implicit prerequisite `../../../../src/Makefile.global.in.F'.
     Trying pattern rule with stem `Makefile.global.in'.
    Trying implicit prerequisite `../../../src/Makefile.global.in.o'.
        Trying pattern rule with stem `configure.c'.
    Trying implicit prerequisite `../../../../src/Makefile.global.in.o'.
    Trying pattern rule with stem `Makefile.global.in'.
    Trying pattern rule with stem `Makefile.global.in'.
     Trying implicit prerequisite `../../../src/Makefile.global.in.f'.
        Trying implicit prerequisite `../../../RCS/configure.c'.
    Trying pattern rule with stem `Makefile.global.in'.
    Trying implicit prerequisite `../../../../src/Makefile.global.in.m'.
    Looking for a rule with intermediate file `../../../src/Makefile.global.in.o'.
    Trying implicit prerequisite `../../../src/Makefile.global.in.m'.
    Trying implicit prerequisite `../../../../src/Makefile.global.in.cc'.
     Avoiding implicit rule recursion.
        Trying pattern rule with stem `configure.c'.
     Trying pattern rule with stem `Makefile.global.in'.
    Trying pattern rule with stem `Makefile.global.in'.
     Trying pattern rule with stem `Makefile.global.in'.
    Trying pattern rule with stem `Makefile.global.in'.
    Trying pattern rule with stem `Makefile.global.in'.
    Trying implicit prerequisite `../../../../src/Makefile.global.in.C'.
        Trying implicit prerequisite `../../../s.configure.c'.
    Trying implicit prerequisite `../../../../src/Makefile.global.in.r'.
     Trying implicit prerequisite `../../../src/Makefile.global.in.F'.
     Trying implicit prerequisite `../../../src/Makefile.global.in.c'.
    Trying pattern rule with stem `Makefile.global.in'.
    Trying pattern rule with stem `Makefile.global.in'.
     Trying pattern rule with stem `Makefile.global.in'.
     Trying pattern rule with stem `Makefile.global.in'.
    Trying implicit prerequisite `../../../../src/Makefile.global.in.s'.
    Trying implicit prerequisite `../../../../src/Makefile.global.in.cpp'.
     Trying implicit prerequisite `../../../src/Makefile.global.in.m'.
    Trying pattern rule with stem `Makefile.global.in'.
     Trying pattern rule with stem `Makefile.global.in'.
    Trying implicit prerequisite `../../../../src/Makefile.global.in.p'.
    Trying implicit prerequisite `../../../src/Makefile.global.in.r'.
        Trying pattern rule with stem `configure.c'.
     Trying implicit prerequisite `../../../src/Makefile.global.in.r'.
     Trying implicit prerequisite `../../../src/Makefile.global.in.cc'.
    Trying pattern rule with stem `Makefile.global.in'.
    Trying pattern rule with stem `Makefile.global.in'.
    Trying implicit prerequisite `../../../../src/Makefile.global.in.f'.
    Trying pattern rule with stem `Makefile.global.in'.
     Trying pattern rule with stem `Makefile.global.in'.
    Trying pattern rule with stem `Makefile.global.in'.
    Trying implicit prerequisite `../../../../src/Makefile.global.in.S'.
        Trying implicit prerequisite `../../../SCCS/s.configure.c'.
    Trying implicit prerequisite `../../../src/Makefile.global.in.s'.
    Trying pattern rule with stem `Makefile.global.in'.
     Trying pattern rule with stem `Makefile.global.in'.
        Trying pattern rule with stem `configure'.
     Trying implicit prerequisite `../../../src/Makefile.global.in.s'.
    Trying implicit prerequisite `../../../../src/Makefile.global.in.mod'.
    Trying pattern rule with stem `Makefile.global.in'.
        Trying implicit prerequisite `../../../configure.l'.
    Trying pattern rule with stem `Makefile.global.in'.
        Looking for a rule with intermediate file `../../../configure.l'.
     Trying pattern rule with stem `Makefile.global.in'.
     Trying implicit prerequisite `../../../src/Makefile.global.in.C'.
    Trying implicit prerequisite `../../../src/Makefile.global.in.S'.
    Trying implicit prerequisite `../../../../src/Makefile.global.in.sh'.
         Avoiding implicit rule recursion.
     Trying pattern rule with stem `Makefile.global.in'.
    Trying implicit prerequisite `../../../../src/Makefile.global.in.F'.
     Trying implicit prerequisite `../../../src/Makefile.global.in.cpp'.
    Trying pattern rule with stem `Makefile.global.in'.
    Trying pattern rule with stem `Makefile.global.in'.
     Trying implicit prerequisite `../../../src/Makefile.global.in.S'.
    Trying implicit prerequisite `../../../src/Makefile.global.in.mod'.
    Trying implicit prerequisite `../../../../src/Makefile.global.in.m'.
    Trying pattern rule with stem `Makefile.global.in'.
     Trying pattern rule with stem `Makefile.global.in'.
         Avoiding implicit rule recursion.
         Avoiding implicit rule recursion.
         Trying pattern rule with stem `configure.l'.
     Trying implicit prerequisite `../../../src/Makefile.global.in.p'.
    Trying implicit prerequisite `../../../../src/Makefile.global.in,v'.
         Trying implicit prerequisite `../../../configure.l,v'.
     Trying pattern rule with stem `Makefile.global.in'.
    Trying pattern rule with stem `Makefile.global.in'.
    Trying pattern rule with stem `Makefile.global.in'.
         Trying pattern rule with stem `configure.l'.
    Trying implicit prerequisite `../../../../src/Makefile.global.in.r'.
    Trying pattern rule with stem `Makefile.global.in'.
     Trying pattern rule with stem `Makefile.global.in'.
    Trying pattern rule with stem `Makefile.global.in'.
    Trying implicit prerequisite `../../../../src/RCS/Makefile.global.in,v'.
     Trying implicit prerequisite `../../../src/Makefile.global.in.mod'.
         Trying implicit prerequisite `../../../RCS/configure.l,v'.
     Trying implicit prerequisite `../../../src/Makefile.global.in.f'.
    Trying pattern rule with stem `Makefile.global.in'.
    Trying implicit prerequisite `../../../../src/Makefile.global.in.s'.
    Trying implicit prerequisite `../../../src/Makefile.global.in.sh'.
    Trying pattern rule with stem `Makefile.global.in'.
    Trying pattern rule with stem `Makefile.global.in'.
    Trying implicit prerequisite `../../../../src/RCS/Makefile.global.in'.
    Trying implicit prerequisite `../../../src/Makefile.global.in,v'.
    Trying implicit prerequisite `../../../../src/Makefile.global.in.S'.
    Trying pattern rule with stem `Makefile.global.in'.
     Trying pattern rule with stem `Makefile.global.in.o'.
     Trying pattern rule with stem `Makefile.global.in'.
         Trying pattern rule with stem `configure.l'.
     Trying implicit prerequisite `../../../src/Makefile.global.in.F'.
         Trying implicit prerequisite `../../../RCS/configure.l'.
     Trying implicit prerequisite `../../../src/Makefile.global.in.o,v'.
     Trying pattern rule with stem `Makefile.global.in'.
     Trying implicit prerequisite `../../../src/Makefile.global.in.m'.
    Trying pattern rule with stem `Makefile.global.in'.
     Trying pattern rule with stem `Makefile.global.in'.
    Trying pattern rule with stem `Makefile.global.in'.
     Trying pattern rule with stem `Makefile.global.in.o'.
     Trying implicit prerequisite `../../../src/RCS/Makefile.global.in.o,v'.
    Trying implicit prerequisite `../../../src/RCS/Makefile.global.in,v'.
     Trying implicit prerequisite `../../../src/Makefile.global.in.r'.
     Trying pattern rule with stem `Makefile.global.in'.
    Trying implicit prerequisite `../../../../src/Makefile.global.in.mod'.
    Trying pattern rule with stem `Makefile.global.in'.
    Trying implicit prerequisite `../../../../src/Makefile.global.in.sh'.
    Trying pattern rule with stem `Makefile.global.in'.
     Trying pattern rule with stem `Makefile.global.in.o'.
    Trying pattern rule with stem `Makefile.global.in'.
     Trying implicit prerequisite `../../../src/RCS/Makefile.global.in.o'.
    Trying implicit prerequisite `../../../../src/Makefile.global.in,v'.
    Trying implicit prerequisite `../../../src/RCS/Makefile.global.in'.
     Trying pattern rule with stem `Makefile.global.in.o'.
    Trying pattern rule with stem `Makefile.global.in'.
     Trying implicit prerequisite `../../../src/s.Makefile.global.in.o'.
    Trying pattern rule with stem `Makefile.global.in'.
         Trying pattern rule with stem `configure.l'.
    Trying implicit prerequisite `../../../../src/s.Makefile.global.in'.
         Trying implicit prerequisite `../../../s.configure.l'.
     Trying pattern rule with stem `Makefile.global.in.o'.
     Trying implicit prerequisite `../../../src/Makefile.global.in.s'.
    Trying pattern rule with stem `Makefile.global.in'.
     Trying pattern rule with stem `Makefile.global.in'.
    Trying implicit prerequisite `../../../../src/SCCS/s.Makefile.global.in'.
    Trying implicit prerequisite `../../../src/s.Makefile.global.in'.
         Trying pattern rule with stem `configure.l'.
    Trying pattern rule with stem `Makefile.global.in'.
    Trying pattern rule with stem `Makefile.global.in'.
    Trying implicit prerequisite `../../../../src/RCS/Makefile.global.in,v'.
         Trying implicit prerequisite `../../../SCCS/s.configure.l'.
    Trying implicit prerequisite `../../../../src/Makefile.global.in.o'.
        Trying pattern rule with stem `configure'.
    Trying implicit prerequisite `../../../src/SCCS/s.Makefile.global.in'.
    Looking for a rule with intermediate file `../../../../src/Makefile.global.in.o'.
        Trying implicit prerequisite `../../../configure.y'.
        Looking for a rule with intermediate file `../../../configure.y'.
         Avoiding implicit rule recursion.
         Avoiding implicit rule recursion.
         Avoiding implicit rule recursion.
         Trying pattern rule with stem `configure.y'.
         Trying implicit prerequisite `../../../configure.y,v'.
         Trying pattern rule with stem `configure.y'.
    Trying pattern rule with stem `Makefile.global.in'.
    Trying pattern rule with stem `Makefile.global.in'.
    Trying implicit prerequisite `../../../src/Makefile.global.in.o'.
    Trying implicit prerequisite `../../../../src/RCS/Makefile.global.in'.
     Trying implicit prerequisite `../../../src/SCCS/s.Makefile.global.in.o'.
    Looking for a rule with intermediate file `../../../src/Makefile.global.in.o'.
    Trying pattern rule with stem `Makefile.global.in'.
     Trying pattern rule with stem `Makefile.global.in'.
     Avoiding implicit rule recursion.
     Trying implicit prerequisite `../../../src/Makefile.global.in.S'.
     Trying pattern rule with stem `Makefile.global.in'.
    Trying implicit prerequisite `../../../../src/s.Makefile.global.in'.
     Trying implicit prerequisite `../../../../src/Makefile.global.in.c'.
     Trying pattern rule with stem `Makefile.global.in'.
    Trying pattern rule with stem `Makefile.global.in'.
     Trying pattern rule with stem `Makefile.global.in'.
     Trying implicit prerequisite `../../../src/Makefile.global.in.mod'.
     Trying implicit prerequisite `../../../../src/Makefile.global.in.cc'.
     Trying pattern rule with stem `Makefile.global.in.o'.
    Trying implicit prerequisite `../../../../src/SCCS/s.Makefile.global.in'.
     Trying implicit prerequisite `../../../src/Makefile.global.in.o,v'.
     Trying pattern rule with stem `Makefile.global.in'.
     Trying implicit prerequisite `../../../src/Makefile.global.in.c'.
     Trying pattern rule with stem `Makefile.global.in.o'.
     Trying implicit prerequisite `../../../../src/Makefile.global.in.C'.
     Trying implicit prerequisite `../../../src/RCS/Makefile.global.in.o,v'.
         Trying implicit prerequisite `../../../RCS/configure.y,v'.
    Trying pattern rule with stem `Makefile.global.in'.
         Trying pattern rule with stem `configure.y'.
     Trying pattern rule with stem `Makefile.global.in.o'.
         Trying implicit prerequisite `../../../RCS/configure.y'.
     Trying pattern rule with stem `Makefile.global.in'.
    Trying implicit prerequisite `../../../../src/Makefile.global.in.o'.
     Avoiding implicit rule recursion.
         Trying pattern rule with stem `configure.y'.
     Looking for a rule with intermediate file `../../../src/Makefile.global.in.c'.
     Trying implicit prerequisite `../../../src/RCS/Makefile.global.in.o'.
     Trying implicit prerequisite `../../../../src/Makefile.global.in.cpp'.
     Trying pattern rule with stem `Makefile.global.in.o'.
    Looking for a rule with intermediate file `../../../../src/Makefile.global.in.o'.
     Trying pattern rule with stem `Makefile.global.in'.
         Trying implicit prerequisite `../../../s.configure.y'.
     Avoiding implicit rule recursion.
     Trying pattern rule with stem `Makefile.global.in'.
      Avoiding implicit rule recursion.
         Trying pattern rule with stem `configure.y'.
     Trying pattern rule with stem `Makefile.global.in'.
     Trying implicit prerequisite `../../../src/s.Makefile.global.in.o'.
         Trying implicit prerequisite `../../../SCCS/s.configure.y'.
     Trying implicit prerequisite `../../../../src/Makefile.global.in.p'.
     Trying pattern rule with stem `Makefile.global.in.o'.
     Trying implicit prerequisite `../../../src/Makefile.global.in.c'.
     Trying implicit prerequisite `../../../../src/Makefile.global.in.c'.
     Trying pattern rule with stem `Makefile.global.in'.
     Trying pattern rule with stem `Makefile.global.in'.
     Trying implicit prerequisite `../../../src/SCCS/s.Makefile.global.in.o'.
     Trying implicit prerequisite `../../../../src/Makefile.global.in.f'.
     Trying pattern rule with stem `Makefile.global.in'.
      Avoiding implicit rule recursion.
     Trying implicit prerequisite `../../../src/Makefile.global.in.cc'.
     Trying pattern rule with stem `Makefile.global.in'.
     Trying pattern rule with stem `Makefile.global.in'.
     Trying implicit prerequisite `../../../src/Makefile.global.in.c'.
        Trying pattern rule with stem `configure'.
     Looking for a rule with intermediate file `../../../src/Makefile.global.in.c'.
     Trying implicit prerequisite `../../../../src/Makefile.global.in.cc'.
     Trying pattern rule with stem `Makefile.global.in'.
      Trying pattern rule with stem `Makefile.global.in'.
     Trying implicit prerequisite `../../../src/Makefile.global.in.C'.
      Avoiding implicit rule recursion.
     Trying pattern rule with stem `Makefile.global.in'.
      Avoiding implicit rule recursion.
     Trying implicit prerequisite `../../../../src/Makefile.global.in.F'.
     Trying implicit prerequisite `../../../../src/Makefile.global.in.C'.
     Trying pattern rule with stem `Makefile.global.in'.
        Trying implicit prerequisite `../../../configure.w'.
     Trying pattern rule with stem `Makefile.global.in'.
        Looking for a rule with intermediate file `../../../configure.w'.
      Trying implicit prerequisite `../../../src/Makefile.global.in.l'.
         Avoiding implicit rule recursion.
      Trying pattern rule with stem `Makefile.global.in'.
         Avoiding implicit rule recursion.
      Trying implicit prerequisite `../../../src/Makefile.global.in.l'.
     Trying pattern rule with stem `Makefile.global.in'.
         Avoiding implicit rule recursion.
      Trying pattern rule with stem `Makefile.global.in'.
     Trying implicit prerequisite `../../../../src/Makefile.global.in.m'.
      Trying implicit prerequisite `../../../src/Makefile.global.in.y'.
     Trying implicit prerequisite `../../../src/Makefile.global.in.cpp'.
      Trying pattern rule with stem `Makefile.global.in'.
         Trying pattern rule with stem `configure.w'.
     Trying pattern rule with stem `Makefile.global.in'.
     Trying implicit prerequisite `../../../../src/Makefile.global.in.cpp'.
     Trying pattern rule with stem `Makefile.global.in'.
     Trying pattern rule with stem `Makefile.global.in'.
      Trying pattern rule with stem `Makefile.global.in'.
     Trying implicit prerequisite `../../../src/Makefile.global.in.p'.
      Trying implicit prerequisite `../../../src/Makefile.global.in.w'.
         Trying implicit prerequisite `../../../configure.w,v'.
      Trying pattern rule with stem `Makefile.global.in'.
         Trying pattern rule with stem `configure.w'.
     Trying pattern rule with stem `Makefile.global.in'.
     Trying implicit prerequisite `../../../../src/Makefile.global.in.p'.
     Trying implicit prerequisite `../../../src/Makefile.global.in.f'.
     Trying pattern rule with stem `Makefile.global.in'.
         Trying implicit prerequisite `../../../RCS/configure.w,v'.
     Trying pattern rule with stem `Makefile.global.in'.
      Trying implicit prerequisite `../../../src/Makefile.global.in.y'.
         Trying pattern rule with stem `configure.w'.
     Trying implicit prerequisite `../../../src/Makefile.global.in.F'.
     Trying implicit prerequisite `../../../../src/Makefile.global.in.r'.
     Trying pattern rule with stem `Makefile.global.in'.
     Trying implicit prerequisite `../../../../src/Makefile.global.in.f'.
      Trying pattern rule with stem `Makefile.global.in'.
     Trying pattern rule with stem `Makefile.global.in'.
      Trying implicit prerequisite `../../../src/Makefile.global.in.w'.
      Trying pattern rule with stem `Makefile.global.in.c'.
         Trying implicit prerequisite `../../../RCS/configure.w'.
      Trying implicit prerequisite `../../../src/Makefile.global.in.w'.
     Trying implicit prerequisite `../../../src/Makefile.global.in.m'.
      Trying pattern rule with stem `Makefile.global.in'.
     Trying pattern rule with stem `Makefile.global.in'.
      Trying implicit prerequisite `../../../src/Makefile.global.in.w'.
      Trying implicit prerequisite `../../../src/Makefile.global.in.c,v'.
         Trying pattern rule with stem `configure.w'.
      Trying pattern rule with stem `Makefile.global.in.c'.
         Trying implicit prerequisite `../../../s.configure.w'.
      Trying implicit prerequisite `../../../src/Makefile.global.in.c,v'.
         Trying pattern rule with stem `configure.w'.
      Trying pattern rule with stem `Makefile.global.in.c'.
     Trying implicit prerequisite `../../../../src/Makefile.global.in.F'.
      Trying implicit prerequisite `../../../src/RCS/Makefile.global.in.c,v'.
      Trying pattern rule with stem `Makefile.global.in.c'.
     Trying implicit prerequisite `../../../../src/Makefile.global.in.s'.
      Trying pattern rule with stem `Makefile.global.in.c'.
      Trying implicit prerequisite `../../../src/RCS/Makefile.global.in.c,v'.
     Trying pattern rule with stem `Makefile.global.in'.
      Trying pattern rule with stem `Makefile.global.in.c'.
     Trying implicit prerequisite `../../../../src/Makefile.global.in.m'.
     Trying pattern rule with stem `Makefile.global.in'.
      Trying implicit prerequisite `../../../src/RCS/Makefile.global.in.c'.
      Trying implicit prerequisite `../../../src/RCS/Makefile.global.in.c'.
     Trying implicit prerequisite `../../../../src/Makefile.global.in.S'.
      Trying pattern rule with stem `Makefile.global.in.c'.
     Trying pattern rule with stem `Makefile.global.in'.
     Trying pattern rule with stem `Makefile.global.in'.
      Trying pattern rule with stem `Makefile.global.in.c'.
     Trying implicit prerequisite `../../../../src/Makefile.global.in.r'.
      Trying implicit prerequisite `../../../src/s.Makefile.global.in.c'.
     Trying pattern rule with stem `Makefile.global.in'.
     Trying implicit prerequisite `../../../src/Makefile.global.in.r'.
     Trying pattern rule with stem `Makefile.global.in'.
      Trying implicit prerequisite `../../../src/s.Makefile.global.in.c'.
         Trying implicit prerequisite `../../../SCCS/s.configure.w'.
     Trying implicit prerequisite `../../../../src/Makefile.global.in.s'.
        Trying pattern rule with stem `configure'.
      Trying pattern rule with stem `Makefile.global.in.c'.
     Trying pattern rule with stem `Makefile.global.in'.
      Trying implicit prerequisite `../../../src/SCCS/s.Makefile.global.in.c'.
     Trying implicit prerequisite `../../../../src/Makefile.global.in.S'.
     Trying implicit prerequisite `../../../../src/Makefile.global.in.mod'.
     Trying pattern rule with stem `Makefile.global.in'.
        Rejecting impossible implicit prerequisite `../../../configure.w'.
     Trying implicit prerequisite `../../../../src/Makefile.global.in.mod'.
      Trying pattern rule with stem `Makefile.global.in.c'.
      Trying pattern rule with stem `Makefile.global.in'.
      Trying implicit prerequisite `../../../src/SCCS/s.Makefile.global.in.c'.
      Trying implicit prerequisite `../../../src/Makefile.global.in.l'.
     Trying pattern rule with stem `Makefile.global.in.o'.
     Trying pattern rule with stem `Makefile.global.in'.
       Trying pattern rule with stem `configure'.
      Trying pattern rule with stem `Makefile.global.in'.
      Looking for a rule with intermediate file `../../../src/Makefile.global.in.l'.
      Trying implicit prerequisite `../../../src/Makefile.global.in.l'.
     Trying implicit prerequisite `../../../../src/Makefile.global.in.o,v'.
       Avoiding implicit rule recursion.
       Trying implicit prerequisite `../../../configure.cc'.
     Trying pattern rule with stem `Makefile.global.in.o'.
       Looking for a rule with intermediate file `../../../configure.cc'.
      Looking for a rule with intermediate file `../../../src/Makefile.global.in.l'.
     Trying implicit prerequisite `../../../../src/Makefile.global.in.o,v'.
        Avoiding implicit rule recursion.
       Avoiding implicit rule recursion.
       Avoiding implicit rule recursion.
       Trying pattern rule with stem `Makefile.global.in.l'.
       Avoiding implicit rule recursion.
     Trying implicit prerequisite `../../../src/Makefile.global.in.s'.
       Trying implicit prerequisite `../../../src/Makefile.global.in.l,v'.
     Trying pattern rule with stem `Makefile.global.in.o'.
        Avoiding implicit rule recursion.
       Avoiding implicit rule recursion.
     Trying implicit prerequisite `../../../../src/RCS/Makefile.global.in.o,v'.
       Trying pattern rule with stem `Makefile.global.in.l'.
       Avoiding implicit rule recursion.
     Trying pattern rule with stem `Makefile.global.in.o'.
       Trying pattern rule with stem `Makefile.global.in.l'.
       Trying implicit prerequisite `../../../src/RCS/Makefile.global.in.l,v'.
     Trying pattern rule with stem `Makefile.global.in.o'.
       Trying pattern rule with stem `Makefile.global.in.l'.
        Trying pattern rule with stem `configure.cc'.
     Trying pattern rule with stem `Makefile.global.in'.
     Trying implicit prerequisite `../../../../src/RCS/Makefile.global.in.o'.
     Trying implicit prerequisite `../../../src/Makefile.global.in.S'.
        Trying implicit prerequisite `../../../configure.cc,v'.
       Trying implicit prerequisite `../../../src/Makefile.global.in.l,v'.
     Trying pattern rule with stem `Makefile.global.in'.
       Trying pattern rule with stem `Makefile.global.in.l'.
     Trying implicit prerequisite `../../../../src/RCS/Makefile.global.in.o,v'.
       Trying implicit prerequisite `../../../src/RCS/Makefile.global.in.l'.
       Trying implicit prerequisite `../../../src/RCS/Makefile.global.in.l,v'.
     Trying pattern rule with stem `Makefile.global.in.o'.
       Trying pattern rule with stem `Makefile.global.in.l'.
     Trying pattern rule with stem `Makefile.global.in.o'.
     Trying implicit prerequisite `../../../../src/s.Makefile.global.in.o'.
     Trying implicit prerequisite `../../../../src/RCS/Makefile.global.in.o'.
       Trying pattern rule with stem `Makefile.global.in.l'.
     Trying pattern rule with stem `Makefile.global.in.o'.
     Trying implicit prerequisite `../../../src/Makefile.global.in.mod'.
        Trying pattern rule with stem `configure.cc'.
     Trying implicit prerequisite `../../../../src/SCCS/s.Makefile.global.in.o'.
        Trying implicit prerequisite `../../../RCS/configure.cc,v'.
     Trying pattern rule with stem `Makefile.global.in.o'.
     Trying pattern rule with stem `Makefile.global.in'.
        Trying pattern rule with stem `configure.cc'.
     Trying pattern rule with stem `Makefile.global.in.o'.
       Trying implicit prerequisite `../../../src/s.Makefile.global.in.l'.
     Trying implicit prerequisite `../../../../src/Makefile.global.in.c'.
        Trying implicit prerequisite `../../../RCS/configure.cc'.
     Trying implicit prerequisite `../../../src/Makefile.global.in.o,v'.
       Trying pattern rule with stem `Makefile.global.in.l'.
        Trying pattern rule with stem `configure.cc'.
     Trying implicit prerequisite `../../../../src/s.Makefile.global.in.o'.
     Trying pattern rule with stem `Makefile.global.in.o'.
     Looking for a rule with intermediate file `../../../../src/Makefile.global.in.c'.
      Avoiding implicit rule recursion.
      Avoiding implicit rule recursion.
      Trying pattern rule with stem `Makefile.global.in'.
      Trying implicit prerequisite `../../../../src/Makefile.global.in.l'.
      Trying pattern rule with stem `Makefile.global.in'.
      Trying implicit prerequisite `../../../../src/Makefile.global.in.y'.
      Trying pattern rule with stem `Makefile.global.in'.
       Trying implicit prerequisite `../../../src/RCS/Makefile.global.in.l'.
        Trying implicit prerequisite `../../../s.configure.cc'.
      Trying implicit prerequisite `../../../../src/Makefile.global.in.w'.
       Trying implicit prerequisite `../../../src/SCCS/s.Makefile.global.in.l'.
     Trying implicit prerequisite `../../../src/RCS/Makefile.global.in.o,v'.
       Trying pattern rule with stem `Makefile.global.in.l'.
     Trying pattern rule with stem `Makefile.global.in.o'.
      Trying pattern rule with stem `Makefile.global.in'.
     Trying pattern rule with stem `Makefile.global.in.o'.
     Trying implicit prerequisite `../../../../src/SCCS/s.Makefile.global.in.o'.
     Trying pattern rule with stem `Makefile.global.in'.
     Trying implicit prerequisite `../../../../src/Makefile.global.in.c'.
     Looking for a rule with intermediate file `../../../../src/Makefile.global.in.c'.
      Avoiding implicit rule recursion.
      Avoiding implicit rule recursion.
      Trying pattern rule with stem `Makefile.global.in'.
      Trying implicit prerequisite `../../../../src/Makefile.global.in.l'.
        Trying pattern rule with stem `configure.cc'.
      Trying implicit prerequisite `../../../src/Makefile.global.in.y'.
      Trying pattern rule with stem `Makefile.global.in'.
     Trying implicit prerequisite `../../../src/RCS/Makefile.global.in.o'.
        Trying implicit prerequisite `../../../SCCS/s.configure.cc'.
       Trying implicit prerequisite `../../../src/s.Makefile.global.in.l'.
      Trying implicit prerequisite `../../../../src/Makefile.global.in.y'.
     Trying pattern rule with stem `Makefile.global.in.o'.
       Trying pattern rule with stem `Makefile.global.in.l'.
      Trying pattern rule with stem `Makefile.global.in'.
       Trying pattern rule with stem `configure'.
       Trying implicit prerequisite `../../../src/SCCS/s.Makefile.global.in.l'.
      Trying pattern rule with stem `Makefile.global.in'.
      Trying implicit prerequisite `../../../../src/Makefile.global.in.w'.
     Trying implicit prerequisite `../../../src/s.Makefile.global.in.o'.
      Trying pattern rule with stem `Makefile.global.in'.
      Trying implicit prerequisite `../../../../src/Makefile.global.in.w'.
      Trying pattern rule with stem `Makefile.global.in'.
       Trying implicit prerequisite `../../../configure.C'.
      Trying implicit prerequisite `../../../src/Makefile.global.in.y'.
      Trying implicit prerequisite `../../../../src/Makefile.global.in.w'.
      Trying pattern rule with stem `Makefile.global.in.c'.
      Looking for a rule with intermediate file `../../../src/Makefile.global.in.y'.
     Trying pattern rule with stem `Makefile.global.in.o'.
      Trying pattern rule with stem `Makefile.global.in.c'.
      Looking for a rule with intermediate file `../../../src/Makefile.global.in.y'.
       Looking for a rule with intermediate file `../../../configure.C'.
        Avoiding implicit rule recursion.
      Trying implicit prerequisite `../../../../src/Makefile.global.in.c,v'.
     Trying implicit prerequisite `../../../src/SCCS/s.Makefile.global.in.o'.
        Avoiding implicit rule recursion.
      Trying implicit prerequisite `../../../../src/Makefile.global.in.c,v'.
        Trying pattern rule with stem `configure.C'.
      Trying pattern rule with stem `Makefile.global.in.c'.
       Avoiding implicit rule recursion.
        Trying implicit prerequisite `../../../configure.C,v'.
      Trying implicit prerequisite `../../../../src/RCS/Makefile.global.in.c,v'.
      Trying pattern rule with stem `Makefile.global.in.c'.
        Trying pattern rule with stem `configure.C'.
       Avoiding implicit rule recursion.
     Trying pattern rule with stem `Makefile.global.in'.
       Avoiding implicit rule recursion.
        Trying implicit prerequisite `../../../RCS/configure.C,v'.
      Trying pattern rule with stem `Makefile.global.in.c'.
       Avoiding implicit rule recursion.
        Trying pattern rule with stem `configure.C'.
       Trying pattern rule with stem `Makefile.global.in.y'.
       Avoiding implicit rule recursion.
       Avoiding implicit rule recursion.
       Trying pattern rule with stem `Makefile.global.in.y'.
       Trying implicit prerequisite `../../../src/Makefile.global.in.y,v'.
       Trying pattern rule with stem `Makefile.global.in.y'.
       Trying implicit prerequisite `../../../src/RCS/Makefile.global.in.y,v'.
       Trying pattern rule with stem `Makefile.global.in.y'.
       Trying implicit prerequisite `../../../src/RCS/Makefile.global.in.y'.
       Trying pattern rule with stem `Makefile.global.in.y'.
       Trying implicit prerequisite `../../../src/s.Makefile.global.in.y'.
       Trying pattern rule with stem `Makefile.global.in.y'.
        Trying implicit prerequisite `../../../RCS/configure.C'.
     Trying implicit prerequisite `../../../src/Makefile.global.in.c'.
       Trying implicit prerequisite `../../../src/SCCS/s.Makefile.global.in.y'.
        Trying pattern rule with stem `configure.C'.
      Trying implicit prerequisite `../../../../src/RCS/Makefile.global.in.c'.
     Looking for a rule with intermediate file `../../../src/Makefile.global.in.c'.
      Trying pattern rule with stem `Makefile.global.in'.
      Trying pattern rule with stem `Makefile.global.in.c'.
        Trying implicit prerequisite `../../../s.configure.C'.
      Trying implicit prerequisite `../../../../src/RCS/Makefile.global.in.c,v'.
      Trying implicit prerequisite `../../../../src/s.Makefile.global.in.c'.
      Avoiding implicit rule recursion.
        Trying pattern rule with stem `configure.C'.
      Trying pattern rule with stem `Makefile.global.in.c'.
       Trying implicit prerequisite `../../../src/Makefile.global.in.y,v'.
      Avoiding implicit rule recursion.
      Trying implicit prerequisite `../../../../src/SCCS/s.Makefile.global.in.c'.
      Trying implicit prerequisite `../../../src/Makefile.global.in.w'.
        Trying implicit prerequisite `../../../SCCS/s.configure.C'.
      Trying pattern rule with stem `Makefile.global.in'.
       Trying pattern rule with stem `Makefile.global.in.y'.
      Trying pattern rule with stem `Makefile.global.in'.
       Trying implicit prerequisite `../../../src/RCS/Makefile.global.in.y,v'.
      Looking for a rule with intermediate file `../../../src/Makefile.global.in.w'.
       Trying pattern rule with stem `configure'.
       Trying pattern rule with stem `Makefile.global.in.y'.
      Trying implicit prerequisite `../../../src/Makefile.global.in.l'.
       Trying implicit prerequisite `../../../src/RCS/Makefile.global.in.y'.
       Avoiding implicit rule recursion.
      Trying implicit prerequisite `../../../../src/Makefile.global.in.l'.
      Trying pattern rule with stem `Makefile.global.in.c'.
      Trying pattern rule with stem `Makefile.global.in'.
       Trying pattern rule with stem `Makefile.global.in.y'.
       Avoiding implicit rule recursion.
       Trying implicit prerequisite `../../../configure.cpp'.
       Looking for a rule with intermediate file `../../../configure.cpp'.
        Avoiding implicit rule recursion.
        Avoiding implicit rule recursion.
        Trying pattern rule with stem `configure.cpp'.
        Trying implicit prerequisite `../../../configure.cpp,v'.
        Trying pattern rule with stem `configure.cpp'.
        Trying implicit prerequisite `../../../RCS/configure.cpp,v'.
        Trying pattern rule with stem `configure.cpp'.
        Trying implicit prerequisite `../../../RCS/configure.cpp'.
        Trying pattern rule with stem `configure.cpp'.
      Trying implicit prerequisite `../../../../src/RCS/Makefile.global.in.c'.
       Avoiding implicit rule recursion.
        Trying implicit prerequisite `../../../s.configure.cpp'.
       Trying pattern rule with stem `Makefile.global.in.w'.
      Trying implicit prerequisite `../../../src/Makefile.global.in.y'.
       Trying implicit prerequisite `../../../src/Makefile.global.in.w,v'.
      Trying pattern rule with stem `Makefile.global.in'.
        Trying pattern rule with stem `configure.cpp'.
      Trying implicit prerequisite `../../../src/Makefile.global.in.w'.
       Trying pattern rule with stem `Makefile.global.in.w'.
      Trying pattern rule with stem `Makefile.global.in'.
        Trying implicit prerequisite `../../../SCCS/s.configure.cpp'.
      Trying implicit prerequisite `../../../src/Makefile.global.in.w'.
       Trying pattern rule with stem `configure'.
      Trying pattern rule with stem `Makefile.global.in.c'.
       Trying implicit prerequisite `../../../configure.p'.
      Trying implicit prerequisite `../../../src/Makefile.global.in.c,v'.
       Trying implicit prerequisite `../../../src/s.Makefile.global.in.y'.
      Trying pattern rule with stem `Makefile.global.in.c'.
      Looking for a rule with intermediate file `../../../../src/Makefile.global.in.l'.
      Trying implicit prerequisite `../../../../src/s.Makefile.global.in.c'.
       Trying implicit prerequisite `../../../src/RCS/Makefile.global.in.w,v'.
      Trying pattern rule with stem `Makefile.global.in.c'.
      Trying pattern rule with stem `Makefile.global.in.c'.
       Trying pattern rule with stem `Makefile.global.in.w'.
      Trying implicit prerequisite `../../../src/RCS/Makefile.global.in.c,v'.
       Avoiding implicit rule recursion.
       Trying pattern rule with stem `Makefile.global.in.y'.
       Avoiding implicit rule recursion.
       Trying implicit prerequisite `../../../src/SCCS/s.Makefile.global.in.y'.
       Looking for a rule with intermediate file `../../../configure.p'.
       Trying implicit prerequisite `../../../src/RCS/Makefile.global.in.w'.
      Trying implicit prerequisite `../../../../src/SCCS/s.Makefile.global.in.c'.
      Trying pattern rule with stem `Makefile.global.in.c'.
      Trying pattern rule with stem `Makefile.global.in'.
      Trying implicit prerequisite `../../../src/RCS/Makefile.global.in.c'.
      Trying implicit prerequisite `../../../../src/Makefile.global.in.l'.
      Trying pattern rule with stem `Makefile.global.in'.
        Avoiding implicit rule recursion.
       Avoiding implicit rule recursion.
      Trying pattern rule with stem `Makefile.global.in.c'.
      Trying implicit prerequisite `../../../src/Makefile.global.in.w'.
      Trying implicit prerequisite `../../../src/s.Makefile.global.in.c'.
       Trying pattern rule with stem `Makefile.global.in.w'.
      Looking for a rule with intermediate file `../../../../src/Makefile.global.in.l'.
      Looking for a rule with intermediate file `../../../src/Makefile.global.in.w'.
      Trying pattern rule with stem `Makefile.global.in.c'.
       Trying pattern rule with stem `Makefile.global.in.l'.
       Trying implicit prerequisite `../../../src/s.Makefile.global.in.w'.
       Avoiding implicit rule recursion.
       Trying implicit prerequisite `../../../../src/Makefile.global.in.l,v'.
       Avoiding implicit rule recursion.
       Avoiding implicit rule recursion.
       Trying pattern rule with stem `Makefile.global.in.l'.
       Avoiding implicit rule recursion.
       Avoiding implicit rule recursion.
      Trying implicit prerequisite `../../../src/SCCS/s.Makefile.global.in.c'.
       Trying pattern rule with stem `Makefile.global.in.w'.
       Trying implicit prerequisite `../../../../src/RCS/Makefile.global.in.l,v'.
       Trying pattern rule with stem `Makefile.global.in.w'.
       Trying pattern rule with stem `Makefile.global.in.l'.
       Avoiding implicit rule recursion.
        Avoiding implicit rule recursion.
       Trying pattern rule with stem `Makefile.global.in.l'.
       Trying implicit prerequisite `../../../src/SCCS/s.Makefile.global.in.w'.
       Trying implicit prerequisite `../../../../src/RCS/Makefile.global.in.l'.
      Trying pattern rule with stem `Makefile.global.in'.
       Trying implicit prerequisite `../../../src/Makefile.global.in.w,v'.
       Trying pattern rule with stem `Makefile.global.in.l'.
        Trying pattern rule with stem `configure'.
       Trying implicit prerequisite `../../../../src/Makefile.global.in.l,v'.
       Trying pattern rule with stem `Makefile.global.in.w'.
      Trying pattern rule with stem `Makefile.global.in'.
       Trying pattern rule with stem `Makefile.global.in.l'.
      Rejecting impossible implicit prerequisite `../../../src/Makefile.global.in.w'.
      Trying implicit prerequisite `../../../src/Makefile.global.in.l'.
        Trying implicit prerequisite `../../../configure.web'.
       Trying implicit prerequisite `../../../../src/s.Makefile.global.in.l'.
       Trying implicit prerequisite `../../../../src/RCS/Makefile.global.in.l,v'.
       Trying pattern rule with stem `Makefile.global.in.l'.
     Trying pattern rule with stem `Makefile.global.in'.
      Looking for a rule with intermediate file `../../../src/Makefile.global.in.l'.
     Trying implicit prerequisite `../../../src/Makefile.global.in.cc'.
       Trying implicit prerequisite `../../../../src/SCCS/s.Makefile.global.in.l'.
       Trying pattern rule with stem `Makefile.global.in.l'.
     Looking for a rule with intermediate file `../../../src/Makefile.global.in.cc'.
       Avoiding implicit rule recursion.
      Trying pattern rule with stem `Makefile.global.in'.
       Trying implicit prerequisite `../../../src/RCS/Makefile.global.in.w,v'.
       Trying implicit prerequisite `../../../../src/RCS/Makefile.global.in.l'.
       Trying pattern rule with stem `Makefile.global.in.w'.
       Avoiding implicit rule recursion.
       Trying implicit prerequisite `../../../src/RCS/Makefile.global.in.w'.
      Avoiding implicit rule recursion.
       Avoiding implicit rule recursion.
       Trying pattern rule with stem `Makefile.global.in.w'.
        Trying pattern rule with stem `configure.p'.
      Avoiding implicit rule recursion.
       Trying pattern rule with stem `Makefile.global.in.l'.
        Trying implicit prerequisite `../../../configure.p,v'.
       Trying pattern rule with stem `Makefile.global.in.l'.
        Trying pattern rule with stem `configure.p'.
       Trying implicit prerequisite `../../../src/s.Makefile.global.in.w'.
      Trying implicit prerequisite `../../../../src/Makefile.global.in.y'.
       Trying pattern rule with stem `Makefile.global.in.w'.
       Trying implicit prerequisite `../../../src/Makefile.global.in.l,v'.
       Trying implicit prerequisite `../../../src/SCCS/s.Makefile.global.in.w'.
      Looking for a rule with intermediate file `../../../../src/Makefile.global.in.y'.
        Trying implicit prerequisite `../../../RCS/configure.p,v'.
       Avoiding implicit rule recursion.
       Trying implicit prerequisite `../../../../src/s.Makefile.global.in.l'.
      Trying pattern rule with stem `Makefile.global.in.cc'.
      Trying pattern rule with stem `Makefile.global.in'.
        Trying pattern rule with stem `configure.p'.
      Rejecting impossible implicit prerequisite `../../../src/Makefile.global.in.w'.
        Trying implicit prerequisite `../../../RCS/configure.p'.
      Trying implicit prerequisite `../../../src/Makefile.global.in.cc,v'.
       Trying pattern rule with stem `Makefile.global.in.l'.
     Trying pattern rule with stem `Makefile.global.in'.
        Trying pattern rule with stem `configure.p'.
     Trying implicit prerequisite `../../../src/Makefile.global.in.cc'.
       Trying implicit prerequisite `../../../../src/SCCS/s.Makefile.global.in.l'.
       Trying pattern rule with stem `Makefile.global.in.l'.
       Avoiding implicit rule recursion.
     Looking for a rule with intermediate file `../../../src/Makefile.global.in.cc'.
       Trying implicit prerequisite `../../../src/RCS/Makefile.global.in.l,v'.
      Trying pattern rule with stem `Makefile.global.in.cc'.
      Trying pattern rule with stem `Makefile.global.in'.
      Avoiding implicit rule recursion.
       Avoiding implicit rule recursion.
      Trying implicit prerequisite `../../../src/RCS/Makefile.global.in.cc,v'.
      Avoiding implicit rule recursion.
       Trying pattern rule with stem `Makefile.global.in.y'.
      Trying pattern rule with stem `Makefile.global.in.cc'.
       Trying implicit prerequisite `../../../../src/Makefile.global.in.y,v'.
        Trying implicit prerequisite `../../../s.configure.p'.
       Trying pattern rule with stem `Makefile.global.in.l'.
      Trying implicit prerequisite `../../../../src/Makefile.global.in.y'.
       Trying implicit prerequisite `../../../src/RCS/Makefile.global.in.l'.
       Trying pattern rule with stem `Makefile.global.in.l'.
       Trying pattern rule with stem `Makefile.global.in.y'.
       Trying implicit prerequisite `../../../src/s.Makefile.global.in.l'.
       Trying implicit prerequisite `../../../../src/RCS/Makefile.global.in.y,v'.
      Looking for a rule with intermediate file `../../../../src/Makefile.global.in.y'.
      Trying pattern rule with stem `Makefile.global.in.cc'.
       Avoiding implicit rule recursion.
      Trying implicit prerequisite `../../../src/RCS/Makefile.global.in.cc'.
        Trying pattern rule with stem `configure.p'.
       Trying pattern rule with stem `Makefile.global.in.y'.
      Trying pattern rule with stem `Makefile.global.in.cc'.
       Trying implicit prerequisite `../../../../src/RCS/Makefile.global.in.y'.
      Trying implicit prerequisite `../../../src/Makefile.global.in.cc,v'.
      Trying implicit prerequisite `../../../src/s.Makefile.global.in.cc'.
      Trying pattern rule with stem `Makefile.global.in.cc'.
       Avoiding implicit rule recursion.
       Trying pattern rule with stem `Makefile.global.in.l'.
       Avoiding implicit rule recursion.
       Trying pattern rule with stem `Makefile.global.in.y'.
        Trying implicit prerequisite `../../../SCCS/s.configure.p'.
       Trying implicit prerequisite `../../../src/SCCS/s.Makefile.global.in.l'.
      Trying implicit prerequisite `../../../src/RCS/Makefile.global.in.cc,v'.
       Trying implicit prerequisite `../../../../src/s.Makefile.global.in.y'.
      Trying pattern rule with stem `Makefile.global.in'.
      Trying implicit prerequisite `../../../src/Makefile.global.in.y'.
      Looking for a rule with intermediate file `../../../src/Makefile.global.in.y'.
       Avoiding implicit rule recursion.
       Avoiding implicit rule recursion.
      Trying pattern rule with stem `Makefile.global.in.cc'.
       Trying pattern rule with stem `Makefile.global.in.y'.
        Trying pattern rule with stem `configure'.
      Trying pattern rule with stem `Makefile.global.in.cc'.
       Avoiding implicit rule recursion.
       Trying implicit prerequisite `../../../../src/SCCS/s.Makefile.global.in.y'.
       Trying pattern rule with stem `Makefile.global.in.y'.
      Trying pattern rule with stem `Makefile.global.in'.
      Trying implicit prerequisite `../../../../src/Makefile.global.in.w'.
       Trying implicit prerequisite `../../../src/Makefile.global.in.y,v'.
      Trying implicit prerequisite `../../../src/RCS/Makefile.global.in.cc'.
       Trying pattern rule with stem `Makefile.global.in.y'.
      Trying pattern rule with stem `Makefile.global.in.cc'.
      Trying implicit prerequisite `../../../src/SCCS/s.Makefile.global.in.cc'.
        Trying implicit prerequisite `../../../configure.web'.
     Trying pattern rule with stem `Makefile.global.in'.
      Trying implicit prerequisite `../../../src/s.Makefile.global.in.cc'.
       Trying implicit prerequisite `../../../../src/Makefile.global.in.y,v'.
      Trying pattern rule with stem `Makefile.global.in.cc'.
      Looking for a rule with intermediate file `../../../../src/Makefile.global.in.w'.
     Trying implicit prerequisite `../../../src/Makefile.global.in.C'.
       Trying pattern rule with stem `Makefile.global.in.y'.
       Avoiding implicit rule recursion.
       Trying pattern rule with stem `Makefile.global.in.y'.
     Looking for a rule with intermediate file `../../../src/Makefile.global.in.C'.
       Trying implicit prerequisite `../../../../src/RCS/Makefile.global.in.y,v'.
      Avoiding implicit rule recursion.
       Avoiding implicit rule recursion.
       Trying implicit prerequisite `../../../src/RCS/Makefile.global.in.y,v'.
      Avoiding implicit rule recursion.
      Trying implicit prerequisite `../../../src/SCCS/s.Makefile.global.in.cc'.
       Avoiding implicit rule recursion.
       Trying pattern rule with stem `Makefile.global.in.y'.
       Trying pattern rule with stem `Makefile.global.in.y'.
       Trying implicit prerequisite `../../../../src/RCS/Makefile.global.in.y'.
        Looking for a rule with intermediate file `../../../configure.web'.
      Trying pattern rule with stem `Makefile.global.in.C'.
     Trying pattern rule with stem `Makefile.global.in'.
       Trying implicit prerequisite `../../../src/RCS/Makefile.global.in.y'.
         Avoiding implicit rule recursion.
      Trying implicit prerequisite `../../../src/Makefile.global.in.C,v'.
       Trying pattern rule with stem `Makefile.global.in.w'.
       Trying pattern rule with stem `Makefile.global.in.y'.
       Trying pattern rule with stem `Makefile.global.in.y'.
         Avoiding implicit rule recursion.
      Trying pattern rule with stem `Makefile.global.in.C'.
       Trying implicit prerequisite `../../../src/s.Makefile.global.in.y'.
       Trying implicit prerequisite `../../../../src/s.Makefile.global.in.y'.
       Trying implicit prerequisite `../../../../src/Makefile.global.in.w,v'.
     Trying implicit prerequisite `../../../src/Makefile.global.in.C'.
         Avoiding implicit rule recursion.
      Trying implicit prerequisite `../../../src/RCS/Makefile.global.in.C,v'.
     Looking for a rule with intermediate file `../../../src/Makefile.global.in.C'.
         Trying pattern rule with stem `configure.web'.
       Trying pattern rule with stem `Makefile.global.in.w'.
      Trying pattern rule with stem `Makefile.global.in.C'.
       Trying implicit prerequisite `../../../../src/RCS/Makefile.global.in.w,v'.
      Avoiding implicit rule recursion.
      Avoiding implicit rule recursion.
      Trying pattern rule with stem `Makefile.global.in.C'.
      Trying implicit prerequisite `../../../src/Makefile.global.in.C,v'.
      Trying pattern rule with stem `Makefile.global.in.C'.
      Trying implicit prerequisite `../../../src/RCS/Makefile.global.in.C,v'.
      Trying implicit prerequisite `../../../src/RCS/Makefile.global.in.C'.
       Trying pattern rule with stem `Makefile.global.in.y'.
         Trying implicit prerequisite `../../../configure.web,v'.
       Trying implicit prerequisite `../../../src/SCCS/s.Makefile.global.in.y'.
      Trying pattern rule with stem `Makefile.global.in.C'.
       Trying pattern rule with stem `Makefile.global.in.w'.
      Trying implicit prerequisite `../../../src/RCS/Makefile.global.in.C'.
      Trying pattern rule with stem `Makefile.global.in.C'.
         Trying pattern rule with stem `configure.web'.
       Trying implicit prerequisite `../../../../src/RCS/Makefile.global.in.w'.
       Trying pattern rule with stem `Makefile.global.in.y'.
      Trying pattern rule with stem `Makefile.global.in'.
       Trying implicit prerequisite `../../../../src/SCCS/s.Makefile.global.in.y'.
      Trying implicit prerequisite `../../../src/Makefile.global.in.w'.
      Trying pattern rule with stem `Makefile.global.in.C'.
      Looking for a rule with intermediate file `../../../src/Makefile.global.in.w'.
      Trying implicit prerequisite `../../../src/s.Makefile.global.in.C'.
      Trying implicit prerequisite `../../../src/s.Makefile.global.in.C'.
       Avoiding implicit rule recursion.
      Trying pattern rule with stem `Makefile.global.in.C'.
      Trying pattern rule with stem `Makefile.global.in.C'.
         Trying implicit prerequisite `../../../RCS/configure.web,v'.
      Trying implicit prerequisite `../../../src/SCCS/s.Makefile.global.in.C'.
      Trying implicit prerequisite `../../../src/SCCS/s.Makefile.global.in.C'.
     Trying pattern rule with stem `Makefile.global.in'.
     Trying pattern rule with stem `Makefile.global.in'.
       Avoiding implicit rule recursion.
     Trying implicit prerequisite `../../../src/Makefile.global.in.cpp'.
         Trying pattern rule with stem `configure.web'.
      Trying pattern rule with stem `Makefile.global.in'.
     Looking for a rule with intermediate file `../../../src/Makefile.global.in.cpp'.
      Trying implicit prerequisite `../../../../src/Makefile.global.in.w'.
         Trying implicit prerequisite `../../../RCS/configure.web'.
      Looking for a rule with intermediate file `../../../../src/Makefile.global.in.w'.
       Trying pattern rule with stem `Makefile.global.in.w'.
      Avoiding implicit rule recursion.
       Trying implicit prerequisite `../../../../src/s.Makefile.global.in.w'.
      Avoiding implicit rule recursion.
     Trying implicit prerequisite `../../../src/Makefile.global.in.cpp'.
     Looking for a rule with intermediate file `../../../src/Makefile.global.in.cpp'.
       Trying pattern rule with stem `Makefile.global.in.w'.
       Avoiding implicit rule recursion.
         Trying pattern rule with stem `configure.web'.
       Avoiding implicit rule recursion.
         Trying implicit prerequisite `../../../s.configure.web'.
       Trying implicit prerequisite `../../../../src/SCCS/s.Makefile.global.in.w'.
      Trying pattern rule with stem `Makefile.global.in'.
      Rejecting impossible implicit prerequisite `../../../../src/Makefile.global.in.w'.
     Trying pattern rule with stem `Makefile.global.in'.
     Trying implicit prerequisite `../../../../src/Makefile.global.in.cc'.
     Looking for a rule with intermediate file `../../../../src/Makefile.global.in.cc'.
      Avoiding implicit rule recursion.
      Avoiding implicit rule recursion.
      Trying pattern rule with stem `Makefile.global.in.cc'.
      Avoiding implicit rule recursion.
         Trying pattern rule with stem `configure.web'.
      Avoiding implicit rule recursion.
      Trying implicit prerequisite `../../../../src/Makefile.global.in.cc,v'.
      Trying pattern rule with stem `Makefile.global.in.cpp'.
       Avoiding implicit rule recursion.
      Trying implicit prerequisite `../../../src/Makefile.global.in.cpp,v'.
       Trying pattern rule with stem `Makefile.global.in.w'.
      Trying pattern rule with stem `Makefile.global.in.cpp'.
         Trying implicit prerequisite `../../../SCCS/s.configure.web'.
       Trying implicit prerequisite `../../../src/Makefile.global.in.w,v'.
       Trying pattern rule with stem `Makefile.global.in.w'.
       Trying pattern rule with stem `configure'.
       Avoiding implicit rule recursion.
       Trying implicit prerequisite `../../../src/RCS/Makefile.global.in.w,v'.
      Trying implicit prerequisite `../../../src/Makefile.global.in.cpp,v'.
       Trying implicit prerequisite `../../../configure.f'.
       Trying pattern rule with stem `Makefile.global.in.w'.
       Trying pattern rule with stem `Makefile.global.in.w'.
      Trying pattern rule with stem `Makefile.global.in.cc'.
       Trying implicit prerequisite `../../../src/RCS/Makefile.global.in.w'.
      Trying pattern rule with stem `Makefile.global.in.cpp'.
       Looking for a rule with intermediate file `../../../configure.f'.
      Trying implicit prerequisite `../../../../src/RCS/Makefile.global.in.cc,v'.
      Trying implicit prerequisite `../../../src/RCS/Makefile.global.in.cpp,v'.
      Trying pattern rule with stem `Makefile.global.in.cc'.
        Avoiding implicit rule recursion.
       Trying pattern rule with stem `Makefile.global.in.w'.
      Trying pattern rule with stem `Makefile.global.in.cpp'.
      Trying pattern rule with stem `Makefile.global.in.cpp'.
      Trying implicit prerequisite `../../../src/RCS/Makefile.global.in.cpp'.
      Trying pattern rule with stem `Makefile.global.in.cpp'.
      Trying implicit prerequisite `../../../src/s.Makefile.global.in.cpp'.
      Trying pattern rule with stem `Makefile.global.in.cpp'.
      Trying implicit prerequisite `../../../src/SCCS/s.Makefile.global.in.cpp'.
       Trying implicit prerequisite `../../../../src/Makefile.global.in.w,v'.
     Trying pattern rule with stem `Makefile.global.in'.
        Avoiding implicit rule recursion.
      Trying implicit prerequisite `../../../../src/RCS/Makefile.global.in.cc'.
      Trying implicit prerequisite `../../../src/RCS/Makefile.global.in.cpp,v'.
     Trying implicit prerequisite `../../../src/Makefile.global.in.p'.
      Trying pattern rule with stem `Makefile.global.in.cc'.
       Trying implicit prerequisite `../../../src/s.Makefile.global.in.w'.
      Trying pattern rule with stem `Makefile.global.in.cpp'.
       Trying pattern rule with stem `Makefile.global.in.w'.
     Looking for a rule with intermediate file `../../../src/Makefile.global.in.p'.
        Trying pattern rule with stem `configure'.
      Trying implicit prerequisite `../../../../src/s.Makefile.global.in.cc'.
       Trying pattern rule with stem `Makefile.global.in.w'.
      Trying implicit prerequisite `../../../src/RCS/Makefile.global.in.cpp'.
       Trying implicit prerequisite `../../../src/SCCS/s.Makefile.global.in.w'.
      Avoiding implicit rule recursion.
      Trying pattern rule with stem `Makefile.global.in.cc'.
       Trying implicit prerequisite `../../../../src/RCS/Makefile.global.in.w,v'.
      Trying pattern rule with stem `Makefile.global.in'.
        Trying implicit prerequisite `../../../configure.F'.
      Rejecting impossible implicit prerequisite `../../../src/Makefile.global.in.w'.
      Trying pattern rule with stem `Makefile.global.in.cpp'.
     Trying pattern rule with stem `Makefile.global.in'.
      Avoiding implicit rule recursion.
       Trying pattern rule with stem `Makefile.global.in.w'.
       Trying implicit prerequisite `../../../../src/RCS/Makefile.global.in.w'.
     Trying implicit prerequisite `../../../src/Makefile.global.in.cc'.
        Trying pattern rule with stem `configure'.
       Trying pattern rule with stem `Makefile.global.in.w'.
      Trying pattern rule with stem `Makefile.global.in'.
      Trying implicit prerequisite `../../../src/s.Makefile.global.in.cpp'.
      Trying implicit prerequisite `../../../../src/SCCS/s.Makefile.global.in.cc'.
     Looking for a rule with intermediate file `../../../src/Makefile.global.in.cc'.
      Avoiding implicit rule recursion.
      Avoiding implicit rule recursion.
      Trying pattern rule with stem `Makefile.global.in.cc'.
      Trying implicit prerequisite `../../../src/Makefile.global.in.cc,v'.
      Trying pattern rule with stem `Makefile.global.in.cc'.
      Trying implicit prerequisite `../../../src/RCS/Makefile.global.in.cc,v'.
     Trying pattern rule with stem `Makefile.global.in'.
        Trying implicit prerequisite `../../../configure.r'.
      Trying pattern rule with stem `Makefile.global.in.cpp'.
        Trying pattern rule with stem `configure.f'.
      Trying pattern rule with stem `Makefile.global.in.cc'.
        Trying implicit prerequisite `../../../configure.f,v'.
      Trying implicit prerequisite `../../../src/Makefile.global.in.web'.
       Trying implicit prerequisite `../../../../src/s.Makefile.global.in.w'.
        Trying pattern rule with stem `configure.f'.
      Trying implicit prerequisite `../../../src/SCCS/s.Makefile.global.in.cpp'.
        Trying implicit prerequisite `../../../RCS/configure.f,v'.
     Trying pattern rule with stem `Makefile.global.in'.
      Trying implicit prerequisite `../../../src/RCS/Makefile.global.in.cc'.
       Trying pattern rule with stem `Makefile.global.in.w'.
     Trying implicit prerequisite `../../../src/Makefile.global.in.p'.
       Trying implicit prerequisite `../../../../src/SCCS/s.Makefile.global.in.w'.
     Trying implicit prerequisite `../../../../src/Makefile.global.in.C'.
      Trying pattern rule with stem `Makefile.global.in'.
     Looking for a rule with intermediate file `../../../../src/Makefile.global.in.C'.
     Looking for a rule with intermediate file `../../../src/Makefile.global.in.p'.
      Avoiding implicit rule recursion.
      Avoiding implicit rule recursion.
        Trying pattern rule with stem `configure.f'.
      Rejecting impossible implicit prerequisite `../../../../src/Makefile.global.in.w'.
      Trying pattern rule with stem `Makefile.global.in.p'.
      Avoiding implicit rule recursion.
        Trying implicit prerequisite `../../../RCS/configure.f'.
     Trying pattern rule with stem `Makefile.global.in'.
        Trying pattern rule with stem `configure.f'.
     Trying implicit prerequisite `../../../../src/Makefile.global.in.cc'.
      Trying pattern rule with stem `Makefile.global.in.C'.
      Trying implicit prerequisite `../../../src/Makefile.global.in.p,v'.
      Trying pattern rule with stem `Makefile.global.in.cc'.
      Avoiding implicit rule recursion.
      Trying implicit prerequisite `../../../src/s.Makefile.global.in.cc'.
     Looking for a rule with intermediate file `../../../../src/Makefile.global.in.cc'.
      Trying implicit prerequisite `../../../../src/Makefile.global.in.C,v'.
      Trying pattern rule with stem `Makefile.global.in.p'.
      Trying pattern rule with stem `Makefile.global.in'.
        Trying implicit prerequisite `../../../s.configure.f'.
      Trying pattern rule with stem `Makefile.global.in.cc'.
      Trying implicit prerequisite `../../../src/Makefile.global.in.web'.
      Trying pattern rule with stem `Makefile.global.in.C'.
      Avoiding implicit rule recursion.
      Avoiding implicit rule recursion.
      Trying pattern rule with stem `Makefile.global.in.p'.
      Trying pattern rule with stem `Makefile.global.in.cc'.
      Trying implicit prerequisite `../../../src/RCS/Makefile.global.in.p,v'.
        Trying pattern rule with stem `configure.f'.
      Trying implicit prerequisite `../../../src/SCCS/s.Makefile.global.in.cc'.
      Trying pattern rule with stem `Makefile.global.in.p'.
     Trying pattern rule with stem `Makefile.global.in'.
      Trying implicit prerequisite `../../../src/Makefile.global.in.p,v'.
        Trying implicit prerequisite `../../../SCCS/s.configure.f'.
      Trying implicit prerequisite `../../../../src/Makefile.global.in.cc,v'.
      Trying implicit prerequisite `../../../../src/RCS/Makefile.global.in.C,v'.
      Trying implicit prerequisite `../../../src/RCS/Makefile.global.in.p'.
      Trying pattern rule with stem `Makefile.global.in.C'.
      Trying pattern rule with stem `Makefile.global.in.p'.
      Trying implicit prerequisite `../../../src/RCS/Makefile.global.in.p,v'.
      Trying pattern rule with stem `Makefile.global.in.p'.
      Trying implicit prerequisite `../../../src/RCS/Makefile.global.in.p'.
      Trying pattern rule with stem `Makefile.global.in.p'.
      Trying implicit prerequisite `../../../src/s.Makefile.global.in.p'.
      Trying pattern rule with stem `Makefile.global.in.p'.
      Trying implicit prerequisite `../../../src/SCCS/s.Makefile.global.in.p'.
      Trying pattern rule with stem `Makefile.global.in'.
      Trying implicit prerequisite `../../../src/Makefile.global.in.web'.
      Looking for a rule with intermediate file `../../../src/Makefile.global.in.web'.
      Trying pattern rule with stem `Makefile.global.in.p'.
      Trying pattern rule with stem `Makefile.global.in.cc'.
      Trying implicit prerequisite `../../../../src/RCS/Makefile.global.in.C'.
      Trying implicit prerequisite `../../../src/s.Makefile.global.in.p'.
     Trying implicit prerequisite `../../../src/Makefile.global.in.C'.
      Trying pattern rule with stem `Makefile.global.in.C'.
      Trying implicit prerequisite `../../../../src/RCS/Makefile.global.in.cc,v'.
        Trying pattern rule with stem `configure'.
     Looking for a rule with intermediate file `../../../src/Makefile.global.in.C'.
       Avoiding implicit rule recursion.
      Trying implicit prerequisite `../../../../src/s.Makefile.global.in.C'.
        Trying implicit prerequisite `../../../configure.F'.
      Trying pattern rule with stem `Makefile.global.in.cc'.
       Avoiding implicit rule recursion.
      Trying pattern rule with stem `Makefile.global.in.p'.
      Avoiding implicit rule recursion.
      Trying implicit prerequisite `../../../src/SCCS/s.Makefile.global.in.p'.
      Trying pattern rule with stem `Makefile.global.in.C'.
        Looking for a rule with intermediate file `../../../configure.F'.
      Trying implicit prerequisite `../../../../src/RCS/Makefile.global.in.cc'.
      Trying implicit prerequisite `../../../../src/SCCS/s.Makefile.global.in.C'.
       Avoiding implicit rule recursion.
      Trying pattern rule with stem `Makefile.global.in'.
       Trying pattern rule with stem `Makefile.global.in.web'.
      Avoiding implicit rule recursion.
         Avoiding implicit rule recursion.
      Trying pattern rule with stem `Makefile.global.in.cc'.
      Trying implicit prerequisite `../../../src/Makefile.global.in.web'.
         Avoiding implicit rule recursion.
       Trying implicit prerequisite `../../../src/Makefile.global.in.web,v'.
      Looking for a rule with intermediate file `../../../src/Makefile.global.in.web'.
       Avoiding implicit rule recursion.
         Avoiding implicit rule recursion.
      Trying pattern rule with stem `Makefile.global.in.C'.
      Trying implicit prerequisite `../../../../src/s.Makefile.global.in.cc'.
      Trying implicit prerequisite `../../../src/Makefile.global.in.C,v'.
         Trying pattern rule with stem `configure.F'.
      Trying pattern rule with stem `Makefile.global.in.cc'.
         Trying implicit prerequisite `../../../configure.F,v'.
     Trying pattern rule with stem `Makefile.global.in'.
      Trying implicit prerequisite `../../../../src/SCCS/s.Makefile.global.in.cc'.
     Trying implicit prerequisite `../../../../src/Makefile.global.in.cpp'.
       Trying pattern rule with stem `Makefile.global.in.web'.
       Avoiding implicit rule recursion.
       Trying implicit prerequisite `../../../src/RCS/Makefile.global.in.web,v'.
     Looking for a rule with intermediate file `../../../../src/Makefile.global.in.cpp'.
       Avoiding implicit rule recursion.
       Trying pattern rule with stem `Makefile.global.in.web'.
     Trying pattern rule with stem `Makefile.global.in'.
      Avoiding implicit rule recursion.
       Trying implicit prerequisite `../../../src/RCS/Makefile.global.in.web'.
       Trying pattern rule with stem `Makefile.global.in.web'.
     Trying implicit prerequisite `../../../../src/Makefile.global.in.C'.
       Trying implicit prerequisite `../../../src/Makefile.global.in.web,v'.
      Avoiding implicit rule recursion.
      Trying pattern rule with stem `Makefile.global.in.C'.
         Trying pattern rule with stem `configure.F'.
       Trying pattern rule with stem `Makefile.global.in.web'.
     Looking for a rule with intermediate file `../../../../src/Makefile.global.in.C'.
       Trying pattern rule with stem `Makefile.global.in.web'.
      Trying implicit prerequisite `../../../src/RCS/Makefile.global.in.C,v'.
         Trying implicit prerequisite `../../../RCS/configure.F,v'.
       Trying implicit prerequisite `../../../src/RCS/Makefile.global.in.web,v'.
         Trying pattern rule with stem `configure.F'.
      Trying pattern rule with stem `Makefile.global.in.cpp'.
         Trying implicit prerequisite `../../../RCS/configure.F'.
      Avoiding implicit rule recursion.
      Avoiding implicit rule recursion.
       Trying implicit prerequisite `../../../src/s.Makefile.global.in.web'.
      Trying pattern rule with stem `Makefile.global.in.C'.
      Trying implicit prerequisite `../../../../src/Makefile.global.in.cpp,v'.
         Trying pattern rule with stem `configure.F'.
      Trying implicit prerequisite `../../../src/RCS/Makefile.global.in.C'.
       Trying pattern rule with stem `Makefile.global.in.web'.
       Trying implicit prerequisite `../../../src/SCCS/s.Makefile.global.in.web'.
     Trying pattern rule with stem `Makefile.global.in'.
     Trying implicit prerequisite `../../../src/Makefile.global.in.f'.
     Looking for a rule with intermediate file `../../../src/Makefile.global.in.f'.
      Avoiding implicit rule recursion.
      Avoiding implicit rule recursion.
      Trying pattern rule with stem `Makefile.global.in'.
      Trying implicit prerequisite `../../../src/Makefile.global.in.F'.
         Trying implicit prerequisite `../../../s.configure.F'.
      Trying pattern rule with stem `Makefile.global.in.C'.
         Trying pattern rule with stem `configure.F'.
      Trying implicit prerequisite `../../../../src/Makefile.global.in.C,v'.
      Trying pattern rule with stem `Makefile.global.in.C'.
      Trying pattern rule with stem `Makefile.global.in'.
      Trying pattern rule with stem `Makefile.global.in.C'.
      Trying implicit prerequisite `../../../src/s.Makefile.global.in.C'.
         Trying implicit prerequisite `../../../SCCS/s.configure.F'.
      Trying implicit prerequisite `../../../../src/RCS/Makefile.global.in.C,v'.
       Trying pattern rule with stem `Makefile.global.in.web'.
      Trying pattern rule with stem `Makefile.global.in.C'.
        Trying pattern rule with stem `configure'.
      Trying implicit prerequisite `../../../../src/RCS/Makefile.global.in.C'.
      Trying pattern rule with stem `Makefile.global.in.cpp'.
       Trying implicit prerequisite `../../../src/RCS/Makefile.global.in.web'.
      Trying pattern rule with stem `Makefile.global.in.C'.
       Trying pattern rule with stem `Makefile.global.in.web'.
      Trying implicit prerequisite `../../../src/SCCS/s.Makefile.global.in.C'.
      Trying implicit prerequisite `../../../src/Makefile.global.in.r'.
      Trying pattern rule with stem `Makefile.global.in.C'.
       Trying implicit prerequisite `../../../src/s.Makefile.global.in.web'.
     Trying pattern rule with stem `Makefile.global.in'.
      Trying pattern rule with stem `Makefile.global.in.f'.
     Trying implicit prerequisite `../../../src/Makefile.global.in.cpp'.
      Trying implicit prerequisite `../../../src/Makefile.global.in.f,v'.
      Trying implicit prerequisite `../../../../src/s.Makefile.global.in.C'.
        Trying implicit prerequisite `../../../configure.r'.
       Trying pattern rule with stem `Makefile.global.in.web'.
      Trying pattern rule with stem `Makefile.global.in.C'.
      Trying implicit prerequisite `../../../../src/RCS/Makefile.global.in.cpp,v'.
      Trying implicit prerequisite `../../../../src/SCCS/s.Makefile.global.in.C'.
      Trying pattern rule with stem `Makefile.global.in.f'.
       Trying implicit prerequisite `../../../src/SCCS/s.Makefile.global.in.web'.
     Trying pattern rule with stem `Makefile.global.in'.
        Looking for a rule with intermediate file `../../../configure.r'.
     Looking for a rule with intermediate file `../../../src/Makefile.global.in.cpp'.
      Trying pattern rule with stem `Makefile.global.in.cpp'.
      Avoiding implicit rule recursion.
      Trying implicit prerequisite `../../../../src/RCS/Makefile.global.in.cpp'.
     Trying implicit prerequisite `../../../../src/Makefile.global.in.cpp'.
     Looking for a rule with intermediate file `../../../../src/Makefile.global.in.cpp'.
         Avoiding implicit rule recursion.
      Avoiding implicit rule recursion.
      Trying pattern rule with stem `Makefile.global.in.cpp'.
      Trying pattern rule with stem `Makefile.global.in.cpp'.
         Avoiding implicit rule recursion.
      Trying implicit prerequisite `../../../src/Makefile.global.in.cpp,v'.
     Trying pattern rule with stem `Makefile.global.in'.
         Avoiding implicit rule recursion.
      Trying pattern rule with stem `Makefile.global.in.cpp'.
         Trying pattern rule with stem `configure'.
      Trying implicit prerequisite `../../../src/RCS/Makefile.global.in.cpp,v'.
      Trying implicit prerequisite `../../../../src/s.Makefile.global.in.cpp'.
     Trying implicit prerequisite `../../../src/Makefile.global.in.f'.
         Rejecting impossible implicit prerequisite `../../../configure.l'.
      Trying pattern rule with stem `Makefile.global.in.cpp'.
      Trying implicit prerequisite `../../../src/RCS/Makefile.global.in.f,v'.
      Trying pattern rule with stem `Makefile.global.in.cpp'.
     Looking for a rule with intermediate file `../../../src/Makefile.global.in.f'.
      Trying implicit prerequisite `../../../src/RCS/Makefile.global.in.cpp'.
      Trying pattern rule with stem `Makefile.global.in.f'.
         Trying pattern rule with stem `configure.r'.
      Avoiding implicit rule recursion.
         Trying implicit prerequisite `../../../configure.r,v'.
      Trying pattern rule with stem `Makefile.global.in.cpp'.
         Trying pattern rule with stem `configure.r'.
      Trying implicit prerequisite `../../../src/s.Makefile.global.in.cpp'.
      Trying implicit prerequisite `../../../../src/SCCS/s.Makefile.global.in.cpp'.
      Trying implicit prerequisite `../../../src/RCS/Makefile.global.in.f'.
     Trying pattern rule with stem `Makefile.global.in'.
      Trying pattern rule with stem `Makefile.global.in.f'.
     Trying implicit prerequisite `../../../../src/Makefile.global.in.p'.
      Avoiding implicit rule recursion.
      Trying pattern rule with stem `Makefile.global.in'.
      Trying pattern rule with stem `Makefile.global.in.cpp'.
      Trying implicit prerequisite `../../../src/Makefile.global.in.F'.
      Trying implicit prerequisite `../../../src/SCCS/s.Makefile.global.in.cpp'.
      Trying implicit prerequisite `../../../src/s.Makefile.global.in.f'.
     Trying pattern rule with stem `Makefile.global.in'.
      Trying pattern rule with stem `Makefile.global.in.f'.
     Looking for a rule with intermediate file `../../../../src/Makefile.global.in.p'.
      Trying implicit prerequisite `../../../src/SCCS/s.Makefile.global.in.f'.
     Trying implicit prerequisite `../../../src/Makefile.global.in.p'.
      Trying pattern rule with stem `Makefile.global.in'.
      Avoiding implicit rule recursion.
      Trying pattern rule with stem `Makefile.global.in'.
         Trying implicit prerequisite `../../../RCS/configure.r,v'.
      Trying implicit prerequisite `../../../src/Makefile.global.in.r'.
      Avoiding implicit rule recursion.
      Avoiding implicit rule recursion.
     Looking for a rule with intermediate file `../../../src/Makefile.global.in.p'.
      Trying pattern rule with stem `Makefile.global.in.cpp'.
      Avoiding implicit rule recursion.
      Trying implicit prerequisite `../../../src/Makefile.global.in.F'.
      Avoiding implicit rule recursion.
      Trying implicit prerequisite `../../../../src/Makefile.global.in.cpp,v'.
      Trying pattern rule with stem `Makefile.global.in.f'.
      Trying pattern rule with stem `Makefile.global.in'.
      Trying pattern rule with stem `Makefile.global.in.cpp'.
      Trying implicit prerequisite `../../../src/Makefile.global.in.f,v'.
         Trying pattern rule with stem `configure.r'.
      Trying implicit prerequisite `../../../../src/Makefile.global.in.web'.
      Trying pattern rule with stem `Makefile.global.in.f'.
         Trying implicit prerequisite `../../../RCS/configure.r'.
      Avoiding implicit rule recursion.
      Trying implicit prerequisite `../../../src/RCS/Makefile.global.in.f,v'.
         Trying pattern rule with stem `configure.r'.
      Trying pattern rule with stem `Makefile.global.in.f'.
         Trying implicit prerequisite `../../../s.configure.r'.
      Trying implicit prerequisite `../../../src/RCS/Makefile.global.in.f'.
      Trying pattern rule with stem `Makefile.global.in'.
      Looking for a rule with intermediate file `../../../src/Makefile.global.in.F'.
      Trying implicit prerequisite `../../../src/Makefile.global.in.web'.
      Trying pattern rule with stem `Makefile.global.in.p'.
      Trying implicit prerequisite `../../../../src/RCS/Makefile.global.in.cpp,v'.
       Avoiding implicit rule recursion.
      Trying pattern rule with stem `Makefile.global.in.cpp'.
      Trying implicit prerequisite `../../../../src/Makefile.global.in.p,v'.
         Trying pattern rule with stem `configure.r'.
      Trying implicit prerequisite `../../../../src/RCS/Makefile.global.in.cpp'.
      Trying pattern rule with stem `Makefile.global.in.p'.
       Avoiding implicit rule recursion.
      Trying implicit prerequisite `../../../src/Makefile.global.in.p,v'.
      Trying pattern rule with stem `Makefile.global.in.cpp'.
      Trying pattern rule with stem `Makefile.global.in.p'.
      Trying pattern rule with stem `Makefile.global.in.f'.
      Trying implicit prerequisite `../../../src/RCS/Makefile.global.in.p,v'.
      Trying implicit prerequisite `../../../src/s.Makefile.global.in.f'.
       Avoiding implicit rule recursion.
      Trying pattern rule with stem `Makefile.global.in.p'.
         Trying implicit prerequisite `../../../SCCS/s.configure.r'.
       Trying pattern rule with stem `Makefile.global.in.F'.
      Trying implicit prerequisite `../../../../src/s.Makefile.global.in.cpp'.
      Trying pattern rule with stem `Makefile.global.in.p'.
       Trying pattern rule with stem `configure'.
      Trying pattern rule with stem `Makefile.global.in.cpp'.
       Trying implicit prerequisite `../../../src/Makefile.global.in.F,v'.
      Trying implicit prerequisite `../../../src/RCS/Makefile.global.in.p'.
      Trying implicit prerequisite `../../../../src/RCS/Makefile.global.in.p,v'.
       Trying pattern rule with stem `Makefile.global.in.F'.
      Trying pattern rule with stem `Makefile.global.in.p'.
      Trying pattern rule with stem `Makefile.global.in.p'.
      Trying implicit prerequisite `../../../../src/RCS/Makefile.global.in.p'.
      Trying implicit prerequisite `../../../../src/SCCS/s.Makefile.global.in.cpp'.
       Trying implicit prerequisite `../../../src/RCS/Makefile.global.in.F,v'.
     Trying pattern rule with stem `Makefile.global.in'.
      Trying pattern rule with stem `Makefile.global.in.p'.
      Trying implicit prerequisite `../../../src/s.Makefile.global.in.p'.
      Trying pattern rule with stem `Makefile.global.in.p'.
      Trying implicit prerequisite `../../../../src/s.Makefile.global.in.p'.
       Trying pattern rule with stem `Makefile.global.in.F'.
     Trying implicit prerequisite `../../../../src/Makefile.global.in.p'.
      Trying implicit prerequisite `../../../src/SCCS/s.Makefile.global.in.p'.
      Trying pattern rule with stem `Makefile.global.in.f'.
      Trying pattern rule with stem `Makefile.global.in.p'.
       Rejecting impossible implicit prerequisite `../../../configure.F'.
       Trying implicit prerequisite `../../../src/RCS/Makefile.global.in.F'.
     Looking for a rule with intermediate file `../../../../src/Makefile.global.in.p'.
      Trying pattern rule with stem `Makefile.global.in'.
      Trying implicit prerequisite `../../../../src/SCCS/s.Makefile.global.in.p'.
       Trying pattern rule with stem `configure'.
      Avoiding implicit rule recursion.
      Trying implicit prerequisite `../../../src/SCCS/s.Makefile.global.in.f'.
      Trying pattern rule with stem `Makefile.global.in'.
       Trying pattern rule with stem `Makefile.global.in.F'.
       Trying implicit prerequisite `../../../configure.m'.
      Trying implicit prerequisite `../../../src/Makefile.global.in.web'.
      Looking for a rule with intermediate file `../../../src/Makefile.global.in.web'.
      Trying pattern rule with stem `Makefile.global.in'.
      Trying implicit prerequisite `../../../../src/Makefile.global.in.web'.
      Trying implicit prerequisite `../../../src/Makefile.global.in.F'.
       Trying implicit prerequisite `../../../src/s.Makefile.global.in.F'.
      Avoiding implicit rule recursion.
       Avoiding implicit rule recursion.
      Looking for a rule with intermediate file `../../../../src/Makefile.global.in.web'.
       Looking for a rule with intermediate file `../../../configure.m'.
       Trying pattern rule with stem `Makefile.global.in.F'.
      Trying pattern rule with stem `Makefile.global.in'.
       Avoiding implicit rule recursion.
      Looking for a rule with intermediate file `../../../src/Makefile.global.in.F'.
       Avoiding implicit rule recursion.
        Avoiding implicit rule recursion.
      Trying implicit prerequisite `../../../../src/Makefile.global.in.web'.
       Avoiding implicit rule recursion.
       Trying pattern rule with stem `Makefile.global.in.web'.
       Avoiding implicit rule recursion.
       Avoiding implicit rule recursion.
        Avoiding implicit rule recursion.
      Trying pattern rule with stem `Makefile.global.in.p'.
       Trying implicit prerequisite `../../../src/Makefile.global.in.web,v'.
       Avoiding implicit rule recursion.
       Trying implicit prerequisite `../../../src/SCCS/s.Makefile.global.in.F'.
        Trying pattern rule with stem `configure'.
      Trying implicit prerequisite `../../../../src/Makefile.global.in.p,v'.
       Avoiding implicit rule recursion.
       Avoiding implicit rule recursion.
       Trying pattern rule with stem `Makefile.global.in.web'.
       Trying pattern rule with stem `Makefile.global.in.F'.
      Trying pattern rule with stem `Makefile.global.in'.
        Trying implicit prerequisite `../../../configure.ym'.
      Trying implicit prerequisite `../../../src/Makefile.global.in.r'.
      Looking for a rule with intermediate file `../../../src/Makefile.global.in.r'.
      Trying pattern rule with stem `Makefile.global.in.p'.
       Trying implicit prerequisite `../../../../src/Makefile.global.in.web,v'.
      Trying implicit prerequisite `../../../../src/RCS/Makefile.global.in.p,v'.
       Trying implicit prerequisite `../../../src/Makefile.global.in.F,v'.
        Trying pattern rule with stem `configure'.
       Trying pattern rule with stem `Makefile.global.in.web'.
       Avoiding implicit rule recursion.
       Trying pattern rule with stem `Makefile.global.in.web'.
      Trying pattern rule with stem `Makefile.global.in.p'.
       Trying pattern rule with stem `Makefile.global.in.F'.
        Trying implicit prerequisite `../../../configure.lm'.
       Trying implicit prerequisite `../../../src/RCS/Makefile.global.in.web,v'.
       Avoiding implicit rule recursion.
       Avoiding implicit rule recursion.
       Trying pattern rule with stem `Makefile.global.in'.
       Rejecting impossible implicit prerequisite `../../../src/Makefile.global.in.l'.
       Trying pattern rule with stem `Makefile.global.in.r'.
       Trying implicit prerequisite `../../../src/Makefile.global.in.r,v'.
       Trying pattern rule with stem `Makefile.global.in.r'.
       Trying implicit prerequisite `../../../src/RCS/Makefile.global.in.r,v'.
       Trying pattern rule with stem `Makefile.global.in.r'.
       Trying implicit prerequisite `../../../../src/RCS/Makefile.global.in.web,v'.
      Trying implicit prerequisite `../../../../src/RCS/Makefile.global.in.p'.
       Trying implicit prerequisite `../../../src/RCS/Makefile.global.in.F,v'.
       Trying pattern rule with stem `Makefile.global.in.web'.
       Trying implicit prerequisite `../../../src/RCS/Makefile.global.in.web'.
        Trying pattern rule with stem `configure.m'.
       Trying implicit prerequisite `../../../src/RCS/Makefile.global.in.r'.
       Trying pattern rule with stem `Makefile.global.in.web'.
       Trying pattern rule with stem `Makefile.global.in.F'.
       Trying pattern rule with stem `Makefile.global.in.web'.
        Trying implicit prerequisite `../../../configure.m,v'.
       Trying pattern rule with stem `Makefile.global.in.r'.
      Trying pattern rule with stem `Makefile.global.in.p'.
       Trying implicit prerequisite `../../../src/s.Makefile.global.in.web'.
       Trying implicit prerequisite `../../../../src/RCS/Makefile.global.in.web'.
       Trying implicit prerequisite `../../../src/s.Makefile.global.in.r'.
      Trying implicit prerequisite `../../../../src/s.Makefile.global.in.p'.
       Trying pattern rule with stem `Makefile.global.in.web'.
       Trying pattern rule with stem `Makefile.global.in.r'.
       Trying implicit prerequisite `../../../../src/s.Makefile.global.in.web'.
       Trying implicit prerequisite `../../../src/SCCS/s.Makefile.global.in.r'.
        Trying pattern rule with stem `configure.m'.
     Trying pattern rule with stem `Makefile.global.in'.
        Trying implicit prerequisite `../../../RCS/configure.m,v'.
       Trying implicit prerequisite `../../../src/RCS/Makefile.global.in.F'.
        Trying pattern rule with stem `configure.m'.
     Rejecting impossible implicit prerequisite `../../../src/Makefile.global.in.F'.
       Trying pattern rule with stem `Makefile.global.in.web'.
     Trying pattern rule with stem `Makefile.global.in'.
       Trying pattern rule with stem `Makefile.global.in.web'.
     Trying implicit prerequisite `../../../src/Makefile.global.in.m'.
        Trying implicit prerequisite `../../../RCS/configure.m'.
       Trying implicit prerequisite `../../../../src/SCCS/s.Makefile.global.in.web'.
       Trying pattern rule with stem `Makefile.global.in.F'.
      Trying pattern rule with stem `Makefile.global.in.p'.
     Looking for a rule with intermediate file `../../../src/Makefile.global.in.m'.
       Trying implicit prerequisite `../../../src/s.Makefile.global.in.F'.
     Trying pattern rule with stem `Makefile.global.in'.
       Trying pattern rule with stem `Makefile.global.in.F'.
      Avoiding implicit rule recursion.
      Trying implicit prerequisite `../../../../src/SCCS/s.Makefile.global.in.p'.
       Trying implicit prerequisite `../../../src/SCCS/s.Makefile.global.in.web'.
      Avoiding implicit rule recursion.
     Trying pattern rule with stem `Makefile.global.in'.
        Trying pattern rule with stem `configure.m'.
      Trying pattern rule with stem `Makefile.global.in'.
      Trying pattern rule with stem `Makefile.global.in'.
      Trying implicit prerequisite `../../../src/Makefile.global.in.ym'.
     Trying implicit prerequisite `../../../../src/Makefile.global.in.f'.
       Trying implicit prerequisite `../../../src/SCCS/s.Makefile.global.in.F'.
      Trying implicit prerequisite `../../../../src/Makefile.global.in.web'.
      Trying pattern rule with stem `Makefile.global.in'.
     Looking for a rule with intermediate file `../../../../src/Makefile.global.in.f'.
      Trying implicit prerequisite `../../../src/Makefile.global.in.r'.
      Looking for a rule with intermediate file `../../../../src/Makefile.global.in.web'.
      Avoiding implicit rule recursion.
      Looking for a rule with intermediate file `../../../src/Makefile.global.in.r'.
       Avoiding implicit rule recursion.
        Trying implicit prerequisite `../../../s.configure.m'.
       Avoiding implicit rule recursion.
       Avoiding implicit rule recursion.
        Trying pattern rule with stem `configure.m'.
      Avoiding implicit rule recursion.
        Trying implicit prerequisite `../../../SCCS/s.configure.m'.
      Trying pattern rule with stem `Makefile.global.in'.
       Avoiding implicit rule recursion.
        Trying pattern rule with stem `configure'.
       Avoiding implicit rule recursion.
        Trying implicit prerequisite `../../../configure.ym'.
     Trying implicit prerequisite `../../../src/Makefile.global.in.f'.
       Trying pattern rule with stem `Makefile.global.in.web'.
      Trying pattern rule with stem `Makefile.global.in'.
       Avoiding implicit rule recursion.
     Looking for a rule with intermediate file `../../../src/Makefile.global.in.f'.
        Looking for a rule with intermediate file `../../../configure.ym'.
       Trying implicit prerequisite `../../../../src/Makefile.global.in.web,v'.
       Trying pattern rule with stem `Makefile.global.in'.
         Avoiding implicit rule recursion.
      Trying implicit prerequisite `../../../../src/Makefile.global.in.F'.
      Trying implicit prerequisite `../../../src/Makefile.global.in.lm'.
      Avoiding implicit rule recursion.
       Rejecting impossible implicit prerequisite `../../../src/Makefile.global.in.l'.
      Trying pattern rule with stem `Makefile.global.in.m'.
       Trying pattern rule with stem `Makefile.global.in.web'.
       Trying pattern rule with stem `Makefile.global.in.r'.
       Trying implicit prerequisite `../../../../src/RCS/Makefile.global.in.web,v'.
         Avoiding implicit rule recursion.
       Trying implicit prerequisite `../../../src/Makefile.global.in.r,v'.
       Trying pattern rule with stem `Makefile.global.in.web'.
      Trying pattern rule with stem `Makefile.global.in'.
       Trying implicit prerequisite `../../../../src/RCS/Makefile.global.in.web'.
      Trying implicit prerequisite `../../../../src/Makefile.global.in.r'.
      Avoiding implicit rule recursion.
       Trying pattern rule with stem `Makefile.global.in.r'.
         Avoiding implicit rule recursion.
       Trying pattern rule with stem `Makefile.global.in.web'.
         Trying pattern rule with stem `configure.ym'.
       Trying implicit prerequisite `../../../src/RCS/Makefile.global.in.r,v'.
      Trying pattern rule with stem `Makefile.global.in.f'.
      Trying implicit prerequisite `../../../src/Makefile.global.in.m,v'.
      Trying implicit prerequisite `../../../../src/Makefile.global.in.f,v'.
       Trying implicit prerequisite `../../../../src/s.Makefile.global.in.web'.
         Trying implicit prerequisite `../../../configure.ym,v'.
      Trying pattern rule with stem `Makefile.global.in.f'.
       Trying pattern rule with stem `Makefile.global.in.r'.
      Trying pattern rule with stem `Makefile.global.in'.
      Trying pattern rule with stem `Makefile.global.in.m'.
      Trying implicit prerequisite `../../../src/Makefile.global.in.F'.
       Trying implicit prerequisite `../../../src/RCS/Makefile.global.in.r'.
       Trying pattern rule with stem `Makefile.global.in.web'.
      Trying implicit prerequisite `../../../../src/RCS/Makefile.global.in.f,v'.
       Trying pattern rule with stem `Makefile.global.in.r'.
      Trying implicit prerequisite `../../../src/RCS/Makefile.global.in.m,v'.
       Trying implicit prerequisite `../../../../src/SCCS/s.Makefile.global.in.web'.
      Trying pattern rule with stem `Makefile.global.in.m'.
      Trying pattern rule with stem `Makefile.global.in'.
      Trying pattern rule with stem `Makefile.global.in.f'.
       Trying implicit prerequisite `../../../src/s.Makefile.global.in.r'.
         Trying pattern rule with stem `configure.ym'.
       Trying pattern rule with stem `Makefile.global.in.r'.
         Trying implicit prerequisite `../../../RCS/configure.ym,v'.
      Trying implicit prerequisite `../../../src/Makefile.global.in.r'.
      Trying implicit prerequisite `../../../src/RCS/Makefile.global.in.m'.
      Trying pattern rule with stem `Makefile.global.in.f'.
       Trying implicit prerequisite `../../../src/SCCS/s.Makefile.global.in.r'.
      Trying implicit prerequisite `../../../src/Makefile.global.in.f,v'.
      Trying implicit prerequisite `../../../../src/RCS/Makefile.global.in.f'.
     Trying pattern rule with stem `Makefile.global.in'.
         Trying pattern rule with stem `configure.ym'.
      Trying pattern rule with stem `Makefile.global.in.m'.
      Trying pattern rule with stem `Makefile.global.in.f'.
         Trying implicit prerequisite `../../../RCS/configure.ym'.
     Trying pattern rule with stem `Makefile.global.in'.
         Trying pattern rule with stem `configure.ym'.
      Trying implicit prerequisite `../../../../src/s.Makefile.global.in.f'.
         Trying implicit prerequisite `../../../s.configure.ym'.
      Trying pattern rule with stem `Makefile.global.in.f'.
      Trying implicit prerequisite `../../../src/s.Makefile.global.in.m'.
         Trying pattern rule with stem `configure.ym'.
     Trying implicit prerequisite `../../../../src/Makefile.global.in.f'.
     Rejecting impossible implicit prerequisite `../../../src/Makefile.global.in.F'.
      Trying implicit prerequisite `../../../src/RCS/Makefile.global.in.f,v'.
      Trying pattern rule with stem `Makefile.global.in.m'.
     Looking for a rule with intermediate file `../../../../src/Makefile.global.in.f'.
      Trying implicit prerequisite `../../../src/SCCS/s.Makefile.global.in.m'.
         Trying implicit prerequisite `../../../SCCS/s.configure.ym'.
      Avoiding implicit rule recursion.
      Trying pattern rule with stem `Makefile.global.in.f'.
      Trying pattern rule with stem `Makefile.global.in'.
      Trying implicit prerequisite `../../../src/RCS/Makefile.global.in.f'.
     Trying pattern rule with stem `Makefile.global.in'.
      Trying implicit prerequisite `../../../src/Makefile.global.in.ym'.
      Trying pattern rule with stem `Makefile.global.in.f'.
      Avoiding implicit rule recursion.
      Trying implicit prerequisite `../../../src/s.Makefile.global.in.f'.
        Trying pattern rule with stem `configure'.
      Trying pattern rule with stem `Makefile.global.in.f'.
     Trying implicit prerequisite `../../../src/Makefile.global.in.m'.
      Trying implicit prerequisite `../../../src/SCCS/s.Makefile.global.in.f'.
      Trying pattern rule with stem `Makefile.global.in.f'.
        Trying implicit prerequisite `../../../configure.lm'.
      Trying pattern rule with stem `Makefile.global.in'.
      Trying implicit prerequisite `../../../../src/SCCS/s.Makefile.global.in.f'.
      Trying pattern rule with stem `Makefile.global.in'.
        Looking for a rule with intermediate file `../../../configure.lm'.
     Looking for a rule with intermediate file `../../../src/Makefile.global.in.m'.
      Trying pattern rule with stem `Makefile.global.in'.
      Trying implicit prerequisite `../../../../src/Makefile.global.in.F'.
      Avoiding implicit rule recursion.
         Avoiding implicit rule recursion.
      Trying pattern rule with stem `Makefile.global.in'.
      Looking for a rule with intermediate file `../../../src/Makefile.global.in.ym'.
         Avoiding implicit rule recursion.
      Avoiding implicit rule recursion.
       Avoiding implicit rule recursion.
      Trying implicit prerequisite `../../../../src/Makefile.global.in.r'.
      Trying implicit prerequisite `../../../../src/Makefile.global.in.F'.
       Avoiding implicit rule recursion.
      Trying pattern rule with stem `Makefile.global.in'.
      Trying implicit prerequisite `../../../src/Makefile.global.in.F'.
      Trying pattern rule with stem `Makefile.global.in.f'.
       Avoiding implicit rule recursion.
      Looking for a rule with intermediate file `../../../src/Makefile.global.in.F'.
       Trying pattern rule with stem `Makefile.global.in.ym'.
      Looking for a rule with intermediate file `../../../../src/Makefile.global.in.F'.
      Trying implicit prerequisite `../../../../src/Makefile.global.in.f,v'.
         Avoiding implicit rule recursion.
      Trying implicit prerequisite `../../../src/Makefile.global.in.ym'.
       Avoiding implicit rule recursion.
       Avoiding implicit rule recursion.
      Trying pattern rule with stem `Makefile.global.in.f'.
       Avoiding implicit rule recursion.
         Trying pattern rule with stem `configure.lm'.
       Trying implicit prerequisite `../../../src/Makefile.global.in.ym,v'.
      Trying implicit prerequisite `../../../../src/RCS/Makefile.global.in.f,v'.
      Trying pattern rule with stem `Makefile.global.in.f'.
      Trying implicit prerequisite `../../../../src/RCS/Makefile.global.in.f'.
      Trying pattern rule with stem `Makefile.global.in.f'.
      Trying implicit prerequisite `../../../../src/s.Makefile.global.in.f'.
      Trying pattern rule with stem `Makefile.global.in.f'.
      Trying implicit prerequisite `../../../../src/SCCS/s.Makefile.global.in.f'.
      Trying pattern rule with stem `Makefile.global.in'.
      Trying implicit prerequisite `../../../../src/Makefile.global.in.F'.
      Looking for a rule with intermediate file `../../../../src/Makefile.global.in.F'.
       Avoiding implicit rule recursion.
       Avoiding implicit rule recursion.
       Avoiding implicit rule recursion.
       Trying pattern rule with stem `Makefile.global.in.F'.
       Trying implicit prerequisite `../../../../src/Makefile.global.in.F,v'.
       Trying pattern rule with stem `Makefile.global.in.F'.
       Trying implicit prerequisite `../../../../src/RCS/Makefile.global.in.F,v'.
       Trying pattern rule with stem `Makefile.global.in.F'.
       Trying implicit prerequisite `../../../../src/RCS/Makefile.global.in.F'.
       Trying pattern rule with stem `Makefile.global.in.ym'.
       Avoiding implicit rule recursion.
       Trying implicit prerequisite `../../../src/RCS/Makefile.global.in.ym,v'.
         Trying implicit prerequisite `../../../configure.lm,v'.
       Trying pattern rule with stem `Makefile.global.in.F'.
       Trying pattern rule with stem `Makefile.global.in.ym'.
       Trying implicit prerequisite `../../../../src/s.Makefile.global.in.F'.
       Trying implicit prerequisite `../../../src/RCS/Makefile.global.in.ym'.
       Avoiding implicit rule recursion.
         Trying pattern rule with stem `configure.lm'.
      Trying pattern rule with stem `Makefile.global.in'.
       Trying pattern rule with stem `Makefile.global.in.F'.
       Trying pattern rule with stem `Makefile.global.in.ym'.
       Avoiding implicit rule recursion.
       Trying pattern rule with stem `Makefile.global.in.F'.
         Trying implicit prerequisite `../../../RCS/configure.lm,v'.
         Trying pattern rule with stem `configure.lm'.
       Trying implicit prerequisite `../../../src/s.Makefile.global.in.ym'.
       Trying implicit prerequisite `../../../../src/SCCS/s.Makefile.global.in.F'.
      Trying implicit prerequisite `../../../src/Makefile.global.in.lm'.
       Trying implicit prerequisite `../../../../src/Makefile.global.in.F,v'.
         Trying implicit prerequisite `../../../RCS/configure.lm'.
       Trying pattern rule with stem `Makefile.global.in.F'.
      Trying pattern rule with stem `Makefile.global.in'.
      Trying pattern rule with stem `Makefile.global.in.m'.
       Trying pattern rule with stem `Makefile.global.in.F'.
      Trying implicit prerequisite `../../../src/Makefile.global.in.m,v'.
      Trying implicit prerequisite `../../../../src/Makefile.global.in.r'.
         Trying pattern rule with stem `configure.lm'.
       Trying implicit prerequisite `../../../../src/RCS/Makefile.global.in.F,v'.
       Trying pattern rule with stem `Makefile.global.in.ym'.
       Trying pattern rule with stem `Makefile.global.in.F'.
         Trying implicit prerequisite `../../../s.configure.lm'.
      Trying pattern rule with stem `Makefile.global.in.m'.
       Trying implicit prerequisite `../../../../src/RCS/Makefile.global.in.F'.
       Trying implicit prerequisite `../../../src/Makefile.global.in.F,v'.
       Trying pattern rule with stem `Makefile.global.in.F'.
       Trying implicit prerequisite `../../../src/SCCS/s.Makefile.global.in.ym'.
       Trying implicit prerequisite `../../../../src/s.Makefile.global.in.F'.
      Trying pattern rule with stem `Makefile.global.in'.
      Looking for a rule with intermediate file `../../../../src/Makefile.global.in.r'.
       Trying pattern rule with stem `Makefile.global.in.F'.
       Trying pattern rule with stem `Makefile.global.in.F'.
       Avoiding implicit rule recursion.
      Trying implicit prerequisite `../../../src/RCS/Makefile.global.in.m,v'.
      Trying implicit prerequisite `../../../src/Makefile.global.in.lm'.
         Trying pattern rule with stem `configure.lm'.
      Looking for a rule with intermediate file `../../../src/Makefile.global.in.lm'.
       Trying implicit prerequisite `../../../src/RCS/Makefile.global.in.F,v'.
      Trying pattern rule with stem `Makefile.global.in.m'.
       Avoiding implicit rule recursion.
       Trying implicit prerequisite `../../../../src/SCCS/s.Makefile.global.in.F'.
      Trying implicit prerequisite `../../../src/RCS/Makefile.global.in.m'.
      Trying pattern rule with stem `Makefile.global.in'.
       Avoiding implicit rule recursion.
      Trying implicit prerequisite `../../../../src/Makefile.global.in.r'.
       Trying pattern rule with stem `Makefile.global.in.F'.
      Trying pattern rule with stem `Makefile.global.in.m'.
       Trying implicit prerequisite `../../../src/RCS/Makefile.global.in.F'.
      Trying implicit prerequisite `../../../src/s.Makefile.global.in.m'.
       Avoiding implicit rule recursion.
         Trying implicit prerequisite `../../../SCCS/s.configure.lm'.
      Trying pattern rule with stem `Makefile.global.in.m'.
       Trying pattern rule with stem `Makefile.global.in.F'.
       Avoiding implicit rule recursion.
      Looking for a rule with intermediate file `../../../../src/Makefile.global.in.r'.
      Trying implicit prerequisite `../../../src/SCCS/s.Makefile.global.in.m'.
       Trying implicit prerequisite `../../../src/s.Makefile.global.in.F'.
       Avoiding implicit rule recursion.
       Trying pattern rule with stem `Makefile.global.in.F'.
       Trying pattern rule with stem `configure'.
       Avoiding implicit rule recursion.
       Trying pattern rule with stem `Makefile.global.in.lm'.
       Trying implicit prerequisite `../../../src/SCCS/s.Makefile.global.in.F'.
       Rejecting impossible implicit prerequisite `../../../configure.r'.
      Trying pattern rule with stem `Makefile.global.in'.
       Avoiding implicit rule recursion.
       Trying implicit prerequisite `../../../src/Makefile.global.in.lm,v'.
      Trying implicit prerequisite `../../../src/Makefile.global.in.r'.
       Trying pattern rule with stem `configure'.
       Trying pattern rule with stem `Makefile.global.in.lm'.
      Looking for a rule with intermediate file `../../../src/Makefile.global.in.r'.
      Trying pattern rule with stem `Makefile.global.in'.
       Trying implicit prerequisite `../../../src/RCS/Makefile.global.in.lm,v'.
      Trying implicit prerequisite `../../../src/Makefile.global.in.ym'.
       Trying pattern rule with stem `Makefile.global.in.lm'.
       Avoiding implicit rule recursion.
       Trying pattern rule with stem `Makefile.global.in'.
       Trying implicit prerequisite `../../../configure.s'.
       Trying implicit prerequisite `../../../src/RCS/Makefile.global.in.lm'.
       Trying pattern rule with stem `Makefile.global.in'.
       Looking for a rule with intermediate file `../../../configure.s'.
       Rejecting impossible implicit prerequisite `../../../../src/Makefile.global.in.l'.
       Trying pattern rule with stem `Makefile.global.in.lm'.
       Rejecting impossible implicit prerequisite `../../../../src/Makefile.global.in.l'.
       Avoiding implicit rule recursion.
       Trying pattern rule with stem `Makefile.global.in.r'.
        Avoiding implicit rule recursion.
      Looking for a rule with intermediate file `../../../src/Makefile.global.in.ym'.
       Trying implicit prerequisite `../../../src/s.Makefile.global.in.lm'.
       Trying pattern rule with stem `Makefile.global.in.r'.
       Trying implicit prerequisite `../../../../src/Makefile.global.in.r,v'.
        Avoiding implicit rule recursion.
       Avoiding implicit rule recursion.
       Trying pattern rule with stem `Makefile.global.in.lm'.
       Trying implicit prerequisite `../../../../src/Makefile.global.in.r,v'.
       Trying implicit prerequisite `../../../src/SCCS/s.Makefile.global.in.lm'.
       Trying pattern rule with stem `Makefile.global.in.r'.
     Trying pattern rule with stem `Makefile.global.in'.
       Avoiding implicit rule recursion.
       Trying pattern rule with stem `Makefile.global.in.r'.
        Trying pattern rule with stem `configure'.
       Avoiding implicit rule recursion.
     Rejecting impossible implicit prerequisite `../../../src/Makefile.global.in.r'.
       Avoiding implicit rule recursion.
       Trying implicit prerequisite `../../../../src/RCS/Makefile.global.in.r,v'.
     Trying pattern rule with stem `Makefile.global.in'.
       Trying implicit prerequisite `../../../../src/RCS/Makefile.global.in.r,v'.
       Trying pattern rule with stem `Makefile.global.in'.
        Trying implicit prerequisite `../../../configure.S'.
       Avoiding implicit rule recursion.
     Trying implicit prerequisite `../../../src/Makefile.global.in.s'.
       Trying pattern rule with stem `Makefile.global.in.r'.
     Looking for a rule with intermediate file `../../../src/Makefile.global.in.s'.
        Trying pattern rule with stem `configure.s'.
       Trying pattern rule with stem `Makefile.global.in.ym'.
        Trying implicit prerequisite `../../../configure.s,v'.
       Trying implicit prerequisite `../../../../src/RCS/Makefile.global.in.r'.
      Avoiding implicit rule recursion.
       Rejecting impossible implicit prerequisite `../../../src/Makefile.global.in.l'.
       Trying pattern rule with stem `Makefile.global.in.r'.
       Trying pattern rule with stem `Makefile.global.in.r'.
       Trying implicit prerequisite `../../../../src/RCS/Makefile.global.in.r'.
       Trying pattern rule with stem `Makefile.global.in.r'.
       Trying implicit prerequisite `../../../src/Makefile.global.in.ym,v'.
       Trying implicit prerequisite `../../../../src/s.Makefile.global.in.r'.
       Trying pattern rule with stem `Makefile.global.in.r'.
       Trying pattern rule with stem `Makefile.global.in.ym'.
      Avoiding implicit rule recursion.
       Trying implicit prerequisite `../../../src/RCS/Makefile.global.in.ym,v'.
       Trying pattern rule with stem `Makefile.global.in.r'.
        Trying pattern rule with stem `configure.s'.
      Trying pattern rule with stem `Makefile.global.in'.
       Trying pattern rule with stem `Makefile.global.in.ym'.
      Trying implicit prerequisite `../../../src/Makefile.global.in.S'.
       Trying implicit prerequisite `../../../src/Makefile.global.in.r,v'.
       Trying implicit prerequisite `../../../../src/s.Makefile.global.in.r'.
        Trying implicit prerequisite `../../../RCS/configure.s,v'.
       Trying pattern rule with stem `Makefile.global.in.r'.
        Trying pattern rule with stem `configure.s'.
       Trying implicit prerequisite `../../../../src/SCCS/s.Makefile.global.in.r'.
        Trying implicit prerequisite `../../../RCS/configure.s'.
      Trying pattern rule with stem `Makefile.global.in.s'.
       Trying pattern rule with stem `Makefile.global.in.r'.
     Trying pattern rule with stem `Makefile.global.in'.
        Trying pattern rule with stem `configure.s'.
     Rejecting impossible implicit prerequisite `../../../../src/Makefile.global.in.F'.
        Trying implicit prerequisite `../../../s.configure.s'.
      Trying implicit prerequisite `../../../src/Makefile.global.in.s,v'.
       Trying implicit prerequisite `../../../src/RCS/Makefile.global.in.r,v'.
     Trying pattern rule with stem `Makefile.global.in'.
       Trying implicit prerequisite `../../../../src/SCCS/s.Makefile.global.in.r'.
     Trying implicit prerequisite `../../../../src/Makefile.global.in.m'.
     Trying pattern rule with stem `Makefile.global.in'.
        Trying pattern rule with stem `configure.s'.
     Rejecting impossible implicit prerequisite `../../../../src/Makefile.global.in.F'.
     Trying pattern rule with stem `Makefile.global.in'.
      Trying pattern rule with stem `Makefile.global.in.s'.
       Trying pattern rule with stem `Makefile.global.in.r'.
      Trying implicit prerequisite `../../../src/RCS/Makefile.global.in.s,v'.
     Looking for a rule with intermediate file `../../../../src/Makefile.global.in.m'.
       Trying implicit prerequisite `../../../src/RCS/Makefile.global.in.r'.
     Trying implicit prerequisite `../../../../src/Makefile.global.in.m'.
       Trying implicit prerequisite `../../../src/RCS/Makefile.global.in.ym'.
      Trying pattern rule with stem `Makefile.global.in.s'.
       Trying pattern rule with stem `Makefile.global.in.r'.
      Trying implicit prerequisite `../../../src/RCS/Makefile.global.in.s'.
        Trying implicit prerequisite `../../../SCCS/s.configure.s'.
      Trying pattern rule with stem `Makefile.global.in.s'.
       Trying pattern rule with stem `Makefile.global.in.ym'.
       Trying implicit prerequisite `../../../src/s.Makefile.global.in.r'.
       Trying implicit prerequisite `../../../src/s.Makefile.global.in.ym'.
     Looking for a rule with intermediate file `../../../../src/Makefile.global.in.m'.
       Trying pattern rule with stem `Makefile.global.in.ym'.
       Trying pattern rule with stem `Makefile.global.in.r'.
      Avoiding implicit rule recursion.
      Avoiding implicit rule recursion.
       Trying implicit prerequisite `../../../src/SCCS/s.Makefile.global.in.r'.
        Trying pattern rule with stem `configure'.
      Avoiding implicit rule recursion.
        Trying implicit prerequisite `../../../configure.S'.
      Trying pattern rule with stem `Makefile.global.in'.
      Trying implicit prerequisite `../../../src/s.Makefile.global.in.s'.
      Trying implicit prerequisite `../../../../src/Makefile.global.in.ym'.
     Trying pattern rule with stem `Makefile.global.in'.
        Looking for a rule with intermediate file `../../../configure.S'.
     Rejecting impossible implicit prerequisite `../../../src/Makefile.global.in.F'.
         Avoiding implicit rule recursion.
       Trying implicit prerequisite `../../../src/SCCS/s.Makefile.global.in.ym'.
         Avoiding implicit rule recursion.
      Trying pattern rule with stem `Makefile.global.in'.
      Trying pattern rule with stem `Makefile.global.in.s'.
      Trying pattern rule with stem `Makefile.global.in'.
      Trying implicit prerequisite `../../../src/Makefile.global.in.lm'.
      Trying implicit prerequisite `../../../../src/Makefile.global.in.lm'.
      Trying implicit prerequisite `../../../src/SCCS/s.Makefile.global.in.s'.
      Avoiding implicit rule recursion.
         Avoiding implicit rule recursion.
      Trying pattern rule with stem `Makefile.global.in.m'.
         Trying pattern rule with stem `configure.S'.
     Trying pattern rule with stem `Makefile.global.in'.
         Trying implicit prerequisite `../../../configure.S,v'.
     Trying implicit prerequisite `../../../src/Makefile.global.in.m'.
         Trying pattern rule with stem `configure.S'.
         Trying implicit prerequisite `../../../RCS/configure.S,v'.
         Trying pattern rule with stem `configure.S'.
         Trying implicit prerequisite `../../../RCS/configure.S'.
         Trying pattern rule with stem `configure.S'.
         Trying implicit prerequisite `../../../s.configure.S'.
         Trying pattern rule with stem `configure.S'.
         Trying implicit prerequisite `../../../SCCS/s.configure.S'.
       Trying pattern rule with stem `configure'.
       Rejecting impossible implicit prerequisite `../../../configure.S'.
       Trying pattern rule with stem `configure'.
       Trying implicit prerequisite `../../../configure.mod'.
       Looking for a rule with intermediate file `../../../configure.mod'.
        Avoiding implicit rule recursion.
        Avoiding implicit rule recursion.
        Trying pattern rule with stem `configure.mod'.
      Trying pattern rule with stem `Makefile.global.in'.
      Trying implicit prerequisite `../../../../src/Makefile.global.in.m,v'.
        Trying implicit prerequisite `../../../configure.mod,v'.
      Looking for a rule with intermediate file `../../../src/Makefile.global.in.lm'.
      Trying pattern rule with stem `Makefile.global.in.m'.
     Looking for a rule with intermediate file `../../../src/Makefile.global.in.m'.
      Trying implicit prerequisite `../../../../src/RCS/Makefile.global.in.m,v'.
      Trying implicit prerequisite `../../../../src/Makefile.global.in.ym'.
      Trying pattern rule with stem `Makefile.global.in.m'.
      Trying pattern rule with stem `Makefile.global.in'.
      Trying pattern rule with stem `Makefile.global.in'.
       Avoiding implicit rule recursion.
        Trying pattern rule with stem `configure.mod'.
      Avoiding implicit rule recursion.
        Trying implicit prerequisite `../../../RCS/configure.mod,v'.
      Trying implicit prerequisite `../../../src/Makefile.global.in.S'.
       Avoiding implicit rule recursion.
      Avoiding implicit rule recursion.
      Looking for a rule with intermediate file `../../../src/Makefile.global.in.S'.
      Trying pattern rule with stem `Makefile.global.in'.
       Avoiding implicit rule recursion.
       Avoiding implicit rule recursion.
      Trying implicit prerequisite `../../../src/Makefile.global.in.ym'.
       Avoiding implicit rule recursion.
      Trying implicit prerequisite `../../../../src/Makefile.global.in.lm'.
       Avoiding implicit rule recursion.
      Trying implicit prerequisite `../../../../src/RCS/Makefile.global.in.m'.
      Trying pattern rule with stem `Makefile.global.in.m'.
        Trying pattern rule with stem `configure.mod'.
       Trying pattern rule with stem `Makefile.global.in.lm'.
      Trying pattern rule with stem `Makefile.global.in.m'.
      Trying pattern rule with stem `Makefile.global.in'.
      Trying implicit prerequisite `../../../../src/s.Makefile.global.in.m'.
      Trying implicit prerequisite `../../../src/Makefile.global.in.lm'.
      Trying implicit prerequisite `../../../../src/Makefile.global.in.m,v'.
        Trying implicit prerequisite `../../../RCS/configure.mod'.
      Trying pattern rule with stem `Makefile.global.in.m'.
        Trying pattern rule with stem `configure.mod'.
       Trying pattern rule with stem `Makefile.global.in.S'.
      Trying implicit prerequisite `../../../../src/RCS/Makefile.global.in.m,v'.
      Trying pattern rule with stem `Makefile.global.in.m'.
      Trying pattern rule with stem `Makefile.global.in.m'.
       Trying implicit prerequisite `../../../src/Makefile.global.in.lm,v'.
      Trying implicit prerequisite `../../../../src/RCS/Makefile.global.in.m'.
      Trying pattern rule with stem `Makefile.global.in.m'.
      Trying pattern rule with stem `Makefile.global.in.m'.
      Trying implicit prerequisite `../../../src/Makefile.global.in.m,v'.
       Trying pattern rule with stem `Makefile.global.in.lm'.
      Trying implicit prerequisite `../../../../src/SCCS/s.Makefile.global.in.m'.
       Trying implicit prerequisite `../../../src/RCS/Makefile.global.in.lm,v'.
      Trying implicit prerequisite `../../../../src/s.Makefile.global.in.m'.
      Trying pattern rule with stem `Makefile.global.in.m'.
        Trying implicit prerequisite `../../../s.configure.mod'.
      Trying pattern rule with stem `Makefile.global.in.m'.
        Trying pattern rule with stem `configure.mod'.
       Trying pattern rule with stem `Makefile.global.in.lm'.
        Trying implicit prerequisite `../../../SCCS/s.configure.mod'.
      Trying implicit prerequisite `../../../../src/SCCS/s.Makefile.global.in.m'.
      Trying implicit prerequisite `../../../src/RCS/Makefile.global.in.m,v'.
      Trying pattern rule with stem `Makefile.global.in'.
      Trying pattern rule with stem `configure'.
      Trying implicit prerequisite `../../../../src/Makefile.global.in.ym'.
      Rejecting impossible implicit prerequisite `../../../configure.cc'.
      Trying pattern rule with stem `Makefile.global.in.m'.
       Trying implicit prerequisite `../../../src/RCS/Makefile.global.in.lm'.
      Trying pattern rule with stem `configure'.
      Trying pattern rule with stem `Makefile.global.in'.
       Trying implicit prerequisite `../../../src/Makefile.global.in.S,v'.
      Trying implicit prerequisite `../../../src/RCS/Makefile.global.in.m'.
      Looking for a rule with intermediate file `../../../../src/Makefile.global.in.ym'.
      Rejecting impossible implicit prerequisite `../../../configure.C'.
       Trying pattern rule with stem `Makefile.global.in.lm'.
       Trying pattern rule with stem `Makefile.global.in.S'.
       Trying implicit prerequisite `../../../src/s.Makefile.global.in.lm'.
      Trying pattern rule with stem `configure'.
      Trying pattern rule with stem `Makefile.global.in.m'.
      Rejecting impossible implicit prerequisite `../../../configure.cpp'.
      Trying implicit prerequisite `../../../src/s.Makefile.global.in.m'.
      Trying pattern rule with stem `configure'.
       Trying implicit prerequisite `../../../src/RCS/Makefile.global.in.S,v'.
      Trying pattern rule with stem `Makefile.global.in.m'.
       Avoiding implicit rule recursion.
      Trying implicit prerequisite `../../../../src/Makefile.global.in.ym'.
      Rejecting impossible implicit prerequisite `../../../configure.p'.
       Avoiding implicit rule recursion.
      Trying implicit prerequisite `../../../src/SCCS/s.Makefile.global.in.m'.
      Looking for a rule with intermediate file `../../../../src/Makefile.global.in.ym'.
      Trying pattern rule with stem `Makefile.global.in'.
       Avoiding implicit rule recursion.
      Trying implicit prerequisite `../../../src/Makefile.global.in.ym'.
       Trying pattern rule with stem `Makefile.global.in.ym'.
      Looking for a rule with intermediate file `../../../src/Makefile.global.in.ym'.
       Trying pattern rule with stem `Makefile.global.in.lm'.
       Avoiding implicit rule recursion.
       Trying implicit prerequisite `../../../../src/Makefile.global.in.ym,v'.
       Avoiding implicit rule recursion.
       Trying pattern rule with stem `Makefile.global.in.S'.
      Trying pattern rule with stem `configure'.
       Trying implicit prerequisite `../../../src/RCS/Makefile.global.in.S'.
      Rejecting impossible implicit prerequisite `../../../configure.f'.
       Avoiding implicit rule recursion.
       Avoiding implicit rule recursion.
       Trying pattern rule with stem `Makefile.global.in.ym'.
       Trying pattern rule with stem `Makefile.global.in.S'.
      Trying pattern rule with stem `configure'.
       Trying implicit prerequisite `../../../src/SCCS/s.Makefile.global.in.lm'.
      Rejecting impossible implicit prerequisite `../../../configure.F'.
     Trying pattern rule with stem `Makefile.global.in'.
       Trying implicit prerequisite `../../../src/s.Makefile.global.in.S'.
       Trying pattern rule with stem `Makefile.global.in.ym'.
       Avoiding implicit rule recursion.
       Trying implicit prerequisite `../../../../src/RCS/Makefile.global.in.ym,v'.
       Trying implicit prerequisite `../../../../src/Makefile.global.in.ym,v'.
       Trying pattern rule with stem `Makefile.global.in.S'.
       Trying pattern rule with stem `Makefile.global.in.ym'.
       Avoiding implicit rule recursion.
       Trying pattern rule with stem `Makefile.global.in.ym'.
      Trying pattern rule with stem `configure'.
       Trying implicit prerequisite `../../../../src/RCS/Makefile.global.in.ym,v'.
     Rejecting impossible implicit prerequisite `../../../src/Makefile.global.in.r'.
       Trying implicit prerequisite `../../../src/SCCS/s.Makefile.global.in.S'.
     Trying pattern rule with stem `Makefile.global.in'.
       Trying implicit prerequisite `../../../../src/RCS/Makefile.global.in.ym'.
       Trying pattern rule with stem `Makefile.global.in.ym'.
       Trying pattern rule with stem `Makefile.global.in.ym'.
      Rejecting impossible implicit prerequisite `../../../configure.m'.
     Trying implicit prerequisite `../../../src/Makefile.global.in.s'.
      Trying pattern rule with stem `configure'.
     Looking for a rule with intermediate file `../../../src/Makefile.global.in.s'.
     Trying pattern rule with stem `Makefile.global.in'.
      Rejecting impossible implicit prerequisite `../../../configure.r'.
      Avoiding implicit rule recursion.
      Trying pattern rule with stem `configure'.
      Avoiding implicit rule recursion.
      Rejecting impossible implicit prerequisite `../../../configure.s'.
       Trying pattern rule with stem `Makefile.global.in.ym'.
       Trying implicit prerequisite `../../../src/Makefile.global.in.ym,v'.
     Rejecting impossible implicit prerequisite `../../../src/Makefile.global.in.S'.
       Trying pattern rule with stem `Makefile.global.in.ym'.
       Trying implicit prerequisite `../../../../src/s.Makefile.global.in.ym'.
      Trying pattern rule with stem `configure'.
       Trying implicit prerequisite `../../../../src/RCS/Makefile.global.in.ym'.
       Trying implicit prerequisite `../../../src/RCS/Makefile.global.in.ym,v'.
       Trying pattern rule with stem `Makefile.global.in.ym'.
     Trying pattern rule with stem `Makefile.global.in'.
      Trying pattern rule with stem `Makefile.global.in'.
      Rejecting impossible implicit prerequisite `../../../configure.S'.
      Trying implicit prerequisite `../../../src/Makefile.global.in.S'.
       Trying pattern rule with stem `Makefile.global.in.ym'.
      Trying pattern rule with stem `Makefile.global.in.s'.
       Trying implicit prerequisite `../../../src/RCS/Makefile.global.in.ym'.
      Trying pattern rule with stem `configure'.
       Trying pattern rule with stem `Makefile.global.in.ym'.
       Trying pattern rule with stem `Makefile.global.in.ym'.
       Trying implicit prerequisite `../../../../src/s.Makefile.global.in.ym'.
      Rejecting impossible implicit prerequisite `../../../configure.mod'.
     Trying implicit prerequisite `../../../src/Makefile.global.in.mod'.
       Trying pattern rule with stem `Makefile.global.in.ym'.
      Trying pattern rule with stem `configure'.
      Trying implicit prerequisite `../../../src/Makefile.global.in.s,v'.
       Trying implicit prerequisite `../../../src/s.Makefile.global.in.ym'.
      Trying implicit prerequisite `../../../configure.sh'.
      Trying pattern rule with stem `Makefile.global.in.s'.
       Trying pattern rule with stem `Makefile.global.in.ym'.
       Trying implicit prerequisite `../../../../src/SCCS/s.Makefile.global.in.ym'.
       Trying implicit prerequisite `../../../src/SCCS/s.Makefile.global.in.ym'.
      Trying implicit prerequisite `../../../src/RCS/Makefile.global.in.s,v'.
      Trying pattern rule with stem `Makefile.global.in'.
       Trying implicit prerequisite `../../../../src/SCCS/s.Makefile.global.in.ym'.
     Looking for a rule with intermediate file `../../../src/Makefile.global.in.mod'.
      Trying implicit prerequisite `../../../src/Makefile.global.in.lm'.
      Looking for a rule with intermediate file `../../../configure.sh'.
      Looking for a rule with intermediate file `../../../src/Makefile.global.in.lm'.
      Trying pattern rule with stem `Makefile.global.in.s'.
      Trying pattern rule with stem `Makefile.global.in'.
       Avoiding implicit rule recursion.
      Avoiding implicit rule recursion.
       Avoiding implicit rule recursion.
      Trying implicit prerequisite `../../../../src/Makefile.global.in.lm'.
      Trying pattern rule with stem `Makefile.global.in'.
       Trying pattern rule with stem `configure.sh'.
      Looking for a rule with intermediate file `../../../../src/Makefile.global.in.lm'.
       Avoiding implicit rule recursion.
       Trying implicit prerequisite `../../../configure.sh,v'.
       Avoiding implicit rule recursion.
       Trying pattern rule with stem `configure.sh'.
      Avoiding implicit rule recursion.
      Trying implicit prerequisite `../../../../src/Makefile.global.in.lm'.
       Trying pattern rule with stem `Makefile.global.in.lm'.
      Trying pattern rule with stem `Makefile.global.in.mod'.
       Trying implicit prerequisite `../../../src/Makefile.global.in.lm,v'.
      Trying implicit prerequisite `../../../src/Makefile.global.in.mod,v'.
      Trying implicit prerequisite `../../../src/RCS/Makefile.global.in.s'.
      Trying pattern rule with stem `Makefile.global.in.mod'.
       Trying pattern rule with stem `Makefile.global.in.lm'.
       Trying implicit prerequisite `../../../RCS/configure.sh,v'.
       Trying implicit prerequisite `../../../src/RCS/Makefile.global.in.lm,v'.
      Looking for a rule with intermediate file `../../../../src/Makefile.global.in.lm'.
      Trying pattern rule with stem `Makefile.global.in.s'.
       Trying pattern rule with stem `Makefile.global.in.lm'.
      Trying implicit prerequisite `../../../src/s.Makefile.global.in.s'.
      Trying implicit prerequisite `../../../src/RCS/Makefile.global.in.mod,v'.
       Avoiding implicit rule recursion.
       Trying pattern rule with stem `configure.sh'.
       Avoiding implicit rule recursion.
       Avoiding implicit rule recursion.
       Trying implicit prerequisite `../../../src/RCS/Makefile.global.in.lm'.
       Trying implicit prerequisite `../../../RCS/configure.sh'.
       Avoiding implicit rule recursion.
      Trying pattern rule with stem `Makefile.global.in.s'.
       Avoiding implicit rule recursion.
       Trying pattern rule with stem `configure.sh'.
      Trying implicit prerequisite `../../../src/SCCS/s.Makefile.global.in.s'.
      Trying pattern rule with stem `Makefile.global.in.mod'.
       Trying pattern rule with stem `Makefile.global.in.lm'.
       Avoiding implicit rule recursion.
       Trying pattern rule with stem `Makefile.global.in.lm'.
      Trying implicit prerequisite `../../../src/RCS/Makefile.global.in.mod'.
       Trying implicit prerequisite `../../../s.configure.sh'.
       Trying pattern rule with stem `Makefile.global.in.lm'.
       Trying pattern rule with stem `configure.sh'.
       Trying implicit prerequisite `../../../../src/Makefile.global.in.lm,v'.
       Trying implicit prerequisite `../../../SCCS/s.configure.sh'.
       Trying pattern rule with stem `Makefile.global.in.lm'.
       Trying implicit prerequisite `../../../../src/Makefile.global.in.lm,v'.
      No implicit rule found for `../../../configure'.
      Trying pattern rule with stem `Makefile.global.in'.
       Trying implicit prerequisite `../../../../src/RCS/Makefile.global.in.lm,v'.
      Trying implicit prerequisite `../../../src/Makefile.global.in.S'.
       Trying implicit prerequisite `../../../src/s.Makefile.global.in.lm'.
      Trying pattern rule with stem `Makefile.global.in.mod'.
       Trying pattern rule with stem `Makefile.global.in.lm'.
      Finished prerequisites of target file `../../../configure'.
      Trying implicit prerequisite `../../../src/s.Makefile.global.in.mod'.
      Looking for a rule with intermediate file `../../../src/Makefile.global.in.S'.
       Trying implicit prerequisite `../../../src/SCCS/s.Makefile.global.in.lm'.
       Trying pattern rule with stem `Makefile.global.in.lm'.
     No need to remake target `../../../configure'.
       Trying implicit prerequisite `../../../../src/RCS/Makefile.global.in.lm,v'.
    Finished prerequisites of target file `../../../config.status'.
      Trying pattern rule with stem `Makefile.global.in.mod'.
       Trying pattern rule with stem `Makefile.global.in.lm'.
      Trying implicit prerequisite `../../../src/SCCS/s.Makefile.global.in.mod'.
     Trying pattern rule with stem `Makefile.global.in'.
    Prerequisite `../../../configure' is older than target `../../../config.status'.
       Trying pattern rule with stem `Makefile.global.in.lm'.
    Trying pattern rule with stem `Makefile.global.in'.
   No need to remake target `../../../config.status'.
     Rejecting impossible implicit prerequisite `../../../src/Makefile.global.in.r'.
       Trying implicit prerequisite `../../../../src/RCS/Makefile.global.in.lm'.
       Trying implicit prerequisite `../../../../src/RCS/Makefile.global.in.lm'.
       Avoiding implicit rule recursion.
     Trying pattern rule with stem `Makefile.global.in'.
  Finished prerequisites of target file `../../../src/Makefile.global'.
     Trying implicit prerequisite `../../../src/Makefile.global.in.s'.
       Avoiding implicit rule recursion.
    Rejecting impossible implicit prerequisite `../../../src/Makefile.global.in.cc'.
  Prerequisite `../../../src/Makefile.global.in' is older than target `../../../src/Makefile.global'.
       Trying pattern rule with stem `Makefile.global.in.lm'.
  Prerequisite `../../../config.status' is older than target `../../../src/Makefile.global'.
       Avoiding implicit rule recursion.
       Trying implicit prerequisite `../../../../src/s.Makefile.global.in.lm'.
       Trying pattern rule with stem `Makefile.global.in.lm'.
    Trying pattern rule with stem `Makefile.global.in'.
       Trying pattern rule with stem `Makefile.global.in.S'.
    Rejecting impossible implicit prerequisite `../../../src/Makefile.global.in.C'.
       Trying pattern rule with stem `Makefile.global.in.lm'.
     Looking for a rule with intermediate file `../../../src/Makefile.global.in.s'.
       Trying implicit prerequisite `../../../../src/s.Makefile.global.in.lm'.
       Trying implicit prerequisite `../../../src/Makefile.global.in.S,v'.
    Trying pattern rule with stem `Makefile.global.in'.
 No need to remake target `../../../src/Makefile.global'.
       Trying implicit prerequisite `../../../../src/SCCS/s.Makefile.global.in.lm'.
      Avoiding implicit rule recursion.
       Trying pattern rule with stem `Makefile.global.in.lm'.
    Rejecting impossible implicit prerequisite `../../../src/Makefile.global.in.cpp'.
       Trying pattern rule with stem `Makefile.global.in.S'.
     Trying pattern rule with stem `Makefile.global.in'.
    Trying pattern rule with stem `Makefile.global.in'.
 Considering target file `Makefile'.
       Trying implicit prerequisite `../../../../src/SCCS/s.Makefile.global.in.lm'.
      Avoiding implicit rule recursion.
     Trying pattern rule with stem `Makefile.global.in'.
  Looking for an implicit rule for `Makefile'.
    Rejecting impossible implicit prerequisite `../../../src/Makefile.global.in.p'.
     Rejecting impossible implicit prerequisite `../../../../src/Makefile.global.in.r'.
     Rejecting impossible implicit prerequisite `../../../../src/Makefile.global.in.r'.
    Trying pattern rule with stem `Makefile.global.in'.
  Trying pattern rule with stem `Makefile'.
      Trying pattern rule with stem `Makefile.global.in'.
     Trying pattern rule with stem `Makefile.global.in'.
     Trying pattern rule with stem `Makefile.global.in'.
     Trying implicit prerequisite `../../../../src/Makefile.global.in.s'.
       Trying implicit prerequisite `../../../src/RCS/Makefile.global.in.S,v'.
  Trying implicit prerequisite `Makefile.o'.
      Trying implicit prerequisite `../../../src/Makefile.global.in.S'.
  Trying pattern rule with stem `Makefile'.
     Trying implicit prerequisite `../../../../src/Makefile.global.in.s'.
    Rejecting impossible implicit prerequisite `../../../src/Makefile.global.in.f'.
     Looking for a rule with intermediate file `../../../../src/Makefile.global.in.s'.
    Trying pattern rule with stem `Makefile.global.in'.
      Avoiding implicit rule recursion.
     Looking for a rule with intermediate file `../../../../src/Makefile.global.in.s'.
      Avoiding implicit rule recursion.
      Trying pattern rule with stem `Makefile.global.in.s'.
  Trying implicit prerequisite `Makefile.cc'.
      Trying implicit prerequisite `../../../src/Makefile.global.in.s,v'.
    Rejecting impossible implicit prerequisite `../../../src/Makefile.global.in.F'.
      Trying pattern rule with stem `Makefile.global.in.s'.
       Trying pattern rule with stem `Makefile.global.in.S'.
    Trying pattern rule with stem `Makefile.global.in'.
  Trying pattern rule with stem `Makefile'.
      Avoiding implicit rule recursion.
      Trying implicit prerequisite `../../../src/RCS/Makefile.global.in.s,v'.
       Trying implicit prerequisite `../../../src/RCS/Makefile.global.in.S'.
      Trying pattern rule with stem `Makefile.global.in'.
      Trying pattern rule with stem `Makefile.global.in.s'.
      Trying implicit prerequisite `../../../../src/Makefile.global.in.S'.
      Trying implicit prerequisite `../../../src/RCS/Makefile.global.in.s'.
       Trying pattern rule with stem `Makefile.global.in.S'.
      Avoiding implicit rule recursion.
       Trying implicit prerequisite `../../../src/s.Makefile.global.in.S'.
    Rejecting impossible implicit prerequisite `../../../src/Makefile.global.in.m'.
       Trying pattern rule with stem `Makefile.global.in.S'.
  Trying implicit prerequisite `Makefile.C'.
    Trying pattern rule with stem `Makefile.global.in'.
      Trying pattern rule with stem `Makefile.global.in.s'.
       Trying implicit prerequisite `../../../src/SCCS/s.Makefile.global.in.S'.
    Rejecting impossible implicit prerequisite `../../../src/Makefile.global.in.r'.
     Trying pattern rule with stem `Makefile.global.in'.
    Trying pattern rule with stem `Makefile.global.in'.
      Trying implicit prerequisite `../../../../src/Makefile.global.in.s,v'.
      Trying pattern rule with stem `Makefile.global.in'.
      Trying pattern rule with stem `Makefile.global.in.s'.
      Trying pattern rule with stem `Makefile.global.in.s'.
     Rejecting impossible implicit prerequisite `../../../src/Makefile.global.in.S'.
    Rejecting impossible implicit prerequisite `../../../src/Makefile.global.in.s'.
      Trying implicit prerequisite `../../../../src/RCS/Makefile.global.in.s,v'.
     Trying pattern rule with stem `Makefile.global.in'.
      Trying pattern rule with stem `Makefile.global.in.s'.
      Trying implicit prerequisite `../../../../src/Makefile.global.in.S'.
      Trying implicit prerequisite `../../../src/s.Makefile.global.in.s'.
  Trying pattern rule with stem `Makefile'.
     Trying implicit prerequisite `../../../src/Makefile.global.in.mod'.
      Trying pattern rule with stem `Makefile.global.in.s'.
     Looking for a rule with intermediate file `../../../src/Makefile.global.in.mod'.
      Trying implicit prerequisite `../../../src/SCCS/s.Makefile.global.in.s'.
      Trying implicit prerequisite `../../../../src/RCS/Makefile.global.in.s'.
      Trying pattern rule with stem `Makefile.global.in'.
    Trying pattern rule with stem `Makefile.global.in'.
      Trying pattern rule with stem `Makefile.global.in.s'.
      Avoiding implicit rule recursion.
      Trying implicit prerequisite `../../../../src/s.Makefile.global.in.s'.
      Trying implicit prerequisite `../../../src/Makefile.global.in.S'.
      Avoiding implicit rule recursion.
      Trying pattern rule with stem `Makefile.global.in.s'.
      Trying pattern rule with stem `Makefile.global.in.s'.
      Trying implicit prerequisite `../../../../src/SCCS/s.Makefile.global.in.s'.
  Trying implicit prerequisite `Makefile.cpp'.
      Looking for a rule with intermediate file `../../../src/Makefile.global.in.S'.
      Trying pattern rule with stem `Makefile.global.in.mod'.
      Trying implicit prerequisite `../../../../src/Makefile.global.in.s,v'.
       Avoiding implicit rule recursion.
      Trying implicit prerequisite `../../../src/Makefile.global.in.mod,v'.
  Trying pattern rule with stem `Makefile'.
    Rejecting impossible implicit prerequisite `../../../src/Makefile.global.in.S'.
  Trying implicit prerequisite `Makefile.p'.
      Trying pattern rule with stem `Makefile.global.in.s'.
       Avoiding implicit rule recursion.
    Trying pattern rule with stem `Makefile.global.in'.
      Trying pattern rule with stem `Makefile.global.in.mod'.
       Avoiding implicit rule recursion.
      Trying implicit prerequisite `../../../../src/RCS/Makefile.global.in.s,v'.
       Trying pattern rule with stem `Makefile.global.in.S'.
    Rejecting impossible implicit prerequisite `../../../src/Makefile.global.in.mod'.
      Trying pattern rule with stem `Makefile.global.in'.
    Trying pattern rule with stem `Makefile.global.in'.
       Trying implicit prerequisite `../../../src/Makefile.global.in.S,v'.
      Trying implicit prerequisite `../../../../src/Makefile.global.in.S'.
  Trying pattern rule with stem `Makefile'.
      Trying pattern rule with stem `Makefile.global.in.s'.
    Trying implicit prerequisite `../../../src/Makefile.global.in.sh'.
      Trying implicit prerequisite `../../../../src/RCS/Makefile.global.in.s'.
      Looking for a rule with intermediate file `../../../../src/Makefile.global.in.S'.
       Trying pattern rule with stem `Makefile.global.in.S'.
      Trying pattern rule with stem `Makefile.global.in.s'.
       Trying implicit prerequisite `../../../src/RCS/Makefile.global.in.S,v'.
      Trying implicit prerequisite `../../../../src/s.Makefile.global.in.s'.
       Avoiding implicit rule recursion.
      Trying implicit prerequisite `../../../src/RCS/Makefile.global.in.mod,v'.
      Trying pattern rule with stem `Makefile.global.in.s'.
      Trying pattern rule with stem `Makefile.global.in.mod'.
       Avoiding implicit rule recursion.
       Trying pattern rule with stem `Makefile.global.in.S'.
      Trying implicit prerequisite `../../../src/RCS/Makefile.global.in.mod'.
       Trying implicit prerequisite `../../../src/RCS/Makefile.global.in.S'.
      Trying pattern rule with stem `Makefile.global.in.mod'.
       Avoiding implicit rule recursion.
       Trying pattern rule with stem `Makefile.global.in.S'.
    Looking for a rule with intermediate file `../../../src/Makefile.global.in.sh'.
      Trying implicit prerequisite `../../../src/s.Makefile.global.in.mod'.
       Trying implicit prerequisite `../../../src/s.Makefile.global.in.S'.
     Avoiding implicit rule recursion.
      Trying pattern rule with stem `Makefile.global.in.mod'.
      Trying implicit prerequisite `../../../../src/SCCS/s.Makefile.global.in.s'.
      Trying implicit prerequisite `../../../src/SCCS/s.Makefile.global.in.mod'.
  Trying implicit prerequisite `Makefile.f'.
       Trying pattern rule with stem `Makefile.global.in.S'.
      Trying pattern rule with stem `Makefile.global.in'.
       Trying pattern rule with stem `Makefile.global.in.S'.
     Trying pattern rule with stem `Makefile.global.in.sh'.
    Trying pattern rule with stem `Makefile.global.in'.
       Trying implicit prerequisite `../../../src/SCCS/s.Makefile.global.in.S'.
    Rejecting impossible implicit prerequisite `../../../src/Makefile.global.in.cc'.
      Trying implicit prerequisite `../../../../src/Makefile.global.in.S'.
  Trying pattern rule with stem `Makefile'.
     Trying pattern rule with stem `Makefile.global.in'.
       Trying implicit prerequisite `../../../../src/Makefile.global.in.S,v'.
     Trying implicit prerequisite `../../../src/Makefile.global.in.sh,v'.
       Trying pattern rule with stem `Makefile.global.in.S'.
  Trying implicit prerequisite `Makefile.F'.
    Trying pattern rule with stem `Makefile.global.in'.
     Trying pattern rule with stem `Makefile.global.in.sh'.
     Rejecting impossible implicit prerequisite `../../../src/Makefile.global.in.S'.
     Trying implicit prerequisite `../../../src/RCS/Makefile.global.in.sh,v'.
    Rejecting impossible implicit prerequisite `../../../src/Makefile.global.in.C'.
       Trying implicit prerequisite `../../../../src/RCS/Makefile.global.in.S,v'.
     Trying pattern rule with stem `Makefile.global.in'.
     Trying pattern rule with stem `Makefile.global.in.sh'.
  Trying pattern rule with stem `Makefile'.
       Trying pattern rule with stem `Makefile.global.in.S'.
      Looking for a rule with intermediate file `../../../../src/Makefile.global.in.S'.
    Trying pattern rule with stem `Makefile.global.in'.
  Trying implicit prerequisite `Makefile.m'.
    Rejecting impossible implicit prerequisite `../../../src/Makefile.global.in.cpp'.
       Avoiding implicit rule recursion.
       Trying implicit prerequisite `../../../../src/RCS/Makefile.global.in.S'.
     Trying implicit prerequisite `../../../src/RCS/Makefile.global.in.sh'.
    Trying pattern rule with stem `Makefile.global.in'.
       Avoiding implicit rule recursion.
     Trying implicit prerequisite `../../../src/Makefile.global.in.mod'.
    Rejecting impossible implicit prerequisite `../../../src/Makefile.global.in.p'.
       Avoiding implicit rule recursion.
    Trying pattern rule with stem `Makefile.global.in'.
       Trying pattern rule with stem `Makefile.global.in.S'.
     Trying pattern rule with stem `Makefile.global.in.sh'.
       Trying implicit prerequisite `../../../../src/Makefile.global.in.S,v'.
       Trying pattern rule with stem `Makefile.global.in.S'.
    Rejecting impossible implicit prerequisite `../../../src/Makefile.global.in.f'.
     Looking for a rule with intermediate file `../../../src/Makefile.global.in.mod'.
  Trying pattern rule with stem `Makefile'.
    Trying pattern rule with stem `Makefile.global.in'.
       Trying implicit prerequisite `../../../../src/s.Makefile.global.in.S'.
    Rejecting impossible implicit prerequisite `../../../src/Makefile.global.in.F'.
  Trying implicit prerequisite `Makefile.r'.
       Trying pattern rule with stem `Makefile.global.in.S'.
  Trying pattern rule with stem `Makefile'.
       Trying pattern rule with stem `Makefile.global.in.S'.
    Trying pattern rule with stem `Makefile.global.in'.
       Trying implicit prerequisite `../../../../src/SCCS/s.Makefile.global.in.S'.
  Trying implicit prerequisite `Makefile.s'.
     Trying pattern rule with stem `Makefile.global.in'.
     Trying implicit prerequisite `../../../src/s.Makefile.global.in.sh'.
       Trying implicit prerequisite `../../../../src/RCS/Makefile.global.in.S,v'.
     Rejecting impossible implicit prerequisite `../../../../src/Makefile.global.in.S'.
      Avoiding implicit rule recursion.
    Rejecting impossible implicit prerequisite `../../../src/Makefile.global.in.m'.
     Trying pattern rule with stem `Makefile.global.in.sh'.
       Trying pattern rule with stem `Makefile.global.in.S'.
     Trying implicit prerequisite `../../../src/SCCS/s.Makefile.global.in.sh'.
  Trying pattern rule with stem `Makefile'.
      Avoiding implicit rule recursion.
    Trying pattern rule with stem `Makefile.global.in'.
     Trying pattern rule with stem `Makefile.global.in'.
       Trying implicit prerequisite `../../../../src/RCS/Makefile.global.in.S'.
    No implicit rule found for `../../../src/Makefile.global.in'.
      Trying pattern rule with stem `Makefile.global.in.mod'.
     Trying implicit prerequisite `../../../../src/Makefile.global.in.mod'.
       Trying pattern rule with stem `Makefile.global.in.S'.
    Finished prerequisites of target file `../../../src/Makefile.global.in'.
       Trying implicit prerequisite `../../../../src/s.Makefile.global.in.S'.
     Looking for a rule with intermediate file `../../../../src/Makefile.global.in.mod'.
    Rejecting impossible implicit prerequisite `../../../src/Makefile.global.in.r'.
       Trying pattern rule with stem `Makefile.global.in.S'.
      Trying implicit prerequisite `../../../src/Makefile.global.in.mod,v'.
  Trying implicit prerequisite `Makefile.S'.
    Trying pattern rule with stem `Makefile.global.in'.
   No need to remake target `../../../src/Makefile.global.in'.
      Trying pattern rule with stem `Makefile.global.in.mod'.
      Avoiding implicit rule recursion.
       Trying implicit prerequisite `../../../../src/SCCS/s.Makefile.global.in.S'.
    Rejecting impossible implicit prerequisite `../../../src/Makefile.global.in.s'.
    Trying pattern rule with stem `Makefile.global.in'.
    Rejecting impossible implicit prerequisite `../../../src/Makefile.global.in.S'.
    Trying pattern rule with stem `Makefile.global.in'.
    Rejecting impossible implicit prerequisite `../../../src/Makefile.global.in.mod'.
    Trying pattern rule with stem `Makefile.global.in'.
    Trying implicit prerequisite `../../../src/Makefile.global.in.sh'.
    Looking for a rule with intermediate file `../../../src/Makefile.global.in.sh'.
     Avoiding implicit rule recursion.
     Trying pattern rule with stem `Makefile.global.in.sh'.
     Trying implicit prerequisite `../../../src/Makefile.global.in.sh,v'.
     Trying pattern rule with stem `Makefile.global.in.sh'.
     Trying implicit prerequisite `../../../src/RCS/Makefile.global.in.sh,v'.
     Trying pattern rule with stem `Makefile.global.in.sh'.
     Trying implicit prerequisite `../../../src/RCS/Makefile.global.in.sh'.
     Trying pattern rule with stem `Makefile.global.in.sh'.
     Trying implicit prerequisite `../../../src/s.Makefile.global.in.sh'.
     Trying pattern rule with stem `Makefile.global.in.sh'.
      Trying implicit prerequisite `../../../src/RCS/Makefile.global.in.mod,v'.
     Trying implicit prerequisite `../../../src/SCCS/s.Makefile.global.in.sh'.
   Considering target file `../../../config.status'.
    No implicit rule found for `../../../src/Makefile.global.in'.
     Considering target file `../../../configure'.
     Trying pattern rule with stem `Makefile.global.in'.
      Trying pattern rule with stem `Makefile.global.in.mod'.
    Finished prerequisites of target file `../../../src/Makefile.global.in'.
      Avoiding implicit rule recursion.
  Trying pattern rule with stem `Makefile'.
     Rejecting impossible implicit prerequisite `../../../../src/Makefile.global.in.S'.
      Trying implicit prerequisite `../../../src/RCS/Makefile.global.in.mod'.
      Looking for an implicit rule for `../../../configure'.
      Trying pattern rule with stem `Makefile.global.in.mod'.
      Trying pattern rule with stem `Makefile.global.in.mod'.
      Trying implicit prerequisite `../../../../src/Makefile.global.in.mod,v'.
  Trying implicit prerequisite `Makefile.mod'.
      Trying implicit prerequisite `../../../src/s.Makefile.global.in.mod'.
     Trying pattern rule with stem `Makefile.global.in'.
   No need to remake target `../../../src/Makefile.global.in'.
  Trying pattern rule with stem `Makefile'.
      Trying pattern rule with stem `configure'.
   Considering target file `../../../config.status'.
      Trying pattern rule with stem `Makefile.global.in.mod'.
     Trying implicit prerequisite `../../../../src/Makefile.global.in.mod'.
      Trying pattern rule with stem `Makefile.global.in.mod'.
  Trying implicit prerequisite `Makefile.sh'.
     Considering target file `../../../configure'.
      Trying implicit prerequisite `../../../../src/RCS/Makefile.global.in.mod,v'.
  Trying pattern rule with stem `Makefile'.
      Trying implicit prerequisite `../../../src/SCCS/s.Makefile.global.in.mod'.
  Trying implicit prerequisite `Makefile,v'.
      Trying pattern rule with stem `Makefile.global.in.mod'.
     Looking for a rule with intermediate file `../../../../src/Makefile.global.in.mod'.
    Trying pattern rule with stem `Makefile.global.in'.
      Looking for an implicit rule for `../../../configure'.
    Rejecting impossible implicit prerequisite `../../../src/Makefile.global.in.cc'.
      Trying pattern rule with stem `configure'.
      Avoiding implicit rule recursion.
      Trying implicit prerequisite `../../../../src/RCS/Makefile.global.in.mod'.
      Avoiding implicit rule recursion.
  Trying pattern rule with stem `Makefile'.
      Trying implicit prerequisite `../../../configure.o'.
  Trying implicit prerequisite `RCS/Makefile,v'.
    Trying pattern rule with stem `Makefile.global.in'.
      Trying pattern rule with stem `Makefile.global.in.mod'.
      Trying pattern rule with stem `Makefile.global.in.mod'.
  Trying pattern rule with stem `Makefile'.
    Rejecting impossible implicit prerequisite `../../../src/Makefile.global.in.C'.
      Trying implicit prerequisite `../../../../src/s.Makefile.global.in.mod'.
    Trying pattern rule with stem `Makefile.global.in'.
      Trying implicit prerequisite `../../../../src/Makefile.global.in.mod,v'.
      Trying implicit prerequisite `../../../configure.o'.
    Rejecting impossible implicit prerequisite `../../../src/Makefile.global.in.cpp'.
  Trying implicit prerequisite `RCS/Makefile'.
      Trying pattern rule with stem `Makefile.global.in.mod'.
  Trying pattern rule with stem `Makefile'.
      Trying implicit prerequisite `../../../../src/RCS/Makefile.global.in.mod,v'.
  Trying implicit prerequisite `s.Makefile'.
      Trying pattern rule with stem `configure'.
      Trying pattern rule with stem `Makefile.global.in.mod'.
    Trying pattern rule with stem `Makefile.global.in'.
      Trying pattern rule with stem `Makefile.global.in.mod'.
      Trying implicit prerequisite `../../../configure.cc'.
      Trying implicit prerequisite `../../../../src/SCCS/s.Makefile.global.in.mod'.
    Rejecting impossible implicit prerequisite `../../../src/Makefile.global.in.p'.
      Trying implicit prerequisite `../../../../src/RCS/Makefile.global.in.mod'.
  Trying pattern rule with stem `Makefile'.
    Trying pattern rule with stem `Makefile.global.in'.
      Trying pattern rule with stem `configure'.
      Trying pattern rule with stem `Makefile.global.in.mod'.
    Trying pattern rule with stem `Makefile.global.in'.
  Trying implicit prerequisite `SCCS/s.Makefile'.
    Rejecting impossible implicit prerequisite `../../../src/Makefile.global.in.f'.
      Trying implicit prerequisite `../../../configure.C'.
      Trying pattern rule with stem `configure'.
  Trying pattern rule with stem `Makefile'.
      Trying implicit prerequisite `../../../configure.cc'.
  Trying implicit prerequisite `Makefile.o'.
      Trying pattern rule with stem `configure'.
      Trying implicit prerequisite `../../../../src/s.Makefile.global.in.mod'.
    Trying pattern rule with stem `Makefile.global.in'.
    Rejecting impossible implicit prerequisite `../../../../src/Makefile.global.in.cc'.
    Trying pattern rule with stem `Makefile.global.in'.
      Trying pattern rule with stem `configure'.
  Looking for a rule with intermediate file `Makefile.o'.
    Rejecting impossible implicit prerequisite `../../../src/Makefile.global.in.F'.
      Trying pattern rule with stem `Makefile.global.in.mod'.
    Rejecting impossible implicit prerequisite `../../../../src/Makefile.global.in.C'.
      Trying implicit prerequisite `../../../../src/SCCS/s.Makefile.global.in.mod'.
      Trying implicit prerequisite `../../../configure.C'.
      Trying implicit prerequisite `../../../configure.cpp'.
   Avoiding implicit rule recursion.
    Trying pattern rule with stem `Makefile.global.in'.
    Trying pattern rule with stem `Makefile.global.in'.
    Rejecting impossible implicit prerequisite `../../../src/Makefile.global.in.m'.
    Rejecting impossible implicit prerequisite `../../../../src/Makefile.global.in.cpp'.
   Trying pattern rule with stem `Makefile'.
      Trying pattern rule with stem `configure'.
    Trying pattern rule with stem `Makefile.global.in'.
    Trying pattern rule with stem `Makefile.global.in'.
    Rejecting impossible implicit prerequisite `../../../src/Makefile.global.in.r'.
    Rejecting impossible implicit prerequisite `../../../../src/Makefile.global.in.cc'.
    Trying pattern rule with stem `Makefile.global.in'.
    Trying pattern rule with stem `Makefile.global.in'.
      Trying implicit prerequisite `../../../configure.p'.
    Trying pattern rule with stem `Makefile.global.in'.
      Trying pattern rule with stem `configure'.
      Trying pattern rule with stem `configure'.
      Trying implicit prerequisite `../../../configure.f'.
    Rejecting impossible implicit prerequisite `../../../src/Makefile.global.in.s'.
    Rejecting impossible implicit prerequisite `../../../../src/Makefile.global.in.C'.
   Trying implicit prerequisite `Makefile.c'.
      Trying pattern rule with stem `configure'.
    Trying pattern rule with stem `Makefile.global.in'.
      Trying implicit prerequisite `../../../configure.F'.
    Rejecting impossible implicit prerequisite `../../../../src/Makefile.global.in.cpp'.
      Trying pattern rule with stem `configure'.
    Rejecting impossible implicit prerequisite `../../../../src/Makefile.global.in.p'.
   Trying pattern rule with stem `Makefile'.
      Trying implicit prerequisite `../../../configure.cpp'.
   Trying implicit prerequisite `Makefile.cc'.
      Trying pattern rule with stem `configure'.
      Trying implicit prerequisite `../../../configure.m'.
    Trying pattern rule with stem `Makefile.global.in'.
   Trying pattern rule with stem `Makefile'.
      Trying implicit prerequisite `../../../configure.p'.
    Rejecting impossible implicit prerequisite `../../../../src/Makefile.global.in.p'.
    Trying pattern rule with stem `Makefile.global.in'.
      Trying pattern rule with stem `configure'.
    Trying pattern rule with stem `Makefile.global.in'.
      Trying pattern rule with stem `configure'.
    Trying pattern rule with stem `Makefile.global.in'.
    Rejecting impossible implicit prerequisite `../../../../src/Makefile.global.in.f'.
    Rejecting impossible implicit prerequisite `../../../../src/Makefile.global.in.f'.
   Trying implicit prerequisite `Makefile.C'.
      Trying implicit prerequisite `../../../configure.r'.
    Rejecting impossible implicit prerequisite `../../../src/Makefile.global.in.S'.
      Trying pattern rule with stem `configure'.
   Trying pattern rule with stem `Makefile'.
      Trying implicit prerequisite `../../../configure.s'.
    Trying pattern rule with stem `Makefile.global.in'.
      Trying pattern rule with stem `configure'.
   Trying implicit prerequisite `Makefile.cpp'.
    Rejecting impossible implicit prerequisite `../../../../src/Makefile.global.in.F'.
    Trying pattern rule with stem `Makefile.global.in'.
      Trying implicit prerequisite `../../../configure.f'.
   Trying pattern rule with stem `Makefile'.
      Trying implicit prerequisite `../../../configure.S'.
   Trying implicit prerequisite `Makefile.p'.
    Rejecting impossible implicit prerequisite `../../../src/Makefile.global.in.mod'.
      Trying pattern rule with stem `configure'.
    Trying pattern rule with stem `Makefile.global.in'.
      Trying implicit prerequisite `../../../configure.mod'.
      Trying pattern rule with stem `configure'.
   Trying pattern rule with stem `Makefile'.
    Trying pattern rule with stem `Makefile.global.in'.
    Rejecting impossible implicit prerequisite `../../../../src/Makefile.global.in.m'.
    Trying pattern rule with stem `Makefile.global.in'.
   Trying implicit prerequisite `Makefile.f'.
    Trying pattern rule with stem `Makefile.global.in'.
   Trying pattern rule with stem `Makefile'.
      Trying implicit prerequisite `../../../configure.sh'.
   Trying implicit prerequisite `Makefile.F'.
    Rejecting impossible implicit prerequisite `../../../../src/Makefile.global.in.r'.
      Trying pattern rule with stem `configure'.
      Trying pattern rule with stem `configure'.
    Trying implicit prerequisite `../../../src/Makefile.global.in.sh'.
    Rejecting impossible implicit prerequisite `../../../../src/Makefile.global.in.F'.
      Trying implicit prerequisite `../../../configure,v'.
    Looking for a rule with intermediate file `../../../src/Makefile.global.in.sh'.
    Trying pattern rule with stem `Makefile.global.in'.
   Trying pattern rule with stem `Makefile'.
    Trying pattern rule with stem `Makefile.global.in'.
      Trying implicit prerequisite `../../../configure.F'.
      Trying pattern rule with stem `configure'.
     Avoiding implicit rule recursion.
    Rejecting impossible implicit prerequisite `../../../../src/Makefile.global.in.m'.
      Trying implicit prerequisite `../../../RCS/configure,v'.
     Trying pattern rule with stem `Makefile.global.in.sh'.
    Rejecting impossible implicit prerequisite `../../../../src/Makefile.global.in.s'.
      Trying pattern rule with stem `configure'.
      Trying pattern rule with stem `configure'.
     Trying implicit prerequisite `../../../src/Makefile.global.in.sh,v'.
      Trying implicit prerequisite `../../../RCS/configure'.
    Trying pattern rule with stem `Makefile.global.in'.
    Trying pattern rule with stem `Makefile.global.in'.
    Rejecting impossible implicit prerequisite `../../../../src/Makefile.global.in.r'.
      Trying implicit prerequisite `../../../configure.m'.
    Rejecting impossible implicit prerequisite `../../../../src/Makefile.global.in.S'.
     Trying pattern rule with stem `Makefile.global.in.sh'.
   Trying implicit prerequisite `Makefile.m'.
      Trying pattern rule with stem `configure'.
     Trying implicit prerequisite `../../../src/RCS/Makefile.global.in.sh,v'.
    Trying pattern rule with stem `Makefile.global.in'.
      Trying pattern rule with stem `configure'.
     Trying pattern rule with stem `Makefile.global.in.sh'.
    Rejecting impossible implicit prerequisite `../../../../src/Makefile.global.in.mod'.
      Trying implicit prerequisite `../../../s.configure'.
      Trying implicit prerequisite `../../../configure.r'.
   Trying pattern rule with stem `Makefile'.
    Trying pattern rule with stem `Makefile.global.in'.
    Trying pattern rule with stem `Makefile.global.in'.
   Trying implicit prerequisite `Makefile.r'.
     Trying implicit prerequisite `../../../src/RCS/Makefile.global.in.sh'.
   Trying pattern rule with stem `Makefile'.
    Trying implicit prerequisite `../../../../src/Makefile.global.in.sh'.
      Trying pattern rule with stem `configure'.
   Trying implicit prerequisite `Makefile.s'.
    Rejecting impossible implicit prerequisite `../../../../src/Makefile.global.in.s'.
      Trying implicit prerequisite `../../../SCCS/s.configure'.
    Looking for a rule with intermediate file `../../../../src/Makefile.global.in.sh'.
      Trying pattern rule with stem `configure'.
   Trying pattern rule with stem `Makefile'.
      Trying implicit prerequisite `../../../configure.o'.
     Avoiding implicit rule recursion.
      Looking for a rule with intermediate file `../../../configure.o'.
    Trying pattern rule with stem `Makefile.global.in'.
   Trying implicit prerequisite `Makefile.S'.
     Trying pattern rule with stem `Makefile.global.in.sh'.
   Trying pattern rule with stem `Makefile'.
     Trying pattern rule with stem `Makefile.global.in.sh'.
      Trying pattern rule with stem `configure'.
     Trying implicit prerequisite `../../../src/s.Makefile.global.in.sh'.
      Trying implicit prerequisite `../../../configure.s'.
   Trying implicit prerequisite `Makefile.mod'.
    Rejecting impossible implicit prerequisite `../../../../src/Makefile.global.in.S'.
       Avoiding implicit rule recursion.
     Trying pattern rule with stem `Makefile.global.in.sh'.
       Trying pattern rule with stem `configure'.
      Trying pattern rule with stem `configure'.
     Trying implicit prerequisite `../../../../src/Makefile.global.in.sh,v'.
    Trying pattern rule with stem `Makefile.global.in'.
   Trying pattern rule with stem `Makefile.o'.
       Trying implicit prerequisite `../../../configure.c'.
     Trying implicit prerequisite `../../../src/SCCS/s.Makefile.global.in.sh'.
      Trying implicit prerequisite `../../../configure.S'.
    Rejecting impossible implicit prerequisite `../../../../src/Makefile.global.in.mod'.
       Trying pattern rule with stem `configure'.
    No implicit rule found for `../../../src/Makefile.global.in'.
       Trying implicit prerequisite `../../../configure.cc'.
     Trying pattern rule with stem `Makefile.global.in.sh'.
      Trying pattern rule with stem `configure'.
    Trying pattern rule with stem `Makefile.global.in'.
   Trying implicit prerequisite `Makefile.o,v'.
    Finished prerequisites of target file `../../../src/Makefile.global.in'.
       Trying pattern rule with stem `configure'.
      Trying implicit prerequisite `../../../configure.mod'.
    Trying implicit prerequisite `../../../../src/Makefile.global.in.sh'.
   Trying pattern rule with stem `Makefile.o'.
     Trying implicit prerequisite `../../../../src/RCS/Makefile.global.in.sh,v'.
   Trying implicit prerequisite `RCS/Makefile.o,v'.
     Trying pattern rule with stem `Makefile.global.in.sh'.
       Trying implicit prerequisite `../../../configure.C'.
    Looking for a rule with intermediate file `../../../../src/Makefile.global.in.sh'.
   No need to remake target `../../../src/Makefile.global.in'.
   Trying pattern rule with stem `Makefile.o'.
      Trying pattern rule with stem `configure'.
   Trying implicit prerequisite `RCS/Makefile.o'.
     Trying implicit prerequisite `../../../../src/RCS/Makefile.global.in.sh'.
   Trying pattern rule with stem `Makefile.o'.
     Trying pattern rule with stem `Makefile.global.in.sh'.
       Trying pattern rule with stem `configure'.
   Trying implicit prerequisite `s.Makefile.o'.
   Trying pattern rule with stem `Makefile.o'.
   Trying implicit prerequisite `SCCS/s.Makefile.o'.
   Trying pattern rule with stem `Makefile'.
   Trying implicit prerequisite `Makefile.c'.
   Looking for a rule with intermediate file `Makefile.c'.
    Avoiding implicit rule recursion.
    Avoiding implicit rule recursion.
    Trying pattern rule with stem `Makefile'.
    Trying implicit prerequisite `Makefile.l'.
    Trying pattern rule with stem `Makefile'.
    Trying implicit prerequisite `Makefile.y'.
    Trying pattern rule with stem `Makefile'.
    Trying implicit prerequisite `Makefile.w'.
    Trying pattern rule with stem `Makefile'.
    Trying implicit prerequisite `Makefile.w'.
    Trying pattern rule with stem `Makefile.c'.
    Trying implicit prerequisite `Makefile.c,v'.
    Trying pattern rule with stem `Makefile.c'.
     Trying implicit prerequisite `../../../../src/s.Makefile.global.in.sh'.
   Considering target file `../../../config.status'.
      Trying implicit prerequisite `../../../configure.sh'.
     Avoiding implicit rule recursion.
    Trying implicit prerequisite `RCS/Makefile.c,v'.
       Trying implicit prerequisite `../../../configure.cpp'.
      Trying pattern rule with stem `configure'.
     Trying pattern rule with stem `Makefile.global.in.sh'.
      Trying implicit prerequisite `../../../configure,v'.
    Trying pattern rule with stem `Makefile.c'.
      Trying pattern rule with stem `configure'.
     Trying pattern rule with stem `Makefile.global.in.sh'.
    Trying implicit prerequisite `RCS/Makefile.c'.
      Trying implicit prerequisite `../../../RCS/configure,v'.
     Considering target file `../../../configure'.
     Trying implicit prerequisite `../../../../src/SCCS/s.Makefile.global.in.sh'.
    Trying pattern rule with stem `Makefile.c'.
    No implicit rule found for `../../../../src/Makefile.global.in'.
       Trying pattern rule with stem `configure'.
      Trying pattern rule with stem `configure'.
       Trying implicit prerequisite `../../../configure.p'.
     Trying implicit prerequisite `../../../../src/Makefile.global.in.sh,v'.
    Trying implicit prerequisite `s.Makefile.c'.
    Finished prerequisites of target file `../../../../src/Makefile.global.in'.
      Trying implicit prerequisite `../../../RCS/configure'.
      Looking for an implicit rule for `../../../configure'.
     Trying pattern rule with stem `Makefile.global.in.sh'.
   No need to remake target `../../../../src/Makefile.global.in'.
    Trying pattern rule with stem `Makefile.c'.
      Trying pattern rule with stem `configure'.
   Considering target file `../../../../config.status'.
    Trying implicit prerequisite `SCCS/s.Makefile.c'.
      Trying pattern rule with stem `configure'.
     Trying implicit prerequisite `../../../../src/RCS/Makefile.global.in.sh,v'.
       Trying pattern rule with stem `configure'.
    Trying pattern rule with stem `Makefile'.
     Trying pattern rule with stem `Makefile.global.in.sh'.
      Trying implicit prerequisite `../../../s.configure'.
    Trying implicit prerequisite `Makefile.l'.
       Trying implicit prerequisite `../../../configure.f'.
     Considering target file `../../../../configure'.
      Trying pattern rule with stem `configure'.
      Trying implicit prerequisite `../../../configure.o'.
      Trying implicit prerequisite `../../../SCCS/s.configure'.
    Looking for a rule with intermediate file `Makefile.l'.
      Looking for an implicit rule for `../../../../configure'.
     Trying implicit prerequisite `../../../../src/RCS/Makefile.global.in.sh'.
      Trying pattern rule with stem `configure'.
     Avoiding implicit rule recursion.
       Trying pattern rule with stem `configure'.
     Trying pattern rule with stem `Makefile.global.in.sh'.
      Trying pattern rule with stem `configure'.
       Trying implicit prerequisite `../../../configure.F'.
      Trying pattern rule with stem `configure'.
     Trying implicit prerequisite `../../../../src/s.Makefile.global.in.sh'.
      Trying implicit prerequisite `../../../configure.o'.
      Trying implicit prerequisite `../../../configure.cc'.
      Looking for a rule with intermediate file `../../../configure.o'.
      Trying implicit prerequisite `../../../../configure.o'.
     Trying pattern rule with stem `Makefile.global.in.sh'.
     Avoiding implicit rule recursion.
      Trying pattern rule with stem `configure'.
       Avoiding implicit rule recursion.
       Trying pattern rule with stem `configure'.
     Avoiding implicit rule recursion.
     Trying implicit prerequisite `../../../../src/SCCS/s.Makefile.global.in.sh'.
     Trying pattern rule with stem `Makefile.l'.
    No implicit rule found for `../../../../src/Makefile.global.in'.
      Trying implicit prerequisite `../../../configure.C'.
       Trying pattern rule with stem `configure'.
    Finished prerequisites of target file `../../../../src/Makefile.global.in'.
       Trying implicit prerequisite `../../../configure.c'.
      Trying pattern rule with stem `configure'.
      Trying pattern rule with stem `configure'.
      Trying implicit prerequisite `../../../configure.cpp'.
       Trying implicit prerequisite `../../../configure.m'.
      Trying pattern rule with stem `configure'.
   No need to remake target `../../../../src/Makefile.global.in'.
       Trying pattern rule with stem `configure'.
       Trying pattern rule with stem `configure'.
     Trying implicit prerequisite `Makefile.l,v'.
       Trying implicit prerequisite `../../../configure.cc'.
     Trying pattern rule with stem `Makefile.l'.
      Trying implicit prerequisite `../../../configure.p'.
      Trying implicit prerequisite `../../../../configure.cc'.
       Trying pattern rule with stem `configure'.
     Trying implicit prerequisite `RCS/Makefile.l,v'.
       Trying implicit prerequisite `../../../configure.r'.
      Trying pattern rule with stem `configure'.
     Trying pattern rule with stem `Makefile.l'.
      Trying pattern rule with stem `configure'.
      Trying implicit prerequisite `../../../configure.f'.
       Trying pattern rule with stem `configure'.
       Trying implicit prerequisite `../../../configure.C'.
       Trying implicit prerequisite `../../../configure.s'.
      Trying implicit prerequisite `../../../../configure.C'.
   Considering target file `../../../../config.status'.
     Trying implicit prerequisite `RCS/Makefile.l'.
     Considering target file `../../../../configure'.
       Trying pattern rule with stem `configure'.
       Trying pattern rule with stem `configure'.
      Trying pattern rule with stem `configure'.
     Trying pattern rule with stem `Makefile.l'.
      Trying implicit prerequisite `../../../../configure.cpp'.
     Trying implicit prerequisite `s.Makefile.l'.
       Trying implicit prerequisite `../../../configure.cpp'.
      Looking for an implicit rule for `../../../../configure'.
     Trying pattern rule with stem `Makefile.l'.
      Trying pattern rule with stem `configure'.
     Trying implicit prerequisite `SCCS/s.Makefile.l'.
       Trying implicit prerequisite `../../../configure.S'.
    Trying pattern rule with stem `Makefile'.
      Trying implicit prerequisite `../../../../configure.p'.
      Trying pattern rule with stem `configure'.
       Trying pattern rule with stem `configure'.
       Trying pattern rule with stem `configure'.
      Trying pattern rule with stem `configure'.
    Trying implicit prerequisite `Makefile.y'.
       Trying implicit prerequisite `../../../configure.p'.
      Trying pattern rule with stem `configure'.
       Trying pattern rule with stem `configure'.
      Trying implicit prerequisite `../../../../configure.o'.
       Trying implicit prerequisite `../../../configure.mod'.
      Trying implicit prerequisite `../../../configure.F'.
       Trying implicit prerequisite `../../../configure.f'.
       Trying pattern rule with stem `configure.o'.
    Looking for a rule with intermediate file `Makefile.y'.
       Trying pattern rule with stem `configure'.
      Trying implicit prerequisite `../../../../configure.f'.
     Avoiding implicit rule recursion.
      Trying pattern rule with stem `configure'.
       Trying implicit prerequisite `../../../configure.o,v'.
       Trying implicit prerequisite `../../../configure.F'.
      Trying implicit prerequisite `../../../configure.m'.
      Trying pattern rule with stem `configure'.
      Trying pattern rule with stem `configure'.
      Trying implicit prerequisite `../../../../configure.cc'.
       Trying pattern rule with stem `configure.o'.
       Trying pattern rule with stem `configure'.
       Trying implicit prerequisite `../../../RCS/configure.o,v'.
      Trying pattern rule with stem `configure'.
      Trying implicit prerequisite `../../../../configure.F'.
       Trying pattern rule with stem `configure.o'.
      Trying pattern rule with stem `configure'.
      Trying pattern rule with stem `configure'.
     Avoiding implicit rule recursion.
      Trying implicit prerequisite `../../../configure.r'.
     Avoiding implicit rule recursion.
       Trying implicit prerequisite `../../../RCS/configure.o'.
     Trying pattern rule with stem `Makefile.y'.
      Trying implicit prerequisite `../../../../configure.m'.
       Trying pattern rule with stem `configure.o'.
      Trying pattern rule with stem `configure'.
      Trying implicit prerequisite `../../../../configure.C'.
      Trying implicit prerequisite `../../../configure.s'.
       Trying implicit prerequisite `../../../configure.m'.
       Trying implicit prerequisite `../../../s.configure.o'.
       Trying pattern rule with stem `configure'.
     Trying implicit prerequisite `Makefile.y,v'.
      Trying pattern rule with stem `configure'.
     Trying pattern rule with stem `Makefile.y'.
      Trying implicit prerequisite `../../../configure.S'.
       Trying pattern rule with stem `configure.o'.
      Trying pattern rule with stem `configure'.
     Trying implicit prerequisite `RCS/Makefile.y,v'.
      Trying implicit prerequisite `../../../../configure.r'.
      Trying pattern rule with stem `configure'.
      Trying pattern rule with stem `configure'.
       Trying implicit prerequisite `../../../configure.r'.
     Trying pattern rule with stem `Makefile.y'.
       Trying implicit prerequisite `../../../SCCS/s.configure.o'.
       Trying pattern rule with stem `configure'.
      Trying pattern rule with stem `configure'.
     Trying implicit prerequisite `RCS/Makefile.y'.
      Trying implicit prerequisite `../../../configure.mod'.
      Trying implicit prerequisite `../../../../configure.s'.
      Trying pattern rule with stem `configure'.
      Trying implicit prerequisite `../../../../configure.cpp'.
      Trying implicit prerequisite `../../../configure.sh'.
       Trying pattern rule with stem `configure'.
       Trying implicit prerequisite `../../../configure.s'.
      Trying pattern rule with stem `configure'.
     Trying pattern rule with stem `Makefile.y'.
       Trying pattern rule with stem `configure'.
      Trying pattern rule with stem `configure'.
      Trying pattern rule with stem `configure'.
     Trying implicit prerequisite `s.Makefile.y'.
      Trying implicit prerequisite `../../../configure,v'.
       Trying implicit prerequisite `../../../configure.c'.
       Trying implicit prerequisite `../../../configure.S'.
      Trying implicit prerequisite `../../../../configure.p'.
     Trying pattern rule with stem `Makefile.y'.
      Trying implicit prerequisite `../../../../configure.S'.
      Trying pattern rule with stem `configure'.
      Trying pattern rule with stem `configure'.
     Trying implicit prerequisite `SCCS/s.Makefile.y'.
       Looking for a rule with intermediate file `../../../configure.c'.
    Trying pattern rule with stem `Makefile'.
       Trying pattern rule with stem `configure'.
        Avoiding implicit rule recursion.
       Trying implicit prerequisite `../../../configure.mod'.
        Avoiding implicit rule recursion.
      Trying implicit prerequisite `../../../../configure.f'.
      Trying implicit prerequisite `../../../../configure.mod'.
       Trying pattern rule with stem `configure.o'.
      Trying pattern rule with stem `configure'.
        Trying pattern rule with stem `configure'.
      Trying implicit prerequisite `../../../../configure.F'.
        Trying implicit prerequisite `../../../configure.l'.
      Trying pattern rule with stem `configure'.
        Trying pattern rule with stem `configure'.
       Trying implicit prerequisite `../../../configure.o,v'.
    Trying implicit prerequisite `Makefile.w'.
      Trying pattern rule with stem `configure'.
        Trying implicit prerequisite `../../../configure.y'.
      Trying implicit prerequisite `../../../../configure.m'.
      Trying implicit prerequisite `../../../../configure.sh'.
      Trying pattern rule with stem `configure'.
      Trying pattern rule with stem `configure'.
      Trying implicit prerequisite `../../../../configure.r'.
       Trying pattern rule with stem `configure.o'.
    Looking for a rule with intermediate file `Makefile.w'.
       Trying implicit prerequisite `../../../RCS/configure.o,v'.
      Trying implicit prerequisite `../../../../configure,v'.
      Trying pattern rule with stem `configure'.
      Trying pattern rule with stem `configure'.
        Trying pattern rule with stem `configure'.
      Trying implicit prerequisite `../../../RCS/configure,v'.
     Avoiding implicit rule recursion.
       Trying pattern rule with stem `configure.o'.
      Trying pattern rule with stem `configure'.
      Trying implicit prerequisite `../../../../configure.s'.
      Trying implicit prerequisite `../../../../RCS/configure,v'.
     Avoiding implicit rule recursion.
       Trying implicit prerequisite `../../../RCS/configure.o'.
      Trying pattern rule with stem `configure'.
      Trying pattern rule with stem `configure'.
        Trying implicit prerequisite `../../../configure.w'.
      Trying implicit prerequisite `../../../../configure.S'.
       Trying pattern rule with stem `configure.o'.
        Trying pattern rule with stem `configure'.
     Avoiding implicit rule recursion.
      Trying implicit prerequisite `../../../../RCS/configure'.
       Trying implicit prerequisite `../../../s.configure.o'.
      Trying pattern rule with stem `configure'.
      Trying pattern rule with stem `configure'.
      Trying implicit prerequisite `../../../RCS/configure'.
      Trying implicit prerequisite `../../../../s.configure'.
      Trying pattern rule with stem `configure'.
        Trying implicit prerequisite `../../../configure.w'.
       Trying pattern rule with stem `configure.o'.
        Trying pattern rule with stem `configure.c'.
      Trying pattern rule with stem `configure'.
     Trying pattern rule with stem `Makefile.w'.
      Trying pattern rule with stem `configure'.
      Trying implicit prerequisite `../../../s.configure'.
      Trying implicit prerequisite `../../../../configure.mod'.
     Trying implicit prerequisite `Makefile.w,v'.
      Trying implicit prerequisite `../../../../SCCS/s.configure'.
      Trying pattern rule with stem `configure'.
      Trying pattern rule with stem `configure'.
       Trying implicit prerequisite `../../../SCCS/s.configure.o'.
        Trying implicit prerequisite `../../../configure.c,v'.
      Trying pattern rule with stem `configure'.
      Trying implicit prerequisite `../../../../configure.sh'.
     Trying pattern rule with stem `Makefile.w'.
      Trying implicit prerequisite `../../../SCCS/s.configure'.
      Trying pattern rule with stem `configure'.
      Trying implicit prerequisite `../../../../configure.o'.
        Trying pattern rule with stem `configure.c'.
     Trying implicit prerequisite `RCS/Makefile.w,v'.
       Trying pattern rule with stem `configure'.
      Looking for a rule with intermediate file `../../../../configure.o'.
        Trying implicit prerequisite `../../../RCS/configure.c,v'.
       Avoiding implicit rule recursion.
     Trying pattern rule with stem `Makefile.w'.
        Trying pattern rule with stem `configure.c'.
      Trying implicit prerequisite `../../../../configure,v'.
      Trying pattern rule with stem `configure'.
        Trying implicit prerequisite `../../../RCS/configure.c'.
     Trying implicit prerequisite `RCS/Makefile.w'.
       Trying implicit prerequisite `../../../configure.c'.
     Trying pattern rule with stem `Makefile.w'.
        Trying pattern rule with stem `configure.c'.
       Trying pattern rule with stem `configure'.
      Trying pattern rule with stem `configure'.
       Trying implicit prerequisite `../../../../configure.c'.
       Looking for a rule with intermediate file `../../../configure.c'.
     Trying implicit prerequisite `s.Makefile.w'.
        Avoiding implicit rule recursion.
      Trying implicit prerequisite `../../../configure.o'.
     Trying pattern rule with stem `Makefile.w'.
        Trying implicit prerequisite `../../../s.configure.c'.
      Looking for a rule with intermediate file `../../../configure.o'.
        Trying pattern rule with stem `configure.c'.
      Trying implicit prerequisite `../../../../RCS/configure,v'.
     Trying implicit prerequisite `SCCS/s.Makefile.w'.
       Avoiding implicit rule recursion.
        Trying implicit prerequisite `../../../SCCS/s.configure.c'.
      Trying pattern rule with stem `configure'.
        Trying pattern rule with stem `configure'.
       Trying pattern rule with stem `configure'.
        Trying implicit prerequisite `../../../configure.l'.
       Trying implicit prerequisite `../../../../configure.cc'.
       Trying pattern rule with stem `configure'.
        Avoiding implicit rule recursion.
        Looking for a rule with intermediate file `../../../configure.l'.
        Trying pattern rule with stem `configure'.
         Avoiding implicit rule recursion.
        Trying implicit prerequisite `../../../configure.l'.
       Trying pattern rule with stem `configure'.
    Trying pattern rule with stem `Makefile'.
      Trying implicit prerequisite `../../../../RCS/configure'.
         Avoiding implicit rule recursion.
       Trying implicit prerequisite `../../../configure.c'.
        Trying pattern rule with stem `configure'.
         Avoiding implicit rule recursion.
       Trying pattern rule with stem `configure'.
       Trying implicit prerequisite `../../../../configure.C'.
         Trying pattern rule with stem `configure.l'.
      Trying pattern rule with stem `configure'.
    Rejecting impossible implicit prerequisite `Makefile.w'.
       Trying pattern rule with stem `configure'.
       Trying implicit prerequisite `../../../configure.cc'.
         Trying implicit prerequisite `../../../configure.l,v'.
      Trying implicit prerequisite `../../../../s.configure'.
       Trying implicit prerequisite `../../../../configure.cpp'.
        Trying implicit prerequisite `../../../configure.y'.
      Trying pattern rule with stem `configure'.
       Trying pattern rule with stem `configure'.
         Trying pattern rule with stem `configure.l'.
   Trying pattern rule with stem `Makefile'.
       Trying pattern rule with stem `configure'.
   Trying implicit prerequisite `Makefile.cc'.
      Trying implicit prerequisite `../../../../SCCS/s.configure'.
       Trying implicit prerequisite `../../../configure.C'.
       Trying implicit prerequisite `../../../../configure.p'.
      Trying pattern rule with stem `configure'.
       Trying pattern rule with stem `configure'.
      Trying implicit prerequisite `../../../../configure.o'.
       Trying pattern rule with stem `configure'.
        Trying pattern rule with stem `configure'.
      Looking for a rule with intermediate file `../../../../configure.o'.
       Trying implicit prerequisite `../../../configure.cpp'.
        Trying implicit prerequisite `../../../configure.w'.
         Trying implicit prerequisite `../../../RCS/configure.l,v'.
       Trying implicit prerequisite `../../../../configure.f'.
         Trying pattern rule with stem `configure.l'.
       Trying pattern rule with stem `configure'.
         Trying implicit prerequisite `../../../RCS/configure.l'.
   Looking for a rule with intermediate file `Makefile.cc'.
         Trying pattern rule with stem `configure.l'.
       Trying implicit prerequisite `../../../configure.p'.
    Avoiding implicit rule recursion.
       Trying pattern rule with stem `configure'.
        Trying pattern rule with stem `configure'.
       Trying implicit prerequisite `../../../configure.f'.
       Avoiding implicit rule recursion.
    Avoiding implicit rule recursion.
       Trying pattern rule with stem `configure'.
        Trying implicit prerequisite `../../../configure.w'.
       Trying pattern rule with stem `configure'.
        Trying pattern rule with stem `configure.c'.
       Trying implicit prerequisite `../../../../configure.F'.
    Trying pattern rule with stem `Makefile.cc'.
       Trying pattern rule with stem `configure'.
        Trying implicit prerequisite `../../../configure.c,v'.
       Trying implicit prerequisite `../../../../configure.c'.
    Trying implicit prerequisite `Makefile.cc,v'.
        Trying pattern rule with stem `configure.c'.
    Trying pattern rule with stem `Makefile.cc'.
       Trying implicit prerequisite `../../../configure.F'.
       Trying pattern rule with stem `configure'.
    Trying implicit prerequisite `RCS/Makefile.cc,v'.
        Trying implicit prerequisite `../../../RCS/configure.c,v'.
       Trying pattern rule with stem `configure'.
        Trying pattern rule with stem `configure.c'.
       Trying implicit prerequisite `../../../../configure.cc'.
       Trying implicit prerequisite `../../../../configure.m'.
        Trying implicit prerequisite `../../../RCS/configure.c'.
       Trying pattern rule with stem `configure'.
    Trying pattern rule with stem `Makefile.cc'.
       Trying pattern rule with stem `configure'.
    Trying implicit prerequisite `RCS/Makefile.cc'.
        Trying pattern rule with stem `configure.c'.
       Trying pattern rule with stem `configure'.
        Trying implicit prerequisite `../../../s.configure.c'.
       Trying implicit prerequisite `../../../../configure.r'.
         Trying implicit prerequisite `../../../s.configure.l'.
    Trying pattern rule with stem `Makefile.cc'.
       Trying implicit prerequisite `../../../configure.m'.
       Trying implicit prerequisite `../../../../configure.C'.
        Trying pattern rule with stem `configure.c'.
    Trying implicit prerequisite `s.Makefile.cc'.
        Trying implicit prerequisite `../../../SCCS/s.configure.c'.
       Trying pattern rule with stem `configure'.
         Trying pattern rule with stem `configure.l'.
       Trying pattern rule with stem `configure'.
    Trying pattern rule with stem `Makefile.cc'.
        Trying pattern rule with stem `configure'.
       Trying pattern rule with stem `configure'.
       Trying implicit prerequisite `../../../../configure.s'.
         Trying implicit prerequisite `../../../SCCS/s.configure.l'.
    Trying implicit prerequisite `SCCS/s.Makefile.cc'.
        Trying implicit prerequisite `../../../configure.l'.
       Trying implicit prerequisite `../../../configure.r'.
   Trying pattern rule with stem `Makefile'.
       Trying implicit prerequisite `../../../../configure.cpp'.
        Trying pattern rule with stem `configure'.
       Trying pattern rule with stem `configure'.
        Trying implicit prerequisite `../../../configure.y'.
   Trying implicit prerequisite `Makefile.C'.
       Trying implicit prerequisite `../../../configure.s'.
       Trying pattern rule with stem `configure'.
       Trying pattern rule with stem `configure'.
        Looking for a rule with intermediate file `../../../configure.l'.
       Trying implicit prerequisite `../../../../configure.S'.
   Looking for a rule with intermediate file `Makefile.C'.
        Looking for a rule with intermediate file `../../../configure.y'.
       Trying pattern rule with stem `configure'.
       Trying implicit prerequisite `../../../../configure.p'.
         Avoiding implicit rule recursion.
       Trying implicit prerequisite `../../../../configure.mod'.
       Trying pattern rule with stem `configure'.
    Avoiding implicit rule recursion.
         Avoiding implicit rule recursion.
         Avoiding implicit rule recursion.
       Trying pattern rule with stem `configure.o'.
       Trying pattern rule with stem `configure'.
       Trying implicit prerequisite `../../../../configure.o,v'.
       Trying implicit prerequisite `../../../configure.S'.
       Trying pattern rule with stem `configure.o'.
         Avoiding implicit rule recursion.
    Avoiding implicit rule recursion.
         Avoiding implicit rule recursion.
       Trying implicit prerequisite `../../../../configure.f'.
         Avoiding implicit rule recursion.
       Trying pattern rule with stem `configure'.
       Trying implicit prerequisite `../../../../RCS/configure.o,v'.
         Trying pattern rule with stem `configure.y'.
       Trying pattern rule with stem `configure.o'.
         Trying implicit prerequisite `../../../configure.y,v'.
       Trying implicit prerequisite `../../../../RCS/configure.o'.
         Trying pattern rule with stem `configure.y'.
       Trying implicit prerequisite `../../../configure.mod'.
       Trying pattern rule with stem `configure.o'.
    Trying pattern rule with stem `Makefile.C'.
         Trying implicit prerequisite `../../../RCS/configure.y,v'.
         Trying pattern rule with stem `configure.l'.
       Trying implicit prerequisite `../../../../s.configure.o'.
         Trying implicit prerequisite `../../../configure.l,v'.
         Trying pattern rule with stem `configure.y'.
    Trying implicit prerequisite `Makefile.C,v'.
       Trying pattern rule with stem `configure.o'.
         Trying implicit prerequisite `../../../RCS/configure.y'.
       Trying pattern rule with stem `configure'.
       Trying implicit prerequisite `../../../../SCCS/s.configure.o'.
    Trying pattern rule with stem `Makefile.C'.
         Trying pattern rule with stem `configure.l'.
    Trying implicit prerequisite `RCS/Makefile.C,v'.
         Trying implicit prerequisite `../../../RCS/configure.l,v'.
       Trying pattern rule with stem `configure'.
         Trying pattern rule with stem `configure.y'.
       Trying implicit prerequisite `../../../../configure.F'.
       Trying pattern rule with stem `configure.o'.
       Trying implicit prerequisite `../../../../configure.c'.
         Trying implicit prerequisite `../../../s.configure.y'.
         Trying pattern rule with stem `configure.l'.
    Trying pattern rule with stem `Makefile.C'.
       Trying implicit prerequisite `../../../configure.o,v'.
       Looking for a rule with intermediate file `../../../../configure.c'.
         Trying pattern rule with stem `configure.y'.
         Trying implicit prerequisite `../../../RCS/configure.l'.
       Trying pattern rule with stem `configure.o'.
        Avoiding implicit rule recursion.
    Trying implicit prerequisite `RCS/Makefile.C'.
         Trying implicit prerequisite `../../../SCCS/s.configure.y'.
        Avoiding implicit rule recursion.
       Trying pattern rule with stem `configure'.
         Trying pattern rule with stem `configure.l'.
       Trying implicit prerequisite `../../../RCS/configure.o,v'.
         Trying implicit prerequisite `../../../s.configure.l'.
       Trying implicit prerequisite `../../../../configure.m'.
        Trying pattern rule with stem `configure'.
    Trying pattern rule with stem `Makefile.C'.
       Trying pattern rule with stem `configure.o'.
    Trying implicit prerequisite `s.Makefile.C'.
        Trying implicit prerequisite `../../../../configure.l'.
        Trying pattern rule with stem `configure'.
         Trying pattern rule with stem `configure.l'.
    Trying pattern rule with stem `Makefile.C'.
         Trying implicit prerequisite `../../../SCCS/s.configure.l'.
       Trying implicit prerequisite `../../../RCS/configure.o'.
       Trying pattern rule with stem `configure'.
        Trying pattern rule with stem `configure'.
        Trying pattern rule with stem `configure'.
    Trying implicit prerequisite `SCCS/s.Makefile.C'.
        Trying implicit prerequisite `../../../configure.w'.
        Trying implicit prerequisite `../../../configure.y'.
       Trying implicit prerequisite `../../../../configure.r'.
        Looking for a rule with intermediate file `../../../configure.y'.
       Trying pattern rule with stem `configure'.
        Looking for a rule with intermediate file `../../../configure.w'.
         Avoiding implicit rule recursion.
         Avoiding implicit rule recursion.
       Trying pattern rule with stem `configure.o'.
         Avoiding implicit rule recursion.
         Avoiding implicit rule recursion.
   Trying pattern rule with stem `Makefile'.
         Avoiding implicit rule recursion.
         Avoiding implicit rule recursion.
       Trying implicit prerequisite `../../../../configure.s'.
         Trying pattern rule with stem `configure.w'.
        Trying implicit prerequisite `../../../../configure.y'.
       Trying pattern rule with stem `configure'.
   Trying implicit prerequisite `Makefile.cpp'.
         Trying pattern rule with stem `configure.y'.
   Looking for a rule with intermediate file `Makefile.cpp'.
        Trying pattern rule with stem `configure'.
         Trying implicit prerequisite `../../../configure.w,v'.
    Avoiding implicit rule recursion.
         Trying pattern rule with stem `configure.w'.
       Trying implicit prerequisite `../../../s.configure.o'.
        Trying implicit prerequisite `../../../../configure.w'.
       Trying pattern rule with stem `configure.o'.
        Trying pattern rule with stem `configure'.
       Trying implicit prerequisite `../../../../configure.S'.
         Trying implicit prerequisite `../../../RCS/configure.w,v'.
       Trying implicit prerequisite `../../../SCCS/s.configure.o'.
        Trying implicit prerequisite `../../../../configure.w'.
         Trying implicit prerequisite `../../../configure.y,v'.
       Trying pattern rule with stem `configure'.
         Trying pattern rule with stem `configure.w'.
       Trying implicit prerequisite `../../../../configure.mod'.
        Trying pattern rule with stem `configure.c'.
       Trying pattern rule with stem `configure.o'.
         Trying implicit prerequisite `../../../RCS/configure.w'.
         Trying pattern rule with stem `configure.y'.
        Trying implicit prerequisite `../../../../configure.c,v'.
         Trying implicit prerequisite `../../../RCS/configure.y,v'.
        Trying pattern rule with stem `configure.c'.
         Trying pattern rule with stem `configure.w'.
        Trying implicit prerequisite `../../../../RCS/configure.c,v'.
    Avoiding implicit rule recursion.
         Trying pattern rule with stem `configure.y'.
       Trying pattern rule with stem `configure'.
         Trying implicit prerequisite `../../../RCS/configure.y'.
       Trying implicit prerequisite `../../../../configure.o,v'.
    Trying pattern rule with stem `Makefile.cpp'.
         Trying pattern rule with stem `configure.y'.
         Trying implicit prerequisite `../../../s.configure.w'.
       Trying implicit prerequisite `../../../configure.c'.
        Trying pattern rule with stem `configure.c'.
         Trying pattern rule with stem `configure.w'.
        Trying implicit prerequisite `../../../../RCS/configure.c'.
    Trying implicit prerequisite `Makefile.cpp,v'.
         Trying implicit prerequisite `../../../s.configure.y'.
        Trying pattern rule with stem `configure.c'.
       Looking for a rule with intermediate file `../../../configure.c'.
        Avoiding implicit rule recursion.
        Avoiding implicit rule recursion.
        Trying pattern rule with stem `configure'.
        Trying implicit prerequisite `../../../configure.l'.
        Trying pattern rule with stem `configure'.
        Trying implicit prerequisite `../../../configure.y'.
        Trying pattern rule with stem `configure'.
        Trying implicit prerequisite `../../../configure.w'.
        Trying pattern rule with stem `configure'.
        Trying implicit prerequisite `../../../configure.w'.
        Trying pattern rule with stem `configure.c'.
        Trying implicit prerequisite `../../../configure.c,v'.
        Trying pattern rule with stem `configure.c'.
        Trying implicit prerequisite `../../../RCS/configure.c,v'.
        Trying pattern rule with stem `configure.c'.
        Trying implicit prerequisite `../../../RCS/configure.c'.
        Trying pattern rule with stem `configure.c'.
         Trying pattern rule with stem `configure.y'.
       Trying pattern rule with stem `configure.o'.
    Trying pattern rule with stem `Makefile.cpp'.
       Trying implicit prerequisite `../../../../RCS/configure.o,v'.
         Trying implicit prerequisite `../../../SCCS/s.configure.w'.
       Trying pattern rule with stem `configure.o'.
    Trying implicit prerequisite `RCS/Makefile.cpp,v'.
        Trying pattern rule with stem `configure'.
        Trying implicit prerequisite `../../../s.configure.c'.
       Trying implicit prerequisite `../../../../RCS/configure.o'.
        Trying implicit prerequisite `../../../../s.configure.c'.
        Trying pattern rule with stem `configure.c'.
        Trying pattern rule with stem `configure.c'.
         Trying implicit prerequisite `../../../SCCS/s.configure.y'.
        Trying implicit prerequisite `../../../../SCCS/s.configure.c'.
        Trying pattern rule with stem `configure'.
    Trying pattern rule with stem `Makefile.cpp'.
        Rejecting impossible implicit prerequisite `../../../configure.w'.
        Trying implicit prerequisite `../../../configure.w'.
    Trying implicit prerequisite `RCS/Makefile.cpp'.
        Trying implicit prerequisite `../../../SCCS/s.configure.c'.
       Trying pattern rule with stem `configure.o'.
       Trying pattern rule with stem `configure'.
    Trying pattern rule with stem `Makefile.cpp'.
        Looking for a rule with intermediate file `../../../configure.w'.
       Trying implicit prerequisite `../../../../s.configure.o'.
       Trying implicit prerequisite `../../../configure.cc'.
        Trying pattern rule with stem `configure'.
    Trying implicit prerequisite `s.Makefile.cpp'.
        Trying implicit prerequisite `../../../../configure.l'.
         Avoiding implicit rule recursion.
       Looking for a rule with intermediate file `../../../configure.cc'.
         Avoiding implicit rule recursion.
        Avoiding implicit rule recursion.
         Avoiding implicit rule recursion.
    Trying pattern rule with stem `Makefile.cpp'.
        Trying pattern rule with stem `configure'.
    Trying implicit prerequisite `SCCS/s.Makefile.cpp'.
        Avoiding implicit rule recursion.
        Looking for a rule with intermediate file `../../../../configure.l'.
         Trying pattern rule with stem `configure.w'.
         Avoiding implicit rule recursion.
        Trying pattern rule with stem `configure.cc'.
        Trying implicit prerequisite `../../../configure.l'.
         Trying implicit prerequisite `../../../configure.w,v'.
        Looking for a rule with intermediate file `../../../configure.l'.
         Trying pattern rule with stem `configure.w'.
        Trying implicit prerequisite `../../../configure.cc,v'.
         Avoiding implicit rule recursion.
         Trying implicit prerequisite `../../../RCS/configure.w,v'.
       Trying pattern rule with stem `configure.o'.
        Trying pattern rule with stem `configure.cc'.
   Trying pattern rule with stem `Makefile'.
         Trying pattern rule with stem `configure.w'.
         Avoiding implicit rule recursion.
         Trying implicit prerequisite `../../../RCS/configure.w'.
   Trying implicit prerequisite `Makefile.p'.
         Trying pattern rule with stem `configure.w'.
       Trying implicit prerequisite `../../../../SCCS/s.configure.o'.
   Looking for a rule with intermediate file `Makefile.p'.
        Trying implicit prerequisite `../../../RCS/configure.cc,v'.
         Avoiding implicit rule recursion.
         Avoiding implicit rule recursion.
        Trying pattern rule with stem `configure.cc'.
         Trying pattern rule with stem `configure.l'.
         Trying implicit prerequisite `../../../s.configure.w'.
       Trying pattern rule with stem `configure'.
    Avoiding implicit rule recursion.
       Trying implicit prerequisite `../../../../configure.c'.
         Avoiding implicit rule recursion.
        Trying implicit prerequisite `../../../RCS/configure.cc'.
         Trying implicit prerequisite `../../../../configure.l,v'.
         Trying pattern rule with stem `configure.w'.
    Avoiding implicit rule recursion.
       Looking for a rule with intermediate file `../../../../configure.c'.
         Trying pattern rule with stem `configure.l'.
        Trying pattern rule with stem `configure.cc'.
         Trying implicit prerequisite `../../../configure.l,v'.
    Trying pattern rule with stem `Makefile'.
        Trying implicit prerequisite `../../../s.configure.cc'.
         Trying pattern rule with stem `configure.l'.
         Trying pattern rule with stem `configure.l'.
    Trying implicit prerequisite `Makefile.web'.
        Avoiding implicit rule recursion.
         Trying implicit prerequisite `../../../SCCS/s.configure.w'.
         Trying implicit prerequisite `../../../RCS/configure.l,v'.
    Trying pattern rule with stem `Makefile.p'.
         Trying implicit prerequisite `../../../../RCS/configure.l,v'.
         Trying pattern rule with stem `configure.l'.
        Trying pattern rule with stem `configure.cc'.
    Trying implicit prerequisite `Makefile.p,v'.
        Trying implicit prerequisite `../../../SCCS/s.configure.cc'.
        Avoiding implicit rule recursion.
       Trying pattern rule with stem `configure'.
    Trying pattern rule with stem `Makefile.p'.
        Trying pattern rule with stem `configure'.
        Trying pattern rule with stem `configure'.
       Trying implicit prerequisite `../../../configure.C'.
         Trying implicit prerequisite `../../../RCS/configure.l'.
         Trying pattern rule with stem `configure.l'.
        Rejecting impossible implicit prerequisite `../../../configure.w'.
        Trying implicit prerequisite `../../../../configure.l'.
       Trying pattern rule with stem `configure'.
    Trying implicit prerequisite `RCS/Makefile.p,v'.
       Looking for a rule with intermediate file `../../../configure.C'.
         Trying pattern rule with stem `configure.l'.
    Trying pattern rule with stem `Makefile.p'.
        Trying pattern rule with stem `configure'.
       Trying implicit prerequisite `../../../configure.cc'.
        Avoiding implicit rule recursion.
        Trying implicit prerequisite `../../../../configure.y'.
         Trying implicit prerequisite `../../../../RCS/configure.l'.
        Avoiding implicit rule recursion.
         Trying implicit prerequisite `../../../s.configure.l'.
       Looking for a rule with intermediate file `../../../configure.cc'.
    Trying implicit prerequisite `RCS/Makefile.p'.
         Trying pattern rule with stem `configure.l'.
        Avoiding implicit rule recursion.
         Trying implicit prerequisite `../../../SCCS/s.configure.l'.
        Trying pattern rule with stem `configure.C'.
        Trying pattern rule with stem `configure'.
    Trying pattern rule with stem `Makefile.p'.
        Avoiding implicit rule recursion.
         Trying pattern rule with stem `configure.l'.
        Trying pattern rule with stem `configure'.
         Trying implicit prerequisite `../../../../s.configure.l'.
        Trying implicit prerequisite `../../../configure.y'.
        Trying implicit prerequisite `../../../configure.C,v'.
    Trying implicit prerequisite `s.Makefile.p'.
        Trying pattern rule with stem `configure.cc'.
         Trying pattern rule with stem `configure.l'.
        Looking for a rule with intermediate file `../../../configure.y'.
        Trying implicit prerequisite `../../../../configure.w'.
        Trying pattern rule with stem `configure.C'.
    Trying pattern rule with stem `Makefile.p'.
        Trying implicit prerequisite `../../../RCS/configure.C,v'.
        Trying implicit prerequisite `../../../configure.cc,v'.
        Trying pattern rule with stem `configure'.
         Trying implicit prerequisite `../../../../SCCS/s.configure.l'.
        Trying implicit prerequisite `../../../../configure.w'.
         Avoiding implicit rule recursion.
    Trying implicit prerequisite `SCCS/s.Makefile.p'.
        Trying pattern rule with stem `configure.C'.
        Trying pattern rule with stem `configure.cc'.
        Trying pattern rule with stem `configure'.
        Trying pattern rule with stem `configure.c'.
         Avoiding implicit rule recursion.
    Trying pattern rule with stem `Makefile'.
        Trying implicit prerequisite `../../../../configure.y'.
        Trying implicit prerequisite `../../../RCS/configure.cc,v'.
        Trying implicit prerequisite `../../../../configure.c,v'.
    Trying implicit prerequisite `Makefile.web'.
        Trying pattern rule with stem `configure.cc'.
         Avoiding implicit rule recursion.
        Trying implicit prerequisite `../../../RCS/configure.cc'.
         Trying pattern rule with stem `configure.y'.
        Looking for a rule with intermediate file `../../../../configure.y'.
        Trying pattern rule with stem `configure.c'.
        Trying implicit prerequisite `../../../RCS/configure.C'.
        Trying implicit prerequisite `../../../../RCS/configure.c,v'.
        Trying pattern rule with stem `configure.cc'.
         Trying implicit prerequisite `../../../configure.y,v'.
         Avoiding implicit rule recursion.
        Trying pattern rule with stem `configure.C'.
        Trying implicit prerequisite `../../../s.configure.cc'.
        Trying implicit prerequisite `../../../s.configure.C'.
         Trying pattern rule with stem `configure.y'.
    Looking for a rule with intermediate file `Makefile.web'.
         Trying implicit prerequisite `../../../RCS/configure.y,v'.
         Avoiding implicit rule recursion.
        Trying pattern rule with stem `configure.c'.
        Trying pattern rule with stem `configure.cc'.
        Trying implicit prerequisite `../../../../RCS/configure.c'.
         Avoiding implicit rule recursion.
     Avoiding implicit rule recursion.
        Trying pattern rule with stem `configure.C'.
        Trying implicit prerequisite `../../../SCCS/s.configure.cc'.
        Trying pattern rule with stem `configure.c'.
         Trying pattern rule with stem `configure.y'.
     Avoiding implicit rule recursion.
         Trying pattern rule with stem `configure.y'.
       Trying pattern rule with stem `configure'.
         Trying implicit prerequisite `../../../RCS/configure.y'.
       Trying implicit prerequisite `../../../configure.C'.
       Looking for a rule with intermediate file `../../../configure.C'.
        Trying implicit prerequisite `../../../SCCS/s.configure.C'.
        Avoiding implicit rule recursion.
       Trying pattern rule with stem `configure'.
         Trying pattern rule with stem `configure.y'.
         Trying implicit prerequisite `../../../../configure.y,v'.
        Trying implicit prerequisite `../../../../s.configure.c'.
        Avoiding implicit rule recursion.
     Avoiding implicit rule recursion.
       Trying implicit prerequisite `../../../configure.cpp'.
         Trying implicit prerequisite `../../../s.configure.y'.
         Trying pattern rule with stem `configure.y'.
        Trying pattern rule with stem `configure.c'.
         Trying implicit prerequisite `../../../../RCS/configure.y,v'.
        Trying pattern rule with stem `configure.C'.
       Looking for a rule with intermediate file `../../../configure.cpp'.
        Trying implicit prerequisite `../../../../SCCS/s.configure.c'.
         Trying pattern rule with stem `configure.y'.
        Trying implicit prerequisite `../../../configure.C,v'.
        Trying pattern rule with stem `configure'.
         Trying pattern rule with stem `configure.y'.
        Trying implicit prerequisite `../../../../configure.l'.
         Trying implicit prerequisite `../../../../RCS/configure.y'.
        Looking for a rule with intermediate file `../../../../configure.l'.
        Trying pattern rule with stem `configure.C'.
         Avoiding implicit rule recursion.
         Trying implicit prerequisite `../../../SCCS/s.configure.y'.
     Trying pattern rule with stem `Makefile.web'.
         Trying pattern rule with stem `configure.y'.
        Avoiding implicit rule recursion.
         Trying implicit prerequisite `../../../../s.configure.y'.
        Trying implicit prerequisite `../../../RCS/configure.C,v'.
         Trying pattern rule with stem `configure.y'.
         Avoiding implicit rule recursion.
     Trying implicit prerequisite `Makefile.web,v'.
        Trying pattern rule with stem `configure'.
         Trying implicit prerequisite `../../../../SCCS/s.configure.y'.
        Trying implicit prerequisite `../../../configure.w'.
        Trying pattern rule with stem `configure.C'.
         Avoiding implicit rule recursion.
        Trying implicit prerequisite `../../../RCS/configure.C'.
        Trying pattern rule with stem `configure'.
        Trying pattern rule with stem `configure.C'.
        Looking for a rule with intermediate file `../../../configure.w'.
         Trying pattern rule with stem `configure.l'.
        Trying implicit prerequisite `../../../s.configure.C'.
        Avoiding implicit rule recursion.
     Trying pattern rule with stem `Makefile.web'.
        Trying pattern rule with stem `configure.C'.
         Trying implicit prerequisite `../../../../configure.l,v'.
        Trying implicit prerequisite `../../../../configure.w'.
     Trying implicit prerequisite `RCS/Makefile.web,v'.
         Avoiding implicit rule recursion.
        Looking for a rule with intermediate file `../../../../configure.w'.
     Trying pattern rule with stem `Makefile.web'.
         Avoiding implicit rule recursion.
        Trying pattern rule with stem `configure.cpp'.
        Trying implicit prerequisite `../../../SCCS/s.configure.C'.
         Avoiding implicit rule recursion.
        Trying implicit prerequisite `../../../configure.cpp,v'.
         Avoiding implicit rule recursion.
         Trying pattern rule with stem `configure.w'.
     Trying implicit prerequisite `RCS/Makefile.web'.
         Trying pattern rule with stem `configure.l'.
     Trying pattern rule with stem `Makefile.web'.
         Avoiding implicit rule recursion.
         Trying implicit prerequisite `../../../configure.w,v'.
     Trying implicit prerequisite `s.Makefile.web'.
        Trying pattern rule with stem `configure.cpp'.
         Avoiding implicit rule recursion.
     Trying pattern rule with stem `Makefile.web'.
         Trying implicit prerequisite `../../../../RCS/configure.l,v'.
     Trying implicit prerequisite `SCCS/s.Makefile.web'.
         Trying pattern rule with stem `configure.l'.
         Trying pattern rule with stem `configure.w'.
         Trying pattern rule with stem `configure.w'.
         Trying implicit prerequisite `../../../RCS/configure.w,v'.
         Trying implicit prerequisite `../../../../configure.w,v'.
        Trying implicit prerequisite `../../../RCS/configure.cpp,v'.
       Trying pattern rule with stem `configure'.
         Trying pattern rule with stem `configure.w'.
       Trying implicit prerequisite `../../../configure.cpp'.
         Trying implicit prerequisite `../../../../RCS/configure.l'.
   Trying pattern rule with stem `Makefile'.
       Looking for a rule with intermediate file `../../../configure.cpp'.
        Avoiding implicit rule recursion.
        Avoiding implicit rule recursion.
        Trying pattern rule with stem `configure.cpp'.
        Trying implicit prerequisite `../../../configure.cpp,v'.
        Trying pattern rule with stem `configure.cpp'.
        Trying implicit prerequisite `../../../RCS/configure.cpp,v'.
        Trying pattern rule with stem `configure.cpp'.
        Trying implicit prerequisite `../../../RCS/configure.cpp'.
        Trying pattern rule with stem `configure.cpp'.
        Trying implicit prerequisite `../../../s.configure.cpp'.
        Trying pattern rule with stem `configure.cpp'.
        Trying implicit prerequisite `../../../SCCS/s.configure.cpp'.
       Trying pattern rule with stem `configure'.
       Trying implicit prerequisite `../../../configure.p'.
         Trying implicit prerequisite `../../../RCS/configure.w'.
         Trying pattern rule with stem `configure.l'.
         Trying pattern rule with stem `configure.w'.
       Looking for a rule with intermediate file `../../../configure.p'.
         Trying implicit prerequisite `../../../../RCS/configure.w,v'.
        Avoiding implicit rule recursion.
         Trying implicit prerequisite `../../../../s.configure.l'.
        Trying pattern rule with stem `configure.cpp'.
   Trying implicit prerequisite `Makefile.f'.
        Trying implicit prerequisite `../../../RCS/configure.cpp'.
         Trying pattern rule with stem `configure.w'.
         Trying pattern rule with stem `configure.l'.
        Avoiding implicit rule recursion.
         Trying implicit prerequisite `../../../../SCCS/s.configure.l'.
   Looking for a rule with intermediate file `Makefile.f'.
         Trying implicit prerequisite `../../../../RCS/configure.w'.
    Avoiding implicit rule recursion.
        Trying pattern rule with stem `configure'.
        Trying pattern rule with stem `configure.cpp'.
        Trying implicit prerequisite `../../../configure.web'.
         Trying pattern rule with stem `configure.w'.
    Avoiding implicit rule recursion.
        Trying pattern rule with stem `configure.p'.
         Trying implicit prerequisite `../../../../s.configure.w'.
        Trying implicit prerequisite `../../../s.configure.cpp'.
        Trying pattern rule with stem `configure'.
        Trying implicit prerequisite `../../../configure.p,v'.
        Trying implicit prerequisite `../../../../configure.y'.
        Trying pattern rule with stem `configure.cpp'.
         Trying pattern rule with stem `configure.w'.
        Trying pattern rule with stem `configure.p'.
        Looking for a rule with intermediate file `../../../../configure.y'.
         Trying pattern rule with stem `configure.w'.
        Trying implicit prerequisite `../../../SCCS/s.configure.cpp'.
         Trying implicit prerequisite `../../../s.configure.w'.
       Trying pattern rule with stem `configure'.
        Trying implicit prerequisite `../../../RCS/configure.p,v'.
         Avoiding implicit rule recursion.
    Trying pattern rule with stem `Makefile'.
         Trying pattern rule with stem `configure.w'.
    Trying implicit prerequisite `Makefile.F'.
         Trying implicit prerequisite `../../../SCCS/s.configure.w'.
       Trying implicit prerequisite `../../../configure.p'.
        Trying pattern rule with stem `configure.p'.
         Avoiding implicit rule recursion.
        Trying implicit prerequisite `../../../RCS/configure.p'.
       Looking for a rule with intermediate file `../../../configure.p'.
         Avoiding implicit rule recursion.
    Trying pattern rule with stem `Makefile'.
         Trying pattern rule with stem `configure.y'.
    Trying implicit prerequisite `Makefile.r'.
        Trying pattern rule with stem `configure'.
         Trying implicit prerequisite `../../../../configure.y,v'.
    Trying pattern rule with stem `Makefile.f'.
         Trying pattern rule with stem `configure.y'.
        Trying pattern rule with stem `configure.p'.
         Trying implicit prerequisite `../../../../RCS/configure.y,v'.
        Avoiding implicit rule recursion.
        Rejecting impossible implicit prerequisite `../../../configure.w'.
        Trying implicit prerequisite `../../../s.configure.p'.
        Avoiding implicit rule recursion.
       Trying pattern rule with stem `configure'.
        Trying pattern rule with stem `configure.p'.
         Trying implicit prerequisite `../../../../SCCS/s.configure.w'.
         Trying pattern rule with stem `configure.y'.
        Trying implicit prerequisite `../../../SCCS/s.configure.p'.
        Trying pattern rule with stem `configure'.
    Trying implicit prerequisite `Makefile.f,v'.
        Trying implicit prerequisite `../../../configure.web'.
         Trying implicit prerequisite `../../../../RCS/configure.y'.
        Trying pattern rule with stem `configure'.
        Trying pattern rule with stem `configure'.
    Trying pattern rule with stem `Makefile.f'.
        Rejecting impossible implicit prerequisite `../../../../configure.w'.
    Trying implicit prerequisite `RCS/Makefile.f,v'.
       Trying pattern rule with stem `configure'.
        Trying implicit prerequisite `../../../configure.web'.
         Trying pattern rule with stem `configure.y'.
    Trying pattern rule with stem `Makefile.f'.
         Trying implicit prerequisite `../../../../s.configure.y'.
        Looking for a rule with intermediate file `../../../configure.web'.
    Trying implicit prerequisite `RCS/Makefile.f'.
       Trying implicit prerequisite `../../../configure.cc'.
         Avoiding implicit rule recursion.
       Looking for a rule with intermediate file `../../../configure.cc'.
        Trying pattern rule with stem `configure.p'.
    Trying pattern rule with stem `Makefile.f'.
        Trying implicit prerequisite `../../../configure.p,v'.
       Trying implicit prerequisite `../../../../configure.cc'.
        Trying pattern rule with stem `configure.p'.
         Trying pattern rule with stem `configure.y'.
    Trying implicit prerequisite `s.Makefile.f'.
         Trying implicit prerequisite `../../../../SCCS/s.configure.y'.
        Avoiding implicit rule recursion.
       Looking for a rule with intermediate file `../../../../configure.cc'.
    Trying pattern rule with stem `Makefile.f'.
        Avoiding implicit rule recursion.
    Trying implicit prerequisite `SCCS/s.Makefile.f'.
        Avoiding implicit rule recursion.
         Avoiding implicit rule recursion.
        Trying pattern rule with stem `configure.cc'.
         Avoiding implicit rule recursion.
    Trying pattern rule with stem `Makefile'.
        Trying implicit prerequisite `../../../RCS/configure.p,v'.
        Trying pattern rule with stem `configure'.
        Avoiding implicit rule recursion.
        Trying implicit prerequisite `../../../configure.cc,v'.
        Trying pattern rule with stem `configure.cc'.
        Trying implicit prerequisite `../../../../configure.cc,v'.
         Trying pattern rule with stem `configure.web'.
    Trying implicit prerequisite `Makefile.F'.
        Trying pattern rule with stem `configure.cc'.
        Trying pattern rule with stem `configure.p'.
        Trying implicit prerequisite `../../../RCS/configure.cc,v'.
        Trying implicit prerequisite `../../../../configure.w'.
        Trying pattern rule with stem `configure.cc'.
        Trying implicit prerequisite `../../../RCS/configure.p'.
        Trying implicit prerequisite `../../../RCS/configure.cc'.
        Looking for a rule with intermediate file `../../../../configure.w'.
    Looking for a rule with intermediate file `Makefile.F'.
         Avoiding implicit rule recursion.
        Trying pattern rule with stem `configure.p'.
         Trying implicit prerequisite `../../../configure.web,v'.
        Trying implicit prerequisite `../../../s.configure.p'.
        Trying pattern rule with stem `configure.cc'.
     Avoiding implicit rule recursion.
         Trying pattern rule with stem `configure.web'.
         Avoiding implicit rule recursion.
        Trying pattern rule with stem `configure.cc'.
        Trying pattern rule with stem `configure.p'.
        Trying implicit prerequisite `../../../s.configure.cc'.
         Avoiding implicit rule recursion.
        Trying pattern rule with stem `configure.cc'.
         Trying pattern rule with stem `configure.w'.
        Trying implicit prerequisite `../../../../RCS/configure.cc,v'.
         Trying implicit prerequisite `../../../RCS/configure.web,v'.
        Trying pattern rule with stem `configure.cc'.
     Avoiding implicit rule recursion.
        Trying implicit prerequisite `../../../SCCS/s.configure.cc'.
         Trying pattern rule with stem `configure.web'.
        Trying implicit prerequisite `../../../SCCS/s.configure.p'.
       Trying pattern rule with stem `configure'.
         Trying implicit prerequisite `../../../../configure.w,v'.
         Trying implicit prerequisite `../../../RCS/configure.web'.
       Trying implicit prerequisite `../../../configure.C'.
     Avoiding implicit rule recursion.
         Trying pattern rule with stem `configure.w'.
       Looking for a rule with intermediate file `../../../configure.C'.
        Trying pattern rule with stem `configure'.
     Trying pattern rule with stem `Makefile.F'.
        Trying implicit prerequisite `../../../configure.web'.
     Trying implicit prerequisite `Makefile.F,v'.
         Trying pattern rule with stem `configure.web'.
         Trying implicit prerequisite `../../../../RCS/configure.w,v'.
        Trying implicit prerequisite `../../../../RCS/configure.cc'.
        Looking for a rule with intermediate file `../../../configure.web'.
        Trying pattern rule with stem `configure.cc'.
        Avoiding implicit rule recursion.
     Trying pattern rule with stem `Makefile.F'.
         Trying pattern rule with stem `configure.w'.
         Avoiding implicit rule recursion.
        Trying implicit prerequisite `../../../../s.configure.cc'.
     Trying implicit prerequisite `RCS/Makefile.F,v'.
         Trying implicit prerequisite `../../../../RCS/configure.w'.
     Trying pattern rule with stem `Makefile.F'.
        Trying pattern rule with stem `configure.cc'.
        Avoiding implicit rule recursion.
         Trying pattern rule with stem `configure.w'.
         Trying implicit prerequisite `../../../s.configure.web'.
     Trying implicit prerequisite `RCS/Makefile.F'.
         Trying implicit prerequisite `../../../../s.configure.w'.
         Trying pattern rule with stem `configure.web'.
        Trying implicit prerequisite `../../../../SCCS/s.configure.cc'.
        Trying pattern rule with stem `configure.C'.
         Avoiding implicit rule recursion.
        Trying implicit prerequisite `../../../configure.C,v'.
         Avoiding implicit rule recursion.
     Trying pattern rule with stem `Makefile.F'.
         Trying pattern rule with stem `configure.w'.
         Trying implicit prerequisite `../../../SCCS/s.configure.web'.
        Trying pattern rule with stem `configure.C'.
       Trying pattern rule with stem `configure'.
        Trying implicit prerequisite `../../../RCS/configure.C,v'.
       Trying pattern rule with stem `configure'.
     Trying implicit prerequisite `s.Makefile.F'.
       Trying implicit prerequisite `../../../configure.f'.
       Trying implicit prerequisite `../../../../configure.C'.
         Trying implicit prerequisite `../../../../SCCS/s.configure.w'.
        Trying pattern rule with stem `configure.C'.
        Trying pattern rule with stem `configure'.
     Trying pattern rule with stem `Makefile.F'.
        Trying implicit prerequisite `../../../RCS/configure.C'.
       Looking for a rule with intermediate file `../../../configure.f'.
        Trying pattern rule with stem `configure.C'.
        Avoiding implicit rule recursion.
       Looking for a rule with intermediate file `../../../../configure.C'.
         Trying pattern rule with stem `configure.web'.
        Avoiding implicit rule recursion.
         Trying implicit prerequisite `../../../configure.web,v'.
        Rejecting impossible implicit prerequisite `../../../../configure.w'.
     Trying implicit prerequisite `SCCS/s.Makefile.F'.
       Trying pattern rule with stem `configure'.
        Trying implicit prerequisite `../../../s.configure.C'.
        Avoiding implicit rule recursion.
        Trying pattern rule with stem `configure.C'.
    Trying pattern rule with stem `Makefile'.
        Trying implicit prerequisite `../../../SCCS/s.configure.C'.
       Trying implicit prerequisite `../../../../configure.cc'.
        Avoiding implicit rule recursion.
        Trying pattern rule with stem `configure.C'.
        Trying implicit prerequisite `../../../../configure.C,v'.
       Trying pattern rule with stem `configure'.
         Trying pattern rule with stem `configure.web'.
        Trying pattern rule with stem `configure'.
         Trying implicit prerequisite `../../../RCS/configure.web,v'.
        Trying implicit prerequisite `../../../configure.F'.
        Trying pattern rule with stem `configure'.
       Looking for a rule with intermediate file `../../../../configure.cc'.
       Trying implicit prerequisite `../../../configure.cpp'.
        Trying implicit prerequisite `../../../configure.r'.
    Trying implicit prerequisite `Makefile.r'.
        Trying pattern rule with stem `configure.C'.
       Looking for a rule with intermediate file `../../../configure.cpp'.
    Looking for a rule with intermediate file `Makefile.r'.
        Avoiding implicit rule recursion.
     Avoiding implicit rule recursion.
        Avoiding implicit rule recursion.
         Trying pattern rule with stem `configure.web'.
        Trying pattern rule with stem `configure.f'.
        Avoiding implicit rule recursion.
     Avoiding implicit rule recursion.
         Trying implicit prerequisite `../../../RCS/configure.web'.
        Avoiding implicit rule recursion.
        Trying implicit prerequisite `../../../configure.f,v'.
        Trying pattern rule with stem `configure.cc'.
         Trying pattern rule with stem `configure.web'.
        Trying implicit prerequisite `../../../../configure.cc,v'.
        Trying pattern rule with stem `configure.cpp'.
        Trying implicit prerequisite `../../../../RCS/configure.C,v'.
        Trying pattern rule with stem `configure.cc'.
     Avoiding implicit rule recursion.
         Trying implicit prerequisite `../../../s.configure.web'.
        Trying implicit prerequisite `../../../configure.cpp,v'.
     Trying pattern rule with stem `Makefile'.
        Trying pattern rule with stem `configure.cpp'.
        Trying implicit prerequisite `../../../../RCS/configure.cc,v'.
        Trying pattern rule with stem `configure.f'.
        Trying pattern rule with stem `configure.C'.
         Trying pattern rule with stem `configure.web'.
        Trying implicit prerequisite `../../../RCS/configure.cpp,v'.
         Trying implicit prerequisite `../../../SCCS/s.configure.web'.
        Trying pattern rule with stem `configure.cc'.
        Trying implicit prerequisite `../../../../RCS/configure.C'.
     Rejecting impossible implicit prerequisite `Makefile.l'.
       Trying pattern rule with stem `configure'.
        Trying implicit prerequisite `../../../../RCS/configure.cc'.
     Trying pattern rule with stem `Makefile.r'.
        Trying implicit prerequisite `../../../RCS/configure.f,v'.
        Trying pattern rule with stem `configure.cc'.
        Trying pattern rule with stem `configure.cpp'.
        Trying implicit prerequisite `../../../../s.configure.cc'.
        Trying implicit prerequisite `../../../RCS/configure.cpp'.
     Trying implicit prerequisite `Makefile.r,v'.
       Trying implicit prerequisite `../../../configure.f'.
        Trying pattern rule with stem `configure.f'.
        Trying pattern rule with stem `configure.C'.
        Trying pattern rule with stem `configure.cpp'.
        Trying implicit prerequisite `../../../../s.configure.C'.
     Trying pattern rule with stem `Makefile.r'.
        Trying pattern rule with stem `configure.cc'.
        Trying implicit prerequisite `../../../RCS/configure.f'.
        Trying implicit prerequisite `../../../../SCCS/s.configure.cc'.
       Looking for a rule with intermediate file `../../../configure.f'.
        Trying implicit prerequisite `../../../s.configure.cpp'.
     Trying implicit prerequisite `RCS/Makefile.r,v'.
       Trying pattern rule with stem `configure'.
        Trying pattern rule with stem `configure.C'.
        Avoiding implicit rule recursion.
        Avoiding implicit rule recursion.
        Trying pattern rule with stem `configure'.
        Trying implicit prerequisite `../../../configure.F'.
        Trying pattern rule with stem `configure'.
        Trying implicit prerequisite `../../../configure.r'.
        Trying pattern rule with stem `configure.f'.
        Trying implicit prerequisite `../../../configure.f,v'.
        Trying pattern rule with stem `configure.f'.
        Trying implicit prerequisite `../../../RCS/configure.f,v'.
        Trying pattern rule with stem `configure.f'.
        Trying implicit prerequisite `../../../RCS/configure.f'.
        Trying pattern rule with stem `configure.f'.
        Trying implicit prerequisite `../../../s.configure.f'.
        Trying pattern rule with stem `configure.f'.
        Trying implicit prerequisite `../../../SCCS/s.configure.f'.
        Trying pattern rule with stem `configure'.
        Trying implicit prerequisite `../../../configure.F'.
        Trying pattern rule with stem `configure.f'.
     Trying pattern rule with stem `Makefile.r'.
        Looking for a rule with intermediate file `../../../configure.F'.
     Trying implicit prerequisite `RCS/Makefile.r'.
        Trying implicit prerequisite `../../../s.configure.f'.
        Trying implicit prerequisite `../../../../SCCS/s.configure.C'.
        Trying pattern rule with stem `configure.f'.
         Avoiding implicit rule recursion.
     Trying pattern rule with stem `Makefile.r'.
        Trying implicit prerequisite `../../../SCCS/s.configure.f'.
        Trying pattern rule with stem `configure.cpp'.
       Trying implicit prerequisite `../../../../configure.C'.
        Trying implicit prerequisite `../../../SCCS/s.configure.cpp'.
     Trying implicit prerequisite `s.Makefile.r'.
       Trying pattern rule with stem `configure'.
        Trying pattern rule with stem `configure'.
       Trying implicit prerequisite `../../../configure.p'.
         Avoiding implicit rule recursion.
        Trying implicit prerequisite `../../../configure.F'.
     Trying pattern rule with stem `Makefile.r'.
       Trying pattern rule with stem `configure'.
     Trying implicit prerequisite `SCCS/s.Makefile.r'.
         Avoiding implicit rule recursion.
   Trying pattern rule with stem `Makefile'.
       Trying implicit prerequisite `../../../../configure.cpp'.
         Trying pattern rule with stem `configure.F'.
       Looking for a rule with intermediate file `../../../../configure.C'.
        Looking for a rule with intermediate file `../../../configure.F'.
   Rejecting impossible implicit prerequisite `Makefile.F'.
       Looking for a rule with intermediate file `../../../../configure.cpp'.
        Avoiding implicit rule recursion.
       Looking for a rule with intermediate file `../../../configure.p'.
         Trying implicit prerequisite `../../../configure.F,v'.
         Avoiding implicit rule recursion.
   Trying pattern rule with stem `Makefile'.
        Avoiding implicit rule recursion.
        Avoiding implicit rule recursion.
         Trying pattern rule with stem `configure.F'.
         Avoiding implicit rule recursion.
   Trying implicit prerequisite `Makefile.m'.
        Avoiding implicit rule recursion.
        Avoiding implicit rule recursion.
         Trying implicit prerequisite `../../../RCS/configure.F,v'.
        Trying pattern rule with stem `configure.C'.
        Trying pattern rule with stem `configure.cpp'.
         Trying pattern rule with stem `configure.F'.
   Looking for a rule with intermediate file `Makefile.m'.
         Avoiding implicit rule recursion.
        Trying implicit prerequisite `../../../../configure.C,v'.
        Trying implicit prerequisite `../../../../configure.cpp,v'.
         Trying implicit prerequisite `../../../RCS/configure.F'.
        Trying pattern rule with stem `configure.cpp'.
         Trying pattern rule with stem `configure.F'.
    Avoiding implicit rule recursion.
         Trying implicit prerequisite `../../../s.configure.F'.
        Trying implicit prerequisite `../../../../RCS/configure.cpp,v'.
         Trying pattern rule with stem `configure.F'.
        Avoiding implicit rule recursion.
        Trying pattern rule with stem `configure.C'.
        Trying pattern rule with stem `configure'.
    Avoiding implicit rule recursion.
        Trying implicit prerequisite `../../../configure.web'.
        Trying implicit prerequisite `../../../../RCS/configure.C,v'.
         Trying implicit prerequisite `../../../configure.F,v'.
    Trying pattern rule with stem `Makefile'.
         Trying pattern rule with stem `configure.F'.
        Trying pattern rule with stem `configure.cpp'.
    Trying implicit prerequisite `Makefile.ym'.
        Trying pattern rule with stem `configure.p'.
        Trying implicit prerequisite `../../../../RCS/configure.cpp'.
         Trying implicit prerequisite `../../../SCCS/s.configure.F'.
         Trying pattern rule with stem `configure.F'.
        Trying pattern rule with stem `configure.C'.
        Trying pattern rule with stem `configure.cpp'.
         Trying implicit prerequisite `../../../RCS/configure.F,v'.
        Trying implicit prerequisite `../../../../RCS/configure.C'.
    Trying pattern rule with stem `Makefile'.
         Trying pattern rule with stem `configure.F'.
        Trying pattern rule with stem `configure'.
        Trying pattern rule with stem `configure.C'.
        Trying implicit prerequisite `../../../configure.r'.
         Trying implicit prerequisite `../../../RCS/configure.F'.
    Trying implicit prerequisite `Makefile.lm'.
         Trying pattern rule with stem `configure.F'.
    Trying pattern rule with stem `Makefile.m'.
        Trying implicit prerequisite `../../../../s.configure.C'.
        Trying implicit prerequisite `../../../../s.configure.cpp'.
        Trying implicit prerequisite `../../../configure.p,v'.
    Trying implicit prerequisite `Makefile.m,v'.
        Trying pattern rule with stem `configure.cpp'.
        Trying pattern rule with stem `configure.C'.
        Trying pattern rule with stem `configure.p'.
        Trying implicit prerequisite `../../../../SCCS/s.configure.C'.
    Trying pattern rule with stem `Makefile.m'.
        Trying implicit prerequisite `../../../RCS/configure.p,v'.
         Trying implicit prerequisite `../../../s.configure.F'.
        Trying implicit prerequisite `../../../../SCCS/s.configure.cpp'.
    Trying implicit prerequisite `RCS/Makefile.m,v'.
       Trying pattern rule with stem `configure'.
         Trying pattern rule with stem `configure.F'.
       Trying pattern rule with stem `configure'.
        Looking for a rule with intermediate file `../../../configure.r'.
        Trying pattern rule with stem `configure.p'.
         Trying implicit prerequisite `../../../SCCS/s.configure.F'.
       Trying implicit prerequisite `../../../../configure.cpp'.
    Trying pattern rule with stem `Makefile.m'.
       Looking for a rule with intermediate file `../../../../configure.cpp'.
         Avoiding implicit rule recursion.
        Trying pattern rule with stem `configure'.
    Trying implicit prerequisite `RCS/Makefile.m'.
        Trying implicit prerequisite `../../../configure.r'.
        Avoiding implicit rule recursion.
         Avoiding implicit rule recursion.
    Trying pattern rule with stem `Makefile.m'.
        Looking for a rule with intermediate file `../../../configure.r'.
        Trying implicit prerequisite `../../../RCS/configure.p'.
       Trying implicit prerequisite `../../../../configure.p'.
         Avoiding implicit rule recursion.
         Avoiding implicit rule recursion.
        Avoiding implicit rule recursion.
       Looking for a rule with intermediate file `../../../../configure.p'.
         Trying pattern rule with stem `configure'.
         Avoiding implicit rule recursion.
         Rejecting impossible implicit prerequisite `../../../configure.l'.
        Avoiding implicit rule recursion.
         Trying pattern rule with stem `configure.r'.
        Trying pattern rule with stem `configure.p'.
    Trying implicit prerequisite `s.Makefile.m'.
        Trying pattern rule with stem `configure.cpp'.
         Avoiding implicit rule recursion.
        Trying implicit prerequisite `../../../../configure.cpp,v'.
    Trying pattern rule with stem `Makefile.m'.
         Trying pattern rule with stem `configure'.
        Trying implicit prerequisite `../../../s.configure.p'.
         Rejecting impossible implicit prerequisite `../../../configure.l'.
        Avoiding implicit rule recursion.
        Trying pattern rule with stem `configure.p'.
        Trying pattern rule with stem `configure.cpp'.
         Trying implicit prerequisite `../../../configure.r,v'.
         Trying pattern rule with stem `configure.r'.
        Trying implicit prerequisite `../../../SCCS/s.configure.p'.
    Trying implicit prerequisite `SCCS/s.Makefile.m'.
        Trying pattern rule with stem `configure'.
        Trying pattern rule with stem `configure'.
        Trying implicit prerequisite `../../../../configure.web'.
        Trying implicit prerequisite `../../../configure.web'.
         Trying implicit prerequisite `../../../configure.r,v'.
         Trying pattern rule with stem `configure.r'.
    Trying pattern rule with stem `Makefile'.
         Trying implicit prerequisite `../../../RCS/configure.r,v'.
        Trying pattern rule with stem `configure.p'.
         Trying pattern rule with stem `configure.r'.
    Trying implicit prerequisite `Makefile.ym'.
        Trying implicit prerequisite `../../../../RCS/configure.cpp,v'.
        Trying implicit prerequisite `../../../../configure.p,v'.
        Looking for a rule with intermediate file `../../../configure.web'.
         Trying implicit prerequisite `../../../RCS/configure.r,v'.
         Avoiding implicit rule recursion.
         Trying pattern rule with stem `configure.r'.
         Avoiding implicit rule recursion.
         Trying pattern rule with stem `configure.r'.
         Avoiding implicit rule recursion.
         Trying implicit prerequisite `../../../RCS/configure.r'.
         Trying pattern rule with stem `configure.web'.
         Trying implicit prerequisite `../../../RCS/configure.r'.
        Trying pattern rule with stem `configure.cpp'.
    Looking for a rule with intermediate file `Makefile.ym'.
        Trying implicit prerequisite `../../../../RCS/configure.cpp'.
         Trying implicit prerequisite `../../../configure.web,v'.
         Trying pattern rule with stem `configure.r'.
        Trying pattern rule with stem `configure.cpp'.
        Trying pattern rule with stem `configure.p'.
        Trying implicit prerequisite `../../../../s.configure.cpp'.
         Trying pattern rule with stem `configure.r'.
         Trying pattern rule with stem `configure.web'.
         Trying implicit prerequisite `../../../s.configure.r'.
         Trying implicit prerequisite `../../../RCS/configure.web,v'.
         Trying implicit prerequisite `../../../s.configure.r'.
         Trying pattern rule with stem `configure.r'.
         Trying pattern rule with stem `configure.web'.
        Trying pattern rule with stem `configure.cpp'.
         Trying implicit prerequisite `../../../SCCS/s.configure.r'.
        Trying implicit prerequisite `../../../../SCCS/s.configure.cpp'.
       Trying pattern rule with stem `configure'.
         Trying pattern rule with stem `configure.r'.
         Trying implicit prerequisite `../../../RCS/configure.web'.
         Trying implicit prerequisite `../../../SCCS/s.configure.r'.
     Avoiding implicit rule recursion.
       Trying pattern rule with stem `configure'.
     Avoiding implicit rule recursion.
         Trying pattern rule with stem `configure.web'.
       Trying pattern rule with stem `configure'.
         Trying implicit prerequisite `../../../s.configure.web'.
       Rejecting impossible implicit prerequisite `../../../configure.F'.
     Avoiding implicit rule recursion.
       Trying implicit prerequisite `../../../../configure.p'.
       Trying pattern rule with stem `configure'.
         Trying pattern rule with stem `configure.web'.
     Trying pattern rule with stem `Makefile.ym'.
       Looking for a rule with intermediate file `../../../../configure.p'.
     Trying implicit prerequisite `Makefile.ym,v'.
        Trying implicit prerequisite `../../../../RCS/configure.p,v'.
       Rejecting impossible implicit prerequisite `../../../configure.F'.
        Trying pattern rule with stem `configure.p'.
         Trying implicit prerequisite `../../../SCCS/s.configure.web'.
       Trying pattern rule with stem `configure'.
       Trying pattern rule with stem `configure'.
        Avoiding implicit rule recursion.
     Trying pattern rule with stem `Makefile.ym'.
       Trying implicit prerequisite `../../../configure.m'.
       Trying implicit prerequisite `../../../configure.f'.
       Trying implicit prerequisite `../../../configure.m'.
        Avoiding implicit rule recursion.
        Trying implicit prerequisite `../../../../RCS/configure.p'.
       Looking for a rule with intermediate file `../../../configure.f'.
     Trying implicit prerequisite `RCS/Makefile.ym,v'.
        Trying pattern rule with stem `configure'.
        Trying pattern rule with stem `configure.p'.
        Trying implicit prerequisite `../../../../configure.web'.
       Looking for a rule with intermediate file `../../../configure.m'.
       Looking for a rule with intermediate file `../../../configure.m'.
        Avoiding implicit rule recursion.
     Trying pattern rule with stem `Makefile.ym'.
        Trying implicit prerequisite `../../../../s.configure.p'.
        Trying pattern rule with stem `configure.p'.
        Avoiding implicit rule recursion.
        Avoiding implicit rule recursion.
        Trying pattern rule with stem `configure.p'.
        Avoiding implicit rule recursion.
        Trying pattern rule with stem `configure'.
        Avoiding implicit rule recursion.
        Trying implicit prerequisite `../../../../SCCS/s.configure.p'.
        Avoiding implicit rule recursion.
        Trying pattern rule with stem `configure'.
        Trying pattern rule with stem `configure'.
        Trying implicit prerequisite `../../../configure.ym'.
        Trying implicit prerequisite `../../../../configure.p,v'.
        Trying pattern rule with stem `configure'.
     Trying implicit prerequisite `RCS/Makefile.ym'.
        Trying implicit prerequisite `../../../configure.F'.
        Trying implicit prerequisite `../../../configure.ym'.
     Trying pattern rule with stem `Makefile.ym'.
        Trying pattern rule with stem `configure'.
     Trying implicit prerequisite `s.Makefile.ym'.
        Trying pattern rule with stem `configure'.
        Trying pattern rule with stem `configure'.
        Trying implicit prerequisite `../../../configure.lm'.
        Trying implicit prerequisite `../../../../configure.web'.
        Trying pattern rule with stem `configure.p'.
        Trying pattern rule with stem `configure.m'.
        Trying implicit prerequisite `../../../configure.lm'.
        Trying implicit prerequisite `../../../../RCS/configure.p,v'.
        Trying implicit prerequisite `../../../configure.r'.
     Trying pattern rule with stem `Makefile.ym'.
        Trying implicit prerequisite `../../../configure.m,v'.
        Trying pattern rule with stem `configure.p'.
        Trying pattern rule with stem `configure.m'.
        Trying implicit prerequisite `../../../configure.m,v'.
     Trying implicit prerequisite `SCCS/s.Makefile.ym'.
        Trying implicit prerequisite `../../../../RCS/configure.p'.
        Trying pattern rule with stem `configure.m'.
        Trying pattern rule with stem `configure.f'.
        Trying pattern rule with stem `configure.m'.
        Trying implicit prerequisite `../../../configure.f,v'.
    Trying pattern rule with stem `Makefile'.
        Trying pattern rule with stem `configure.p'.
    Trying implicit prerequisite `Makefile.lm'.
        Trying implicit prerequisite `../../../../s.configure.p'.
        Trying pattern rule with stem `configure.f'.
        Trying implicit prerequisite `../../../RCS/configure.m,v'.
        Trying implicit prerequisite `../../../RCS/configure.m,v'.
        Looking for a rule with intermediate file `../../../../configure.web'.
        Trying pattern rule with stem `configure.p'.
        Trying implicit prerequisite `../../../RCS/configure.f,v'.
        Trying pattern rule with stem `configure.m'.
        Trying pattern rule with stem `configure.m'.
        Trying implicit prerequisite `../../../RCS/configure.m'.
        Trying implicit prerequisite `../../../RCS/configure.m'.
        Trying pattern rule with stem `configure.f'.
    Looking for a rule with intermediate file `Makefile.lm'.
         Avoiding implicit rule recursion.
        Trying pattern rule with stem `configure.m'.
         Avoiding implicit rule recursion.
        Trying implicit prerequisite `../../../RCS/configure.f'.
        Trying implicit prerequisite `../../../../SCCS/s.configure.p'.
        Trying pattern rule with stem `configure'.
     Avoiding implicit rule recursion.
        Trying pattern rule with stem `configure.m'.
     Avoiding implicit rule recursion.
     Avoiding implicit rule recursion.
        Trying implicit prerequisite `../../../s.configure.m'.
        Trying implicit prerequisite `../../../../configure.web'.
        Trying pattern rule with stem `configure.m'.
        Trying implicit prerequisite `../../../s.configure.m'.
        Trying pattern rule with stem `configure.f'.
        Looking for a rule with intermediate file `../../../../configure.web'.
     Trying pattern rule with stem `Makefile.lm'.
        Trying implicit prerequisite `../../../SCCS/s.configure.m'.
        Trying implicit prerequisite `../../../s.configure.f'.
         Avoiding implicit rule recursion.
     Trying implicit prerequisite `Makefile.lm,v'.
     Trying pattern rule with stem `Makefile.lm'.
         Avoiding implicit rule recursion.
        Trying pattern rule with stem `configure'.
     Trying implicit prerequisite `RCS/Makefile.lm,v'.
         Trying pattern rule with stem `configure.web'.
        Trying pattern rule with stem `configure.f'.
         Trying implicit prerequisite `../../../../configure.web,v'.
         Avoiding implicit rule recursion.
     Trying pattern rule with stem `Makefile.lm'.
        Trying implicit prerequisite `../../../SCCS/s.configure.f'.
         Avoiding implicit rule recursion.
     Trying implicit prerequisite `RCS/Makefile.lm'.
        Trying pattern rule with stem `configure.m'.
        Trying pattern rule with stem `configure'.
         Trying pattern rule with stem `configure.web'.
        Trying implicit prerequisite `../../../configure.ym'.
         Trying pattern rule with stem `configure.web'.
     Trying pattern rule with stem `Makefile.lm'.
         Trying implicit prerequisite `../../../../configure.web,v'.
     Trying implicit prerequisite `s.Makefile.lm'.
         Trying pattern rule with stem `configure.web'.
        Trying implicit prerequisite `../../../SCCS/s.configure.m'.
        Trying implicit prerequisite `../../../configure.F'.
         Trying implicit prerequisite `../../../../RCS/configure.web,v'.
        Looking for a rule with intermediate file `../../../configure.ym'.
        Trying pattern rule with stem `configure'.
         Trying implicit prerequisite `../../../../RCS/configure.web,v'.
        Trying implicit prerequisite `../../../configure.ym'.
         Trying pattern rule with stem `configure.web'.
        Looking for a rule with intermediate file `../../../configure.ym'.
        Looking for a rule with intermediate file `../../../configure.F'.
         Avoiding implicit rule recursion.
     Trying pattern rule with stem `Makefile.lm'.
         Trying pattern rule with stem `configure.web'.
         Avoiding implicit rule recursion.
         Trying implicit prerequisite `../../../../RCS/configure.web'.
         Avoiding implicit rule recursion.
         Trying implicit prerequisite `../../../../RCS/configure.web'.
         Avoiding implicit rule recursion.
         Avoiding implicit rule recursion.
     Trying implicit prerequisite `SCCS/s.Makefile.lm'.
         Trying pattern rule with stem `configure.web'.
         Trying pattern rule with stem `configure.ym'.
   Trying pattern rule with stem `Makefile'.
         Avoiding implicit rule recursion.
         Avoiding implicit rule recursion.
         Trying pattern rule with stem `configure.web'.
         Trying implicit prerequisite `../../../configure.ym,v'.
         Trying implicit prerequisite `../../../../s.configure.web'.
   Rejecting impossible implicit prerequisite `Makefile.r'.
         Avoiding implicit rule recursion.
         Trying pattern rule with stem `configure.F'.
         Avoiding implicit rule recursion.
         Trying implicit prerequisite `../../../configure.F,v'.
         Trying pattern rule with stem `configure.F'.
         Trying pattern rule with stem `configure.web'.
   Trying pattern rule with stem `Makefile'.
         Trying pattern rule with stem `configure.ym'.
         Trying implicit prerequisite `../../../../SCCS/s.configure.web'.
         Trying implicit prerequisite `../../../../s.configure.web'.
         Trying implicit prerequisite `../../../RCS/configure.F,v'.
       Trying pattern rule with stem `configure'.
         Trying pattern rule with stem `configure.web'.
   Trying implicit prerequisite `Makefile.s'.
   Looking for a rule with intermediate file `Makefile.s'.
       Trying implicit prerequisite `../../../../configure.f'.
         Trying implicit prerequisite `../../../configure.ym,v'.
         Trying pattern rule with stem `configure.F'.
         Trying implicit prerequisite `../../../../SCCS/s.configure.web'.
         Trying pattern rule with stem `configure.ym'.
         Trying pattern rule with stem `configure.ym'.
         Trying implicit prerequisite `../../../RCS/configure.ym,v'.
         Trying pattern rule with stem `configure.ym'.
         Trying implicit prerequisite `../../../RCS/configure.F'.
       Looking for a rule with intermediate file `../../../../configure.f'.
         Trying implicit prerequisite `../../../RCS/configure.ym,v'.
       Trying pattern rule with stem `configure'.
         Trying pattern rule with stem `configure.F'.
    Avoiding implicit rule recursion.
       Trying implicit prerequisite `../../../../configure.f'.
         Trying pattern rule with stem `configure.ym'.
    Avoiding implicit rule recursion.
       Looking for a rule with intermediate file `../../../../configure.f'.
         Trying implicit prerequisite `../../../RCS/configure.ym'.
        Avoiding implicit rule recursion.
         Trying pattern rule with stem `configure.ym'.
        Avoiding implicit rule recursion.
         Trying implicit prerequisite `../../../s.configure.ym'.
    Trying pattern rule with stem `Makefile'.
         Trying implicit prerequisite `../../../s.configure.F'.
         Trying pattern rule with stem `configure.ym'.
         Trying pattern rule with stem `configure.F'.
         Trying implicit prerequisite `../../../SCCS/s.configure.ym'.
         Trying implicit prerequisite `../../../RCS/configure.ym'.
        Trying pattern rule with stem `configure'.
         Trying pattern rule with stem `configure.ym'.
        Avoiding implicit rule recursion.
         Trying implicit prerequisite `../../../s.configure.ym'.
    Trying implicit prerequisite `Makefile.S'.
        Trying pattern rule with stem `configure'.
        Avoiding implicit rule recursion.
         Trying pattern rule with stem `configure.ym'.
         Trying implicit prerequisite `../../../SCCS/s.configure.F'.
    Trying pattern rule with stem `Makefile.s'.
        Trying implicit prerequisite `../../../../configure.F'.
        Trying pattern rule with stem `configure'.
         Trying implicit prerequisite `../../../SCCS/s.configure.ym'.
        Trying pattern rule with stem `configure'.
        Trying pattern rule with stem `configure'.
    Trying implicit prerequisite `Makefile.s,v'.
        Trying pattern rule with stem `configure'.
    Trying pattern rule with stem `Makefile.s'.
        Trying implicit prerequisite `../../../../configure.r'.
        Trying implicit prerequisite `../../../../configure.F'.
        Trying implicit prerequisite `../../../configure.lm'.
        Trying implicit prerequisite `../../../configure.lm'.
        Trying implicit prerequisite `../../../configure.r'.
        Trying pattern rule with stem `configure'.
    Trying implicit prerequisite `RCS/Makefile.s,v'.
        Looking for a rule with intermediate file `../../../configure.lm'.
        Looking for a rule with intermediate file `../../../configure.lm'.
        Trying pattern rule with stem `configure.f'.
        Trying implicit prerequisite `../../../../configure.r'.
        Looking for a rule with intermediate file `../../../configure.r'.
    Trying pattern rule with stem `Makefile.s'.
        Trying pattern rule with stem `configure.f'.
         Avoiding implicit rule recursion.
        Trying implicit prerequisite `../../../../configure.f,v'.
         Avoiding implicit rule recursion.
        Trying pattern rule with stem `configure.f'.
    Trying implicit prerequisite `RCS/Makefile.s'.
         Avoiding implicit rule recursion.
         Avoiding implicit rule recursion.
         Avoiding implicit rule recursion.
         Avoiding implicit rule recursion.
         Trying pattern rule with stem `configure'.
        Trying implicit prerequisite `../../../../RCS/configure.f,v'.
         Avoiding implicit rule recursion.
        Trying implicit prerequisite `../../../../configure.f,v'.
         Trying pattern rule with stem `configure.lm'.
    Trying pattern rule with stem `Makefile.s'.
         Avoiding implicit rule recursion.
         Rejecting impossible implicit prerequisite `../../../configure.l'.
         Avoiding implicit rule recursion.
        Trying pattern rule with stem `configure.f'.
         Trying implicit prerequisite `../../../configure.lm,v'.
    Trying implicit prerequisite `s.Makefile.s'.
         Trying pattern rule with stem `configure.lm'.
        Trying pattern rule with stem `configure.f'.
         Trying pattern rule with stem `configure.r'.
        Trying implicit prerequisite `../../../../RCS/configure.f'.
         Trying pattern rule with stem `configure.lm'.
        Trying implicit prerequisite `../../../../RCS/configure.f,v'.
         Trying implicit prerequisite `../../../configure.r,v'.
        Trying pattern rule with stem `configure.f'.
         Trying pattern rule with stem `configure.r'.
         Trying implicit prerequisite `../../../RCS/configure.lm,v'.
        Trying pattern rule with stem `configure.f'.
        Trying implicit prerequisite `../../../../s.configure.f'.
         Trying implicit prerequisite `../../../RCS/configure.r,v'.
        Trying implicit prerequisite `../../../../RCS/configure.f'.
    Trying pattern rule with stem `Makefile.s'.
         Trying pattern rule with stem `configure.r'.
         Trying implicit prerequisite `../../../configure.lm,v'.
        Trying pattern rule with stem `configure.f'.
         Trying implicit prerequisite `../../../RCS/configure.r'.
    Trying implicit prerequisite `SCCS/s.Makefile.s'.
         Trying pattern rule with stem `configure.lm'.
        Trying pattern rule with stem `configure.f'.
         Trying implicit prerequisite `../../../RCS/configure.lm,v'.
        Trying implicit prerequisite `../../../../s.configure.f'.
    Trying pattern rule with stem `Makefile'.
        Trying implicit prerequisite `../../../../SCCS/s.configure.f'.
         Trying pattern rule with stem `configure.lm'.
    Trying implicit prerequisite `Makefile.S'.
        Trying pattern rule with stem `configure'.
        Trying pattern rule with stem `configure.f'.
    Looking for a rule with intermediate file `Makefile.S'.
         Trying pattern rule with stem `configure.r'.
        Trying implicit prerequisite `../../../../SCCS/s.configure.f'.
        Trying implicit prerequisite `../../../../configure.F'.
        Trying pattern rule with stem `configure'.
     Avoiding implicit rule recursion.
        Looking for a rule with intermediate file `../../../../configure.F'.
         Trying implicit prerequisite `../../../s.configure.r'.
     Avoiding implicit rule recursion.
        Trying implicit prerequisite `../../../../configure.F'.
         Trying implicit prerequisite `../../../RCS/configure.lm'.
     Avoiding implicit rule recursion.
        Looking for a rule with intermediate file `../../../../configure.F'.
         Avoiding implicit rule recursion.
     Trying pattern rule with stem `Makefile.S'.
         Avoiding implicit rule recursion.
         Avoiding implicit rule recursion.
     Trying implicit prerequisite `Makefile.S,v'.
     Trying pattern rule with stem `Makefile.S'.
         Trying pattern rule with stem `configure.lm'.
         Trying pattern rule with stem `configure.lm'.
     Trying implicit prerequisite `RCS/Makefile.S,v'.
         Avoiding implicit rule recursion.
         Trying pattern rule with stem `configure.r'.
         Trying implicit prerequisite `../../../RCS/configure.lm'.
         Trying implicit prerequisite `../../../s.configure.lm'.
         Avoiding implicit rule recursion.
         Trying pattern rule with stem `configure.lm'.
         Trying pattern rule with stem `configure.F'.
         Trying implicit prerequisite `../../../SCCS/s.configure.lm'.
         Trying pattern rule with stem `configure.lm'.
         Avoiding implicit rule recursion.
         Trying implicit prerequisite `../../../s.configure.lm'.
       Trying pattern rule with stem `configure'.
         Trying implicit prerequisite `../../../SCCS/s.configure.r'.
         Trying implicit prerequisite `../../../../configure.F,v'.
       Rejecting impossible implicit prerequisite `../../../configure.r'.
         Trying pattern rule with stem `configure.F'.
         Trying pattern rule with stem `configure.lm'.
         Trying implicit prerequisite `../../../../configure.F,v'.
         Trying pattern rule with stem `configure.F'.
     Trying pattern rule with stem `Makefile.S'.
         Trying implicit prerequisite `../../../SCCS/s.configure.lm'.
         Trying pattern rule with stem `configure.F'.
         Trying implicit prerequisite `../../../../RCS/configure.F,v'.
         Trying implicit prerequisite `../../../../RCS/configure.F,v'.
     Trying implicit prerequisite `RCS/Makefile.S'.
         Trying pattern rule with stem `configure.F'.
       Trying pattern rule with stem `configure'.
     Trying pattern rule with stem `Makefile.S'.
         Trying implicit prerequisite `../../../../RCS/configure.F'.
       Trying pattern rule with stem `configure'.
         Trying pattern rule with stem `configure.F'.
       Rejecting impossible implicit prerequisite `../../../configure.r'.
         Trying pattern rule with stem `configure.F'.
     Trying implicit prerequisite `s.Makefile.S'.
       Trying pattern rule with stem `configure'.
         Trying implicit prerequisite `../../../../s.configure.F'.
     Trying pattern rule with stem `Makefile.S'.
         Trying implicit prerequisite `../../../../RCS/configure.F'.
       Trying implicit prerequisite `../../../configure.s'.
         Trying pattern rule with stem `configure.F'.
       Trying pattern rule with stem `configure'.
         Trying implicit prerequisite `../../../../SCCS/s.configure.F'.
         Trying pattern rule with stem `configure.F'.
       Looking for a rule with intermediate file `../../../configure.s'.
       Rejecting impossible implicit prerequisite `../../../configure.F'.
        Avoiding implicit rule recursion.
         Trying implicit prerequisite `../../../../s.configure.F'.
       Trying implicit prerequisite `../../../configure.s'.
         Trying pattern rule with stem `configure.F'.
       Looking for a rule with intermediate file `../../../configure.s'.
        Trying pattern rule with stem `configure'.
       Trying pattern rule with stem `configure'.
        Avoiding implicit rule recursion.
     Trying implicit prerequisite `SCCS/s.Makefile.S'.
        Trying implicit prerequisite `../../../../configure.r'.
       Trying implicit prerequisite `../../../configure.m'.
        Trying pattern rule with stem `configure'.
        Avoiding implicit rule recursion.
        Trying implicit prerequisite `../../../configure.S'.
   Trying pattern rule with stem `Makefile'.
         Trying implicit prerequisite `../../../../SCCS/s.configure.F'.
        Trying pattern rule with stem `configure.s'.
        Trying pattern rule with stem `configure'.
   Rejecting impossible implicit prerequisite `Makefile.S'.
       Looking for a rule with intermediate file `../../../configure.m'.
        Trying implicit prerequisite `../../../configure.s,v'.
        Trying implicit prerequisite `../../../../configure.r'.
        Avoiding implicit rule recursion.
   Trying pattern rule with stem `Makefile'.
        Avoiding implicit rule recursion.
   Trying implicit prerequisite `Makefile.mod'.
        Trying pattern rule with stem `configure.s'.
        Looking for a rule with intermediate file `../../../../configure.r'.
        Trying implicit prerequisite `../../../RCS/configure.s,v'.
   Looking for a rule with intermediate file `Makefile.mod'.
        Trying pattern rule with stem `configure'.
        Trying pattern rule with stem `configure.s'.
        Trying implicit prerequisite `../../../configure.ym'.
        Avoiding implicit rule recursion.
         Avoiding implicit rule recursion.
    Avoiding implicit rule recursion.
        Looking for a rule with intermediate file `../../../../configure.r'.
        Trying implicit prerequisite `../../../RCS/configure.s'.
        Trying pattern rule with stem `configure'.
        Trying pattern rule with stem `configure'.
         Avoiding implicit rule recursion.
    Avoiding implicit rule recursion.
        Trying pattern rule with stem `configure.s'.
        Trying implicit prerequisite `../../../configure.lm'.
        Trying implicit prerequisite `../../../s.configure.s'.
        Trying implicit prerequisite `../../../configure.S'.
         Avoiding implicit rule recursion.
         Avoiding implicit rule recursion.
    Trying pattern rule with stem `Makefile.mod'.
        Trying pattern rule with stem `configure.s'.
    Trying implicit prerequisite `Makefile.mod,v'.
        Trying pattern rule with stem `configure.s'.
         Avoiding implicit rule recursion.
         Trying pattern rule with stem `configure'.
        Trying implicit prerequisite `../../../configure.s,v'.
         Rejecting impossible implicit prerequisite `../../../../configure.l'.
    Trying pattern rule with stem `Makefile.mod'.
        Trying pattern rule with stem `configure.m'.
        Trying implicit prerequisite `../../../SCCS/s.configure.s'.
         Avoiding implicit rule recursion.
        Trying pattern rule with stem `configure.s'.
         Trying pattern rule with stem `configure'.
        Trying implicit prerequisite `../../../RCS/configure.s,v'.
         Trying pattern rule with stem `configure.r'.
         Rejecting impossible implicit prerequisite `../../../../configure.l'.
         Trying implicit prerequisite `../../../../configure.r,v'.
         Trying pattern rule with stem `configure.r'.
        Trying pattern rule with stem `configure'.
        Trying pattern rule with stem `configure.s'.
         Trying implicit prerequisite `../../../../configure.r,v'.
        Trying implicit prerequisite `../../../RCS/configure.s'.
         Trying pattern rule with stem `configure.r'.
    Trying implicit prerequisite `RCS/Makefile.mod,v'.
        Trying implicit prerequisite `../../../configure.m,v'.
        Trying implicit prerequisite `../../../configure.S'.
         Trying implicit prerequisite `../../../../RCS/configure.r,v'.
    Trying pattern rule with stem `Makefile.mod'.
         Trying pattern rule with stem `configure.r'.
    Trying implicit prerequisite `RCS/Makefile.mod'.
        Trying pattern rule with stem `configure.s'.
         Trying implicit prerequisite `../../../../RCS/configure.r,v'.
        Looking for a rule with intermediate file `../../../configure.S'.
        Trying pattern rule with stem `configure.m'.
        Trying implicit prerequisite `../../../s.configure.s'.
    Trying pattern rule with stem `Makefile.mod'.
         Avoiding implicit rule recursion.
        Trying pattern rule with stem `configure.s'.
    Trying implicit prerequisite `s.Makefile.mod'.
         Avoiding implicit rule recursion.
        Trying implicit prerequisite `../../../RCS/configure.m,v'.
         Avoiding implicit rule recursion.
         Trying pattern rule with stem `configure.r'.
        Trying pattern rule with stem `configure.m'.
         Trying pattern rule with stem `configure.S'.
         Trying implicit prerequisite `../../../../RCS/configure.r'.
         Trying pattern rule with stem `configure.r'.
         Trying pattern rule with stem `configure.r'.
         Trying implicit prerequisite `../../../../RCS/configure.r'.
         Trying implicit prerequisite `../../../../s.configure.r'.
         Trying pattern rule with stem `configure.r'.
    Trying pattern rule with stem `Makefile.mod'.
         Trying implicit prerequisite `../../../configure.S,v'.
        Trying implicit prerequisite `../../../RCS/configure.m'.
    Trying implicit prerequisite `SCCS/s.Makefile.mod'.
         Trying pattern rule with stem `configure.r'.
  Trying pattern rule with stem `Makefile'.
         Trying implicit prerequisite `../../../../SCCS/s.configure.r'.
         Trying implicit prerequisite `../../../../s.configure.r'.
         Trying pattern rule with stem `configure.S'.
  Rejecting impossible implicit prerequisite `Makefile.cc'.
        Trying implicit prerequisite `../../../SCCS/s.configure.s'.
        Trying pattern rule with stem `configure.m'.
         Trying implicit prerequisite `../../../RCS/configure.S,v'.
       Trying pattern rule with stem `configure'.
         Trying pattern rule with stem `configure.S'.
       Rejecting impossible implicit prerequisite `../../../../configure.F'.
        Trying implicit prerequisite `../../../s.configure.m'.
         Trying pattern rule with stem `configure.r'.
         Trying implicit prerequisite `../../../RCS/configure.S'.
        Trying pattern rule with stem `configure.m'.
  Trying pattern rule with stem `Makefile'.
       Trying pattern rule with stem `configure'.
         Trying implicit prerequisite `../../../../SCCS/s.configure.r'.
        Trying implicit prerequisite `../../../SCCS/s.configure.m'.
         Trying pattern rule with stem `configure.S'.
        Trying pattern rule with stem `configure'.
  Rejecting impossible implicit prerequisite `Makefile.C'.
       Trying pattern rule with stem `configure'.
  Trying pattern rule with stem `Makefile'.
        Trying pattern rule with stem `configure'.
  Rejecting impossible implicit prerequisite `Makefile.cpp'.
         Trying implicit prerequisite `../../../s.configure.S'.
        Trying implicit prerequisite `../../../configure.S'.
       Trying implicit prerequisite `../../../../configure.m'.
        Looking for a rule with intermediate file `../../../configure.S'.
       Looking for a rule with intermediate file `../../../../configure.m'.
  Trying pattern rule with stem `Makefile'.
         Avoiding implicit rule recursion.
        Trying implicit prerequisite `../../../configure.ym'.
         Trying pattern rule with stem `configure.S'.
        Looking for a rule with intermediate file `../../../configure.ym'.
  Rejecting impossible implicit prerequisite `Makefile.p'.
       Rejecting impossible implicit prerequisite `../../../../configure.F'.
         Avoiding implicit rule recursion.
         Avoiding implicit rule recursion.
  Trying pattern rule with stem `Makefile'.
       Trying pattern rule with stem `configure'.
         Avoiding implicit rule recursion.
       Trying implicit prerequisite `../../../../configure.m'.
        Avoiding implicit rule recursion.
         Trying implicit prerequisite `../../../SCCS/s.configure.S'.
         Avoiding implicit rule recursion.
         Trying pattern rule with stem `configure.S'.
        Avoiding implicit rule recursion.
         Avoiding implicit rule recursion.
  Rejecting impossible implicit prerequisite `Makefile.f'.
         Trying implicit prerequisite `../../../configure.S,v'.
  Trying pattern rule with stem `Makefile'.
       Looking for a rule with intermediate file `../../../../configure.m'.
  Rejecting impossible implicit prerequisite `Makefile.F'.
       Trying pattern rule with stem `configure'.
        Trying pattern rule with stem `configure'.
         Trying pattern rule with stem `configure.ym'.
        Avoiding implicit rule recursion.
         Trying implicit prerequisite `../../../configure.ym,v'.
  Trying pattern rule with stem `Makefile'.
         Trying pattern rule with stem `configure.ym'.
         Trying pattern rule with stem `configure.S'.
        Trying implicit prerequisite `../../../../configure.ym'.
  Rejecting impossible implicit prerequisite `Makefile.m'.
        Avoiding implicit rule recursion.
        Trying pattern rule with stem `configure'.
  Trying pattern rule with stem `Makefile'.
         Trying implicit prerequisite `../../../RCS/configure.ym,v'.
        Trying pattern rule with stem `configure'.
       Rejecting impossible implicit prerequisite `../../../configure.S'.
        Trying implicit prerequisite `../../../../configure.lm'.
        Trying implicit prerequisite `../../../../configure.ym'.
       Trying pattern rule with stem `configure'.
         Trying implicit prerequisite `../../../RCS/configure.S,v'.
       Trying implicit prerequisite `../../../configure.mod'.
         Trying pattern rule with stem `configure.ym'.
        Trying pattern rule with stem `configure'.
       Looking for a rule with intermediate file `../../../configure.mod'.
         Trying pattern rule with stem `configure.S'.
        Avoiding implicit rule recursion.
         Trying implicit prerequisite `../../../RCS/configure.ym'.
        Trying pattern rule with stem `configure.m'.
         Trying pattern rule with stem `configure.ym'.
  Rejecting impossible implicit prerequisite `Makefile.r'.
        Trying implicit prerequisite `../../../../configure.lm'.
  Trying pattern rule with stem `Makefile'.
        Trying implicit prerequisite `../../../../configure.m,v'.
         Trying implicit prerequisite `../../../s.configure.ym'.
        Trying pattern rule with stem `configure.m'.
         Trying pattern rule with stem `configure.ym'.
        Avoiding implicit rule recursion.
         Trying implicit prerequisite `../../../RCS/configure.S'.
  Rejecting impossible implicit prerequisite `Makefile.s'.
        Trying pattern rule with stem `configure.m'.
         Trying pattern rule with stem `configure.S'.
        Trying pattern rule with stem `configure.mod'.
         Trying implicit prerequisite `../../../SCCS/s.configure.ym'.
        Trying implicit prerequisite `../../../../configure.m,v'.
        Trying implicit prerequisite `../../../configure.mod,v'.
  Trying pattern rule with stem `Makefile'.
        Trying pattern rule with stem `configure.m'.
         Trying implicit prerequisite `../../../s.configure.S'.
        Trying pattern rule with stem `configure.mod'.
        Trying implicit prerequisite `../../../../RCS/configure.m,v'.
  Rejecting impossible implicit prerequisite `Makefile.S'.
        Trying pattern rule with stem `configure'.
  Trying pattern rule with stem `Makefile'.
        Trying pattern rule with stem `configure.m'.
        Trying implicit prerequisite `../../../../RCS/configure.m,v'.
        Trying implicit prerequisite `../../../RCS/configure.mod,v'.
        Trying implicit prerequisite `../../../../RCS/configure.m'.
        Trying pattern rule with stem `configure.m'.
         Trying pattern rule with stem `configure.S'.
  Rejecting impossible implicit prerequisite `Makefile.mod'.
        Trying implicit prerequisite `../../../../RCS/configure.m'.
        Trying pattern rule with stem `configure.mod'.
        Trying pattern rule with stem `configure.m'.
        Trying implicit prerequisite `../../../configure.lm'.
        Trying implicit prerequisite `../../../../s.configure.m'.
        Trying implicit prerequisite `../../../RCS/configure.mod'.
         Trying implicit prerequisite `../../../SCCS/s.configure.S'.
        Trying pattern rule with stem `configure.m'.
        Trying pattern rule with stem `configure.mod'.
        Trying pattern rule with stem `configure.m'.
  Trying pattern rule with stem `Makefile'.
        Looking for a rule with intermediate file `../../../configure.lm'.
        Trying implicit prerequisite `../../../../SCCS/s.configure.m'.
       Trying pattern rule with stem `configure'.
         Avoiding implicit rule recursion.
       Rejecting impossible implicit prerequisite `../../../configure.S'.
  Trying implicit prerequisite `Makefile.sh'.
       Trying pattern rule with stem `configure'.
        Trying pattern rule with stem `configure'.
       Trying implicit prerequisite `../../../configure.mod'.
        Trying implicit prerequisite `../../../../configure.ym'.
        Trying implicit prerequisite `../../../s.configure.mod'.
  Looking for a rule with intermediate file `Makefile.sh'.
        Trying pattern rule with stem `configure.mod'.
   Avoiding implicit rule recursion.
       Looking for a rule with intermediate file `../../../configure.mod'.
        Looking for a rule with intermediate file `../../../../configure.ym'.
   Trying pattern rule with stem `Makefile.sh'.
         Avoiding implicit rule recursion.
        Avoiding implicit rule recursion.
         Avoiding implicit rule recursion.
        Trying implicit prerequisite `../../../../s.configure.m'.
         Avoiding implicit rule recursion.
        Trying pattern rule with stem `configure.m'.
   Trying implicit prerequisite `Makefile.sh,v'.
        Avoiding implicit rule recursion.
         Trying pattern rule with stem `configure.ym'.
         Avoiding implicit rule recursion.
   Trying pattern rule with stem `Makefile.sh'.
        Trying implicit prerequisite `../../../../SCCS/s.configure.m'.
   Trying implicit prerequisite `RCS/Makefile.sh,v'.
         Trying implicit prerequisite `../../../../configure.ym,v'.
   Trying pattern rule with stem `Makefile.sh'.
        Trying pattern rule with stem `configure.mod'.
        Trying pattern rule with stem `configure'.
         Avoiding implicit rule recursion.
         Trying pattern rule with stem `configure.ym'.
        Trying implicit prerequisite `../../../SCCS/s.configure.mod'.
   Trying implicit prerequisite `RCS/Makefile.sh'.
        Trying implicit prerequisite `../../../configure.mod,v'.
   Trying pattern rule with stem `Makefile.sh'.
        Trying pattern rule with stem `configure.mod'.
         Trying pattern rule with stem `configure.lm'.
        Trying implicit prerequisite `../../../../configure.ym'.
         Trying implicit prerequisite `../../../../RCS/configure.ym,v'.
   Trying implicit prerequisite `s.Makefile.sh'.
         Trying pattern rule with stem `configure.ym'.
   Trying pattern rule with stem `Makefile.sh'.
        Trying implicit prerequisite `../../../RCS/configure.mod,v'.
         Trying implicit prerequisite `../../../configure.lm,v'.
        Looking for a rule with intermediate file `../../../../configure.ym'.
      Trying pattern rule with stem `configure'.
   Trying implicit prerequisite `SCCS/s.Makefile.sh'.
         Trying pattern rule with stem `configure.lm'.
  No implicit rule found for `Makefile'.
        Trying pattern rule with stem `configure.mod'.
         Trying implicit prerequisite `../../../../RCS/configure.ym'.
        Trying implicit prerequisite `../../../RCS/configure.mod'.
         Trying implicit prerequisite `../../../RCS/configure.lm,v'.
        Trying pattern rule with stem `configure.mod'.
         Trying pattern rule with stem `configure.ym'.
         Trying pattern rule with stem `configure.lm'.
        Trying implicit prerequisite `../../../s.configure.mod'.
         Trying implicit prerequisite `../../../RCS/configure.lm'.
         Trying implicit prerequisite `../../../../s.configure.ym'.
         Avoiding implicit rule recursion.
        Trying pattern rule with stem `configure.mod'.
         Trying pattern rule with stem `configure.ym'.
  Finished prerequisites of target file `Makefile'.
         Trying implicit prerequisite `../../../../SCCS/s.configure.ym'.
         Trying pattern rule with stem `configure.lm'.
        Trying implicit prerequisite `../../../SCCS/s.configure.mod'.
         Trying implicit prerequisite `../../../s.configure.lm'.
         Avoiding implicit rule recursion.
         Avoiding implicit rule recursion.
         Trying pattern rule with stem `configure.ym'.
         Trying implicit prerequisite `../../../../configure.ym,v'.
         Trying pattern rule with stem `configure.ym'.
         Trying implicit prerequisite `../../../../RCS/configure.ym,v'.
         Trying pattern rule with stem `configure.ym'.
         Trying implicit prerequisite `../../../../RCS/configure.ym'.
         Trying pattern rule with stem `configure.ym'.
         Trying implicit prerequisite `../../../../s.configure.ym'.
         Trying pattern rule with stem `configure.ym'.
         Trying implicit prerequisite `../../../../SCCS/s.configure.ym'.
        Trying pattern rule with stem `configure'.
        Trying implicit prerequisite `../../../../configure.lm'.
        Trying pattern rule with stem `configure'.
        Looking for a rule with intermediate file `../../../../configure.lm'.
      Rejecting impossible implicit prerequisite `../../../configure.cc'.
      Trying pattern rule with stem `configure'.
         Trying pattern rule with stem `configure.lm'.
      Rejecting impossible implicit prerequisite `../../../configure.cc'.
         Trying implicit prerequisite `../../../SCCS/s.configure.lm'.
 No need to remake target `Makefile'.
       Trying pattern rule with stem `configure'.
Updating goal targets....
         Avoiding implicit rule recursion.
      Trying pattern rule with stem `configure'.
      Trying pattern rule with stem `configure'.
       Rejecting impossible implicit prerequisite `../../../configure.r'.
        Trying implicit prerequisite `../../../../configure.lm'.
         Avoiding implicit rule recursion.
Considering target file `generated-headers'.
        Looking for a rule with intermediate file `../../../../configure.lm'.
       Trying pattern rule with stem `configure'.
         Avoiding implicit rule recursion.
         Avoiding implicit rule recursion.
 File `generated-headers' does not exist.
         Avoiding implicit rule recursion.
      Rejecting impossible implicit prerequisite `../../../configure.C'.
       Trying implicit prerequisite `../../../configure.s'.
         Trying pattern rule with stem `configure.lm'.
      Trying pattern rule with stem `configure'.
         Trying implicit prerequisite `../../../../configure.lm,v'.
         Avoiding implicit rule recursion.
   Looking for an implicit rule for `../../../src/backend/catalog/genbki.pl'.
      Rejecting impossible implicit prerequisite `../../../configure.cpp'.
         Trying pattern rule with stem `configure.lm'.
      Rejecting impossible implicit prerequisite `../../../configure.C'.
         Trying pattern rule with stem `configure.lm'.
   Trying pattern rule with stem `genbki.pl'.
         Trying implicit prerequisite `../../../../configure.lm,v'.
      Trying pattern rule with stem `configure'.
         Trying implicit prerequisite `../../../../RCS/configure.lm,v'.
      Rejecting impossible implicit prerequisite `../../../configure.p'.
      Trying pattern rule with stem `configure'.
         Trying pattern rule with stem `configure.lm'.
         Trying pattern rule with stem `configure.lm'.
         Trying implicit prerequisite `../../../../RCS/configure.lm'.
       Looking for a rule with intermediate file `../../../configure.s'.
      Trying pattern rule with stem `configure'.
         Trying implicit prerequisite `../../../../RCS/configure.lm,v'.
      Rejecting impossible implicit prerequisite `../../../configure.f'.
      Rejecting impossible implicit prerequisite `../../../configure.cpp'.
         Trying pattern rule with stem `configure.lm'.
      Trying pattern rule with stem `configure'.
   Trying implicit prerequisite `../../../src/backend/catalog/genbki.pl.o'.
      Rejecting impossible implicit prerequisite `../../../configure.F'.
        Avoiding implicit rule recursion.
         Trying implicit prerequisite `../../../../s.configure.lm'.
      Trying pattern rule with stem `configure'.
         Trying pattern rule with stem `configure.lm'.
      Trying pattern rule with stem `configure'.
         Trying pattern rule with stem `configure.lm'.
        Avoiding implicit rule recursion.
         Trying implicit prerequisite `../../../../SCCS/s.configure.lm'.
         Trying implicit prerequisite `../../../../RCS/configure.lm'.
      Rejecting impossible implicit prerequisite `../../../configure.p'.
        Trying pattern rule with stem `configure'.
       Trying pattern rule with stem `configure'.
   Trying pattern rule with stem `genbki.pl'.
       Rejecting impossible implicit prerequisite `../../../../configure.r'.
      Rejecting impossible implicit prerequisite `../../../configure.m'.
        Trying implicit prerequisite `../../../configure.S'.
         Trying pattern rule with stem `configure.lm'.
      Trying pattern rule with stem `configure'.
   Trying implicit prerequisite `../../../src/backend/catalog/genbki.pl.cc'.
       Trying pattern rule with stem `configure'.
         Trying implicit prerequisite `../../../../s.configure.lm'.
      Trying pattern rule with stem `configure'.
        Trying pattern rule with stem `configure.s'.
      Rejecting impossible implicit prerequisite `../../../configure.f'.
        Trying implicit prerequisite `../../../configure.s,v'.
      Rejecting impossible implicit prerequisite `../../../configure.r'.
      Trying pattern rule with stem `configure'.
         Trying pattern rule with stem `configure.lm'.
      Rejecting impossible implicit prerequisite `../../../configure.F'.
        Trying pattern rule with stem `configure.s'.
      Trying pattern rule with stem `configure'.
         Trying implicit prerequisite `../../../../SCCS/s.configure.lm'.
      Trying pattern rule with stem `configure'.
      Rejecting impossible implicit prerequisite `../../../configure.s'.
       Trying implicit prerequisite `../../../../configure.s'.
       Trying pattern rule with stem `configure'.
       Looking for a rule with intermediate file `../../../../configure.s'.
      Trying pattern rule with stem `configure'.
       Rejecting impossible implicit prerequisite `../../../../configure.r'.
      Rejecting impossible implicit prerequisite `../../../configure.m'.
        Trying implicit prerequisite `../../../RCS/configure.s,v'.
       Trying pattern rule with stem `configure'.
   Trying pattern rule with stem `genbki.pl'.
        Avoiding implicit rule recursion.
      Trying pattern rule with stem `configure'.
        Trying pattern rule with stem `configure.s'.
      Rejecting impossible implicit prerequisite `../../../configure.S'.
   Trying implicit prerequisite `../../../src/backend/catalog/genbki.pl.C'.
        Avoiding implicit rule recursion.
   Trying pattern rule with stem `genbki.pl'.
      Trying pattern rule with stem `configure'.
   Trying implicit prerequisite `../../../src/backend/catalog/genbki.pl.cpp'.
        Trying pattern rule with stem `configure'.
      Rejecting impossible implicit prerequisite `../../../configure.r'.
   Trying pattern rule with stem `genbki.pl'.
        Trying implicit prerequisite `../../../../configure.S'.
      Trying pattern rule with stem `configure'.
       Trying implicit prerequisite `../../../../configure.s'.
   Trying implicit prerequisite `../../../src/backend/catalog/genbki.pl.p'.
       Looking for a rule with intermediate file `../../../../configure.s'.
        Trying pattern rule with stem `configure.s'.
      Rejecting impossible implicit prerequisite `../../../configure.s'.
        Trying implicit prerequisite `../../../RCS/configure.s'.
   Trying pattern rule with stem `genbki.pl'.
      Rejecting impossible implicit prerequisite `../../../configure.mod'.
   Trying implicit prerequisite `../../../src/backend/catalog/genbki.pl.f'.
        Trying implicit prerequisite `../../../../configure.s,v'.
      Trying pattern rule with stem `configure'.
        Avoiding implicit rule recursion.
      Rejecting impossible implicit prerequisite `../../../configure.S'.
        Trying pattern rule with stem `configure.s'.
      Trying pattern rule with stem `configure'.
   Trying pattern rule with stem `genbki.pl'.
        Trying pattern rule with stem `configure.s'.
        Avoiding implicit rule recursion.
      Trying pattern rule with stem `configure'.
      Trying implicit prerequisite `../../../configure.sh'.
      Rejecting impossible implicit prerequisite `../../../configure.mod'.
        Trying implicit prerequisite `../../../s.configure.s'.
   Trying implicit prerequisite `../../../src/backend/catalog/genbki.pl.F'.
        Trying pattern rule with stem `configure.s'.
   Trying pattern rule with stem `genbki.pl'.
        Trying implicit prerequisite `../../../SCCS/s.configure.s'.
      Looking for a rule with intermediate file `../../../configure.sh'.
        Trying pattern rule with stem `configure'.
   Trying implicit prerequisite `../../../src/backend/catalog/genbki.pl.m'.
        Trying pattern rule with stem `configure'.
      Trying pattern rule with stem `configure'.
        Trying implicit prerequisite `../../../configure.S'.
        Trying implicit prerequisite `../../../../RCS/configure.s,v'.
        Trying implicit prerequisite `../../../../configure.S'.
   Trying pattern rule with stem `genbki.pl'.
      Trying implicit prerequisite `../../../configure.sh'.
        Looking for a rule with intermediate file `../../../configure.S'.
       Avoiding implicit rule recursion.
        Trying pattern rule with stem `configure.s'.
        Trying pattern rule with stem `configure.s'.
        Trying implicit prerequisite `../../../../RCS/configure.s'.
   Trying implicit prerequisite `../../../src/backend/catalog/genbki.pl.r'.
      Looking for a rule with intermediate file `../../../configure.sh'.
         Avoiding implicit rule recursion.
       Avoiding implicit rule recursion.
       Trying pattern rule with stem `configure.sh'.
        Trying pattern rule with stem `configure.s'.
       Trying implicit prerequisite `../../../configure.sh,v'.
       Trying pattern rule with stem `configure.sh'.
        Trying implicit prerequisite `../../../../s.configure.s'.
       Trying implicit prerequisite `../../../configure.sh,v'.
        Trying pattern rule with stem `configure.s'.
        Trying implicit prerequisite `../../../../configure.s,v'.
       Trying pattern rule with stem `configure.sh'.
         Avoiding implicit rule recursion.
        Trying implicit prerequisite `../../../../SCCS/s.configure.s'.
        Trying pattern rule with stem `configure.s'.
        Trying pattern rule with stem `configure'.
        Trying implicit prerequisite `../../../../RCS/configure.s,v'.
        Trying implicit prerequisite `../../../../configure.S'.
       Trying pattern rule with stem `configure.sh'.
   Trying pattern rule with stem `genbki.pl'.
         Avoiding implicit rule recursion.
        Trying pattern rule with stem `configure.s'.
        Looking for a rule with intermediate file `../../../../configure.S'.
   Trying implicit prerequisite `../../../src/backend/catalog/genbki.pl.s'.
       Trying implicit prerequisite `../../../RCS/configure.sh,v'.
         Trying pattern rule with stem `configure.S'.
       Trying implicit prerequisite `../../../RCS/configure.sh,v'.
         Trying implicit prerequisite `../../../configure.S,v'.
       Trying pattern rule with stem `configure.sh'.
        Trying implicit prerequisite `../../../../RCS/configure.s'.
   Trying pattern rule with stem `genbki.pl'.
       Trying pattern rule with stem `configure.sh'.
        Trying pattern rule with stem `configure.s'.
       Trying implicit prerequisite `../../../RCS/configure.sh'.
   Trying implicit prerequisite `../../../src/backend/catalog/genbki.pl.S'.
         Trying pattern rule with stem `configure.S'.
       Trying pattern rule with stem `configure.sh'.
         Trying implicit prerequisite `../../../RCS/configure.S,v'.
        Trying implicit prerequisite `../../../../s.configure.s'.
       Trying implicit prerequisite `../../../RCS/configure.sh'.
         Avoiding implicit rule recursion.
         Trying pattern rule with stem `configure.S'.
       Trying pattern rule with stem `configure.sh'.
         Avoiding implicit rule recursion.
       Trying implicit prerequisite `../../../s.configure.sh'.
   Trying pattern rule with stem `genbki.pl'.
       Trying pattern rule with stem `configure.sh'.
   Trying implicit prerequisite `../../../src/backend/catalog/genbki.pl.mod'.
       Trying implicit prerequisite `../../../s.configure.sh'.
         Avoiding implicit rule recursion.
         Trying implicit prerequisite `../../../RCS/configure.S'.
        Trying pattern rule with stem `configure.s'.
         Trying pattern rule with stem `configure.S'.
       Trying implicit prerequisite `../../../SCCS/s.configure.sh'.
       Trying pattern rule with stem `configure.sh'.
      No implicit rule found for `../../../configure'.
   Trying pattern rule with stem `genbki.pl'.
         Trying implicit prerequisite `../../../../configure.S,v'.
   Trying implicit prerequisite `../../../src/backend/catalog/genbki.pl.sh'.
       Trying implicit prerequisite `../../../SCCS/s.configure.sh'.
   Trying pattern rule with stem `genbki.pl'.
      Finished prerequisites of target file `../../../configure'.
         Trying pattern rule with stem `configure.S'.
        Trying implicit prerequisite `../../../../SCCS/s.configure.s'.
      No implicit rule found for `../../../configure'.
         Trying pattern rule with stem `configure.S'.
     No need to remake target `../../../configure'.
   Trying implicit prerequisite `../../../src/backend/catalog/genbki.pl,v'.
      Finished prerequisites of target file `../../../configure'.
        Trying pattern rule with stem `configure'.
    Finished prerequisites of target file `../../../config.status'.
     No need to remake target `../../../configure'.
        Trying implicit prerequisite `../../../../configure.S'.
    Finished prerequisites of target file `../../../config.status'.
         Trying implicit prerequisite `../../../../RCS/configure.S,v'.
    Prerequisite `../../../configure' is older than target `../../../config.status'.
    Prerequisite `../../../configure' is older than target `../../../config.status'.
   Trying pattern rule with stem `genbki.pl'.
         Trying pattern rule with stem `configure.S'.
   No need to remake target `../../../config.status'.
         Trying implicit prerequisite `../../../s.configure.S'.
        Looking for a rule with intermediate file `../../../../configure.S'.
   No need to remake target `../../../config.status'.
         Avoiding implicit rule recursion.
         Trying implicit prerequisite `../../../../RCS/configure.S'.
  Finished prerequisites of target file `../../../src/Makefile.global'.
         Trying pattern rule with stem `configure.S'.
  Finished prerequisites of target file `../../../src/Makefile.global'.
         Trying implicit prerequisite `../../../../s.configure.S'.
  Prerequisite `../../../src/Makefile.global.in' is older than target `../../../src/Makefile.global'.
         Avoiding implicit rule recursion.
         Trying pattern rule with stem `configure.S'.
         Avoiding implicit rule recursion.
  Prerequisite `../../../src/Makefile.global.in' is older than target `../../../src/Makefile.global'.
         Trying pattern rule with stem `configure.S'.
  Prerequisite `../../../config.status' is older than target `../../../src/Makefile.global'.
         Trying implicit prerequisite `../../../SCCS/s.configure.S'.
 No need to remake target `../../../src/Makefile.global'.
         Trying implicit prerequisite `../../../../SCCS/s.configure.S'.
 Considering target file `Makefile'.
       Trying pattern rule with stem `configure'.
       Trying pattern rule with stem `configure'.
       Rejecting impossible implicit prerequisite `../../../../configure.S'.
       Rejecting impossible implicit prerequisite `../../../configure.S'.
       Trying pattern rule with stem `configure'.
         Trying pattern rule with stem `configure.S'.
  Prerequisite `../../../config.status' is older than target `../../../src/Makefile.global'.
         Trying implicit prerequisite `../../../../configure.S,v'.
 No need to remake target `../../../src/Makefile.global'.
       Trying pattern rule with stem `configure'.
       Trying implicit prerequisite `../../../../configure.mod'.
       Trying implicit prerequisite `../../../configure.mod'.
         Trying pattern rule with stem `configure.S'.
  Looking for an implicit rule for `Makefile'.
         Trying implicit prerequisite `../../../../RCS/configure.S,v'.
   Trying implicit prerequisite `../../../src/backend/catalog/RCS/genbki.pl,v'.
         Trying pattern rule with stem `configure.S'.
       Looking for a rule with intermediate file `../../../configure.mod'.
   Trying pattern rule with stem `genbki.pl'.
        Avoiding implicit rule recursion.
   Trying implicit prerequisite `../../../src/backend/catalog/RCS/genbki.pl'.
       Looking for a rule with intermediate file `../../../../configure.mod'.
  Trying pattern rule with stem `Makefile'.
        Avoiding implicit rule recursion.
         Trying implicit prerequisite `../../../../RCS/configure.S'.
 Considering target file `Makefile'.
        Avoiding implicit rule recursion.
         Trying pattern rule with stem `configure.S'.
   Trying pattern rule with stem `genbki.pl'.
         Trying implicit prerequisite `../../../../s.configure.S'.
   Trying implicit prerequisite `../../../src/backend/catalog/s.genbki.pl'.
        Trying pattern rule with stem `configure.mod'.
  Trying implicit prerequisite `Makefile.o'.
         Trying pattern rule with stem `configure.S'.
        Trying implicit prerequisite `../../../configure.mod,v'.
         Trying implicit prerequisite `../../../../SCCS/s.configure.S'.
        Avoiding implicit rule recursion.
       Trying pattern rule with stem `configure'.
        Trying pattern rule with stem `configure.mod'.
        Trying pattern rule with stem `configure.mod'.
   Trying pattern rule with stem `genbki.pl'.
   Trying implicit prerequisite `../../../src/backend/catalog/SCCS/s.genbki.pl'.
   Trying pattern rule with stem `genbki.pl'.
   Trying implicit prerequisite `../../../src/backend/catalog/genbki.pl.o'.
  Trying pattern rule with stem `Makefile'.
        Trying implicit prerequisite `../../../../configure.mod,v'.
   Looking for a rule with intermediate file `../../../src/backend/catalog/genbki.pl.o'.
        Trying pattern rule with stem `configure.mod'.
        Trying implicit prerequisite `../../../RCS/configure.mod,v'.
    Avoiding implicit rule recursion.
        Trying implicit prerequisite `../../../../RCS/configure.mod,v'.
    Trying pattern rule with stem `genbki.pl'.
  Looking for an implicit rule for `Makefile'.
        Trying pattern rule with stem `configure.mod'.
       Rejecting impossible implicit prerequisite `../../../../configure.S'.
  Trying implicit prerequisite `Makefile.cc'.
  Trying pattern rule with stem `Makefile'.
       Trying pattern rule with stem `configure'.
    Trying implicit prerequisite `../../../src/backend/catalog/genbki.pl.c'.
        Trying pattern rule with stem `configure.mod'.
  Trying pattern rule with stem `Makefile'.
       Trying implicit prerequisite `../../../../configure.mod'.
       Looking for a rule with intermediate file `../../../../configure.mod'.
    Trying pattern rule with stem `genbki.pl'.
        Trying implicit prerequisite `../../../../RCS/configure.mod'.
        Trying implicit prerequisite `../../../RCS/configure.mod'.
  Trying implicit prerequisite `Makefile.C'.
    Trying implicit prerequisite `../../../src/backend/catalog/genbki.pl.cc'.
        Trying pattern rule with stem `configure.mod'.
  Trying implicit prerequisite `Makefile.o'.
        Avoiding implicit rule recursion.
  Trying pattern rule with stem `Makefile'.
        Trying pattern rule with stem `configure.mod'.
    Trying pattern rule with stem `genbki.pl'.
        Avoiding implicit rule recursion.
    Trying implicit prerequisite `../../../src/backend/catalog/genbki.pl.C'.
  Trying pattern rule with stem `Makefile'.
        Trying implicit prerequisite `../../../s.configure.mod'.
  Trying implicit prerequisite `Makefile.cpp'.
        Trying pattern rule with stem `configure.mod'.
        Trying implicit prerequisite `../../../../s.configure.mod'.
        Trying implicit prerequisite `../../../../configure.mod,v'.
    Trying pattern rule with stem `genbki.pl'.
  Trying pattern rule with stem `Makefile'.
  Trying implicit prerequisite `Makefile.cc'.
  Trying implicit prerequisite `Makefile.p'.
    Trying implicit prerequisite `../../../src/backend/catalog/genbki.pl.cpp'.
        Trying pattern rule with stem `configure.mod'.
  Trying pattern rule with stem `Makefile'.
        Trying implicit prerequisite `../../../SCCS/s.configure.mod'.
  Trying implicit prerequisite `Makefile.f'.
  Trying pattern rule with stem `Makefile'.
        Trying pattern rule with stem `configure.mod'.
      Trying pattern rule with stem `configure'.
    Trying pattern rule with stem `genbki.pl'.
      Rejecting impossible implicit prerequisite `../../../configure.cc'.
  Trying implicit prerequisite `Makefile.C'.
        Trying pattern rule with stem `configure.mod'.
        Trying implicit prerequisite `../../../../RCS/configure.mod,v'.
        Trying implicit prerequisite `../../../../SCCS/s.configure.mod'.
  Trying pattern rule with stem `Makefile'.
  Trying pattern rule with stem `Makefile'.
  Trying implicit prerequisite `Makefile.F'.
        Trying pattern rule with stem `configure.mod'.
  Trying pattern rule with stem `Makefile'.
        Trying implicit prerequisite `../../../../RCS/configure.mod'.
      Trying pattern rule with stem `configure'.
        Trying pattern rule with stem `configure.mod'.
      Trying pattern rule with stem `configure'.
    Trying implicit prerequisite `../../../src/backend/catalog/genbki.pl.p'.
  Trying implicit prerequisite `Makefile.cpp'.
        Trying implicit prerequisite `../../../../s.configure.mod'.
      Rejecting impossible implicit prerequisite `../../../../configure.cc'.
        Trying pattern rule with stem `configure.mod'.
      Rejecting impossible implicit prerequisite `../../../configure.C'.
  Trying implicit prerequisite `Makefile.m'.
        Trying implicit prerequisite `../../../../SCCS/s.configure.mod'.
      Trying pattern rule with stem `configure'.
      Trying pattern rule with stem `configure'.
      Rejecting impossible implicit prerequisite `../../../configure.cpp'.
      Trying pattern rule with stem `configure'.
      Rejecting impossible implicit prerequisite `../../../configure.p'.
      Trying pattern rule with stem `configure'.
  Trying pattern rule with stem `Makefile'.
      Trying pattern rule with stem `configure'.
      Rejecting impossible implicit prerequisite `../../../configure.f'.
      Rejecting impossible implicit prerequisite `../../../../configure.C'.
      Rejecting impossible implicit prerequisite `../../../../configure.cc'.
  Trying implicit prerequisite `Makefile.p'.
  Trying pattern rule with stem `Makefile'.
      Trying pattern rule with stem `configure'.
  Trying implicit prerequisite `Makefile.r'.
    Trying pattern rule with stem `genbki.pl'.
      Trying pattern rule with stem `configure'.
  Trying pattern rule with stem `Makefile'.
      Rejecting impossible implicit prerequisite `../../../../configure.cpp'.
  Trying pattern rule with stem `Makefile'.
    Trying implicit prerequisite `../../../src/backend/catalog/genbki.pl.f'.
      Rejecting impossible implicit prerequisite `../../../configure.F'.
    Trying pattern rule with stem `genbki.pl'.
      Trying pattern rule with stem `configure'.
      Trying pattern rule with stem `configure'.
    Trying implicit prerequisite `../../../src/backend/catalog/genbki.pl.F'.
  Trying implicit prerequisite `Makefile.s'.
  Trying implicit prerequisite `Makefile.f'.
  Trying pattern rule with stem `Makefile'.
    Trying pattern rule with stem `genbki.pl'.
  Trying pattern rule with stem `Makefile'.
      Rejecting impossible implicit prerequisite `../../../configure.m'.
      Rejecting impossible implicit prerequisite `../../../../configure.C'.
      Trying pattern rule with stem `configure'.
      Trying pattern rule with stem `configure'.
      Rejecting impossible implicit prerequisite `../../../configure.r'.
      Trying pattern rule with stem `configure'.
  Trying implicit prerequisite `Makefile.S'.
    Trying implicit prerequisite `../../../src/backend/catalog/genbki.pl.m'.
      Trying pattern rule with stem `configure'.
      Rejecting impossible implicit prerequisite `../../../configure.s'.
      Rejecting impossible implicit prerequisite `../../../../configure.p'.
    Trying pattern rule with stem `genbki.pl'.
  Trying implicit prerequisite `Makefile.F'.
    Trying implicit prerequisite `../../../src/backend/catalog/genbki.pl.r'.
      Trying pattern rule with stem `configure'.
      Trying pattern rule with stem `configure'.
      Rejecting impossible implicit prerequisite `../../../configure.S'.
      Rejecting impossible implicit prerequisite `../../../../configure.cpp'.
    Trying pattern rule with stem `genbki.pl'.
  Trying pattern rule with stem `Makefile'.
      Trying pattern rule with stem `configure'.
  Trying implicit prerequisite `Makefile.mod'.
    Trying implicit prerequisite `../../../src/backend/catalog/genbki.pl.s'.
      Rejecting impossible implicit prerequisite `../../../../configure.f'.
  Trying pattern rule with stem `Makefile'.
    Trying pattern rule with stem `genbki.pl'.
  Trying implicit prerequisite `Makefile.m'.
      Trying pattern rule with stem `configure'.
  Trying pattern rule with stem `Makefile'.
    Trying implicit prerequisite `../../../src/backend/catalog/genbki.pl.S'.
      Trying pattern rule with stem `configure'.
  Trying pattern rule with stem `Makefile'.
      Rejecting impossible implicit prerequisite `../../../../configure.F'.
  Trying implicit prerequisite `Makefile.sh'.
      Rejecting impossible implicit prerequisite `../../../configure.mod'.
  Trying implicit prerequisite `Makefile.r'.
    Trying pattern rule with stem `genbki.pl'.
      Trying pattern rule with stem `configure'.
  Trying pattern rule with stem `Makefile'.
      Rejecting impossible implicit prerequisite `../../../../configure.p'.
      Trying pattern rule with stem `configure'.
  Trying pattern rule with stem `Makefile'.
      Trying implicit prerequisite `../../../configure.sh'.
    Trying implicit prerequisite `../../../src/backend/catalog/genbki.pl.mod'.
  Trying implicit prerequisite `Makefile,v'.
      Rejecting impossible implicit prerequisite `../../../../configure.m'.
  Trying implicit prerequisite `Makefile.s'.
    Trying pattern rule with stem `genbki.pl.o'.
      Looking for a rule with intermediate file `../../../configure.sh'.
  Trying pattern rule with stem `Makefile'.
      Trying pattern rule with stem `configure'.
  Trying implicit prerequisite `RCS/Makefile,v'.
    Trying implicit prerequisite `../../../src/backend/catalog/genbki.pl.o,v'.
       Avoiding implicit rule recursion.
      Rejecting impossible implicit prerequisite `../../../../configure.r'.
  Trying pattern rule with stem `Makefile'.
       Trying pattern rule with stem `configure.sh'.
  Trying implicit prerequisite `Makefile.S'.
    Trying pattern rule with stem `genbki.pl.o'.
      Trying pattern rule with stem `configure'.
      Trying pattern rule with stem `configure'.
       Trying implicit prerequisite `../../../configure.sh,v'.
  Trying pattern rule with stem `Makefile'.
      Rejecting impossible implicit prerequisite `../../../../configure.f'.
    Trying implicit prerequisite `../../../src/backend/catalog/RCS/genbki.pl.o,v'.
      Rejecting impossible implicit prerequisite `../../../../configure.s'.
  Trying implicit prerequisite `Makefile.mod'.
      Trying pattern rule with stem `configure'.
      Trying pattern rule with stem `configure'.
      Rejecting impossible implicit prerequisite `../../../../configure.S'.
  Trying pattern rule with stem `Makefile'.
  Trying pattern rule with stem `Makefile'.
       Trying pattern rule with stem `configure.sh'.
      Rejecting impossible implicit prerequisite `../../../../configure.F'.
       Trying implicit prerequisite `../../../RCS/configure.sh,v'.
  Trying implicit prerequisite `Makefile.sh'.
      Trying pattern rule with stem `configure'.
  Trying implicit prerequisite `RCS/Makefile'.
      Rejecting impossible implicit prerequisite `../../../../configure.mod'.
  Trying pattern rule with stem `Makefile'.
    Trying pattern rule with stem `genbki.pl.o'.
  Trying implicit prerequisite `s.Makefile'.
       Trying pattern rule with stem `configure.sh'.
  Trying pattern rule with stem `Makefile'.
  Trying pattern rule with stem `Makefile'.
    Trying implicit prerequisite `../../../src/backend/catalog/RCS/genbki.pl.o'.
  Trying implicit prerequisite `Makefile,v'.
       Trying implicit prerequisite `../../../RCS/configure.sh'.
      Trying pattern rule with stem `configure'.
      Trying pattern rule with stem `configure'.
  Trying implicit prerequisite `SCCS/s.Makefile'.
      Trying implicit prerequisite `../../../../configure.sh'.
    Trying pattern rule with stem `genbki.pl.o'.
  Trying pattern rule with stem `Makefile'.
    Trying implicit prerequisite `../../../src/backend/catalog/s.genbki.pl.o'.
      Rejecting impossible implicit prerequisite `../../../../configure.m'.
  Trying pattern rule with stem `Makefile'.
      Looking for a rule with intermediate file `../../../../configure.sh'.
  Trying implicit prerequisite `RCS/Makefile,v'.
    Trying pattern rule with stem `genbki.pl.o'.
       Trying pattern rule with stem `configure.sh'.
    Trying implicit prerequisite `../../../src/backend/catalog/SCCS/s.genbki.pl.o'.
       Trying implicit prerequisite `../../../s.configure.sh'.
      Trying pattern rule with stem `configure'.
    Trying pattern rule with stem `genbki.pl'.
  Trying pattern rule with stem `Makefile'.
  Trying implicit prerequisite `Makefile.o'.
      Rejecting impossible implicit prerequisite `../../../../configure.r'.
       Trying pattern rule with stem `configure.sh'.
    Trying implicit prerequisite `../../../src/backend/catalog/genbki.pl.c'.
       Trying implicit prerequisite `../../../SCCS/s.configure.sh'.
       Avoiding implicit rule recursion.
      No implicit rule found for `../../../configure'.
      Trying pattern rule with stem `configure'.
  Looking for a rule with intermediate file `Makefile.o'.
    Looking for a rule with intermediate file `../../../src/backend/catalog/genbki.pl.c'.
       Trying pattern rule with stem `configure.sh'.
      Finished prerequisites of target file `../../../configure'.
       Trying implicit prerequisite `../../../../configure.sh,v'.
      Rejecting impossible implicit prerequisite `../../../../configure.s'.
   Avoiding implicit rule recursion.
     Avoiding implicit rule recursion.
   Trying pattern rule with stem `Makefile'.
     No need to remake target `../../../configure'.
   Trying implicit prerequisite `Makefile.c'.
     Avoiding implicit rule recursion.
      Trying pattern rule with stem `configure'.
     Trying pattern rule with stem `genbki.pl'.
   Trying pattern rule with stem `Makefile'.
     Trying implicit prerequisite `../../../src/backend/catalog/genbki.pl.l'.
    Finished prerequisites of target file `../../../config.status'.
       Trying pattern rule with stem `configure.sh'.
  Trying implicit prerequisite `RCS/Makefile'.
    Prerequisite `../../../configure' is older than target `../../../config.status'.
      Rejecting impossible implicit prerequisite `../../../../configure.S'.
   Trying implicit prerequisite `Makefile.cc'.
  Trying pattern rule with stem `Makefile'.
   No need to remake target `../../../config.status'.
     Trying pattern rule with stem `genbki.pl'.
       Trying implicit prerequisite `../../../../RCS/configure.sh,v'.
     Trying implicit prerequisite `../../../src/backend/catalog/genbki.pl.y'.
       Trying pattern rule with stem `configure.sh'.
      Trying pattern rule with stem `configure'.
  Finished prerequisites of target file `../../../src/Makefile.global'.
     Trying pattern rule with stem `genbki.pl'.
  Trying implicit prerequisite `s.Makefile'.
     Trying implicit prerequisite `../../../src/backend/catalog/genbki.pl.w'.
       Trying implicit prerequisite `../../../../RCS/configure.sh'.
  Prerequisite `../../../src/Makefile.global.in' is older than target `../../../src/Makefile.global'.
   Trying pattern rule with stem `Makefile'.
  Trying pattern rule with stem `Makefile'.
      Rejecting impossible implicit prerequisite `../../../../configure.mod'.
       Trying pattern rule with stem `configure.sh'.
     Trying pattern rule with stem `genbki.pl'.
  Prerequisite `../../../config.status' is older than target `../../../src/Makefile.global'.
  Trying implicit prerequisite `SCCS/s.Makefile'.
 No need to remake target `../../../src/Makefile.global'.
     Trying implicit prerequisite `../../../src/backend/catalog/genbki.pl.w'.
 Considering target file `Makefile'.
     Trying pattern rule with stem `genbki.pl.c'.
  Looking for an implicit rule for `Makefile'.
       Trying implicit prerequisite `../../../../s.configure.sh'.
   Trying implicit prerequisite `Makefile.C'.
     Trying implicit prerequisite `../../../src/backend/catalog/genbki.pl.c,v'.
   Trying pattern rule with stem `Makefile'.
      Trying pattern rule with stem `configure'.
     Trying pattern rule with stem `genbki.pl.c'.
      Trying implicit prerequisite `../../../../configure.sh'.
  Trying pattern rule with stem `Makefile'.
   Trying implicit prerequisite `Makefile.cpp'.
  Trying pattern rule with stem `Makefile'.
      Looking for a rule with intermediate file `../../../../configure.sh'.
  Trying implicit prerequisite `Makefile.o'.
     Trying implicit prerequisite `../../../src/backend/catalog/RCS/genbki.pl.c,v'.
   Trying pattern rule with stem `Makefile'.
     Trying pattern rule with stem `genbki.pl.c'.
       Trying pattern rule with stem `configure.sh'.
  Trying implicit prerequisite `Makefile.o'.
  Trying pattern rule with stem `Makefile'.
       Avoiding implicit rule recursion.
  Trying implicit prerequisite `Makefile.cc'.
   Trying implicit prerequisite `Makefile.p'.
       Trying implicit prerequisite `../../../../SCCS/s.configure.sh'.
       Trying pattern rule with stem `configure.sh'.
      No implicit rule found for `../../../../configure'.
     Trying implicit prerequisite `../../../src/backend/catalog/RCS/genbki.pl.c'.
       Trying implicit prerequisite `../../../../configure.sh,v'.
      Finished prerequisites of target file `../../../../configure'.
   Trying pattern rule with stem `Makefile'.
     No need to remake target `../../../../configure'.
  Looking for a rule with intermediate file `Makefile.o'.
    Finished prerequisites of target file `../../../../config.status'.
     Trying pattern rule with stem `genbki.pl.c'.
   Avoiding implicit rule recursion.
       Trying pattern rule with stem `configure.sh'.
   Trying pattern rule with stem `Makefile'.
       Trying implicit prerequisite `../../../../RCS/configure.sh,v'.
     Trying implicit prerequisite `../../../src/backend/catalog/s.genbki.pl.c'.
   Trying implicit prerequisite `Makefile.f'.
   Trying implicit prerequisite `Makefile.c'.
       Trying pattern rule with stem `configure.sh'.
   Trying pattern rule with stem `Makefile'.
  Trying pattern rule with stem `Makefile'.
   Trying implicit prerequisite `Makefile.cc'.
    Prerequisite `../../../../configure' is older than target `../../../../config.status'.
       Trying implicit prerequisite `../../../../RCS/configure.sh'.
  Trying implicit prerequisite `Makefile.C'.
   Trying pattern rule with stem `Makefile'.
       Trying pattern rule with stem `configure.sh'.
   Trying pattern rule with stem `Makefile'.
       Trying implicit prerequisite `../../../../s.configure.sh'.
   Trying implicit prerequisite `Makefile.C'.
   Trying implicit prerequisite `Makefile.F'.
  Trying pattern rule with stem `Makefile'.
   Trying pattern rule with stem `Makefile'.
     Trying pattern rule with stem `genbki.pl.c'.
   Trying pattern rule with stem `Makefile'.
  Trying implicit prerequisite `Makefile.cpp'.
   Trying implicit prerequisite `Makefile.m'.
     Trying implicit prerequisite `../../../src/backend/catalog/SCCS/s.genbki.pl.c'.
  Trying pattern rule with stem `Makefile'.
   No need to remake target `../../../../config.status'.
  Trying implicit prerequisite `Makefile.p'.
     Trying pattern rule with stem `genbki.pl'.
   Trying implicit prerequisite `Makefile.cpp'.
  Trying pattern rule with stem `Makefile'.
   Trying pattern rule with stem `Makefile'.
  Finished prerequisites of target file `../../../../src/Makefile.global'.
   Trying implicit prerequisite `Makefile.r'.
     Trying implicit prerequisite `../../../src/backend/catalog/genbki.pl.l'.
  Prerequisite `../../../../src/Makefile.global.in' is older than target `../../../../src/Makefile.global'.
  Trying implicit prerequisite `Makefile.f'.
       Trying pattern rule with stem `configure.sh'.
   Trying pattern rule with stem `Makefile'.
  Prerequisite `../../../../config.status' is older than target `../../../../src/Makefile.global'.
   Trying implicit prerequisite `Makefile.p'.
       Trying implicit prerequisite `../../../../SCCS/s.configure.sh'.
  Trying pattern rule with stem `Makefile'.
 No need to remake target `../../../../src/Makefile.global'.
     Looking for a rule with intermediate file `../../../src/backend/catalog/genbki.pl.l'.
   Trying pattern rule with stem `Makefile'.
  Trying implicit prerequisite `Makefile.F'.
   Trying pattern rule with stem `Makefile'.
   Trying implicit prerequisite `Makefile.s'.
   Trying implicit prerequisite `Makefile.f'.
   Trying pattern rule with stem `Makefile'.
 Considering target file `Makefile'.
   Trying pattern rule with stem `Makefile'.
   Trying implicit prerequisite `Makefile.S'.
  Trying pattern rule with stem `Makefile'.
      Avoiding implicit rule recursion.
   Trying pattern rule with stem `Makefile'.
      No implicit rule found for `../../../../configure'.
  Trying implicit prerequisite `Makefile.m'.
      Finished prerequisites of target file `../../../../configure'.
  Trying pattern rule with stem `Makefile'.
   Trying implicit prerequisite `Makefile.mod'.
     No need to remake target `../../../../configure'.
      Avoiding implicit rule recursion.
  Looking for an implicit rule for `Makefile'.
    Finished prerequisites of target file `../../../../config.status'.
  Trying pattern rule with stem `Makefile'.
   Trying pattern rule with stem `Makefile.o'.
  Trying implicit prerequisite `Makefile.r'.
   Trying implicit prerequisite `Makefile.F'.
      Avoiding implicit rule recursion.
  Trying implicit prerequisite `Makefile.o'.
      Trying pattern rule with stem `genbki.pl.l'.
   Trying pattern rule with stem `Makefile'.
    Prerequisite `../../../../configure' is older than target `../../../../config.status'.
   Trying implicit prerequisite `Makefile.m'.
   No need to remake target `../../../../config.status'.
  Trying pattern rule with stem `Makefile'.
   Trying pattern rule with stem `Makefile'.
   Trying implicit prerequisite `Makefile.o,v'.
  Trying pattern rule with stem `Makefile'.
   Trying pattern rule with stem `Makefile.o'.
  Trying implicit prerequisite `Makefile.cc'.
   Trying implicit prerequisite `Makefile.r'.
  Trying implicit prerequisite `Makefile.s'.
   Trying pattern rule with stem `Makefile'.
      Trying implicit prerequisite `../../../src/backend/catalog/genbki.pl.l,v'.
   Trying implicit prerequisite `Makefile.s'.
  Finished prerequisites of target file `../../../../src/Makefile.global'.
  Trying pattern rule with stem `Makefile'.
  Trying pattern rule with stem `Makefile'.
  Trying implicit prerequisite `Makefile.C'.
   Trying pattern rule with stem `Makefile'.
   Trying implicit prerequisite `RCS/Makefile.o,v'.
  Prerequisite `../../../../src/Makefile.global.in' is older than target `../../../../src/Makefile.global'.
      Trying pattern rule with stem `genbki.pl.l'.
  Trying pattern rule with stem `Makefile'.
      Trying implicit prerequisite `../../../src/backend/catalog/RCS/genbki.pl.l,v'.
   Trying implicit prerequisite `Makefile.S'.
  Trying implicit prerequisite `Makefile.S'.
  Trying implicit prerequisite `Makefile.cpp'.
      Trying pattern rule with stem `genbki.pl.l'.
   Trying pattern rule with stem `Makefile.o'.
      Trying implicit prerequisite `../../../src/backend/catalog/RCS/genbki.pl.l'.
   Trying implicit prerequisite `RCS/Makefile.o'.
   Trying pattern rule with stem `Makefile'.
  Prerequisite `../../../../config.status' is older than target `../../../../src/Makefile.global'.
   Trying pattern rule with stem `Makefile.o'.
      Trying pattern rule with stem `genbki.pl.l'.
  Trying pattern rule with stem `Makefile'.
      Trying implicit prerequisite `../../../src/backend/catalog/s.genbki.pl.l'.
  Trying implicit prerequisite `Makefile.p'.
      Trying pattern rule with stem `genbki.pl.l'.
   Trying implicit prerequisite `s.Makefile.o'.
  Trying pattern rule with stem `Makefile'.
      Trying implicit prerequisite `../../../src/backend/catalog/SCCS/s.genbki.pl.l'.
   Trying pattern rule with stem `Makefile.o'.
 No need to remake target `../../../../src/Makefile.global'.
   Trying implicit prerequisite `Makefile.mod'.
  Trying implicit prerequisite `Makefile.f'.
     Trying pattern rule with stem `genbki.pl'.
   Trying implicit prerequisite `SCCS/s.Makefile.o'.
 Considering target file `Makefile'.
   Trying pattern rule with stem `Makefile.o'.
  Trying pattern rule with stem `Makefile'.
   Trying implicit prerequisite `Makefile.o,v'.
     Trying implicit prerequisite `../../../src/backend/catalog/genbki.pl.y'.
  Trying pattern rule with stem `Makefile'.
  Looking for an implicit rule for `Makefile'.
  Trying implicit prerequisite `Makefile.mod'.
  Trying implicit prerequisite `Makefile.F'.
   Trying pattern rule with stem `Makefile.o'.
  Trying pattern rule with stem `Makefile'.
   Trying implicit prerequisite `RCS/Makefile.o,v'.
  Trying implicit prerequisite `Makefile.sh'.
  Trying pattern rule with stem `Makefile'.
   Trying pattern rule with stem `Makefile'.
     Looking for a rule with intermediate file `../../../src/backend/catalog/genbki.pl.y'.
   Trying pattern rule with stem `Makefile.o'.
  Trying pattern rule with stem `Makefile'.
  Trying implicit prerequisite `Makefile.o'.
      Avoiding implicit rule recursion.
   Trying implicit prerequisite `Makefile.c'.
  Trying pattern rule with stem `Makefile'.
   Trying implicit prerequisite `RCS/Makefile.o'.
  Trying pattern rule with stem `Makefile'.
   Trying pattern rule with stem `Makefile.o'.
  Trying implicit prerequisite `Makefile.m'.
   Trying implicit prerequisite `s.Makefile.o'.
  Trying implicit prerequisite `Makefile.cc'.
   Trying pattern rule with stem `Makefile.o'.
      Avoiding implicit rule recursion.
  Trying implicit prerequisite `Makefile,v'.
      Avoiding implicit rule recursion.
   Trying implicit prerequisite `SCCS/s.Makefile.o'.
      Trying pattern rule with stem `genbki.pl.y'.
   Trying pattern rule with stem `Makefile'.
      Trying implicit prerequisite `../../../src/backend/catalog/genbki.pl.y,v'.
   Trying implicit prerequisite `Makefile.c'.
   Looking for a rule with intermediate file `Makefile.c'.
    Avoiding implicit rule recursion.
  Trying pattern rule with stem `Makefile'.
      Trying pattern rule with stem `genbki.pl.y'.
  Trying pattern rule with stem `Makefile'.
      Trying implicit prerequisite `../../../src/backend/catalog/RCS/genbki.pl.y,v'.
  Trying implicit prerequisite `RCS/Makefile,v'.
  Trying implicit prerequisite `Makefile.C'.
    Avoiding implicit rule recursion.
  Trying pattern rule with stem `Makefile'.
  Trying pattern rule with stem `Makefile'.
  Trying pattern rule with stem `Makefile'.
      Trying pattern rule with stem `genbki.pl.y'.
    Trying pattern rule with stem `Makefile'.
  Trying implicit prerequisite `RCS/Makefile'.
   Looking for a rule with intermediate file `Makefile.c'.
      Trying implicit prerequisite `../../../src/backend/catalog/RCS/genbki.pl.y'.
  Trying implicit prerequisite `Makefile.cpp'.
    Avoiding implicit rule recursion.
  Trying pattern rule with stem `Makefile'.
    Trying implicit prerequisite `Makefile.l'.
      Trying pattern rule with stem `genbki.pl.y'.
  Trying pattern rule with stem `Makefile'.
      Trying implicit prerequisite `../../../src/backend/catalog/s.genbki.pl.y'.
  Trying implicit prerequisite `Makefile.p'.
  Trying implicit prerequisite `Makefile.r'.
  Trying pattern rule with stem `Makefile'.
      Trying pattern rule with stem `genbki.pl.y'.
  Trying implicit prerequisite `s.Makefile'.
  Trying pattern rule with stem `Makefile'.
    Trying pattern rule with stem `Makefile'.
  Trying implicit prerequisite `Makefile.f'.
    Trying implicit prerequisite `Makefile.y'.
      Trying implicit prerequisite `../../../src/backend/catalog/SCCS/s.genbki.pl.y'.
  Trying pattern rule with stem `Makefile'.
     Trying pattern rule with stem `genbki.pl'.
    Avoiding implicit rule recursion.
  Trying implicit prerequisite `Makefile.s'.
    Trying pattern rule with stem `Makefile'.
  Trying pattern rule with stem `Makefile'.
  Trying implicit prerequisite `SCCS/s.Makefile'.
  Trying pattern rule with stem `Makefile'.
     Trying implicit prerequisite `../../../src/backend/catalog/genbki.pl.w'.
  Trying implicit prerequisite `Makefile.S'.
     Looking for a rule with intermediate file `../../../src/backend/catalog/genbki.pl.w'.
  Trying pattern rule with stem `Makefile'.
  Trying implicit prerequisite `Makefile.F'.
    Trying pattern rule with stem `Makefile'.
      Avoiding implicit rule recursion.
    Trying implicit prerequisite `Makefile.w'.
    Trying implicit prerequisite `Makefile.l'.
  Trying pattern rule with stem `Makefile'.
  Trying pattern rule with stem `Makefile'.
    Trying pattern rule with stem `Makefile'.
  Trying implicit prerequisite `Makefile.o'.
  Trying implicit prerequisite `Makefile.m'.
  Looking for a rule with intermediate file `Makefile.o'.
    Trying implicit prerequisite `Makefile.y'.
  Trying pattern rule with stem `Makefile'.
   Avoiding implicit rule recursion.
    Trying pattern rule with stem `Makefile'.
      Avoiding implicit rule recursion.
    Trying implicit prerequisite `Makefile.w'.
      Avoiding implicit rule recursion.
   Trying pattern rule with stem `Makefile'.
    Trying pattern rule with stem `Makefile'.
   Trying implicit prerequisite `Makefile.c'.
  Trying implicit prerequisite `Makefile.r'.
    Trying pattern rule with stem `Makefile.c'.
    Trying implicit prerequisite `Makefile.w'.
    Trying implicit prerequisite `Makefile.c,v'.
      Trying pattern rule with stem `genbki.pl.w'.
  Trying implicit prerequisite `Makefile.mod'.
      Trying implicit prerequisite `../../../src/backend/catalog/genbki.pl.w,v'.
  Trying pattern rule with stem `Makefile'.
  Trying pattern rule with stem `Makefile'.
   Trying pattern rule with stem `Makefile'.
    Trying pattern rule with stem `Makefile.c'.
   Trying implicit prerequisite `Makefile.cc'.
  Trying implicit prerequisite `Makefile.s'.
    Trying pattern rule with stem `Makefile'.
  Trying pattern rule with stem `Makefile'.
  Trying implicit prerequisite `Makefile.sh'.
  Trying implicit prerequisite `Makefile.S'.
    Trying implicit prerequisite `Makefile.w'.
    Trying implicit prerequisite `RCS/Makefile.c,v'.
  Trying pattern rule with stem `Makefile'.
   Trying pattern rule with stem `Makefile'.
  Trying implicit prerequisite `Makefile,v'.
    Trying pattern rule with stem `Makefile.c'.
  Trying pattern rule with stem `Makefile'.
    Trying implicit prerequisite `RCS/Makefile.c'.
    Trying pattern rule with stem `Makefile.c'.
  Trying pattern rule with stem `Makefile'.
      Trying pattern rule with stem `genbki.pl.w'.
    Trying pattern rule with stem `Makefile.c'.
      Trying implicit prerequisite `../../../src/backend/catalog/RCS/genbki.pl.w,v'.
    Trying implicit prerequisite `s.Makefile.c'.
   Trying implicit prerequisite `Makefile.C'.
      Trying pattern rule with stem `genbki.pl.w'.
    Trying implicit prerequisite `Makefile.c,v'.
  Trying implicit prerequisite `Makefile.mod'.
    Trying pattern rule with stem `Makefile.c'.
   Trying pattern rule with stem `Makefile'.
    Trying implicit prerequisite `SCCS/s.Makefile.c'.
    Trying pattern rule with stem `Makefile.c'.
      Trying implicit prerequisite `../../../src/backend/catalog/RCS/genbki.pl.w'.
  Trying pattern rule with stem `Makefile'.
  Trying implicit prerequisite `RCS/Makefile,v'.
      Trying pattern rule with stem `genbki.pl.w'.
    Trying implicit prerequisite `RCS/Makefile.c,v'.
   Trying implicit prerequisite `Makefile.cpp'.
      Trying implicit prerequisite `../../../src/backend/catalog/s.genbki.pl.w'.
  Trying implicit prerequisite `Makefile.sh'.
    Trying pattern rule with stem `Makefile.c'.
  Trying pattern rule with stem `Makefile'.
  Trying pattern rule with stem `Makefile'.
    Trying implicit prerequisite `RCS/Makefile.c'.
   Trying pattern rule with stem `Makefile'.
      Trying pattern rule with stem `genbki.pl.w'.
   Trying implicit prerequisite `Makefile.p'.
  Trying implicit prerequisite `Makefile,v'.
  Trying implicit prerequisite `RCS/Makefile'.
   Trying pattern rule with stem `Makefile'.
    Trying pattern rule with stem `Makefile'.
      Trying implicit prerequisite `../../../src/backend/catalog/SCCS/s.genbki.pl.w'.
    Trying pattern rule with stem `Makefile.c'.
     Trying pattern rule with stem `genbki.pl'.
    Trying implicit prerequisite `Makefile.l'.
     Rejecting impossible implicit prerequisite `../../../src/backend/catalog/genbki.pl.w'.
  Trying pattern rule with stem `Makefile'.
  Trying pattern rule with stem `Makefile'.
  Trying implicit prerequisite `RCS/Makefile,v'.
    Looking for a rule with intermediate file `Makefile.l'.
    Trying implicit prerequisite `s.Makefile.c'.
  Trying implicit prerequisite `s.Makefile'.
    Trying pattern rule with stem `Makefile.c'.
   Trying implicit prerequisite `Makefile.f'.
  Trying pattern rule with stem `Makefile'.
     Avoiding implicit rule recursion.
  Trying pattern rule with stem `Makefile'.
    Trying pattern rule with stem `genbki.pl'.
  Trying implicit prerequisite `RCS/Makefile'.
  Trying pattern rule with stem `Makefile'.
    Trying implicit prerequisite `SCCS/s.Makefile.c'.
     Avoiding implicit rule recursion.
   Trying pattern rule with stem `Makefile'.
  Trying implicit prerequisite `s.Makefile'.
     Avoiding implicit rule recursion.
    Trying pattern rule with stem `Makefile'.
     Trying pattern rule with stem `Makefile.l'.
    Trying implicit prerequisite `Makefile.l'.
  Trying implicit prerequisite `SCCS/s.Makefile'.
  Trying pattern rule with stem `Makefile'.
  Trying pattern rule with stem `Makefile'.
    Trying implicit prerequisite `../../../src/backend/catalog/genbki.pl.cc'.
     Trying implicit prerequisite `Makefile.l,v'.
  Trying implicit prerequisite `SCCS/s.Makefile'.
     Trying pattern rule with stem `Makefile.l'.
   Trying implicit prerequisite `Makefile.F'.
  Trying implicit prerequisite `Makefile.o'.
  Trying pattern rule with stem `Makefile'.
    Looking for a rule with intermediate file `Makefile.l'.
   Trying pattern rule with stem `Makefile'.
  Looking for a rule with intermediate file `Makefile.o'.
  Trying implicit prerequisite `Makefile.o'.
    Looking for a rule with intermediate file `../../../src/backend/catalog/genbki.pl.cc'.
   Trying implicit prerequisite `Makefile.m'.
  Looking for a rule with intermediate file `Makefile.o'.
   Avoiding implicit rule recursion.
     Trying implicit prerequisite `RCS/Makefile.l,v'.
     Avoiding implicit rule recursion.
   Trying pattern rule with stem `Makefile'.
   Avoiding implicit rule recursion.
   Trying implicit prerequisite `Makefile.r'.
   Trying pattern rule with stem `Makefile'.
   Trying pattern rule with stem `Makefile'.
   Trying implicit prerequisite `Makefile.s'.
     Trying pattern rule with stem `Makefile.l'.
     Avoiding implicit rule recursion.
   Trying pattern rule with stem `Makefile'.
     Trying pattern rule with stem `genbki.pl.cc'.
     Trying implicit prerequisite `RCS/Makefile.l'.
   Trying pattern rule with stem `Makefile'.
     Trying pattern rule with stem `Makefile.l'.
   Trying implicit prerequisite `Makefile.c'.
   Trying implicit prerequisite `Makefile.S'.
   Trying implicit prerequisite `Makefile.c'.
     Trying implicit prerequisite `../../../src/backend/catalog/genbki.pl.cc,v'.
   Trying pattern rule with stem `Makefile'.
   Trying pattern rule with stem `Makefile'.
   Trying implicit prerequisite `Makefile.cc'.
   Trying pattern rule with stem `Makefile'.
     Avoiding implicit rule recursion.
     Trying implicit prerequisite `s.Makefile.l'.
   Trying pattern rule with stem `Makefile'.
     Avoiding implicit rule recursion.
     Trying pattern rule with stem `Makefile.l'.
     Avoiding implicit rule recursion.
     Trying implicit prerequisite `SCCS/s.Makefile.l'.
   Trying implicit prerequisite `Makefile.cc'.
    Trying pattern rule with stem `Makefile'.
   Trying implicit prerequisite `Makefile.C'.
   Trying implicit prerequisite `Makefile.mod'.
   Trying pattern rule with stem `Makefile'.
    Trying implicit prerequisite `Makefile.y'.
   Trying pattern rule with stem `Makefile.o'.
     Trying pattern rule with stem `genbki.pl.cc'.
    Looking for a rule with intermediate file `Makefile.y'.
     Trying pattern rule with stem `Makefile.l'.
   Trying implicit prerequisite `Makefile.o,v'.
   Trying pattern rule with stem `Makefile'.
   Trying pattern rule with stem `Makefile.o'.
     Avoiding implicit rule recursion.
     Trying implicit prerequisite `Makefile.l,v'.
     Avoiding implicit rule recursion.
     Trying pattern rule with stem `Makefile.l'.
     Avoiding implicit rule recursion.
   Trying implicit prerequisite `Makefile.cpp'.
   Trying implicit prerequisite `Makefile.C'.
     Trying implicit prerequisite `RCS/Makefile.l,v'.
     Trying pattern rule with stem `Makefile.y'.
     Trying pattern rule with stem `Makefile.l'.
     Trying implicit prerequisite `../../../src/backend/catalog/RCS/genbki.pl.cc,v'.
   Trying implicit prerequisite `RCS/Makefile.o,v'.
   Trying pattern rule with stem `Makefile'.
   Trying pattern rule with stem `Makefile'.
   Trying implicit prerequisite `Makefile.cpp'.
   Trying pattern rule with stem `Makefile.o'.
     Trying pattern rule with stem `genbki.pl.cc'.
   Trying implicit prerequisite `RCS/Makefile.o'.
     Trying implicit prerequisite `Makefile.y,v'.
   Trying pattern rule with stem `Makefile'.
   Trying pattern rule with stem `Makefile.o'.
     Trying implicit prerequisite `../../../src/backend/catalog/RCS/genbki.pl.cc'.
   Trying implicit prerequisite `s.Makefile.o'.
     Trying pattern rule with stem `genbki.pl.cc'.
   Trying implicit prerequisite `Makefile.p'.
     Trying pattern rule with stem `Makefile.y'.
     Trying implicit prerequisite `RCS/Makefile.l'.
   Trying pattern rule with stem `Makefile'.
   Trying implicit prerequisite `Makefile.p'.
   Trying pattern rule with stem `Makefile.o'.
     Trying implicit prerequisite `RCS/Makefile.y,v'.
   Trying implicit prerequisite `Makefile.f'.
     Trying implicit prerequisite `../../../src/backend/catalog/s.genbki.pl.cc'.
   Trying implicit prerequisite `SCCS/s.Makefile.o'.
     Trying pattern rule with stem `Makefile.y'.
     Trying pattern rule with stem `Makefile.l'.
     Trying implicit prerequisite `RCS/Makefile.y'.
   Trying pattern rule with stem `Makefile'.
   Trying pattern rule with stem `Makefile'.
     Trying pattern rule with stem `genbki.pl.cc'.
     Trying pattern rule with stem `Makefile.y'.
     Trying implicit prerequisite `../../../src/backend/catalog/SCCS/s.genbki.pl.cc'.
   Trying implicit prerequisite `Makefile.c'.
    Trying pattern rule with stem `genbki.pl'.
   Looking for a rule with intermediate file `Makefile.c'.
   Trying implicit prerequisite `Makefile.F'.
     Trying implicit prerequisite `s.Makefile.y'.
     Trying implicit prerequisite `s.Makefile.l'.
   Trying pattern rule with stem `Makefile'.
    Avoiding implicit rule recursion.
   Trying pattern rule with stem `Makefile'.
    Avoiding implicit rule recursion.
   Trying implicit prerequisite `Makefile.m'.
     Trying pattern rule with stem `Makefile.y'.
    Trying implicit prerequisite `../../../src/backend/catalog/genbki.pl.C'.
     Trying implicit prerequisite `SCCS/s.Makefile.y'.
     Trying pattern rule with stem `Makefile.l'.
    Trying pattern rule with stem `Makefile'.
   Trying implicit prerequisite `Makefile.f'.
    Trying implicit prerequisite `Makefile.l'.
    Trying pattern rule with stem `Makefile'.
    Looking for a rule with intermediate file `../../../src/backend/catalog/genbki.pl.C'.
   Trying pattern rule with stem `Makefile'.
     Avoiding implicit rule recursion.
    Trying pattern rule with stem `Makefile'.
    Trying implicit prerequisite `Makefile.w'.
   Trying implicit prerequisite `Makefile.r'.
    Looking for a rule with intermediate file `Makefile.w'.
     Avoiding implicit rule recursion.
   Trying pattern rule with stem `Makefile'.
     Trying implicit prerequisite `SCCS/s.Makefile.l'.
     Avoiding implicit rule recursion.
    Trying pattern rule with stem `Makefile'.
    Trying implicit prerequisite `Makefile.y'.
     Avoiding implicit rule recursion.
     Trying pattern rule with stem `genbki.pl.C'.
   Trying implicit prerequisite `Makefile.s'.
    Trying implicit prerequisite `Makefile.y'.
     Trying implicit prerequisite `../../../src/backend/catalog/genbki.pl.C,v'.
     Avoiding implicit rule recursion.
    Looking for a rule with intermediate file `Makefile.y'.
     Trying pattern rule with stem `Makefile.w'.
    Trying pattern rule with stem `Makefile'.
     Trying implicit prerequisite `Makefile.w,v'.
     Avoiding implicit rule recursion.
   Trying pattern rule with stem `Makefile'.
    Trying implicit prerequisite `Makefile.w'.
   Trying implicit prerequisite `Makefile.F'.
    Trying pattern rule with stem `Makefile'.
   Trying pattern rule with stem `Makefile'.
     Avoiding implicit rule recursion.
     Trying pattern rule with stem `Makefile.w'.
   Trying implicit prerequisite `Makefile.S'.
     Trying implicit prerequisite `RCS/Makefile.w,v'.
   Trying pattern rule with stem `Makefile'.
     Trying pattern rule with stem `Makefile.w'.
     Avoiding implicit rule recursion.
     Trying pattern rule with stem `genbki.pl.C'.
   Trying pattern rule with stem `Makefile'.
     Trying implicit prerequisite `../../../src/backend/catalog/RCS/genbki.pl.C,v'.
    Trying implicit prerequisite `Makefile.w'.
   Trying implicit prerequisite `Makefile.mod'.
   Trying implicit prerequisite `Makefile.m'.
     Trying pattern rule with stem `Makefile.y'.
     Trying implicit prerequisite `RCS/Makefile.w'.
    Trying pattern rule with stem `Makefile.c'.
     Trying pattern rule with stem `Makefile.w'.
     Trying pattern rule with stem `genbki.pl.C'.
    Trying implicit prerequisite `Makefile.c,v'.
     Trying implicit prerequisite `Makefile.y,v'.
     Trying implicit prerequisite `s.Makefile.w'.
   Trying pattern rule with stem `Makefile.o'.
     Trying implicit prerequisite `../../../src/backend/catalog/RCS/genbki.pl.C'.
     Trying pattern rule with stem `Makefile.y'.
   Trying implicit prerequisite `Makefile.o,v'.
     Trying implicit prerequisite `RCS/Makefile.y,v'.
     Trying pattern rule with stem `genbki.pl.C'.
     Trying pattern rule with stem `Makefile.w'.
    Trying pattern rule with stem `Makefile.c'.
     Trying implicit prerequisite `SCCS/s.Makefile.w'.
     Trying implicit prerequisite `../../../src/backend/catalog/s.genbki.pl.C'.
     Trying pattern rule with stem `Makefile.y'.
   Trying pattern rule with stem `Makefile'.
     Trying implicit prerequisite `RCS/Makefile.y'.
    Trying implicit prerequisite `RCS/Makefile.c,v'.
    Trying pattern rule with stem `Makefile'.
   Trying pattern rule with stem `Makefile.o'.
     Trying pattern rule with stem `Makefile.y'.
   Trying implicit prerequisite `RCS/Makefile.o,v'.
     Trying pattern rule with stem `genbki.pl.C'.
   Trying pattern rule with stem `Makefile.o'.
     Trying implicit prerequisite `s.Makefile.y'.
   Trying implicit prerequisite `RCS/Makefile.o'.
    Trying pattern rule with stem `Makefile.c'.
   Trying implicit prerequisite `Makefile.r'.
     Trying implicit prerequisite `../../../src/backend/catalog/SCCS/s.genbki.pl.C'.
     Trying pattern rule with stem `Makefile.y'.
   Trying pattern rule with stem `Makefile'.
    Trying implicit prerequisite `RCS/Makefile.c'.
   Trying implicit prerequisite `Makefile.s'.
    Trying pattern rule with stem `Makefile.c'.
   Trying pattern rule with stem `Makefile.o'.
    Rejecting impossible implicit prerequisite `Makefile.w'.
   Trying implicit prerequisite `s.Makefile.o'.
    Trying implicit prerequisite `s.Makefile.c'.
    Trying pattern rule with stem `genbki.pl'.
     Trying implicit prerequisite `SCCS/s.Makefile.y'.
   Trying pattern rule with stem `Makefile.o'.
    Trying pattern rule with stem `Makefile'.
    Trying pattern rule with stem `Makefile.c'.
    Trying implicit prerequisite `../../../src/backend/catalog/genbki.pl.cpp'.
   Trying pattern rule with stem `Makefile'.
   Trying pattern rule with stem `Makefile'.
   Trying implicit prerequisite `Makefile.cc'.
   Trying implicit prerequisite `SCCS/s.Makefile.o'.
    Trying implicit prerequisite `SCCS/s.Makefile.c'.
    Looking for a rule with intermediate file `../../../src/backend/catalog/genbki.pl.cpp'.
   Trying implicit prerequisite `Makefile.S'.
    Trying implicit prerequisite `Makefile.w'.
   Looking for a rule with intermediate file `Makefile.cc'.
   Trying pattern rule with stem `Makefile'.
    Trying pattern rule with stem `Makefile'.
   Trying implicit prerequisite `Makefile.c'.
   Trying pattern rule with stem `Makefile'.
   Looking for a rule with intermediate file `Makefile.c'.
     Avoiding implicit rule recursion.
    Looking for a rule with intermediate file `Makefile.w'.
    Trying implicit prerequisite `Makefile.l'.
   Trying implicit prerequisite `Makefile.mod'.
    Avoiding implicit rule recursion.
     Avoiding implicit rule recursion.
     Avoiding implicit rule recursion.
    Avoiding implicit rule recursion.
    Looking for a rule with intermediate file `Makefile.l'.
   Trying pattern rule with stem `Makefile.o'.
     Trying pattern rule with stem `genbki.pl.cpp'.
   Trying implicit prerequisite `Makefile.o,v'.
     Avoiding implicit rule recursion.
    Trying pattern rule with stem `Makefile.cc'.
    Avoiding implicit rule recursion.
   Trying pattern rule with stem `Makefile.o'.
    Avoiding implicit rule recursion.
     Avoiding implicit rule recursion.
     Trying implicit prerequisite `../../../src/backend/catalog/genbki.pl.cpp,v'.
     Trying pattern rule with stem `Makefile.w'.
    Trying pattern rule with stem `Makefile'.
   Trying implicit prerequisite `RCS/Makefile.o,v'.
     Trying pattern rule with stem `genbki.pl.cpp'.
     Trying implicit prerequisite `Makefile.w,v'.
     Trying implicit prerequisite `../../../src/backend/catalog/RCS/genbki.pl.cpp,v'.
    Trying implicit prerequisite `Makefile.cc,v'.
     Trying pattern rule with stem `Makefile.w'.
    Trying pattern rule with stem `Makefile.cc'.
     Trying implicit prerequisite `RCS/Makefile.w,v'.
     Trying pattern rule with stem `genbki.pl.cpp'.
    Trying implicit prerequisite `Makefile.l'.
    Trying implicit prerequisite `RCS/Makefile.cc,v'.
     Trying implicit prerequisite `../../../src/backend/catalog/RCS/genbki.pl.cpp'.
     Avoiding implicit rule recursion.
    Trying pattern rule with stem `Makefile.cc'.
     Avoiding implicit rule recursion.
    Trying implicit prerequisite `RCS/Makefile.cc'.
     Avoiding implicit rule recursion.
   Trying pattern rule with stem `Makefile.o'.
    Trying pattern rule with stem `Makefile'.
   Trying implicit prerequisite `RCS/Makefile.o'.
     Trying pattern rule with stem `Makefile.l'.
     Trying pattern rule with stem `Makefile.w'.
   Trying pattern rule with stem `Makefile.o'.
    Trying implicit prerequisite `Makefile.y'.
     Trying pattern rule with stem `genbki.pl.cpp'.
    Trying pattern rule with stem `Makefile'.
     Trying implicit prerequisite `../../../src/backend/catalog/s.genbki.pl.cpp'.
    Trying pattern rule with stem `Makefile.cc'.
     Trying implicit prerequisite `Makefile.l,v'.
     Trying implicit prerequisite `RCS/Makefile.w'.
   Trying implicit prerequisite `s.Makefile.o'.
    Trying implicit prerequisite `s.Makefile.cc'.
    Trying implicit prerequisite `Makefile.w'.
     Trying pattern rule with stem `genbki.pl.cpp'.
     Trying pattern rule with stem `Makefile.l'.
     Trying implicit prerequisite `../../../src/backend/catalog/SCCS/s.genbki.pl.cpp'.
     Trying implicit prerequisite `RCS/Makefile.l,v'.
   Trying pattern rule with stem `Makefile.o'.
     Trying pattern rule with stem `Makefile.w'.
    Trying pattern rule with stem `Makefile.cc'.
    Trying implicit prerequisite `SCCS/s.Makefile.cc'.
   Trying pattern rule with stem `Makefile'.
   Trying implicit prerequisite `Makefile.C'.
   Looking for a rule with intermediate file `Makefile.C'.
    Avoiding implicit rule recursion.
    Avoiding implicit rule recursion.
    Trying pattern rule with stem `Makefile.C'.
    Trying implicit prerequisite `Makefile.C,v'.
    Trying pattern rule with stem `Makefile.C'.
    Trying implicit prerequisite `RCS/Makefile.C,v'.
    Trying pattern rule with stem `Makefile.C'.
    Trying implicit prerequisite `RCS/Makefile.C'.
    Trying pattern rule with stem `Makefile.C'.
    Trying implicit prerequisite `s.Makefile.C'.
    Trying pattern rule with stem `Makefile.C'.
    Trying implicit prerequisite `SCCS/s.Makefile.C'.
   Trying pattern rule with stem `Makefile'.
     Trying implicit prerequisite `s.Makefile.w'.
    Trying pattern rule with stem `Makefile'.
   Trying implicit prerequisite `SCCS/s.Makefile.o'.
     Trying pattern rule with stem `Makefile.l'.
   Trying implicit prerequisite `Makefile.cpp'.
     Trying implicit prerequisite `RCS/Makefile.l'.
    Trying implicit prerequisite `Makefile.w'.
   Trying pattern rule with stem `Makefile'.
    Trying pattern rule with stem `genbki.pl'.
     Trying pattern rule with stem `Makefile.w'.
   Looking for a rule with intermediate file `Makefile.cpp'.
     Trying pattern rule with stem `Makefile.l'.
   Trying implicit prerequisite `Makefile.c'.
    Trying implicit prerequisite `../../../src/backend/catalog/genbki.pl.p'.
    Avoiding implicit rule recursion.
    Trying pattern rule with stem `Makefile.c'.
     Trying implicit prerequisite `s.Makefile.l'.
   Looking for a rule with intermediate file `Makefile.c'.
    Trying implicit prerequisite `Makefile.c,v'.
    Avoiding implicit rule recursion.
    Looking for a rule with intermediate file `../../../src/backend/catalog/genbki.pl.p'.
    Avoiding implicit rule recursion.
     Trying implicit prerequisite `SCCS/s.Makefile.w'.
     Trying pattern rule with stem `Makefile.l'.
    Avoiding implicit rule recursion.
    Trying pattern rule with stem `Makefile'.
    Trying pattern rule with stem `Makefile.c'.
     Avoiding implicit rule recursion.
    Trying pattern rule with stem `Makefile'.
     Avoiding implicit rule recursion.
    Trying pattern rule with stem `Makefile.cpp'.
     Trying pattern rule with stem `genbki.pl'.
     Trying implicit prerequisite `SCCS/s.Makefile.l'.
    Rejecting impossible implicit prerequisite `Makefile.w'.
    Trying pattern rule with stem `Makefile'.
   Trying pattern rule with stem `Makefile'.
     Trying implicit prerequisite `../../../src/backend/catalog/genbki.pl.web'.
    Trying implicit prerequisite `Makefile.y'.
    Trying implicit prerequisite `RCS/Makefile.c,v'.
    Trying implicit prerequisite `Makefile.cpp,v'.
    Trying pattern rule with stem `Makefile.c'.
     Trying pattern rule with stem `genbki.pl.p'.
    Trying pattern rule with stem `Makefile.cpp'.
   Trying implicit prerequisite `Makefile.cc'.
    Trying implicit prerequisite `Makefile.l'.
     Trying implicit prerequisite `../../../src/backend/catalog/genbki.pl.p,v'.
   Looking for a rule with intermediate file `Makefile.cc'.
    Trying implicit prerequisite `RCS/Makefile.c'.
    Trying pattern rule with stem `Makefile'.
    Trying pattern rule with stem `Makefile.c'.
    Looking for a rule with intermediate file `Makefile.y'.
     Trying pattern rule with stem `genbki.pl.p'.
    Trying implicit prerequisite `s.Makefile.c'.
    Trying implicit prerequisite `RCS/Makefile.cpp,v'.
     Trying implicit prerequisite `../../../src/backend/catalog/RCS/genbki.pl.p,v'.
    Avoiding implicit rule recursion.
     Trying pattern rule with stem `genbki.pl.p'.
    Avoiding implicit rule recursion.
     Trying implicit prerequisite `../../../src/backend/catalog/RCS/genbki.pl.p'.
    Trying pattern rule with stem `Makefile.cc'.
    Trying pattern rule with stem `Makefile.cpp'.
    Trying implicit prerequisite `Makefile.y'.
    Trying implicit prerequisite `RCS/Makefile.cpp'.
    Trying pattern rule with stem `Makefile.c'.
    Trying pattern rule with stem `Makefile'.
    Trying implicit prerequisite `Makefile.cc,v'.
     Avoiding implicit rule recursion.
    Trying pattern rule with stem `Makefile.cpp'.
    Trying implicit prerequisite `SCCS/s.Makefile.c'.
    Trying implicit prerequisite `s.Makefile.cpp'.
    Trying pattern rule with stem `Makefile'.
    Trying pattern rule with stem `Makefile.cpp'.
     Trying pattern rule with stem `genbki.pl.p'.
    Trying implicit prerequisite `SCCS/s.Makefile.cpp'.
    Trying implicit prerequisite `Makefile.w'.
    Trying implicit prerequisite `Makefile.l'.
    Trying pattern rule with stem `Makefile.cc'.
   Trying pattern rule with stem `Makefile'.
    Trying implicit prerequisite `RCS/Makefile.cc,v'.
   Trying implicit prerequisite `Makefile.p'.
    Trying pattern rule with stem `Makefile.cc'.
    Looking for a rule with intermediate file `Makefile.l'.
   Looking for a rule with intermediate file `Makefile.p'.
    Trying pattern rule with stem `Makefile'.
     Avoiding implicit rule recursion.
    Avoiding implicit rule recursion.
    Trying implicit prerequisite `Makefile.w'.
     Trying implicit prerequisite `../../../src/backend/catalog/s.genbki.pl.p'.
    Trying pattern rule with stem `Makefile.c'.
     Trying pattern rule with stem `genbki.pl.p'.
    Trying implicit prerequisite `RCS/Makefile.cc'.
    Trying implicit prerequisite `Makefile.c,v'.
     Avoiding implicit rule recursion.
     Trying implicit prerequisite `../../../src/backend/catalog/SCCS/s.genbki.pl.p'.
    Avoiding implicit rule recursion.
    Trying pattern rule with stem `Makefile.cc'.
     Trying pattern rule with stem `Makefile.y'.
    Trying implicit prerequisite `s.Makefile.cc'.
     Avoiding implicit rule recursion.
     Trying pattern rule with stem `genbki.pl'.
    Trying pattern rule with stem `Makefile.c'.
     Trying implicit prerequisite `Makefile.y,v'.
    Trying pattern rule with stem `Makefile.cc'.
    Trying implicit prerequisite `RCS/Makefile.c,v'.
     Trying pattern rule with stem `Makefile.y'.
     Trying implicit prerequisite `../../../src/backend/catalog/genbki.pl.web'.
     Trying implicit prerequisite `RCS/Makefile.y,v'.
    Trying implicit prerequisite `SCCS/s.Makefile.cc'.
     Trying pattern rule with stem `Makefile.y'.
     Avoiding implicit rule recursion.
   Trying pattern rule with stem `Makefile'.
    Trying pattern rule with stem `Makefile'.
     Trying implicit prerequisite `RCS/Makefile.y'.
    Trying implicit prerequisite `Makefile.web'.
     Avoiding implicit rule recursion.
     Trying pattern rule with stem `Makefile.y'.
    Trying pattern rule with stem `Makefile.c'.
    Trying pattern rule with stem `Makefile.p'.
     Trying pattern rule with stem `Makefile.l'.
     Trying implicit prerequisite `s.Makefile.y'.
    Trying implicit prerequisite `RCS/Makefile.c'.
     Looking for a rule with intermediate file `../../../src/backend/catalog/genbki.pl.web'.
     Trying pattern rule with stem `Makefile.y'.
     Trying implicit prerequisite `Makefile.l,v'.
   Trying implicit prerequisite `Makefile.C'.
      Avoiding implicit rule recursion.
     Trying implicit prerequisite `SCCS/s.Makefile.y'.
    Trying pattern rule with stem `Makefile.c'.
    Trying implicit prerequisite `Makefile.p,v'.
      Avoiding implicit rule recursion.
    Trying implicit prerequisite `s.Makefile.c'.
     Trying pattern rule with stem `Makefile.l'.
   Looking for a rule with intermediate file `Makefile.C'.
     Trying implicit prerequisite `RCS/Makefile.l,v'.
    Trying pattern rule with stem `Makefile.p'.
    Trying pattern rule with stem `Makefile.c'.
    Avoiding implicit rule recursion.
    Trying implicit prerequisite `RCS/Makefile.p,v'.
    Trying pattern rule with stem `Makefile'.
    Trying pattern rule with stem `Makefile.p'.
      Avoiding implicit rule recursion.
    Trying implicit prerequisite `SCCS/s.Makefile.c'.
     Trying pattern rule with stem `Makefile.l'.
    Trying pattern rule with stem `Makefile'.
      Trying pattern rule with stem `genbki.pl.web'.
    Trying implicit prerequisite `RCS/Makefile.p'.
    Trying implicit prerequisite `Makefile.w'.
     Trying implicit prerequisite `RCS/Makefile.l'.
    Trying implicit prerequisite `Makefile.l'.
     Trying pattern rule with stem `Makefile.l'.
    Avoiding implicit rule recursion.
     Trying implicit prerequisite `s.Makefile.l'.
    Trying pattern rule with stem `Makefile.C'.
      Trying implicit prerequisite `../../../src/backend/catalog/genbki.pl.web,v'.
    Looking for a rule with intermediate file `Makefile.l'.
    Looking for a rule with intermediate file `Makefile.w'.
     Trying pattern rule with stem `Makefile.l'.
    Trying implicit prerequisite `Makefile.C,v'.
     Avoiding implicit rule recursion.
      Trying pattern rule with stem `genbki.pl.web'.
     Trying implicit prerequisite `SCCS/s.Makefile.l'.
      Trying implicit prerequisite `../../../src/backend/catalog/RCS/genbki.pl.web,v'.
     Avoiding implicit rule recursion.
    Trying pattern rule with stem `Makefile.p'.
    Trying pattern rule with stem `Makefile.C'.
    Trying pattern rule with stem `Makefile'.
    Trying implicit prerequisite `RCS/Makefile.C,v'.
     Avoiding implicit rule recursion.
     Avoiding implicit rule recursion.
    Trying implicit prerequisite `s.Makefile.p'.
    Trying pattern rule with stem `Makefile.C'.
     Avoiding implicit rule recursion.
    Trying implicit prerequisite `Makefile.y'.
    Trying implicit prerequisite `RCS/Makefile.C'.
     Trying pattern rule with stem `Makefile.w'.
    Trying pattern rule with stem `Makefile.p'.
      Trying pattern rule with stem `genbki.pl.web'.
    Looking for a rule with intermediate file `Makefile.y'.
    Trying pattern rule with stem `Makefile.C'.
     Trying implicit prerequisite `Makefile.w,v'.
     Avoiding implicit rule recursion.
    Trying implicit prerequisite `SCCS/s.Makefile.p'.
    Trying implicit prerequisite `s.Makefile.C'.
      Trying implicit prerequisite `../../../src/backend/catalog/RCS/genbki.pl.web'.
    Trying pattern rule with stem `Makefile'.
     Avoiding implicit rule recursion.
     Trying pattern rule with stem `Makefile.w'.
     Trying pattern rule with stem `Makefile.l'.
    Trying implicit prerequisite `Makefile.web'.
     Trying implicit prerequisite `Makefile.l,v'.
    Looking for a rule with intermediate file `Makefile.web'.
     Trying pattern rule with stem `Makefile.l'.
     Avoiding implicit rule recursion.
     Trying implicit prerequisite `RCS/Makefile.w,v'.
    Trying pattern rule with stem `Makefile.C'.
     Avoiding implicit rule recursion.
      Trying pattern rule with stem `genbki.pl.web'.
     Trying pattern rule with stem `Makefile.y'.
     Avoiding implicit rule recursion.
     Trying implicit prerequisite `Makefile.y,v'.
     Trying implicit prerequisite `RCS/Makefile.l,v'.
      Trying implicit prerequisite `../../../src/backend/catalog/s.genbki.pl.web'.
     Trying pattern rule with stem `Makefile.l'.
      Trying pattern rule with stem `genbki.pl.web'.
     Trying implicit prerequisite `RCS/Makefile.l'.
    Trying implicit prerequisite `SCCS/s.Makefile.C'.
   Trying pattern rule with stem `Makefile'.
   Trying implicit prerequisite `Makefile.cpp'.
     Avoiding implicit rule recursion.
     Trying pattern rule with stem `Makefile.y'.
   Looking for a rule with intermediate file `Makefile.cpp'.
     Trying implicit prerequisite `RCS/Makefile.y,v'.
     Trying pattern rule with stem `Makefile.w'.
     Trying pattern rule with stem `Makefile.l'.
     Trying implicit prerequisite `RCS/Makefile.w'.
     Avoiding implicit rule recursion.
      Trying implicit prerequisite `../../../src/backend/catalog/SCCS/s.genbki.pl.web'.
     Trying pattern rule with stem `Makefile.y'.
    Trying pattern rule with stem `genbki.pl'.
     Trying implicit prerequisite `s.Makefile.l'.
     Trying pattern rule with stem `Makefile.w'.
    Avoiding implicit rule recursion.
     Trying implicit prerequisite `s.Makefile.w'.
     Trying pattern rule with stem `Makefile.web'.
    Trying implicit prerequisite `../../../src/backend/catalog/genbki.pl.f'.
     Trying pattern rule with stem `Makefile.l'.
    Avoiding implicit rule recursion.
     Trying implicit prerequisite `Makefile.web,v'.
     Trying implicit prerequisite `SCCS/s.Makefile.l'.
     Trying implicit prerequisite `RCS/Makefile.y'.
    Trying pattern rule with stem `Makefile.cpp'.
    Trying pattern rule with stem `Makefile'.
    Trying implicit prerequisite `Makefile.cpp,v'.
    Looking for a rule with intermediate file `../../../src/backend/catalog/genbki.pl.f'.
     Trying pattern rule with stem `Makefile.web'.
     Trying pattern rule with stem `Makefile.w'.
    Trying implicit prerequisite `Makefile.y'.
     Trying pattern rule with stem `Makefile.y'.
    Trying pattern rule with stem `Makefile.cpp'.
     Trying implicit prerequisite `RCS/Makefile.web,v'.
     Trying implicit prerequisite `s.Makefile.y'.
     Avoiding implicit rule recursion.
     Trying pattern rule with stem `Makefile.y'.
     Trying pattern rule with stem `Makefile.web'.
    Looking for a rule with intermediate file `Makefile.y'.
    Trying implicit prerequisite `RCS/Makefile.cpp,v'.
     Trying implicit prerequisite `SCCS/s.Makefile.w'.
     Avoiding implicit rule recursion.
     Trying implicit prerequisite `SCCS/s.Makefile.y'.
     Avoiding implicit rule recursion.
     Trying implicit prerequisite `RCS/Makefile.web'.
    Trying pattern rule with stem `Makefile.cpp'.
     Trying pattern rule with stem `Makefile.web'.
    Trying implicit prerequisite `RCS/Makefile.cpp'.
    Trying pattern rule with stem `Makefile'.
    Trying pattern rule with stem `Makefile.cpp'.
     Avoiding implicit rule recursion.
    Trying pattern rule with stem `Makefile'.
     Trying pattern rule with stem `genbki.pl'.
     Trying implicit prerequisite `s.Makefile.web'.
    Trying implicit prerequisite `Makefile.w'.
    Trying implicit prerequisite `s.Makefile.cpp'.
     Trying implicit prerequisite `../../../src/backend/catalog/genbki.pl.F'.
    Looking for a rule with intermediate file `Makefile.w'.
     Trying pattern rule with stem `genbki.pl'.
     Avoiding implicit rule recursion.
     Avoiding implicit rule recursion.
     Trying pattern rule with stem `Makefile.web'.
     Avoiding implicit rule recursion.
     Trying implicit prerequisite `SCCS/s.Makefile.web'.
     Trying implicit prerequisite `../../../src/backend/catalog/genbki.pl.r'.
   Trying pattern rule with stem `Makefile'.
     Trying pattern rule with stem `Makefile.y'.
    Trying pattern rule with stem `Makefile.cpp'.
     Avoiding implicit rule recursion.
    Trying implicit prerequisite `SCCS/s.Makefile.cpp'.
     Trying pattern rule with stem `genbki.pl.f'.
     Trying pattern rule with stem `Makefile.w'.
     Trying implicit prerequisite `Makefile.y,v'.
   Trying implicit prerequisite `Makefile.f'.
    Rejecting impossible implicit prerequisite `Makefile.w'.
     Trying implicit prerequisite `../../../src/backend/catalog/genbki.pl.f,v'.
   Trying pattern rule with stem `Makefile'.
     Trying pattern rule with stem `Makefile.y'.
   Trying implicit prerequisite `Makefile.cc'.
     Trying implicit prerequisite `Makefile.w,v'.
     Trying implicit prerequisite `RCS/Makefile.y,v'.
     Trying pattern rule with stem `Makefile.w'.
     Trying pattern rule with stem `genbki.pl.f'.
     Trying pattern rule with stem `Makefile.y'.
   Looking for a rule with intermediate file `Makefile.cc'.
     Trying implicit prerequisite `RCS/Makefile.w,v'.
   Trying pattern rule with stem `Makefile'.
     Trying implicit prerequisite `../../../src/backend/catalog/RCS/genbki.pl.f,v'.
    Avoiding implicit rule recursion.
   Looking for a rule with intermediate file `Makefile.f'.
   Trying implicit prerequisite `Makefile.p'.
     Trying pattern rule with stem `genbki.pl.f'.
     Trying implicit prerequisite `RCS/Makefile.y'.
    Avoiding implicit rule recursion.
     Trying pattern rule with stem `Makefile.w'.
    Trying pattern rule with stem `Makefile.cc'.
    Avoiding implicit rule recursion.
    Trying implicit prerequisite `Makefile.cc,v'.
   Looking for a rule with intermediate file `Makefile.p'.
     Trying implicit prerequisite `RCS/Makefile.w'.
     Trying pattern rule with stem `Makefile.y'.
     Trying implicit prerequisite `../../../src/backend/catalog/RCS/genbki.pl.f'.
     Trying implicit prerequisite `s.Makefile.y'.
    Avoiding implicit rule recursion.
    Trying pattern rule with stem `Makefile.cc'.
    Trying pattern rule with stem `Makefile'.
     Trying pattern rule with stem `genbki.pl.f'.
     Trying pattern rule with stem `Makefile.w'.
    Avoiding implicit rule recursion.
     Trying implicit prerequisite `../../../src/backend/catalog/s.genbki.pl.f'.
     Trying pattern rule with stem `Makefile.y'.
     Trying implicit prerequisite `s.Makefile.w'.
     Trying implicit prerequisite `SCCS/s.Makefile.y'.
     Trying pattern rule with stem `Makefile.w'.
     Trying pattern rule with stem `genbki.pl.f'.
    Trying implicit prerequisite `Makefile.F'.
    Avoiding implicit rule recursion.
     Trying implicit prerequisite `../../../src/backend/catalog/SCCS/s.genbki.pl.f'.
    Trying pattern rule with stem `Makefile'.
     Trying pattern rule with stem `genbki.pl'.
    Trying implicit prerequisite `Makefile.r'.
    Trying implicit prerequisite `RCS/Makefile.cc,v'.
    Trying pattern rule with stem `Makefile'.
     Trying implicit prerequisite `../../../src/backend/catalog/genbki.pl.F'.
    Trying pattern rule with stem `Makefile'.
    Trying pattern rule with stem `Makefile.cc'.
     Looking for a rule with intermediate file `../../../src/backend/catalog/genbki.pl.F'.
    Trying implicit prerequisite `Makefile.w'.
    Trying implicit prerequisite `RCS/Makefile.cc'.
      Avoiding implicit rule recursion.
    Trying pattern rule with stem `Makefile.f'.
    Trying implicit prerequisite `Makefile.web'.
     Trying implicit prerequisite `SCCS/s.Makefile.w'.
    Trying pattern rule with stem `Makefile.cc'.
    Trying implicit prerequisite `Makefile.f,v'.
    Trying pattern rule with stem `Makefile.p'.
    Trying implicit prerequisite `s.Makefile.cc'.
    Trying pattern rule with stem `Makefile'.
    Looking for a rule with intermediate file `Makefile.w'.
    Trying pattern rule with stem `Makefile.cc'.
      Avoiding implicit rule recursion.
    Trying implicit prerequisite `Makefile.p,v'.
    Rejecting impossible implicit prerequisite `Makefile.w'.
    Trying pattern rule with stem `Makefile.p'.
      Avoiding implicit rule recursion.
   Trying pattern rule with stem `Makefile'.
     Avoiding implicit rule recursion.
    Trying pattern rule with stem `Makefile.f'.
   Trying implicit prerequisite `Makefile.cc'.
    Trying implicit prerequisite `SCCS/s.Makefile.cc'.
   Looking for a rule with intermediate file `Makefile.cc'.
     Avoiding implicit rule recursion.
      Trying pattern rule with stem `genbki.pl.F'.
     Avoiding implicit rule recursion.
      Trying implicit prerequisite `../../../src/backend/catalog/genbki.pl.F,v'.
    Trying implicit prerequisite `RCS/Makefile.f,v'.
   Trying pattern rule with stem `Makefile'.
      Trying pattern rule with stem `genbki.pl.F'.
     Trying pattern rule with stem `Makefile.w'.
   Trying implicit prerequisite `Makefile.C'.
     Trying implicit prerequisite `Makefile.w,v'.
      Trying implicit prerequisite `../../../src/backend/catalog/RCS/genbki.pl.F,v'.
   Looking for a rule with intermediate file `Makefile.C'.
    Trying pattern rule with stem `Makefile.f'.
      Trying pattern rule with stem `genbki.pl.F'.
    Avoiding implicit rule recursion.
    Avoiding implicit rule recursion.
    Avoiding implicit rule recursion.
    Trying implicit prerequisite `RCS/Makefile.p,v'.
    Avoiding implicit rule recursion.
    Trying pattern rule with stem `Makefile.C'.
     Trying pattern rule with stem `Makefile.w'.
    Trying implicit prerequisite `RCS/Makefile.f'.
     Trying implicit prerequisite `RCS/Makefile.w,v'.
    Trying pattern rule with stem `Makefile.cc'.
     Trying pattern rule with stem `Makefile.w'.
      Trying implicit prerequisite `../../../src/backend/catalog/RCS/genbki.pl.F'.
    Trying pattern rule with stem `Makefile.f'.
      Trying pattern rule with stem `genbki.pl.F'.
    Trying implicit prerequisite `s.Makefile.f'.
    Trying implicit prerequisite `Makefile.cc,v'.
    Trying implicit prerequisite `Makefile.C,v'.
    Trying pattern rule with stem `Makefile.cc'.
    Trying pattern rule with stem `Makefile.f'.
    Trying pattern rule with stem `Makefile.p'.
    Trying implicit prerequisite `RCS/Makefile.cc,v'.
     Trying implicit prerequisite `RCS/Makefile.w'.
    Trying implicit prerequisite `SCCS/s.Makefile.f'.
     Trying pattern rule with stem `Makefile.w'.
    Trying implicit prerequisite `RCS/Makefile.p'.
      Trying implicit prerequisite `../../../src/backend/catalog/s.genbki.pl.F'.
     Trying implicit prerequisite `s.Makefile.w'.
      Trying pattern rule with stem `genbki.pl.F'.
     Trying pattern rule with stem `Makefile.w'.
    Trying pattern rule with stem `Makefile'.
      Trying implicit prerequisite `../../../src/backend/catalog/SCCS/s.genbki.pl.F'.
    Trying implicit prerequisite `Makefile.F'.
    Trying pattern rule with stem `Makefile.p'.
    Trying pattern rule with stem `Makefile.C'.
     Trying implicit prerequisite `SCCS/s.Makefile.w'.
     Trying pattern rule with stem `genbki.pl'.
    Trying implicit prerequisite `RCS/Makefile.C,v'.
    Looking for a rule with intermediate file `Makefile.F'.
     Avoiding implicit rule recursion.
     Avoiding implicit rule recursion.
     Avoiding implicit rule recursion.
     Trying pattern rule with stem `Makefile.F'.
     Trying implicit prerequisite `Makefile.F,v'.
     Trying pattern rule with stem `Makefile.F'.
     Trying implicit prerequisite `RCS/Makefile.F,v'.
     Trying pattern rule with stem `Makefile.F'.
     Trying implicit prerequisite `RCS/Makefile.F'.
     Trying pattern rule with stem `Makefile.F'.
     Trying implicit prerequisite `s.Makefile.F'.
     Trying pattern rule with stem `Makefile.F'.
     Trying implicit prerequisite `SCCS/s.Makefile.F'.
    Trying pattern rule with stem `Makefile'.
    Trying implicit prerequisite `Makefile.r'.
    Looking for a rule with intermediate file `Makefile.r'.
     Avoiding implicit rule recursion.
     Avoiding implicit rule recursion.
     Avoiding implicit rule recursion.
    Trying pattern rule with stem `Makefile.C'.
    Trying pattern rule with stem `Makefile'.
    Trying implicit prerequisite `RCS/Makefile.C'.
    Rejecting impossible implicit prerequisite `Makefile.w'.
     Trying implicit prerequisite `../../../src/backend/catalog/genbki.pl.r'.
    Trying implicit prerequisite `s.Makefile.p'.
    Trying pattern rule with stem `Makefile.C'.
    Trying pattern rule with stem `Makefile.p'.
     Trying pattern rule with stem `Makefile'.
   Trying pattern rule with stem `Makefile'.
     Looking for a rule with intermediate file `../../../src/backend/catalog/genbki.pl.r'.
    Trying implicit prerequisite `s.Makefile.C'.
      Avoiding implicit rule recursion.
    Trying pattern rule with stem `Makefile.C'.
     Rejecting impossible implicit prerequisite `Makefile.l'.
   Trying implicit prerequisite `Makefile.cc'.
    Trying pattern rule with stem `Makefile.cc'.
    Trying implicit prerequisite `SCCS/s.Makefile.C'.
    Trying implicit prerequisite `SCCS/s.Makefile.p'.
   Trying pattern rule with stem `Makefile'.
   Looking for a rule with intermediate file `Makefile.cc'.
    Trying implicit prerequisite `RCS/Makefile.cc'.
    Trying pattern rule with stem `Makefile.cc'.
    Trying implicit prerequisite `s.Makefile.cc'.
    Trying pattern rule with stem `Makefile.cc'.
    Avoiding implicit rule recursion.
    Trying pattern rule with stem `Makefile'.
     Trying pattern rule with stem `Makefile.r'.
      Avoiding implicit rule recursion.
     Trying implicit prerequisite `Makefile.r,v'.
    Avoiding implicit rule recursion.
   Trying implicit prerequisite `Makefile.cpp'.
      Avoiding implicit rule recursion.
     Trying pattern rule with stem `Makefile.r'.
    Trying implicit prerequisite `SCCS/s.Makefile.cc'.
    Trying pattern rule with stem `Makefile.cc'.
   Looking for a rule with intermediate file `Makefile.cpp'.
    Trying implicit prerequisite `Makefile.web'.
      Trying pattern rule with stem `genbki.pl'.
     Trying implicit prerequisite `RCS/Makefile.r,v'.
   Trying pattern rule with stem `Makefile'.
    Avoiding implicit rule recursion.
    Trying implicit prerequisite `Makefile.cc,v'.
    Looking for a rule with intermediate file `Makefile.web'.
    Avoiding implicit rule recursion.
     Trying pattern rule with stem `Makefile.r'.
    Trying pattern rule with stem `Makefile.cc'.
    Trying pattern rule with stem `Makefile.cpp'.
     Avoiding implicit rule recursion.
    Trying implicit prerequisite `Makefile.cpp,v'.
    Trying implicit prerequisite `RCS/Makefile.cc,v'.
     Trying implicit prerequisite `RCS/Makefile.r'.
      Rejecting impossible implicit prerequisite `../../../src/backend/catalog/genbki.pl.l'.
     Avoiding implicit rule recursion.
     Trying pattern rule with stem `Makefile.r'.
    Trying pattern rule with stem `Makefile.cpp'.
     Trying implicit prerequisite `s.Makefile.r'.
      Trying pattern rule with stem `genbki.pl.r'.
     Trying pattern rule with stem `Makefile.r'.
    Trying pattern rule with stem `Makefile.cc'.
   Trying implicit prerequisite `Makefile.C'.
     Avoiding implicit rule recursion.
     Trying implicit prerequisite `SCCS/s.Makefile.r'.
      Trying implicit prerequisite `../../../src/backend/catalog/genbki.pl.r,v'.
   Looking for a rule with intermediate file `Makefile.C'.
    Trying implicit prerequisite `RCS/Makefile.cpp,v'.
     Trying pattern rule with stem `Makefile.web'.
    Avoiding implicit rule recursion.
    Trying pattern rule with stem `Makefile.cpp'.
      Trying pattern rule with stem `genbki.pl.r'.
    Trying implicit prerequisite `RCS/Makefile.cpp'.
    Trying implicit prerequisite `RCS/Makefile.cc'.
    Trying pattern rule with stem `Makefile.cc'.
    Trying implicit prerequisite `s.Makefile.cc'.
    Trying pattern rule with stem `Makefile.cc'.
     Trying implicit prerequisite `Makefile.web,v'.
    Trying pattern rule with stem `Makefile.cpp'.
    Avoiding implicit rule recursion.
   Trying pattern rule with stem `Makefile'.
     Trying pattern rule with stem `Makefile.web'.
    Trying implicit prerequisite `SCCS/s.Makefile.cc'.
    Trying pattern rule with stem `Makefile.C'.
   Trying pattern rule with stem `Makefile'.
   Rejecting impossible implicit prerequisite `Makefile.F'.
   Trying implicit prerequisite `Makefile.C'.
    Trying implicit prerequisite `s.Makefile.cpp'.
     Trying implicit prerequisite `RCS/Makefile.web,v'.
      Trying implicit prerequisite `../../../src/backend/catalog/RCS/genbki.pl.r,v'.
   Trying pattern rule with stem `Makefile'.
     Trying pattern rule with stem `Makefile.web'.
   Looking for a rule with intermediate file `Makefile.C'.
    Trying pattern rule with stem `Makefile.cpp'.
    Trying implicit prerequisite `Makefile.C,v'.
    Trying implicit prerequisite `SCCS/s.Makefile.cpp'.
    Avoiding implicit rule recursion.
   Trying implicit prerequisite `Makefile.m'.
    Trying pattern rule with stem `Makefile.C'.
      Trying pattern rule with stem `genbki.pl.r'.
   Trying pattern rule with stem `Makefile'.
   Looking for a rule with intermediate file `Makefile.m'.
      Trying implicit prerequisite `../../../src/backend/catalog/RCS/genbki.pl.r'.
     Trying implicit prerequisite `RCS/Makefile.web'.
   Trying implicit prerequisite `Makefile.p'.
    Avoiding implicit rule recursion.
      Trying pattern rule with stem `genbki.pl.r'.
    Trying pattern rule with stem `Makefile.C'.
   Looking for a rule with intermediate file `Makefile.p'.
    Avoiding implicit rule recursion.
    Trying implicit prerequisite `Makefile.C,v'.
      Trying implicit prerequisite `../../../src/backend/catalog/s.genbki.pl.r'.
     Trying pattern rule with stem `Makefile.web'.
      Trying pattern rule with stem `genbki.pl.r'.
    Avoiding implicit rule recursion.
    Avoiding implicit rule recursion.
      Trying implicit prerequisite `../../../src/backend/catalog/SCCS/s.genbki.pl.r'.
     Trying implicit prerequisite `s.Makefile.web'.
    Trying pattern rule with stem `Makefile.C'.
    Trying implicit prerequisite `RCS/Makefile.C,v'.
    Trying pattern rule with stem `genbki.pl'.
    Avoiding implicit rule recursion.
    Trying pattern rule with stem `Makefile'.
    Trying pattern rule with stem `Makefile'.
    Trying implicit prerequisite `Makefile.ym'.
    Trying implicit prerequisite `Makefile.web'.
    Rejecting impossible implicit prerequisite `../../../src/backend/catalog/genbki.pl.F'.
    Trying implicit prerequisite `RCS/Makefile.C,v'.
     Trying pattern rule with stem `Makefile.web'.
    Trying pattern rule with stem `Makefile.C'.
    Trying pattern rule with stem `Makefile.p'.
    Trying implicit prerequisite `RCS/Makefile.C'.
    Trying implicit prerequisite `Makefile.p,v'.
     Trying implicit prerequisite `SCCS/s.Makefile.web'.
    Trying pattern rule with stem `Makefile'.
    Trying pattern rule with stem `Makefile.p'.
    Trying pattern rule with stem `Makefile.C'.
   Trying pattern rule with stem `Makefile'.
    Trying implicit prerequisite `RCS/Makefile.C'.
    Trying pattern rule with stem `genbki.pl'.
    Trying implicit prerequisite `Makefile.lm'.
    Trying pattern rule with stem `Makefile.C'.
    Trying pattern rule with stem `Makefile.m'.
    Trying pattern rule with stem `Makefile.C'.
   Trying implicit prerequisite `Makefile.f'.
    Trying implicit prerequisite `../../../src/backend/catalog/genbki.pl.m'.
    Trying implicit prerequisite `s.Makefile.C'.
    Trying implicit prerequisite `Makefile.m,v'.
   Looking for a rule with intermediate file `Makefile.f'.
    Trying implicit prerequisite `RCS/Makefile.p,v'.
    Trying pattern rule with stem `Makefile.m'.
    Looking for a rule with intermediate file `../../../src/backend/catalog/genbki.pl.m'.
    Trying pattern rule with stem `Makefile.p'.
    Avoiding implicit rule recursion.
    Trying implicit prerequisite `RCS/Makefile.p'.
     Avoiding implicit rule recursion.
    Trying implicit prerequisite `RCS/Makefile.m,v'.
    Trying implicit prerequisite `s.Makefile.C'.
     Avoiding implicit rule recursion.
    Trying pattern rule with stem `Makefile.C'.
    Trying pattern rule with stem `Makefile.m'.
     Trying pattern rule with stem `genbki.pl'.
    Avoiding implicit rule recursion.
     Trying implicit prerequisite `../../../src/backend/catalog/genbki.pl.ym'.
    Trying pattern rule with stem `Makefile.C'.
     Trying pattern rule with stem `genbki.pl'.
    Trying implicit prerequisite `SCCS/s.Makefile.C'.
     Trying implicit prerequisite `../../../src/backend/catalog/genbki.pl.lm'.
    Trying implicit prerequisite `SCCS/s.Makefile.C'.
    Trying pattern rule with stem `Makefile.p'.
   Trying pattern rule with stem `Makefile'.
   Trying pattern rule with stem `Makefile'.
   Trying implicit prerequisite `Makefile.cpp'.
     Trying pattern rule with stem `genbki.pl.m'.
    Trying implicit prerequisite `RCS/Makefile.m'.
    Trying implicit prerequisite `s.Makefile.p'.
   Trying implicit prerequisite `Makefile.cpp'.
     Trying implicit prerequisite `../../../src/backend/catalog/genbki.pl.m,v'.
    Trying pattern rule with stem `Makefile'.
   Looking for a rule with intermediate file `Makefile.cpp'.
   Looking for a rule with intermediate file `Makefile.cpp'.
    Trying pattern rule with stem `Makefile.m'.
    Avoiding implicit rule recursion.
    Trying implicit prerequisite `s.Makefile.m'.
    Trying implicit prerequisite `Makefile.F'.
     Trying pattern rule with stem `genbki.pl.m'.
    Avoiding implicit rule recursion.
     Trying implicit prerequisite `../../../src/backend/catalog/RCS/genbki.pl.m,v'.
    Avoiding implicit rule recursion.
    Trying pattern rule with stem `Makefile.m'.
    Avoiding implicit rule recursion.
     Trying pattern rule with stem `genbki.pl.m'.
    Trying pattern rule with stem `Makefile.cpp'.
    Trying pattern rule with stem `Makefile.cpp'.
    Trying pattern rule with stem `Makefile'.
    Trying implicit prerequisite `Makefile.cpp,v'.
    Trying pattern rule with stem `Makefile.p'.
    Trying pattern rule with stem `Makefile.cpp'.
     Trying implicit prerequisite `../../../src/backend/catalog/RCS/genbki.pl.m'.
     Trying pattern rule with stem `genbki.pl.m'.
     Trying implicit prerequisite `../../../src/backend/catalog/s.genbki.pl.m'.
     Trying pattern rule with stem `genbki.pl.m'.
     Trying implicit prerequisite `../../../src/backend/catalog/SCCS/s.genbki.pl.m'.
     Trying pattern rule with stem `genbki.pl'.
     Trying implicit prerequisite `../../../src/backend/catalog/genbki.pl.ym'.
     Looking for a rule with intermediate file `../../../src/backend/catalog/genbki.pl.ym'.
      Avoiding implicit rule recursion.
      Avoiding implicit rule recursion.
      Avoiding implicit rule recursion.
      Trying pattern rule with stem `genbki.pl.ym'.
      Trying implicit prerequisite `../../../src/backend/catalog/genbki.pl.ym,v'.
      Trying pattern rule with stem `genbki.pl.ym'.
      Trying implicit prerequisite `../../../src/backend/catalog/RCS/genbki.pl.ym,v'.
      Trying pattern rule with stem `genbki.pl.ym'.
      Trying implicit prerequisite `../../../src/backend/catalog/RCS/genbki.pl.ym'.
      Trying pattern rule with stem `genbki.pl.ym'.
      Trying implicit prerequisite `../../../src/backend/catalog/s.genbki.pl.ym'.
    Trying implicit prerequisite `RCS/Makefile.cpp,v'.
    Trying implicit prerequisite `SCCS/s.Makefile.p'.
    Trying implicit prerequisite `Makefile.cpp,v'.
    Trying pattern rule with stem `Makefile'.
    Trying implicit prerequisite `SCCS/s.Makefile.m'.
    Trying pattern rule with stem `Makefile.cpp'.
      Trying pattern rule with stem `genbki.pl.ym'.
      Trying implicit prerequisite `../../../src/backend/catalog/SCCS/s.genbki.pl.ym'.
     Trying pattern rule with stem `genbki.pl'.
     Trying implicit prerequisite `../../../src/backend/catalog/genbki.pl.lm'.
     Looking for a rule with intermediate file `../../../src/backend/catalog/genbki.pl.lm'.
      Avoiding implicit rule recursion.
      Avoiding implicit rule recursion.
      Avoiding implicit rule recursion.
      Trying pattern rule with stem `genbki.pl.lm'.
      Trying implicit prerequisite `../../../src/backend/catalog/genbki.pl.lm,v'.
      Trying pattern rule with stem `genbki.pl.lm'.
      Trying implicit prerequisite `../../../src/backend/catalog/RCS/genbki.pl.lm,v'.
      Trying pattern rule with stem `genbki.pl.lm'.
      Trying implicit prerequisite `../../../src/backend/catalog/RCS/genbki.pl.lm'.
      Trying pattern rule with stem `genbki.pl.lm'.
      Trying implicit prerequisite `../../../src/backend/catalog/s.genbki.pl.lm'.
      Trying pattern rule with stem `genbki.pl.lm'.
      Trying implicit prerequisite `../../../src/backend/catalog/SCCS/s.genbki.pl.lm'.
    Trying implicit prerequisite `Makefile.web'.
    Trying pattern rule with stem `genbki.pl'.
    Trying pattern rule with stem `Makefile'.
    Trying implicit prerequisite `RCS/Makefile.cpp,v'.
    Trying pattern rule with stem `Makefile.cpp'.
    Trying pattern rule with stem `Makefile.cpp'.
    Looking for a rule with intermediate file `Makefile.web'.
    Trying implicit prerequisite `Makefile.ym'.
    Rejecting impossible implicit prerequisite `../../../src/backend/catalog/genbki.pl.r'.
    Trying implicit prerequisite `Makefile.r'.
    Trying implicit prerequisite `RCS/Makefile.cpp'.
    Looking for a rule with intermediate file `Makefile.ym'.
    Trying implicit prerequisite `RCS/Makefile.cpp'.
     Avoiding implicit rule recursion.
    Trying pattern rule with stem `Makefile.f'.
     Avoiding implicit rule recursion.
    Trying pattern rule with stem `genbki.pl'.
    Trying implicit prerequisite `Makefile.f,v'.
     Avoiding implicit rule recursion.
    Trying pattern rule with stem `Makefile.cpp'.
     Avoiding implicit rule recursion.
    Trying pattern rule with stem `Makefile.cpp'.
    Trying pattern rule with stem `Makefile.f'.
     Avoiding implicit rule recursion.
    Trying implicit prerequisite `RCS/Makefile.f,v'.
    Trying implicit prerequisite `s.Makefile.cpp'.
    Trying implicit prerequisite `../../../src/backend/catalog/genbki.pl.s'.
     Trying pattern rule with stem `Makefile.ym'.
    Looking for a rule with intermediate file `../../../src/backend/catalog/genbki.pl.s'.
     Trying implicit prerequisite `Makefile.ym,v'.
     Avoiding implicit rule recursion.
    Trying pattern rule with stem `Makefile.f'.
     Trying pattern rule with stem `Makefile.ym'.
    Trying implicit prerequisite `s.Makefile.cpp'.
    Trying pattern rule with stem `Makefile.cpp'.
     Avoiding implicit rule recursion.
    Trying pattern rule with stem `Makefile.cpp'.
     Trying implicit prerequisite `RCS/Makefile.ym,v'.
    Trying implicit prerequisite `SCCS/s.Makefile.cpp'.
     Avoiding implicit rule recursion.
     Trying pattern rule with stem `Makefile.ym'.
   Trying pattern rule with stem `Makefile'.
     Trying implicit prerequisite `RCS/Makefile.ym'.
    Trying implicit prerequisite `RCS/Makefile.f'.
     Trying pattern rule with stem `Makefile.ym'.
     Trying pattern rule with stem `Makefile.web'.
    Trying pattern rule with stem `Makefile.f'.
     Trying pattern rule with stem `genbki.pl'.
     Trying implicit prerequisite `s.Makefile.ym'.
     Trying implicit prerequisite `../../../src/backend/catalog/genbki.pl.S'.
     Trying pattern rule with stem `Makefile.ym'.
     Trying implicit prerequisite `Makefile.web,v'.
    Trying implicit prerequisite `s.Makefile.f'.
     Trying implicit prerequisite `SCCS/s.Makefile.ym'.
    Trying pattern rule with stem `Makefile.f'.
     Trying pattern rule with stem `Makefile.web'.
   Trying implicit prerequisite `Makefile.p'.
     Trying implicit prerequisite `RCS/Makefile.web,v'.
    Trying implicit prerequisite `SCCS/s.Makefile.f'.
   Looking for a rule with intermediate file `Makefile.p'.
    Trying implicit prerequisite `SCCS/s.Makefile.cpp'.
    Trying pattern rule with stem `Makefile'.
     Trying pattern rule with stem `genbki.pl.s'.
    Trying pattern rule with stem `Makefile'.
   Trying pattern rule with stem `Makefile'.
     Trying implicit prerequisite `../../../src/backend/catalog/genbki.pl.s,v'.
    Trying implicit prerequisite `Makefile.lm'.
     Trying pattern rule with stem `genbki.pl.s'.
   Trying implicit prerequisite `Makefile.p'.
     Trying pattern rule with stem `Makefile.web'.
   Looking for a rule with intermediate file `Makefile.p'.
     Trying implicit prerequisite `../../../src/backend/catalog/RCS/genbki.pl.s,v'.
    Looking for a rule with intermediate file `Makefile.lm'.
    Trying implicit prerequisite `Makefile.F'.
     Trying implicit prerequisite `RCS/Makefile.web'.
     Avoiding implicit rule recursion.
     Trying pattern rule with stem `genbki.pl.s'.
    Looking for a rule with intermediate file `Makefile.F'.
     Trying implicit prerequisite `../../../src/backend/catalog/RCS/genbki.pl.s'.
    Avoiding implicit rule recursion.
     Avoiding implicit rule recursion.
     Trying pattern rule with stem `genbki.pl.s'.
     Trying pattern rule with stem `Makefile.web'.
    Avoiding implicit rule recursion.
     Trying implicit prerequisite `../../../src/backend/catalog/s.genbki.pl.s'.
     Trying implicit prerequisite `s.Makefile.web'.
     Trying pattern rule with stem `genbki.pl.s'.
     Trying pattern rule with stem `Makefile.web'.
    Avoiding implicit rule recursion.
     Trying implicit prerequisite `../../../src/backend/catalog/SCCS/s.genbki.pl.s'.
     Avoiding implicit rule recursion.
    Avoiding implicit rule recursion.
     Trying pattern rule with stem `genbki.pl'.
    Trying pattern rule with stem `Makefile'.
     Trying pattern rule with stem `Makefile.lm'.
    Trying pattern rule with stem `Makefile'.
     Avoiding implicit rule recursion.
     Trying implicit prerequisite `Makefile.lm,v'.
     Avoiding implicit rule recursion.
    Trying implicit prerequisite `Makefile.web'.
     Trying pattern rule with stem `Makefile.lm'.
     Trying implicit prerequisite `../../../src/backend/catalog/genbki.pl.S'.
    Trying implicit prerequisite `Makefile.web'.
     Avoiding implicit rule recursion.
    Trying pattern rule with stem `Makefile.p'.
     Trying pattern rule with stem `Makefile.F'.
    Trying implicit prerequisite `Makefile.p,v'.
     Trying implicit prerequisite `RCS/Makefile.lm,v'.
    Trying pattern rule with stem `Makefile.p'.
     Looking for a rule with intermediate file `../../../src/backend/catalog/genbki.pl.S'.
    Trying implicit prerequisite `Makefile.p,v'.
      Avoiding implicit rule recursion.
    Trying pattern rule with stem `Makefile.p'.
    Trying pattern rule with stem `Makefile.p'.
     Trying pattern rule with stem `Makefile.lm'.
     Trying implicit prerequisite `Makefile.F,v'.
    Trying implicit prerequisite `RCS/Makefile.p,v'.
    Trying implicit prerequisite `RCS/Makefile.p,v'.
     Trying implicit prerequisite `SCCS/s.Makefile.web'.
     Trying pattern rule with stem `Makefile.F'.
   Trying pattern rule with stem `Makefile'.
     Trying implicit prerequisite `RCS/Makefile.F,v'.
   Trying implicit prerequisite `Makefile.f'.
   Looking for a rule with intermediate file `Makefile.f'.
     Trying pattern rule with stem `Makefile.F'.
     Trying implicit prerequisite `RCS/Makefile.lm'.
      Avoiding implicit rule recursion.
    Trying pattern rule with stem `Makefile.p'.
    Trying pattern rule with stem `Makefile.p'.
    Avoiding implicit rule recursion.
     Trying implicit prerequisite `RCS/Makefile.F'.
      Avoiding implicit rule recursion.
    Trying implicit prerequisite `RCS/Makefile.p'.
    Trying implicit prerequisite `RCS/Makefile.p'.
    Avoiding implicit rule recursion.
     Trying pattern rule with stem `Makefile.lm'.
     Trying pattern rule with stem `Makefile.F'.
      Trying pattern rule with stem `genbki.pl.S'.
    Trying pattern rule with stem `Makefile.p'.
    Trying pattern rule with stem `Makefile.p'.
    Trying pattern rule with stem `Makefile'.
    Trying implicit prerequisite `s.Makefile.p'.
     Trying implicit prerequisite `s.Makefile.lm'.
      Trying implicit prerequisite `../../../src/backend/catalog/genbki.pl.S,v'.
    Trying implicit prerequisite `s.Makefile.p'.
      Trying pattern rule with stem `genbki.pl.S'.
     Trying implicit prerequisite `s.Makefile.F'.
    Trying pattern rule with stem `Makefile.p'.
    Trying pattern rule with stem `Makefile.p'.
     Trying pattern rule with stem `Makefile.lm'.
    Trying implicit prerequisite `SCCS/s.Makefile.p'.
    Trying implicit prerequisite `SCCS/s.Makefile.p'.
    Trying pattern rule with stem `Makefile'.
    Trying pattern rule with stem `Makefile'.
     Trying pattern rule with stem `Makefile.F'.
    Trying implicit prerequisite `Makefile.web'.
     Trying implicit prerequisite `SCCS/s.Makefile.lm'.
      Trying implicit prerequisite `../../../src/backend/catalog/RCS/genbki.pl.S,v'.
    Looking for a rule with intermediate file `Makefile.web'.
    Trying implicit prerequisite `Makefile.web'.
     Trying implicit prerequisite `SCCS/s.Makefile.F'.
      Trying pattern rule with stem `genbki.pl.S'.
    Trying pattern rule with stem `Makefile'.
    Trying implicit prerequisite `Makefile.F'.
   Trying pattern rule with stem `Makefile'.
    Trying pattern rule with stem `Makefile'.
    Looking for a rule with intermediate file `Makefile.web'.
    Trying implicit prerequisite `Makefile.r'.
      Trying implicit prerequisite `../../../src/backend/catalog/RCS/genbki.pl.S'.
   Rejecting impossible implicit prerequisite `Makefile.r'.
    Trying implicit prerequisite `Makefile.r'.
     Avoiding implicit rule recursion.
    Trying pattern rule with stem `Makefile.f'.
   Trying pattern rule with stem `Makefile'.
     Avoiding implicit rule recursion.
     Avoiding implicit rule recursion.
    Looking for a rule with intermediate file `Makefile.r'.
   Trying implicit prerequisite `Makefile.s'.
      Trying pattern rule with stem `genbki.pl.S'.
     Avoiding implicit rule recursion.
    Trying implicit prerequisite `Makefile.f,v'.
     Avoiding implicit rule recursion.
     Avoiding implicit rule recursion.
   Looking for a rule with intermediate file `Makefile.s'.
      Trying implicit prerequisite `../../../src/backend/catalog/s.genbki.pl.S'.
     Avoiding implicit rule recursion.
    Trying pattern rule with stem `Makefile.f'.
     Trying pattern rule with stem `Makefile.web'.
     Avoiding implicit rule recursion.
     Avoiding implicit rule recursion.
    Trying implicit prerequisite `RCS/Makefile.f,v'.
     Trying pattern rule with stem `Makefile.web'.
     Trying implicit prerequisite `Makefile.web,v'.
     Trying implicit prerequisite `Makefile.web,v'.
    Avoiding implicit rule recursion.
    Trying pattern rule with stem `Makefile.f'.
     Trying pattern rule with stem `Makefile'.
    Trying implicit prerequisite `RCS/Makefile.f'.
    Avoiding implicit rule recursion.
     Rejecting impossible implicit prerequisite `Makefile.l'.
     Trying pattern rule with stem `Makefile.web'.
    Trying pattern rule with stem `Makefile'.
     Trying pattern rule with stem `Makefile.r'.
    Trying pattern rule with stem `Makefile.f'.
      Trying pattern rule with stem `genbki.pl.S'.
     Trying implicit prerequisite `RCS/Makefile.web,v'.
      Trying implicit prerequisite `../../../src/backend/catalog/SCCS/s.genbki.pl.S'.
     Trying implicit prerequisite `Makefile.r,v'.
     Trying pattern rule with stem `Makefile.web'.
     Trying pattern rule with stem `Makefile.r'.
    Trying pattern rule with stem `genbki.pl'.
     Trying implicit prerequisite `RCS/Makefile.r,v'.
     Trying pattern rule with stem `Makefile.web'.
    Trying implicit prerequisite `s.Makefile.f'.
    Trying implicit prerequisite `Makefile.S'.
     Trying implicit prerequisite `RCS/Makefile.web'.
    Rejecting impossible implicit prerequisite `../../../src/backend/catalog/genbki.pl.S'.
     Trying pattern rule with stem `Makefile.r'.
    Trying pattern rule with stem `Makefile.s'.
     Trying implicit prerequisite `RCS/Makefile.r'.
    Trying implicit prerequisite `Makefile.s,v'.
     Trying pattern rule with stem `Makefile.web'.
     Trying implicit prerequisite `RCS/Makefile.web,v'.
     Trying implicit prerequisite `s.Makefile.web'.
    Trying pattern rule with stem `Makefile.f'.
    Trying pattern rule with stem `genbki.pl'.
    Trying implicit prerequisite `SCCS/s.Makefile.f'.
     Trying pattern rule with stem `Makefile.web'.
     Trying pattern rule with stem `Makefile.web'.
     Trying implicit prerequisite `SCCS/s.Makefile.web'.
    Trying pattern rule with stem `Makefile.s'.
   Trying pattern rule with stem `Makefile'.
    Trying implicit prerequisite `RCS/Makefile.s,v'.
    Trying implicit prerequisite `../../../src/backend/catalog/genbki.pl.mod'.
     Trying pattern rule with stem `Makefile.r'.
     Trying implicit prerequisite `RCS/Makefile.web'.
   Trying implicit prerequisite `Makefile.f'.
    Trying pattern rule with stem `Makefile.s'.
    Trying pattern rule with stem `Makefile'.
    Trying implicit prerequisite `RCS/Makefile.s'.
    Looking for a rule with intermediate file `../../../src/backend/catalog/genbki.pl.mod'.
     Trying implicit prerequisite `s.Makefile.r'.
     Trying pattern rule with stem `Makefile.web'.
   Looking for a rule with intermediate file `Makefile.f'.
     Avoiding implicit rule recursion.
    Avoiding implicit rule recursion.
     Trying pattern rule with stem `Makefile.r'.
    Avoiding implicit rule recursion.
    Trying implicit prerequisite `Makefile.F'.
     Avoiding implicit rule recursion.
    Trying pattern rule with stem `Makefile'.
    Looking for a rule with intermediate file `Makefile.F'.
     Trying implicit prerequisite `SCCS/s.Makefile.r'.
    Trying pattern rule with stem `Makefile.s'.
   Trying pattern rule with stem `Makefile'.
     Trying implicit prerequisite `s.Makefile.web'.
     Trying pattern rule with stem `genbki.pl.mod'.
    Trying implicit prerequisite `Makefile.F'.
     Avoiding implicit rule recursion.
    Trying implicit prerequisite `s.Makefile.s'.
   Rejecting impossible implicit prerequisite `Makefile.F'.
     Trying pattern rule with stem `Makefile.web'.
    Trying pattern rule with stem `Makefile'.
    Trying implicit prerequisite `Makefile.r'.
     Trying implicit prerequisite `../../../src/backend/catalog/genbki.pl.mod,v'.
     Avoiding implicit rule recursion.
     Trying implicit prerequisite `SCCS/s.Makefile.web'.
     Trying pattern rule with stem `genbki.pl.mod'.
   Trying pattern rule with stem `Makefile'.
     Trying implicit prerequisite `../../../src/backend/catalog/RCS/genbki.pl.mod,v'.
    Trying pattern rule with stem `Makefile.s'.
     Avoiding implicit rule recursion.
     Trying pattern rule with stem `genbki.pl.mod'.
    Trying implicit prerequisite `SCCS/s.Makefile.s'.
    Trying pattern rule with stem `Makefile.f'.
   Trying implicit prerequisite `Makefile.m'.
     Trying pattern rule with stem `Makefile.F'.
     Trying implicit prerequisite `../../../src/backend/catalog/RCS/genbki.pl.mod'.
   Looking for a rule with intermediate file `Makefile.m'.
    Trying implicit prerequisite `Makefile.f,v'.
     Trying pattern rule with stem `genbki.pl.mod'.
    Trying pattern rule with stem `Makefile'.
    Avoiding implicit rule recursion.
   Trying pattern rule with stem `Makefile'.
     Trying implicit prerequisite `../../../src/backend/catalog/s.genbki.pl.mod'.
    Avoiding implicit rule recursion.
    Trying pattern rule with stem `Makefile.f'.
   Trying implicit prerequisite `Makefile.f'.
     Trying implicit prerequisite `Makefile.F,v'.
     Trying pattern rule with stem `genbki.pl.mod'.
    Trying implicit prerequisite `Makefile.S'.
    Trying implicit prerequisite `RCS/Makefile.f,v'.
   Looking for a rule with intermediate file `Makefile.f'.
    Trying pattern rule with stem `Makefile'.
    Avoiding implicit rule recursion.
    Trying pattern rule with stem `Makefile.f'.
     Trying pattern rule with stem `Makefile.F'.
     Trying implicit prerequisite `../../../src/backend/catalog/SCCS/s.genbki.pl.mod'.
    Trying implicit prerequisite `Makefile.ym'.
   Trying pattern rule with stem `genbki.pl'.
    Trying pattern rule with stem `Makefile'.
     Trying implicit prerequisite `RCS/Makefile.F,v'.
   Rejecting impossible implicit prerequisite `../../../src/backend/catalog/genbki.pl.cc'.
    Avoiding implicit rule recursion.
    Looking for a rule with intermediate file `Makefile.S'.
    Trying implicit prerequisite `Makefile.lm'.
     Avoiding implicit rule recursion.
    Trying pattern rule with stem `Makefile'.
    Trying pattern rule with stem `Makefile.m'.
     Trying pattern rule with stem `Makefile.F'.
   Trying pattern rule with stem `genbki.pl'.
    Trying implicit prerequisite `Makefile.m,v'.
    Trying implicit prerequisite `RCS/Makefile.f'.
   Rejecting impossible implicit prerequisite `../../../src/backend/catalog/genbki.pl.C'.
    Trying pattern rule with stem `Makefile.f'.
     Avoiding implicit rule recursion.
    Trying implicit prerequisite `s.Makefile.f'.
    Trying implicit prerequisite `Makefile.F'.
     Avoiding implicit rule recursion.
   Trying pattern rule with stem `genbki.pl'.
    Trying pattern rule with stem `Makefile.m'.
   Rejecting impossible implicit prerequisite `../../../src/backend/catalog/genbki.pl.cpp'.
    Trying implicit prerequisite `RCS/Makefile.m,v'.
   Trying pattern rule with stem `genbki.pl'.
    Trying pattern rule with stem `Makefile'.
     Trying implicit prerequisite `RCS/Makefile.F'.
   Rejecting impossible implicit prerequisite `../../../src/backend/catalog/genbki.pl.p'.
     Trying pattern rule with stem `Makefile.F'.
    Trying pattern rule with stem `Makefile.f'.
    Trying implicit prerequisite `Makefile.r'.
     Trying implicit prerequisite `s.Makefile.F'.
     Trying pattern rule with stem `Makefile.S'.
    Trying pattern rule with stem `Makefile.m'.
   Trying pattern rule with stem `genbki.pl'.
    Trying pattern rule with stem `Makefile.f'.
   Rejecting impossible implicit prerequisite `../../../src/backend/catalog/genbki.pl.f'.
    Trying implicit prerequisite `SCCS/s.Makefile.f'.
     Trying pattern rule with stem `Makefile.F'.
     Trying implicit prerequisite `Makefile.S,v'.
    Trying pattern rule with stem `Makefile'.
     Trying implicit prerequisite `SCCS/s.Makefile.F'.
   Trying pattern rule with stem `genbki.pl'.
    Trying implicit prerequisite `Makefile.f,v'.
   Rejecting impossible implicit prerequisite `../../../src/backend/catalog/genbki.pl.F'.
    Trying implicit prerequisite `RCS/Makefile.m'.
    Trying pattern rule with stem `Makefile.f'.
   Trying pattern rule with stem `genbki.pl'.
    Trying implicit prerequisite `RCS/Makefile.f,v'.
     Trying pattern rule with stem `Makefile.S'.
    Trying pattern rule with stem `Makefile.m'.
     Trying implicit prerequisite `RCS/Makefile.S,v'.
    Trying implicit prerequisite `Makefile.F'.
    Trying pattern rule with stem `Makefile.f'.
    Looking for a rule with intermediate file `Makefile.F'.
   Rejecting impossible implicit prerequisite `../../../src/backend/catalog/genbki.pl.m'.
    Trying implicit prerequisite `s.Makefile.m'.
     Trying pattern rule with stem `Makefile.S'.
   Trying pattern rule with stem `genbki.pl'.
    Trying pattern rule with stem `Makefile.m'.
     Avoiding implicit rule recursion.
    Trying implicit prerequisite `RCS/Makefile.f'.
   Rejecting impossible implicit prerequisite `../../../src/backend/catalog/genbki.pl.r'.
    Trying pattern rule with stem `Makefile'.
     Trying implicit prerequisite `RCS/Makefile.S'.
     Avoiding implicit rule recursion.
     Trying pattern rule with stem `Makefile.S'.
   Trying pattern rule with stem `genbki.pl'.
    Trying pattern rule with stem `Makefile.f'.
    Trying implicit prerequisite `Makefile.r'.
    Trying implicit prerequisite `s.Makefile.f'.
   Rejecting impossible implicit prerequisite `../../../src/backend/catalog/genbki.pl.s'.
     Trying implicit prerequisite `s.Makefile.S'.
     Avoiding implicit rule recursion.
    Looking for a rule with intermediate file `Makefile.r'.
    Trying pattern rule with stem `Makefile.f'.
     Trying pattern rule with stem `Makefile.F'.
   Trying pattern rule with stem `genbki.pl'.
     Trying pattern rule with stem `Makefile.S'.
    Trying implicit prerequisite `SCCS/s.Makefile.f'.
     Trying implicit prerequisite `SCCS/s.Makefile.S'.
   Rejecting impossible implicit prerequisite `../../../src/backend/catalog/genbki.pl.S'.
    Trying implicit prerequisite `SCCS/s.Makefile.m'.
     Avoiding implicit rule recursion.
    Trying pattern rule with stem `Makefile'.
   Trying pattern rule with stem `Makefile'.
    Trying implicit prerequisite `Makefile.ym'.
   Rejecting impossible implicit prerequisite `Makefile.S'.
   Trying pattern rule with stem `genbki.pl'.
    Trying pattern rule with stem `Makefile'.
   Trying pattern rule with stem `Makefile'.
     Avoiding implicit rule recursion.
   Trying implicit prerequisite `Makefile.mod'.
     Avoiding implicit rule recursion.
    Looking for a rule with intermediate file `Makefile.ym'.
   Rejecting impossible implicit prerequisite `../../../src/backend/catalog/genbki.pl.mod'.
   Looking for a rule with intermediate file `Makefile.mod'.
     Avoiding implicit rule recursion.
   Trying pattern rule with stem `genbki.pl'.
    Avoiding implicit rule recursion.
     Avoiding implicit rule recursion.
    Trying implicit prerequisite `Makefile.F'.
     Trying pattern rule with stem `Makefile'.
   Trying implicit prerequisite `../../../src/backend/catalog/genbki.pl.sh'.
     Rejecting impossible implicit prerequisite `Makefile.l'.
     Trying implicit prerequisite `Makefile.F,v'.
   Looking for a rule with intermediate file `../../../src/backend/catalog/genbki.pl.sh'.
     Avoiding implicit rule recursion.
     Trying pattern rule with stem `Makefile.F'.
     Trying pattern rule with stem `Makefile.r'.
     Trying implicit prerequisite `RCS/Makefile.F,v'.
    Looking for a rule with intermediate file `Makefile.F'.
     Trying implicit prerequisite `Makefile.r,v'.
    Avoiding implicit rule recursion.
     Trying pattern rule with stem `Makefile.F'.
     Trying pattern rule with stem `Makefile.r'.
     Trying pattern rule with stem `Makefile.ym'.
     Trying implicit prerequisite `RCS/Makefile.F'.
     Avoiding implicit rule recursion.
    Avoiding implicit rule recursion.
    Trying pattern rule with stem `Makefile.mod'.
     Trying pattern rule with stem `Makefile.F'.
     Trying implicit prerequisite `RCS/Makefile.r,v'.
     Avoiding implicit rule recursion.
     Trying pattern rule with stem `Makefile.r'.
    Trying pattern rule with stem `genbki.pl.sh'.
    Trying implicit prerequisite `Makefile.mod,v'.
    Trying implicit prerequisite `../../../src/backend/catalog/genbki.pl.sh,v'.
     Trying implicit prerequisite `s.Makefile.F'.
     Avoiding implicit rule recursion.
    Trying pattern rule with stem `genbki.pl.sh'.
     Trying implicit prerequisite `RCS/Makefile.r'.
     Trying pattern rule with stem `Makefile.F'.
    Trying pattern rule with stem `Makefile.mod'.
    Trying implicit prerequisite `../../../src/backend/catalog/RCS/genbki.pl.sh,v'.
     Trying implicit prerequisite `Makefile.ym,v'.
     Trying pattern rule with stem `Makefile.r'.
     Trying pattern rule with stem `Makefile.F'.
     Trying implicit prerequisite `SCCS/s.Makefile.F'.
    Trying implicit prerequisite `RCS/Makefile.mod,v'.
    Trying pattern rule with stem `genbki.pl.sh'.
    Trying pattern rule with stem `Makefile.mod'.
    Trying pattern rule with stem `Makefile'.
    Trying implicit prerequisite `RCS/Makefile.mod'.
    Trying implicit prerequisite `Makefile.r'.
     Trying implicit prerequisite `s.Makefile.r'.
     Trying pattern rule with stem `Makefile.ym'.
    Trying pattern rule with stem `Makefile.mod'.
     Trying pattern rule with stem `Makefile.r'.
     Trying implicit prerequisite `RCS/Makefile.ym,v'.
    Trying implicit prerequisite `../../../src/backend/catalog/RCS/genbki.pl.sh'.
     Trying pattern rule with stem `Makefile.ym'.
    Trying pattern rule with stem `genbki.pl.sh'.
     Trying implicit prerequisite `Makefile.F,v'.
     Trying implicit prerequisite `RCS/Makefile.ym'.
    Trying implicit prerequisite `s.Makefile.mod'.
    Looking for a rule with intermediate file `Makefile.r'.
    Trying implicit prerequisite `../../../src/backend/catalog/s.genbki.pl.sh'.
     Trying implicit prerequisite `SCCS/s.Makefile.r'.
     Trying pattern rule with stem `Makefile.ym'.
     Trying pattern rule with stem `Makefile.F'.
     Trying implicit prerequisite `s.Makefile.ym'.
   Trying pattern rule with stem `Makefile'.
     Trying pattern rule with stem `Makefile.ym'.
   Rejecting impossible implicit prerequisite `Makefile.F'.
     Avoiding implicit rule recursion.
    Trying pattern rule with stem `genbki.pl.sh'.
    Trying pattern rule with stem `Makefile.mod'.
    Trying implicit prerequisite `../../../src/backend/catalog/SCCS/s.genbki.pl.sh'.
     Avoiding implicit rule recursion.
   Trying pattern rule with stem `Makefile'.
    Trying implicit prerequisite `SCCS/s.Makefile.mod'.
   No implicit rule found for `../../../src/backend/catalog/genbki.pl'.
  Trying pattern rule with stem `Makefile'.
  Rejecting impossible implicit prerequisite `Makefile.cc'.
   Looking for an implicit rule for `../../../src/backend/catalog/Catalog.pm'.
     Trying implicit prerequisite `SCCS/s.Makefile.ym'.
     Avoiding implicit rule recursion.
   Trying implicit prerequisite `Makefile.m'.
  Trying pattern rule with stem `Makefile'.
   Trying pattern rule with stem `Catalog.pm'.
    Trying pattern rule with stem `Makefile'.
     Trying pattern rule with stem `Makefile'.
     Trying implicit prerequisite `RCS/Makefile.F,v'.
   Looking for a rule with intermediate file `Makefile.m'.
     Rejecting impossible implicit prerequisite `Makefile.l'.
   Trying implicit prerequisite `../../../src/backend/catalog/Catalog.pm.o'.
  Rejecting impossible implicit prerequisite `Makefile.C'.
     Trying pattern rule with stem `Makefile.F'.
    Avoiding implicit rule recursion.
     Trying implicit prerequisite `RCS/Makefile.F'.
     Trying pattern rule with stem `Makefile.r'.
    Trying implicit prerequisite `Makefile.lm'.
   Trying pattern rule with stem `Catalog.pm'.
    Avoiding implicit rule recursion.
     Trying pattern rule with stem `Makefile.F'.
     Trying implicit prerequisite `Makefile.r,v'.
    Looking for a rule with intermediate file `Makefile.lm'.
     Trying pattern rule with stem `Makefile.r'.
     Trying implicit prerequisite `s.Makefile.F'.
    Trying pattern rule with stem `Makefile'.
   Trying implicit prerequisite `../../../src/backend/catalog/Catalog.pm.cc'.
  Trying pattern rule with stem `Makefile'.
   Trying pattern rule with stem `Catalog.pm'.
     Trying implicit prerequisite `RCS/Makefile.r,v'.
     Avoiding implicit rule recursion.
  Rejecting impossible implicit prerequisite `Makefile.cpp'.
   Trying implicit prerequisite `../../../src/backend/catalog/Catalog.pm.C'.
     Trying pattern rule with stem `Makefile.F'.
     Trying pattern rule with stem `Makefile.r'.
     Trying implicit prerequisite `SCCS/s.Makefile.F'.
     Trying implicit prerequisite `RCS/Makefile.r'.
     Avoiding implicit rule recursion.
  Trying pattern rule with stem `Makefile'.
     Trying pattern rule with stem `Makefile.r'.
  Rejecting impossible implicit prerequisite `Makefile.p'.
    Trying pattern rule with stem `Makefile'.
    Trying implicit prerequisite `Makefile.ym'.
   Trying pattern rule with stem `Catalog.pm'.
    Trying implicit prerequisite `Makefile.r'.
     Trying implicit prerequisite `s.Makefile.r'.
    Trying pattern rule with stem `Makefile'.
   Trying implicit prerequisite `../../../src/backend/catalog/Catalog.pm.cpp'.
     Avoiding implicit rule recursion.
   Trying pattern rule with stem `Catalog.pm'.
  Trying pattern rule with stem `Makefile'.
    Looking for a rule with intermediate file `Makefile.r'.
  Rejecting impossible implicit prerequisite `Makefile.f'.
    Trying implicit prerequisite `Makefile.lm'.
     Trying pattern rule with stem `Makefile.r'.
     Trying pattern rule with stem `Makefile.lm'.
   Trying implicit prerequisite `../../../src/backend/catalog/Catalog.pm.p'.
     Avoiding implicit rule recursion.
    Trying pattern rule with stem `Makefile.m'.
     Trying implicit prerequisite `SCCS/s.Makefile.r'.
  Trying pattern rule with stem `Makefile'.
     Avoiding implicit rule recursion.
   Trying pattern rule with stem `Makefile'.
   Trying pattern rule with stem `Catalog.pm'.
   Rejecting impossible implicit prerequisite `Makefile.F'.
   Trying implicit prerequisite `../../../src/backend/catalog/Catalog.pm.f'.
  Rejecting impossible implicit prerequisite `Makefile.F'.
    Trying implicit prerequisite `Makefile.m,v'.
     Avoiding implicit rule recursion.
   Trying pattern rule with stem `Catalog.pm'.
     Trying pattern rule with stem `Makefile'.
   Trying pattern rule with stem `Makefile'.
    Trying pattern rule with stem `Makefile.m'.
     Trying implicit prerequisite `Makefile.lm,v'.
    Trying implicit prerequisite `RCS/Makefile.m,v'.
   Trying implicit prerequisite `../../../src/backend/catalog/Catalog.pm.F'.
     Trying pattern rule with stem `Makefile.lm'.
  Trying pattern rule with stem `Makefile'.
   Trying pattern rule with stem `Catalog.pm'.
     Rejecting impossible implicit prerequisite `Makefile.l'.
   Trying implicit prerequisite `Makefile.m'.
     Trying pattern rule with stem `Makefile.r'.
    Trying pattern rule with stem `Makefile.m'.
     Trying implicit prerequisite `RCS/Makefile.lm,v'.
    Trying implicit prerequisite `RCS/Makefile.m'.
     Trying pattern rule with stem `Makefile.lm'.
   Looking for a rule with intermediate file `Makefile.m'.
   Trying implicit prerequisite `../../../src/backend/catalog/Catalog.pm.m'.
  Rejecting impossible implicit prerequisite `Makefile.m'.
     Trying implicit prerequisite `RCS/Makefile.lm'.
    Avoiding implicit rule recursion.
     Trying pattern rule with stem `Makefile.lm'.
     Trying implicit prerequisite `Makefile.r,v'.
  Trying pattern rule with stem `Makefile'.
    Trying pattern rule with stem `Makefile.m'.
  Rejecting impossible implicit prerequisite `Makefile.r'.
    Trying implicit prerequisite `s.Makefile.m'.
     Trying pattern rule with stem `Makefile.r'.
     Trying implicit prerequisite `s.Makefile.lm'.
    Avoiding implicit rule recursion.
  Trying pattern rule with stem `Makefile'.
    Trying pattern rule with stem `Makefile.m'.
  Rejecting impossible implicit prerequisite `Makefile.s'.
   Trying pattern rule with stem `Catalog.pm'.
     Trying pattern rule with stem `Makefile.lm'.
   Trying implicit prerequisite `../../../src/backend/catalog/Catalog.pm.r'.
   Trying pattern rule with stem `Catalog.pm'.
   Trying implicit prerequisite `../../../src/backend/catalog/Catalog.pm.s'.
   Trying pattern rule with stem `Catalog.pm'.
   Trying implicit prerequisite `../../../src/backend/catalog/Catalog.pm.S'.
   Trying pattern rule with stem `Catalog.pm'.
   Trying implicit prerequisite `../../../src/backend/catalog/Catalog.pm.mod'.
   Trying pattern rule with stem `Catalog.pm'.
   Trying implicit prerequisite `../../../src/backend/catalog/Catalog.pm.sh'.
   Trying pattern rule with stem `Catalog.pm'.
   Trying implicit prerequisite `../../../src/backend/catalog/Catalog.pm,v'.
   Trying pattern rule with stem `Catalog.pm'.
   Trying implicit prerequisite `../../../src/backend/catalog/RCS/Catalog.pm,v'.
   Trying pattern rule with stem `Catalog.pm'.
   Trying implicit prerequisite `../../../src/backend/catalog/RCS/Catalog.pm'.
   Trying pattern rule with stem `Catalog.pm'.
   Trying implicit prerequisite `../../../src/backend/catalog/s.Catalog.pm'.
   Trying pattern rule with stem `Catalog.pm'.
   Trying implicit prerequisite `../../../src/backend/catalog/SCCS/s.Catalog.pm'.
    Trying implicit prerequisite `SCCS/s.Makefile.m'.
     Trying implicit prerequisite `SCCS/s.Makefile.lm'.
     Trying implicit prerequisite `RCS/Makefile.r,v'.
   Trying pattern rule with stem `Catalog.pm'.
    Trying pattern rule with stem `Makefile'.
    Trying pattern rule with stem `Makefile'.
    Trying implicit prerequisite `Makefile.ym'.
   Trying pattern rule with stem `Makefile'.
  Trying pattern rule with stem `Makefile'.
   Trying implicit prerequisite `../../../src/backend/catalog/Catalog.pm.o'.
    Trying implicit prerequisite `Makefile.ym'.
     Trying pattern rule with stem `Makefile.r'.
  Rejecting impossible implicit prerequisite `Makefile.S'.
   Looking for a rule with intermediate file `../../../src/backend/catalog/Catalog.pm.o'.
    Looking for a rule with intermediate file `Makefile.ym'.
   Rejecting impossible implicit prerequisite `Makefile.r'.
    Trying pattern rule with stem `Makefile'.
     Trying implicit prerequisite `RCS/Makefile.r'.
  Trying pattern rule with stem `Makefile'.
   Trying pattern rule with stem `Makefile'.
    Avoiding implicit rule recursion.
    Trying implicit prerequisite `Makefile.lm'.
    Trying pattern rule with stem `Catalog.pm'.
     Trying pattern rule with stem `Makefile.r'.
     Avoiding implicit rule recursion.
  Rejecting impossible implicit prerequisite `Makefile.mod'.
   Trying implicit prerequisite `Makefile.s'.
    Trying pattern rule with stem `Makefile.m'.
    Trying implicit prerequisite `../../../src/backend/catalog/Catalog.pm.c'.
     Avoiding implicit rule recursion.
    Trying implicit prerequisite `Makefile.m,v'.
    Trying pattern rule with stem `Catalog.pm'.
    Trying pattern rule with stem `Makefile.m'.
    Trying implicit prerequisite `../../../src/backend/catalog/Catalog.pm.cc'.
     Avoiding implicit rule recursion.
    Trying implicit prerequisite `RCS/Makefile.m,v'.
     Trying implicit prerequisite `s.Makefile.r'.
    Trying pattern rule with stem `Catalog.pm'.
   Looking for a rule with intermediate file `Makefile.s'.
    Trying implicit prerequisite `../../../src/backend/catalog/Catalog.pm.C'.
     Trying pattern rule with stem `Makefile.ym'.
    Trying pattern rule with stem `Makefile.m'.
    Avoiding implicit rule recursion.
     Trying implicit prerequisite `Makefile.ym,v'.
    Trying implicit prerequisite `RCS/Makefile.m'.
     Trying pattern rule with stem `Makefile.ym'.
    Avoiding implicit rule recursion.
    Trying pattern rule with stem `Catalog.pm'.
     Trying implicit prerequisite `RCS/Makefile.ym,v'.
    Trying implicit prerequisite `../../../src/backend/catalog/Catalog.pm.cpp'.
  Trying pattern rule with stem `Makefile'.
    Trying pattern rule with stem `Makefile.m'.
     Trying pattern rule with stem `Makefile.r'.
    Trying implicit prerequisite `s.Makefile.m'.
    Trying pattern rule with stem `Makefile.m'.
    Trying pattern rule with stem `Makefile'.
    Trying pattern rule with stem `Catalog.pm'.
     Trying implicit prerequisite `SCCS/s.Makefile.r'.
  Trying implicit prerequisite `Makefile.sh'.
     Trying pattern rule with stem `Makefile.ym'.
   Trying pattern rule with stem `Makefile'.
     Trying implicit prerequisite `RCS/Makefile.ym'.
    Trying implicit prerequisite `SCCS/s.Makefile.m'.
    Trying implicit prerequisite `../../../src/backend/catalog/Catalog.pm.p'.
    Trying implicit prerequisite `Makefile.S'.
   Rejecting impossible implicit prerequisite `Makefile.F'.
  Looking for a rule with intermediate file `Makefile.sh'.
    Trying pattern rule with stem `Makefile'.
   Avoiding implicit rule recursion.
    Trying implicit prerequisite `Makefile.ym'.
    Trying pattern rule with stem `Catalog.pm'.
    Trying pattern rule with stem `Makefile.s'.
     Trying pattern rule with stem `Makefile.ym'.
   Trying pattern rule with stem `Makefile'.
   Trying pattern rule with stem `Makefile.sh'.
    Looking for a rule with intermediate file `Makefile.ym'.
     Trying implicit prerequisite `s.Makefile.ym'.
     Avoiding implicit rule recursion.
   Trying implicit prerequisite `Makefile.sh,v'.
    Trying implicit prerequisite `Makefile.s,v'.
    Trying implicit prerequisite `../../../src/backend/catalog/Catalog.pm.f'.
   Trying pattern rule with stem `Makefile.sh'.
     Trying pattern rule with stem `Makefile.ym'.
    Trying pattern rule with stem `Makefile.s'.
     Avoiding implicit rule recursion.
   Trying implicit prerequisite `Makefile.m'.
    Trying pattern rule with stem `Catalog.pm'.
   Trying implicit prerequisite `RCS/Makefile.sh,v'.
     Trying implicit prerequisite `SCCS/s.Makefile.ym'.
     Avoiding implicit rule recursion.
   Looking for a rule with intermediate file `Makefile.m'.
    Trying implicit prerequisite `../../../src/backend/catalog/Catalog.pm.F'.
   Trying pattern rule with stem `Makefile.sh'.
    Trying implicit prerequisite `RCS/Makefile.s,v'.
    Trying pattern rule with stem `Makefile'.
    Avoiding implicit rule recursion.
    Trying implicit prerequisite `Makefile.lm'.
    Trying pattern rule with stem `Catalog.pm'.
     Trying pattern rule with stem `Makefile.ym'.
    Trying implicit prerequisite `../../../src/backend/catalog/Catalog.pm.m'.
   Trying implicit prerequisite `RCS/Makefile.sh'.
     Trying implicit prerequisite `Makefile.ym,v'.
    Trying pattern rule with stem `Catalog.pm'.
     Trying pattern rule with stem `Makefile.ym'.
    Looking for a rule with intermediate file `Makefile.lm'.
     Trying implicit prerequisite `RCS/Makefile.ym,v'.
     Avoiding implicit rule recursion.
   Trying pattern rule with stem `Makefile.sh'.
     Avoiding implicit rule recursion.
    Avoiding implicit rule recursion.
    Trying implicit prerequisite `../../../src/backend/catalog/Catalog.pm.r'.
    Trying pattern rule with stem `Makefile.s'.
     Avoiding implicit rule recursion.
    Trying implicit prerequisite `RCS/Makefile.s'.
     Trying pattern rule with stem `Makefile.ym'.
   Trying implicit prerequisite `s.Makefile.sh'.
    Trying pattern rule with stem `Makefile'.
    Trying pattern rule with stem `Makefile.s'.
   Trying pattern rule with stem `Makefile.sh'.
    Trying implicit prerequisite `s.Makefile.s'.
    Trying implicit prerequisite `Makefile.ym'.
     Trying pattern rule with stem `Makefile.lm'.
   Trying implicit prerequisite `SCCS/s.Makefile.sh'.
    Trying pattern rule with stem `Catalog.pm'.
  No implicit rule found for `Makefile'.
    Trying implicit prerequisite `../../../src/backend/catalog/Catalog.pm.s'.
    Trying pattern rule with stem `Makefile.s'.
    Trying pattern rule with stem `Makefile'.
     Trying implicit prerequisite `Makefile.lm,v'.
    Trying implicit prerequisite `Makefile.lm'.
  Finished prerequisites of target file `Makefile'.
    Trying pattern rule with stem `Catalog.pm'.
    Trying pattern rule with stem `Makefile.m'.
    Trying implicit prerequisite `../../../src/backend/catalog/Catalog.pm.S'.
    Trying implicit prerequisite `SCCS/s.Makefile.s'.
     Trying implicit prerequisite `RCS/Makefile.ym'.
    Trying implicit prerequisite `Makefile.m,v'.
    Trying pattern rule with stem `Catalog.pm'.
    Trying pattern rule with stem `Makefile'.
     Trying pattern rule with stem `Makefile.ym'.
    Trying implicit prerequisite `../../../src/backend/catalog/Catalog.pm.mod'.
 No need to remake target `Makefile'.
    Trying pattern rule with stem `Makefile.m'.
     Trying implicit prerequisite `s.Makefile.ym'.
    Trying implicit prerequisite `RCS/Makefile.m,v'.
    Trying pattern rule with stem `Catalog.pm.o'.
    Trying implicit prerequisite `Makefile.S'.
    Trying implicit prerequisite `../../../src/backend/catalog/Catalog.pm.o,v'.
    Trying pattern rule with stem `Catalog.pm.o'.
Updating goal targets....
    Trying pattern rule with stem `Makefile.m'.
Considering target file `generated-header-symlinks'.
    Looking for a rule with intermediate file `Makefile.S'.
    Trying implicit prerequisite `RCS/Makefile.m'.
 File `generated-header-symlinks' does not exist.
    Trying pattern rule with stem `Makefile.m'.
     Trying pattern rule with stem `Makefile.ym'.
    Trying implicit prerequisite `../../../src/backend/catalog/RCS/Catalog.pm.o,v'.
    Looking for an implicit rule for `Gen_fmgrtab.pl'.
     Trying pattern rule with stem `Makefile.lm'.
    Trying pattern rule with stem `Catalog.pm.o'.
    Trying implicit prerequisite `s.Makefile.m'.
    Trying implicit prerequisite `../../../src/backend/catalog/RCS/Catalog.pm.o'.
     Trying implicit prerequisite `RCS/Makefile.lm,v'.
     Trying implicit prerequisite `SCCS/s.Makefile.ym'.
     Trying pattern rule with stem `Makefile.lm'.
    Trying pattern rule with stem `Makefile'.
    Trying pattern rule with stem `Makefile.m'.
     Avoiding implicit rule recursion.
     Trying implicit prerequisite `RCS/Makefile.lm'.
    Trying implicit prerequisite `SCCS/s.Makefile.m'.
    Trying implicit prerequisite `Makefile.lm'.
    Trying pattern rule with stem `Gen_fmgrtab.pl'.
    Looking for a rule with intermediate file `Makefile.lm'.
     Avoiding implicit rule recursion.
    Trying implicit prerequisite `Gen_fmgrtab.pl.o'.
     Trying pattern rule with stem `Makefile.lm'.
     Avoiding implicit rule recursion.
    Trying pattern rule with stem `Catalog.pm.o'.
     Avoiding implicit rule recursion.
    Trying pattern rule with stem `Makefile'.
     Trying implicit prerequisite `s.Makefile.lm'.
     Avoiding implicit rule recursion.
     Trying pattern rule with stem `Makefile.lm'.
     Avoiding implicit rule recursion.
     Trying implicit prerequisite `SCCS/s.Makefile.lm'.
    Trying implicit prerequisite `../../../src/backend/catalog/s.Catalog.pm.o'.
     Trying pattern rule with stem `Makefile.lm'.
    Trying implicit prerequisite `Makefile.ym'.
    Trying pattern rule with stem `Catalog.pm.o'.
   Trying pattern rule with stem `Makefile'.
    Trying pattern rule with stem `Gen_fmgrtab.pl'.
    Looking for a rule with intermediate file `Makefile.ym'.
     Trying pattern rule with stem `Makefile.S'.
   Rejecting impossible implicit prerequisite `Makefile.r'.
     Trying implicit prerequisite `Makefile.lm,v'.
   Trying pattern rule with stem `Makefile'.
     Trying pattern rule with stem `Makefile.lm'.
     Avoiding implicit rule recursion.
    Trying implicit prerequisite `Gen_fmgrtab.pl.cc'.
     Trying implicit prerequisite `Makefile.S,v'.
    Trying pattern rule with stem `Gen_fmgrtab.pl'.
   Trying implicit prerequisite `Makefile.s'.
     Trying implicit prerequisite `RCS/Makefile.lm,v'.
    Trying implicit prerequisite `../../../src/backend/catalog/SCCS/s.Catalog.pm.o'.
     Avoiding implicit rule recursion.
   Looking for a rule with intermediate file `Makefile.s'.
     Avoiding implicit rule recursion.
    Avoiding implicit rule recursion.
    Trying pattern rule with stem `Catalog.pm'.
     Trying pattern rule with stem `Makefile.S'.
     Trying pattern rule with stem `Makefile.lm'.
     Trying pattern rule with stem `Makefile.ym'.
     Trying implicit prerequisite `RCS/Makefile.lm'.
     Trying implicit prerequisite `Makefile.ym,v'.
     Trying pattern rule with stem `Makefile.lm'.
    Trying implicit prerequisite `Gen_fmgrtab.pl.C'.
    Trying implicit prerequisite `../../../src/backend/catalog/Catalog.pm.c'.
     Trying implicit prerequisite `s.Makefile.lm'.
    Avoiding implicit rule recursion.
     Trying pattern rule with stem `Makefile.lm'.
    Trying pattern rule with stem `Gen_fmgrtab.pl'.
    Looking for a rule with intermediate file `../../../src/backend/catalog/Catalog.pm.c'.
    Trying implicit prerequisite `Gen_fmgrtab.pl.cpp'.
     Trying pattern rule with stem `Makefile.ym'.
    Trying pattern rule with stem `Gen_fmgrtab.pl'.
     Trying implicit prerequisite `SCCS/s.Makefile.lm'.
    Trying implicit prerequisite `Gen_fmgrtab.pl.p'.
     Trying implicit prerequisite `RCS/Makefile.ym,v'.
    Trying pattern rule with stem `Makefile'.
    Trying pattern rule with stem `Gen_fmgrtab.pl'.
     Avoiding implicit rule recursion.
    Trying implicit prerequisite `Gen_fmgrtab.pl.f'.
     Trying implicit prerequisite `RCS/Makefile.S,v'.
    Trying implicit prerequisite `Makefile.S'.
   Trying pattern rule with stem `Makefile'.
     Trying pattern rule with stem `Makefile.S'.
    Trying pattern rule with stem `Gen_fmgrtab.pl'.
     Trying pattern rule with stem `Makefile.ym'.
    Trying pattern rule with stem `Makefile.s'.
     Trying implicit prerequisite `RCS/Makefile.S'.
    Trying implicit prerequisite `Gen_fmgrtab.pl.F'.
     Trying implicit prerequisite `RCS/Makefile.ym'.
    Trying implicit prerequisite `Makefile.s,v'.
     Trying pattern rule with stem `Makefile.ym'.
     Avoiding implicit rule recursion.
   Rejecting impossible implicit prerequisite `Makefile.r'.
     Trying pattern rule with stem `Makefile.S'.
    Trying pattern rule with stem `Makefile.s'.
     Trying implicit prerequisite `s.Makefile.S'.
    Trying pattern rule with stem `Gen_fmgrtab.pl'.
     Trying implicit prerequisite `s.Makefile.ym'.
    Trying implicit prerequisite `Gen_fmgrtab.pl.m'.
    Trying implicit prerequisite `RCS/Makefile.s,v'.
    Trying pattern rule with stem `Gen_fmgrtab.pl'.
     Trying pattern rule with stem `Catalog.pm'.
    Trying implicit prerequisite `Gen_fmgrtab.pl.r'.
     Trying implicit prerequisite `../../../src/backend/catalog/Catalog.pm.l'.
     Trying pattern rule with stem `Makefile.ym'.
    Trying pattern rule with stem `Gen_fmgrtab.pl'.
     Trying pattern rule with stem `Catalog.pm'.
   Trying pattern rule with stem `Makefile'.
     Trying pattern rule with stem `Makefile.S'.
   Trying implicit prerequisite `Makefile.s'.
    Trying implicit prerequisite `Gen_fmgrtab.pl.s'.
     Trying implicit prerequisite `SCCS/s.Makefile.S'.
     Trying implicit prerequisite `SCCS/s.Makefile.ym'.
    Trying pattern rule with stem `Gen_fmgrtab.pl'.
     Trying implicit prerequisite `../../../src/backend/catalog/Catalog.pm.y'.
    Trying pattern rule with stem `Makefile'.
   Looking for a rule with intermediate file `Makefile.s'.
    Trying implicit prerequisite `Makefile.lm'.
    Avoiding implicit rule recursion.
     Trying pattern rule with stem `Catalog.pm'.
   Trying pattern rule with stem `Makefile'.
    Avoiding implicit rule recursion.
    Trying pattern rule with stem `Makefile.s'.
    Trying pattern rule with stem `Makefile'.
   Rejecting impossible implicit prerequisite `Makefile.S'.
    Trying implicit prerequisite `Makefile.S'.
    Looking for a rule with intermediate file `Makefile.lm'.
     Trying implicit prerequisite `../../../src/backend/catalog/Catalog.pm.w'.
    Trying implicit prerequisite `Gen_fmgrtab.pl.S'.
   Trying pattern rule with stem `Makefile'.
    Trying pattern rule with stem `Makefile.s'.
    Trying implicit prerequisite `RCS/Makefile.s'.
     Avoiding implicit rule recursion.
     Trying pattern rule with stem `Catalog.pm'.
    Trying pattern rule with stem `Makefile.s'.
    Trying pattern rule with stem `Gen_fmgrtab.pl'.
    Trying implicit prerequisite `s.Makefile.s'.
    Trying implicit prerequisite `Gen_fmgrtab.pl.mod'.
     Avoiding implicit rule recursion.
    Trying pattern rule with stem `Makefile.s'.
    Trying implicit prerequisite `Makefile.s,v'.
   Trying implicit prerequisite `Makefile.mod'.
     Avoiding implicit rule recursion.
     Trying implicit prerequisite `../../../src/backend/catalog/Catalog.pm.w'.
    Trying pattern rule with stem `Gen_fmgrtab.pl'.
    Trying implicit prerequisite `SCCS/s.Makefile.s'.
     Trying pattern rule with stem `Makefile.lm'.
    Trying implicit prerequisite `Gen_fmgrtab.pl.sh'.
   Looking for a rule with intermediate file `Makefile.mod'.
     Trying implicit prerequisite `Makefile.lm,v'.
    Avoiding implicit rule recursion.
    Trying pattern rule with stem `Gen_fmgrtab.pl'.
    Avoiding implicit rule recursion.
    Trying implicit prerequisite `Gen_fmgrtab.pl,v'.
    Trying pattern rule with stem `Makefile.s'.
    Trying pattern rule with stem `Makefile'.
    Trying pattern rule with stem `Makefile.mod'.
    Trying implicit prerequisite `RCS/Makefile.s,v'.
     Trying pattern rule with stem `Makefile.lm'.
    Trying implicit prerequisite `Makefile.mod,v'.
     Trying pattern rule with stem `Catalog.pm.c'.
    Trying implicit prerequisite `Makefile.S'.
    Trying pattern rule with stem `Makefile.mod'.
     Trying implicit prerequisite `../../../src/backend/catalog/Catalog.pm.c,v'.
    Trying implicit prerequisite `RCS/Makefile.mod,v'.
     Trying implicit prerequisite `RCS/Makefile.lm,v'.
    Looking for a rule with intermediate file `Makefile.S'.
     Trying pattern rule with stem `Makefile.lm'.
    Trying pattern rule with stem `Makefile.mod'.
     Avoiding implicit rule recursion.
     Trying implicit prerequisite `RCS/Makefile.lm'.
    Trying pattern rule with stem `Makefile.s'.
    Trying pattern rule with stem `Gen_fmgrtab.pl'.
    Trying implicit prerequisite `RCS/Makefile.s'.
    Trying implicit prerequisite `RCS/Gen_fmgrtab.pl,v'.
    Trying implicit prerequisite `RCS/Makefile.mod'.
    Trying pattern rule with stem `Makefile.s'.
     Trying pattern rule with stem `Makefile.lm'.
     Avoiding implicit rule recursion.
    Trying pattern rule with stem `Gen_fmgrtab.pl'.
    Trying pattern rule with stem `Makefile.mod'.
    Trying implicit prerequisite `s.Makefile.s'.
     Trying implicit prerequisite `s.Makefile.lm'.
     Avoiding implicit rule recursion.
     Trying pattern rule with stem `Makefile.lm'.
     Trying pattern rule with stem `Catalog.pm.c'.
    Trying implicit prerequisite `RCS/Gen_fmgrtab.pl'.
     Trying implicit prerequisite `../../../src/backend/catalog/RCS/Catalog.pm.c,v'.
    Trying pattern rule with stem `Makefile.s'.
    Trying pattern rule with stem `Gen_fmgrtab.pl'.
    Trying implicit prerequisite `s.Makefile.mod'.
     Trying pattern rule with stem `Catalog.pm.c'.
     Trying implicit prerequisite `SCCS/s.Makefile.lm'.
     Trying implicit prerequisite `../../../src/backend/catalog/RCS/Catalog.pm.c'.
    Trying implicit prerequisite `s.Gen_fmgrtab.pl'.
    Trying implicit prerequisite `SCCS/s.Makefile.s'.
     Trying pattern rule with stem `Makefile.S'.
     Trying pattern rule with stem `Catalog.pm.c'.
   Trying pattern rule with stem `Makefile'.
    Trying pattern rule with stem `Makefile.mod'.
   Rejecting impossible implicit prerequisite `Makefile.r'.
    Trying pattern rule with stem `Gen_fmgrtab.pl'.
     Trying implicit prerequisite `Makefile.S,v'.
    Trying implicit prerequisite `SCCS/s.Gen_fmgrtab.pl'.
     Trying implicit prerequisite `../../../src/backend/catalog/s.Catalog.pm.c'.
    Trying implicit prerequisite `SCCS/s.Makefile.mod'.
    Trying pattern rule with stem `Makefile'.
  Trying pattern rule with stem `Makefile'.
    Trying implicit prerequisite `Makefile.S'.
   Trying pattern rule with stem `Makefile'.
    Trying pattern rule with stem `Gen_fmgrtab.pl'.
   Trying implicit prerequisite `Makefile.s'.
    Trying implicit prerequisite `Gen_fmgrtab.pl.o'.
  Rejecting impossible implicit prerequisite `Makefile.cc'.
     Trying pattern rule with stem `Makefile.S'.
     Trying pattern rule with stem `Catalog.pm.c'.
     Trying implicit prerequisite `RCS/Makefile.S,v'.
     Trying implicit prerequisite `../../../src/backend/catalog/SCCS/s.Catalog.pm.c'.
     Trying pattern rule with stem `Makefile.S'.
  Trying pattern rule with stem `Makefile'.
   Looking for a rule with intermediate file `Makefile.s'.
  Rejecting impossible implicit prerequisite `Makefile.C'.
     Trying pattern rule with stem `Catalog.pm'.
     Trying implicit prerequisite `RCS/Makefile.S'.
    Looking for a rule with intermediate file `Gen_fmgrtab.pl.o'.
     Trying pattern rule with stem `Makefile.S'.
  Trying pattern rule with stem `Makefile'.
    Avoiding implicit rule recursion.
     Trying implicit prerequisite `../../../src/backend/catalog/Catalog.pm.l'.
     Avoiding implicit rule recursion.
    Looking for a rule with intermediate file `Makefile.S'.
  Rejecting impossible implicit prerequisite `Makefile.cpp'.
     Avoiding implicit rule recursion.
    Avoiding implicit rule recursion.
  Trying pattern rule with stem `Makefile'.
     Avoiding implicit rule recursion.
  Rejecting impossible implicit prerequisite `Makefile.p'.
     Trying implicit prerequisite `s.Makefile.S'.
  Trying pattern rule with stem `Makefile'.
     Avoiding implicit rule recursion.
  Rejecting impossible implicit prerequisite `Makefile.f'.
     Trying pattern rule with stem `Gen_fmgrtab.pl'.
     Trying pattern rule with stem `Makefile.S'.
    Trying pattern rule with stem `Makefile'.
  Trying pattern rule with stem `Makefile'.
    Trying implicit prerequisite `Makefile.S'.
     Trying pattern rule with stem `Makefile.S'.
     Looking for a rule with intermediate file `../../../src/backend/catalog/Catalog.pm.l'.
  Rejecting impossible implicit prerequisite `Makefile.F'.
     Trying implicit prerequisite `Gen_fmgrtab.pl.c'.
      Avoiding implicit rule recursion.
  Trying pattern rule with stem `Makefile'.
     Trying implicit prerequisite `SCCS/s.Makefile.S'.
      Avoiding implicit rule recursion.
   Trying pattern rule with stem `Makefile'.
      Avoiding implicit rule recursion.
    Trying pattern rule with stem `Makefile.s'.
   Rejecting impossible implicit prerequisite `Makefile.S'.
    Trying implicit prerequisite `Makefile.s,v'.
     Trying implicit prerequisite `Makefile.S,v'.
   Trying pattern rule with stem `Makefile'.
     Trying pattern rule with stem `Gen_fmgrtab.pl'.
   Trying implicit prerequisite `Makefile.mod'.
      Trying pattern rule with stem `Catalog.pm.l'.
    Trying pattern rule with stem `Makefile.s'.
   Looking for a rule with intermediate file `Makefile.mod'.
    Trying implicit prerequisite `RCS/Makefile.s,v'.
    Avoiding implicit rule recursion.
    Trying pattern rule with stem `Makefile.s'.
    Avoiding implicit rule recursion.
     Trying implicit prerequisite `Gen_fmgrtab.pl.cc'.
    Trying pattern rule with stem `Makefile.mod'.
      Trying implicit prerequisite `../../../src/backend/catalog/Catalog.pm.l,v'.
     Trying pattern rule with stem `Makefile.S'.
      Trying pattern rule with stem `Catalog.pm.l'.
    Trying implicit prerequisite `RCS/Makefile.s'.
    Trying implicit prerequisite `Makefile.mod,v'.
     Trying implicit prerequisite `RCS/Makefile.S,v'.
     Trying pattern rule with stem `Gen_fmgrtab.pl'.
    Trying pattern rule with stem `Makefile.mod'.
      Trying implicit prerequisite `../../../src/backend/catalog/RCS/Catalog.pm.l,v'.
    Trying implicit prerequisite `RCS/Makefile.mod,v'.
  Rejecting impossible implicit prerequisite `Makefile.m'.
    Trying pattern rule with stem `Makefile.s'.
    Trying pattern rule with stem `Makefile.mod'.
     Trying pattern rule with stem `Makefile.S'.
    Trying implicit prerequisite `s.Makefile.s'.
  Trying pattern rule with stem `Makefile'.
      Trying pattern rule with stem `Catalog.pm.l'.
    Trying pattern rule with stem `Makefile.s'.
  Rejecting impossible implicit prerequisite `Makefile.r'.
    Trying implicit prerequisite `RCS/Makefile.mod'.
     Trying implicit prerequisite `RCS/Makefile.S'.
    Trying pattern rule with stem `Makefile.mod'.
      Trying implicit prerequisite `../../../src/backend/catalog/RCS/Catalog.pm.l'.
    Trying implicit prerequisite `s.Makefile.mod'.
      Trying pattern rule with stem `Catalog.pm.l'.
    Trying implicit prerequisite `SCCS/s.Makefile.s'.
     Trying pattern rule with stem `Makefile.S'.
     Trying implicit prerequisite `Gen_fmgrtab.pl.C'.
      Trying implicit prerequisite `../../../src/backend/catalog/s.Catalog.pm.l'.
     Trying implicit prerequisite `s.Makefile.S'.
    Trying pattern rule with stem `Makefile.mod'.
  Trying pattern rule with stem `Makefile'.
     Trying pattern rule with stem `Makefile.S'.
  Rejecting impossible implicit prerequisite `Makefile.s'.
    Trying implicit prerequisite `SCCS/s.Makefile.mod'.
    Trying pattern rule with stem `Makefile'.
     Trying implicit prerequisite `SCCS/s.Makefile.S'.
      Trying pattern rule with stem `Catalog.pm.l'.
     Trying pattern rule with stem `Gen_fmgrtab.pl'.
    Trying implicit prerequisite `Makefile.S'.
   Trying pattern rule with stem `Makefile'.
  Trying pattern rule with stem `Makefile'.
      Trying implicit prerequisite `../../../src/backend/catalog/SCCS/s.Catalog.pm.l'.
  Rejecting impossible implicit prerequisite `Makefile.cc'.
     Trying pattern rule with stem `Catalog.pm'.
  Trying pattern rule with stem `Makefile'.
     Trying implicit prerequisite `Gen_fmgrtab.pl.cpp'.
  Rejecting impossible implicit prerequisite `Makefile.C'.
     Trying implicit prerequisite `../../../src/backend/catalog/Catalog.pm.y'.
   Rejecting impossible implicit prerequisite `Makefile.S'.
     Looking for a rule with intermediate file `../../../src/backend/catalog/Catalog.pm.y'.
    Looking for a rule with intermediate file `Makefile.S'.
   Trying pattern rule with stem `Makefile'.
      Avoiding implicit rule recursion.
  Trying pattern rule with stem `Makefile'.
      Avoiding implicit rule recursion.
  Rejecting impossible implicit prerequisite `Makefile.cpp'.
     Trying pattern rule with stem `Gen_fmgrtab.pl'.
   Trying implicit prerequisite `Makefile.mod'.
  Trying pattern rule with stem `Makefile'.
      Avoiding implicit rule recursion.
  Trying pattern rule with stem `Makefile'.
     Trying implicit prerequisite `Gen_fmgrtab.pl.p'.
     Avoiding implicit rule recursion.
  Rejecting impossible implicit prerequisite `Makefile.S'.
      Trying pattern rule with stem `Catalog.pm.y'.
     Avoiding implicit rule recursion.
      Trying implicit prerequisite `../../../src/backend/catalog/Catalog.pm.y,v'.
     Trying pattern rule with stem `Gen_fmgrtab.pl'.
  Rejecting impossible implicit prerequisite `Makefile.p'.
     Trying implicit prerequisite `Gen_fmgrtab.pl.f'.
     Avoiding implicit rule recursion.
  Trying pattern rule with stem `Makefile'.
     Trying pattern rule with stem `Gen_fmgrtab.pl'.
  Trying pattern rule with stem `Makefile'.
      Trying pattern rule with stem `Catalog.pm.y'.
  Rejecting impossible implicit prerequisite `Makefile.f'.
  Rejecting impossible implicit prerequisite `Makefile.mod'.
     Trying implicit prerequisite `Gen_fmgrtab.pl.F'.
   Looking for a rule with intermediate file `Makefile.mod'.
  Trying pattern rule with stem `Makefile'.
      Trying implicit prerequisite `../../../src/backend/catalog/RCS/Catalog.pm.y,v'.
    Avoiding implicit rule recursion.
      Trying pattern rule with stem `Catalog.pm.y'.
     Trying pattern rule with stem `Makefile.S'.
  Trying pattern rule with stem `Makefile'.
     Trying implicit prerequisite `Makefile.S,v'.
  Rejecting impossible implicit prerequisite `Makefile.F'.
    Avoiding implicit rule recursion.
  Trying pattern rule with stem `Makefile'.
     Trying pattern rule with stem `Makefile.S'.
      Trying implicit prerequisite `../../../src/backend/catalog/RCS/Catalog.pm.y'.
     Trying pattern rule with stem `Gen_fmgrtab.pl'.
      Trying pattern rule with stem `Catalog.pm.y'.
    Trying pattern rule with stem `Makefile.mod'.
     Trying implicit prerequisite `Gen_fmgrtab.pl.m'.
  Trying implicit prerequisite `Makefile.sh'.
     Trying pattern rule with stem `Gen_fmgrtab.pl'.
  Rejecting impossible implicit prerequisite `Makefile.m'.
  Looking for a rule with intermediate file `Makefile.sh'.
    Trying implicit prerequisite `Makefile.mod,v'.
     Trying implicit prerequisite `Gen_fmgrtab.pl.r'.
     Trying implicit prerequisite `RCS/Makefile.S,v'.
    Trying pattern rule with stem `Makefile.mod'.
      Trying implicit prerequisite `../../../src/backend/catalog/s.Catalog.pm.y'.
     Trying pattern rule with stem `Makefile.S'.
   Avoiding implicit rule recursion.
      Trying pattern rule with stem `Catalog.pm.y'.
     Trying pattern rule with stem `Gen_fmgrtab.pl'.
     Trying implicit prerequisite `RCS/Makefile.S'.
  Trying pattern rule with stem `Makefile'.
      Trying implicit prerequisite `../../../src/backend/catalog/SCCS/s.Catalog.pm.y'.
    Trying implicit prerequisite `RCS/Makefile.mod,v'.
  Rejecting impossible implicit prerequisite `Makefile.r'.
     Trying implicit prerequisite `Gen_fmgrtab.pl.s'.
    Trying pattern rule with stem `Makefile.mod'.
     Trying pattern rule with stem `Gen_fmgrtab.pl'.
    Trying implicit prerequisite `RCS/Makefile.mod'.
  Trying pattern rule with stem `Makefile'.
    Trying pattern rule with stem `Makefile.mod'.
  Rejecting impossible implicit prerequisite `Makefile.s'.
    Trying implicit prerequisite `s.Makefile.mod'.
     Trying pattern rule with stem `Makefile.S'.
    Trying pattern rule with stem `Makefile.mod'.
     Trying implicit prerequisite `s.Makefile.S'.
  Trying pattern rule with stem `Makefile'.
     Trying pattern rule with stem `Catalog.pm'.
   Trying pattern rule with stem `Makefile.sh'.
     Trying implicit prerequisite `Gen_fmgrtab.pl.S'.
  Rejecting impossible implicit prerequisite `Makefile.S'.
     Trying implicit prerequisite `../../../src/backend/catalog/Catalog.pm.w'.
  Trying pattern rule with stem `Makefile'.
     Trying pattern rule with stem `Makefile.S'.
     Trying pattern rule with stem `Gen_fmgrtab.pl'.
     Looking for a rule with intermediate file `../../../src/backend/catalog/Catalog.pm.w'.
    Trying implicit prerequisite `SCCS/s.Makefile.mod'.
  Rejecting impossible implicit prerequisite `Makefile.mod'.
     Trying implicit prerequisite `Gen_fmgrtab.pl.mod'.
   Trying implicit prerequisite `Makefile.sh,v'.
      Avoiding implicit rule recursion.
     Trying pattern rule with stem `Gen_fmgrtab.pl.o'.
  Trying pattern rule with stem `Makefile'.
     Trying implicit prerequisite `SCCS/s.Makefile.S'.
      Avoiding implicit rule recursion.
   Trying pattern rule with stem `Makefile'.
     Trying implicit prerequisite `Gen_fmgrtab.pl.o,v'.
      Avoiding implicit rule recursion.
  Trying pattern rule with stem `Makefile'.
     Trying pattern rule with stem `Gen_fmgrtab.pl.o'.
   Trying pattern rule with stem `Makefile.sh'.
      Trying pattern rule with stem `Catalog.pm.w'.
     Trying implicit prerequisite `RCS/Gen_fmgrtab.pl.o,v'.
  Trying implicit prerequisite `Makefile.sh'.
  Looking for a rule with intermediate file `Makefile.sh'.
   Rejecting impossible implicit prerequisite `Makefile.S'.
  Rejecting impossible implicit prerequisite `Makefile.cc'.
  Trying pattern rule with stem `Makefile'.
     Trying pattern rule with stem `Gen_fmgrtab.pl.o'.
   Trying pattern rule with stem `Makefile'.
   Trying implicit prerequisite `RCS/Makefile.sh,v'.
     Trying implicit prerequisite `RCS/Gen_fmgrtab.pl.o'.
   Avoiding implicit rule recursion.
   Trying pattern rule with stem `Makefile.sh'.
   Trying pattern rule with stem `Makefile.sh'.
   Trying implicit prerequisite `RCS/Makefile.sh'.
  Rejecting impossible implicit prerequisite `Makefile.C'.
   Trying implicit prerequisite `Makefile.sh,v'.
     Trying pattern rule with stem `Gen_fmgrtab.pl.o'.
   Trying implicit prerequisite `Makefile.mod'.
      Trying implicit prerequisite `../../../src/backend/catalog/Catalog.pm.w,v'.
   Trying pattern rule with stem `Makefile.sh'.
   Trying pattern rule with stem `Makefile.sh'.
     Trying implicit prerequisite `s.Gen_fmgrtab.pl.o'.
   Looking for a rule with intermediate file `Makefile.mod'.
      Trying pattern rule with stem `Catalog.pm.w'.
   Trying implicit prerequisite `RCS/Makefile.sh,v'.
      Trying implicit prerequisite `../../../src/backend/catalog/RCS/Catalog.pm.w,v'.
   Trying implicit prerequisite `s.Makefile.sh'.
     Trying pattern rule with stem `Gen_fmgrtab.pl.o'.
  Trying pattern rule with stem `Makefile'.
   Trying pattern rule with stem `Makefile.sh'.
   Trying pattern rule with stem `Makefile.sh'.
  Rejecting impossible implicit prerequisite `Makefile.cpp'.
     Trying implicit prerequisite `SCCS/s.Gen_fmgrtab.pl.o'.
    Avoiding implicit rule recursion.
  Trying pattern rule with stem `Makefile'.
    Avoiding implicit rule recursion.
   Trying implicit prerequisite `SCCS/s.Makefile.sh'.
      Trying pattern rule with stem `Catalog.pm.w'.
     Trying pattern rule with stem `Gen_fmgrtab.pl'.
  Rejecting impossible implicit prerequisite `Makefile.p'.
     Trying implicit prerequisite `Gen_fmgrtab.pl.c'.
    Trying pattern rule with stem `Makefile.mod'.
     Looking for a rule with intermediate file `Gen_fmgrtab.pl.c'.
   Trying implicit prerequisite `RCS/Makefile.sh'.
      Avoiding implicit rule recursion.
      Trying implicit prerequisite `../../../src/backend/catalog/RCS/Catalog.pm.w'.
      Avoiding implicit rule recursion.
  No implicit rule found for `Makefile'.
   Trying pattern rule with stem `Makefile.sh'.
  Trying pattern rule with stem `Makefile'.
      Trying pattern rule with stem `Gen_fmgrtab.pl'.
   Trying implicit prerequisite `s.Makefile.sh'.
      Trying pattern rule with stem `Catalog.pm.w'.
   Trying pattern rule with stem `Makefile.sh'.
  Rejecting impossible implicit prerequisite `Makefile.f'.
  Finished prerequisites of target file `Makefile'.
  Trying pattern rule with stem `Makefile'.
   Trying implicit prerequisite `SCCS/s.Makefile.sh'.
      Trying implicit prerequisite `Gen_fmgrtab.pl.l'.
    Trying implicit prerequisite `Makefile.mod,v'.
 No need to remake target `Makefile'.
  No implicit rule found for `Makefile'.
    Trying pattern rule with stem `Makefile.mod'.
      Trying pattern rule with stem `Gen_fmgrtab.pl'.
    Trying implicit prerequisite `RCS/Makefile.mod,v'.
      Trying implicit prerequisite `../../../src/backend/catalog/s.Catalog.pm.w'.
      Trying implicit prerequisite `Gen_fmgrtab.pl.y'.
    Trying pattern rule with stem `Makefile.mod'.
  Rejecting impossible implicit prerequisite `Makefile.F'.
Updating goal targets....
  Finished prerequisites of target file `Makefile'.
Considering target file `gram.h'.
    Trying implicit prerequisite `RCS/Makefile.mod'.
 No need to remake target `Makefile'.
 File `gram.h' does not exist.
Updating goal targets....
  Looking for an implicit rule for `gram.c'.
  Trying pattern rule with stem `Makefile'.
  Trying pattern rule with stem `gram'.
    Trying pattern rule with stem `Makefile.mod'.
Considering target file `generated-header-symlinks'.
    Trying implicit prerequisite `s.Makefile.mod'.
 File `generated-header-symlinks' does not exist.
  Rejecting impossible implicit prerequisite `Makefile.m'.
    Trying pattern rule with stem `Makefile.mod'.
  Trying implicit prerequisite `gram.l'.
    Trying implicit prerequisite `SCCS/s.Makefile.mod'.
  Trying pattern rule with stem `gram'.
  Trying pattern rule with stem `Makefile'.
  Trying implicit prerequisite `gram.y'.
      Trying pattern rule with stem `Catalog.pm.w'.
  Rejecting impossible implicit prerequisite `Makefile.r'.
      Trying pattern rule with stem `Gen_fmgrtab.pl'.
  Trying pattern rule with stem `Makefile'.
  Found an implicit rule for `gram.c'.
      Trying implicit prerequisite `Gen_fmgrtab.pl.w'.
  Trying pattern rule with stem `Makefile'.
   Considering target file `gram.y'.
    Looking for an implicit rule for `gen_node_support.pl'.
      Trying implicit prerequisite `../../../src/backend/catalog/SCCS/s.Catalog.pm.w'.
      Trying pattern rule with stem `Gen_fmgrtab.pl'.
     Trying pattern rule with stem `Catalog.pm'.
  Rejecting impossible implicit prerequisite `Makefile.cc'.
    Trying pattern rule with stem `gen_node_support.pl'.
      Trying implicit prerequisite `Gen_fmgrtab.pl.w'.
  Rejecting impossible implicit prerequisite `Makefile.s'.
    Looking for an implicit rule for `gram.y'.
     Rejecting impossible implicit prerequisite `../../../src/backend/catalog/Catalog.pm.w'.
  Trying pattern rule with stem `Makefile'.
    Trying pattern rule with stem `Catalog.pm'.
    Trying pattern rule with stem `gram.y'.
    Trying implicit prerequisite `gen_node_support.pl.o'.
  Trying pattern rule with stem `Makefile'.
  Rejecting impossible implicit prerequisite `Makefile.C'.
    Trying pattern rule with stem `gen_node_support.pl'.
      Trying pattern rule with stem `Gen_fmgrtab.pl.c'.
    Trying implicit prerequisite `gen_node_support.pl.cc'.
    Trying implicit prerequisite `../../../src/backend/catalog/Catalog.pm.cc'.
    Trying implicit prerequisite `gram.y,v'.
  Rejecting impossible implicit prerequisite `Makefile.S'.
    Trying pattern rule with stem `gen_node_support.pl'.
  Trying pattern rule with stem `Makefile'.
    Trying pattern rule with stem `gram.y'.
      Trying implicit prerequisite `Gen_fmgrtab.pl.c,v'.
  Trying pattern rule with stem `Makefile'.
      Trying pattern rule with stem `Gen_fmgrtab.pl.c'.
  Rejecting impossible implicit prerequisite `Makefile.cpp'.
    Trying implicit prerequisite `gen_node_support.pl.C'.
    Trying implicit prerequisite `RCS/gram.y,v'.
  Rejecting impossible implicit prerequisite `Makefile.mod'.
    Looking for a rule with intermediate file `../../../src/backend/catalog/Catalog.pm.cc'.
    Trying pattern rule with stem `gen_node_support.pl'.
      Trying implicit prerequisite `RCS/Gen_fmgrtab.pl.c,v'.
     Avoiding implicit rule recursion.
    Trying pattern rule with stem `gram.y'.
     Avoiding implicit rule recursion.
  Trying pattern rule with stem `Makefile'.
      Trying pattern rule with stem `Gen_fmgrtab.pl.c'.
  Trying pattern rule with stem `Makefile'.
    Trying implicit prerequisite `RCS/gram.y'.
    Trying implicit prerequisite `gen_node_support.pl.cpp'.
      Trying implicit prerequisite `RCS/Gen_fmgrtab.pl.c'.
     Trying pattern rule with stem `Catalog.pm.cc'.
  Rejecting impossible implicit prerequisite `Makefile.p'.
    Trying pattern rule with stem `gram.y'.
    Trying pattern rule with stem `gen_node_support.pl'.
      Trying pattern rule with stem `Gen_fmgrtab.pl.c'.
    Trying implicit prerequisite `gen_node_support.pl.p'.
      Trying implicit prerequisite `s.Gen_fmgrtab.pl.c'.
  Trying pattern rule with stem `Makefile'.
      Trying pattern rule with stem `Gen_fmgrtab.pl.c'.
     Trying implicit prerequisite `../../../src/backend/catalog/Catalog.pm.cc,v'.
    Trying pattern rule with stem `gen_node_support.pl'.
    Trying implicit prerequisite `s.gram.y'.
  Trying implicit prerequisite `Makefile.sh'.
     Trying pattern rule with stem `Catalog.pm.cc'.
  Rejecting impossible implicit prerequisite `Makefile.f'.
  Looking for a rule with intermediate file `Makefile.sh'.
     Trying implicit prerequisite `../../../src/backend/catalog/RCS/Catalog.pm.cc,v'.
      Trying implicit prerequisite `SCCS/s.Gen_fmgrtab.pl.c'.
   Avoiding implicit rule recursion.
    Trying implicit prerequisite `gen_node_support.pl.f'.
      Trying pattern rule with stem `Gen_fmgrtab.pl'.
    Trying pattern rule with stem `gen_node_support.pl'.
      Trying implicit prerequisite `Gen_fmgrtab.pl.l'.
    Trying implicit prerequisite `gen_node_support.pl.F'.
  Trying pattern rule with stem `Makefile'.
   Trying pattern rule with stem `Makefile.sh'.
    Trying pattern rule with stem `gen_node_support.pl'.
  Rejecting impossible implicit prerequisite `Makefile.F'.
      Looking for a rule with intermediate file `Gen_fmgrtab.pl.l'.
    Trying implicit prerequisite `gen_node_support.pl.m'.
   Trying implicit prerequisite `Makefile.sh,v'.
    Trying pattern rule with stem `gen_node_support.pl'.
    Trying pattern rule with stem `gram.y'.
       Avoiding implicit rule recursion.
  Trying pattern rule with stem `Makefile'.
    Trying implicit prerequisite `SCCS/s.gram.y'.
  Rejecting impossible implicit prerequisite `Makefile.m'.
     Trying pattern rule with stem `Catalog.pm.cc'.
    Trying implicit prerequisite `gen_node_support.pl.r'.
     Trying implicit prerequisite `../../../src/backend/catalog/RCS/Catalog.pm.cc'.
   Trying pattern rule with stem `Makefile.sh'.
       Avoiding implicit rule recursion.
    Trying pattern rule with stem `gen_node_support.pl'.
    No implicit rule found for `gram.y'.
  Trying pattern rule with stem `Makefile'.
    Trying implicit prerequisite `gen_node_support.pl.s'.
       Avoiding implicit rule recursion.
   Trying implicit prerequisite `RCS/Makefile.sh,v'.
  Rejecting impossible implicit prerequisite `Makefile.r'.
   Trying pattern rule with stem `Makefile.sh'.
    Finished prerequisites of target file `gram.y'.
  Trying pattern rule with stem `Makefile'.
    Trying pattern rule with stem `gen_node_support.pl'.
       Trying pattern rule with stem `Gen_fmgrtab.pl.l'.
    Trying implicit prerequisite `gen_node_support.pl.S'.
  Rejecting impossible implicit prerequisite `Makefile.s'.
       Trying implicit prerequisite `Gen_fmgrtab.pl.l,v'.
     Trying pattern rule with stem `Catalog.pm.cc'.
   Trying implicit prerequisite `RCS/Makefile.sh'.
    Trying pattern rule with stem `gen_node_support.pl'.
   Trying pattern rule with stem `Makefile.sh'.
     Trying implicit prerequisite `../../../src/backend/catalog/s.Catalog.pm.cc'.
  Trying pattern rule with stem `Makefile'.
       Trying pattern rule with stem `Gen_fmgrtab.pl.l'.
   No need to remake target `gram.y'.
     Trying pattern rule with stem `Catalog.pm.cc'.
 Considering target file `gram.c'.
  Rejecting impossible implicit prerequisite `Makefile.S'.
       Trying implicit prerequisite `RCS/Gen_fmgrtab.pl.l,v'.
    Trying implicit prerequisite `gen_node_support.pl.mod'.
       Trying pattern rule with stem `Gen_fmgrtab.pl.l'.
    Trying pattern rule with stem `gen_node_support.pl'.
   Trying implicit prerequisite `s.Makefile.sh'.
  Trying pattern rule with stem `Makefile'.
       Trying implicit prerequisite `RCS/Gen_fmgrtab.pl.l'.
  Rejecting impossible implicit prerequisite `Makefile.mod'.
  File `gram.c' does not exist.
       Trying pattern rule with stem `Gen_fmgrtab.pl.l'.
   Pruning file `gram.y'.
     Trying implicit prerequisite `../../../src/backend/catalog/SCCS/s.Catalog.pm.cc'.
    Trying implicit prerequisite `gen_node_support.pl.sh'.
   Trying pattern rule with stem `Makefile.sh'.
       Trying implicit prerequisite `s.Gen_fmgrtab.pl.l'.
   Trying implicit prerequisite `SCCS/s.Makefile.sh'.
  Trying pattern rule with stem `Makefile'.
       Trying pattern rule with stem `Gen_fmgrtab.pl.l'.
    Trying pattern rule with stem `Catalog.pm'.
    Trying pattern rule with stem `gen_node_support.pl'.
  No implicit rule found for `Makefile'.
  Trying implicit prerequisite `Makefile.sh'.
    Trying implicit prerequisite `gen_node_support.pl,v'.
    Trying implicit prerequisite `../../../src/backend/catalog/Catalog.pm.C'.
       Trying implicit prerequisite `SCCS/s.Gen_fmgrtab.pl.l'.
  Finished prerequisites of target file `gram.c'.
  Looking for a rule with intermediate file `Makefile.sh'.
  Finished prerequisites of target file `Makefile'.
   Avoiding implicit rule recursion.
 Must remake target `gram.c'.
   Trying pattern rule with stem `Makefile.sh'.
 No need to remake target `Makefile'.
    Looking for a rule with intermediate file `../../../src/backend/catalog/Catalog.pm.C'.
      Trying pattern rule with stem `Gen_fmgrtab.pl'.
    Trying pattern rule with stem `gen_node_support.pl'.
Need a job token; we don't have children
      Trying implicit prerequisite `Gen_fmgrtab.pl.y'.
Updating goal targets....
      Looking for a rule with intermediate file `Gen_fmgrtab.pl.y'.
     Avoiding implicit rule recursion.
    Trying implicit prerequisite `RCS/gen_node_support.pl,v'.
'/usr/bin/perl' ./check_keywords.pl gram.y ../../../src/include/parser/kwlist.h
     Avoiding implicit rule recursion.
    Trying pattern rule with stem `gen_node_support.pl'.
   Trying implicit prerequisite `Makefile.sh,v'.
Considering target file `wait_event_types.h'.
       Avoiding implicit rule recursion.
 File `wait_event_types.h' does not exist.
    Trying implicit prerequisite `RCS/gen_node_support.pl'.
       Avoiding implicit rule recursion.
     Trying pattern rule with stem `Catalog.pm.C'.
    Trying pattern rule with stem `gen_node_support.pl'.
   Trying pattern rule with stem `Makefile.sh'.
    Trying implicit prerequisite `s.gen_node_support.pl'.
       Avoiding implicit rule recursion.
   Trying implicit prerequisite `RCS/Makefile.sh,v'.
    Trying pattern rule with stem `gen_node_support.pl'.
  Considering target file `../../../../src/backend/utils/activity/wait_event_names.txt'.
    Trying implicit prerequisite `SCCS/s.gen_node_support.pl'.
       Trying pattern rule with stem `Gen_fmgrtab.pl.y'.
   Trying pattern rule with stem `Makefile.sh'.
       Trying implicit prerequisite `Gen_fmgrtab.pl.y,v'.
   Looking for an implicit rule for `../../../../src/backend/utils/activity/wait_event_names.txt'.
     Trying implicit prerequisite `../../../src/backend/catalog/Catalog.pm.C,v'.
   Trying pattern rule with stem `wait_event_names.txt'.
       Trying pattern rule with stem `Gen_fmgrtab.pl.y'.
   Trying implicit prerequisite `../../../../src/backend/utils/activity/wait_event_names.txt.o'.
    Trying pattern rule with stem `gen_node_support.pl'.
   Trying implicit prerequisite `RCS/Makefile.sh'.
   Trying pattern rule with stem `wait_event_names.txt'.
   Trying implicit prerequisite `../../../../src/backend/utils/activity/wait_event_names.txt.cc'.
   Trying pattern rule with stem `Makefile.sh'.
       Trying implicit prerequisite `RCS/Gen_fmgrtab.pl.y,v'.
   Trying implicit prerequisite `s.Makefile.sh'.
    Trying implicit prerequisite `gen_node_support.pl.o'.
       Trying pattern rule with stem `Gen_fmgrtab.pl.y'.
   Trying pattern rule with stem `Makefile.sh'.
     Trying pattern rule with stem `Catalog.pm.C'.
   Trying implicit prerequisite `SCCS/s.Makefile.sh'.
    Looking for a rule with intermediate file `gen_node_support.pl.o'.
     Trying implicit prerequisite `../../../src/backend/catalog/RCS/Catalog.pm.C,v'.
   Trying pattern rule with stem `wait_event_names.txt'.
  No implicit rule found for `Makefile'.
       Trying implicit prerequisite `RCS/Gen_fmgrtab.pl.y'.
  Finished prerequisites of target file `Makefile'.
     Trying pattern rule with stem `Catalog.pm.C'.
   Trying implicit prerequisite `../../../../src/backend/utils/activity/wait_event_names.txt.C'.
     Trying implicit prerequisite `../../../src/backend/catalog/RCS/Catalog.pm.C'.
   Trying pattern rule with stem `wait_event_names.txt'.
 No need to remake target `Makefile'.
     Trying pattern rule with stem `Catalog.pm.C'.
   Trying implicit prerequisite `../../../../src/backend/utils/activity/wait_event_names.txt.cpp'.
     Avoiding implicit rule recursion.
       Trying pattern rule with stem `Gen_fmgrtab.pl.y'.
     Trying pattern rule with stem `gen_node_support.pl'.
     Trying implicit prerequisite `../../../src/backend/catalog/s.Catalog.pm.C'.
     Trying implicit prerequisite `gen_node_support.pl.c'.
Updating goal targets....
   Trying pattern rule with stem `wait_event_names.txt'.
       Trying implicit prerequisite `s.Gen_fmgrtab.pl.y'.
   Trying implicit prerequisite `../../../../src/backend/utils/activity/wait_event_names.txt.p'.
     Trying pattern rule with stem `gen_node_support.pl'.
       Trying pattern rule with stem `Gen_fmgrtab.pl.y'.
     Trying pattern rule with stem `Catalog.pm.C'.
     Trying implicit prerequisite `gen_node_support.pl.cc'.
Considering target file `lwlocknames.h'.
       Trying implicit prerequisite `SCCS/s.Gen_fmgrtab.pl.y'.
 File `lwlocknames.h' does not exist.
     Trying implicit prerequisite `../../../src/backend/catalog/SCCS/s.Catalog.pm.C'.
  Considering target file `../../../include/storage/lwlocklist.h'.
      Trying pattern rule with stem `Gen_fmgrtab.pl'.
     Trying pattern rule with stem `gen_node_support.pl'.
   Trying pattern rule with stem `wait_event_names.txt'.
   Looking for an implicit rule for `../../../include/storage/lwlocklist.h'.
   Trying implicit prerequisite `../../../../src/backend/utils/activity/wait_event_names.txt.f'.
    Trying pattern rule with stem `Catalog.pm'.
   Trying pattern rule with stem `lwlocklist.h'.
    Trying implicit prerequisite `../../../src/backend/catalog/Catalog.pm.cpp'.
      Trying implicit prerequisite `Gen_fmgrtab.pl.w'.
    Looking for a rule with intermediate file `../../../src/backend/catalog/Catalog.pm.cpp'.
      Looking for a rule with intermediate file `Gen_fmgrtab.pl.w'.
     Avoiding implicit rule recursion.
       Avoiding implicit rule recursion.
   Trying implicit prerequisite `../../../include/storage/lwlocklist.h,v'.
       Avoiding implicit rule recursion.
   Trying pattern rule with stem `wait_event_names.txt'.
       Avoiding implicit rule recursion.
   Trying implicit prerequisite `../../../../src/backend/utils/activity/wait_event_names.txt.F'.
     Avoiding implicit rule recursion.
     Trying pattern rule with stem `Catalog.pm.cpp'.
       Trying pattern rule with stem `Gen_fmgrtab.pl.w'.
     Trying implicit prerequisite `gen_node_support.pl.C'.
     Trying pattern rule with stem `gen_node_support.pl'.
     Trying implicit prerequisite `../../../src/backend/catalog/Catalog.pm.cpp,v'.
       Trying implicit prerequisite `Gen_fmgrtab.pl.w,v'.
     Trying pattern rule with stem `Catalog.pm.cpp'.
   Trying pattern rule with stem `lwlocklist.h'.
     Trying implicit prerequisite `../../../src/backend/catalog/RCS/Catalog.pm.cpp,v'.
   Trying implicit prerequisite `../../../include/storage/RCS/lwlocklist.h,v'.
       Trying pattern rule with stem `Gen_fmgrtab.pl.w'.
     Trying pattern rule with stem `Catalog.pm.cpp'.
   Trying pattern rule with stem `lwlocklist.h'.
     Trying implicit prerequisite `../../../src/backend/catalog/RCS/Catalog.pm.cpp'.
   Trying pattern rule with stem `wait_event_names.txt'.
     Trying implicit prerequisite `gen_node_support.pl.cpp'.
     Trying pattern rule with stem `Catalog.pm.cpp'.
   Trying implicit prerequisite `../../../include/storage/RCS/lwlocklist.h'.
     Trying implicit prerequisite `../../../src/backend/catalog/s.Catalog.pm.cpp'.
   Trying pattern rule with stem `lwlocklist.h'.
       Trying implicit prerequisite `RCS/Gen_fmgrtab.pl.w,v'.
   Trying implicit prerequisite `../../../include/storage/s.lwlocklist.h'.
       Trying pattern rule with stem `Gen_fmgrtab.pl.w'.
     Trying pattern rule with stem `Catalog.pm.cpp'.
   Trying implicit prerequisite `../../../../src/backend/utils/activity/wait_event_names.txt.m'.
     Trying implicit prerequisite `../../../src/backend/catalog/SCCS/s.Catalog.pm.cpp'.
   Trying pattern rule with stem `lwlocklist.h'.
       Trying implicit prerequisite `RCS/Gen_fmgrtab.pl.w'.
   Trying implicit prerequisite `../../../include/storage/SCCS/s.lwlocklist.h'.
   Trying pattern rule with stem `wait_event_names.txt'.
    Trying pattern rule with stem `Catalog.pm'.
   No implicit rule found for `../../../include/storage/lwlocklist.h'.
       Trying pattern rule with stem `Gen_fmgrtab.pl.w'.
     Trying pattern rule with stem `gen_node_support.pl'.
    Trying implicit prerequisite `../../../src/backend/catalog/Catalog.pm.p'.
     Trying implicit prerequisite `gen_node_support.pl.p'.
   Trying implicit prerequisite `../../../../src/backend/utils/activity/wait_event_names.txt.r'.
       Trying implicit prerequisite `s.Gen_fmgrtab.pl.w'.
   Trying pattern rule with stem `wait_event_names.txt'.
   Finished prerequisites of target file `../../../include/storage/lwlocklist.h'.
    Looking for a rule with intermediate file `../../../src/backend/catalog/Catalog.pm.p'.
     Trying pattern rule with stem `gen_node_support.pl'.
   Trying implicit prerequisite `../../../../src/backend/utils/activity/wait_event_names.txt.s'.
   Trying pattern rule with stem `wait_event_names.txt'.
  No need to remake target `../../../include/storage/lwlocklist.h'.
   Trying implicit prerequisite `../../../../src/backend/utils/activity/wait_event_names.txt.S'.
  Considering target file `../../utils/activity/wait_event_names.txt'.
     Avoiding implicit rule recursion.
   Trying pattern rule with stem `wait_event_names.txt'.
     Avoiding implicit rule recursion.
     Trying implicit prerequisite `gen_node_support.pl.f'.
   Looking for an implicit rule for `../../utils/activity/wait_event_names.txt'.
   Trying implicit prerequisite `../../../../src/backend/utils/activity/wait_event_names.txt.mod'.
   Trying pattern rule with stem `wait_event_names.txt'.
       Trying pattern rule with stem `Gen_fmgrtab.pl.w'.
     Trying pattern rule with stem `Catalog.pm'.
       Trying implicit prerequisite `SCCS/s.Gen_fmgrtab.pl.w'.
     Trying pattern rule with stem `gen_node_support.pl'.
     Trying implicit prerequisite `../../../src/backend/catalog/Catalog.pm.web'.
      Trying pattern rule with stem `Gen_fmgrtab.pl'.
   Trying implicit prerequisite `../../utils/activity/wait_event_names.txt.o'.
      Rejecting impossible implicit prerequisite `Gen_fmgrtab.pl.w'.
     Trying pattern rule with stem `Catalog.pm.p'.
     Trying pattern rule with stem `Gen_fmgrtab.pl'.
     Trying implicit prerequisite `Gen_fmgrtab.pl.cc'.
     Looking for a rule with intermediate file `Gen_fmgrtab.pl.cc'.
      Avoiding implicit rule recursion.
      Avoiding implicit rule recursion.
      Trying pattern rule with stem `Gen_fmgrtab.pl.cc'.
   Trying pattern rule with stem `wait_event_names.txt'.
     Trying implicit prerequisite `../../../src/backend/catalog/Catalog.pm.p,v'.
Putting child 0x12f804ef0 (gram.c) PID 93738 on the chain.
   Trying pattern rule with stem `wait_event_names.txt'.
     Trying pattern rule with stem `Catalog.pm.p'.
     Trying implicit prerequisite `gen_node_support.pl.F'.
 Commands of `gram.c' are being run.
     Trying pattern rule with stem `gen_node_support.pl'.
   Trying implicit prerequisite `../../utils/activity/wait_event_names.txt.cc'.
      Trying implicit prerequisite `Gen_fmgrtab.pl.cc,v'.
 Finished prerequisites of target file `gram.h'.
   Trying pattern rule with stem `wait_event_names.txt'.
     Trying implicit prerequisite `../../../src/backend/catalog/RCS/Catalog.pm.p,v'.
The prerequisites of `gram.h' are being made.
   Trying implicit prerequisite `../../utils/activity/wait_event_names.txt.C'.
Live child 0x12f804ef0 (gram.c) PID 93738 
      Trying pattern rule with stem `Gen_fmgrtab.pl.cc'.
     Trying implicit prerequisite `gen_node_support.pl.m'.
   Trying pattern rule with stem `wait_event_names.txt'.
   Trying implicit prerequisite `../../../../src/backend/utils/activity/wait_event_names.txt.sh'.
      Trying implicit prerequisite `RCS/Gen_fmgrtab.pl.cc,v'.
   Trying implicit prerequisite `../../utils/activity/wait_event_names.txt.cpp'.
     Trying pattern rule with stem `gen_node_support.pl'.
     Trying pattern rule with stem `Catalog.pm.p'.
      Trying pattern rule with stem `Gen_fmgrtab.pl.cc'.
   Trying pattern rule with stem `wait_event_names.txt'.
   Trying pattern rule with stem `wait_event_names.txt'.
   Trying implicit prerequisite `../../utils/activity/wait_event_names.txt.p'.
   Trying implicit prerequisite `../../../../src/backend/utils/activity/wait_event_names.txt,v'.
      Trying implicit prerequisite `RCS/Gen_fmgrtab.pl.cc'.
   Trying pattern rule with stem `wait_event_names.txt'.
   Trying pattern rule with stem `wait_event_names.txt'.
   Trying implicit prerequisite `../../utils/activity/wait_event_names.txt.f'.
      Trying pattern rule with stem `Gen_fmgrtab.pl.cc'.
     Trying implicit prerequisite `../../../src/backend/catalog/RCS/Catalog.pm.p'.
      Trying implicit prerequisite `s.Gen_fmgrtab.pl.cc'.
   Trying implicit prerequisite `../../../../src/backend/utils/activity/RCS/wait_event_names.txt,v'.
     Trying pattern rule with stem `Catalog.pm.p'.
   Trying pattern rule with stem `wait_event_names.txt'.
     Trying implicit prerequisite `gen_node_support.pl.r'.
   Trying implicit prerequisite `../../utils/activity/wait_event_names.txt.F'.
      Trying pattern rule with stem `Gen_fmgrtab.pl.cc'.
     Trying implicit prerequisite `../../../src/backend/catalog/s.Catalog.pm.p'.
     Trying pattern rule with stem `gen_node_support.pl'.
   Trying pattern rule with stem `wait_event_names.txt'.
     Trying pattern rule with stem `Catalog.pm.p'.
   Trying implicit prerequisite `../../../../src/backend/utils/activity/RCS/wait_event_names.txt'.
     Trying implicit prerequisite `../../../src/backend/catalog/SCCS/s.Catalog.pm.p'.
   Trying pattern rule with stem `wait_event_names.txt'.
   Trying pattern rule with stem `wait_event_names.txt'.
      Trying implicit prerequisite `SCCS/s.Gen_fmgrtab.pl.cc'.
     Trying implicit prerequisite `gen_node_support.pl.s'.
     Trying pattern rule with stem `Catalog.pm'.
     Trying pattern rule with stem `Gen_fmgrtab.pl'.
     Trying pattern rule with stem `gen_node_support.pl'.
     Trying implicit prerequisite `../../../src/backend/catalog/Catalog.pm.web'.
     Trying implicit prerequisite `Gen_fmgrtab.pl.C'.
   Trying implicit prerequisite `../../utils/activity/wait_event_names.txt.m'.
   Trying implicit prerequisite `../../../../src/backend/utils/activity/s.wait_event_names.txt'.
     Trying implicit prerequisite `gen_node_support.pl.S'.
     Looking for a rule with intermediate file `Gen_fmgrtab.pl.C'.
   Trying pattern rule with stem `wait_event_names.txt'.
      Avoiding implicit rule recursion.
   Trying pattern rule with stem `wait_event_names.txt'.
     Trying pattern rule with stem `gen_node_support.pl'.
      Avoiding implicit rule recursion.
   Trying implicit prerequisite `../../utils/activity/wait_event_names.txt.r'.
     Looking for a rule with intermediate file `../../../src/backend/catalog/Catalog.pm.web'.
      Trying pattern rule with stem `Gen_fmgrtab.pl.C'.
     Trying implicit prerequisite `gen_node_support.pl.mod'.
   Trying pattern rule with stem `wait_event_names.txt'.
      Avoiding implicit rule recursion.
   Trying implicit prerequisite `../../../../src/backend/utils/activity/SCCS/s.wait_event_names.txt'.
   Trying implicit prerequisite `../../utils/activity/wait_event_names.txt.s'.
      Avoiding implicit rule recursion.
   Trying pattern rule with stem `wait_event_names.txt'.
      Avoiding implicit rule recursion.
     Trying pattern rule with stem `gen_node_support.pl.o'.
   Trying pattern rule with stem `wait_event_names.txt'.
     Trying implicit prerequisite `gen_node_support.pl.o,v'.
      Trying pattern rule with stem `Catalog.pm.web'.
   Trying implicit prerequisite `../../../../src/backend/utils/activity/wait_event_names.txt.o'.
      Trying implicit prerequisite `Gen_fmgrtab.pl.C,v'.
   Trying implicit prerequisite `../../utils/activity/wait_event_names.txt.S'.
     Trying pattern rule with stem `gen_node_support.pl.o'.
   Trying pattern rule with stem `wait_event_names.txt'.
      Trying implicit prerequisite `../../../src/backend/catalog/Catalog.pm.web,v'.
   Looking for a rule with intermediate file `../../../../src/backend/utils/activity/wait_event_names.txt.o'.
      Trying pattern rule with stem `Gen_fmgrtab.pl.C'.
     Trying implicit prerequisite `RCS/gen_node_support.pl.o,v'.
      Trying implicit prerequisite `RCS/Gen_fmgrtab.pl.C,v'.
     Trying pattern rule with stem `gen_node_support.pl.o'.
      Trying pattern rule with stem `Catalog.pm.web'.
     Trying implicit prerequisite `RCS/gen_node_support.pl.o'.
   Trying implicit prerequisite `../../utils/activity/wait_event_names.txt.mod'.
    Avoiding implicit rule recursion.
      Trying implicit prerequisite `../../../src/backend/catalog/RCS/Catalog.pm.web,v'.
    Trying pattern rule with stem `wait_event_names.txt'.
      Trying pattern rule with stem `Gen_fmgrtab.pl.C'.
   Trying pattern rule with stem `wait_event_names.txt'.
    Trying implicit prerequisite `../../../../src/backend/utils/activity/wait_event_names.txt.c'.
     Trying pattern rule with stem `gen_node_support.pl.o'.
      Trying pattern rule with stem `Catalog.pm.web'.
      Trying implicit prerequisite `RCS/Gen_fmgrtab.pl.C'.
      Trying implicit prerequisite `../../../src/backend/catalog/RCS/Catalog.pm.web'.
     Trying implicit prerequisite `s.gen_node_support.pl.o'.
      Trying pattern rule with stem `Gen_fmgrtab.pl.C'.
      Trying pattern rule with stem `Catalog.pm.web'.
      Trying implicit prerequisite `s.Gen_fmgrtab.pl.C'.
     Trying pattern rule with stem `gen_node_support.pl.o'.
   Trying implicit prerequisite `../../utils/activity/wait_event_names.txt.sh'.
      Trying implicit prerequisite `../../../src/backend/catalog/s.Catalog.pm.web'.
      Trying pattern rule with stem `Gen_fmgrtab.pl.C'.
    Trying pattern rule with stem `wait_event_names.txt'.
     Trying implicit prerequisite `SCCS/s.gen_node_support.pl.o'.
      Trying pattern rule with stem `Catalog.pm.web'.
   Trying pattern rule with stem `wait_event_names.txt'.
      Trying implicit prerequisite `../../../src/backend/catalog/SCCS/s.Catalog.pm.web'.
   Trying implicit prerequisite `../../utils/activity/wait_event_names.txt,v'.
     Trying pattern rule with stem `gen_node_support.pl'.
    Trying implicit prerequisite `../../../../src/backend/utils/activity/wait_event_names.txt.cc'.
   Trying pattern rule with stem `wait_event_names.txt'.
     Trying implicit prerequisite `gen_node_support.pl.c'.
   Trying implicit prerequisite `../../utils/activity/RCS/wait_event_names.txt,v'.
      Trying implicit prerequisite `SCCS/s.Gen_fmgrtab.pl.C'.
    Trying pattern rule with stem `wait_event_names.txt'.
    Trying pattern rule with stem `Catalog.pm'.
    Trying implicit prerequisite `../../../../src/backend/utils/activity/wait_event_names.txt.C'.
    Trying implicit prerequisite `../../../src/backend/catalog/Catalog.pm.f'.
   Trying pattern rule with stem `wait_event_names.txt'.
    Looking for a rule with intermediate file `../../../src/backend/catalog/Catalog.pm.f'.
   Trying implicit prerequisite `../../utils/activity/RCS/wait_event_names.txt'.
    Trying pattern rule with stem `wait_event_names.txt'.
     Avoiding implicit rule recursion.
     Trying pattern rule with stem `Gen_fmgrtab.pl'.
     Looking for a rule with intermediate file `gen_node_support.pl.c'.
     Trying implicit prerequisite `Gen_fmgrtab.pl.cpp'.
     Avoiding implicit rule recursion.
   Trying pattern rule with stem `wait_event_names.txt'.
      Avoiding implicit rule recursion.
    Trying implicit prerequisite `../../../../src/backend/utils/activity/wait_event_names.txt.cpp'.
     Looking for a rule with intermediate file `Gen_fmgrtab.pl.cpp'.
     Trying pattern rule with stem `Catalog.pm'.
      Avoiding implicit rule recursion.
      Avoiding implicit rule recursion.
      Trying pattern rule with stem `gen_node_support.pl'.
     Trying implicit prerequisite `../../../src/backend/catalog/Catalog.pm.F'.
   Trying implicit prerequisite `../../utils/activity/s.wait_event_names.txt'.
    Trying pattern rule with stem `wait_event_names.txt'.
      Avoiding implicit rule recursion.
     Trying pattern rule with stem `Catalog.pm'.
    Trying implicit prerequisite `../../../../src/backend/utils/activity/wait_event_names.txt.p'.
     Trying implicit prerequisite `../../../src/backend/catalog/Catalog.pm.r'.
   Trying pattern rule with stem `wait_event_names.txt'.
      Trying pattern rule with stem `Gen_fmgrtab.pl.cpp'.
   Trying implicit prerequisite `../../utils/activity/SCCS/s.wait_event_names.txt'.
      Trying implicit prerequisite `Gen_fmgrtab.pl.cpp,v'.
      Trying implicit prerequisite `gen_node_support.pl.l'.
     Trying pattern rule with stem `Catalog.pm.f'.
      Trying pattern rule with stem `gen_node_support.pl'.
      Trying pattern rule with stem `Gen_fmgrtab.pl.cpp'.
    Trying pattern rule with stem `wait_event_names.txt'.
     Trying implicit prerequisite `../../../src/backend/catalog/Catalog.pm.f,v'.
    Trying implicit prerequisite `../../../../src/backend/utils/activity/wait_event_names.txt.f'.
      Trying implicit prerequisite `RCS/Gen_fmgrtab.pl.cpp,v'.
     Trying pattern rule with stem `Catalog.pm.f'.
    Trying pattern rule with stem `wait_event_names.txt'.
     Trying implicit prerequisite `../../../src/backend/catalog/RCS/Catalog.pm.f,v'.
   Trying pattern rule with stem `wait_event_names.txt'.
      Trying pattern rule with stem `Gen_fmgrtab.pl.cpp'.
     Trying pattern rule with stem `Catalog.pm.f'.
   Trying implicit prerequisite `../../utils/activity/wait_event_names.txt.o'.
      Trying implicit prerequisite `gen_node_support.pl.y'.
   Looking for a rule with intermediate file `../../utils/activity/wait_event_names.txt.o'.
      Trying implicit prerequisite `RCS/Gen_fmgrtab.pl.cpp'.
     Trying implicit prerequisite `../../../src/backend/catalog/RCS/Catalog.pm.f'.
     Trying pattern rule with stem `Catalog.pm.f'.
     Trying implicit prerequisite `../../../src/backend/catalog/s.Catalog.pm.f'.
     Trying pattern rule with stem `Catalog.pm.f'.
     Trying implicit prerequisite `../../../src/backend/catalog/SCCS/s.Catalog.pm.f'.
     Trying pattern rule with stem `Catalog.pm'.
     Trying implicit prerequisite `../../../src/backend/catalog/Catalog.pm.F'.
     Looking for a rule with intermediate file `../../../src/backend/catalog/Catalog.pm.F'.
      Avoiding implicit rule recursion.
      Avoiding implicit rule recursion.
      Avoiding implicit rule recursion.
      Trying pattern rule with stem `Catalog.pm.F'.
      Trying implicit prerequisite `../../../src/backend/catalog/Catalog.pm.F,v'.
      Trying pattern rule with stem `Catalog.pm.F'.
      Trying implicit prerequisite `../../../src/backend/catalog/RCS/Catalog.pm.F,v'.
      Trying pattern rule with stem `Catalog.pm.F'.
      Trying implicit prerequisite `../../../src/backend/catalog/RCS/Catalog.pm.F'.
      Trying pattern rule with stem `Catalog.pm.F'.
      Trying implicit prerequisite `../../../src/backend/catalog/s.Catalog.pm.F'.
      Trying pattern rule with stem `gen_node_support.pl'.
      Trying pattern rule with stem `Catalog.pm.F'.
      Trying pattern rule with stem `Gen_fmgrtab.pl.cpp'.
      Trying implicit prerequisite `gen_node_support.pl.w'.
    Avoiding implicit rule recursion.
      Trying implicit prerequisite `../../../src/backend/catalog/SCCS/s.Catalog.pm.F'.
    Trying pattern rule with stem `wait_event_names.txt'.
     Trying pattern rule with stem `Catalog.pm'.
    Trying implicit prerequisite `../../utils/activity/wait_event_names.txt.c'.
      Trying pattern rule with stem `gen_node_support.pl'.
    Trying implicit prerequisite `../../../../src/backend/utils/activity/wait_event_names.txt.F'.
     Trying implicit prerequisite `../../../src/backend/catalog/Catalog.pm.r'.
      Trying implicit prerequisite `s.Gen_fmgrtab.pl.cpp'.
      Trying implicit prerequisite `gen_node_support.pl.w'.
      Trying pattern rule with stem `Gen_fmgrtab.pl.cpp'.
    Trying pattern rule with stem `wait_event_names.txt'.
      Trying pattern rule with stem `gen_node_support.pl.c'.
      Trying implicit prerequisite `SCCS/s.Gen_fmgrtab.pl.cpp'.
    Trying implicit prerequisite `../../../../src/backend/utils/activity/wait_event_names.txt.m'.
      Trying implicit prerequisite `gen_node_support.pl.c,v'.
     Trying pattern rule with stem `Gen_fmgrtab.pl'.
    Trying pattern rule with stem `wait_event_names.txt'.
      Trying pattern rule with stem `gen_node_support.pl.c'.
     Trying implicit prerequisite `Gen_fmgrtab.pl.p'.
    Trying implicit prerequisite `../../../../src/backend/utils/activity/wait_event_names.txt.r'.
     Looking for a rule with intermediate file `../../../src/backend/catalog/Catalog.pm.r'.
    Trying pattern rule with stem `wait_event_names.txt'.
    Trying pattern rule with stem `wait_event_names.txt'.
      Trying implicit prerequisite `RCS/gen_node_support.pl.c,v'.
     Looking for a rule with intermediate file `Gen_fmgrtab.pl.p'.
      Avoiding implicit rule recursion.
      Trying pattern rule with stem `gen_node_support.pl.c'.
    Trying implicit prerequisite `../../utils/activity/wait_event_names.txt.cc'.
      Avoiding implicit rule recursion.
      Avoiding implicit rule recursion.
      Avoiding implicit rule recursion.
    Trying implicit prerequisite `../../../../src/backend/utils/activity/wait_event_names.txt.s'.
      Avoiding implicit rule recursion.
      Trying implicit prerequisite `RCS/gen_node_support.pl.c'.
      Trying pattern rule with stem `Gen_fmgrtab.pl'.
      Trying pattern rule with stem `gen_node_support.pl.c'.
      Trying pattern rule with stem `Catalog.pm'.
    Trying pattern rule with stem `wait_event_names.txt'.
      Rejecting impossible implicit prerequisite `../../../src/backend/catalog/Catalog.pm.l'.
    Trying implicit prerequisite `../../../../src/backend/utils/activity/wait_event_names.txt.S'.
      Trying implicit prerequisite `s.gen_node_support.pl.c'.
    Trying pattern rule with stem `wait_event_names.txt'.
    Trying pattern rule with stem `wait_event_names.txt'.
      Trying pattern rule with stem `Catalog.pm.r'.
    Trying implicit prerequisite `../../utils/activity/wait_event_names.txt.C'.
      Trying pattern rule with stem `gen_node_support.pl.c'.
      Trying implicit prerequisite `Gen_fmgrtab.pl.web'.
      Trying implicit prerequisite `../../../src/backend/catalog/Catalog.pm.r,v'.
    Trying implicit prerequisite `../../../../src/backend/utils/activity/wait_event_names.txt.mod'.
      Trying pattern rule with stem `Gen_fmgrtab.pl.p'.
      Trying implicit prerequisite `SCCS/s.gen_node_support.pl.c'.
      Trying pattern rule with stem `Catalog.pm.r'.
    Trying pattern rule with stem `wait_event_names.txt'.
    Trying pattern rule with stem `wait_event_names.txt.o'.
      Trying implicit prerequisite `Gen_fmgrtab.pl.p,v'.
    Trying implicit prerequisite `../../utils/activity/wait_event_names.txt.cpp'.
      Trying pattern rule with stem `gen_node_support.pl'.
    Trying pattern rule with stem `wait_event_names.txt'.
      Trying pattern rule with stem `Gen_fmgrtab.pl.p'.
      Trying implicit prerequisite `../../../src/backend/catalog/RCS/Catalog.pm.r,v'.
    Trying implicit prerequisite `../../utils/activity/wait_event_names.txt.p'.
      Trying implicit prerequisite `RCS/Gen_fmgrtab.pl.p,v'.
      Trying pattern rule with stem `Catalog.pm.r'.
      Trying pattern rule with stem `Gen_fmgrtab.pl.p'.
      Trying implicit prerequisite `../../../src/backend/catalog/RCS/Catalog.pm.r'.
    Trying pattern rule with stem `wait_event_names.txt'.
    Trying implicit prerequisite `../../../../src/backend/utils/activity/wait_event_names.txt.o,v'.
      Trying pattern rule with stem `Catalog.pm.r'.
      Trying implicit prerequisite `RCS/Gen_fmgrtab.pl.p'.
    Trying pattern rule with stem `wait_event_names.txt.o'.
      Trying implicit prerequisite `gen_node_support.pl.l'.
    Trying implicit prerequisite `../../../../src/backend/utils/activity/RCS/wait_event_names.txt.o,v'.
    Trying implicit prerequisite `../../utils/activity/wait_event_names.txt.f'.
    Trying pattern rule with stem `wait_event_names.txt.o'.
      Trying implicit prerequisite `../../../src/backend/catalog/s.Catalog.pm.r'.
    Trying pattern rule with stem `wait_event_names.txt'.
    Trying implicit prerequisite `../../../../src/backend/utils/activity/RCS/wait_event_names.txt.o'.
      Trying pattern rule with stem `Gen_fmgrtab.pl.p'.
      Looking for a rule with intermediate file `gen_node_support.pl.l'.
    Trying pattern rule with stem `wait_event_names.txt.o'.
    Trying implicit prerequisite `../../utils/activity/wait_event_names.txt.F'.
      Trying implicit prerequisite `s.Gen_fmgrtab.pl.p'.
       Avoiding implicit rule recursion.
      Trying pattern rule with stem `Gen_fmgrtab.pl.p'.
    Trying implicit prerequisite `../../../../src/backend/utils/activity/s.wait_event_names.txt.o'.
      Trying pattern rule with stem `Catalog.pm.r'.
      Trying implicit prerequisite `SCCS/s.Gen_fmgrtab.pl.p'.
       Avoiding implicit rule recursion.
    Trying pattern rule with stem `wait_event_names.txt'.
    Trying pattern rule with stem `wait_event_names.txt.o'.
      Trying implicit prerequisite `../../../src/backend/catalog/SCCS/s.Catalog.pm.r'.
      Trying pattern rule with stem `Gen_fmgrtab.pl'.
    Trying implicit prerequisite `../../utils/activity/wait_event_names.txt.m'.
       Avoiding implicit rule recursion.
    Trying implicit prerequisite `../../../../src/backend/utils/activity/SCCS/s.wait_event_names.txt.o'.
    Trying pattern rule with stem `Catalog.pm'.
       Trying pattern rule with stem `gen_node_support.pl.l'.
      Trying implicit prerequisite `Gen_fmgrtab.pl.web'.
    Trying pattern rule with stem `wait_event_names.txt'.
    Rejecting impossible implicit prerequisite `../../../src/backend/catalog/Catalog.pm.F'.
    Trying pattern rule with stem `wait_event_names.txt'.
    Trying implicit prerequisite `../../utils/activity/wait_event_names.txt.r'.
    Trying implicit prerequisite `../../../../src/backend/utils/activity/wait_event_names.txt.c'.
      Looking for a rule with intermediate file `Gen_fmgrtab.pl.web'.
    Trying pattern rule with stem `Catalog.pm'.
       Trying implicit prerequisite `gen_node_support.pl.l,v'.
    Looking for a rule with intermediate file `../../../../src/backend/utils/activity/wait_event_names.txt.c'.
    Trying pattern rule with stem `wait_event_names.txt'.
       Avoiding implicit rule recursion.
    Trying implicit prerequisite `../../../src/backend/catalog/Catalog.pm.m'.
    Trying implicit prerequisite `../../utils/activity/wait_event_names.txt.s'.
       Trying pattern rule with stem `gen_node_support.pl.l'.
       Avoiding implicit rule recursion.
    Trying pattern rule with stem `wait_event_names.txt'.
     Avoiding implicit rule recursion.
       Avoiding implicit rule recursion.
    Looking for a rule with intermediate file `../../../src/backend/catalog/Catalog.pm.m'.
     Avoiding implicit rule recursion.
       Trying implicit prerequisite `RCS/gen_node_support.pl.l,v'.
     Trying pattern rule with stem `wait_event_names.txt'.
    Trying implicit prerequisite `../../utils/activity/wait_event_names.txt.S'.
     Trying implicit prerequisite `../../../../src/backend/utils/activity/wait_event_names.txt.l'.
     Avoiding implicit rule recursion.
       Trying pattern rule with stem `gen_node_support.pl.l'.
     Trying pattern rule with stem `wait_event_names.txt'.
       Trying implicit prerequisite `RCS/gen_node_support.pl.l'.
     Trying implicit prerequisite `../../../../src/backend/utils/activity/wait_event_names.txt.y'.
     Avoiding implicit rule recursion.
       Trying pattern rule with stem `Gen_fmgrtab.pl.web'.
    Trying pattern rule with stem `wait_event_names.txt'.
       Trying implicit prerequisite `Gen_fmgrtab.pl.web,v'.
       Trying pattern rule with stem `Gen_fmgrtab.pl.web'.
     Trying pattern rule with stem `wait_event_names.txt'.
    Trying implicit prerequisite `../../utils/activity/wait_event_names.txt.mod'.
     Trying implicit prerequisite `../../../../src/backend/utils/activity/wait_event_names.txt.w'.
    Trying pattern rule with stem `wait_event_names.txt.o'.
       Trying implicit prerequisite `RCS/Gen_fmgrtab.pl.web,v'.
     Trying pattern rule with stem `Catalog.pm'.
       Trying pattern rule with stem `gen_node_support.pl.l'.
       Trying pattern rule with stem `Gen_fmgrtab.pl.web'.
       Trying implicit prerequisite `s.gen_node_support.pl.l'.
       Trying implicit prerequisite `RCS/Gen_fmgrtab.pl.web'.
     Trying pattern rule with stem `wait_event_names.txt'.
    Trying implicit prerequisite `../../utils/activity/wait_event_names.txt.o,v'.
     Trying implicit prerequisite `../../../../src/backend/utils/activity/wait_event_names.txt.w'.
    Trying pattern rule with stem `wait_event_names.txt.o'.
     Trying implicit prerequisite `../../../src/backend/catalog/Catalog.pm.ym'.
       Trying pattern rule with stem `Gen_fmgrtab.pl.web'.
       Trying pattern rule with stem `gen_node_support.pl.l'.
     Trying pattern rule with stem `wait_event_names.txt.c'.
    Trying implicit prerequisite `../../utils/activity/RCS/wait_event_names.txt.o,v'.
       Trying implicit prerequisite `SCCS/s.gen_node_support.pl.l'.
     Trying pattern rule with stem `Catalog.pm'.
     Trying implicit prerequisite `../../../../src/backend/utils/activity/wait_event_names.txt.c,v'.
     Trying implicit prerequisite `../../../src/backend/catalog/Catalog.pm.lm'.
      Trying pattern rule with stem `gen_node_support.pl'.
       Trying implicit prerequisite `s.Gen_fmgrtab.pl.web'.
     Trying pattern rule with stem `wait_event_names.txt.c'.
      Trying implicit prerequisite `gen_node_support.pl.y'.
     Trying pattern rule with stem `Catalog.pm.m'.
     Trying implicit prerequisite `../../../../src/backend/utils/activity/RCS/wait_event_names.txt.c,v'.
       Trying pattern rule with stem `Gen_fmgrtab.pl.web'.
     Trying pattern rule with stem `wait_event_names.txt.c'.
       Trying implicit prerequisite `SCCS/s.Gen_fmgrtab.pl.web'.
     Trying implicit prerequisite `../../../../src/backend/utils/activity/RCS/wait_event_names.txt.c'.
    Trying pattern rule with stem `wait_event_names.txt.o'.
     Trying implicit prerequisite `../../../src/backend/catalog/Catalog.pm.m,v'.
    Trying implicit prerequisite `../../utils/activity/RCS/wait_event_names.txt.o'.
     Trying pattern rule with stem `Catalog.pm.m'.
    Trying pattern rule with stem `wait_event_names.txt.o'.
     Trying pattern rule with stem `wait_event_names.txt.c'.
      Looking for a rule with intermediate file `gen_node_support.pl.y'.
     Trying implicit prerequisite `../../../src/backend/catalog/RCS/Catalog.pm.m,v'.
     Trying implicit prerequisite `../../../../src/backend/utils/activity/s.wait_event_names.txt.c'.
     Trying pattern rule with stem `Gen_fmgrtab.pl'.
     Trying pattern rule with stem `Catalog.pm.m'.
     Trying pattern rule with stem `wait_event_names.txt.c'.
     Trying implicit prerequisite `Gen_fmgrtab.pl.f'.
     Trying implicit prerequisite `../../../../src/backend/utils/activity/SCCS/s.wait_event_names.txt.c'.
       Avoiding implicit rule recursion.
     Trying implicit prerequisite `../../../src/backend/catalog/RCS/Catalog.pm.m'.
     Trying pattern rule with stem `wait_event_names.txt'.
    Trying implicit prerequisite `../../utils/activity/s.wait_event_names.txt.o'.
     Trying implicit prerequisite `../../../../src/backend/utils/activity/wait_event_names.txt.l'.
     Trying pattern rule with stem `Catalog.pm.m'.
     Looking for a rule with intermediate file `../../../../src/backend/utils/activity/wait_event_names.txt.l'.
     Trying implicit prerequisite `../../../src/backend/catalog/s.Catalog.pm.m'.
    Trying pattern rule with stem `wait_event_names.txt.o'.
      Avoiding implicit rule recursion.
       Avoiding implicit rule recursion.
     Looking for a rule with intermediate file `Gen_fmgrtab.pl.f'.
    Trying implicit prerequisite `../../utils/activity/SCCS/s.wait_event_names.txt.o'.
       Avoiding implicit rule recursion.
     Trying pattern rule with stem `Catalog.pm.m'.
       Trying pattern rule with stem `gen_node_support.pl.y'.
     Trying implicit prerequisite `../../../src/backend/catalog/SCCS/s.Catalog.pm.m'.
      Avoiding implicit rule recursion.
    Trying pattern rule with stem `wait_event_names.txt'.
      Avoiding implicit rule recursion.
     Trying pattern rule with stem `Catalog.pm'.
       Trying implicit prerequisite `gen_node_support.pl.y,v'.
      Avoiding implicit rule recursion.
       Trying pattern rule with stem `gen_node_support.pl.y'.
      Trying pattern rule with stem `Gen_fmgrtab.pl'.
       Trying implicit prerequisite `RCS/gen_node_support.pl.y,v'.
      Trying implicit prerequisite `Gen_fmgrtab.pl.F'.
      Avoiding implicit rule recursion.
       Trying pattern rule with stem `gen_node_support.pl.y'.
      Trying pattern rule with stem `wait_event_names.txt.l'.
       Trying implicit prerequisite `RCS/gen_node_support.pl.y'.
      Trying implicit prerequisite `../../../../src/backend/utils/activity/wait_event_names.txt.l,v'.
      Trying pattern rule with stem `Gen_fmgrtab.pl'.
    Trying implicit prerequisite `../../utils/activity/wait_event_names.txt.c'.
     Trying implicit prerequisite `../../../src/backend/catalog/Catalog.pm.ym'.
      Trying implicit prerequisite `Gen_fmgrtab.pl.r'.
    Looking for a rule with intermediate file `../../utils/activity/wait_event_names.txt.c'.
      Trying pattern rule with stem `Gen_fmgrtab.pl.f'.
      Trying pattern rule with stem `wait_event_names.txt.l'.
      Trying implicit prerequisite `Gen_fmgrtab.pl.f,v'.
       Trying pattern rule with stem `gen_node_support.pl.y'.
     Avoiding implicit rule recursion.
      Trying pattern rule with stem `Gen_fmgrtab.pl.f'.
      Trying implicit prerequisite `../../../../src/backend/utils/activity/RCS/wait_event_names.txt.l,v'.
     Looking for a rule with intermediate file `../../../src/backend/catalog/Catalog.pm.ym'.
     Avoiding implicit rule recursion.
      Avoiding implicit rule recursion.
       Trying implicit prerequisite `s.gen_node_support.pl.y'.
     Trying pattern rule with stem `wait_event_names.txt'.
      Avoiding implicit rule recursion.
      Trying implicit prerequisite `RCS/Gen_fmgrtab.pl.f,v'.
      Trying pattern rule with stem `wait_event_names.txt.l'.
     Trying implicit prerequisite `../../utils/activity/wait_event_names.txt.l'.
      Trying pattern rule with stem `Gen_fmgrtab.pl.f'.
      Trying implicit prerequisite `../../../../src/backend/utils/activity/RCS/wait_event_names.txt.l'.
      Trying implicit prerequisite `RCS/Gen_fmgrtab.pl.f'.
      Avoiding implicit rule recursion.
      Trying pattern rule with stem `wait_event_names.txt.l'.
      Trying pattern rule with stem `Gen_fmgrtab.pl.f'.
      Trying pattern rule with stem `Catalog.pm.ym'.
      Trying implicit prerequisite `../../../../src/backend/utils/activity/s.wait_event_names.txt.l'.
      Trying implicit prerequisite `s.Gen_fmgrtab.pl.f'.
      Trying implicit prerequisite `../../../src/backend/catalog/Catalog.pm.ym,v'.
       Trying pattern rule with stem `gen_node_support.pl.y'.
      Trying pattern rule with stem `Gen_fmgrtab.pl.f'.
     Trying pattern rule with stem `wait_event_names.txt'.
       Trying implicit prerequisite `SCCS/s.gen_node_support.pl.y'.
      Trying pattern rule with stem `wait_event_names.txt.l'.
      Trying pattern rule with stem `gen_node_support.pl'.
     Trying implicit prerequisite `../../utils/activity/wait_event_names.txt.y'.
      Trying pattern rule with stem `Catalog.pm.ym'.
     Trying pattern rule with stem `wait_event_names.txt'.
      Trying implicit prerequisite `../../../src/backend/catalog/RCS/Catalog.pm.ym,v'.
     Trying implicit prerequisite `../../utils/activity/wait_event_names.txt.w'.
      Trying implicit prerequisite `gen_node_support.pl.w'.
      Trying implicit prerequisite `SCCS/s.Gen_fmgrtab.pl.f'.
      Trying pattern rule with stem `Catalog.pm.ym'.
      Looking for a rule with intermediate file `gen_node_support.pl.w'.
      Trying implicit prerequisite `../../../../src/backend/utils/activity/SCCS/s.wait_event_names.txt.l'.
      Trying implicit prerequisite `../../../src/backend/catalog/RCS/Catalog.pm.ym'.
     Trying pattern rule with stem `wait_event_names.txt'.
     Trying pattern rule with stem `wait_event_names.txt'.
     Trying implicit prerequisite `../../../../src/backend/utils/activity/wait_event_names.txt.y'.
     Trying implicit prerequisite `../../utils/activity/wait_event_names.txt.w'.
       Avoiding implicit rule recursion.
     Looking for a rule with intermediate file `../../../../src/backend/utils/activity/wait_event_names.txt.y'.
      Trying pattern rule with stem `Gen_fmgrtab.pl'.
       Avoiding implicit rule recursion.
      Trying implicit prerequisite `Gen_fmgrtab.pl.F'.
      Trying pattern rule with stem `Catalog.pm.ym'.
       Avoiding implicit rule recursion.
     Trying pattern rule with stem `wait_event_names.txt.c'.
      Trying implicit prerequisite `../../../src/backend/catalog/s.Catalog.pm.ym'.
     Trying implicit prerequisite `../../utils/activity/wait_event_names.txt.c,v'.
      Avoiding implicit rule recursion.
      Trying pattern rule with stem `Catalog.pm.ym'.
      Looking for a rule with intermediate file `Gen_fmgrtab.pl.F'.
      Trying implicit prerequisite `../../../src/backend/catalog/SCCS/s.Catalog.pm.ym'.
      Avoiding implicit rule recursion.
     Trying pattern rule with stem `Catalog.pm'.
       Avoiding implicit rule recursion.
     Trying pattern rule with stem `wait_event_names.txt.c'.
     Trying implicit prerequisite `../../../src/backend/catalog/Catalog.pm.lm'.
       Trying pattern rule with stem `gen_node_support.pl.w'.
      Avoiding implicit rule recursion.
     Trying implicit prerequisite `../../utils/activity/RCS/wait_event_names.txt.c,v'.
     Looking for a rule with intermediate file `../../../src/backend/catalog/Catalog.pm.lm'.
     Trying pattern rule with stem `wait_event_names.txt.c'.
       Trying implicit prerequisite `gen_node_support.pl.w,v'.
     Trying implicit prerequisite `../../utils/activity/RCS/wait_event_names.txt.c'.
       Avoiding implicit rule recursion.
      Avoiding implicit rule recursion.
       Trying pattern rule with stem `gen_node_support.pl.w'.
     Trying pattern rule with stem `wait_event_names.txt.c'.
      Avoiding implicit rule recursion.
     Trying implicit prerequisite `../../utils/activity/s.wait_event_names.txt.c'.
       Avoiding implicit rule recursion.
       Trying implicit prerequisite `RCS/gen_node_support.pl.w,v'.
     Trying pattern rule with stem `wait_event_names.txt.c'.
      Trying pattern rule with stem `wait_event_names.txt.y'.
      Avoiding implicit rule recursion.
      Trying implicit prerequisite `../../../../src/backend/utils/activity/wait_event_names.txt.y,v'.
      Trying pattern rule with stem `Catalog.pm.lm'.
       Trying pattern rule with stem `gen_node_support.pl.w'.
      Trying pattern rule with stem `wait_event_names.txt.y'.
       Trying pattern rule with stem `Gen_fmgrtab.pl.F'.
      Trying implicit prerequisite `../../../../src/backend/utils/activity/RCS/wait_event_names.txt.y,v'.
       Trying implicit prerequisite `RCS/gen_node_support.pl.w'.
     Trying implicit prerequisite `../../utils/activity/SCCS/s.wait_event_names.txt.c'.
       Trying implicit prerequisite `Gen_fmgrtab.pl.F,v'.
      Trying pattern rule with stem `wait_event_names.txt.y'.
      Trying implicit prerequisite `../../../src/backend/catalog/Catalog.pm.lm,v'.
       Trying pattern rule with stem `Gen_fmgrtab.pl.F'.
      Trying implicit prerequisite `../../../../src/backend/utils/activity/RCS/wait_event_names.txt.y'.
     Trying pattern rule with stem `wait_event_names.txt'.
       Trying pattern rule with stem `gen_node_support.pl.w'.
       Trying implicit prerequisite `RCS/Gen_fmgrtab.pl.F,v'.
       Trying implicit prerequisite `s.gen_node_support.pl.w'.
     Trying implicit prerequisite `../../utils/activity/wait_event_names.txt.l'.
      Trying pattern rule with stem `wait_event_names.txt.y'.
       Trying pattern rule with stem `Gen_fmgrtab.pl.F'.
      Trying pattern rule with stem `Catalog.pm.lm'.
     Looking for a rule with intermediate file `../../utils/activity/wait_event_names.txt.l'.
      Trying implicit prerequisite `../../../src/backend/catalog/RCS/Catalog.pm.lm,v'.
       Trying pattern rule with stem `gen_node_support.pl.w'.
      Avoiding implicit rule recursion.
       Trying implicit prerequisite `RCS/Gen_fmgrtab.pl.F'.
       Trying implicit prerequisite `SCCS/s.gen_node_support.pl.w'.
      Trying implicit prerequisite `../../../../src/backend/utils/activity/s.wait_event_names.txt.y'.
      Trying pattern rule with stem `gen_node_support.pl'.
       Trying pattern rule with stem `Gen_fmgrtab.pl.F'.
      Trying pattern rule with stem `wait_event_names.txt.y'.
      Avoiding implicit rule recursion.
      Trying implicit prerequisite `../../../../src/backend/utils/activity/SCCS/s.wait_event_names.txt.y'.
       Trying implicit prerequisite `s.Gen_fmgrtab.pl.F'.
      Avoiding implicit rule recursion.
     Trying pattern rule with stem `wait_event_names.txt'.
       Trying pattern rule with stem `Gen_fmgrtab.pl.F'.
     Trying implicit prerequisite `../../../../src/backend/utils/activity/wait_event_names.txt.w'.
       Trying implicit prerequisite `SCCS/s.Gen_fmgrtab.pl.F'.
      Trying pattern rule with stem `wait_event_names.txt.l'.
      Trying pattern rule with stem `Catalog.pm.lm'.
      Trying pattern rule with stem `Gen_fmgrtab.pl'.
      Rejecting impossible implicit prerequisite `gen_node_support.pl.w'.
      Trying implicit prerequisite `../../../src/backend/catalog/RCS/Catalog.pm.lm'.
     Trying pattern rule with stem `gen_node_support.pl'.
      Trying implicit prerequisite `../../utils/activity/wait_event_names.txt.l,v'.
      Trying implicit prerequisite `Gen_fmgrtab.pl.r'.
      Trying pattern rule with stem `wait_event_names.txt.l'.
      Trying pattern rule with stem `Catalog.pm.lm'.
      Looking for a rule with intermediate file `Gen_fmgrtab.pl.r'.
      Trying implicit prerequisite `../../utils/activity/RCS/wait_event_names.txt.l,v'.
     Looking for a rule with intermediate file `../../../../src/backend/utils/activity/wait_event_names.txt.w'.
     Trying implicit prerequisite `gen_node_support.pl.cc'.
       Avoiding implicit rule recursion.
      Avoiding implicit rule recursion.
      Trying pattern rule with stem `wait_event_names.txt.l'.
      Trying implicit prerequisite `../../../src/backend/catalog/s.Catalog.pm.lm'.
      Trying implicit prerequisite `../../utils/activity/RCS/wait_event_names.txt.l'.
       Avoiding implicit rule recursion.
      Avoiding implicit rule recursion.
      Trying pattern rule with stem `wait_event_names.txt.l'.
      Trying pattern rule with stem `Catalog.pm.lm'.
     Looking for a rule with intermediate file `gen_node_support.pl.cc'.
      Avoiding implicit rule recursion.
      Trying implicit prerequisite `../../../src/backend/catalog/SCCS/s.Catalog.pm.lm'.
      Trying implicit prerequisite `../../utils/activity/s.wait_event_names.txt.l'.
    Trying pattern rule with stem `Catalog.pm'.
       Avoiding implicit rule recursion.
      Trying pattern rule with stem `wait_event_names.txt.w'.
      Avoiding implicit rule recursion.
      Trying pattern rule with stem `wait_event_names.txt.l'.
       Trying pattern rule with stem `Gen_fmgrtab.pl'.
      Trying implicit prerequisite `../../utils/activity/SCCS/s.wait_event_names.txt.l'.
       Rejecting impossible implicit prerequisite `Gen_fmgrtab.pl.l'.
      Trying implicit prerequisite `../../../../src/backend/utils/activity/wait_event_names.txt.w,v'.
      Avoiding implicit rule recursion.
    Rejecting impossible implicit prerequisite `../../../src/backend/catalog/Catalog.pm.r'.
      Trying pattern rule with stem `gen_node_support.pl.cc'.
     Trying pattern rule with stem `wait_event_names.txt'.
      Trying implicit prerequisite `gen_node_support.pl.cc,v'.
       Trying pattern rule with stem `Gen_fmgrtab.pl.r'.
    Trying pattern rule with stem `Catalog.pm'.
       Trying implicit prerequisite `Gen_fmgrtab.pl.r,v'.
      Trying pattern rule with stem `gen_node_support.pl.cc'.
       Trying pattern rule with stem `Gen_fmgrtab.pl.r'.
    Trying implicit prerequisite `../../../src/backend/catalog/Catalog.pm.s'.
       Trying implicit prerequisite `RCS/Gen_fmgrtab.pl.r,v'.
      Trying pattern rule with stem `wait_event_names.txt.w'.
      Trying implicit prerequisite `RCS/gen_node_support.pl.cc,v'.
     Trying implicit prerequisite `../../utils/activity/wait_event_names.txt.y'.
    Looking for a rule with intermediate file `../../../src/backend/catalog/Catalog.pm.s'.
      Trying pattern rule with stem `gen_node_support.pl.cc'.
     Looking for a rule with intermediate file `../../utils/activity/wait_event_names.txt.y'.
      Trying implicit prerequisite `RCS/gen_node_support.pl.cc'.
      Trying implicit prerequisite `../../../../src/backend/utils/activity/RCS/wait_event_names.txt.w,v'.
     Avoiding implicit rule recursion.
      Trying pattern rule with stem `gen_node_support.pl.cc'.
      Trying pattern rule with stem `wait_event_names.txt.w'.
      Trying implicit prerequisite `s.gen_node_support.pl.cc'.
      Trying implicit prerequisite `../../../../src/backend/utils/activity/RCS/wait_event_names.txt.w'.
      Avoiding implicit rule recursion.
       Trying pattern rule with stem `Gen_fmgrtab.pl.r'.
      Avoiding implicit rule recursion.
      Trying pattern rule with stem `gen_node_support.pl.cc'.
      Trying implicit prerequisite `SCCS/s.gen_node_support.pl.cc'.
      Trying pattern rule with stem `wait_event_names.txt.w'.
       Trying implicit prerequisite `RCS/Gen_fmgrtab.pl.r'.
      Avoiding implicit rule recursion.
     Trying pattern rule with stem `gen_node_support.pl'.
      Trying implicit prerequisite `../../../../src/backend/utils/activity/s.wait_event_names.txt.w'.
     Avoiding implicit rule recursion.
       Trying pattern rule with stem `Gen_fmgrtab.pl.r'.
      Trying pattern rule with stem `wait_event_names.txt.w'.
     Trying pattern rule with stem `Catalog.pm'.
      Trying pattern rule with stem `wait_event_names.txt.y'.
       Trying implicit prerequisite `s.Gen_fmgrtab.pl.r'.
      Trying implicit prerequisite `../../utils/activity/wait_event_names.txt.y,v'.
     Trying implicit prerequisite `gen_node_support.pl.C'.
      Trying implicit prerequisite `../../../../src/backend/utils/activity/SCCS/s.wait_event_names.txt.w'.
     Trying implicit prerequisite `../../../src/backend/catalog/Catalog.pm.S'.
      Trying pattern rule with stem `wait_event_names.txt.y'.
     Looking for a rule with intermediate file `gen_node_support.pl.C'.
     Trying pattern rule with stem `Catalog.pm.s'.
       Trying pattern rule with stem `Gen_fmgrtab.pl.r'.
     Trying pattern rule with stem `wait_event_names.txt'.
       Trying implicit prerequisite `SCCS/s.Gen_fmgrtab.pl.r'.
      Trying implicit prerequisite `../../utils/activity/RCS/wait_event_names.txt.y,v'.
     Trying implicit prerequisite `../../../src/backend/catalog/Catalog.pm.s,v'.
      Avoiding implicit rule recursion.
     Trying pattern rule with stem `Gen_fmgrtab.pl'.
      Avoiding implicit rule recursion.
     Rejecting impossible implicit prerequisite `Gen_fmgrtab.pl.F'.
     Trying pattern rule with stem `Catalog.pm.s'.
      Trying pattern rule with stem `wait_event_names.txt.y'.
      Trying pattern rule with stem `gen_node_support.pl.C'.
     Rejecting impossible implicit prerequisite `../../../../src/backend/utils/activity/wait_event_names.txt.w'.
      Trying implicit prerequisite `gen_node_support.pl.C,v'.
    Trying pattern rule with stem `wait_event_names.txt'.
      Trying implicit prerequisite `../../utils/activity/RCS/wait_event_names.txt.y'.
     Trying implicit prerequisite `../../../src/backend/catalog/RCS/Catalog.pm.s,v'.
     Trying pattern rule with stem `Gen_fmgrtab.pl'.
     Trying pattern rule with stem `Catalog.pm.s'.
    Trying implicit prerequisite `../../../../src/backend/utils/activity/wait_event_names.txt.cc'.
      Trying pattern rule with stem `gen_node_support.pl.C'.
     Trying implicit prerequisite `../../../src/backend/catalog/RCS/Catalog.pm.s'.
      Trying implicit prerequisite `RCS/gen_node_support.pl.C,v'.
    Looking for a rule with intermediate file `../../../../src/backend/utils/activity/wait_event_names.txt.cc'.
      Trying pattern rule with stem `wait_event_names.txt.y'.
     Trying pattern rule with stem `Catalog.pm.s'.
      Trying implicit prerequisite `../../utils/activity/s.wait_event_names.txt.y'.
     Trying implicit prerequisite `../../../src/backend/catalog/s.Catalog.pm.s'.
     Trying implicit prerequisite `Gen_fmgrtab.pl.m'.
      Trying pattern rule with stem `gen_node_support.pl.C'.
     Avoiding implicit rule recursion.
     Looking for a rule with intermediate file `Gen_fmgrtab.pl.m'.
     Avoiding implicit rule recursion.
      Avoiding implicit rule recursion.
     Trying pattern rule with stem `wait_event_names.txt.cc'.
     Trying pattern rule with stem `Catalog.pm.s'.
      Avoiding implicit rule recursion.
     Trying implicit prerequisite `../../../src/backend/catalog/SCCS/s.Catalog.pm.s'.
      Trying implicit prerequisite `RCS/gen_node_support.pl.C'.
      Trying pattern rule with stem `wait_event_names.txt.y'.
     Trying implicit prerequisite `../../../../src/backend/utils/activity/wait_event_names.txt.cc,v'.
     Trying pattern rule with stem `Catalog.pm'.
      Trying pattern rule with stem `gen_node_support.pl.C'.
      Trying implicit prerequisite `../../utils/activity/SCCS/s.wait_event_names.txt.y'.
      Trying implicit prerequisite `s.gen_node_support.pl.C'.
     Trying pattern rule with stem `wait_event_names.txt.cc'.
     Trying pattern rule with stem `wait_event_names.txt'.
     Trying implicit prerequisite `../../../../src/backend/utils/activity/RCS/wait_event_names.txt.cc,v'.
     Trying implicit prerequisite `../../utils/activity/wait_event_names.txt.w'.
      Trying pattern rule with stem `Gen_fmgrtab.pl'.
      Trying pattern rule with stem `gen_node_support.pl.C'.
      Trying implicit prerequisite `Gen_fmgrtab.pl.ym'.
      Trying implicit prerequisite `SCCS/s.gen_node_support.pl.C'.
     Trying pattern rule with stem `wait_event_names.txt.cc'.
     Looking for a rule with intermediate file `../../utils/activity/wait_event_names.txt.w'.
     Trying pattern rule with stem `gen_node_support.pl'.
     Trying implicit prerequisite `../../../src/backend/catalog/Catalog.pm.S'.
     Trying implicit prerequisite `../../../../src/backend/utils/activity/RCS/wait_event_names.txt.cc'.
      Avoiding implicit rule recursion.
     Trying pattern rule with stem `wait_event_names.txt.cc'.
      Trying pattern rule with stem `Gen_fmgrtab.pl'.
     Trying implicit prerequisite `../../../../src/backend/utils/activity/s.wait_event_names.txt.cc'.
      Trying implicit prerequisite `Gen_fmgrtab.pl.lm'.
     Trying pattern rule with stem `wait_event_names.txt.cc'.
      Avoiding implicit rule recursion.
      Trying pattern rule with stem `Gen_fmgrtab.pl.m'.
     Trying implicit prerequisite `../../../../src/backend/utils/activity/SCCS/s.wait_event_names.txt.cc'.
      Trying implicit prerequisite `Gen_fmgrtab.pl.m,v'.
    Trying pattern rule with stem `wait_event_names.txt'.
     Trying implicit prerequisite `gen_node_support.pl.cpp'.
    Trying implicit prerequisite `../../../../src/backend/utils/activity/wait_event_names.txt.C'.
     Looking for a rule with intermediate file `gen_node_support.pl.cpp'.
      Avoiding implicit rule recursion.
      Trying pattern rule with stem `Gen_fmgrtab.pl.m'.
    Looking for a rule with intermediate file `../../../../src/backend/utils/activity/wait_event_names.txt.C'.
      Trying implicit prerequisite `RCS/Gen_fmgrtab.pl.m,v'.
      Avoiding implicit rule recursion.
     Avoiding implicit rule recursion.
      Trying pattern rule with stem `Gen_fmgrtab.pl.m'.
     Avoiding implicit rule recursion.
     Looking for a rule with intermediate file `../../../src/backend/catalog/Catalog.pm.S'.
      Trying pattern rule with stem `wait_event_names.txt.w'.
     Trying pattern rule with stem `wait_event_names.txt.C'.
      Trying implicit prerequisite `../../utils/activity/wait_event_names.txt.w,v'.
      Avoiding implicit rule recursion.
      Trying implicit prerequisite `RCS/Gen_fmgrtab.pl.m'.
      Avoiding implicit rule recursion.
      Trying pattern rule with stem `wait_event_names.txt.w'.
     Trying implicit prerequisite `../../../../src/backend/utils/activity/wait_event_names.txt.C,v'.
      Trying pattern rule with stem `Gen_fmgrtab.pl.m'.
      Avoiding implicit rule recursion.
     Trying pattern rule with stem `wait_event_names.txt.C'.
      Avoiding implicit rule recursion.
      Trying pattern rule with stem `Catalog.pm.S'.
      Trying pattern rule with stem `gen_node_support.pl.cpp'.
      Trying implicit prerequisite `../../../src/backend/catalog/Catalog.pm.S,v'.
      Trying implicit prerequisite `../../utils/activity/RCS/wait_event_names.txt.w,v'.
      Trying pattern rule with stem `Catalog.pm.S'.
      Trying implicit prerequisite `gen_node_support.pl.cpp,v'.
      Trying pattern rule with stem `wait_event_names.txt.w'.
      Trying implicit prerequisite `../../../src/backend/catalog/RCS/Catalog.pm.S,v'.
      Trying implicit prerequisite `s.Gen_fmgrtab.pl.m'.
     Trying implicit prerequisite `../../../../src/backend/utils/activity/RCS/wait_event_names.txt.C,v'.
      Trying implicit prerequisite `../../utils/activity/RCS/wait_event_names.txt.w'.
      Trying pattern rule with stem `Gen_fmgrtab.pl.m'.
     Trying pattern rule with stem `wait_event_names.txt.C'.
      Trying pattern rule with stem `gen_node_support.pl.cpp'.
      Trying pattern rule with stem `Catalog.pm.S'.
      Trying pattern rule with stem `wait_event_names.txt.w'.
     Trying implicit prerequisite `../../../../src/backend/utils/activity/RCS/wait_event_names.txt.C'.
      Trying implicit prerequisite `../../../src/backend/catalog/RCS/Catalog.pm.S'.
      Trying implicit prerequisite `SCCS/s.Gen_fmgrtab.pl.m'.
     Trying pattern rule with stem `wait_event_names.txt.C'.
      Trying implicit prerequisite `RCS/gen_node_support.pl.cpp,v'.
      Trying pattern rule with stem `Gen_fmgrtab.pl'.
      Trying implicit prerequisite `../../utils/activity/s.wait_event_names.txt.w'.
      Trying pattern rule with stem `gen_node_support.pl.cpp'.
      Trying implicit prerequisite `Gen_fmgrtab.pl.ym'.
      Trying pattern rule with stem `Catalog.pm.S'.
     Trying implicit prerequisite `../../../../src/backend/utils/activity/s.wait_event_names.txt.C'.
      Trying implicit prerequisite `../../../src/backend/catalog/s.Catalog.pm.S'.
      Trying implicit prerequisite `RCS/gen_node_support.pl.cpp'.
      Trying pattern rule with stem `wait_event_names.txt.w'.
      Trying pattern rule with stem `gen_node_support.pl.cpp'.
     Trying pattern rule with stem `wait_event_names.txt.C'.
      Trying pattern rule with stem `Catalog.pm.S'.
      Trying implicit prerequisite `../../utils/activity/SCCS/s.wait_event_names.txt.w'.
     Trying implicit prerequisite `../../../../src/backend/utils/activity/SCCS/s.wait_event_names.txt.C'.
      Looking for a rule with intermediate file `Gen_fmgrtab.pl.ym'.
    Trying pattern rule with stem `wait_event_names.txt'.
      Trying implicit prerequisite `s.gen_node_support.pl.cpp'.
     Trying pattern rule with stem `wait_event_names.txt'.
      Trying implicit prerequisite `../../../src/backend/catalog/SCCS/s.Catalog.pm.S'.
    Trying implicit prerequisite `../../../../src/backend/utils/activity/wait_event_names.txt.cpp'.
    Trying pattern rule with stem `Catalog.pm'.
     Rejecting impossible implicit prerequisite `../../utils/activity/wait_event_names.txt.w'.
      Trying pattern rule with stem `gen_node_support.pl.cpp'.
    Trying pattern rule with stem `wait_event_names.txt'.
      Trying implicit prerequisite `SCCS/s.gen_node_support.pl.cpp'.
    Looking for a rule with intermediate file `../../../../src/backend/utils/activity/wait_event_names.txt.cpp'.
    Rejecting impossible implicit prerequisite `../../../src/backend/catalog/Catalog.pm.S'.
     Trying pattern rule with stem `gen_node_support.pl'.
    Trying implicit prerequisite `../../utils/activity/wait_event_names.txt.cc'.
       Avoiding implicit rule recursion.
     Avoiding implicit rule recursion.
    Looking for a rule with intermediate file `../../utils/activity/wait_event_names.txt.cc'.
    Trying pattern rule with stem `Catalog.pm'.
     Trying implicit prerequisite `gen_node_support.pl.p'.
       Avoiding implicit rule recursion.
     Avoiding implicit rule recursion.
    Trying implicit prerequisite `../../../src/backend/catalog/Catalog.pm.mod'.
     Trying pattern rule with stem `wait_event_names.txt.cpp'.
       Avoiding implicit rule recursion.
     Looking for a rule with intermediate file `gen_node_support.pl.p'.
      Avoiding implicit rule recursion.
     Trying implicit prerequisite `../../../../src/backend/utils/activity/wait_event_names.txt.cpp,v'.
    Looking for a rule with intermediate file `../../../src/backend/catalog/Catalog.pm.mod'.
     Trying pattern rule with stem `wait_event_names.txt.cpp'.
       Trying pattern rule with stem `Gen_fmgrtab.pl.ym'.
     Trying implicit prerequisite `../../../../src/backend/utils/activity/RCS/wait_event_names.txt.cpp,v'.
     Trying pattern rule with stem `wait_event_names.txt.cpp'.
       Trying implicit prerequisite `Gen_fmgrtab.pl.ym,v'.
     Avoiding implicit rule recursion.
     Avoiding implicit rule recursion.
     Trying implicit prerequisite `../../../../src/backend/utils/activity/RCS/wait_event_names.txt.cpp'.
      Avoiding implicit rule recursion.
     Avoiding implicit rule recursion.
      Trying pattern rule with stem `gen_node_support.pl'.
     Avoiding implicit rule recursion.
      Trying implicit prerequisite `gen_node_support.pl.web'.
      Trying pattern rule with stem `gen_node_support.pl.p'.
     Trying pattern rule with stem `wait_event_names.txt.cpp'.
     Trying pattern rule with stem `wait_event_names.txt.cc'.
     Trying pattern rule with stem `Catalog.pm.mod'.
     Trying implicit prerequisite `../../utils/activity/wait_event_names.txt.cc,v'.
       Trying pattern rule with stem `Gen_fmgrtab.pl.ym'.
     Trying implicit prerequisite `../../../../src/backend/utils/activity/s.wait_event_names.txt.cpp'.
     Trying pattern rule with stem `wait_event_names.txt.cc'.
     Trying pattern rule with stem `wait_event_names.txt.cpp'.
       Trying implicit prerequisite `RCS/Gen_fmgrtab.pl.ym,v'.
      Trying implicit prerequisite `gen_node_support.pl.p,v'.
     Trying implicit prerequisite `../../../src/backend/catalog/Catalog.pm.mod,v'.
     Trying implicit prerequisite `../../utils/activity/RCS/wait_event_names.txt.cc,v'.
      Trying pattern rule with stem `gen_node_support.pl.p'.
     Trying pattern rule with stem `wait_event_names.txt.cc'.
     Trying pattern rule with stem `Catalog.pm.mod'.
       Trying pattern rule with stem `Gen_fmgrtab.pl.ym'.
     Trying implicit prerequisite `../../../../src/backend/utils/activity/SCCS/s.wait_event_names.txt.cpp'.
      Trying implicit prerequisite `RCS/gen_node_support.pl.p,v'.
       Trying implicit prerequisite `RCS/Gen_fmgrtab.pl.ym'.
    Trying pattern rule with stem `wait_event_names.txt'.
     Trying implicit prerequisite `../../utils/activity/RCS/wait_event_names.txt.cc'.
    Trying implicit prerequisite `../../../../src/backend/utils/activity/wait_event_names.txt.p'.
     Trying implicit prerequisite `../../../src/backend/catalog/RCS/Catalog.pm.mod,v'.
       Trying pattern rule with stem `Gen_fmgrtab.pl.ym'.
     Trying pattern rule with stem `Catalog.pm.mod'.
     Trying pattern rule with stem `wait_event_names.txt.cc'.
    Looking for a rule with intermediate file `../../../../src/backend/utils/activity/wait_event_names.txt.p'.
     Trying implicit prerequisite `../../../src/backend/catalog/RCS/Catalog.pm.mod'.
      Trying pattern rule with stem `gen_node_support.pl.p'.
     Trying implicit prerequisite `../../utils/activity/s.wait_event_names.txt.cc'.
     Avoiding implicit rule recursion.
       Trying implicit prerequisite `s.Gen_fmgrtab.pl.ym'.
     Trying pattern rule with stem `Catalog.pm.mod'.
     Trying pattern rule with stem `wait_event_names.txt.cc'.
     Avoiding implicit rule recursion.
     Trying implicit prerequisite `../../utils/activity/SCCS/s.wait_event_names.txt.cc'.
       Trying pattern rule with stem `Gen_fmgrtab.pl.ym'.
    Trying pattern rule with stem `wait_event_names.txt'.
     Trying implicit prerequisite `../../../src/backend/catalog/s.Catalog.pm.mod'.
       Trying implicit prerequisite `SCCS/s.Gen_fmgrtab.pl.ym'.
      Trying implicit prerequisite `RCS/gen_node_support.pl.p'.
      Trying pattern rule with stem `Gen_fmgrtab.pl'.
     Trying pattern rule with stem `wait_event_names.txt'.
      Trying pattern rule with stem `gen_node_support.pl.p'.
     Trying pattern rule with stem `Catalog.pm.mod'.
      Trying implicit prerequisite `s.gen_node_support.pl.p'.
     Trying implicit prerequisite `../../../src/backend/catalog/SCCS/s.Catalog.pm.mod'.
      Trying implicit prerequisite `Gen_fmgrtab.pl.lm'.
   Trying pattern rule with stem `Catalog.pm'.
      Looking for a rule with intermediate file `Gen_fmgrtab.pl.lm'.
   Rejecting impossible implicit prerequisite `../../../src/backend/catalog/Catalog.pm.cc'.
     Trying implicit prerequisite `../../../../src/backend/utils/activity/wait_event_names.txt.web'.
    Trying implicit prerequisite `../../utils/activity/wait_event_names.txt.C'.
      Trying pattern rule with stem `gen_node_support.pl.p'.
     Trying pattern rule with stem `wait_event_names.txt.p'.
    Looking for a rule with intermediate file `../../utils/activity/wait_event_names.txt.C'.
   Trying pattern rule with stem `Catalog.pm'.
      Trying implicit prerequisite `SCCS/s.gen_node_support.pl.p'.
   Rejecting impossible implicit prerequisite `../../../src/backend/catalog/Catalog.pm.C'.
     Avoiding implicit rule recursion.
      Trying pattern rule with stem `gen_node_support.pl'.
     Avoiding implicit rule recursion.
     Trying implicit prerequisite `../../../../src/backend/utils/activity/wait_event_names.txt.p,v'.
      Trying implicit prerequisite `gen_node_support.pl.web'.
       Avoiding implicit rule recursion.
   Trying pattern rule with stem `Catalog.pm'.
       Avoiding implicit rule recursion.
   Rejecting impossible implicit prerequisite `../../../src/backend/catalog/Catalog.pm.cpp'.
       Avoiding implicit rule recursion.
     Trying pattern rule with stem `wait_event_names.txt.p'.
   Trying pattern rule with stem `Catalog.pm'.
     Trying implicit prerequisite `../../../../src/backend/utils/activity/RCS/wait_event_names.txt.p,v'.
       Trying pattern rule with stem `Gen_fmgrtab.pl.lm'.
   Rejecting impossible implicit prerequisite `../../../src/backend/catalog/Catalog.pm.p'.
       Trying implicit prerequisite `Gen_fmgrtab.pl.lm,v'.
     Trying pattern rule with stem `wait_event_names.txt.p'.
      Looking for a rule with intermediate file `gen_node_support.pl.web'.
     Trying implicit prerequisite `../../../../src/backend/utils/activity/RCS/wait_event_names.txt.p'.
     Trying pattern rule with stem `wait_event_names.txt.C'.
     Trying pattern rule with stem `wait_event_names.txt.p'.
       Trying pattern rule with stem `Gen_fmgrtab.pl.lm'.
     Trying implicit prerequisite `../../../../src/backend/utils/activity/s.wait_event_names.txt.p'.
       Trying implicit prerequisite `RCS/Gen_fmgrtab.pl.lm,v'.
   Trying pattern rule with stem `Catalog.pm'.
       Trying pattern rule with stem `Gen_fmgrtab.pl.lm'.
       Avoiding implicit rule recursion.
       Trying implicit prerequisite `RCS/Gen_fmgrtab.pl.lm'.
   Rejecting impossible implicit prerequisite `../../../src/backend/catalog/Catalog.pm.f'.
     Trying implicit prerequisite `../../utils/activity/wait_event_names.txt.C,v'.
     Trying pattern rule with stem `wait_event_names.txt.C'.
     Trying pattern rule with stem `wait_event_names.txt.p'.
     Trying implicit prerequisite `../../utils/activity/RCS/wait_event_names.txt.C,v'.
   Trying pattern rule with stem `Catalog.pm'.
     Trying pattern rule with stem `wait_event_names.txt.C'.
       Avoiding implicit rule recursion.
     Trying implicit prerequisite `../../../../src/backend/utils/activity/SCCS/s.wait_event_names.txt.p'.
   Rejecting impossible implicit prerequisite `../../../src/backend/catalog/Catalog.pm.F'.
       Trying pattern rule with stem `Gen_fmgrtab.pl.lm'.
     Trying implicit prerequisite `../../utils/activity/RCS/wait_event_names.txt.C'.
       Trying implicit prerequisite `s.Gen_fmgrtab.pl.lm'.
     Trying pattern rule with stem `wait_event_names.txt'.
       Avoiding implicit rule recursion.
     Trying pattern rule with stem `wait_event_names.txt.C'.
       Trying pattern rule with stem `Gen_fmgrtab.pl.lm'.
     Trying implicit prerequisite `../../../../src/backend/utils/activity/wait_event_names.txt.web'.
     Looking for a rule with intermediate file `../../../../src/backend/utils/activity/wait_event_names.txt.web'.
     Trying implicit prerequisite `../../utils/activity/s.wait_event_names.txt.C'.
       Trying pattern rule with stem `gen_node_support.pl.web'.
      Avoiding implicit rule recursion.
      Avoiding implicit rule recursion.
   Trying pattern rule with stem `Catalog.pm'.
     Trying pattern rule with stem `wait_event_names.txt.C'.
      Avoiding implicit rule recursion.
       Trying implicit prerequisite `SCCS/s.Gen_fmgrtab.pl.lm'.
   Rejecting impossible implicit prerequisite `../../../src/backend/catalog/Catalog.pm.m'.
     Trying implicit prerequisite `../../utils/activity/SCCS/s.wait_event_names.txt.C'.
       Trying implicit prerequisite `gen_node_support.pl.web,v'.
   Trying pattern rule with stem `Catalog.pm'.
     Trying pattern rule with stem `Gen_fmgrtab.pl'.
       Trying pattern rule with stem `gen_node_support.pl.web'.
    Trying pattern rule with stem `wait_event_names.txt'.
       Trying implicit prerequisite `RCS/gen_node_support.pl.web,v'.
    Trying implicit prerequisite `../../utils/activity/wait_event_names.txt.cpp'.
      Trying pattern rule with stem `wait_event_names.txt.web'.
   Rejecting impossible implicit prerequisite `../../../src/backend/catalog/Catalog.pm.r'.
     Rejecting impossible implicit prerequisite `Gen_fmgrtab.pl.r'.
      Trying implicit prerequisite `../../../../src/backend/utils/activity/wait_event_names.txt.web,v'.
     Trying pattern rule with stem `Gen_fmgrtab.pl'.
       Trying pattern rule with stem `gen_node_support.pl.web'.
     Trying implicit prerequisite `Gen_fmgrtab.pl.s'.
    Looking for a rule with intermediate file `../../utils/activity/wait_event_names.txt.cpp'.
      Trying pattern rule with stem `wait_event_names.txt.web'.
   Trying pattern rule with stem `Catalog.pm'.
      Trying implicit prerequisite `../../../../src/backend/utils/activity/RCS/wait_event_names.txt.web,v'.
     Avoiding implicit rule recursion.
     Looking for a rule with intermediate file `Gen_fmgrtab.pl.s'.
      Trying pattern rule with stem `wait_event_names.txt.web'.
     Avoiding implicit rule recursion.
      Avoiding implicit rule recursion.
   Rejecting impossible implicit prerequisite `../../../src/backend/catalog/Catalog.pm.s'.
      Trying implicit prerequisite `../../../../src/backend/utils/activity/RCS/wait_event_names.txt.web'.
      Avoiding implicit rule recursion.
     Trying pattern rule with stem `wait_event_names.txt.cpp'.
      Trying pattern rule with stem `wait_event_names.txt.web'.
      Trying pattern rule with stem `Gen_fmgrtab.pl'.
     Trying implicit prerequisite `../../utils/activity/wait_event_names.txt.cpp,v'.
      Trying implicit prerequisite `Gen_fmgrtab.pl.S'.
      Trying implicit prerequisite `../../../../src/backend/utils/activity/s.wait_event_names.txt.web'.
   Trying pattern rule with stem `Catalog.pm'.
     Trying pattern rule with stem `wait_event_names.txt.cpp'.
   Rejecting impossible implicit prerequisite `../../../src/backend/catalog/Catalog.pm.S'.
     Trying implicit prerequisite `../../utils/activity/RCS/wait_event_names.txt.cpp,v'.
       Trying implicit prerequisite `RCS/gen_node_support.pl.web'.
      Trying pattern rule with stem `Gen_fmgrtab.pl.s'.
      Trying pattern rule with stem `wait_event_names.txt.web'.
   Trying pattern rule with stem `Catalog.pm'.
     Trying pattern rule with stem `wait_event_names.txt.cpp'.
       Trying pattern rule with stem `gen_node_support.pl.web'.
      Trying implicit prerequisite `Gen_fmgrtab.pl.s,v'.
       Trying implicit prerequisite `s.gen_node_support.pl.web'.
   Rejecting impossible implicit prerequisite `../../../src/backend/catalog/Catalog.pm.mod'.
      Trying pattern rule with stem `Gen_fmgrtab.pl.s'.
     Trying implicit prerequisite `../../utils/activity/RCS/wait_event_names.txt.cpp'.
      Trying implicit prerequisite `../../../../src/backend/utils/activity/SCCS/s.wait_event_names.txt.web'.
   Trying pattern rule with stem `Catalog.pm'.
    Trying pattern rule with stem `wait_event_names.txt'.
       Trying pattern rule with stem `gen_node_support.pl.web'.
     Trying pattern rule with stem `wait_event_names.txt.cpp'.
   Trying implicit prerequisite `../../../src/backend/catalog/Catalog.pm.sh'.
    Trying implicit prerequisite `../../../../src/backend/utils/activity/wait_event_names.txt.f'.
     Trying implicit prerequisite `../../utils/activity/s.wait_event_names.txt.cpp'.
      Trying implicit prerequisite `RCS/Gen_fmgrtab.pl.s,v'.
       Trying implicit prerequisite `SCCS/s.gen_node_support.pl.web'.
    Looking for a rule with intermediate file `../../../../src/backend/utils/activity/wait_event_names.txt.f'.
   Looking for a rule with intermediate file `../../../src/backend/catalog/Catalog.pm.sh'.
     Trying pattern rule with stem `wait_event_names.txt.cpp'.
     Avoiding implicit rule recursion.
    Avoiding implicit rule recursion.
     Trying pattern rule with stem `gen_node_support.pl'.
    Trying pattern rule with stem `Catalog.pm.sh'.
     Trying implicit prerequisite `gen_node_support.pl.f'.
    Trying implicit prerequisite `../../../src/backend/catalog/Catalog.pm.sh,v'.
     Trying implicit prerequisite `../../utils/activity/SCCS/s.wait_event_names.txt.cpp'.
     Looking for a rule with intermediate file `gen_node_support.pl.f'.
      Trying pattern rule with stem `Gen_fmgrtab.pl.s'.
     Avoiding implicit rule recursion.
    Trying pattern rule with stem `wait_event_names.txt'.
     Trying pattern rule with stem `wait_event_names.txt'.
    Trying implicit prerequisite `../../utils/activity/wait_event_names.txt.p'.
     Trying implicit prerequisite `../../../../src/backend/utils/activity/wait_event_names.txt.F'.
    Trying pattern rule with stem `Catalog.pm.sh'.
      Avoiding implicit rule recursion.
      Trying implicit prerequisite `RCS/Gen_fmgrtab.pl.s'.
    Looking for a rule with intermediate file `../../utils/activity/wait_event_names.txt.p'.
    Trying implicit prerequisite `../../../src/backend/catalog/RCS/Catalog.pm.sh,v'.
      Avoiding implicit rule recursion.
    Trying pattern rule with stem `Catalog.pm.sh'.
      Trying pattern rule with stem `gen_node_support.pl'.
    Trying implicit prerequisite `../../../src/backend/catalog/RCS/Catalog.pm.sh'.
      Trying pattern rule with stem `Gen_fmgrtab.pl.s'.
     Avoiding implicit rule recursion.
    Trying pattern rule with stem `Catalog.pm.sh'.
      Trying implicit prerequisite `s.Gen_fmgrtab.pl.s'.
     Avoiding implicit rule recursion.
     Trying pattern rule with stem `wait_event_names.txt'.
    Trying implicit prerequisite `../../../src/backend/catalog/s.Catalog.pm.sh'.
      Trying implicit prerequisite `gen_node_support.pl.F'.
      Trying pattern rule with stem `Gen_fmgrtab.pl.s'.
    Trying pattern rule with stem `Catalog.pm.sh'.
      Trying pattern rule with stem `gen_node_support.pl'.
      Trying implicit prerequisite `SCCS/s.Gen_fmgrtab.pl.s'.
    Trying implicit prerequisite `../../../src/backend/catalog/SCCS/s.Catalog.pm.sh'.
      Trying implicit prerequisite `gen_node_support.pl.r'.
   No implicit rule found for `../../../src/backend/catalog/Catalog.pm'.
     Trying pattern rule with stem `wait_event_names.txt'.
      Trying pattern rule with stem `Gen_fmgrtab.pl'.
     Trying implicit prerequisite `../../../../src/backend/utils/activity/wait_event_names.txt.r'.
      Trying implicit prerequisite `Gen_fmgrtab.pl.S'.
     Trying implicit prerequisite `../../utils/activity/wait_event_names.txt.web'.
     Trying pattern rule with stem `wait_event_names.txt.f'.
   Looking for an implicit rule for `../../../src/include/catalog/pg_proc.h'.
      Trying pattern rule with stem `gen_node_support.pl.f'.
   Trying pattern rule with stem `pg_proc.h'.
     Trying implicit prerequisite `../../../../src/backend/utils/activity/wait_event_names.txt.f,v'.
      Trying implicit prerequisite `gen_node_support.pl.f,v'.
      Looking for a rule with intermediate file `Gen_fmgrtab.pl.S'.
       Avoiding implicit rule recursion.
     Trying pattern rule with stem `wait_event_names.txt.p'.
     Trying pattern rule with stem `wait_event_names.txt.f'.
     Trying implicit prerequisite `../../utils/activity/wait_event_names.txt.p,v'.
     Trying implicit prerequisite `../../../../src/backend/utils/activity/RCS/wait_event_names.txt.f,v'.
      Trying pattern rule with stem `gen_node_support.pl.f'.
   Trying implicit prerequisite `../../../src/include/catalog/pg_proc.h,v'.
     Trying pattern rule with stem `wait_event_names.txt.f'.
     Trying pattern rule with stem `wait_event_names.txt.p'.
     Trying implicit prerequisite `../../../../src/backend/utils/activity/RCS/wait_event_names.txt.f'.
       Avoiding implicit rule recursion.
   Trying pattern rule with stem `pg_proc.h'.
     Trying implicit prerequisite `../../utils/activity/RCS/wait_event_names.txt.p,v'.
       Avoiding implicit rule recursion.
      Trying implicit prerequisite `RCS/gen_node_support.pl.f,v'.
     Trying pattern rule with stem `wait_event_names.txt.f'.
   Trying implicit prerequisite `../../../src/include/catalog/RCS/pg_proc.h,v'.
     Trying implicit prerequisite `../../../../src/backend/utils/activity/s.wait_event_names.txt.f'.
       Trying pattern rule with stem `Gen_fmgrtab.pl.S'.
      Trying pattern rule with stem `gen_node_support.pl.f'.
     Trying pattern rule with stem `wait_event_names.txt.f'.
      Trying implicit prerequisite `RCS/gen_node_support.pl.f'.
   Trying pattern rule with stem `pg_proc.h'.
     Trying pattern rule with stem `wait_event_names.txt.p'.
     Trying implicit prerequisite `../../../../src/backend/utils/activity/SCCS/s.wait_event_names.txt.f'.
     Trying implicit prerequisite `../../utils/activity/RCS/wait_event_names.txt.p'.
       Trying implicit prerequisite `Gen_fmgrtab.pl.S,v'.
      Trying pattern rule with stem `gen_node_support.pl.f'.
   Trying implicit prerequisite `../../../src/include/catalog/RCS/pg_proc.h'.
     Trying pattern rule with stem `wait_event_names.txt'.
       Trying pattern rule with stem `Gen_fmgrtab.pl.S'.
     Trying implicit prerequisite `../../../../src/backend/utils/activity/wait_event_names.txt.F'.
      Trying implicit prerequisite `s.gen_node_support.pl.f'.
   Trying pattern rule with stem `pg_proc.h'.
       Trying implicit prerequisite `RCS/Gen_fmgrtab.pl.S,v'.
     Trying pattern rule with stem `wait_event_names.txt.p'.
     Looking for a rule with intermediate file `../../../../src/backend/utils/activity/wait_event_names.txt.F'.
   Trying implicit prerequisite `../../../src/include/catalog/s.pg_proc.h'.
      Trying pattern rule with stem `gen_node_support.pl.f'.
     Trying implicit prerequisite `../../utils/activity/s.wait_event_names.txt.p'.
       Trying pattern rule with stem `Gen_fmgrtab.pl.S'.
   Trying pattern rule with stem `pg_proc.h'.
      Avoiding implicit rule recursion.
      Trying implicit prerequisite `SCCS/s.gen_node_support.pl.f'.
     Trying pattern rule with stem `wait_event_names.txt.p'.
   Trying implicit prerequisite `../../../src/include/catalog/SCCS/s.pg_proc.h'.
      Trying pattern rule with stem `gen_node_support.pl'.
      Avoiding implicit rule recursion.
     Trying implicit prerequisite `../../utils/activity/SCCS/s.wait_event_names.txt.p'.
       Trying implicit prerequisite `RCS/Gen_fmgrtab.pl.S'.
     Trying pattern rule with stem `wait_event_names.txt'.
      Trying implicit prerequisite `gen_node_support.pl.F'.
      Avoiding implicit rule recursion.
   No implicit rule found for `../../../src/include/catalog/pg_proc.h'.
       Trying pattern rule with stem `Gen_fmgrtab.pl.S'.
      Trying pattern rule with stem `wait_event_names.txt.F'.
     Trying implicit prerequisite `../../utils/activity/wait_event_names.txt.web'.
      Looking for a rule with intermediate file `gen_node_support.pl.F'.
       Trying implicit prerequisite `s.Gen_fmgrtab.pl.S'.
      Trying implicit prerequisite `../../../../src/backend/utils/activity/wait_event_names.txt.F,v'.
   Looking for an implicit rule for `../../../src/include/catalog/pg_type.h'.
       Trying pattern rule with stem `Gen_fmgrtab.pl.S'.
   Trying pattern rule with stem `pg_type.h'.
       Trying implicit prerequisite `SCCS/s.Gen_fmgrtab.pl.S'.
   Trying implicit prerequisite `../../../src/include/catalog/pg_type.h,v'.
     Looking for a rule with intermediate file `../../utils/activity/wait_event_names.txt.web'.
       Avoiding implicit rule recursion.
     Trying pattern rule with stem `Gen_fmgrtab.pl'.
      Trying pattern rule with stem `wait_event_names.txt.F'.
      Avoiding implicit rule recursion.
     Rejecting impossible implicit prerequisite `Gen_fmgrtab.pl.S'.
      Trying implicit prerequisite `../../../../src/backend/utils/activity/RCS/wait_event_names.txt.F,v'.
      Avoiding implicit rule recursion.
       Avoiding implicit rule recursion.
      Trying pattern rule with stem `wait_event_names.txt.F'.
      Avoiding implicit rule recursion.
     Trying pattern rule with stem `Gen_fmgrtab.pl'.
   Trying pattern rule with stem `pg_type.h'.
      Trying implicit prerequisite `../../../../src/backend/utils/activity/RCS/wait_event_names.txt.F'.
       Avoiding implicit rule recursion.
      Trying pattern rule with stem `wait_event_names.txt.F'.
       Trying pattern rule with stem `gen_node_support.pl.F'.
      Trying implicit prerequisite `../../../../src/backend/utils/activity/s.wait_event_names.txt.F'.
       Trying implicit prerequisite `gen_node_support.pl.F,v'.
      Trying pattern rule with stem `wait_event_names.txt.web'.
      Trying pattern rule with stem `wait_event_names.txt.F'.
      Trying implicit prerequisite `../../utils/activity/wait_event_names.txt.web,v'.
     Trying implicit prerequisite `Gen_fmgrtab.pl.mod'.
      Trying pattern rule with stem `wait_event_names.txt.web'.
      Trying implicit prerequisite `../../../../src/backend/utils/activity/SCCS/s.wait_event_names.txt.F'.
       Trying pattern rule with stem `gen_node_support.pl.F'.
   Trying implicit prerequisite `../../../src/include/catalog/RCS/pg_type.h,v'.
       Trying implicit prerequisite `RCS/gen_node_support.pl.F,v'.
     Looking for a rule with intermediate file `Gen_fmgrtab.pl.mod'.
       Trying pattern rule with stem `gen_node_support.pl.F'.
      Trying implicit prerequisite `../../utils/activity/RCS/wait_event_names.txt.web,v'.
      Avoiding implicit rule recursion.
      Trying pattern rule with stem `wait_event_names.txt.web'.
   Trying pattern rule with stem `pg_type.h'.
       Trying implicit prerequisite `RCS/gen_node_support.pl.F'.
      Trying implicit prerequisite `../../utils/activity/RCS/wait_event_names.txt.web'.
     Trying pattern rule with stem `wait_event_names.txt'.
      Avoiding implicit rule recursion.
      Trying pattern rule with stem `wait_event_names.txt.web'.
   Trying implicit prerequisite `../../../src/include/catalog/RCS/pg_type.h'.
      Trying pattern rule with stem `Gen_fmgrtab.pl.mod'.
      Trying implicit prerequisite `../../utils/activity/s.wait_event_names.txt.web'.
      Trying implicit prerequisite `Gen_fmgrtab.pl.mod,v'.
   Trying pattern rule with stem `pg_type.h'.
      Trying pattern rule with stem `wait_event_names.txt.web'.
      Trying pattern rule with stem `Gen_fmgrtab.pl.mod'.
   Trying implicit prerequisite `../../../src/include/catalog/s.pg_type.h'.
     Trying implicit prerequisite `../../../../src/backend/utils/activity/wait_event_names.txt.r'.
   Trying pattern rule with stem `pg_type.h'.
      Trying implicit prerequisite `../../utils/activity/SCCS/s.wait_event_names.txt.web'.
     Looking for a rule with intermediate file `../../../../src/backend/utils/activity/wait_event_names.txt.r'.
    Trying pattern rule with stem `wait_event_names.txt'.
      Trying implicit prerequisite `RCS/Gen_fmgrtab.pl.mod,v'.
       Trying pattern rule with stem `gen_node_support.pl.F'.
      Avoiding implicit rule recursion.
       Trying implicit prerequisite `s.gen_node_support.pl.F'.
    Trying implicit prerequisite `../../utils/activity/wait_event_names.txt.f'.
      Trying pattern rule with stem `Gen_fmgrtab.pl.mod'.
      Avoiding implicit rule recursion.
   Trying implicit prerequisite `../../../src/include/catalog/SCCS/s.pg_type.h'.
       Trying pattern rule with stem `gen_node_support.pl.F'.
      Avoiding implicit rule recursion.
   No implicit rule found for `../../../src/include/catalog/pg_type.h'.
      Trying implicit prerequisite `RCS/Gen_fmgrtab.pl.mod'.
    Looking for a rule with intermediate file `../../utils/activity/wait_event_names.txt.f'.
       Trying implicit prerequisite `SCCS/s.gen_node_support.pl.F'.
   Looking for an implicit rule for `../../../src/include/catalog/pg_attribute.h'.
      Trying pattern rule with stem `Gen_fmgrtab.pl.mod'.
      Trying pattern rule with stem `wait_event_names.txt'.
      Trying implicit prerequisite `s.Gen_fmgrtab.pl.mod'.
      Rejecting impossible implicit prerequisite `../../../../src/backend/utils/activity/wait_event_names.txt.l'.
     Avoiding implicit rule recursion.
      Trying pattern rule with stem `gen_node_support.pl'.
     Avoiding implicit rule recursion.
      Trying implicit prerequisite `gen_node_support.pl.r'.
     Trying pattern rule with stem `wait_event_names.txt'.
      Trying pattern rule with stem `Gen_fmgrtab.pl.mod'.
      Looking for a rule with intermediate file `gen_node_support.pl.r'.
     Trying implicit prerequisite `../../utils/activity/wait_event_names.txt.F'.
      Trying implicit prerequisite `SCCS/s.Gen_fmgrtab.pl.mod'.
   Trying pattern rule with stem `pg_attribute.h'.
      Trying pattern rule with stem `wait_event_names.txt.r'.
       Avoiding implicit rule recursion.
     Trying pattern rule with stem `wait_event_names.txt'.
    Trying pattern rule with stem `Gen_fmgrtab.pl'.
    Rejecting impossible implicit prerequisite `Gen_fmgrtab.pl.cc'.
    Trying pattern rule with stem `Gen_fmgrtab.pl'.
    Rejecting impossible implicit prerequisite `Gen_fmgrtab.pl.C'.
    Trying pattern rule with stem `Gen_fmgrtab.pl'.
    Rejecting impossible implicit prerequisite `Gen_fmgrtab.pl.cpp'.
    Trying pattern rule with stem `Gen_fmgrtab.pl'.
    Rejecting impossible implicit prerequisite `Gen_fmgrtab.pl.p'.
    Trying pattern rule with stem `Gen_fmgrtab.pl'.
    Rejecting impossible implicit prerequisite `Gen_fmgrtab.pl.f'.
    Trying pattern rule with stem `Gen_fmgrtab.pl'.
    Rejecting impossible implicit prerequisite `Gen_fmgrtab.pl.F'.
    Trying pattern rule with stem `Gen_fmgrtab.pl'.
    Rejecting impossible implicit prerequisite `Gen_fmgrtab.pl.m'.
    Trying pattern rule with stem `Gen_fmgrtab.pl'.
    Rejecting impossible implicit prerequisite `Gen_fmgrtab.pl.r'.
    Trying pattern rule with stem `Gen_fmgrtab.pl'.
    Rejecting impossible implicit prerequisite `Gen_fmgrtab.pl.s'.
    Trying pattern rule with stem `Gen_fmgrtab.pl'.
    Rejecting impossible implicit prerequisite `Gen_fmgrtab.pl.S'.
   Trying implicit prerequisite `../../../src/include/catalog/pg_attribute.h,v'.
    Trying pattern rule with stem `Gen_fmgrtab.pl'.
       Avoiding implicit rule recursion.
       Avoiding implicit rule recursion.
      Trying implicit prerequisite `../../../../src/backend/utils/activity/wait_event_names.txt.r,v'.
    Rejecting impossible implicit prerequisite `Gen_fmgrtab.pl.mod'.
   Trying pattern rule with stem `pg_attribute.h'.
       Trying pattern rule with stem `gen_node_support.pl'.
    Trying pattern rule with stem `Gen_fmgrtab.pl'.
   Trying implicit prerequisite `../../../src/include/catalog/RCS/pg_attribute.h,v'.
       Rejecting impossible implicit prerequisite `gen_node_support.pl.l'.
    Trying implicit prerequisite `Gen_fmgrtab.pl.sh'.
      Trying pattern rule with stem `wait_event_names.txt.r'.
   Trying pattern rule with stem `pg_attribute.h'.
    Looking for a rule with intermediate file `Gen_fmgrtab.pl.sh'.
   Trying implicit prerequisite `../../../src/include/catalog/RCS/pg_attribute.h'.
     Trying implicit prerequisite `../../utils/activity/wait_event_names.txt.r'.
       Trying pattern rule with stem `gen_node_support.pl.r'.
     Avoiding implicit rule recursion.
      Trying implicit prerequisite `../../../../src/backend/utils/activity/RCS/wait_event_names.txt.r,v'.
   Trying pattern rule with stem `pg_attribute.h'.
     Trying pattern rule with stem `wait_event_names.txt.f'.
       Trying implicit prerequisite `gen_node_support.pl.r,v'.
     Trying pattern rule with stem `Gen_fmgrtab.pl.sh'.
   Trying implicit prerequisite `../../../src/include/catalog/s.pg_attribute.h'.
     Trying implicit prerequisite `../../utils/activity/wait_event_names.txt.f,v'.
      Trying pattern rule with stem `wait_event_names.txt.r'.
     Trying pattern rule with stem `wait_event_names.txt.f'.
      Trying implicit prerequisite `../../../../src/backend/utils/activity/RCS/wait_event_names.txt.r'.
   Trying pattern rule with stem `pg_attribute.h'.
     Trying implicit prerequisite `../../utils/activity/RCS/wait_event_names.txt.f,v'.
      Trying pattern rule with stem `wait_event_names.txt.r'.
     Trying implicit prerequisite `Gen_fmgrtab.pl.sh,v'.
   Trying implicit prerequisite `../../../src/include/catalog/SCCS/s.pg_attribute.h'.
       Trying pattern rule with stem `gen_node_support.pl.r'.
     Trying pattern rule with stem `Gen_fmgrtab.pl.sh'.
      Trying implicit prerequisite `../../../../src/backend/utils/activity/s.wait_event_names.txt.r'.
     Trying implicit prerequisite `RCS/Gen_fmgrtab.pl.sh,v'.
     Trying pattern rule with stem `wait_event_names.txt.f'.
       Trying implicit prerequisite `RCS/gen_node_support.pl.r,v'.
     Trying implicit prerequisite `../../utils/activity/RCS/wait_event_names.txt.f'.
      Trying pattern rule with stem `wait_event_names.txt.r'.
     Trying pattern rule with stem `Gen_fmgrtab.pl.sh'.
      Trying implicit prerequisite `../../../../src/backend/utils/activity/SCCS/s.wait_event_names.txt.r'.
     Trying implicit prerequisite `RCS/Gen_fmgrtab.pl.sh'.
    Trying pattern rule with stem `wait_event_names.txt'.
       Trying pattern rule with stem `gen_node_support.pl.r'.
     Trying pattern rule with stem `wait_event_names.txt.f'.
     Trying pattern rule with stem `Gen_fmgrtab.pl.sh'.
       Trying implicit prerequisite `RCS/gen_node_support.pl.r'.
   No implicit rule found for `../../../src/include/catalog/pg_attribute.h'.
       Trying pattern rule with stem `gen_node_support.pl.r'.
     Trying implicit prerequisite `s.Gen_fmgrtab.pl.sh'.
       Trying implicit prerequisite `s.gen_node_support.pl.r'.
     Trying implicit prerequisite `../../utils/activity/s.wait_event_names.txt.f'.
    Rejecting impossible implicit prerequisite `../../../../src/backend/utils/activity/wait_event_names.txt.F'.
    Trying pattern rule with stem `wait_event_names.txt'.
     Trying pattern rule with stem `wait_event_names.txt.f'.
       Trying pattern rule with stem `gen_node_support.pl.r'.
    Trying implicit prerequisite `../../../../src/backend/utils/activity/wait_event_names.txt.m'.
     Trying pattern rule with stem `Gen_fmgrtab.pl.sh'.
       Trying implicit prerequisite `SCCS/s.gen_node_support.pl.r'.
   Looking for an implicit rule for `../../../src/include/catalog/pg_class.h'.
     Trying pattern rule with stem `gen_node_support.pl'.
    Looking for a rule with intermediate file `../../../../src/backend/utils/activity/wait_event_names.txt.m'.
     Trying implicit prerequisite `SCCS/s.Gen_fmgrtab.pl.sh'.
   Trying pattern rule with stem `pg_class.h'.
     Rejecting impossible implicit prerequisite `gen_node_support.pl.F'.
     Avoiding implicit rule recursion.
    No implicit rule found for `Gen_fmgrtab.pl'.
     Trying implicit prerequisite `../../utils/activity/SCCS/s.wait_event_names.txt.f'.
     Avoiding implicit rule recursion.
     Trying pattern rule with stem `gen_node_support.pl'.
     Trying pattern rule with stem `wait_event_names.txt'.
    Looking for an implicit rule for `../../../src/backend/catalog/Catalog.pm'.
   Trying implicit prerequisite `../../../src/include/catalog/pg_class.h,v'.
    Trying pattern rule with stem `Catalog.pm'.
     Trying implicit prerequisite `../../utils/activity/wait_event_names.txt.F'.
     Trying implicit prerequisite `gen_node_support.pl.m'.
     Trying pattern rule with stem `wait_event_names.txt'.
   Trying pattern rule with stem `pg_class.h'.
     Looking for a rule with intermediate file `gen_node_support.pl.m'.
     Looking for a rule with intermediate file `../../utils/activity/wait_event_names.txt.F'.
   Trying implicit prerequisite `../../../src/include/catalog/RCS/pg_class.h,v'.
     Trying implicit prerequisite `../../../../src/backend/utils/activity/wait_event_names.txt.ym'.
      Avoiding implicit rule recursion.
   Trying pattern rule with stem `pg_class.h'.
      Avoiding implicit rule recursion.
   Trying implicit prerequisite `../../../src/include/catalog/RCS/pg_class.h'.
      Trying pattern rule with stem `gen_node_support.pl'.
      Avoiding implicit rule recursion.
   Trying pattern rule with stem `pg_class.h'.
      Trying implicit prerequisite `gen_node_support.pl.ym'.
   Trying implicit prerequisite `../../../src/include/catalog/s.pg_class.h'.
      Avoiding implicit rule recursion.
     Trying pattern rule with stem `wait_event_names.txt'.
    Trying implicit prerequisite `../../../src/backend/catalog/Catalog.pm.o'.
      Trying pattern rule with stem `gen_node_support.pl'.
      Avoiding implicit rule recursion.
   Trying pattern rule with stem `pg_class.h'.
     Trying implicit prerequisite `../../../../src/backend/utils/activity/wait_event_names.txt.lm'.
      Trying implicit prerequisite `gen_node_support.pl.lm'.
   Trying implicit prerequisite `../../../src/include/catalog/SCCS/s.pg_class.h'.
     Trying pattern rule with stem `wait_event_names.txt.m'.
   No implicit rule found for `../../../src/include/catalog/pg_class.h'.
      Trying pattern rule with stem `wait_event_names.txt.F'.
   Looking for an implicit rule for `../../../src/include/catalog/pg_attrdef.h'.
      Trying pattern rule with stem `gen_node_support.pl.m'.
   Trying pattern rule with stem `pg_attrdef.h'.
     Trying implicit prerequisite `../../../../src/backend/utils/activity/wait_event_names.txt.m,v'.
    Trying pattern rule with stem `Catalog.pm'.
      Trying implicit prerequisite `gen_node_support.pl.m,v'.
      Trying implicit prerequisite `../../utils/activity/wait_event_names.txt.F,v'.
   Trying implicit prerequisite `../../../src/include/catalog/pg_attrdef.h,v'.
      Trying pattern rule with stem `gen_node_support.pl.m'.
   Trying pattern rule with stem `pg_attrdef.h'.
    Trying implicit prerequisite `../../../src/backend/catalog/Catalog.pm.cc'.
   Trying implicit prerequisite `../../../src/include/catalog/RCS/pg_attrdef.h,v'.
     Trying pattern rule with stem `wait_event_names.txt.m'.
      Trying implicit prerequisite `RCS/gen_node_support.pl.m,v'.
     Trying implicit prerequisite `../../../../src/backend/utils/activity/RCS/wait_event_names.txt.m,v'.
      Trying pattern rule with stem `gen_node_support.pl.m'.
     Trying pattern rule with stem `wait_event_names.txt.m'.
    Trying pattern rule with stem `Catalog.pm'.
   Trying pattern rule with stem `pg_attrdef.h'.
     Trying implicit prerequisite `../../../../src/backend/utils/activity/RCS/wait_event_names.txt.m'.
   Trying implicit prerequisite `../../../src/include/catalog/RCS/pg_attrdef.h'.
     Trying pattern rule with stem `wait_event_names.txt.m'.
      Trying pattern rule with stem `wait_event_names.txt.F'.
     Trying implicit prerequisite `../../../../src/backend/utils/activity/s.wait_event_names.txt.m'.
      Trying implicit prerequisite `../../utils/activity/RCS/wait_event_names.txt.F,v'.
    Trying implicit prerequisite `../../../src/backend/catalog/Catalog.pm.C'.
      Trying implicit prerequisite `RCS/gen_node_support.pl.m'.
   Trying pattern rule with stem `pg_attrdef.h'.
    Trying pattern rule with stem `Catalog.pm'.
      Trying pattern rule with stem `gen_node_support.pl.m'.
    Trying implicit prerequisite `../../../src/backend/catalog/Catalog.pm.cpp'.
      Trying implicit prerequisite `s.gen_node_support.pl.m'.
      Trying pattern rule with stem `wait_event_names.txt.F'.
     Trying pattern rule with stem `wait_event_names.txt.m'.
      Trying pattern rule with stem `gen_node_support.pl.m'.
     Trying implicit prerequisite `../../../../src/backend/utils/activity/SCCS/s.wait_event_names.txt.m'.
      Trying implicit prerequisite `SCCS/s.gen_node_support.pl.m'.
   Trying implicit prerequisite `../../../src/include/catalog/s.pg_attrdef.h'.
     Trying pattern rule with stem `wait_event_names.txt'.
    Trying pattern rule with stem `Catalog.pm'.
     Trying implicit prerequisite `../../../../src/backend/utils/activity/wait_event_names.txt.ym'.
      Trying pattern rule with stem `gen_node_support.pl'.
   Trying pattern rule with stem `pg_attrdef.h'.
      Trying implicit prerequisite `../../utils/activity/RCS/wait_event_names.txt.F'.
   Trying implicit prerequisite `../../../src/include/catalog/SCCS/s.pg_attrdef.h'.
     Looking for a rule with intermediate file `../../../../src/backend/utils/activity/wait_event_names.txt.ym'.
      Trying pattern rule with stem `wait_event_names.txt.F'.
    Trying implicit prerequisite `../../../src/backend/catalog/Catalog.pm.p'.
      Avoiding implicit rule recursion.
      Trying implicit prerequisite `gen_node_support.pl.ym'.
    Trying pattern rule with stem `Catalog.pm'.
      Trying implicit prerequisite `../../utils/activity/s.wait_event_names.txt.F'.
      Avoiding implicit rule recursion.
   No implicit rule found for `../../../src/include/catalog/pg_attrdef.h'.
      Looking for a rule with intermediate file `gen_node_support.pl.ym'.
    Trying implicit prerequisite `../../../src/backend/catalog/Catalog.pm.f'.
      Trying pattern rule with stem `wait_event_names.txt.F'.
      Avoiding implicit rule recursion.
      Trying implicit prerequisite `../../utils/activity/SCCS/s.wait_event_names.txt.F'.
       Avoiding implicit rule recursion.
    Trying pattern rule with stem `Catalog.pm'.
       Avoiding implicit rule recursion.
      Trying pattern rule with stem `wait_event_names.txt.ym'.
   Looking for an implicit rule for `../../../src/include/catalog/pg_constraint.h'.
      Trying implicit prerequisite `../../../../src/backend/utils/activity/wait_event_names.txt.ym,v'.
   Trying pattern rule with stem `pg_constraint.h'.
     Trying pattern rule with stem `wait_event_names.txt'.
   Trying implicit prerequisite `../../../src/include/catalog/pg_constraint.h,v'.
     Trying implicit prerequisite `../../utils/activity/wait_event_names.txt.r'.
       Avoiding implicit rule recursion.
   Trying pattern rule with stem `pg_constraint.h'.
    Trying implicit prerequisite `../../../src/backend/catalog/Catalog.pm.F'.
      Trying pattern rule with stem `wait_event_names.txt.ym'.
     Looking for a rule with intermediate file `../../utils/activity/wait_event_names.txt.r'.
      Trying implicit prerequisite `../../../../src/backend/utils/activity/RCS/wait_event_names.txt.ym,v'.
   Trying implicit prerequisite `../../../src/include/catalog/RCS/pg_constraint.h,v'.
      Avoiding implicit rule recursion.
   Trying pattern rule with stem `pg_constraint.h'.
       Trying pattern rule with stem `gen_node_support.pl.ym'.
   Trying implicit prerequisite `../../../src/include/catalog/RCS/pg_constraint.h'.
       Trying implicit prerequisite `gen_node_support.pl.ym,v'.
    Trying pattern rule with stem `Catalog.pm'.
   Trying pattern rule with stem `pg_constraint.h'.
      Trying pattern rule with stem `wait_event_names.txt.ym'.
      Avoiding implicit rule recursion.
       Trying pattern rule with stem `gen_node_support.pl.ym'.
   Trying implicit prerequisite `../../../src/include/catalog/s.pg_constraint.h'.
      Avoiding implicit rule recursion.
       Trying implicit prerequisite `RCS/gen_node_support.pl.ym,v'.
   Trying pattern rule with stem `pg_constraint.h'.
      Trying pattern rule with stem `wait_event_names.txt'.
       Trying pattern rule with stem `gen_node_support.pl.ym'.
      Rejecting impossible implicit prerequisite `../../utils/activity/wait_event_names.txt.l'.
       Trying implicit prerequisite `RCS/gen_node_support.pl.ym'.
    Trying implicit prerequisite `../../../src/backend/catalog/Catalog.pm.m'.
   Trying implicit prerequisite `../../../src/include/catalog/SCCS/s.pg_constraint.h'.
      Trying pattern rule with stem `wait_event_names.txt.r'.
    Trying pattern rule with stem `Catalog.pm'.
      Trying implicit prerequisite `../../../../src/backend/utils/activity/RCS/wait_event_names.txt.ym'.
    Trying implicit prerequisite `../../../src/backend/catalog/Catalog.pm.r'.
   No implicit rule found for `../../../src/include/catalog/pg_constraint.h'.
      Trying pattern rule with stem `wait_event_names.txt.ym'.
    Trying pattern rule with stem `Catalog.pm'.
       Trying pattern rule with stem `gen_node_support.pl.ym'.
      Trying implicit prerequisite `../../../../src/backend/utils/activity/s.wait_event_names.txt.ym'.
       Trying implicit prerequisite `s.gen_node_support.pl.ym'.
      Trying pattern rule with stem `wait_event_names.txt.ym'.
       Trying pattern rule with stem `gen_node_support.pl.ym'.
   Looking for an implicit rule for `../../../src/include/catalog/pg_inherits.h'.
    Trying implicit prerequisite `../../../src/backend/catalog/Catalog.pm.s'.
   Trying pattern rule with stem `pg_inherits.h'.
      Trying implicit prerequisite `../../utils/activity/wait_event_names.txt.r,v'.
    Trying pattern rule with stem `Catalog.pm'.
      Trying pattern rule with stem `wait_event_names.txt.r'.
      Trying implicit prerequisite `../../../../src/backend/utils/activity/SCCS/s.wait_event_names.txt.ym'.
      Trying implicit prerequisite `../../utils/activity/RCS/wait_event_names.txt.r,v'.
     Trying pattern rule with stem `wait_event_names.txt'.
    Trying implicit prerequisite `../../../src/backend/catalog/Catalog.pm.S'.
       Trying implicit prerequisite `SCCS/s.gen_node_support.pl.ym'.
   Trying implicit prerequisite `../../../src/include/catalog/pg_inherits.h,v'.
   Trying pattern rule with stem `pg_inherits.h'.
   Trying implicit prerequisite `../../../src/include/catalog/RCS/pg_inherits.h,v'.
   Trying pattern rule with stem `pg_inherits.h'.
   Trying implicit prerequisite `../../../src/include/catalog/RCS/pg_inherits.h'.
   Trying pattern rule with stem `pg_inherits.h'.
   Trying implicit prerequisite `../../../src/include/catalog/s.pg_inherits.h'.
   Trying pattern rule with stem `pg_inherits.h'.
   Trying implicit prerequisite `../../../src/include/catalog/SCCS/s.pg_inherits.h'.
   No implicit rule found for `../../../src/include/catalog/pg_inherits.h'.
   Looking for an implicit rule for `../../../src/include/catalog/pg_index.h'.
   Trying pattern rule with stem `pg_index.h'.
   Trying implicit prerequisite `../../../src/include/catalog/pg_index.h,v'.
   Trying pattern rule with stem `pg_index.h'.
   Trying implicit prerequisite `../../../src/include/catalog/RCS/pg_index.h,v'.
   Trying pattern rule with stem `pg_index.h'.
      Trying pattern rule with stem `wait_event_names.txt.r'.
     Trying implicit prerequisite `../../../../src/backend/utils/activity/wait_event_names.txt.lm'.
    Trying pattern rule with stem `Catalog.pm'.
      Trying pattern rule with stem `gen_node_support.pl'.
    Trying implicit prerequisite `../../../src/backend/catalog/Catalog.pm.mod'.
      Trying implicit prerequisite `gen_node_support.pl.lm'.
   Trying implicit prerequisite `../../../src/include/catalog/RCS/pg_index.h'.
     Looking for a rule with intermediate file `../../../../src/backend/utils/activity/wait_event_names.txt.lm'.
      Looking for a rule with intermediate file `gen_node_support.pl.lm'.
   Trying pattern rule with stem `pg_index.h'.
    Trying pattern rule with stem `Catalog.pm'.
   Trying implicit prerequisite `../../../src/include/catalog/s.pg_index.h'.
    Trying implicit prerequisite `../../../src/backend/catalog/Catalog.pm.sh'.
      Trying implicit prerequisite `../../utils/activity/RCS/wait_event_names.txt.r'.
    Trying pattern rule with stem `Catalog.pm'.
      Trying pattern rule with stem `wait_event_names.txt.r'.
    Trying implicit prerequisite `../../../src/backend/catalog/Catalog.pm,v'.
      Trying implicit prerequisite `../../utils/activity/s.wait_event_names.txt.r'.
      Avoiding implicit rule recursion.
       Avoiding implicit rule recursion.
    Trying pattern rule with stem `Catalog.pm'.
      Avoiding implicit rule recursion.
   Trying pattern rule with stem `pg_index.h'.
      Trying pattern rule with stem `wait_event_names.txt.r'.
       Avoiding implicit rule recursion.
      Trying implicit prerequisite `../../utils/activity/SCCS/s.wait_event_names.txt.r'.
       Avoiding implicit rule recursion.
    Trying pattern rule with stem `wait_event_names.txt'.
    Trying implicit prerequisite `../../../src/backend/catalog/RCS/Catalog.pm,v'.
       Trying pattern rule with stem `gen_node_support.pl.lm'.
      Avoiding implicit rule recursion.
   Trying implicit prerequisite `../../../src/include/catalog/SCCS/s.pg_index.h'.
    Rejecting impossible implicit prerequisite `../../utils/activity/wait_event_names.txt.F'.
    Trying pattern rule with stem `Catalog.pm'.
       Trying implicit prerequisite `gen_node_support.pl.lm,v'.
   No implicit rule found for `../../../src/include/catalog/pg_index.h'.
      Trying pattern rule with stem `wait_event_names.txt.lm'.
       Trying pattern rule with stem `gen_node_support.pl.lm'.
    Trying pattern rule with stem `wait_event_names.txt'.
      Trying implicit prerequisite `../../../../src/backend/utils/activity/wait_event_names.txt.lm,v'.
   Looking for an implicit rule for `../../../src/include/catalog/pg_operator.h'.
    Trying implicit prerequisite `../../utils/activity/wait_event_names.txt.m'.
      Trying pattern rule with stem `wait_event_names.txt.lm'.
       Trying implicit prerequisite `RCS/gen_node_support.pl.lm,v'.
    Looking for a rule with intermediate file `../../utils/activity/wait_event_names.txt.m'.
      Trying implicit prerequisite `../../../../src/backend/utils/activity/RCS/wait_event_names.txt.lm,v'.
     Avoiding implicit rule recursion.
    Trying implicit prerequisite `../../../src/backend/catalog/RCS/Catalog.pm'.
     Avoiding implicit rule recursion.
   Trying pattern rule with stem `pg_operator.h'.
     Trying pattern rule with stem `wait_event_names.txt'.
      Trying pattern rule with stem `wait_event_names.txt.lm'.
    Trying pattern rule with stem `Catalog.pm'.
       Trying pattern rule with stem `gen_node_support.pl.lm'.
   Trying implicit prerequisite `../../../src/include/catalog/pg_operator.h,v'.
       Trying implicit prerequisite `RCS/gen_node_support.pl.lm'.
      Trying implicit prerequisite `../../../../src/backend/utils/activity/RCS/wait_event_names.txt.lm'.
    Trying implicit prerequisite `../../../src/backend/catalog/s.Catalog.pm'.
   Trying pattern rule with stem `pg_operator.h'.
    Trying pattern rule with stem `Catalog.pm'.
     Trying implicit prerequisite `../../utils/activity/wait_event_names.txt.ym'.
      Trying pattern rule with stem `wait_event_names.txt.lm'.
   Trying implicit prerequisite `../../../src/include/catalog/RCS/pg_operator.h,v'.
      Trying implicit prerequisite `../../../../src/backend/utils/activity/s.wait_event_names.txt.lm'.
     Trying pattern rule with stem `wait_event_names.txt'.
    Trying implicit prerequisite `../../../src/backend/catalog/SCCS/s.Catalog.pm'.
     Trying implicit prerequisite `../../utils/activity/wait_event_names.txt.lm'.
   Trying pattern rule with stem `pg_operator.h'.
      Trying pattern rule with stem `wait_event_names.txt.lm'.
   Trying implicit prerequisite `../../../src/include/catalog/RCS/pg_operator.h'.
      Trying implicit prerequisite `../../../../src/backend/utils/activity/SCCS/s.wait_event_names.txt.lm'.
    Trying pattern rule with stem `Catalog.pm'.
    Trying pattern rule with stem `wait_event_names.txt'.
     Trying pattern rule with stem `wait_event_names.txt.m'.
       Trying pattern rule with stem `gen_node_support.pl.lm'.
     Trying implicit prerequisite `../../utils/activity/wait_event_names.txt.m,v'.
    Trying implicit prerequisite `../../../src/backend/catalog/Catalog.pm.o'.
       Trying implicit prerequisite `s.gen_node_support.pl.lm'.
   Trying pattern rule with stem `pg_operator.h'.
    Looking for a rule with intermediate file `../../../src/backend/catalog/Catalog.pm.o'.
     Trying pattern rule with stem `wait_event_names.txt.m'.
   Trying implicit prerequisite `../../../src/include/catalog/s.pg_operator.h'.
     Trying implicit prerequisite `../../utils/activity/RCS/wait_event_names.txt.m,v'.
     Avoiding implicit rule recursion.
       Trying pattern rule with stem `gen_node_support.pl.lm'.
     Trying pattern rule with stem `Catalog.pm'.
     Trying pattern rule with stem `wait_event_names.txt.m'.
     Trying implicit prerequisite `../../../src/backend/catalog/Catalog.pm.c'.
    Rejecting impossible implicit prerequisite `../../../../src/backend/utils/activity/wait_event_names.txt.r'.
     Trying pattern rule with stem `Catalog.pm'.
     Trying implicit prerequisite `../../utils/activity/RCS/wait_event_names.txt.m'.
       Trying implicit prerequisite `SCCS/s.gen_node_support.pl.lm'.
     Trying implicit prerequisite `../../../src/backend/catalog/Catalog.pm.cc'.
     Trying pattern rule with stem `wait_event_names.txt.m'.
   Trying pattern rule with stem `pg_operator.h'.
     Trying implicit prerequisite `../../utils/activity/s.wait_event_names.txt.m'.
     Trying pattern rule with stem `gen_node_support.pl'.
     Trying pattern rule with stem `Catalog.pm'.
     Rejecting impossible implicit prerequisite `gen_node_support.pl.r'.
     Trying implicit prerequisite `../../../src/backend/catalog/Catalog.pm.C'.
     Trying pattern rule with stem `wait_event_names.txt.m'.
     Trying pattern rule with stem `gen_node_support.pl'.
    Trying pattern rule with stem `wait_event_names.txt'.
   Trying implicit prerequisite `../../../src/include/catalog/SCCS/s.pg_operator.h'.
     Trying implicit prerequisite `../../utils/activity/SCCS/s.wait_event_names.txt.m'.
   No implicit rule found for `../../../src/include/catalog/pg_operator.h'.
     Trying pattern rule with stem `Catalog.pm'.
     Trying pattern rule with stem `wait_event_names.txt'.
    Trying implicit prerequisite `../../../../src/backend/utils/activity/wait_event_names.txt.s'.
     Trying implicit prerequisite `../../../src/backend/catalog/Catalog.pm.cpp'.
     Trying implicit prerequisite `../../utils/activity/wait_event_names.txt.ym'.
     Trying implicit prerequisite `gen_node_support.pl.s'.
     Trying pattern rule with stem `Catalog.pm'.
     Looking for a rule with intermediate file `../../utils/activity/wait_event_names.txt.ym'.
     Looking for a rule with intermediate file `gen_node_support.pl.s'.
     Trying implicit prerequisite `../../../src/backend/catalog/Catalog.pm.p'.
   Looking for an implicit rule for `../../../src/include/catalog/pg_opfamily.h'.
      Avoiding implicit rule recursion.
     Trying pattern rule with stem `Catalog.pm'.
    Looking for a rule with intermediate file `../../../../src/backend/utils/activity/wait_event_names.txt.s'.
     Trying implicit prerequisite `../../../src/backend/catalog/Catalog.pm.f'.
      Avoiding implicit rule recursion.
     Trying pattern rule with stem `Catalog.pm'.
   Trying pattern rule with stem `pg_opfamily.h'.
     Avoiding implicit rule recursion.
      Trying pattern rule with stem `gen_node_support.pl'.
      Avoiding implicit rule recursion.
     Trying implicit prerequisite `../../../src/backend/catalog/Catalog.pm.F'.
      Trying implicit prerequisite `gen_node_support.pl.S'.
     Avoiding implicit rule recursion.
      Trying pattern rule with stem `gen_node_support.pl.s'.
     Trying pattern rule with stem `Catalog.pm'.
   Trying implicit prerequisite `../../../src/include/catalog/pg_opfamily.h,v'.
     Trying implicit prerequisite `../../../src/backend/catalog/Catalog.pm.m'.
      Avoiding implicit rule recursion.
     Trying pattern rule with stem `wait_event_names.txt'.
     Trying pattern rule with stem `Catalog.pm'.
   Trying pattern rule with stem `pg_opfamily.h'.
     Trying implicit prerequisite `../../../src/backend/catalog/Catalog.pm.r'.
   Trying implicit prerequisite `../../../src/include/catalog/RCS/pg_opfamily.h,v'.
     Trying pattern rule with stem `Catalog.pm'.
      Avoiding implicit rule recursion.
     Trying implicit prerequisite `../../../../src/backend/utils/activity/wait_event_names.txt.S'.
      Trying implicit prerequisite `gen_node_support.pl.s,v'.
     Trying implicit prerequisite `../../../src/backend/catalog/Catalog.pm.s'.
   Trying pattern rule with stem `pg_opfamily.h'.
      Trying pattern rule with stem `gen_node_support.pl.s'.
     Trying pattern rule with stem `Catalog.pm'.
     Trying pattern rule with stem `wait_event_names.txt.s'.
      Trying implicit prerequisite `RCS/gen_node_support.pl.s,v'.
     Trying implicit prerequisite `../../../../src/backend/utils/activity/wait_event_names.txt.s,v'.
      Trying pattern rule with stem `wait_event_names.txt.ym'.
      Trying pattern rule with stem `gen_node_support.pl.s'.
   Trying implicit prerequisite `../../../src/include/catalog/RCS/pg_opfamily.h'.
      Trying implicit prerequisite `RCS/gen_node_support.pl.s'.
     Trying implicit prerequisite `../../../src/backend/catalog/Catalog.pm.S'.
      Trying implicit prerequisite `../../utils/activity/wait_event_names.txt.ym,v'.
     Trying pattern rule with stem `wait_event_names.txt.s'.
     Trying pattern rule with stem `Catalog.pm'.
     Trying implicit prerequisite `../../../../src/backend/utils/activity/RCS/wait_event_names.txt.s,v'.
      Trying pattern rule with stem `wait_event_names.txt.ym'.
     Trying implicit prerequisite `../../../src/backend/catalog/Catalog.pm.mod'.
     Trying pattern rule with stem `wait_event_names.txt.s'.
   Trying pattern rule with stem `pg_opfamily.h'.
      Trying implicit prerequisite `../../utils/activity/RCS/wait_event_names.txt.ym,v'.
      Trying pattern rule with stem `gen_node_support.pl.s'.
     Trying pattern rule with stem `Catalog.pm.o'.
     Trying implicit prerequisite `../../../../src/backend/utils/activity/RCS/wait_event_names.txt.s'.
      Trying pattern rule with stem `wait_event_names.txt.ym'.
     Trying implicit prerequisite `../../../src/backend/catalog/Catalog.pm.o,v'.
      Trying implicit prerequisite `../../utils/activity/RCS/wait_event_names.txt.ym'.
      Trying implicit prerequisite `s.gen_node_support.pl.s'.
     Trying pattern rule with stem `wait_event_names.txt.s'.
   Trying implicit prerequisite `../../../src/include/catalog/s.pg_opfamily.h'.
      Trying pattern rule with stem `gen_node_support.pl.s'.
     Trying pattern rule with stem `Catalog.pm.o'.
      Trying pattern rule with stem `wait_event_names.txt.ym'.
     Trying implicit prerequisite `../../../src/backend/catalog/RCS/Catalog.pm.o,v'.
      Trying implicit prerequisite `../../utils/activity/s.wait_event_names.txt.ym'.
      Trying implicit prerequisite `SCCS/s.gen_node_support.pl.s'.
      Trying pattern rule with stem `wait_event_names.txt.ym'.
   Trying pattern rule with stem `pg_opfamily.h'.
      Trying pattern rule with stem `gen_node_support.pl'.
   Trying implicit prerequisite `../../../src/include/catalog/SCCS/s.pg_opfamily.h'.
     Trying pattern rule with stem `Catalog.pm.o'.
      Trying implicit prerequisite `../../utils/activity/SCCS/s.wait_event_names.txt.ym'.
      Trying implicit prerequisite `gen_node_support.pl.S'.
     Trying pattern rule with stem `wait_event_names.txt'.
     Trying implicit prerequisite `../../../../src/backend/utils/activity/s.wait_event_names.txt.s'.
     Trying implicit prerequisite `../../utils/activity/wait_event_names.txt.lm'.
   No implicit rule found for `../../../src/include/catalog/pg_opfamily.h'.
     Trying implicit prerequisite `../../../src/backend/catalog/RCS/Catalog.pm.o'.
     Trying pattern rule with stem `wait_event_names.txt.s'.
     Trying pattern rule with stem `Catalog.pm.o'.
     Trying implicit prerequisite `../../../../src/backend/utils/activity/SCCS/s.wait_event_names.txt.s'.
   Looking for an implicit rule for `../../../src/include/catalog/pg_opclass.h'.
     Looking for a rule with intermediate file `../../utils/activity/wait_event_names.txt.lm'.
      Looking for a rule with intermediate file `gen_node_support.pl.S'.
     Trying implicit prerequisite `../../../src/backend/catalog/s.Catalog.pm.o'.
   Trying pattern rule with stem `pg_opclass.h'.
       Avoiding implicit rule recursion.
   Trying implicit prerequisite `../../../src/include/catalog/pg_opclass.h,v'.
     Trying pattern rule with stem `wait_event_names.txt'.
     Trying pattern rule with stem `Catalog.pm.o'.
   Trying pattern rule with stem `pg_opclass.h'.
     Trying implicit prerequisite `../../../../src/backend/utils/activity/wait_event_names.txt.S'.
   Trying implicit prerequisite `../../../src/include/catalog/RCS/pg_opclass.h,v'.
      Avoiding implicit rule recursion.
       Avoiding implicit rule recursion.
     Trying implicit prerequisite `../../../src/backend/catalog/SCCS/s.Catalog.pm.o'.
   Trying pattern rule with stem `pg_opclass.h'.
       Avoiding implicit rule recursion.
     Looking for a rule with intermediate file `../../../../src/backend/utils/activity/wait_event_names.txt.S'.
      Avoiding implicit rule recursion.
       Trying pattern rule with stem `gen_node_support.pl.S'.
     Trying pattern rule with stem `Catalog.pm'.
       Trying implicit prerequisite `gen_node_support.pl.S,v'.
     Trying implicit prerequisite `../../../src/backend/catalog/Catalog.pm.c'.
       Trying pattern rule with stem `gen_node_support.pl.S'.
     Looking for a rule with intermediate file `../../../src/backend/catalog/Catalog.pm.c'.
   Trying implicit prerequisite `../../../src/include/catalog/RCS/pg_opclass.h'.
      Avoiding implicit rule recursion.
      Avoiding implicit rule recursion.
      Trying pattern rule with stem `wait_event_names.txt.lm'.
   Trying pattern rule with stem `pg_opclass.h'.
      Avoiding implicit rule recursion.
      Trying implicit prerequisite `../../utils/activity/wait_event_names.txt.lm,v'.
      Avoiding implicit rule recursion.
      Trying pattern rule with stem `wait_event_names.txt.lm'.
      Avoiding implicit rule recursion.
   Trying implicit prerequisite `../../../src/include/catalog/s.pg_opclass.h'.
      Trying pattern rule with stem `wait_event_names.txt.S'.
       Trying implicit prerequisite `RCS/gen_node_support.pl.S,v'.
      Avoiding implicit rule recursion.
      Trying implicit prerequisite `../../../../src/backend/utils/activity/wait_event_names.txt.S,v'.
   Trying pattern rule with stem `pg_opclass.h'.
      Trying implicit prerequisite `../../utils/activity/RCS/wait_event_names.txt.lm,v'.
   Trying implicit prerequisite `../../../src/include/catalog/SCCS/s.pg_opclass.h'.
      Trying pattern rule with stem `Catalog.pm'.
      Trying pattern rule with stem `wait_event_names.txt.lm'.
   No implicit rule found for `../../../src/include/catalog/pg_opclass.h'.
      Trying implicit prerequisite `../../utils/activity/RCS/wait_event_names.txt.lm'.
      Trying pattern rule with stem `wait_event_names.txt.S'.
      Trying implicit prerequisite `../../../src/backend/catalog/Catalog.pm.l'.
      Trying pattern rule with stem `wait_event_names.txt.lm'.
       Trying pattern rule with stem `gen_node_support.pl.S'.
   Looking for an implicit rule for `../../../src/include/catalog/pg_am.h'.
      Trying pattern rule with stem `Catalog.pm'.
       Trying implicit prerequisite `RCS/gen_node_support.pl.S'.
   Trying pattern rule with stem `pg_am.h'.
      Trying implicit prerequisite `../../../src/backend/catalog/Catalog.pm.y'.
       Trying pattern rule with stem `gen_node_support.pl.S'.
      Trying implicit prerequisite `../../../../src/backend/utils/activity/RCS/wait_event_names.txt.S,v'.
      Trying implicit prerequisite `../../utils/activity/s.wait_event_names.txt.lm'.
   Trying implicit prerequisite `../../../src/include/catalog/pg_am.h,v'.
      Trying pattern rule with stem `wait_event_names.txt.S'.
      Trying pattern rule with stem `wait_event_names.txt.lm'.
       Trying implicit prerequisite `s.gen_node_support.pl.S'.
      Trying pattern rule with stem `Catalog.pm'.
   Trying pattern rule with stem `pg_am.h'.
       Trying pattern rule with stem `gen_node_support.pl.S'.
      Trying implicit prerequisite `../../../src/backend/catalog/Catalog.pm.w'.
   Trying implicit prerequisite `../../../src/include/catalog/RCS/pg_am.h,v'.
      Trying implicit prerequisite `../../utils/activity/SCCS/s.wait_event_names.txt.lm'.
      Trying pattern rule with stem `Catalog.pm'.
    Trying pattern rule with stem `wait_event_names.txt'.
      Trying implicit prerequisite `../../../src/backend/catalog/Catalog.pm.w'.
    Rejecting impossible implicit prerequisite `../../utils/activity/wait_event_names.txt.r'.
      Trying implicit prerequisite `../../../../src/backend/utils/activity/RCS/wait_event_names.txt.S'.
   Trying pattern rule with stem `pg_am.h'.
      Trying pattern rule with stem `Catalog.pm.c'.
      Trying pattern rule with stem `wait_event_names.txt.S'.
   Trying implicit prerequisite `../../../src/include/catalog/RCS/pg_am.h'.
      Trying implicit prerequisite `../../../../src/backend/utils/activity/s.wait_event_names.txt.S'.
   Trying pattern rule with stem `pg_am.h'.
      Trying pattern rule with stem `wait_event_names.txt.S'.
       Trying implicit prerequisite `SCCS/s.gen_node_support.pl.S'.
    Trying pattern rule with stem `wait_event_names.txt'.
      Trying implicit prerequisite `../../../src/backend/catalog/Catalog.pm.c,v'.
      Trying implicit prerequisite `../../../../src/backend/utils/activity/SCCS/s.wait_event_names.txt.S'.
     Trying pattern rule with stem `gen_node_support.pl'.
   Trying implicit prerequisite `../../../src/include/catalog/s.pg_am.h'.
      Trying pattern rule with stem `Catalog.pm.c'.
     Rejecting impossible implicit prerequisite `gen_node_support.pl.S'.
   Trying pattern rule with stem `pg_am.h'.
      Trying implicit prerequisite `../../../src/backend/catalog/RCS/Catalog.pm.c,v'.
     Trying pattern rule with stem `gen_node_support.pl'.
    Trying pattern rule with stem `wait_event_names.txt'.
    Trying implicit prerequisite `../../utils/activity/wait_event_names.txt.s'.
    Rejecting impossible implicit prerequisite `../../../../src/backend/utils/activity/wait_event_names.txt.S'.
     Trying implicit prerequisite `gen_node_support.pl.mod'.
   Trying implicit prerequisite `../../../src/include/catalog/SCCS/s.pg_am.h'.
      Trying pattern rule with stem `Catalog.pm.c'.
     Looking for a rule with intermediate file `gen_node_support.pl.mod'.
      Trying implicit prerequisite `../../../src/backend/catalog/RCS/Catalog.pm.c'.
    Looking for a rule with intermediate file `../../utils/activity/wait_event_names.txt.s'.
    Trying pattern rule with stem `wait_event_names.txt'.
   No implicit rule found for `../../../src/include/catalog/pg_am.h'.
      Trying pattern rule with stem `Catalog.pm.c'.
    Trying implicit prerequisite `../../../../src/backend/utils/activity/wait_event_names.txt.mod'.
      Avoiding implicit rule recursion.
     Avoiding implicit rule recursion.
   Looking for an implicit rule for `../../../src/include/catalog/pg_amop.h'.
      Avoiding implicit rule recursion.
     Avoiding implicit rule recursion.
      Trying implicit prerequisite `../../../src/backend/catalog/s.Catalog.pm.c'.
      Trying pattern rule with stem `gen_node_support.pl.mod'.
   Trying pattern rule with stem `pg_amop.h'.
      Trying pattern rule with stem `Catalog.pm.c'.
    Looking for a rule with intermediate file `../../../../src/backend/utils/activity/wait_event_names.txt.mod'.
   Trying implicit prerequisite `../../../src/include/catalog/pg_amop.h,v'.
      Trying implicit prerequisite `gen_node_support.pl.mod,v'.
      Trying implicit prerequisite `../../../src/backend/catalog/SCCS/s.Catalog.pm.c'.
     Trying pattern rule with stem `wait_event_names.txt'.
   Trying pattern rule with stem `pg_amop.h'.
      Trying pattern rule with stem `gen_node_support.pl.mod'.
      Trying pattern rule with stem `Catalog.pm'.
      Trying implicit prerequisite `RCS/gen_node_support.pl.mod,v'.
     Trying implicit prerequisite `../../utils/activity/wait_event_names.txt.S'.
      Trying implicit prerequisite `../../../src/backend/catalog/Catalog.pm.l'.
     Avoiding implicit rule recursion.
   Trying implicit prerequisite `../../../src/include/catalog/RCS/pg_amop.h,v'.
      Trying pattern rule with stem `gen_node_support.pl.mod'.
   Trying pattern rule with stem `pg_amop.h'.
      Looking for a rule with intermediate file `../../../src/backend/catalog/Catalog.pm.l'.
   Trying implicit prerequisite `../../../src/include/catalog/RCS/pg_amop.h'.
     Trying pattern rule with stem `wait_event_names.txt.s'.
     Avoiding implicit rule recursion.
       Avoiding implicit rule recursion.
      Trying implicit prerequisite `RCS/gen_node_support.pl.mod'.
     Trying implicit prerequisite `../../utils/activity/wait_event_names.txt.s,v'.
   Trying pattern rule with stem `pg_amop.h'.
     Trying pattern rule with stem `wait_event_names.txt.mod'.
      Trying pattern rule with stem `gen_node_support.pl.mod'.
     Trying pattern rule with stem `wait_event_names.txt.s'.
     Trying implicit prerequisite `../../../../src/backend/utils/activity/wait_event_names.txt.mod,v'.
     Trying implicit prerequisite `../../utils/activity/RCS/wait_event_names.txt.s,v'.
     Trying pattern rule with stem `wait_event_names.txt.mod'.
      Trying implicit prerequisite `s.gen_node_support.pl.mod'.
     Trying implicit prerequisite `../../../../src/backend/utils/activity/RCS/wait_event_names.txt.mod,v'.
       Avoiding implicit rule recursion.
      Trying pattern rule with stem `gen_node_support.pl.mod'.
   Trying implicit prerequisite `../../../src/include/catalog/s.pg_amop.h'.
      Trying implicit prerequisite `SCCS/s.gen_node_support.pl.mod'.
   Trying pattern rule with stem `pg_amop.h'.
       Avoiding implicit rule recursion.
     Trying pattern rule with stem `wait_event_names.txt.mod'.
       Trying pattern rule with stem `Catalog.pm.l'.
     Trying implicit prerequisite `../../../../src/backend/utils/activity/RCS/wait_event_names.txt.mod'.
       Trying implicit prerequisite `../../../src/backend/catalog/Catalog.pm.l,v'.
     Trying pattern rule with stem `wait_event_names.txt.mod'.
    Trying pattern rule with stem `gen_node_support.pl'.
     Trying pattern rule with stem `wait_event_names.txt.s'.
   Trying implicit prerequisite `../../../src/include/catalog/SCCS/s.pg_amop.h'.
    Rejecting impossible implicit prerequisite `gen_node_support.pl.cc'.
     Trying implicit prerequisite `../../utils/activity/RCS/wait_event_names.txt.s'.
     Trying implicit prerequisite `../../../../src/backend/utils/activity/s.wait_event_names.txt.mod'.
       Trying pattern rule with stem `Catalog.pm.l'.
    Trying pattern rule with stem `gen_node_support.pl'.
     Trying pattern rule with stem `wait_event_names.txt.s'.
     Trying pattern rule with stem `wait_event_names.txt.mod'.
       Trying implicit prerequisite `../../../src/backend/catalog/RCS/Catalog.pm.l,v'.
     Trying implicit prerequisite `../../../../src/backend/utils/activity/SCCS/s.wait_event_names.txt.mod'.
    Rejecting impossible implicit prerequisite `gen_node_support.pl.C'.
       Trying pattern rule with stem `Catalog.pm.l'.
     Trying implicit prerequisite `../../utils/activity/s.wait_event_names.txt.s'.
    Trying pattern rule with stem `gen_node_support.pl'.
   No implicit rule found for `../../../src/include/catalog/pg_amop.h'.
    Rejecting impossible implicit prerequisite `gen_node_support.pl.cpp'.
       Trying implicit prerequisite `../../../src/backend/catalog/RCS/Catalog.pm.l'.
   Trying pattern rule with stem `wait_event_names.txt'.
     Trying pattern rule with stem `wait_event_names.txt.s'.
   Rejecting impossible implicit prerequisite `../../../../src/backend/utils/activity/wait_event_names.txt.cc'.
       Trying pattern rule with stem `Catalog.pm.l'.
     Trying implicit prerequisite `../../utils/activity/SCCS/s.wait_event_names.txt.s'.
    Trying pattern rule with stem `gen_node_support.pl'.
       Trying implicit prerequisite `../../../src/backend/catalog/s.Catalog.pm.l'.
     Trying pattern rule with stem `wait_event_names.txt'.
   Trying pattern rule with stem `wait_event_names.txt'.
    Rejecting impossible implicit prerequisite `gen_node_support.pl.p'.
   Rejecting impossible implicit prerequisite `../../../../src/backend/utils/activity/wait_event_names.txt.C'.
       Trying pattern rule with stem `Catalog.pm.l'.
   Trying pattern rule with stem `wait_event_names.txt'.
     Trying implicit prerequisite `../../utils/activity/wait_event_names.txt.S'.
   Rejecting impossible implicit prerequisite `../../../../src/backend/utils/activity/wait_event_names.txt.cpp'.
   Looking for an implicit rule for `../../../src/include/catalog/pg_amproc.h'.
     Looking for a rule with intermediate file `../../utils/activity/wait_event_names.txt.S'.
    Trying pattern rule with stem `gen_node_support.pl'.
   Trying pattern rule with stem `wait_event_names.txt'.
   Trying pattern rule with stem `pg_amproc.h'.
      Avoiding implicit rule recursion.
   Rejecting impossible implicit prerequisite `../../../../src/backend/utils/activity/wait_event_names.txt.p'.
   Trying implicit prerequisite `../../../src/include/catalog/pg_amproc.h,v'.
      Avoiding implicit rule recursion.
   Trying pattern rule with stem `wait_event_names.txt'.
       Trying implicit prerequisite `../../../src/backend/catalog/SCCS/s.Catalog.pm.l'.
   Rejecting impossible implicit prerequisite `../../../../src/backend/utils/activity/wait_event_names.txt.f'.
      Trying pattern rule with stem `Catalog.pm'.
    Rejecting impossible implicit prerequisite `gen_node_support.pl.f'.
      Avoiding implicit rule recursion.
    Trying pattern rule with stem `gen_node_support.pl'.
   Trying pattern rule with stem `wait_event_names.txt'.
   Trying pattern rule with stem `pg_amproc.h'.
   Rejecting impossible implicit prerequisite `../../../../src/backend/utils/activity/wait_event_names.txt.F'.
      Trying pattern rule with stem `wait_event_names.txt.S'.
      Trying implicit prerequisite `../../../src/backend/catalog/Catalog.pm.y'.
   Trying implicit prerequisite `../../../src/include/catalog/RCS/pg_amproc.h,v'.
      Trying implicit prerequisite `../../utils/activity/wait_event_names.txt.S,v'.
   Trying pattern rule with stem `wait_event_names.txt'.
   Trying pattern rule with stem `pg_amproc.h'.
      Trying pattern rule with stem `wait_event_names.txt.S'.
   Trying implicit prerequisite `../../../src/include/catalog/RCS/pg_amproc.h'.
      Trying implicit prerequisite `../../utils/activity/RCS/wait_event_names.txt.S,v'.
    Rejecting impossible implicit prerequisite `gen_node_support.pl.F'.
   Trying pattern rule with stem `pg_amproc.h'.
      Trying pattern rule with stem `wait_event_names.txt.S'.
    Trying pattern rule with stem `gen_node_support.pl'.
   Rejecting impossible implicit prerequisite `../../../../src/backend/utils/activity/wait_event_names.txt.m'.
      Looking for a rule with intermediate file `../../../src/backend/catalog/Catalog.pm.y'.
    Rejecting impossible implicit prerequisite `gen_node_support.pl.m'.
   Trying implicit prerequisite `../../../src/include/catalog/s.pg_amproc.h'.
       Avoiding implicit rule recursion.
   Trying pattern rule with stem `pg_amproc.h'.
    Trying pattern rule with stem `gen_node_support.pl'.
   Trying pattern rule with stem `wait_event_names.txt'.
       Avoiding implicit rule recursion.
    Rejecting impossible implicit prerequisite `gen_node_support.pl.r'.
   Rejecting impossible implicit prerequisite `../../../../src/backend/utils/activity/wait_event_names.txt.r'.
   Trying implicit prerequisite `../../../src/include/catalog/SCCS/s.pg_amproc.h'.
    Trying pattern rule with stem `gen_node_support.pl'.
   Trying pattern rule with stem `wait_event_names.txt'.
   No implicit rule found for `../../../src/include/catalog/pg_amproc.h'.
       Avoiding implicit rule recursion.
      Trying implicit prerequisite `../../utils/activity/RCS/wait_event_names.txt.S'.
   Looking for an implicit rule for `../../../src/include/catalog/pg_language.h'.
       Trying pattern rule with stem `Catalog.pm.y'.
    Rejecting impossible implicit prerequisite `gen_node_support.pl.s'.
   Trying pattern rule with stem `pg_language.h'.
   Rejecting impossible implicit prerequisite `../../../../src/backend/utils/activity/wait_event_names.txt.s'.
      Trying pattern rule with stem `wait_event_names.txt.S'.
       Trying implicit prerequisite `../../../src/backend/catalog/Catalog.pm.y,v'.
   Trying pattern rule with stem `wait_event_names.txt'.
      Trying implicit prerequisite `../../utils/activity/s.wait_event_names.txt.S'.
       Trying pattern rule with stem `Catalog.pm.y'.
   Rejecting impossible implicit prerequisite `../../../../src/backend/utils/activity/wait_event_names.txt.S'.
       Trying implicit prerequisite `../../../src/backend/catalog/RCS/Catalog.pm.y,v'.
    Trying pattern rule with stem `gen_node_support.pl'.
   Trying implicit prerequisite `../../../src/include/catalog/pg_language.h,v'.
       Trying pattern rule with stem `Catalog.pm.y'.
   Trying pattern rule with stem `wait_event_names.txt'.
      Trying pattern rule with stem `wait_event_names.txt.S'.
       Trying implicit prerequisite `../../../src/backend/catalog/RCS/Catalog.pm.y'.
   Rejecting impossible implicit prerequisite `../../../../src/backend/utils/activity/wait_event_names.txt.mod'.
      Trying implicit prerequisite `../../utils/activity/SCCS/s.wait_event_names.txt.S'.
    Rejecting impossible implicit prerequisite `gen_node_support.pl.S'.
       Trying pattern rule with stem `Catalog.pm.y'.
   Trying pattern rule with stem `pg_language.h'.
       Trying implicit prerequisite `../../../src/backend/catalog/s.Catalog.pm.y'.
   Trying pattern rule with stem `wait_event_names.txt'.
    Trying pattern rule with stem `wait_event_names.txt'.
   Trying implicit prerequisite `../../../src/include/catalog/RCS/pg_language.h,v'.
    Trying pattern rule with stem `gen_node_support.pl'.
       Trying pattern rule with stem `Catalog.pm.y'.
    Rejecting impossible implicit prerequisite `gen_node_support.pl.mod'.
    Trying pattern rule with stem `gen_node_support.pl'.
   Trying pattern rule with stem `pg_language.h'.
   Trying implicit prerequisite `../../../../src/backend/utils/activity/wait_event_names.txt.sh'.
   Trying implicit prerequisite `../../../src/include/catalog/RCS/pg_language.h'.
    Trying implicit prerequisite `gen_node_support.pl.sh'.
       Trying implicit prerequisite `../../../src/backend/catalog/SCCS/s.Catalog.pm.y'.
    Looking for a rule with intermediate file `gen_node_support.pl.sh'.
      Trying pattern rule with stem `Catalog.pm'.
   Trying pattern rule with stem `pg_language.h'.
   Looking for a rule with intermediate file `../../../../src/backend/utils/activity/wait_event_names.txt.sh'.
     Avoiding implicit rule recursion.
    Avoiding implicit rule recursion.
    Rejecting impossible implicit prerequisite `../../utils/activity/wait_event_names.txt.S'.
     Trying pattern rule with stem `gen_node_support.pl.sh'.
    Trying pattern rule with stem `wait_event_names.txt.sh'.
     Trying implicit prerequisite `gen_node_support.pl.sh,v'.
    Trying implicit prerequisite `../../../../src/backend/utils/activity/wait_event_names.txt.sh,v'.
      Trying implicit prerequisite `../../../src/backend/catalog/Catalog.pm.w'.
    Trying pattern rule with stem `wait_event_names.txt.sh'.
   Trying implicit prerequisite `../../../src/include/catalog/s.pg_language.h'.
    Trying pattern rule with stem `wait_event_names.txt'.
     Trying pattern rule with stem `gen_node_support.pl.sh'.
    Trying implicit prerequisite `../../../../src/backend/utils/activity/RCS/wait_event_names.txt.sh,v'.
      Looking for a rule with intermediate file `../../../src/backend/catalog/Catalog.pm.w'.
    Trying implicit prerequisite `../../utils/activity/wait_event_names.txt.mod'.
       Avoiding implicit rule recursion.
   Trying pattern rule with stem `pg_language.h'.
    Looking for a rule with intermediate file `../../utils/activity/wait_event_names.txt.mod'.
    Trying pattern rule with stem `wait_event_names.txt.sh'.
       Avoiding implicit rule recursion.
   Trying implicit prerequisite `../../../src/include/catalog/SCCS/s.pg_language.h'.
       Avoiding implicit rule recursion.
     Trying implicit prerequisite `RCS/gen_node_support.pl.sh,v'.
       Trying pattern rule with stem `Catalog.pm.w'.
     Avoiding implicit rule recursion.
   No implicit rule found for `../../../src/include/catalog/pg_language.h'.
       Trying implicit prerequisite `../../../src/backend/catalog/Catalog.pm.w,v'.
     Trying pattern rule with stem `gen_node_support.pl.sh'.
    Trying implicit prerequisite `../../../../src/backend/utils/activity/RCS/wait_event_names.txt.sh'.
   Looking for an implicit rule for `../../../src/include/catalog/pg_largeobject_metadata.h'.
       Trying pattern rule with stem `Catalog.pm.w'.
     Avoiding implicit rule recursion.
    Trying pattern rule with stem `wait_event_names.txt.sh'.
     Trying implicit prerequisite `RCS/gen_node_support.pl.sh'.
    Trying implicit prerequisite `../../../../src/backend/utils/activity/s.wait_event_names.txt.sh'.
   Trying pattern rule with stem `pg_largeobject_metadata.h'.
       Trying implicit prerequisite `../../../src/backend/catalog/RCS/Catalog.pm.w,v'.
     Trying pattern rule with stem `wait_event_names.txt.mod'.
     Trying pattern rule with stem `gen_node_support.pl.sh'.
    Trying pattern rule with stem `wait_event_names.txt.sh'.
   Trying implicit prerequisite `../../../src/include/catalog/pg_largeobject_metadata.h,v'.
     Trying implicit prerequisite `s.gen_node_support.pl.sh'.
     Trying implicit prerequisite `../../utils/activity/wait_event_names.txt.mod,v'.
     Trying pattern rule with stem `gen_node_support.pl.sh'.
    Trying implicit prerequisite `../../../../src/backend/utils/activity/SCCS/s.wait_event_names.txt.sh'.
       Trying pattern rule with stem `Catalog.pm.w'.
     Trying implicit prerequisite `SCCS/s.gen_node_support.pl.sh'.
       Trying implicit prerequisite `../../../src/backend/catalog/RCS/Catalog.pm.w'.
     Trying pattern rule with stem `wait_event_names.txt.mod'.
   Trying pattern rule with stem `pg_largeobject_metadata.h'.
    No implicit rule found for `gen_node_support.pl'.
   Trying implicit prerequisite `../../../src/include/catalog/RCS/pg_largeobject_metadata.h,v'.
   No implicit rule found for `../../../../src/backend/utils/activity/wait_event_names.txt'.
     Trying implicit prerequisite `../../utils/activity/RCS/wait_event_names.txt.mod,v'.
    Looking for an implicit rule for `../../../src/include/nodes/nodes.h'.
       Trying pattern rule with stem `Catalog.pm.w'.
   Finished prerequisites of target file `../../../../src/backend/utils/activity/wait_event_names.txt'.
     Trying pattern rule with stem `wait_event_names.txt.mod'.
    Trying pattern rule with stem `nodes.h'.
   Trying pattern rule with stem `pg_largeobject_metadata.h'.
     Trying implicit prerequisite `../../utils/activity/RCS/wait_event_names.txt.mod'.
   Trying implicit prerequisite `../../../src/include/catalog/RCS/pg_largeobject_metadata.h'.
  No need to remake target `../../../../src/backend/utils/activity/wait_event_names.txt'.
     Trying pattern rule with stem `wait_event_names.txt.mod'.
  Considering target file `generate-wait_event_types.pl'.
   Trying pattern rule with stem `pg_largeobject_metadata.h'.
     Trying implicit prerequisite `../../utils/activity/s.wait_event_names.txt.mod'.
   Looking for an implicit rule for `generate-wait_event_types.pl'.
   Trying implicit prerequisite `../../../src/include/catalog/s.pg_largeobject_metadata.h'.
   Trying pattern rule with stem `generate-wait_event_types.pl'.
    Trying implicit prerequisite `../../../src/include/nodes/nodes.h,v'.
   Trying pattern rule with stem `pg_largeobject_metadata.h'.
   Trying implicit prerequisite `generate-wait_event_types.pl.o'.
   Trying implicit prerequisite `../../../src/include/catalog/SCCS/s.pg_largeobject_metadata.h'.
     Trying pattern rule with stem `wait_event_names.txt.mod'.
       Trying implicit prerequisite `../../../src/backend/catalog/s.Catalog.pm.w'.
   No implicit rule found for `../../../src/include/catalog/pg_largeobject_metadata.h'.
   Trying pattern rule with stem `generate-wait_event_types.pl'.
   Trying implicit prerequisite `generate-wait_event_types.pl.cc'.
       Trying pattern rule with stem `Catalog.pm.w'.
     Trying implicit prerequisite `../../utils/activity/SCCS/s.wait_event_names.txt.mod'.
       Trying implicit prerequisite `../../../src/backend/catalog/SCCS/s.Catalog.pm.w'.
   Trying pattern rule with stem `generate-wait_event_types.pl'.
    Trying pattern rule with stem `nodes.h'.
      Trying pattern rule with stem `Catalog.pm'.
   Trying implicit prerequisite `generate-wait_event_types.pl.C'.
      Rejecting impossible implicit prerequisite `../../../src/backend/catalog/Catalog.pm.w'.
    Trying implicit prerequisite `../../../src/include/nodes/RCS/nodes.h,v'.
     Trying pattern rule with stem `Catalog.pm'.
   Looking for an implicit rule for `../../../src/include/catalog/pg_largeobject.h'.
     Trying implicit prerequisite `../../../src/backend/catalog/Catalog.pm.cc'.
   Trying pattern rule with stem `generate-wait_event_types.pl'.
   Trying pattern rule with stem `wait_event_names.txt'.
    Trying pattern rule with stem `nodes.h'.
   Trying implicit prerequisite `generate-wait_event_types.pl.cpp'.
   Rejecting impossible implicit prerequisite `../../utils/activity/wait_event_names.txt.cc'.
   Trying pattern rule with stem `generate-wait_event_types.pl'.
   Trying pattern rule with stem `pg_largeobject.h'.
   Trying implicit prerequisite `generate-wait_event_types.pl.p'.
   Trying implicit prerequisite `../../../src/include/catalog/pg_largeobject.h,v'.
    Trying implicit prerequisite `../../../src/include/nodes/RCS/nodes.h'.
   Trying pattern rule with stem `wait_event_names.txt'.
   Trying pattern rule with stem `pg_largeobject.h'.
     Looking for a rule with intermediate file `../../../src/backend/catalog/Catalog.pm.cc'.
    Trying pattern rule with stem `nodes.h'.
   Trying pattern rule with stem `generate-wait_event_types.pl'.
    Trying implicit prerequisite `../../../src/include/nodes/s.nodes.h'.
      Avoiding implicit rule recursion.
    Trying pattern rule with stem `nodes.h'.
   Trying implicit prerequisite `generate-wait_event_types.pl.f'.
      Avoiding implicit rule recursion.
   Rejecting impossible implicit prerequisite `../../utils/activity/wait_event_names.txt.C'.
    Trying implicit prerequisite `../../../src/include/nodes/SCCS/s.nodes.h'.
   Trying implicit prerequisite `../../../src/include/catalog/RCS/pg_largeobject.h,v'.
    No implicit rule found for `../../../src/include/nodes/nodes.h'.
   Trying pattern rule with stem `wait_event_names.txt'.
      Trying pattern rule with stem `Catalog.pm.cc'.
   Trying pattern rule with stem `pg_largeobject.h'.
    Looking for an implicit rule for `../../../src/include/nodes/primnodes.h'.
   Trying implicit prerequisite `../../../src/include/catalog/RCS/pg_largeobject.h'.
    Trying pattern rule with stem `primnodes.h'.
      Trying implicit prerequisite `../../../src/backend/catalog/Catalog.pm.cc,v'.
    Trying implicit prerequisite `../../../src/include/nodes/primnodes.h,v'.
      Trying pattern rule with stem `Catalog.pm.cc'.
   Trying pattern rule with stem `generate-wait_event_types.pl'.
      Trying implicit prerequisite `../../../src/backend/catalog/RCS/Catalog.pm.cc,v'.
   Trying implicit prerequisite `generate-wait_event_types.pl.F'.
   Rejecting impossible implicit prerequisite `../../utils/activity/wait_event_names.txt.cpp'.
    Trying pattern rule with stem `primnodes.h'.
   Trying pattern rule with stem `generate-wait_event_types.pl'.
   Trying pattern rule with stem `pg_largeobject.h'.
   Trying implicit prerequisite `generate-wait_event_types.pl.m'.
   Trying implicit prerequisite `../../../src/include/catalog/s.pg_largeobject.h'.
      Trying pattern rule with stem `Catalog.pm.cc'.
   Trying pattern rule with stem `generate-wait_event_types.pl'.
    Trying implicit prerequisite `../../../src/include/nodes/RCS/primnodes.h,v'.
      Trying implicit prerequisite `../../../src/backend/catalog/RCS/Catalog.pm.cc'.
   Trying pattern rule with stem `wait_event_names.txt'.
   Trying pattern rule with stem `pg_largeobject.h'.
   Trying implicit prerequisite `generate-wait_event_types.pl.r'.
   Trying implicit prerequisite `../../../src/include/catalog/SCCS/s.pg_largeobject.h'.
      Trying pattern rule with stem `Catalog.pm.cc'.
   Trying pattern rule with stem `generate-wait_event_types.pl'.
      Trying implicit prerequisite `../../../src/backend/catalog/s.Catalog.pm.cc'.
    Trying pattern rule with stem `primnodes.h'.
   No implicit rule found for `../../../src/include/catalog/pg_largeobject.h'.
   Rejecting impossible implicit prerequisite `../../utils/activity/wait_event_names.txt.p'.
      Trying pattern rule with stem `Catalog.pm.cc'.
    Trying implicit prerequisite `../../../src/include/nodes/RCS/primnodes.h'.
      Trying implicit prerequisite `../../../src/backend/catalog/SCCS/s.Catalog.pm.cc'.
   Trying pattern rule with stem `wait_event_names.txt'.
   Trying implicit prerequisite `generate-wait_event_types.pl.s'.
     Trying pattern rule with stem `Catalog.pm'.
    Trying pattern rule with stem `primnodes.h'.
   Trying pattern rule with stem `generate-wait_event_types.pl'.
    Trying implicit prerequisite `../../../src/include/nodes/s.primnodes.h'.
   Trying implicit prerequisite `generate-wait_event_types.pl.S'.
    Trying pattern rule with stem `primnodes.h'.
   Trying pattern rule with stem `generate-wait_event_types.pl'.
   Rejecting impossible implicit prerequisite `../../utils/activity/wait_event_names.txt.f'.
   Looking for an implicit rule for `../../../src/include/catalog/pg_aggregate.h'.
    Trying implicit prerequisite `../../../src/include/nodes/SCCS/s.primnodes.h'.
   Trying pattern rule with stem `pg_aggregate.h'.
   Trying implicit prerequisite `generate-wait_event_types.pl.mod'.
     Trying implicit prerequisite `../../../src/backend/catalog/Catalog.pm.C'.
   Trying pattern rule with stem `wait_event_names.txt'.
   Trying implicit prerequisite `../../../src/include/catalog/pg_aggregate.h,v'.
   Trying pattern rule with stem `generate-wait_event_types.pl'.
   Trying pattern rule with stem `pg_aggregate.h'.
   Rejecting impossible implicit prerequisite `../../utils/activity/wait_event_names.txt.F'.
    No implicit rule found for `../../../src/include/nodes/primnodes.h'.
     Looking for a rule with intermediate file `../../../src/backend/catalog/Catalog.pm.C'.
   Trying implicit prerequisite `../../../src/include/catalog/RCS/pg_aggregate.h,v'.
   Trying pattern rule with stem `wait_event_names.txt'.
   Trying pattern rule with stem `pg_aggregate.h'.
    Looking for an implicit rule for `../../../src/include/nodes/parsenodes.h'.
   Trying implicit prerequisite `../../../src/include/catalog/RCS/pg_aggregate.h'.
   Trying implicit prerequisite `generate-wait_event_types.pl.sh'.
   Rejecting impossible implicit prerequisite `../../utils/activity/wait_event_names.txt.m'.
      Avoiding implicit rule recursion.
    Trying pattern rule with stem `parsenodes.h'.
   Trying pattern rule with stem `pg_aggregate.h'.
   Trying pattern rule with stem `generate-wait_event_types.pl'.
   Trying pattern rule with stem `wait_event_names.txt'.
    Trying implicit prerequisite `../../../src/include/nodes/parsenodes.h,v'.
      Avoiding implicit rule recursion.
   Trying implicit prerequisite `../../../src/include/catalog/s.pg_aggregate.h'.
      Trying pattern rule with stem `Catalog.pm.C'.
   Rejecting impossible implicit prerequisite `../../utils/activity/wait_event_names.txt.r'.
   Trying pattern rule with stem `pg_aggregate.h'.
   Trying implicit prerequisite `generate-wait_event_types.pl,v'.
   Trying implicit prerequisite `../../../src/include/catalog/SCCS/s.pg_aggregate.h'.
      Trying implicit prerequisite `../../../src/backend/catalog/Catalog.pm.C,v'.
    Trying pattern rule with stem `parsenodes.h'.
   Trying pattern rule with stem `generate-wait_event_types.pl'.
    Trying implicit prerequisite `../../../src/include/nodes/RCS/parsenodes.h,v'.
   Trying implicit prerequisite `RCS/generate-wait_event_types.pl,v'.
      Trying pattern rule with stem `Catalog.pm.C'.
    Trying pattern rule with stem `parsenodes.h'.
   Trying pattern rule with stem `generate-wait_event_types.pl'.
    Trying implicit prerequisite `../../../src/include/nodes/RCS/parsenodes.h'.
   Trying implicit prerequisite `RCS/generate-wait_event_types.pl'.
    Trying pattern rule with stem `parsenodes.h'.
   Trying pattern rule with stem `wait_event_names.txt'.
   Trying pattern rule with stem `generate-wait_event_types.pl'.
   Rejecting impossible implicit prerequisite `../../utils/activity/wait_event_names.txt.s'.
   Trying implicit prerequisite `s.generate-wait_event_types.pl'.
    Trying implicit prerequisite `../../../src/include/nodes/s.parsenodes.h'.
   Trying pattern rule with stem `wait_event_names.txt'.
      Trying implicit prerequisite `../../../src/backend/catalog/RCS/Catalog.pm.C,v'.
   Trying pattern rule with stem `generate-wait_event_types.pl'.
   No implicit rule found for `../../../src/include/catalog/pg_aggregate.h'.
   Rejecting impossible implicit prerequisite `../../utils/activity/wait_event_names.txt.S'.
    Trying pattern rule with stem `parsenodes.h'.
   Trying implicit prerequisite `SCCS/s.generate-wait_event_types.pl'.
    Trying implicit prerequisite `../../../src/include/nodes/SCCS/s.parsenodes.h'.
   Trying pattern rule with stem `generate-wait_event_types.pl'.
   Looking for an implicit rule for `../../../src/include/catalog/pg_statistic.h'.
   Trying pattern rule with stem `wait_event_names.txt'.
   Trying pattern rule with stem `pg_statistic.h'.
      Trying pattern rule with stem `Catalog.pm.C'.
   Trying implicit prerequisite `../../../src/include/catalog/pg_statistic.h,v'.
   Rejecting impossible implicit prerequisite `../../utils/activity/wait_event_names.txt.mod'.
    No implicit rule found for `../../../src/include/nodes/parsenodes.h'.
   Trying pattern rule with stem `pg_statistic.h'.
      Trying implicit prerequisite `../../../src/backend/catalog/RCS/Catalog.pm.C'.
   Trying implicit prerequisite `generate-wait_event_types.pl.o'.
   Trying pattern rule with stem `wait_event_names.txt'.
   Trying implicit prerequisite `../../utils/activity/wait_event_names.txt.sh'.
   Looking for a rule with intermediate file `../../utils/activity/wait_event_names.txt.sh'.
    Avoiding implicit rule recursion.
    Trying pattern rule with stem `wait_event_names.txt.sh'.
    Trying implicit prerequisite `../../utils/activity/wait_event_names.txt.sh,v'.
    Trying pattern rule with stem `wait_event_names.txt.sh'.
    Trying implicit prerequisite `../../utils/activity/RCS/wait_event_names.txt.sh,v'.
    Trying pattern rule with stem `wait_event_names.txt.sh'.
    Trying implicit prerequisite `../../utils/activity/RCS/wait_event_names.txt.sh'.
    Trying pattern rule with stem `wait_event_names.txt.sh'.
    Trying implicit prerequisite `../../utils/activity/s.wait_event_names.txt.sh'.
    Trying pattern rule with stem `wait_event_names.txt.sh'.
    Trying implicit prerequisite `../../utils/activity/SCCS/s.wait_event_names.txt.sh'.
   No implicit rule found for `../../utils/activity/wait_event_names.txt'.
   Finished prerequisites of target file `../../utils/activity/wait_event_names.txt'.
  No need to remake target `../../utils/activity/wait_event_names.txt'.
    Looking for an implicit rule for `../../../src/include/nodes/pathnodes.h'.
   Looking for a rule with intermediate file `generate-wait_event_types.pl.o'.
    Avoiding implicit rule recursion.
      Trying pattern rule with stem `Catalog.pm.C'.
    Trying pattern rule with stem `generate-wait_event_types.pl'.
      Trying implicit prerequisite `../../../src/backend/catalog/s.Catalog.pm.C'.
    Trying pattern rule with stem `pathnodes.h'.
    Trying implicit prerequisite `generate-wait_event_types.pl.c'.
      Trying pattern rule with stem `Catalog.pm.C'.
   Trying implicit prerequisite `../../../src/include/catalog/RCS/pg_statistic.h,v'.
  Considering target file `generate-lwlocknames.pl'.
    Trying implicit prerequisite `../../../src/include/nodes/pathnodes.h,v'.
   Trying pattern rule with stem `pg_statistic.h'.
    Trying pattern rule with stem `generate-wait_event_types.pl'.
   Trying implicit prerequisite `../../../src/include/catalog/RCS/pg_statistic.h'.
    Trying pattern rule with stem `pathnodes.h'.
      Trying implicit prerequisite `../../../src/backend/catalog/SCCS/s.Catalog.pm.C'.
   Trying pattern rule with stem `pg_statistic.h'.
    Trying implicit prerequisite `generate-wait_event_types.pl.cc'.
    Trying implicit prerequisite `../../../src/include/nodes/RCS/pathnodes.h,v'.
     Trying pattern rule with stem `Catalog.pm'.
   Looking for an implicit rule for `generate-lwlocknames.pl'.
    Trying pattern rule with stem `generate-wait_event_types.pl'.
   Trying implicit prerequisite `../../../src/include/catalog/s.pg_statistic.h'.
    Trying implicit prerequisite `generate-wait_event_types.pl.C'.
   Trying pattern rule with stem `pg_statistic.h'.
    Trying pattern rule with stem `pathnodes.h'.
   Trying implicit prerequisite `../../../src/include/catalog/SCCS/s.pg_statistic.h'.
    Trying implicit prerequisite `../../../src/include/nodes/RCS/pathnodes.h'.
     Trying implicit prerequisite `../../../src/backend/catalog/Catalog.pm.cpp'.
    Trying pattern rule with stem `pathnodes.h'.
    Trying pattern rule with stem `generate-wait_event_types.pl'.
   Trying pattern rule with stem `generate-lwlocknames.pl'.
    Trying implicit prerequisite `../../../src/include/nodes/s.pathnodes.h'.
   Trying implicit prerequisite `generate-lwlocknames.pl.o'.
   No implicit rule found for `../../../src/include/catalog/pg_statistic.h'.
    Trying pattern rule with stem `pathnodes.h'.
     Looking for a rule with intermediate file `../../../src/backend/catalog/Catalog.pm.cpp'.
    Trying implicit prerequisite `generate-wait_event_types.pl.cpp'.
   Trying pattern rule with stem `generate-lwlocknames.pl'.
      Avoiding implicit rule recursion.
   Trying implicit prerequisite `generate-lwlocknames.pl.cc'.
    Trying pattern rule with stem `generate-wait_event_types.pl'.
   Looking for an implicit rule for `../../../src/include/catalog/pg_statistic_ext.h'.
   Trying pattern rule with stem `generate-lwlocknames.pl'.
    Trying implicit prerequisite `../../../src/include/nodes/SCCS/s.pathnodes.h'.
      Avoiding implicit rule recursion.
   Trying implicit prerequisite `generate-lwlocknames.pl.C'.
    No implicit rule found for `../../../src/include/nodes/pathnodes.h'.
      Trying pattern rule with stem `Catalog.pm.cpp'.
    Trying implicit prerequisite `generate-wait_event_types.pl.p'.
   Trying pattern rule with stem `generate-lwlocknames.pl'.
      Trying implicit prerequisite `../../../src/backend/catalog/Catalog.pm.cpp,v'.
    Trying pattern rule with stem `generate-wait_event_types.pl'.
    Looking for an implicit rule for `../../../src/include/nodes/plannodes.h'.
      Trying pattern rule with stem `Catalog.pm.cpp'.
   Trying implicit prerequisite `generate-lwlocknames.pl.cpp'.
      Trying implicit prerequisite `../../../src/backend/catalog/RCS/Catalog.pm.cpp,v'.
   Trying pattern rule with stem `pg_statistic_ext.h'.
    Trying pattern rule with stem `plannodes.h'.
   Trying pattern rule with stem `generate-lwlocknames.pl'.
      Trying pattern rule with stem `Catalog.pm.cpp'.
    Trying implicit prerequisite `../../../src/include/nodes/plannodes.h,v'.
      Trying implicit prerequisite `../../../src/backend/catalog/RCS/Catalog.pm.cpp'.
    Trying pattern rule with stem `plannodes.h'.
    Trying implicit prerequisite `generate-wait_event_types.pl.f'.
      Trying pattern rule with stem `Catalog.pm.cpp'.
    Trying implicit prerequisite `../../../src/include/nodes/RCS/plannodes.h,v'.
    Trying pattern rule with stem `generate-wait_event_types.pl'.
   Trying implicit prerequisite `generate-lwlocknames.pl.p'.
   Trying implicit prerequisite `../../../src/include/catalog/pg_statistic_ext.h,v'.
      Trying implicit prerequisite `../../../src/backend/catalog/s.Catalog.pm.cpp'.
   Trying pattern rule with stem `generate-lwlocknames.pl'.
    Trying implicit prerequisite `generate-wait_event_types.pl.F'.
   Trying pattern rule with stem `pg_statistic_ext.h'.
    Trying pattern rule with stem `plannodes.h'.
   Trying implicit prerequisite `../../../src/include/catalog/RCS/pg_statistic_ext.h,v'.
   Trying implicit prerequisite `generate-lwlocknames.pl.f'.
   Trying pattern rule with stem `pg_statistic_ext.h'.
    Trying implicit prerequisite `../../../src/include/nodes/RCS/plannodes.h'.
   Trying implicit prerequisite `../../../src/include/catalog/RCS/pg_statistic_ext.h'.
      Trying pattern rule with stem `Catalog.pm.cpp'.
   Trying pattern rule with stem `generate-lwlocknames.pl'.
      Trying implicit prerequisite `../../../src/backend/catalog/SCCS/s.Catalog.pm.cpp'.
    Trying pattern rule with stem `generate-wait_event_types.pl'.
    Trying pattern rule with stem `plannodes.h'.
   Trying pattern rule with stem `pg_statistic_ext.h'.
    Trying implicit prerequisite `../../../src/include/nodes/s.plannodes.h'.
   Trying implicit prerequisite `../../../src/include/catalog/s.pg_statistic_ext.h'.
     Trying pattern rule with stem `Catalog.pm'.
    Trying pattern rule with stem `plannodes.h'.
     Trying implicit prerequisite `../../../src/backend/catalog/Catalog.pm.p'.
   Trying pattern rule with stem `pg_statistic_ext.h'.
    Trying implicit prerequisite `generate-wait_event_types.pl.m'.
   Trying implicit prerequisite `generate-lwlocknames.pl.F'.
    Trying implicit prerequisite `../../../src/include/nodes/SCCS/s.plannodes.h'.
   Trying pattern rule with stem `generate-lwlocknames.pl'.
     Looking for a rule with intermediate file `../../../src/backend/catalog/Catalog.pm.p'.
    No implicit rule found for `../../../src/include/nodes/plannodes.h'.
    Trying pattern rule with stem `generate-wait_event_types.pl'.
      Avoiding implicit rule recursion.
   Trying implicit prerequisite `../../../src/include/catalog/SCCS/s.pg_statistic_ext.h'.
    Looking for an implicit rule for `../../../src/include/nodes/execnodes.h'.
   No implicit rule found for `../../../src/include/catalog/pg_statistic_ext.h'.
    Trying pattern rule with stem `execnodes.h'.
    Trying implicit prerequisite `generate-wait_event_types.pl.r'.
   Looking for an implicit rule for `../../../src/include/catalog/pg_statistic_ext_data.h'.
    Trying implicit prerequisite `../../../src/include/nodes/execnodes.h,v'.
   Trying implicit prerequisite `generate-lwlocknames.pl.m'.
   Trying pattern rule with stem `pg_statistic_ext_data.h'.
      Avoiding implicit rule recursion.
   Trying pattern rule with stem `generate-lwlocknames.pl'.
   Trying implicit prerequisite `../../../src/include/catalog/pg_statistic_ext_data.h,v'.
      Trying pattern rule with stem `Catalog.pm'.
   Trying implicit prerequisite `generate-lwlocknames.pl.r'.
      Trying implicit prerequisite `../../../src/backend/catalog/Catalog.pm.web'.
   Trying pattern rule with stem `generate-lwlocknames.pl'.
   Trying pattern rule with stem `pg_statistic_ext_data.h'.
    Trying pattern rule with stem `generate-wait_event_types.pl'.
   Trying implicit prerequisite `../../../src/include/catalog/RCS/pg_statistic_ext_data.h,v'.
    Trying pattern rule with stem `execnodes.h'.
    Trying implicit prerequisite `generate-wait_event_types.pl.s'.
   Trying pattern rule with stem `pg_statistic_ext_data.h'.
      Trying pattern rule with stem `Catalog.pm.p'.
    Trying implicit prerequisite `../../../src/include/nodes/RCS/execnodes.h,v'.
      Trying implicit prerequisite `../../../src/backend/catalog/Catalog.pm.p,v'.
   Trying implicit prerequisite `generate-lwlocknames.pl.s'.
    Trying pattern rule with stem `execnodes.h'.
   Trying implicit prerequisite `../../../src/include/catalog/RCS/pg_statistic_ext_data.h'.
    Trying implicit prerequisite `../../../src/include/nodes/RCS/execnodes.h'.
   Trying pattern rule with stem `generate-lwlocknames.pl'.
    Trying pattern rule with stem `execnodes.h'.
      Trying pattern rule with stem `Catalog.pm.p'.
    Trying pattern rule with stem `generate-wait_event_types.pl'.
    Trying implicit prerequisite `../../../src/include/nodes/s.execnodes.h'.
   Trying implicit prerequisite `generate-lwlocknames.pl.S'.
    Trying implicit prerequisite `generate-wait_event_types.pl.S'.
    Trying pattern rule with stem `execnodes.h'.
   Trying pattern rule with stem `pg_statistic_ext_data.h'.
      Trying implicit prerequisite `../../../src/backend/catalog/RCS/Catalog.pm.p,v'.
    Trying implicit prerequisite `../../../src/include/nodes/SCCS/s.execnodes.h'.
   Trying implicit prerequisite `../../../src/include/catalog/s.pg_statistic_ext_data.h'.
    Trying pattern rule with stem `generate-wait_event_types.pl'.
    No implicit rule found for `../../../src/include/nodes/execnodes.h'.
    Trying implicit prerequisite `generate-wait_event_types.pl.mod'.
      Trying pattern rule with stem `Catalog.pm.p'.
   Trying pattern rule with stem `pg_statistic_ext_data.h'.
      Trying implicit prerequisite `../../../src/backend/catalog/RCS/Catalog.pm.p'.
   Trying implicit prerequisite `../../../src/include/catalog/SCCS/s.pg_statistic_ext_data.h'.
      Trying pattern rule with stem `Catalog.pm.p'.
    Looking for an implicit rule for `../../../src/include/access/amapi.h'.
   Trying pattern rule with stem `generate-lwlocknames.pl'.
    Trying pattern rule with stem `generate-wait_event_types.pl.o'.
      Trying implicit prerequisite `../../../src/backend/catalog/s.Catalog.pm.p'.
    Trying implicit prerequisite `generate-wait_event_types.pl.o,v'.
      Trying pattern rule with stem `Catalog.pm.p'.
   Trying implicit prerequisite `generate-lwlocknames.pl.mod'.
   No implicit rule found for `../../../src/include/catalog/pg_statistic_ext_data.h'.
    Trying pattern rule with stem `amapi.h'.
   Looking for an implicit rule for `../../../src/include/catalog/pg_rewrite.h'.
   Trying pattern rule with stem `generate-lwlocknames.pl'.
      Trying implicit prerequisite `../../../src/backend/catalog/SCCS/s.Catalog.pm.p'.
    Trying pattern rule with stem `generate-wait_event_types.pl.o'.
   Trying pattern rule with stem `pg_rewrite.h'.
   Trying implicit prerequisite `generate-lwlocknames.pl.sh'.
      Trying pattern rule with stem `Catalog.pm'.
   Trying implicit prerequisite `../../../src/include/catalog/pg_rewrite.h,v'.
   Trying pattern rule with stem `generate-lwlocknames.pl'.
    Trying implicit prerequisite `RCS/generate-wait_event_types.pl.o,v'.
   Trying pattern rule with stem `pg_rewrite.h'.
      Trying implicit prerequisite `../../../src/backend/catalog/Catalog.pm.web'.
    Trying implicit prerequisite `../../../src/include/access/amapi.h,v'.
   Trying implicit prerequisite `generate-lwlocknames.pl,v'.
    Trying pattern rule with stem `generate-wait_event_types.pl.o'.
   Trying pattern rule with stem `generate-lwlocknames.pl'.
   Trying implicit prerequisite `../../../src/include/catalog/RCS/pg_rewrite.h,v'.
      Looking for a rule with intermediate file `../../../src/backend/catalog/Catalog.pm.web'.
    Trying implicit prerequisite `RCS/generate-wait_event_types.pl.o'.
   Trying pattern rule with stem `pg_rewrite.h'.
   Trying implicit prerequisite `RCS/generate-lwlocknames.pl,v'.
    Trying pattern rule with stem `generate-wait_event_types.pl.o'.
   Trying implicit prerequisite `../../../src/include/catalog/RCS/pg_rewrite.h'.
   Trying pattern rule with stem `generate-lwlocknames.pl'.
    Trying implicit prerequisite `s.generate-wait_event_types.pl.o'.
   Trying pattern rule with stem `pg_rewrite.h'.
   Trying implicit prerequisite `RCS/generate-lwlocknames.pl'.
    Trying pattern rule with stem `generate-wait_event_types.pl.o'.
   Trying implicit prerequisite `../../../src/include/catalog/s.pg_rewrite.h'.
   Trying pattern rule with stem `generate-lwlocknames.pl'.
       Avoiding implicit rule recursion.
    Trying implicit prerequisite `SCCS/s.generate-wait_event_types.pl.o'.
   Trying pattern rule with stem `pg_rewrite.h'.
       Avoiding implicit rule recursion.
   Trying implicit prerequisite `s.generate-lwlocknames.pl'.
   Trying implicit prerequisite `../../../src/include/catalog/SCCS/s.pg_rewrite.h'.
   Trying pattern rule with stem `generate-lwlocknames.pl'.
    Trying pattern rule with stem `generate-wait_event_types.pl'.
   No implicit rule found for `../../../src/include/catalog/pg_rewrite.h'.
    Trying pattern rule with stem `amapi.h'.
   Trying implicit prerequisite `SCCS/s.generate-lwlocknames.pl'.
    Trying implicit prerequisite `generate-wait_event_types.pl.c'.
       Avoiding implicit rule recursion.
   Trying pattern rule with stem `generate-lwlocknames.pl'.
    Looking for a rule with intermediate file `generate-wait_event_types.pl.c'.
       Trying pattern rule with stem `Catalog.pm.web'.
   Trying implicit prerequisite `generate-lwlocknames.pl.o'.
     Avoiding implicit rule recursion.
   Looking for an implicit rule for `../../../src/include/catalog/pg_trigger.h'.
    Trying implicit prerequisite `../../../src/include/access/RCS/amapi.h,v'.
     Avoiding implicit rule recursion.
   Trying pattern rule with stem `pg_trigger.h'.
    Trying pattern rule with stem `amapi.h'.
     Trying pattern rule with stem `generate-wait_event_types.pl'.
   Trying implicit prerequisite `../../../src/include/catalog/pg_trigger.h,v'.
    Trying implicit prerequisite `../../../src/include/access/RCS/amapi.h'.
       Trying implicit prerequisite `../../../src/backend/catalog/Catalog.pm.web,v'.
   Looking for a rule with intermediate file `generate-lwlocknames.pl.o'.
     Trying implicit prerequisite `generate-wait_event_types.pl.l'.
   Trying pattern rule with stem `pg_trigger.h'.
    Avoiding implicit rule recursion.
   Trying implicit prerequisite `../../../src/include/catalog/RCS/pg_trigger.h,v'.
    Trying pattern rule with stem `generate-lwlocknames.pl'.
    Trying pattern rule with stem `amapi.h'.
   Trying pattern rule with stem `pg_trigger.h'.
       Trying pattern rule with stem `Catalog.pm.web'.
     Trying pattern rule with stem `generate-wait_event_types.pl'.
       Trying implicit prerequisite `../../../src/backend/catalog/RCS/Catalog.pm.web,v'.
   Trying implicit prerequisite `../../../src/include/catalog/RCS/pg_trigger.h'.
    Trying implicit prerequisite `../../../src/include/access/s.amapi.h'.
       Trying pattern rule with stem `Catalog.pm.web'.
    Trying pattern rule with stem `amapi.h'.
       Trying implicit prerequisite `../../../src/backend/catalog/RCS/Catalog.pm.web'.
    Trying implicit prerequisite `generate-lwlocknames.pl.c'.
   Trying pattern rule with stem `pg_trigger.h'.
    Trying implicit prerequisite `../../../src/include/access/SCCS/s.amapi.h'.
    Trying pattern rule with stem `generate-lwlocknames.pl'.
   Trying implicit prerequisite `../../../src/include/catalog/s.pg_trigger.h'.
     Trying implicit prerequisite `generate-wait_event_types.pl.y'.
       Trying pattern rule with stem `Catalog.pm.web'.
    No implicit rule found for `../../../src/include/access/amapi.h'.
       Trying implicit prerequisite `../../../src/backend/catalog/s.Catalog.pm.web'.
   Trying pattern rule with stem `pg_trigger.h'.
     Trying pattern rule with stem `generate-wait_event_types.pl'.
    Looking for an implicit rule for `../../../src/include/access/sdir.h'.
    Trying implicit prerequisite `generate-lwlocknames.pl.cc'.
       Trying pattern rule with stem `Catalog.pm.web'.
   Trying implicit prerequisite `../../../src/include/catalog/SCCS/s.pg_trigger.h'.
       Trying implicit prerequisite `../../../src/backend/catalog/SCCS/s.Catalog.pm.web'.
    Trying pattern rule with stem `generate-lwlocknames.pl'.
     Trying pattern rule with stem `Catalog.pm'.
    Trying implicit prerequisite `generate-lwlocknames.pl.C'.
     Trying implicit prerequisite `generate-wait_event_types.pl.w'.
   No implicit rule found for `../../../src/include/catalog/pg_trigger.h'.
     Trying implicit prerequisite `../../../src/backend/catalog/Catalog.pm.f'.
    Trying pattern rule with stem `sdir.h'.
    Trying pattern rule with stem `generate-lwlocknames.pl'.
    Trying implicit prerequisite `../../../src/include/access/sdir.h,v'.
     Trying pattern rule with stem `generate-wait_event_types.pl'.
   Looking for an implicit rule for `../../../src/include/catalog/pg_event_trigger.h'.
     Trying implicit prerequisite `generate-wait_event_types.pl.w'.
    Trying pattern rule with stem `sdir.h'.
     Looking for a rule with intermediate file `../../../src/backend/catalog/Catalog.pm.f'.
    Trying implicit prerequisite `../../../src/include/access/RCS/sdir.h,v'.
    Trying implicit prerequisite `generate-lwlocknames.pl.cpp'.
   Trying pattern rule with stem `pg_event_trigger.h'.
      Avoiding implicit rule recursion.
    Trying pattern rule with stem `sdir.h'.
   Trying implicit prerequisite `../../../src/include/catalog/pg_event_trigger.h,v'.
      Avoiding implicit rule recursion.
    Trying implicit prerequisite `../../../src/include/access/RCS/sdir.h'.
    Trying pattern rule with stem `generate-lwlocknames.pl'.
     Trying pattern rule with stem `generate-wait_event_types.pl.c'.
   Trying pattern rule with stem `pg_event_trigger.h'.
    Trying pattern rule with stem `sdir.h'.
   Trying implicit prerequisite `../../../src/include/catalog/RCS/pg_event_trigger.h,v'.
    Trying implicit prerequisite `generate-lwlocknames.pl.p'.
      Trying pattern rule with stem `Catalog.pm'.
    Trying implicit prerequisite `../../../src/include/access/s.sdir.h'.
      Trying implicit prerequisite `../../../src/backend/catalog/Catalog.pm.F'.
    Trying pattern rule with stem `generate-lwlocknames.pl'.
   Trying pattern rule with stem `pg_event_trigger.h'.
     Trying implicit prerequisite `generate-wait_event_types.pl.c,v'.
    Trying implicit prerequisite `generate-lwlocknames.pl.f'.
   Trying implicit prerequisite `../../../src/include/catalog/RCS/pg_event_trigger.h'.
     Trying pattern rule with stem `generate-wait_event_types.pl.c'.
      Trying pattern rule with stem `Catalog.pm'.
     Trying implicit prerequisite `RCS/generate-wait_event_types.pl.c,v'.
   Trying pattern rule with stem `pg_event_trigger.h'.
     Trying pattern rule with stem `generate-wait_event_types.pl.c'.
   Trying implicit prerequisite `../../../src/include/catalog/s.pg_event_trigger.h'.
     Trying implicit prerequisite `RCS/generate-wait_event_types.pl.c'.
    Trying pattern rule with stem `sdir.h'.
      Trying implicit prerequisite `../../../src/backend/catalog/Catalog.pm.r'.
   Trying pattern rule with stem `pg_event_trigger.h'.
     Trying pattern rule with stem `generate-wait_event_types.pl.c'.
    Trying implicit prerequisite `../../../src/include/access/SCCS/s.sdir.h'.
      Trying pattern rule with stem `Catalog.pm.f'.
   Trying implicit prerequisite `../../../src/include/catalog/SCCS/s.pg_event_trigger.h'.
    Trying pattern rule with stem `generate-lwlocknames.pl'.
   No implicit rule found for `../../../src/include/catalog/pg_event_trigger.h'.
    No implicit rule found for `../../../src/include/access/sdir.h'.
     Trying implicit prerequisite `s.generate-wait_event_types.pl.c'.
    Trying implicit prerequisite `generate-lwlocknames.pl.F'.
   Looking for an implicit rule for `../../../src/include/catalog/pg_description.h'.
     Trying pattern rule with stem `generate-wait_event_types.pl.c'.
      Trying implicit prerequisite `../../../src/backend/catalog/Catalog.pm.f,v'.
    Trying pattern rule with stem `generate-lwlocknames.pl'.
      Trying pattern rule with stem `Catalog.pm.f'.
    Trying implicit prerequisite `generate-lwlocknames.pl.m'.
    Looking for an implicit rule for `../../../src/include/access/tableam.h'.
     Trying implicit prerequisite `SCCS/s.generate-wait_event_types.pl.c'.
      Trying implicit prerequisite `../../../src/backend/catalog/RCS/Catalog.pm.f,v'.
    Trying pattern rule with stem `generate-lwlocknames.pl'.
    Trying pattern rule with stem `tableam.h'.
    Trying implicit prerequisite `generate-lwlocknames.pl.r'.
      Trying pattern rule with stem `Catalog.pm.f'.
   Trying pattern rule with stem `pg_description.h'.
      Trying implicit prerequisite `../../../src/backend/catalog/RCS/Catalog.pm.f'.
    Trying implicit prerequisite `../../../src/include/access/tableam.h,v'.
   Trying implicit prerequisite `../../../src/include/catalog/pg_description.h,v'.
    Trying pattern rule with stem `tableam.h'.
    Trying pattern rule with stem `generate-lwlocknames.pl'.
     Trying pattern rule with stem `generate-wait_event_types.pl'.
   Trying pattern rule with stem `pg_description.h'.
    Trying implicit prerequisite `../../../src/include/access/RCS/tableam.h,v'.
      Trying pattern rule with stem `Catalog.pm.f'.
      Trying implicit prerequisite `../../../src/backend/catalog/s.Catalog.pm.f'.
      Trying pattern rule with stem `Catalog.pm.f'.
    Trying implicit prerequisite `generate-lwlocknames.pl.s'.
    Trying pattern rule with stem `tableam.h'.
   Trying implicit prerequisite `../../../src/include/catalog/RCS/pg_description.h,v'.
      Trying implicit prerequisite `../../../src/backend/catalog/SCCS/s.Catalog.pm.f'.
     Trying implicit prerequisite `generate-wait_event_types.pl.l'.
   Trying pattern rule with stem `pg_description.h'.
    Trying pattern rule with stem `generate-lwlocknames.pl'.
      Trying pattern rule with stem `Catalog.pm'.
   Trying implicit prerequisite `../../../src/include/catalog/RCS/pg_description.h'.
      Trying implicit prerequisite `../../../src/backend/catalog/Catalog.pm.F'.
    Trying implicit prerequisite `../../../src/include/access/RCS/tableam.h'.
   Trying pattern rule with stem `pg_description.h'.
    Trying pattern rule with stem `tableam.h'.
   Trying implicit prerequisite `../../../src/include/catalog/s.pg_description.h'.
    Trying implicit prerequisite `../../../src/include/access/s.tableam.h'.
   Trying pattern rule with stem `pg_description.h'.
    Trying implicit prerequisite `generate-lwlocknames.pl.S'.
      Looking for a rule with intermediate file `../../../src/backend/catalog/Catalog.pm.F'.
     Looking for a rule with intermediate file `generate-wait_event_types.pl.l'.
   Trying implicit prerequisite `../../../src/include/catalog/SCCS/s.pg_description.h'.
    Trying pattern rule with stem `tableam.h'.
       Avoiding implicit rule recursion.
    Trying implicit prerequisite `../../../src/include/access/SCCS/s.tableam.h'.
   No implicit rule found for `../../../src/include/catalog/pg_description.h'.
       Avoiding implicit rule recursion.
    Trying pattern rule with stem `generate-lwlocknames.pl'.
    No implicit rule found for `../../../src/include/access/tableam.h'.
       Avoiding implicit rule recursion.
    Trying implicit prerequisite `generate-lwlocknames.pl.mod'.
   Looking for an implicit rule for `../../../src/include/catalog/pg_cast.h'.
    Looking for an implicit rule for `../../../src/include/access/tsmapi.h'.
    Trying pattern rule with stem `generate-lwlocknames.pl.o'.
       Trying pattern rule with stem `Catalog.pm.F'.
      Avoiding implicit rule recursion.
       Trying implicit prerequisite `../../../src/backend/catalog/Catalog.pm.F,v'.
      Avoiding implicit rule recursion.
    Trying implicit prerequisite `generate-lwlocknames.pl.o,v'.
   Trying pattern rule with stem `pg_cast.h'.
    Trying pattern rule with stem `tsmapi.h'.
    Trying pattern rule with stem `generate-lwlocknames.pl.o'.
   Trying implicit prerequisite `../../../src/include/catalog/pg_cast.h,v'.
       Trying pattern rule with stem `Catalog.pm.F'.
      Avoiding implicit rule recursion.
       Trying implicit prerequisite `../../../src/backend/catalog/RCS/Catalog.pm.F,v'.
      Trying pattern rule with stem `generate-wait_event_types.pl.l'.
    Trying implicit prerequisite `RCS/generate-lwlocknames.pl.o,v'.
    Trying implicit prerequisite `../../../src/include/access/tsmapi.h,v'.
       Trying pattern rule with stem `Catalog.pm.F'.
    Trying pattern rule with stem `generate-lwlocknames.pl.o'.
    Trying pattern rule with stem `tsmapi.h'.
   Trying pattern rule with stem `pg_cast.h'.
    Trying implicit prerequisite `RCS/generate-lwlocknames.pl.o'.
   Trying implicit prerequisite `../../../src/include/catalog/RCS/pg_cast.h,v'.
    Trying pattern rule with stem `generate-lwlocknames.pl.o'.
    Trying implicit prerequisite `../../../src/include/access/RCS/tsmapi.h,v'.
       Trying implicit prerequisite `../../../src/backend/catalog/RCS/Catalog.pm.F'.
      Trying implicit prerequisite `generate-wait_event_types.pl.l,v'.
    Trying implicit prerequisite `s.generate-lwlocknames.pl.o'.
       Trying pattern rule with stem `Catalog.pm.F'.
    Trying pattern rule with stem `tsmapi.h'.
       Trying implicit prerequisite `../../../src/backend/catalog/s.Catalog.pm.F'.
    Trying implicit prerequisite `../../../src/include/access/RCS/tsmapi.h'.
   Trying pattern rule with stem `pg_cast.h'.
    Trying pattern rule with stem `generate-lwlocknames.pl.o'.
   Trying implicit prerequisite `../../../src/include/catalog/RCS/pg_cast.h'.
    Trying implicit prerequisite `SCCS/s.generate-lwlocknames.pl.o'.
      Trying pattern rule with stem `generate-wait_event_types.pl.l'.
   Trying pattern rule with stem `pg_cast.h'.
       Trying pattern rule with stem `Catalog.pm.F'.
    Trying pattern rule with stem `tsmapi.h'.
       Trying implicit prerequisite `../../../src/backend/catalog/SCCS/s.Catalog.pm.F'.
    Trying pattern rule with stem `generate-lwlocknames.pl'.
      Trying implicit prerequisite `RCS/generate-wait_event_types.pl.l,v'.
   Trying implicit prerequisite `../../../src/include/catalog/s.pg_cast.h'.
    Trying implicit prerequisite `../../../src/include/access/s.tsmapi.h'.
      Trying pattern rule with stem `Catalog.pm'.
    Trying implicit prerequisite `generate-lwlocknames.pl.c'.
    Trying pattern rule with stem `tsmapi.h'.
    Looking for a rule with intermediate file `generate-lwlocknames.pl.c'.
      Trying implicit prerequisite `../../../src/backend/catalog/Catalog.pm.r'.
      Trying pattern rule with stem `generate-wait_event_types.pl.l'.
     Avoiding implicit rule recursion.
      Trying implicit prerequisite `RCS/generate-wait_event_types.pl.l'.
   Trying pattern rule with stem `pg_cast.h'.
      Looking for a rule with intermediate file `../../../src/backend/catalog/Catalog.pm.r'.
   Trying implicit prerequisite `../../../src/include/catalog/SCCS/s.pg_cast.h'.
      Trying pattern rule with stem `generate-wait_event_types.pl.l'.
       Avoiding implicit rule recursion.
      Trying implicit prerequisite `s.generate-wait_event_types.pl.l'.
     Avoiding implicit rule recursion.
    Trying implicit prerequisite `../../../src/include/access/SCCS/s.tsmapi.h'.
       Avoiding implicit rule recursion.
     Trying pattern rule with stem `generate-lwlocknames.pl'.
    No implicit rule found for `../../../src/include/access/tsmapi.h'.
       Avoiding implicit rule recursion.
      Trying pattern rule with stem `generate-wait_event_types.pl.l'.
       Trying pattern rule with stem `Catalog.pm'.
   No implicit rule found for `../../../src/include/catalog/pg_cast.h'.
       Rejecting impossible implicit prerequisite `../../../src/backend/catalog/Catalog.pm.l'.
    Looking for an implicit rule for `../../../src/include/commands/event_trigger.h'.
      Trying implicit prerequisite `SCCS/s.generate-wait_event_types.pl.l'.
    Trying pattern rule with stem `event_trigger.h'.
   Looking for an implicit rule for `../../../src/include/catalog/pg_enum.h'.
       Trying pattern rule with stem `Catalog.pm.r'.
   Trying pattern rule with stem `pg_enum.h'.
     Trying pattern rule with stem `generate-wait_event_types.pl'.
     Trying implicit prerequisite `generate-lwlocknames.pl.l'.
       Trying implicit prerequisite `../../../src/backend/catalog/Catalog.pm.r,v'.
   Trying implicit prerequisite `../../../src/include/catalog/pg_enum.h,v'.
     Trying pattern rule with stem `generate-lwlocknames.pl'.
     Trying implicit prerequisite `generate-wait_event_types.pl.y'.
   Trying pattern rule with stem `pg_enum.h'.
     Trying implicit prerequisite `generate-lwlocknames.pl.y'.
    Trying implicit prerequisite `../../../src/include/commands/event_trigger.h,v'.
     Looking for a rule with intermediate file `generate-wait_event_types.pl.y'.
     Trying pattern rule with stem `generate-lwlocknames.pl'.
   Trying implicit prerequisite `../../../src/include/catalog/RCS/pg_enum.h,v'.
      Avoiding implicit rule recursion.
       Trying pattern rule with stem `Catalog.pm.r'.
   Trying pattern rule with stem `pg_enum.h'.
      Avoiding implicit rule recursion.
     Trying implicit prerequisite `generate-lwlocknames.pl.w'.
    Trying pattern rule with stem `event_trigger.h'.
   Trying implicit prerequisite `../../../src/include/catalog/RCS/pg_enum.h'.
    Trying implicit prerequisite `../../../src/include/commands/RCS/event_trigger.h,v'.
     Trying pattern rule with stem `generate-lwlocknames.pl'.
   Trying pattern rule with stem `pg_enum.h'.
    Trying pattern rule with stem `event_trigger.h'.
     Trying implicit prerequisite `generate-lwlocknames.pl.w'.
       Trying implicit prerequisite `../../../src/backend/catalog/RCS/Catalog.pm.r,v'.
   Trying implicit prerequisite `../../../src/include/catalog/s.pg_enum.h'.
    Trying implicit prerequisite `../../../src/include/commands/RCS/event_trigger.h'.
      Avoiding implicit rule recursion.
   Trying pattern rule with stem `pg_enum.h'.
    Trying pattern rule with stem `event_trigger.h'.
       Trying pattern rule with stem `Catalog.pm.r'.
    Trying implicit prerequisite `../../../src/include/commands/s.event_trigger.h'.
     Trying pattern rule with stem `generate-lwlocknames.pl.c'.
    Trying pattern rule with stem `event_trigger.h'.
       Trying implicit prerequisite `../../../src/backend/catalog/RCS/Catalog.pm.r'.
   Trying implicit prerequisite `../../../src/include/catalog/SCCS/s.pg_enum.h'.
     Trying implicit prerequisite `generate-lwlocknames.pl.c,v'.
       Trying pattern rule with stem `Catalog.pm.r'.
     Trying pattern rule with stem `generate-lwlocknames.pl.c'.
      Trying pattern rule with stem `generate-wait_event_types.pl.y'.
     Trying implicit prerequisite `RCS/generate-lwlocknames.pl.c,v'.
      Trying implicit prerequisite `generate-wait_event_types.pl.y,v'.
       Trying implicit prerequisite `../../../src/backend/catalog/s.Catalog.pm.r'.
     Trying pattern rule with stem `generate-lwlocknames.pl.c'.
       Trying pattern rule with stem `Catalog.pm.r'.
     Trying implicit prerequisite `RCS/generate-lwlocknames.pl.c'.
       Trying implicit prerequisite `../../../src/backend/catalog/SCCS/s.Catalog.pm.r'.
      Trying pattern rule with stem `generate-wait_event_types.pl.y'.
      Trying implicit prerequisite `RCS/generate-wait_event_types.pl.y,v'.
      Trying pattern rule with stem `generate-wait_event_types.pl.y'.
      Trying implicit prerequisite `RCS/generate-wait_event_types.pl.y'.
      Trying pattern rule with stem `generate-wait_event_types.pl.y'.
      Trying implicit prerequisite `s.generate-wait_event_types.pl.y'.
      Trying pattern rule with stem `generate-wait_event_types.pl.y'.
      Trying implicit prerequisite `SCCS/s.generate-wait_event_types.pl.y'.
     Trying pattern rule with stem `generate-wait_event_types.pl'.
     Trying implicit prerequisite `generate-wait_event_types.pl.w'.
     Looking for a rule with intermediate file `generate-wait_event_types.pl.w'.
      Avoiding implicit rule recursion.
      Avoiding implicit rule recursion.
      Avoiding implicit rule recursion.
      Trying pattern rule with stem `generate-wait_event_types.pl.w'.
      Trying implicit prerequisite `generate-wait_event_types.pl.w,v'.
      Trying pattern rule with stem `generate-wait_event_types.pl.w'.
   No implicit rule found for `../../../src/include/catalog/pg_enum.h'.
     Trying pattern rule with stem `generate-lwlocknames.pl.c'.
    Trying implicit prerequisite `../../../src/include/commands/SCCS/s.event_trigger.h'.
   Looking for an implicit rule for `../../../src/include/catalog/pg_namespace.h'.
    No implicit rule found for `../../../src/include/commands/event_trigger.h'.
      Trying implicit prerequisite `RCS/generate-wait_event_types.pl.w,v'.
     Trying pattern rule with stem `Catalog.pm'.
    Looking for an implicit rule for `../../../src/include/commands/trigger.h'.
     Rejecting impossible implicit prerequisite `../../../src/backend/catalog/Catalog.pm.F'.
    Trying pattern rule with stem `trigger.h'.
      Trying pattern rule with stem `generate-wait_event_types.pl.w'.
     Trying pattern rule with stem `Catalog.pm'.
    Trying implicit prerequisite `../../../src/include/commands/trigger.h,v'.
      Trying implicit prerequisite `RCS/generate-wait_event_types.pl.w'.
     Trying implicit prerequisite `../../../src/backend/catalog/Catalog.pm.m'.
    Trying pattern rule with stem `trigger.h'.
      Trying pattern rule with stem `generate-wait_event_types.pl.w'.
    Trying implicit prerequisite `../../../src/include/commands/RCS/trigger.h,v'.
      Trying implicit prerequisite `s.generate-wait_event_types.pl.w'.
    Trying pattern rule with stem `trigger.h'.
     Trying implicit prerequisite `s.generate-lwlocknames.pl.c'.
    Trying implicit prerequisite `../../../src/include/commands/RCS/trigger.h'.
     Looking for a rule with intermediate file `../../../src/backend/catalog/Catalog.pm.m'.
      Trying pattern rule with stem `generate-wait_event_types.pl.w'.
   Trying pattern rule with stem `pg_namespace.h'.
      Trying implicit prerequisite `SCCS/s.generate-wait_event_types.pl.w'.
   Trying implicit prerequisite `../../../src/include/catalog/pg_namespace.h,v'.
     Trying pattern rule with stem `generate-wait_event_types.pl'.
     Trying pattern rule with stem `generate-lwlocknames.pl.c'.
     Rejecting impossible implicit prerequisite `generate-wait_event_types.pl.w'.
      Avoiding implicit rule recursion.
    Trying pattern rule with stem `generate-wait_event_types.pl'.
     Trying implicit prerequisite `SCCS/s.generate-lwlocknames.pl.c'.
    Trying pattern rule with stem `trigger.h'.
     Trying pattern rule with stem `generate-lwlocknames.pl'.
    Trying implicit prerequisite `../../../src/include/commands/s.trigger.h'.
     Trying implicit prerequisite `generate-lwlocknames.pl.l'.
    Trying implicit prerequisite `generate-wait_event_types.pl.cc'.
      Avoiding implicit rule recursion.
   Trying pattern rule with stem `pg_namespace.h'.
      Trying pattern rule with stem `Catalog.pm'.
   Trying implicit prerequisite `../../../src/include/catalog/RCS/pg_namespace.h,v'.
    Trying pattern rule with stem `trigger.h'.
     Looking for a rule with intermediate file `generate-lwlocknames.pl.l'.
   Trying pattern rule with stem `pg_namespace.h'.
      Trying implicit prerequisite `../../../src/backend/catalog/Catalog.pm.ym'.
   Trying implicit prerequisite `../../../src/include/catalog/RCS/pg_namespace.h'.
    Looking for a rule with intermediate file `generate-wait_event_types.pl.cc'.
   Trying pattern rule with stem `pg_namespace.h'.
    Trying implicit prerequisite `../../../src/include/commands/SCCS/s.trigger.h'.
      Trying pattern rule with stem `Catalog.pm'.
     Avoiding implicit rule recursion.
      Avoiding implicit rule recursion.
   Trying implicit prerequisite `../../../src/include/catalog/s.pg_namespace.h'.
    No implicit rule found for `../../../src/include/commands/trigger.h'.
      Trying implicit prerequisite `../../../src/backend/catalog/Catalog.pm.lm'.
      Avoiding implicit rule recursion.
     Avoiding implicit rule recursion.
    Looking for an implicit rule for `../../../src/include/executor/tuptable.h'.
     Trying pattern rule with stem `generate-wait_event_types.pl.cc'.
    Trying pattern rule with stem `tuptable.h'.
   Trying pattern rule with stem `pg_namespace.h'.
      Avoiding implicit rule recursion.
     Trying implicit prerequisite `generate-wait_event_types.pl.cc,v'.
      Trying pattern rule with stem `Catalog.pm.m'.
      Trying pattern rule with stem `generate-lwlocknames.pl.l'.
     Trying pattern rule with stem `generate-wait_event_types.pl.cc'.
   Trying implicit prerequisite `../../../src/include/catalog/SCCS/s.pg_namespace.h'.
      Trying implicit prerequisite `../../../src/backend/catalog/Catalog.pm.m,v'.
      Trying implicit prerequisite `generate-lwlocknames.pl.l,v'.
   No implicit rule found for `../../../src/include/catalog/pg_namespace.h'.
    Trying implicit prerequisite `../../../src/include/executor/tuptable.h,v'.
      Trying pattern rule with stem `Catalog.pm.m'.
     Trying implicit prerequisite `RCS/generate-wait_event_types.pl.cc,v'.
      Trying pattern rule with stem `generate-lwlocknames.pl.l'.
      Trying implicit prerequisite `../../../src/backend/catalog/RCS/Catalog.pm.m,v'.
     Trying pattern rule with stem `generate-wait_event_types.pl.cc'.
   Looking for an implicit rule for `../../../src/include/catalog/pg_conversion.h'.
      Trying implicit prerequisite `RCS/generate-lwlocknames.pl.l,v'.
      Trying pattern rule with stem `Catalog.pm.m'.
   Trying pattern rule with stem `pg_conversion.h'.
   Trying implicit prerequisite `../../../src/include/catalog/pg_conversion.h,v'.
   Trying pattern rule with stem `pg_conversion.h'.
   Trying implicit prerequisite `../../../src/include/catalog/RCS/pg_conversion.h,v'.
   Trying pattern rule with stem `pg_conversion.h'.
   Trying implicit prerequisite `../../../src/include/catalog/RCS/pg_conversion.h'.
   Trying pattern rule with stem `pg_conversion.h'.
    Trying pattern rule with stem `tuptable.h'.
      Trying pattern rule with stem `generate-lwlocknames.pl.l'.
      Trying implicit prerequisite `RCS/generate-lwlocknames.pl.l'.
      Trying pattern rule with stem `generate-lwlocknames.pl.l'.
     Trying implicit prerequisite `RCS/generate-wait_event_types.pl.cc'.
     Trying pattern rule with stem `generate-wait_event_types.pl.cc'.
   Trying implicit prerequisite `../../../src/include/catalog/s.pg_conversion.h'.
    Trying implicit prerequisite `../../../src/include/executor/RCS/tuptable.h,v'.
   Trying pattern rule with stem `pg_conversion.h'.
      Trying implicit prerequisite `../../../src/backend/catalog/RCS/Catalog.pm.m'.
      Trying pattern rule with stem `Catalog.pm.m'.
     Trying implicit prerequisite `s.generate-wait_event_types.pl.cc'.
    Trying pattern rule with stem `tuptable.h'.
   Trying implicit prerequisite `../../../src/include/catalog/SCCS/s.pg_conversion.h'.
      Trying implicit prerequisite `s.generate-lwlocknames.pl.l'.
   No implicit rule found for `../../../src/include/catalog/pg_conversion.h'.
   Looking for an implicit rule for `../../../src/include/catalog/pg_depend.h'.
    Trying implicit prerequisite `../../../src/include/executor/RCS/tuptable.h'.
     Trying pattern rule with stem `generate-wait_event_types.pl.cc'.
   Trying pattern rule with stem `pg_depend.h'.
      Trying implicit prerequisite `../../../src/backend/catalog/s.Catalog.pm.m'.
      Trying pattern rule with stem `Catalog.pm.m'.
      Trying pattern rule with stem `generate-lwlocknames.pl.l'.
     Trying implicit prerequisite `SCCS/s.generate-wait_event_types.pl.cc'.
    Trying pattern rule with stem `tuptable.h'.
      Trying implicit prerequisite `../../../src/backend/catalog/SCCS/s.Catalog.pm.m'.
      Trying pattern rule with stem `Catalog.pm'.
      Trying implicit prerequisite `../../../src/backend/catalog/Catalog.pm.ym'.
   Trying implicit prerequisite `../../../src/include/catalog/pg_depend.h,v'.
      Trying implicit prerequisite `SCCS/s.generate-lwlocknames.pl.l'.
   Trying pattern rule with stem `pg_depend.h'.
      Looking for a rule with intermediate file `../../../src/backend/catalog/Catalog.pm.ym'.
   Trying implicit prerequisite `../../../src/include/catalog/RCS/pg_depend.h,v'.
   Trying pattern rule with stem `pg_depend.h'.
    Trying implicit prerequisite `../../../src/include/executor/s.tuptable.h'.
     Trying pattern rule with stem `generate-lwlocknames.pl'.
    Trying pattern rule with stem `tuptable.h'.
    Trying pattern rule with stem `generate-wait_event_types.pl'.
   Trying implicit prerequisite `../../../src/include/catalog/RCS/pg_depend.h'.
       Avoiding implicit rule recursion.
       Avoiding implicit rule recursion.
   Trying pattern rule with stem `pg_depend.h'.
    Trying implicit prerequisite `../../../src/include/executor/SCCS/s.tuptable.h'.
   Trying implicit prerequisite `../../../src/include/catalog/s.pg_depend.h'.
   Trying pattern rule with stem `pg_depend.h'.
     Trying implicit prerequisite `generate-lwlocknames.pl.y'.
       Avoiding implicit rule recursion.
    Trying implicit prerequisite `generate-wait_event_types.pl.C'.
   Trying implicit prerequisite `../../../src/include/catalog/SCCS/s.pg_depend.h'.
    No implicit rule found for `../../../src/include/executor/tuptable.h'.
   No implicit rule found for `../../../src/include/catalog/pg_depend.h'.
       Trying pattern rule with stem `Catalog.pm.ym'.
    Looking for a rule with intermediate file `generate-wait_event_types.pl.C'.
     Looking for a rule with intermediate file `generate-lwlocknames.pl.y'.
       Trying implicit prerequisite `../../../src/backend/catalog/Catalog.pm.ym,v'.
   Looking for an implicit rule for `../../../src/include/catalog/pg_database.h'.
    Looking for an implicit rule for `../../../src/include/foreign/fdwapi.h'.
     Avoiding implicit rule recursion.
       Trying pattern rule with stem `Catalog.pm.ym'.
      Avoiding implicit rule recursion.
    Trying pattern rule with stem `fdwapi.h'.
     Avoiding implicit rule recursion.
     Trying pattern rule with stem `generate-wait_event_types.pl.C'.
   Trying pattern rule with stem `pg_database.h'.
    Trying implicit prerequisite `../../../src/include/foreign/fdwapi.h,v'.
      Avoiding implicit rule recursion.
     Trying implicit prerequisite `generate-wait_event_types.pl.C,v'.
   Trying implicit prerequisite `../../../src/include/catalog/pg_database.h,v'.
       Trying implicit prerequisite `../../../src/backend/catalog/RCS/Catalog.pm.ym,v'.
    Trying pattern rule with stem `fdwapi.h'.
      Avoiding implicit rule recursion.
    Trying implicit prerequisite `../../../src/include/foreign/RCS/fdwapi.h,v'.
       Trying pattern rule with stem `Catalog.pm.ym'.
     Trying pattern rule with stem `generate-wait_event_types.pl.C'.
     Trying implicit prerequisite `RCS/generate-wait_event_types.pl.C,v'.
       Trying implicit prerequisite `../../../src/backend/catalog/RCS/Catalog.pm.ym'.
      Trying pattern rule with stem `generate-lwlocknames.pl.y'.
   Trying pattern rule with stem `pg_database.h'.
     Trying pattern rule with stem `generate-wait_event_types.pl.C'.
    Trying pattern rule with stem `fdwapi.h'.
       Trying pattern rule with stem `Catalog.pm.ym'.
      Trying implicit prerequisite `generate-lwlocknames.pl.y,v'.
       Trying implicit prerequisite `../../../src/backend/catalog/s.Catalog.pm.ym'.
       Trying pattern rule with stem `Catalog.pm.ym'.
       Trying implicit prerequisite `../../../src/backend/catalog/SCCS/s.Catalog.pm.ym'.
     Trying implicit prerequisite `RCS/generate-wait_event_types.pl.C'.
      Trying pattern rule with stem `Catalog.pm'.
   Trying implicit prerequisite `../../../src/include/catalog/RCS/pg_database.h,v'.
    Trying implicit prerequisite `../../../src/include/foreign/RCS/fdwapi.h'.
    Trying pattern rule with stem `fdwapi.h'.
      Trying implicit prerequisite `../../../src/backend/catalog/Catalog.pm.lm'.
   Trying pattern rule with stem `pg_database.h'.
    Trying implicit prerequisite `../../../src/include/foreign/s.fdwapi.h'.
   Trying implicit prerequisite `../../../src/include/catalog/RCS/pg_database.h'.
      Looking for a rule with intermediate file `../../../src/backend/catalog/Catalog.pm.lm'.
      Trying pattern rule with stem `generate-lwlocknames.pl.y'.
       Avoiding implicit rule recursion.
      Trying implicit prerequisite `RCS/generate-lwlocknames.pl.y,v'.
    Trying pattern rule with stem `fdwapi.h'.
   Trying pattern rule with stem `pg_database.h'.
     Trying pattern rule with stem `generate-wait_event_types.pl.C'.
       Avoiding implicit rule recursion.
       Avoiding implicit rule recursion.
   Trying implicit prerequisite `../../../src/include/catalog/s.pg_database.h'.
       Trying pattern rule with stem `Catalog.pm.lm'.
    Trying implicit prerequisite `../../../src/include/foreign/SCCS/s.fdwapi.h'.
      Trying pattern rule with stem `generate-lwlocknames.pl.y'.
     Trying implicit prerequisite `s.generate-wait_event_types.pl.C'.
       Trying implicit prerequisite `../../../src/backend/catalog/Catalog.pm.lm,v'.
       Trying pattern rule with stem `Catalog.pm.lm'.
    No implicit rule found for `../../../src/include/foreign/fdwapi.h'.
     Trying pattern rule with stem `generate-wait_event_types.pl.C'.
    Looking for an implicit rule for `../../../src/include/nodes/bitmapset.h'.
     Trying implicit prerequisite `SCCS/s.generate-wait_event_types.pl.C'.
    Trying pattern rule with stem `generate-wait_event_types.pl'.
      Trying implicit prerequisite `RCS/generate-lwlocknames.pl.y'.
    Trying pattern rule with stem `bitmapset.h'.
    Trying implicit prerequisite `generate-wait_event_types.pl.cpp'.
   Trying pattern rule with stem `pg_database.h'.
      Trying pattern rule with stem `generate-lwlocknames.pl.y'.
    Looking for a rule with intermediate file `generate-wait_event_types.pl.cpp'.
      Trying implicit prerequisite `s.generate-lwlocknames.pl.y'.
      Trying pattern rule with stem `generate-lwlocknames.pl.y'.
    Trying implicit prerequisite `../../../src/include/nodes/bitmapset.h,v'.
     Avoiding implicit rule recursion.
     Avoiding implicit rule recursion.
      Trying implicit prerequisite `SCCS/s.generate-lwlocknames.pl.y'.
       Trying implicit prerequisite `../../../src/backend/catalog/RCS/Catalog.pm.lm,v'.
     Trying pattern rule with stem `generate-lwlocknames.pl'.
   Trying implicit prerequisite `../../../src/include/catalog/SCCS/s.pg_database.h'.
       Trying pattern rule with stem `Catalog.pm.lm'.
     Trying pattern rule with stem `generate-wait_event_types.pl.cpp'.
   No implicit rule found for `../../../src/include/catalog/pg_database.h'.
     Trying implicit prerequisite `generate-wait_event_types.pl.cpp,v'.
    Trying pattern rule with stem `bitmapset.h'.
       Trying implicit prerequisite `../../../src/backend/catalog/RCS/Catalog.pm.lm'.
   Looking for an implicit rule for `../../../src/include/catalog/pg_db_role_setting.h'.
    Trying implicit prerequisite `../../../src/include/nodes/RCS/bitmapset.h,v'.
   Trying pattern rule with stem `pg_db_role_setting.h'.
    Trying pattern rule with stem `bitmapset.h'.
       Trying pattern rule with stem `Catalog.pm.lm'.
    Trying implicit prerequisite `../../../src/include/nodes/RCS/bitmapset.h'.
       Trying implicit prerequisite `../../../src/backend/catalog/s.Catalog.pm.lm'.
     Trying pattern rule with stem `generate-wait_event_types.pl.cpp'.
       Trying pattern rule with stem `Catalog.pm.lm'.
   Trying implicit prerequisite `../../../src/include/catalog/pg_db_role_setting.h,v'.
     Trying implicit prerequisite `RCS/generate-wait_event_types.pl.cpp,v'.
       Trying implicit prerequisite `../../../src/backend/catalog/SCCS/s.Catalog.pm.lm'.
   Trying pattern rule with stem `pg_db_role_setting.h'.
     Trying pattern rule with stem `generate-wait_event_types.pl.cpp'.
   Trying implicit prerequisite `../../../src/include/catalog/RCS/pg_db_role_setting.h,v'.
     Trying implicit prerequisite `RCS/generate-wait_event_types.pl.cpp'.
     Trying pattern rule with stem `Catalog.pm'.
   Trying pattern rule with stem `pg_db_role_setting.h'.
     Rejecting impossible implicit prerequisite `../../../src/backend/catalog/Catalog.pm.r'.
   Trying implicit prerequisite `../../../src/include/catalog/RCS/pg_db_role_setting.h'.
     Trying pattern rule with stem `Catalog.pm'.
    Trying pattern rule with stem `bitmapset.h'.
     Trying pattern rule with stem `generate-wait_event_types.pl.cpp'.
   Trying pattern rule with stem `pg_db_role_setting.h'.
     Trying implicit prerequisite `generate-lwlocknames.pl.w'.
   Trying implicit prerequisite `../../../src/include/catalog/s.pg_db_role_setting.h'.
     Trying implicit prerequisite `../../../src/backend/catalog/Catalog.pm.s'.
    Trying implicit prerequisite `../../../src/include/nodes/s.bitmapset.h'.
   Trying pattern rule with stem `pg_db_role_setting.h'.
     Looking for a rule with intermediate file `generate-lwlocknames.pl.w'.
     Looking for a rule with intermediate file `../../../src/backend/catalog/Catalog.pm.s'.
     Trying implicit prerequisite `s.generate-wait_event_types.pl.cpp'.
      Avoiding implicit rule recursion.
    Trying pattern rule with stem `bitmapset.h'.
   Trying implicit prerequisite `../../../src/include/catalog/SCCS/s.pg_db_role_setting.h'.
      Avoiding implicit rule recursion.
      Avoiding implicit rule recursion.
   No implicit rule found for `../../../src/include/catalog/pg_db_role_setting.h'.
      Avoiding implicit rule recursion.
   Looking for an implicit rule for `../../../src/include/catalog/pg_tablespace.h'.
    Trying implicit prerequisite `../../../src/include/nodes/SCCS/s.bitmapset.h'.
    No implicit rule found for `../../../src/include/nodes/bitmapset.h'.
    Looking for an implicit rule for `../../../src/include/nodes/extensible.h'.
    Trying pattern rule with stem `extensible.h'.
    Trying implicit prerequisite `../../../src/include/nodes/extensible.h,v'.
    Trying pattern rule with stem `extensible.h'.
    Trying implicit prerequisite `../../../src/include/nodes/RCS/extensible.h,v'.
    Trying pattern rule with stem `extensible.h'.
    Trying implicit prerequisite `../../../src/include/nodes/RCS/extensible.h'.
    Trying pattern rule with stem `extensible.h'.
    Trying implicit prerequisite `../../../src/include/nodes/s.extensible.h'.
    Trying pattern rule with stem `extensible.h'.
    Trying implicit prerequisite `../../../src/include/nodes/SCCS/s.extensible.h'.
    No implicit rule found for `../../../src/include/nodes/extensible.h'.
    Looking for an implicit rule for `../../../src/include/nodes/lockoptions.h'.
      Avoiding implicit rule recursion.
    Trying pattern rule with stem `lockoptions.h'.
     Trying pattern rule with stem `generate-wait_event_types.pl.cpp'.
      Trying pattern rule with stem `Catalog.pm'.
      Trying pattern rule with stem `generate-lwlocknames.pl.w'.
      Trying implicit prerequisite `../../../src/backend/catalog/Catalog.pm.S'.
    Trying implicit prerequisite `../../../src/include/nodes/lockoptions.h,v'.
   Trying pattern rule with stem `pg_tablespace.h'.
     Trying implicit prerequisite `SCCS/s.generate-wait_event_types.pl.cpp'.
   Trying implicit prerequisite `../../../src/include/catalog/pg_tablespace.h,v'.
    Trying pattern rule with stem `lockoptions.h'.
   Trying pattern rule with stem `pg_tablespace.h'.
      Trying implicit prerequisite `generate-lwlocknames.pl.w,v'.
      Trying pattern rule with stem `Catalog.pm.s'.
   Trying implicit prerequisite `../../../src/include/catalog/RCS/pg_tablespace.h,v'.
    Trying pattern rule with stem `generate-wait_event_types.pl'.
      Trying implicit prerequisite `../../../src/backend/catalog/Catalog.pm.s,v'.
    Trying implicit prerequisite `../../../src/include/nodes/RCS/lockoptions.h,v'.
      Trying pattern rule with stem `Catalog.pm.s'.
      Trying pattern rule with stem `generate-lwlocknames.pl.w'.
    Trying implicit prerequisite `generate-wait_event_types.pl.p'.
      Trying implicit prerequisite `RCS/generate-lwlocknames.pl.w,v'.
   Trying pattern rule with stem `pg_tablespace.h'.
    Trying pattern rule with stem `lockoptions.h'.
      Trying implicit prerequisite `../../../src/backend/catalog/RCS/Catalog.pm.s,v'.
    Trying implicit prerequisite `../../../src/include/nodes/RCS/lockoptions.h'.
      Trying pattern rule with stem `generate-lwlocknames.pl.w'.
      Trying pattern rule with stem `Catalog.pm.s'.
    Looking for a rule with intermediate file `generate-wait_event_types.pl.p'.
      Trying implicit prerequisite `RCS/generate-lwlocknames.pl.w'.
   Trying implicit prerequisite `../../../src/include/catalog/RCS/pg_tablespace.h'.
     Avoiding implicit rule recursion.
    Trying pattern rule with stem `lockoptions.h'.
   Trying pattern rule with stem `pg_tablespace.h'.
    Trying implicit prerequisite `../../../src/include/nodes/s.lockoptions.h'.
   Trying implicit prerequisite `../../../src/include/catalog/s.pg_tablespace.h'.
      Trying pattern rule with stem `generate-lwlocknames.pl.w'.
    Trying pattern rule with stem `lockoptions.h'.
     Avoiding implicit rule recursion.
      Trying implicit prerequisite `../../../src/backend/catalog/RCS/Catalog.pm.s'.
   Trying pattern rule with stem `pg_tablespace.h'.
     Trying pattern rule with stem `generate-wait_event_types.pl'.
      Trying pattern rule with stem `Catalog.pm.s'.
     Trying implicit prerequisite `generate-wait_event_types.pl.web'.
    Trying implicit prerequisite `../../../src/include/nodes/SCCS/s.lockoptions.h'.
   Trying implicit prerequisite `../../../src/include/catalog/SCCS/s.pg_tablespace.h'.
     Trying pattern rule with stem `generate-wait_event_types.pl.p'.
    No implicit rule found for `../../../src/include/nodes/lockoptions.h'.
      Trying implicit prerequisite `../../../src/backend/catalog/s.Catalog.pm.s'.
     Trying implicit prerequisite `generate-wait_event_types.pl.p,v'.
      Trying implicit prerequisite `s.generate-lwlocknames.pl.w'.
    Looking for an implicit rule for `../../../src/include/nodes/miscnodes.h'.
      Trying pattern rule with stem `Catalog.pm.s'.
    Trying pattern rule with stem `miscnodes.h'.
      Trying implicit prerequisite `../../../src/backend/catalog/SCCS/s.Catalog.pm.s'.
     Trying pattern rule with stem `generate-wait_event_types.pl.p'.
    Trying implicit prerequisite `../../../src/include/nodes/miscnodes.h,v'.
      Trying pattern rule with stem `Catalog.pm'.
     Trying implicit prerequisite `RCS/generate-wait_event_types.pl.p,v'.
    Trying pattern rule with stem `miscnodes.h'.
   No implicit rule found for `../../../src/include/catalog/pg_tablespace.h'.
      Trying pattern rule with stem `generate-lwlocknames.pl.w'.
      Trying implicit prerequisite `../../../src/backend/catalog/Catalog.pm.S'.
      Trying implicit prerequisite `SCCS/s.generate-lwlocknames.pl.w'.
    Trying implicit prerequisite `../../../src/include/nodes/RCS/miscnodes.h,v'.
     Trying pattern rule with stem `generate-lwlocknames.pl'.
   Looking for an implicit rule for `../../../src/include/catalog/pg_authid.h'.
     Rejecting impossible implicit prerequisite `generate-lwlocknames.pl.w'.
      Looking for a rule with intermediate file `../../../src/backend/catalog/Catalog.pm.S'.
     Trying pattern rule with stem `generate-wait_event_types.pl.p'.
    Trying pattern rule with stem `generate-lwlocknames.pl'.
     Trying implicit prerequisite `RCS/generate-wait_event_types.pl.p'.
   Trying pattern rule with stem `pg_authid.h'.
    Trying pattern rule with stem `miscnodes.h'.
   Trying implicit prerequisite `../../../src/include/catalog/pg_authid.h,v'.
    Trying implicit prerequisite `generate-lwlocknames.pl.cc'.
     Trying pattern rule with stem `generate-wait_event_types.pl.p'.
    Trying implicit prerequisite `../../../src/include/nodes/RCS/miscnodes.h'.
    Looking for a rule with intermediate file `generate-lwlocknames.pl.cc'.
       Avoiding implicit rule recursion.
    Trying pattern rule with stem `miscnodes.h'.
     Trying implicit prerequisite `s.generate-wait_event_types.pl.p'.
   Trying pattern rule with stem `pg_authid.h'.
    Trying implicit prerequisite `../../../src/include/nodes/s.miscnodes.h'.
     Trying pattern rule with stem `generate-wait_event_types.pl.p'.
     Avoiding implicit rule recursion.
    Trying pattern rule with stem `miscnodes.h'.
     Trying implicit prerequisite `SCCS/s.generate-wait_event_types.pl.p'.
    Trying implicit prerequisite `../../../src/include/nodes/SCCS/s.miscnodes.h'.
   Trying implicit prerequisite `../../../src/include/catalog/RCS/pg_authid.h,v'.
     Avoiding implicit rule recursion.
       Avoiding implicit rule recursion.
     Trying pattern rule with stem `generate-wait_event_types.pl'.
   Trying pattern rule with stem `pg_authid.h'.
     Trying implicit prerequisite `generate-wait_event_types.pl.web'.
    No implicit rule found for `../../../src/include/nodes/miscnodes.h'.
       Avoiding implicit rule recursion.
   Trying implicit prerequisite `../../../src/include/catalog/RCS/pg_authid.h'.
     Looking for a rule with intermediate file `generate-wait_event_types.pl.web'.
       Trying pattern rule with stem `Catalog.pm.S'.
   Trying pattern rule with stem `pg_authid.h'.
       Trying implicit prerequisite `../../../src/backend/catalog/Catalog.pm.S,v'.
    Looking for an implicit rule for `../../../src/include/nodes/replnodes.h'.
       Trying pattern rule with stem `Catalog.pm.S'.
   Trying implicit prerequisite `../../../src/include/catalog/s.pg_authid.h'.
     Trying pattern rule with stem `generate-lwlocknames.pl.cc'.
       Trying implicit prerequisite `../../../src/backend/catalog/RCS/Catalog.pm.S,v'.
    Trying pattern rule with stem `replnodes.h'.
      Avoiding implicit rule recursion.
       Trying pattern rule with stem `Catalog.pm.S'.
   Trying pattern rule with stem `pg_authid.h'.
      Avoiding implicit rule recursion.
     Trying implicit prerequisite `generate-lwlocknames.pl.cc,v'.
       Trying implicit prerequisite `../../../src/backend/catalog/RCS/Catalog.pm.S'.
     Trying pattern rule with stem `generate-lwlocknames.pl.cc'.
   Trying implicit prerequisite `../../../src/include/catalog/SCCS/s.pg_authid.h'.
       Trying pattern rule with stem `Catalog.pm.S'.
     Trying implicit prerequisite `RCS/generate-lwlocknames.pl.cc,v'.
       Trying implicit prerequisite `../../../src/backend/catalog/s.Catalog.pm.S'.
      Avoiding implicit rule recursion.
    Trying implicit prerequisite `../../../src/include/nodes/replnodes.h,v'.
     Trying pattern rule with stem `generate-lwlocknames.pl.cc'.
      Trying pattern rule with stem `generate-wait_event_types.pl.web'.
     Trying implicit prerequisite `RCS/generate-lwlocknames.pl.cc'.
     Trying pattern rule with stem `generate-lwlocknames.pl.cc'.
   No implicit rule found for `../../../src/include/catalog/pg_authid.h'.
      Trying implicit prerequisite `generate-wait_event_types.pl.web,v'.
    Trying pattern rule with stem `replnodes.h'.
       Trying pattern rule with stem `Catalog.pm.S'.
      Trying pattern rule with stem `generate-wait_event_types.pl.web'.
     Trying implicit prerequisite `s.generate-lwlocknames.pl.cc'.
   Looking for an implicit rule for `../../../src/include/catalog/pg_auth_members.h'.
     Trying pattern rule with stem `generate-lwlocknames.pl.cc'.
   Trying pattern rule with stem `pg_auth_members.h'.
      Trying implicit prerequisite `RCS/generate-wait_event_types.pl.web,v'.
       Trying implicit prerequisite `../../../src/backend/catalog/SCCS/s.Catalog.pm.S'.
     Trying implicit prerequisite `SCCS/s.generate-lwlocknames.pl.cc'.
   Trying implicit prerequisite `../../../src/include/catalog/pg_auth_members.h,v'.
    Trying pattern rule with stem `generate-lwlocknames.pl'.
    Trying implicit prerequisite `../../../src/include/nodes/RCS/replnodes.h,v'.
   Trying pattern rule with stem `pg_auth_members.h'.
      Trying pattern rule with stem `generate-wait_event_types.pl.web'.
   Trying implicit prerequisite `../../../src/include/catalog/RCS/pg_auth_members.h,v'.
     Trying pattern rule with stem `Catalog.pm'.
    Trying pattern rule with stem `replnodes.h'.
      Trying implicit prerequisite `RCS/generate-wait_event_types.pl.web'.
   Trying pattern rule with stem `pg_auth_members.h'.
    Trying implicit prerequisite `generate-lwlocknames.pl.C'.
   Trying implicit prerequisite `../../../src/include/catalog/RCS/pg_auth_members.h'.
      Trying pattern rule with stem `generate-wait_event_types.pl.web'.
    Trying implicit prerequisite `../../../src/include/nodes/RCS/replnodes.h'.
    Looking for a rule with intermediate file `generate-lwlocknames.pl.C'.
     Rejecting impossible implicit prerequisite `../../../src/backend/catalog/Catalog.pm.S'.
   Trying pattern rule with stem `pg_auth_members.h'.
     Avoiding implicit rule recursion.
    Trying pattern rule with stem `replnodes.h'.
      Trying implicit prerequisite `s.generate-wait_event_types.pl.web'.
   Trying implicit prerequisite `../../../src/include/catalog/s.pg_auth_members.h'.
     Avoiding implicit rule recursion.
   Trying pattern rule with stem `pg_auth_members.h'.
     Trying pattern rule with stem `generate-lwlocknames.pl.C'.
     Trying pattern rule with stem `Catalog.pm'.
     Trying implicit prerequisite `generate-lwlocknames.pl.C,v'.
     Trying implicit prerequisite `../../../src/backend/catalog/Catalog.pm.mod'.
    Trying implicit prerequisite `../../../src/include/nodes/s.replnodes.h'.
      Trying pattern rule with stem `generate-wait_event_types.pl.web'.
   Trying implicit prerequisite `../../../src/include/catalog/SCCS/s.pg_auth_members.h'.
      Trying implicit prerequisite `SCCS/s.generate-wait_event_types.pl.web'.
     Looking for a rule with intermediate file `../../../src/backend/catalog/Catalog.pm.mod'.
    Trying pattern rule with stem `generate-wait_event_types.pl'.
     Trying pattern rule with stem `generate-lwlocknames.pl.C'.
      Avoiding implicit rule recursion.
    Trying pattern rule with stem `replnodes.h'.
      Avoiding implicit rule recursion.
    Trying implicit prerequisite `generate-wait_event_types.pl.f'.
   No implicit rule found for `../../../src/include/catalog/pg_auth_members.h'.
    Trying implicit prerequisite `../../../src/include/nodes/SCCS/s.replnodes.h'.
     Trying implicit prerequisite `RCS/generate-lwlocknames.pl.C,v'.
    Looking for a rule with intermediate file `generate-wait_event_types.pl.f'.
     Trying pattern rule with stem `generate-lwlocknames.pl.C'.
      Trying pattern rule with stem `Catalog.pm.mod'.
     Trying implicit prerequisite `RCS/generate-lwlocknames.pl.C'.
   Looking for an implicit rule for `../../../src/include/catalog/pg_shdepend.h'.
    No implicit rule found for `../../../src/include/nodes/replnodes.h'.
      Trying implicit prerequisite `../../../src/backend/catalog/Catalog.pm.mod,v'.
     Avoiding implicit rule recursion.
     Trying pattern rule with stem `generate-lwlocknames.pl.C'.
      Trying pattern rule with stem `Catalog.pm.mod'.
    Looking for an implicit rule for `../../../src/include/nodes/supportnodes.h'.
      Trying implicit prerequisite `../../../src/backend/catalog/RCS/Catalog.pm.mod,v'.
   Trying pattern rule with stem `pg_shdepend.h'.
      Trying pattern rule with stem `Catalog.pm.mod'.
    Trying pattern rule with stem `supportnodes.h'.
     Trying implicit prerequisite `s.generate-lwlocknames.pl.C'.
    Trying implicit prerequisite `../../../src/include/nodes/supportnodes.h,v'.
     Trying pattern rule with stem `generate-lwlocknames.pl.C'.
      Trying implicit prerequisite `../../../src/backend/catalog/RCS/Catalog.pm.mod'.
    Trying pattern rule with stem `supportnodes.h'.
   Trying implicit prerequisite `../../../src/include/catalog/pg_shdepend.h,v'.
      Trying pattern rule with stem `Catalog.pm.mod'.
     Avoiding implicit rule recursion.
     Trying implicit prerequisite `SCCS/s.generate-lwlocknames.pl.C'.
      Trying implicit prerequisite `../../../src/backend/catalog/s.Catalog.pm.mod'.
     Trying pattern rule with stem `generate-wait_event_types.pl'.
      Trying pattern rule with stem `Catalog.pm.mod'.
   Trying pattern rule with stem `pg_shdepend.h'.
    Trying implicit prerequisite `../../../src/include/nodes/RCS/supportnodes.h,v'.
   Trying implicit prerequisite `../../../src/include/catalog/RCS/pg_shdepend.h,v'.
     Trying implicit prerequisite `generate-wait_event_types.pl.F'.
    Trying pattern rule with stem `supportnodes.h'.
   Trying pattern rule with stem `pg_shdepend.h'.
    Trying implicit prerequisite `../../../src/include/nodes/RCS/supportnodes.h'.
   Trying implicit prerequisite `../../../src/include/catalog/RCS/pg_shdepend.h'.
    Trying pattern rule with stem `supportnodes.h'.
     Trying pattern rule with stem `generate-wait_event_types.pl'.
   Trying pattern rule with stem `pg_shdepend.h'.
    Trying implicit prerequisite `../../../src/include/nodes/s.supportnodes.h'.
   Trying implicit prerequisite `../../../src/include/catalog/s.pg_shdepend.h'.
    Trying pattern rule with stem `generate-lwlocknames.pl'.
     Trying implicit prerequisite `generate-wait_event_types.pl.r'.
      Trying implicit prerequisite `../../../src/backend/catalog/SCCS/s.Catalog.pm.mod'.
    Trying pattern rule with stem `supportnodes.h'.
     Trying pattern rule with stem `generate-wait_event_types.pl.f'.
   Trying pattern rule with stem `pg_shdepend.h'.
    Trying implicit prerequisite `../../../src/include/nodes/SCCS/s.supportnodes.h'.
   Trying implicit prerequisite `../../../src/include/catalog/SCCS/s.pg_shdepend.h'.
     Trying implicit prerequisite `generate-wait_event_types.pl.f,v'.
   No implicit rule found for `../../../src/include/catalog/pg_shdepend.h'.
    No implicit rule found for `../../../src/include/nodes/supportnodes.h'.
    Trying pattern rule with stem `Catalog.pm'.
    Looking for an implicit rule for `../../../src/include/nodes/value.h'.
    Rejecting impossible implicit prerequisite `../../../src/backend/catalog/Catalog.pm.cc'.
    Trying implicit prerequisite `generate-lwlocknames.pl.cpp'.
   Looking for an implicit rule for `../../../src/include/catalog/pg_shdescription.h'.
    Looking for a rule with intermediate file `generate-lwlocknames.pl.cpp'.
    Trying pattern rule with stem `value.h'.
    Trying pattern rule with stem `Catalog.pm'.
     Trying pattern rule with stem `generate-wait_event_types.pl.f'.
     Avoiding implicit rule recursion.
    Trying implicit prerequisite `../../../src/include/nodes/value.h,v'.
    Rejecting impossible implicit prerequisite `../../../src/backend/catalog/Catalog.pm.C'.
    Trying pattern rule with stem `value.h'.
     Trying implicit prerequisite `RCS/generate-wait_event_types.pl.f,v'.
   Trying pattern rule with stem `pg_shdescription.h'.
     Avoiding implicit rule recursion.
   Trying implicit prerequisite `../../../src/include/catalog/pg_shdescription.h,v'.
    Trying implicit prerequisite `../../../src/include/nodes/RCS/value.h,v'.
     Trying pattern rule with stem `generate-wait_event_types.pl.f'.
   Trying pattern rule with stem `pg_shdescription.h'.
    Trying pattern rule with stem `value.h'.
   Trying implicit prerequisite `../../../src/include/catalog/RCS/pg_shdescription.h,v'.
     Trying pattern rule with stem `generate-lwlocknames.pl.cpp'.
   Trying pattern rule with stem `pg_shdescription.h'.
    Trying implicit prerequisite `../../../src/include/nodes/RCS/value.h'.
    Trying pattern rule with stem `Catalog.pm'.
     Trying implicit prerequisite `generate-lwlocknames.pl.cpp,v'.
    Rejecting impossible implicit prerequisite `../../../src/backend/catalog/Catalog.pm.cpp'.
     Trying implicit prerequisite `RCS/generate-wait_event_types.pl.f'.
    Trying pattern rule with stem `Catalog.pm'.
     Trying pattern rule with stem `generate-lwlocknames.pl.cpp'.
   Trying implicit prerequisite `../../../src/include/catalog/RCS/pg_shdescription.h'.
     Trying implicit prerequisite `RCS/generate-lwlocknames.pl.cpp,v'.
     Trying pattern rule with stem `generate-wait_event_types.pl.f'.
   Trying pattern rule with stem `pg_shdescription.h'.
    Trying pattern rule with stem `value.h'.
     Trying pattern rule with stem `generate-lwlocknames.pl.cpp'.
    Rejecting impossible implicit prerequisite `../../../src/backend/catalog/Catalog.pm.p'.
     Trying implicit prerequisite `s.generate-wait_event_types.pl.f'.
    Trying implicit prerequisite `../../../src/include/nodes/s.value.h'.
     Trying implicit prerequisite `RCS/generate-lwlocknames.pl.cpp'.
     Trying pattern rule with stem `generate-wait_event_types.pl.f'.
    Trying pattern rule with stem `Catalog.pm'.
    Trying pattern rule with stem `value.h'.
     Trying pattern rule with stem `generate-lwlocknames.pl.cpp'.
   Trying implicit prerequisite `../../../src/include/catalog/s.pg_shdescription.h'.
     Trying implicit prerequisite `SCCS/s.generate-wait_event_types.pl.f'.
     Trying implicit prerequisite `s.generate-lwlocknames.pl.cpp'.
     Trying pattern rule with stem `generate-wait_event_types.pl'.
    Trying implicit prerequisite `../../../src/include/nodes/SCCS/s.value.h'.
     Trying pattern rule with stem `generate-lwlocknames.pl.cpp'.
     Trying implicit prerequisite `generate-wait_event_types.pl.F'.
     Trying implicit prerequisite `SCCS/s.generate-lwlocknames.pl.cpp'.
   Trying pattern rule with stem `pg_shdescription.h'.
    No implicit rule found for `../../../src/include/nodes/value.h'.
     Looking for a rule with intermediate file `generate-wait_event_types.pl.F'.
   Trying implicit prerequisite `../../../src/include/catalog/SCCS/s.pg_shdescription.h'.
   No implicit rule found for `../../../src/include/catalog/pg_shdescription.h'.
   Looking for an implicit rule for `../../../src/include/catalog/pg_ts_config.h'.
   Trying pattern rule with stem `pg_ts_config.h'.
   Trying implicit prerequisite `../../../src/include/catalog/pg_ts_config.h,v'.
   Trying pattern rule with stem `pg_ts_config.h'.
   Trying implicit prerequisite `../../../src/include/catalog/RCS/pg_ts_config.h,v'.
   Trying pattern rule with stem `pg_ts_config.h'.
   Trying implicit prerequisite `../../../src/include/catalog/RCS/pg_ts_config.h'.
   Trying pattern rule with stem `pg_ts_config.h'.
   Trying implicit prerequisite `../../../src/include/catalog/s.pg_ts_config.h'.
   Trying pattern rule with stem `pg_ts_config.h'.
   Trying implicit prerequisite `../../../src/include/catalog/SCCS/s.pg_ts_config.h'.
   No implicit rule found for `../../../src/include/catalog/pg_ts_config.h'.
   Looking for an implicit rule for `../../../src/include/catalog/pg_ts_config_map.h'.
    Looking for an implicit rule for `../../../src/include/utils/rel.h'.
      Avoiding implicit rule recursion.
    Trying pattern rule with stem `rel.h'.
   Trying pattern rule with stem `pg_ts_config_map.h'.
    Rejecting impossible implicit prerequisite `../../../src/backend/catalog/Catalog.pm.f'.
      Avoiding implicit rule recursion.
    Trying pattern rule with stem `Catalog.pm'.
   Trying implicit prerequisite `../../../src/include/catalog/pg_ts_config_map.h,v'.
      Avoiding implicit rule recursion.
    Rejecting impossible implicit prerequisite `../../../src/backend/catalog/Catalog.pm.F'.
   Trying pattern rule with stem `pg_ts_config_map.h'.
      Trying pattern rule with stem `generate-wait_event_types.pl.F'.
   Trying implicit prerequisite `../../../src/include/catalog/RCS/pg_ts_config_map.h,v'.
    Trying pattern rule with stem `Catalog.pm'.
    Trying pattern rule with stem `generate-lwlocknames.pl'.
    Trying implicit prerequisite `../../../src/include/utils/rel.h,v'.
      Trying implicit prerequisite `generate-wait_event_types.pl.F,v'.
    Rejecting impossible implicit prerequisite `../../../src/backend/catalog/Catalog.pm.m'.
    Trying implicit prerequisite `generate-lwlocknames.pl.p'.
      Trying pattern rule with stem `generate-wait_event_types.pl.F'.
    Trying pattern rule with stem `Catalog.pm'.
      Trying implicit prerequisite `RCS/generate-wait_event_types.pl.F,v'.
   Trying pattern rule with stem `pg_ts_config_map.h'.
    Rejecting impossible implicit prerequisite `../../../src/backend/catalog/Catalog.pm.r'.
      Trying pattern rule with stem `generate-wait_event_types.pl.F'.
   Trying implicit prerequisite `../../../src/include/catalog/RCS/pg_ts_config_map.h'.
    Trying pattern rule with stem `Catalog.pm'.
    Looking for a rule with intermediate file `generate-lwlocknames.pl.p'.
    Rejecting impossible implicit prerequisite `../../../src/backend/catalog/Catalog.pm.s'.
      Trying implicit prerequisite `RCS/generate-wait_event_types.pl.F'.
   Trying pattern rule with stem `pg_ts_config_map.h'.
     Avoiding implicit rule recursion.
    Trying pattern rule with stem `Catalog.pm'.
   Trying implicit prerequisite `../../../src/include/catalog/s.pg_ts_config_map.h'.
    Rejecting impossible implicit prerequisite `../../../src/backend/catalog/Catalog.pm.S'.
      Trying pattern rule with stem `generate-wait_event_types.pl.F'.
   Trying pattern rule with stem `pg_ts_config_map.h'.
    Trying pattern rule with stem `Catalog.pm'.
      Trying implicit prerequisite `s.generate-wait_event_types.pl.F'.
   Trying implicit prerequisite `../../../src/include/catalog/SCCS/s.pg_ts_config_map.h'.
     Avoiding implicit rule recursion.
   No implicit rule found for `../../../src/include/catalog/pg_ts_config_map.h'.
    Rejecting impossible implicit prerequisite `../../../src/backend/catalog/Catalog.pm.mod'.
    Trying pattern rule with stem `rel.h'.
      Trying pattern rule with stem `generate-wait_event_types.pl.F'.
    Trying pattern rule with stem `Catalog.pm'.
    Trying implicit prerequisite `../../../src/include/utils/RCS/rel.h,v'.
     Trying pattern rule with stem `generate-lwlocknames.pl'.
   Looking for an implicit rule for `../../../src/include/catalog/pg_ts_dict.h'.
     Trying implicit prerequisite `generate-lwlocknames.pl.web'.
    Trying implicit prerequisite `../../../src/backend/catalog/Catalog.pm.sh'.
    Trying pattern rule with stem `rel.h'.
   Trying pattern rule with stem `pg_ts_dict.h'.
      Trying implicit prerequisite `SCCS/s.generate-wait_event_types.pl.F'.
   Trying implicit prerequisite `../../../src/include/catalog/pg_ts_dict.h,v'.
     Trying pattern rule with stem `generate-lwlocknames.pl.p'.
    Trying implicit prerequisite `../../../src/include/utils/RCS/rel.h'.
    Looking for a rule with intermediate file `../../../src/backend/catalog/Catalog.pm.sh'.
    Trying pattern rule with stem `rel.h'.
     Avoiding implicit rule recursion.
   Trying pattern rule with stem `pg_ts_dict.h'.
     Trying pattern rule with stem `generate-wait_event_types.pl'.
     Trying implicit prerequisite `generate-lwlocknames.pl.p,v'.
    Trying implicit prerequisite `../../../src/include/utils/s.rel.h'.
     Trying pattern rule with stem `Catalog.pm.sh'.
   Trying implicit prerequisite `../../../src/include/catalog/RCS/pg_ts_dict.h,v'.
    Trying pattern rule with stem `rel.h'.
     Trying pattern rule with stem `generate-lwlocknames.pl.p'.
     Trying implicit prerequisite `../../../src/backend/catalog/Catalog.pm.sh,v'.
     Trying implicit prerequisite `generate-wait_event_types.pl.r'.
    Trying implicit prerequisite `../../../src/include/utils/SCCS/s.rel.h'.
     Trying pattern rule with stem `Catalog.pm.sh'.
   Trying pattern rule with stem `pg_ts_dict.h'.
     Looking for a rule with intermediate file `generate-wait_event_types.pl.r'.
    No implicit rule found for `../../../src/include/utils/rel.h'.
   Trying implicit prerequisite `../../../src/include/catalog/RCS/pg_ts_dict.h'.
      Avoiding implicit rule recursion.
     Trying implicit prerequisite `RCS/generate-lwlocknames.pl.p,v'.
   Trying pattern rule with stem `pg_ts_dict.h'.
 Considering target file `../../../src/include/nodes/header-stamp'.
     Trying implicit prerequisite `../../../src/backend/catalog/RCS/Catalog.pm.sh,v'.
     Trying pattern rule with stem `generate-lwlocknames.pl.p'.
      Avoiding implicit rule recursion.
  File `../../../src/include/nodes/header-stamp' does not exist.
   Trying implicit prerequisite `../../../src/include/catalog/s.pg_ts_dict.h'.
     Trying implicit prerequisite `RCS/generate-lwlocknames.pl.p'.
  Considering target file `node-support-stamp'.
     Trying pattern rule with stem `Catalog.pm.sh'.
      Avoiding implicit rule recursion.
   File `node-support-stamp' does not exist.
     Trying implicit prerequisite `../../../src/backend/catalog/RCS/Catalog.pm.sh'.
   Considering target file `gen_node_support.pl'.
   Trying pattern rule with stem `pg_ts_dict.h'.
     Trying pattern rule with stem `Catalog.pm.sh'.
    Finished prerequisites of target file `gen_node_support.pl'.
      Trying pattern rule with stem `generate-wait_event_types.pl'.
     Trying pattern rule with stem `generate-lwlocknames.pl.p'.
      Rejecting impossible implicit prerequisite `generate-wait_event_types.pl.l'.
     Trying implicit prerequisite `s.generate-lwlocknames.pl.p'.
   No need to remake target `gen_node_support.pl'.
     Trying implicit prerequisite `../../../src/backend/catalog/s.Catalog.pm.sh'.
     Trying pattern rule with stem `generate-lwlocknames.pl.p'.
     Trying pattern rule with stem `Catalog.pm.sh'.
     Trying implicit prerequisite `SCCS/s.generate-lwlocknames.pl.p'.
     Trying implicit prerequisite `../../../src/backend/catalog/SCCS/s.Catalog.pm.sh'.
      Trying pattern rule with stem `generate-wait_event_types.pl.r'.
    No implicit rule found for `../../../src/backend/catalog/Catalog.pm'.
   Trying implicit prerequisite `../../../src/include/catalog/SCCS/s.pg_ts_dict.h'.
   Considering target file `../../../src/include/nodes/nodes.h'.
     Trying pattern rule with stem `generate-lwlocknames.pl'.
    Looking for an implicit rule for `../../../src/include/catalog/pg_proc.dat'.
    Finished prerequisites of target file `../../../src/include/nodes/nodes.h'.
      Trying implicit prerequisite `generate-wait_event_types.pl.r,v'.
   No implicit rule found for `../../../src/include/catalog/pg_ts_dict.h'.
     Trying implicit prerequisite `generate-lwlocknames.pl.web'.
    Trying pattern rule with stem `pg_proc.dat'.
   No need to remake target `../../../src/include/nodes/nodes.h'.
      Trying pattern rule with stem `generate-wait_event_types.pl.r'.
     Looking for a rule with intermediate file `generate-lwlocknames.pl.web'.
      Trying implicit prerequisite `RCS/generate-wait_event_types.pl.r,v'.
   Considering target file `../../../src/include/nodes/primnodes.h'.
   Looking for an implicit rule for `../../../src/include/catalog/pg_ts_parser.h'.
      Avoiding implicit rule recursion.
   Trying pattern rule with stem `pg_ts_parser.h'.
    Finished prerequisites of target file `../../../src/include/nodes/primnodes.h'.
   Trying implicit prerequisite `../../../src/include/catalog/pg_ts_parser.h,v'.
      Trying pattern rule with stem `generate-wait_event_types.pl.r'.
    Trying implicit prerequisite `../../../src/include/catalog/pg_proc.dat.o'.
      Trying implicit prerequisite `RCS/generate-wait_event_types.pl.r'.
   Trying pattern rule with stem `pg_ts_parser.h'.
      Avoiding implicit rule recursion.
   Trying implicit prerequisite `../../../src/include/catalog/RCS/pg_ts_parser.h,v'.
   No need to remake target `../../../src/include/nodes/primnodes.h'.
      Trying pattern rule with stem `generate-wait_event_types.pl.r'.
      Avoiding implicit rule recursion.
   Considering target file `../../../src/include/nodes/parsenodes.h'.
      Trying implicit prerequisite `s.generate-wait_event_types.pl.r'.
      Trying pattern rule with stem `generate-lwlocknames.pl.web'.
   Trying pattern rule with stem `pg_ts_parser.h'.
    Finished prerequisites of target file `../../../src/include/nodes/parsenodes.h'.
      Trying pattern rule with stem `generate-wait_event_types.pl.r'.
   Trying implicit prerequisite `../../../src/include/catalog/RCS/pg_ts_parser.h'.
   No need to remake target `../../../src/include/nodes/parsenodes.h'.
      Trying implicit prerequisite `generate-lwlocknames.pl.web,v'.
      Trying pattern rule with stem `generate-lwlocknames.pl.web'.
      Trying implicit prerequisite `RCS/generate-lwlocknames.pl.web,v'.
      Trying pattern rule with stem `generate-lwlocknames.pl.web'.
      Trying implicit prerequisite `SCCS/s.generate-wait_event_types.pl.r'.
      Trying implicit prerequisite `RCS/generate-lwlocknames.pl.web'.
      Trying pattern rule with stem `generate-lwlocknames.pl.web'.
   Considering target file `../../../src/include/nodes/pathnodes.h'.
   Trying pattern rule with stem `pg_ts_parser.h'.
      Trying implicit prerequisite `s.generate-lwlocknames.pl.web'.
    Finished prerequisites of target file `../../../src/include/nodes/pathnodes.h'.
      Trying pattern rule with stem `generate-lwlocknames.pl.web'.
    Trying pattern rule with stem `generate-wait_event_types.pl'.
   No need to remake target `../../../src/include/nodes/pathnodes.h'.
    Rejecting impossible implicit prerequisite `generate-wait_event_types.pl.F'.
   Trying implicit prerequisite `../../../src/include/catalog/s.pg_ts_parser.h'.
    Trying pattern rule with stem `pg_proc.dat'.
      Trying implicit prerequisite `SCCS/s.generate-lwlocknames.pl.web'.
    Trying implicit prerequisite `../../../src/include/catalog/pg_proc.dat.cc'.
    Trying pattern rule with stem `generate-lwlocknames.pl'.
   Trying pattern rule with stem `pg_ts_parser.h'.
   Considering target file `../../../src/include/nodes/plannodes.h'.
    Trying implicit prerequisite `generate-lwlocknames.pl.f'.
    Trying pattern rule with stem `generate-wait_event_types.pl'.
    Trying pattern rule with stem `pg_proc.dat'.
   Trying implicit prerequisite `../../../src/include/catalog/SCCS/s.pg_ts_parser.h'.
    Trying implicit prerequisite `../../../src/include/catalog/pg_proc.dat.C'.
    Trying implicit prerequisite `generate-wait_event_types.pl.m'.
    Finished prerequisites of target file `../../../src/include/nodes/plannodes.h'.
    Trying pattern rule with stem `pg_proc.dat'.
   No implicit rule found for `../../../src/include/catalog/pg_ts_parser.h'.
    Trying implicit prerequisite `../../../src/include/catalog/pg_proc.dat.cpp'.
    Looking for a rule with intermediate file `generate-lwlocknames.pl.f'.
   Looking for an implicit rule for `../../../src/include/catalog/pg_ts_template.h'.
    Trying pattern rule with stem `pg_proc.dat'.
   Trying pattern rule with stem `pg_ts_template.h'.
   No need to remake target `../../../src/include/nodes/plannodes.h'.
   Trying implicit prerequisite `../../../src/include/catalog/pg_ts_template.h,v'.
     Avoiding implicit rule recursion.
    Looking for a rule with intermediate file `generate-wait_event_types.pl.m'.
   Trying pattern rule with stem `pg_ts_template.h'.
   Considering target file `../../../src/include/nodes/execnodes.h'.
   Trying implicit prerequisite `../../../src/include/catalog/RCS/pg_ts_template.h,v'.
     Avoiding implicit rule recursion.
   Trying pattern rule with stem `pg_ts_template.h'.
    Trying implicit prerequisite `../../../src/include/catalog/pg_proc.dat.p'.
     Avoiding implicit rule recursion.
    Finished prerequisites of target file `../../../src/include/nodes/execnodes.h'.
     Trying pattern rule with stem `generate-lwlocknames.pl'.
    Trying pattern rule with stem `pg_proc.dat'.
   No need to remake target `../../../src/include/nodes/execnodes.h'.
   Trying implicit prerequisite `../../../src/include/catalog/RCS/pg_ts_template.h'.
     Avoiding implicit rule recursion.
    Trying implicit prerequisite `../../../src/include/catalog/pg_proc.dat.f'.
     Trying implicit prerequisite `generate-lwlocknames.pl.F'.
   Trying pattern rule with stem `pg_ts_template.h'.
    Trying pattern rule with stem `pg_proc.dat'.
   Trying implicit prerequisite `../../../src/include/catalog/s.pg_ts_template.h'.
   Considering target file `../../../src/include/access/amapi.h'.
    Trying implicit prerequisite `../../../src/include/catalog/pg_proc.dat.F'.
     Trying pattern rule with stem `generate-wait_event_types.pl'.
   Trying pattern rule with stem `pg_ts_template.h'.
    Trying pattern rule with stem `pg_proc.dat'.
     Trying implicit prerequisite `generate-wait_event_types.pl.ym'.
    Finished prerequisites of target file `../../../src/include/access/amapi.h'.
     Trying pattern rule with stem `generate-lwlocknames.pl'.
    Trying implicit prerequisite `../../../src/include/catalog/pg_proc.dat.m'.
     Trying pattern rule with stem `generate-wait_event_types.pl'.
   Trying implicit prerequisite `../../../src/include/catalog/SCCS/s.pg_ts_template.h'.
     Trying implicit prerequisite `generate-wait_event_types.pl.lm'.
     Trying implicit prerequisite `generate-lwlocknames.pl.r'.
   No need to remake target `../../../src/include/access/amapi.h'.
    Trying pattern rule with stem `pg_proc.dat'.
   No implicit rule found for `../../../src/include/catalog/pg_ts_template.h'.
     Trying pattern rule with stem `generate-lwlocknames.pl.f'.
     Trying pattern rule with stem `generate-wait_event_types.pl.m'.
    Trying implicit prerequisite `../../../src/include/catalog/pg_proc.dat.r'.
   Looking for an implicit rule for `../../../src/include/catalog/pg_extension.h'.
     Trying implicit prerequisite `generate-wait_event_types.pl.m,v'.
   Trying pattern rule with stem `pg_extension.h'.
     Trying pattern rule with stem `generate-wait_event_types.pl.m'.
   Considering target file `../../../src/include/access/sdir.h'.
     Trying implicit prerequisite `generate-lwlocknames.pl.f,v'.
    Trying pattern rule with stem `pg_proc.dat'.
     Trying implicit prerequisite `RCS/generate-wait_event_types.pl.m,v'.
    Finished prerequisites of target file `../../../src/include/access/sdir.h'.
    Trying implicit prerequisite `../../../src/include/catalog/pg_proc.dat.s'.
     Trying pattern rule with stem `generate-lwlocknames.pl.f'.
     Trying pattern rule with stem `generate-wait_event_types.pl.m'.
     Trying implicit prerequisite `RCS/generate-lwlocknames.pl.f,v'.
   Trying implicit prerequisite `../../../src/include/catalog/pg_extension.h,v'.
   No need to remake target `../../../src/include/access/sdir.h'.
    Trying pattern rule with stem `pg_proc.dat'.
     Trying implicit prerequisite `RCS/generate-wait_event_types.pl.m'.
   Trying pattern rule with stem `pg_extension.h'.
     Trying pattern rule with stem `generate-lwlocknames.pl.f'.
   Considering target file `../../../src/include/access/tableam.h'.
    Trying implicit prerequisite `../../../src/include/catalog/pg_proc.dat.S'.
     Trying implicit prerequisite `RCS/generate-lwlocknames.pl.f'.
    Trying pattern rule with stem `pg_proc.dat'.
   Trying implicit prerequisite `../../../src/include/catalog/RCS/pg_extension.h,v'.
    Finished prerequisites of target file `../../../src/include/access/tableam.h'.
     Trying pattern rule with stem `generate-wait_event_types.pl.m'.
   No need to remake target `../../../src/include/access/tableam.h'.
     Trying implicit prerequisite `s.generate-wait_event_types.pl.m'.
   Trying pattern rule with stem `pg_extension.h'.
   Considering target file `../../../src/include/access/tsmapi.h'.
     Trying pattern rule with stem `generate-lwlocknames.pl.f'.
    Trying implicit prerequisite `../../../src/include/catalog/pg_proc.dat.mod'.
     Trying implicit prerequisite `s.generate-lwlocknames.pl.f'.
    Finished prerequisites of target file `../../../src/include/access/tsmapi.h'.
    Trying pattern rule with stem `pg_proc.dat'.
   Trying implicit prerequisite `../../../src/include/catalog/RCS/pg_extension.h'.
    Trying implicit prerequisite `../../../src/include/catalog/pg_proc.dat.sh'.
   Trying pattern rule with stem `pg_extension.h'.
     Trying pattern rule with stem `generate-wait_event_types.pl.m'.
   Trying implicit prerequisite `../../../src/include/catalog/s.pg_extension.h'.
   No need to remake target `../../../src/include/access/tsmapi.h'.
     Trying pattern rule with stem `generate-lwlocknames.pl.f'.
     Trying implicit prerequisite `SCCS/s.generate-wait_event_types.pl.m'.
    Trying pattern rule with stem `pg_proc.dat'.
   Trying pattern rule with stem `pg_extension.h'.
    Trying implicit prerequisite `../../../src/include/catalog/pg_proc.dat,v'.
   Trying implicit prerequisite `../../../src/include/catalog/SCCS/s.pg_extension.h'.
    Trying pattern rule with stem `pg_proc.dat'.
     Trying implicit prerequisite `SCCS/s.generate-lwlocknames.pl.f'.
   No implicit rule found for `../../../src/include/catalog/pg_extension.h'.
     Trying pattern rule with stem `generate-wait_event_types.pl'.
     Trying pattern rule with stem `generate-lwlocknames.pl'.
     Trying implicit prerequisite `generate-wait_event_types.pl.ym'.
   Considering target file `../../../src/include/commands/event_trigger.h'.
     Trying implicit prerequisite `generate-lwlocknames.pl.F'.
     Looking for a rule with intermediate file `generate-wait_event_types.pl.ym'.
   Looking for an implicit rule for `../../../src/include/catalog/pg_foreign_data_wrapper.h'.
     Looking for a rule with intermediate file `generate-lwlocknames.pl.F'.
    Trying implicit prerequisite `../../../src/include/catalog/RCS/pg_proc.dat,v'.
    Finished prerequisites of target file `../../../src/include/commands/event_trigger.h'.
   Trying pattern rule with stem `pg_foreign_data_wrapper.h'.
      Avoiding implicit rule recursion.
   Trying implicit prerequisite `../../../src/include/catalog/pg_foreign_data_wrapper.h,v'.
   No need to remake target `../../../src/include/commands/event_trigger.h'.
      Avoiding implicit rule recursion.
      Avoiding implicit rule recursion.
   Trying pattern rule with stem `pg_foreign_data_wrapper.h'.
      Avoiding implicit rule recursion.
    Trying pattern rule with stem `pg_proc.dat'.
   Considering target file `../../../src/include/commands/trigger.h'.
    Trying implicit prerequisite `../../../src/include/catalog/RCS/pg_proc.dat'.
      Trying pattern rule with stem `generate-lwlocknames.pl.F'.
      Avoiding implicit rule recursion.
    Trying pattern rule with stem `pg_proc.dat'.
      Trying implicit prerequisite `generate-lwlocknames.pl.F,v'.
    Trying implicit prerequisite `../../../src/include/catalog/s.pg_proc.dat'.
      Avoiding implicit rule recursion.
    Finished prerequisites of target file `../../../src/include/commands/trigger.h'.
    Trying pattern rule with stem `pg_proc.dat'.
      Trying pattern rule with stem `generate-wait_event_types.pl.ym'.
    Trying implicit prerequisite `../../../src/include/catalog/SCCS/s.pg_proc.dat'.
   Trying implicit prerequisite `../../../src/include/catalog/RCS/pg_foreign_data_wrapper.h,v'.
   No need to remake target `../../../src/include/commands/trigger.h'.
    Trying pattern rule with stem `pg_proc.dat'.
      Trying implicit prerequisite `generate-wait_event_types.pl.ym,v'.
   Considering target file `../../../src/include/executor/tuptable.h'.
   Trying pattern rule with stem `pg_foreign_data_wrapper.h'.
      Trying pattern rule with stem `generate-wait_event_types.pl.ym'.
      Trying pattern rule with stem `generate-lwlocknames.pl.F'.
    Finished prerequisites of target file `../../../src/include/executor/tuptable.h'.
      Trying implicit prerequisite `RCS/generate-lwlocknames.pl.F,v'.
      Trying implicit prerequisite `RCS/generate-wait_event_types.pl.ym,v'.
   No need to remake target `../../../src/include/executor/tuptable.h'.
      Trying pattern rule with stem `generate-lwlocknames.pl.F'.
   Trying implicit prerequisite `../../../src/include/catalog/RCS/pg_foreign_data_wrapper.h'.
    Trying implicit prerequisite `../../../src/include/catalog/pg_proc.dat.o'.
   Considering target file `../../../src/include/foreign/fdwapi.h'.
      Trying implicit prerequisite `RCS/generate-lwlocknames.pl.F'.
    Finished prerequisites of target file `../../../src/include/foreign/fdwapi.h'.
   Trying pattern rule with stem `pg_foreign_data_wrapper.h'.
      Trying pattern rule with stem `generate-wait_event_types.pl.ym'.
      Trying pattern rule with stem `generate-lwlocknames.pl.F'.
   No need to remake target `../../../src/include/foreign/fdwapi.h'.
      Trying implicit prerequisite `RCS/generate-wait_event_types.pl.ym'.
    Looking for a rule with intermediate file `../../../src/include/catalog/pg_proc.dat.o'.
      Trying implicit prerequisite `s.generate-lwlocknames.pl.F'.
   Considering target file `../../../src/include/nodes/bitmapset.h'.
      Trying pattern rule with stem `generate-lwlocknames.pl.F'.
   Trying implicit prerequisite `../../../src/include/catalog/s.pg_foreign_data_wrapper.h'.
      Trying implicit prerequisite `SCCS/s.generate-lwlocknames.pl.F'.
   Trying pattern rule with stem `pg_foreign_data_wrapper.h'.
     Avoiding implicit rule recursion.
      Trying pattern rule with stem `generate-wait_event_types.pl.ym'.
     Trying pattern rule with stem `pg_proc.dat'.
     Trying pattern rule with stem `generate-lwlocknames.pl'.
     Trying implicit prerequisite `../../../src/include/catalog/pg_proc.dat.c'.
     Trying implicit prerequisite `generate-lwlocknames.pl.r'.
   Trying implicit prerequisite `../../../src/include/catalog/SCCS/s.pg_foreign_data_wrapper.h'.
      Trying implicit prerequisite `s.generate-wait_event_types.pl.ym'.
     Trying pattern rule with stem `pg_proc.dat'.
    Finished prerequisites of target file `../../../src/include/nodes/bitmapset.h'.
      Trying pattern rule with stem `generate-wait_event_types.pl.ym'.
   No implicit rule found for `../../../src/include/catalog/pg_foreign_data_wrapper.h'.
   No need to remake target `../../../src/include/nodes/bitmapset.h'.
     Trying implicit prerequisite `../../../src/include/catalog/pg_proc.dat.cc'.
     Looking for a rule with intermediate file `generate-lwlocknames.pl.r'.
   Looking for an implicit rule for `../../../src/include/catalog/pg_foreign_server.h'.
      Avoiding implicit rule recursion.
      Trying implicit prerequisite `SCCS/s.generate-wait_event_types.pl.ym'.
   Trying pattern rule with stem `pg_foreign_server.h'.
     Trying pattern rule with stem `pg_proc.dat'.
   Trying implicit prerequisite `../../../src/include/catalog/pg_foreign_server.h,v'.
     Trying implicit prerequisite `../../../src/include/catalog/pg_proc.dat.C'.
   Trying pattern rule with stem `pg_foreign_server.h'.
   Considering target file `../../../src/include/nodes/extensible.h'.
      Avoiding implicit rule recursion.
     Trying pattern rule with stem `pg_proc.dat'.
   Trying implicit prerequisite `../../../src/include/catalog/RCS/pg_foreign_server.h,v'.
     Trying implicit prerequisite `../../../src/include/catalog/pg_proc.dat.cpp'.
    Finished prerequisites of target file `../../../src/include/nodes/extensible.h'.
   Trying pattern rule with stem `pg_foreign_server.h'.
      Avoiding implicit rule recursion.
     Trying pattern rule with stem `generate-wait_event_types.pl'.
   Trying implicit prerequisite `../../../src/include/catalog/RCS/pg_foreign_server.h'.
   No need to remake target `../../../src/include/nodes/extensible.h'.
     Trying pattern rule with stem `pg_proc.dat'.
   Trying pattern rule with stem `pg_foreign_server.h'.
   Considering target file `../../../src/include/nodes/lockoptions.h'.
     Trying implicit prerequisite `../../../src/include/catalog/pg_proc.dat.p'.
     Trying implicit prerequisite `generate-wait_event_types.pl.lm'.
     Trying pattern rule with stem `pg_proc.dat'.
    Finished prerequisites of target file `../../../src/include/nodes/lockoptions.h'.
     Looking for a rule with intermediate file `generate-wait_event_types.pl.lm'.
   Trying implicit prerequisite `../../../src/include/catalog/s.pg_foreign_server.h'.
   No need to remake target `../../../src/include/nodes/lockoptions.h'.
      Avoiding implicit rule recursion.
      Trying pattern rule with stem `generate-lwlocknames.pl'.
   Trying pattern rule with stem `pg_foreign_server.h'.
   Considering target file `../../../src/include/nodes/miscnodes.h'.
      Rejecting impossible implicit prerequisite `generate-lwlocknames.pl.l'.
     Trying implicit prerequisite `../../../src/include/catalog/pg_proc.dat.f'.
   Trying implicit prerequisite `../../../src/include/catalog/SCCS/s.pg_foreign_server.h'.
      Trying pattern rule with stem `generate-lwlocknames.pl.r'.
   No implicit rule found for `../../../src/include/catalog/pg_foreign_server.h'.
      Avoiding implicit rule recursion.
   Looking for an implicit rule for `../../../src/include/catalog/pg_user_mapping.h'.
     Trying pattern rule with stem `pg_proc.dat'.
   Trying pattern rule with stem `pg_user_mapping.h'.
      Trying implicit prerequisite `generate-lwlocknames.pl.r,v'.
     Trying implicit prerequisite `../../../src/include/catalog/pg_proc.dat.F'.
      Trying pattern rule with stem `generate-lwlocknames.pl.r'.
     Trying pattern rule with stem `pg_proc.dat'.
      Trying implicit prerequisite `RCS/generate-lwlocknames.pl.r,v'.
     Trying implicit prerequisite `../../../src/include/catalog/pg_proc.dat.m'.
   Trying implicit prerequisite `../../../src/include/catalog/pg_user_mapping.h,v'.
    Finished prerequisites of target file `../../../src/include/nodes/miscnodes.h'.
      Avoiding implicit rule recursion.
   Trying pattern rule with stem `pg_user_mapping.h'.
      Trying pattern rule with stem `generate-lwlocknames.pl.r'.
      Trying pattern rule with stem `generate-wait_event_types.pl.lm'.
   Trying implicit prerequisite `../../../src/include/catalog/RCS/pg_user_mapping.h,v'.
     Trying pattern rule with stem `pg_proc.dat'.
      Trying implicit prerequisite `generate-wait_event_types.pl.lm,v'.
     Trying implicit prerequisite `../../../src/include/catalog/pg_proc.dat.r'.
   Trying pattern rule with stem `pg_user_mapping.h'.
      Trying pattern rule with stem `generate-wait_event_types.pl.lm'.
     Trying pattern rule with stem `pg_proc.dat'.
   No need to remake target `../../../src/include/nodes/miscnodes.h'.
   Trying implicit prerequisite `../../../src/include/catalog/RCS/pg_user_mapping.h'.
     Trying implicit prerequisite `../../../src/include/catalog/pg_proc.dat.s'.
      Trying implicit prerequisite `RCS/generate-lwlocknames.pl.r'.
   Considering target file `../../../src/include/nodes/replnodes.h'.
      Trying implicit prerequisite `RCS/generate-wait_event_types.pl.lm,v'.
     Trying pattern rule with stem `pg_proc.dat'.
   Trying pattern rule with stem `pg_user_mapping.h'.
     Trying implicit prerequisite `../../../src/include/catalog/pg_proc.dat.S'.
      Trying pattern rule with stem `generate-lwlocknames.pl.r'.
   Trying implicit prerequisite `../../../src/include/catalog/s.pg_user_mapping.h'.
    Finished prerequisites of target file `../../../src/include/nodes/replnodes.h'.
      Trying pattern rule with stem `generate-wait_event_types.pl.lm'.
     Trying pattern rule with stem `pg_proc.dat'.
   No need to remake target `../../../src/include/nodes/replnodes.h'.
      Trying implicit prerequisite `s.generate-lwlocknames.pl.r'.
   Trying pattern rule with stem `pg_user_mapping.h'.
     Trying implicit prerequisite `../../../src/include/catalog/pg_proc.dat.mod'.
      Trying implicit prerequisite `RCS/generate-wait_event_types.pl.lm'.
      Trying pattern rule with stem `generate-lwlocknames.pl.r'.
   Trying implicit prerequisite `../../../src/include/catalog/SCCS/s.pg_user_mapping.h'.
     Trying pattern rule with stem `pg_proc.dat.o'.
      Trying implicit prerequisite `SCCS/s.generate-lwlocknames.pl.r'.
     Trying implicit prerequisite `../../../src/include/catalog/pg_proc.dat.o,v'.
    Trying pattern rule with stem `generate-lwlocknames.pl'.
   No implicit rule found for `../../../src/include/catalog/pg_user_mapping.h'.
     Trying pattern rule with stem `pg_proc.dat.o'.
   Considering target file `../../../src/include/nodes/supportnodes.h'.
   Looking for an implicit rule for `../../../src/include/catalog/pg_foreign_table.h'.
     Trying implicit prerequisite `../../../src/include/catalog/RCS/pg_proc.dat.o,v'.
    Rejecting impossible implicit prerequisite `generate-lwlocknames.pl.F'.
     Trying pattern rule with stem `pg_proc.dat.o'.
   Trying pattern rule with stem `pg_foreign_table.h'.
    Finished prerequisites of target file `../../../src/include/nodes/supportnodes.h'.
    Trying pattern rule with stem `generate-lwlocknames.pl'.
   Trying implicit prerequisite `../../../src/include/catalog/pg_foreign_table.h,v'.
    Trying implicit prerequisite `generate-lwlocknames.pl.m'.
      Trying pattern rule with stem `generate-wait_event_types.pl.lm'.
   No need to remake target `../../../src/include/nodes/supportnodes.h'.
     Trying implicit prerequisite `../../../src/include/catalog/RCS/pg_proc.dat.o'.
   Trying pattern rule with stem `pg_foreign_table.h'.
   Considering target file `../../../src/include/nodes/value.h'.
   Trying implicit prerequisite `../../../src/include/catalog/RCS/pg_foreign_table.h,v'.
    Looking for a rule with intermediate file `generate-lwlocknames.pl.m'.
      Trying implicit prerequisite `s.generate-wait_event_types.pl.lm'.
   Trying pattern rule with stem `pg_foreign_table.h'.
     Avoiding implicit rule recursion.
    Finished prerequisites of target file `../../../src/include/nodes/value.h'.
      Trying pattern rule with stem `generate-wait_event_types.pl.lm'.
   Trying implicit prerequisite `../../../src/include/catalog/RCS/pg_foreign_table.h'.
      Trying implicit prerequisite `SCCS/s.generate-wait_event_types.pl.lm'.
   Trying pattern rule with stem `pg_foreign_table.h'.
     Avoiding implicit rule recursion.
     Trying pattern rule with stem `pg_proc.dat.o'.
    Trying pattern rule with stem `generate-wait_event_types.pl'.
     Trying pattern rule with stem `generate-lwlocknames.pl'.
     Trying implicit prerequisite `../../../src/include/catalog/s.pg_proc.dat.o'.
    Rejecting impossible implicit prerequisite `generate-wait_event_types.pl.r'.
     Trying implicit prerequisite `generate-lwlocknames.pl.ym'.
   No need to remake target `../../../src/include/nodes/value.h'.
     Trying pattern rule with stem `generate-lwlocknames.pl'.
   Trying implicit prerequisite `../../../src/include/catalog/s.pg_foreign_table.h'.
     Trying pattern rule with stem `pg_proc.dat.o'.
   Trying pattern rule with stem `pg_foreign_table.h'.
     Trying implicit prerequisite `generate-lwlocknames.pl.lm'.
    Trying pattern rule with stem `generate-wait_event_types.pl'.
   Considering target file `../../../src/include/utils/rel.h'.
     Trying pattern rule with stem `generate-lwlocknames.pl.m'.
   Trying implicit prerequisite `../../../src/include/catalog/SCCS/s.pg_foreign_table.h'.
     Trying implicit prerequisite `generate-lwlocknames.pl.m,v'.
   No implicit rule found for `../../../src/include/catalog/pg_foreign_table.h'.
    Trying implicit prerequisite `generate-wait_event_types.pl.s'.
    Finished prerequisites of target file `../../../src/include/utils/rel.h'.
     Trying pattern rule with stem `generate-lwlocknames.pl.m'.
    Looking for a rule with intermediate file `generate-wait_event_types.pl.s'.
     Trying implicit prerequisite `RCS/generate-lwlocknames.pl.m,v'.
     Trying implicit prerequisite `../../../src/include/catalog/SCCS/s.pg_proc.dat.o'.
   No need to remake target `../../../src/include/utils/rel.h'.
     Trying pattern rule with stem `pg_proc.dat'.
     Trying pattern rule with stem `generate-lwlocknames.pl.m'.
   Finished prerequisites of target file `node-support-stamp'.
     Trying implicit prerequisite `RCS/generate-lwlocknames.pl.m'.
     Avoiding implicit rule recursion.
  Must remake target `node-support-stamp'.
   Looking for an implicit rule for `../../../src/include/catalog/pg_policy.h'.
     Avoiding implicit rule recursion.
     Trying pattern rule with stem `generate-lwlocknames.pl.m'.
     Trying implicit prerequisite `../../../src/include/catalog/pg_proc.dat.c'.
   Trying pattern rule with stem `pg_policy.h'.
     Trying pattern rule with stem `generate-wait_event_types.pl'.
   Trying implicit prerequisite `../../../src/include/catalog/pg_policy.h,v'.
Need a job token; we don't have children
     Looking for a rule with intermediate file `../../../src/include/catalog/pg_proc.dat.c'.
     Trying implicit prerequisite `s.generate-lwlocknames.pl.m'.
      Avoiding implicit rule recursion.
'/usr/bin/perl' gen_node_support.pl ../../../src/include/nodes/nodes.h ../../../src/include/nodes/primnodes.h ../../../src/include/nodes/parsenodes.h ../../../src/include/nodes/pathnodes.h ../../../src/include/nodes/plannodes.h ../../../src/include/nodes/execnodes.h ../../../src/include/access/amapi.h ../../../src/include/access/sdir.h ../../../src/include/access/tableam.h ../../../src/include/access/tsmapi.h ../../../src/include/commands/event_trigger.h ../../../src/include/commands/trigger.h ../../../src/include/executor/tuptable.h ../../../src/include/foreign/fdwapi.h ../../../src/include/nodes/bitmapset.h ../../../src/include/nodes/extensible.h ../../../src/include/nodes/lockoptions.h ../../../src/include/nodes/miscnodes.h ../../../src/include/nodes/replnodes.h ../../../src/include/nodes/supportnodes.h ../../../src/include/nodes/value.h ../../../src/include/utils/rel.h
     Trying implicit prerequisite `generate-wait_event_types.pl.S'.
     Trying pattern rule with stem `generate-wait_event_types.pl.s'.
     Trying implicit prerequisite `generate-wait_event_types.pl.s,v'.
     Trying pattern rule with stem `generate-lwlocknames.pl.m'.
     Trying pattern rule with stem `generate-wait_event_types.pl.s'.
     Trying implicit prerequisite `SCCS/s.generate-lwlocknames.pl.m'.
      Avoiding implicit rule recursion.
   Trying pattern rule with stem `pg_policy.h'.
      Trying pattern rule with stem `pg_proc.dat'.
     Trying implicit prerequisite `RCS/generate-wait_event_types.pl.s,v'.
     Trying pattern rule with stem `generate-lwlocknames.pl'.
   Trying implicit prerequisite `../../../src/include/catalog/RCS/pg_policy.h,v'.
      Trying implicit prerequisite `../../../src/include/catalog/pg_proc.dat.l'.
     Trying implicit prerequisite `generate-lwlocknames.pl.ym'.
   Trying pattern rule with stem `pg_policy.h'.
     Trying pattern rule with stem `generate-wait_event_types.pl.s'.
      Trying pattern rule with stem `pg_proc.dat'.
     Looking for a rule with intermediate file `generate-lwlocknames.pl.ym'.
   Trying implicit prerequisite `../../../src/include/catalog/RCS/pg_policy.h'.
      Trying implicit prerequisite `../../../src/include/catalog/pg_proc.dat.y'.
      Avoiding implicit rule recursion.
     Trying implicit prerequisite `RCS/generate-wait_event_types.pl.s'.
      Trying pattern rule with stem `pg_proc.dat'.
   Trying pattern rule with stem `pg_policy.h'.
     Trying pattern rule with stem `generate-wait_event_types.pl.s'.
      Avoiding implicit rule recursion.
      Trying implicit prerequisite `../../../src/include/catalog/pg_proc.dat.w'.
     Trying implicit prerequisite `s.generate-wait_event_types.pl.s'.
   Trying implicit prerequisite `../../../src/include/catalog/s.pg_policy.h'.
      Avoiding implicit rule recursion.
      Trying pattern rule with stem `pg_proc.dat'.
   Trying pattern rule with stem `pg_policy.h'.
      Trying implicit prerequisite `../../../src/include/catalog/pg_proc.dat.w'.
     Trying pattern rule with stem `generate-wait_event_types.pl.s'.
   Trying implicit prerequisite `../../../src/include/catalog/SCCS/s.pg_policy.h'.
      Trying pattern rule with stem `pg_proc.dat.c'.
      Trying pattern rule with stem `generate-lwlocknames.pl.ym'.
     Trying implicit prerequisite `SCCS/s.generate-wait_event_types.pl.s'.
   No implicit rule found for `../../../src/include/catalog/pg_policy.h'.
      Trying implicit prerequisite `generate-lwlocknames.pl.ym,v'.
   Looking for an implicit rule for `../../../src/include/catalog/pg_replication_origin.h'.
     Trying pattern rule with stem `generate-wait_event_types.pl'.
      Trying implicit prerequisite `../../../src/include/catalog/pg_proc.dat.c,v'.
   Trying pattern rule with stem `pg_replication_origin.h'.
      Trying pattern rule with stem `generate-lwlocknames.pl.ym'.
      Trying pattern rule with stem `pg_proc.dat.c'.
     Trying implicit prerequisite `generate-wait_event_types.pl.S'.
   Trying implicit prerequisite `../../../src/include/catalog/pg_replication_origin.h,v'.
      Trying implicit prerequisite `RCS/generate-lwlocknames.pl.ym,v'.
      Trying implicit prerequisite `../../../src/include/catalog/RCS/pg_proc.dat.c,v'.
   Trying pattern rule with stem `pg_replication_origin.h'.
      Trying pattern rule with stem `generate-lwlocknames.pl.ym'.
     Looking for a rule with intermediate file `generate-wait_event_types.pl.S'.
      Trying pattern rule with stem `pg_proc.dat.c'.
      Trying implicit prerequisite `RCS/generate-lwlocknames.pl.ym'.
      Avoiding implicit rule recursion.
   Trying implicit prerequisite `../../../src/include/catalog/RCS/pg_replication_origin.h,v'.
      Trying implicit prerequisite `../../../src/include/catalog/RCS/pg_proc.dat.c'.
      Avoiding implicit rule recursion.
   Trying pattern rule with stem `pg_replication_origin.h'.
      Trying pattern rule with stem `pg_proc.dat.c'.
      Trying pattern rule with stem `generate-lwlocknames.pl.ym'.
Putting child 0x13ce07ae0 (node-support-stamp) PID 93739 on the chain.
      Avoiding implicit rule recursion.
      Trying implicit prerequisite `../../../src/include/catalog/s.pg_proc.dat.c'.
      Trying implicit prerequisite `s.generate-lwlocknames.pl.ym'.
      Trying pattern rule with stem `generate-lwlocknames.pl.ym'.
  Commands of `node-support-stamp' are being run.
      Trying pattern rule with stem `generate-wait_event_types.pl.S'.
      Trying pattern rule with stem `pg_proc.dat.c'.
   Trying implicit prerequisite `../../../src/include/catalog/RCS/pg_replication_origin.h'.
      Trying implicit prerequisite `SCCS/s.generate-lwlocknames.pl.ym'.
      Trying implicit prerequisite `generate-wait_event_types.pl.S,v'.
      Trying implicit prerequisite `../../../src/include/catalog/SCCS/s.pg_proc.dat.c'.
  Finished prerequisites of target file `../../../src/include/nodes/header-stamp'.
     Trying pattern rule with stem `generate-lwlocknames.pl'.
   Trying pattern rule with stem `pg_replication_origin.h'.
      Trying pattern rule with stem `pg_proc.dat'.
 The prerequisites of `../../../src/include/nodes/header-stamp' are being made.
      Trying implicit prerequisite `../../../src/include/catalog/pg_proc.dat.l'.
     Trying implicit prerequisite `generate-lwlocknames.pl.lm'.
 Finished prerequisites of target file `generated-header-symlinks'.
      Looking for a rule with intermediate file `../../../src/include/catalog/pg_proc.dat.l'.
     Looking for a rule with intermediate file `generate-lwlocknames.pl.lm'.
      Trying pattern rule with stem `generate-wait_event_types.pl.S'.
The prerequisites of `generated-header-symlinks' are being made.
   Trying implicit prerequisite `../../../src/include/catalog/s.pg_replication_origin.h'.
       Avoiding implicit rule recursion.
      Avoiding implicit rule recursion.
Live child 0x13ce07ae0 (node-support-stamp) PID 93739 
   Trying pattern rule with stem `pg_replication_origin.h'.
       Avoiding implicit rule recursion.
      Trying implicit prerequisite `RCS/generate-wait_event_types.pl.S,v'.
   Trying implicit prerequisite `../../../src/include/catalog/SCCS/s.pg_replication_origin.h'.
       Avoiding implicit rule recursion.
      Avoiding implicit rule recursion.
      Trying pattern rule with stem `generate-wait_event_types.pl.S'.
       Trying pattern rule with stem `pg_proc.dat.l'.
      Avoiding implicit rule recursion.
   No implicit rule found for `../../../src/include/catalog/pg_replication_origin.h'.
      Trying implicit prerequisite `RCS/generate-wait_event_types.pl.S'.
      Trying pattern rule with stem `generate-wait_event_types.pl.S'.
       Trying implicit prerequisite `../../../src/include/catalog/pg_proc.dat.l,v'.
      Trying pattern rule with stem `generate-lwlocknames.pl.lm'.
   Looking for an implicit rule for `../../../src/include/catalog/pg_default_acl.h'.
      Trying implicit prerequisite `generate-lwlocknames.pl.lm,v'.
      Trying implicit prerequisite `s.generate-wait_event_types.pl.S'.
   Trying pattern rule with stem `pg_default_acl.h'.
       Trying pattern rule with stem `pg_proc.dat.l'.
      Trying pattern rule with stem `generate-wait_event_types.pl.S'.
      Trying pattern rule with stem `generate-lwlocknames.pl.lm'.
   Trying implicit prerequisite `../../../src/include/catalog/pg_default_acl.h,v'.
       Trying implicit prerequisite `../../../src/include/catalog/RCS/pg_proc.dat.l,v'.
      Trying implicit prerequisite `RCS/generate-lwlocknames.pl.lm,v'.
      Trying pattern rule with stem `generate-lwlocknames.pl.lm'.
      Trying implicit prerequisite `RCS/generate-lwlocknames.pl.lm'.
      Trying pattern rule with stem `generate-lwlocknames.pl.lm'.
       Trying pattern rule with stem `pg_proc.dat.l'.
      Trying implicit prerequisite `SCCS/s.generate-wait_event_types.pl.S'.
       Trying implicit prerequisite `../../../src/include/catalog/RCS/pg_proc.dat.l'.
      Trying implicit prerequisite `s.generate-lwlocknames.pl.lm'.
   Trying pattern rule with stem `pg_default_acl.h'.
    Trying pattern rule with stem `generate-wait_event_types.pl'.
       Trying pattern rule with stem `pg_proc.dat.l'.
   Trying implicit prerequisite `../../../src/include/catalog/RCS/pg_default_acl.h,v'.
    Rejecting impossible implicit prerequisite `generate-wait_event_types.pl.S'.
       Trying implicit prerequisite `../../../src/include/catalog/s.pg_proc.dat.l'.
   Trying pattern rule with stem `pg_default_acl.h'.
      Trying pattern rule with stem `generate-lwlocknames.pl.lm'.
    Trying pattern rule with stem `generate-wait_event_types.pl'.
       Trying pattern rule with stem `pg_proc.dat.l'.
   Trying implicit prerequisite `../../../src/include/catalog/RCS/pg_default_acl.h'.
      Trying implicit prerequisite `SCCS/s.generate-lwlocknames.pl.lm'.
       Trying implicit prerequisite `../../../src/include/catalog/SCCS/s.pg_proc.dat.l'.
    Trying pattern rule with stem `generate-lwlocknames.pl'.
      Trying pattern rule with stem `pg_proc.dat'.
   Trying pattern rule with stem `pg_default_acl.h'.
    Trying implicit prerequisite `generate-wait_event_types.pl.mod'.
    Rejecting impossible implicit prerequisite `generate-lwlocknames.pl.r'.
   Trying implicit prerequisite `../../../src/include/catalog/s.pg_default_acl.h'.
    Looking for a rule with intermediate file `generate-wait_event_types.pl.mod'.
   Trying pattern rule with stem `pg_default_acl.h'.
      Trying implicit prerequisite `../../../src/include/catalog/pg_proc.dat.y'.
    Trying pattern rule with stem `generate-lwlocknames.pl'.
   Trying implicit prerequisite `../../../src/include/catalog/SCCS/s.pg_default_acl.h'.
      Looking for a rule with intermediate file `../../../src/include/catalog/pg_proc.dat.y'.
    Trying implicit prerequisite `generate-lwlocknames.pl.s'.
   No implicit rule found for `../../../src/include/catalog/pg_default_acl.h'.
     Avoiding implicit rule recursion.
   Looking for an implicit rule for `../../../src/include/catalog/pg_init_privs.h'.
    Looking for a rule with intermediate file `generate-lwlocknames.pl.s'.
     Avoiding implicit rule recursion.
   Trying pattern rule with stem `pg_init_privs.h'.
       Avoiding implicit rule recursion.
     Avoiding implicit rule recursion.
   Trying implicit prerequisite `../../../src/include/catalog/pg_init_privs.h,v'.
       Avoiding implicit rule recursion.
     Trying pattern rule with stem `generate-wait_event_types.pl.mod'.
   Trying pattern rule with stem `pg_init_privs.h'.
       Avoiding implicit rule recursion.
     Avoiding implicit rule recursion.
     Trying implicit prerequisite `generate-wait_event_types.pl.mod,v'.
       Trying pattern rule with stem `pg_proc.dat.y'.
     Trying pattern rule with stem `generate-lwlocknames.pl'.
       Trying implicit prerequisite `../../../src/include/catalog/pg_proc.dat.y,v'.
   Trying implicit prerequisite `../../../src/include/catalog/RCS/pg_init_privs.h,v'.
     Trying pattern rule with stem `generate-wait_event_types.pl.mod'.
     Trying implicit prerequisite `generate-lwlocknames.pl.S'.
       Trying pattern rule with stem `pg_proc.dat.y'.
     Trying implicit prerequisite `RCS/generate-wait_event_types.pl.mod,v'.
     Trying pattern rule with stem `generate-lwlocknames.pl.s'.
   Trying pattern rule with stem `pg_init_privs.h'.
     Trying implicit prerequisite `generate-lwlocknames.pl.s,v'.
       Trying implicit prerequisite `../../../src/include/catalog/RCS/pg_proc.dat.y,v'.
   Trying implicit prerequisite `../../../src/include/catalog/RCS/pg_init_privs.h'.
     Trying pattern rule with stem `generate-lwlocknames.pl.s'.
     Trying pattern rule with stem `generate-wait_event_types.pl.mod'.
       Trying pattern rule with stem `pg_proc.dat.y'.
   Trying pattern rule with stem `pg_init_privs.h'.
       Trying implicit prerequisite `../../../src/include/catalog/RCS/pg_proc.dat.y'.
     Trying implicit prerequisite `RCS/generate-lwlocknames.pl.s,v'.
   Trying implicit prerequisite `../../../src/include/catalog/s.pg_init_privs.h'.
       Trying pattern rule with stem `pg_proc.dat.y'.
     Trying implicit prerequisite `RCS/generate-wait_event_types.pl.mod'.
     Trying pattern rule with stem `generate-lwlocknames.pl.s'.
       Trying implicit prerequisite `../../../src/include/catalog/s.pg_proc.dat.y'.
     Trying implicit prerequisite `RCS/generate-lwlocknames.pl.s'.
   Trying pattern rule with stem `pg_init_privs.h'.
       Trying pattern rule with stem `pg_proc.dat.y'.
     Trying pattern rule with stem `generate-lwlocknames.pl.s'.
     Trying pattern rule with stem `generate-wait_event_types.pl.mod'.
   Trying implicit prerequisite `../../../src/include/catalog/SCCS/s.pg_init_privs.h'.
       Trying implicit prerequisite `../../../src/include/catalog/SCCS/s.pg_proc.dat.y'.
     Trying implicit prerequisite `s.generate-lwlocknames.pl.s'.
     Trying implicit prerequisite `s.generate-wait_event_types.pl.mod'.
      Trying pattern rule with stem `pg_proc.dat'.
     Trying pattern rule with stem `generate-lwlocknames.pl.s'.
      Trying implicit prerequisite `../../../src/include/catalog/pg_proc.dat.w'.
   No implicit rule found for `../../../src/include/catalog/pg_init_privs.h'.
     Trying implicit prerequisite `SCCS/s.generate-lwlocknames.pl.s'.
     Trying pattern rule with stem `generate-lwlocknames.pl'.
      Looking for a rule with intermediate file `../../../src/include/catalog/pg_proc.dat.w'.
     Trying pattern rule with stem `generate-wait_event_types.pl.mod'.
   Looking for an implicit rule for `../../../src/include/catalog/pg_seclabel.h'.
     Trying implicit prerequisite `SCCS/s.generate-wait_event_types.pl.mod'.
     Trying implicit prerequisite `generate-lwlocknames.pl.S'.
       Avoiding implicit rule recursion.
   Trying pattern rule with stem `generate-wait_event_types.pl'.
   Trying pattern rule with stem `pg_seclabel.h'.
       Avoiding implicit rule recursion.
     Looking for a rule with intermediate file `generate-lwlocknames.pl.S'.
   Rejecting impossible implicit prerequisite `generate-wait_event_types.pl.cc'.
   Trying implicit prerequisite `../../../src/include/catalog/pg_seclabel.h,v'.
      Avoiding implicit rule recursion.
   Trying pattern rule with stem `generate-wait_event_types.pl'.
       Avoiding implicit rule recursion.
   Trying pattern rule with stem `pg_seclabel.h'.
   Rejecting impossible implicit prerequisite `generate-wait_event_types.pl.C'.
       Trying pattern rule with stem `pg_proc.dat.w'.
   Trying implicit prerequisite `../../../src/include/catalog/RCS/pg_seclabel.h,v'.
   Trying pattern rule with stem `generate-wait_event_types.pl'.
       Trying implicit prerequisite `../../../src/include/catalog/pg_proc.dat.w,v'.
   Trying pattern rule with stem `pg_seclabel.h'.
      Avoiding implicit rule recursion.
   Trying implicit prerequisite `../../../src/include/catalog/RCS/pg_seclabel.h'.
       Trying pattern rule with stem `pg_proc.dat.w'.
   Rejecting impossible implicit prerequisite `generate-wait_event_types.pl.cpp'.
   Trying pattern rule with stem `pg_seclabel.h'.
       Trying implicit prerequisite `../../../src/include/catalog/RCS/pg_proc.dat.w,v'.
   Trying implicit prerequisite `../../../src/include/catalog/s.pg_seclabel.h'.
      Avoiding implicit rule recursion.
       Trying pattern rule with stem `pg_proc.dat.w'.
   Trying pattern rule with stem `generate-wait_event_types.pl'.
      Trying pattern rule with stem `generate-lwlocknames.pl.S'.
       Trying implicit prerequisite `../../../src/include/catalog/RCS/pg_proc.dat.w'.
   Rejecting impossible implicit prerequisite `generate-wait_event_types.pl.p'.
   Trying pattern rule with stem `pg_seclabel.h'.
      Trying implicit prerequisite `generate-lwlocknames.pl.S,v'.
   Trying implicit prerequisite `../../../src/include/catalog/SCCS/s.pg_seclabel.h'.
       Trying pattern rule with stem `pg_proc.dat.w'.
   Trying pattern rule with stem `generate-wait_event_types.pl'.
      Trying pattern rule with stem `generate-lwlocknames.pl.S'.
   No implicit rule found for `../../../src/include/catalog/pg_seclabel.h'.
       Trying implicit prerequisite `../../../src/include/catalog/s.pg_proc.dat.w'.
   Looking for an implicit rule for `../../../src/include/catalog/pg_shseclabel.h'.
      Trying implicit prerequisite `RCS/generate-lwlocknames.pl.S,v'.
       Trying pattern rule with stem `pg_proc.dat.w'.
   Trying pattern rule with stem `pg_shseclabel.h'.
       Trying implicit prerequisite `../../../src/include/catalog/SCCS/s.pg_proc.dat.w'.
   Trying implicit prerequisite `../../../src/include/catalog/pg_shseclabel.h,v'.
      Trying pattern rule with stem `generate-lwlocknames.pl.S'.
      Trying pattern rule with stem `pg_proc.dat'.
   Trying pattern rule with stem `pg_shseclabel.h'.
   Rejecting impossible implicit prerequisite `generate-wait_event_types.pl.f'.
      Trying implicit prerequisite `RCS/generate-lwlocknames.pl.S'.
   Trying implicit prerequisite `../../../src/include/catalog/RCS/pg_shseclabel.h,v'.
   Trying pattern rule with stem `generate-wait_event_types.pl'.
      Rejecting impossible implicit prerequisite `../../../src/include/catalog/pg_proc.dat.w'.
      Trying pattern rule with stem `generate-lwlocknames.pl.S'.
   Trying pattern rule with stem `pg_shseclabel.h'.
   Rejecting impossible implicit prerequisite `generate-wait_event_types.pl.F'.
     Trying pattern rule with stem `pg_proc.dat'.
   Trying implicit prerequisite `../../../src/include/catalog/RCS/pg_shseclabel.h'.
     Trying implicit prerequisite `../../../src/include/catalog/pg_proc.dat.cc'.
   Trying pattern rule with stem `generate-wait_event_types.pl'.
      Trying implicit prerequisite `s.generate-lwlocknames.pl.S'.
   Trying pattern rule with stem `pg_shseclabel.h'.
     Looking for a rule with intermediate file `../../../src/include/catalog/pg_proc.dat.cc'.
   Rejecting impossible implicit prerequisite `generate-wait_event_types.pl.m'.
   Trying implicit prerequisite `../../../src/include/catalog/s.pg_shseclabel.h'.
      Trying pattern rule with stem `generate-lwlocknames.pl.S'.
   Trying pattern rule with stem `generate-wait_event_types.pl'.
      Trying implicit prerequisite `SCCS/s.generate-lwlocknames.pl.S'.
      Avoiding implicit rule recursion.
   Trying pattern rule with stem `pg_shseclabel.h'.
    Trying pattern rule with stem `generate-lwlocknames.pl'.
      Avoiding implicit rule recursion.
   Rejecting impossible implicit prerequisite `generate-wait_event_types.pl.r'.
   Trying implicit prerequisite `../../../src/include/catalog/SCCS/s.pg_shseclabel.h'.
      Trying pattern rule with stem `pg_proc.dat.cc'.
   Trying pattern rule with stem `generate-wait_event_types.pl'.
      Trying implicit prerequisite `../../../src/include/catalog/pg_proc.dat.cc,v'.
    Rejecting impossible implicit prerequisite `generate-lwlocknames.pl.S'.
   No implicit rule found for `../../../src/include/catalog/pg_shseclabel.h'.
   Rejecting impossible implicit prerequisite `generate-wait_event_types.pl.s'.
   Looking for an implicit rule for `../../../src/include/catalog/pg_collation.h'.
    Trying pattern rule with stem `generate-lwlocknames.pl'.
   Trying pattern rule with stem `generate-wait_event_types.pl'.
   Trying pattern rule with stem `pg_collation.h'.
    Trying implicit prerequisite `generate-lwlocknames.pl.mod'.
      Trying pattern rule with stem `pg_proc.dat.cc'.
   Trying implicit prerequisite `../../../src/include/catalog/pg_collation.h,v'.
      Trying implicit prerequisite `../../../src/include/catalog/RCS/pg_proc.dat.cc,v'.
    Looking for a rule with intermediate file `generate-lwlocknames.pl.mod'.
   Trying pattern rule with stem `pg_collation.h'.
   Rejecting impossible implicit prerequisite `generate-wait_event_types.pl.S'.
     Avoiding implicit rule recursion.
   Trying implicit prerequisite `../../../src/include/catalog/RCS/pg_collation.h,v'.
   Trying pattern rule with stem `generate-wait_event_types.pl'.
      Trying pattern rule with stem `pg_proc.dat.cc'.
   Rejecting impossible implicit prerequisite `generate-wait_event_types.pl.mod'.
     Avoiding implicit rule recursion.
      Trying implicit prerequisite `../../../src/include/catalog/RCS/pg_proc.dat.cc'.
   Trying pattern rule with stem `generate-wait_event_types.pl'.
     Trying pattern rule with stem `generate-lwlocknames.pl.mod'.
      Trying pattern rule with stem `pg_proc.dat.cc'.
   Trying pattern rule with stem `pg_collation.h'.
   Trying implicit prerequisite `generate-wait_event_types.pl.sh'.
     Trying implicit prerequisite `generate-lwlocknames.pl.mod,v'.
   Trying implicit prerequisite `../../../src/include/catalog/RCS/pg_collation.h'.
      Trying implicit prerequisite `../../../src/include/catalog/s.pg_proc.dat.cc'.
     Trying pattern rule with stem `generate-lwlocknames.pl.mod'.
   Looking for a rule with intermediate file `generate-wait_event_types.pl.sh'.
   Trying pattern rule with stem `pg_collation.h'.
      Trying pattern rule with stem `pg_proc.dat.cc'.
     Trying implicit prerequisite `RCS/generate-lwlocknames.pl.mod,v'.
    Avoiding implicit rule recursion.
      Trying implicit prerequisite `../../../src/include/catalog/SCCS/s.pg_proc.dat.cc'.
     Trying pattern rule with stem `generate-lwlocknames.pl.mod'.
     Trying pattern rule with stem `pg_proc.dat'.
   Trying implicit prerequisite `../../../src/include/catalog/s.pg_collation.h'.
    Trying pattern rule with stem `generate-wait_event_types.pl.sh'.
     Trying implicit prerequisite `RCS/generate-lwlocknames.pl.mod'.
     Trying implicit prerequisite `../../../src/include/catalog/pg_proc.dat.C'.
   Trying pattern rule with stem `pg_collation.h'.
     Trying pattern rule with stem `generate-lwlocknames.pl.mod'.
     Looking for a rule with intermediate file `../../../src/include/catalog/pg_proc.dat.C'.
    Trying implicit prerequisite `generate-wait_event_types.pl.sh,v'.
     Trying implicit prerequisite `s.generate-lwlocknames.pl.mod'.
      Avoiding implicit rule recursion.
   Trying implicit prerequisite `../../../src/include/catalog/SCCS/s.pg_collation.h'.
     Trying pattern rule with stem `generate-lwlocknames.pl.mod'.
      Avoiding implicit rule recursion.
    Trying pattern rule with stem `generate-wait_event_types.pl.sh'.
   No implicit rule found for `../../../src/include/catalog/pg_collation.h'.
     Trying implicit prerequisite `SCCS/s.generate-lwlocknames.pl.mod'.
   Looking for an implicit rule for `../../../src/include/catalog/pg_parameter_acl.h'.
      Trying pattern rule with stem `pg_proc.dat.C'.
    Trying implicit prerequisite `RCS/generate-wait_event_types.pl.sh,v'.
   Trying pattern rule with stem `generate-lwlocknames.pl'.
      Trying implicit prerequisite `../../../src/include/catalog/pg_proc.dat.C,v'.
    Trying pattern rule with stem `generate-wait_event_types.pl.sh'.
   Trying pattern rule with stem `pg_parameter_acl.h'.
   Rejecting impossible implicit prerequisite `generate-lwlocknames.pl.cc'.
      Trying pattern rule with stem `pg_proc.dat.C'.
    Trying implicit prerequisite `RCS/generate-wait_event_types.pl.sh'.
      Trying implicit prerequisite `../../../src/include/catalog/RCS/pg_proc.dat.C,v'.
   Trying pattern rule with stem `generate-lwlocknames.pl'.
    Trying pattern rule with stem `generate-wait_event_types.pl.sh'.
   Trying implicit prerequisite `../../../src/include/catalog/pg_parameter_acl.h,v'.
      Trying pattern rule with stem `pg_proc.dat.C'.
   Rejecting impossible implicit prerequisite `generate-lwlocknames.pl.C'.
      Trying implicit prerequisite `../../../src/include/catalog/RCS/pg_proc.dat.C'.
   Trying pattern rule with stem `pg_parameter_acl.h'.
    Trying implicit prerequisite `s.generate-wait_event_types.pl.sh'.
      Trying pattern rule with stem `pg_proc.dat.C'.
   Trying implicit prerequisite `../../../src/include/catalog/RCS/pg_parameter_acl.h,v'.
   Trying pattern rule with stem `generate-lwlocknames.pl'.
      Trying implicit prerequisite `../../../src/include/catalog/s.pg_proc.dat.C'.
   Rejecting impossible implicit prerequisite `generate-lwlocknames.pl.cpp'.
    Trying pattern rule with stem `generate-wait_event_types.pl.sh'.
      Trying pattern rule with stem `pg_proc.dat.C'.
   Trying pattern rule with stem `generate-lwlocknames.pl'.
   Trying pattern rule with stem `pg_parameter_acl.h'.
    Trying implicit prerequisite `SCCS/s.generate-wait_event_types.pl.sh'.
      Trying implicit prerequisite `../../../src/include/catalog/SCCS/s.pg_proc.dat.C'.
   Rejecting impossible implicit prerequisite `generate-lwlocknames.pl.p'.
   Trying implicit prerequisite `../../../src/include/catalog/RCS/pg_parameter_acl.h'.
     Trying pattern rule with stem `pg_proc.dat'.
   No implicit rule found for `generate-wait_event_types.pl'.
   Trying pattern rule with stem `pg_parameter_acl.h'.
     Trying implicit prerequisite `../../../src/include/catalog/pg_proc.dat.cpp'.
   Finished prerequisites of target file `generate-wait_event_types.pl'.
   Trying implicit prerequisite `../../../src/include/catalog/s.pg_parameter_acl.h'.
   Trying pattern rule with stem `generate-lwlocknames.pl'.
  No need to remake target `generate-wait_event_types.pl'.
   Rejecting impossible implicit prerequisite `generate-lwlocknames.pl.f'.
   Trying pattern rule with stem `generate-lwlocknames.pl'.
     Looking for a rule with intermediate file `../../../src/include/catalog/pg_proc.dat.cpp'.
   Trying pattern rule with stem `pg_parameter_acl.h'.
 Finished prerequisites of target file `wait_event_types.h'.
   Trying implicit prerequisite `../../../src/include/catalog/SCCS/s.pg_parameter_acl.h'.
      Avoiding implicit rule recursion.
Must remake target `wait_event_types.h'.
   No implicit rule found for `../../../src/include/catalog/pg_parameter_acl.h'.
   Looking for an implicit rule for `../../../src/include/catalog/pg_partitioned_table.h'.
      Avoiding implicit rule recursion.
   Rejecting impossible implicit prerequisite `generate-lwlocknames.pl.F'.
Need a job token; we don't have children
      Trying pattern rule with stem `pg_proc.dat.cpp'.
'/usr/bin/perl' ./generate-wait_event_types.pl --code ../../../../src/backend/utils/activity/wait_event_names.txt
   Trying pattern rule with stem `generate-lwlocknames.pl'.
   Rejecting impossible implicit prerequisite `generate-lwlocknames.pl.m'.
   Trying pattern rule with stem `generate-lwlocknames.pl'.
   Rejecting impossible implicit prerequisite `generate-lwlocknames.pl.r'.
   Trying pattern rule with stem `generate-lwlocknames.pl'.
   Rejecting impossible implicit prerequisite `generate-lwlocknames.pl.s'.
   Trying pattern rule with stem `generate-lwlocknames.pl'.
   Rejecting impossible implicit prerequisite `generate-lwlocknames.pl.S'.
   Trying pattern rule with stem `generate-lwlocknames.pl'.
   Rejecting impossible implicit prerequisite `generate-lwlocknames.pl.mod'.
   Trying pattern rule with stem `generate-lwlocknames.pl'.
   Trying implicit prerequisite `generate-lwlocknames.pl.sh'.
   Looking for a rule with intermediate file `generate-lwlocknames.pl.sh'.
    Avoiding implicit rule recursion.
    Trying pattern rule with stem `generate-lwlocknames.pl.sh'.
    Trying implicit prerequisite `generate-lwlocknames.pl.sh,v'.
    Trying pattern rule with stem `generate-lwlocknames.pl.sh'.
    Trying implicit prerequisite `RCS/generate-lwlocknames.pl.sh,v'.
    Trying pattern rule with stem `generate-lwlocknames.pl.sh'.
    Trying implicit prerequisite `RCS/generate-lwlocknames.pl.sh'.
    Trying pattern rule with stem `generate-lwlocknames.pl.sh'.
    Trying implicit prerequisite `s.generate-lwlocknames.pl.sh'.
    Trying pattern rule with stem `generate-lwlocknames.pl.sh'.
      Trying implicit prerequisite `../../../src/include/catalog/pg_proc.dat.cpp,v'.
    Trying implicit prerequisite `SCCS/s.generate-lwlocknames.pl.sh'.
   No implicit rule found for `generate-lwlocknames.pl'.
   Trying pattern rule with stem `pg_partitioned_table.h'.
      Trying pattern rule with stem `pg_proc.dat.cpp'.
   Finished prerequisites of target file `generate-lwlocknames.pl'.
   Trying implicit prerequisite `../../../src/include/catalog/pg_partitioned_table.h,v'.
   Trying pattern rule with stem `pg_partitioned_table.h'.
      Trying implicit prerequisite `../../../src/include/catalog/RCS/pg_proc.dat.cpp,v'.
  No need to remake target `generate-lwlocknames.pl'.
   Trying implicit prerequisite `../../../src/include/catalog/RCS/pg_partitioned_table.h,v'.
   Trying pattern rule with stem `pg_partitioned_table.h'.
   Trying implicit prerequisite `../../../src/include/catalog/RCS/pg_partitioned_table.h'.
   Trying pattern rule with stem `pg_partitioned_table.h'.
   Trying implicit prerequisite `../../../src/include/catalog/s.pg_partitioned_table.h'.
      Trying pattern rule with stem `pg_proc.dat.cpp'.
 Finished prerequisites of target file `lwlocknames.h'.
Must remake target `lwlocknames.h'.
      Trying implicit prerequisite `../../../src/include/catalog/RCS/pg_proc.dat.cpp'.
      Trying pattern rule with stem `pg_proc.dat.cpp'.
      Trying implicit prerequisite `../../../src/include/catalog/s.pg_proc.dat.cpp'.
      Trying pattern rule with stem `pg_proc.dat.cpp'.
   Trying pattern rule with stem `pg_partitioned_table.h'.
Need a job token; we don't have children
      Trying implicit prerequisite `../../../src/include/catalog/SCCS/s.pg_proc.dat.cpp'.
     Trying pattern rule with stem `pg_proc.dat'.
     Trying implicit prerequisite `../../../src/include/catalog/pg_proc.dat.p'.
     Looking for a rule with intermediate file `../../../src/include/catalog/pg_proc.dat.p'.
      Avoiding implicit rule recursion.
'/usr/bin/perl' ./generate-lwlocknames.pl ../../../include/storage/lwlocklist.h ../../utils/activity/wait_event_names.txt generate-lwlocknames.pl
   Trying implicit prerequisite `../../../src/include/catalog/SCCS/s.pg_partitioned_table.h'.
   No implicit rule found for `../../../src/include/catalog/pg_partitioned_table.h'.
   Looking for an implicit rule for `../../../src/include/catalog/pg_range.h'.
   Trying pattern rule with stem `pg_range.h'.
   Trying implicit prerequisite `../../../src/include/catalog/pg_range.h,v'.
   Trying pattern rule with stem `pg_range.h'.
   Trying implicit prerequisite `../../../src/include/catalog/RCS/pg_range.h,v'.
   Trying pattern rule with stem `pg_range.h'.
   Trying implicit prerequisite `../../../src/include/catalog/RCS/pg_range.h'.
   Trying pattern rule with stem `pg_range.h'.
   Trying implicit prerequisite `../../../src/include/catalog/s.pg_range.h'.
   Trying pattern rule with stem `pg_range.h'.
   Trying implicit prerequisite `../../../src/include/catalog/SCCS/s.pg_range.h'.
   No implicit rule found for `../../../src/include/catalog/pg_range.h'.
   Looking for an implicit rule for `../../../src/include/catalog/pg_transform.h'.
   Trying pattern rule with stem `pg_transform.h'.
   Trying implicit prerequisite `../../../src/include/catalog/pg_transform.h,v'.
   Trying pattern rule with stem `pg_transform.h'.
   Trying implicit prerequisite `../../../src/include/catalog/RCS/pg_transform.h,v'.
   Trying pattern rule with stem `pg_transform.h'.
      Avoiding implicit rule recursion.
      Trying pattern rule with stem `pg_proc.dat'.
      Trying implicit prerequisite `../../../src/include/catalog/pg_proc.dat.web'.
      Trying pattern rule with stem `pg_proc.dat.p'.
   Trying implicit prerequisite `../../../src/include/catalog/RCS/pg_transform.h'.
   Trying pattern rule with stem `pg_transform.h'.
   Trying implicit prerequisite `../../../src/include/catalog/s.pg_transform.h'.
   Trying pattern rule with stem `pg_transform.h'.
   Trying implicit prerequisite `../../../src/include/catalog/SCCS/s.pg_transform.h'.
   No implicit rule found for `../../../src/include/catalog/pg_transform.h'.
      Trying implicit prerequisite `../../../src/include/catalog/pg_proc.dat.p,v'.
      Trying pattern rule with stem `pg_proc.dat.p'.
      Trying implicit prerequisite `../../../src/include/catalog/RCS/pg_proc.dat.p,v'.
      Trying pattern rule with stem `pg_proc.dat.p'.
   Looking for an implicit rule for `../../../src/include/catalog/pg_sequence.h'.
   Trying pattern rule with stem `pg_sequence.h'.
   Trying implicit prerequisite `../../../src/include/catalog/pg_sequence.h,v'.
   Trying pattern rule with stem `pg_sequence.h'.
      Trying implicit prerequisite `../../../src/include/catalog/RCS/pg_proc.dat.p'.
      Trying pattern rule with stem `pg_proc.dat.p'.
   Trying implicit prerequisite `../../../src/include/catalog/RCS/pg_sequence.h,v'.
   Trying pattern rule with stem `pg_sequence.h'.
      Trying implicit prerequisite `../../../src/include/catalog/s.pg_proc.dat.p'.
      Trying pattern rule with stem `pg_proc.dat.p'.
      Trying implicit prerequisite `../../../src/include/catalog/SCCS/s.pg_proc.dat.p'.
      Trying pattern rule with stem `pg_proc.dat'.
      Trying implicit prerequisite `../../../src/include/catalog/pg_proc.dat.web'.
   Trying implicit prerequisite `../../../src/include/catalog/RCS/pg_sequence.h'.
   Trying pattern rule with stem `pg_sequence.h'.
   Trying implicit prerequisite `../../../src/include/catalog/s.pg_sequence.h'.
   Trying pattern rule with stem `pg_sequence.h'.
      Looking for a rule with intermediate file `../../../src/include/catalog/pg_proc.dat.web'.
       Avoiding implicit rule recursion.
   Trying implicit prerequisite `../../../src/include/catalog/SCCS/s.pg_sequence.h'.
   No implicit rule found for `../../../src/include/catalog/pg_sequence.h'.
       Avoiding implicit rule recursion.
       Avoiding implicit rule recursion.
       Trying pattern rule with stem `pg_proc.dat.web'.
   Looking for an implicit rule for `../../../src/include/catalog/pg_publication.h'.
   Trying pattern rule with stem `pg_publication.h'.
   Trying implicit prerequisite `../../../src/include/catalog/pg_publication.h,v'.
   Trying pattern rule with stem `pg_publication.h'.
       Trying implicit prerequisite `../../../src/include/catalog/pg_proc.dat.web,v'.
       Trying pattern rule with stem `pg_proc.dat.web'.
   Trying implicit prerequisite `../../../src/include/catalog/RCS/pg_publication.h,v'.
   Trying pattern rule with stem `pg_publication.h'.
       Trying implicit prerequisite `../../../src/include/catalog/RCS/pg_proc.dat.web,v'.
       Trying pattern rule with stem `pg_proc.dat.web'.
   Trying implicit prerequisite `../../../src/include/catalog/RCS/pg_publication.h'.
   Trying pattern rule with stem `pg_publication.h'.
   Trying implicit prerequisite `../../../src/include/catalog/s.pg_publication.h'.
   Trying pattern rule with stem `pg_publication.h'.
   Trying implicit prerequisite `../../../src/include/catalog/SCCS/s.pg_publication.h'.
   No implicit rule found for `../../../src/include/catalog/pg_publication.h'.
       Trying implicit prerequisite `../../../src/include/catalog/RCS/pg_proc.dat.web'.
   Looking for an implicit rule for `../../../src/include/catalog/pg_publication_namespace.h'.
       Trying pattern rule with stem `pg_proc.dat.web'.
       Trying implicit prerequisite `../../../src/include/catalog/s.pg_proc.dat.web'.
       Trying pattern rule with stem `pg_proc.dat.web'.
       Trying implicit prerequisite `../../../src/include/catalog/SCCS/s.pg_proc.dat.web'.
     Trying pattern rule with stem `pg_proc.dat'.
     Trying implicit prerequisite `../../../src/include/catalog/pg_proc.dat.f'.
     Looking for a rule with intermediate file `../../../src/include/catalog/pg_proc.dat.f'.
      Avoiding implicit rule recursion.
      Avoiding implicit rule recursion.
      Trying pattern rule with stem `pg_proc.dat'.
      Trying implicit prerequisite `../../../src/include/catalog/pg_proc.dat.F'.
      Trying pattern rule with stem `pg_proc.dat'.
      Trying implicit prerequisite `../../../src/include/catalog/pg_proc.dat.r'.
      Trying pattern rule with stem `pg_proc.dat.f'.
      Trying implicit prerequisite `../../../src/include/catalog/pg_proc.dat.f,v'.
      Trying pattern rule with stem `pg_proc.dat.f'.
      Trying implicit prerequisite `../../../src/include/catalog/RCS/pg_proc.dat.f,v'.
      Trying pattern rule with stem `pg_proc.dat.f'.
      Trying implicit prerequisite `../../../src/include/catalog/RCS/pg_proc.dat.f'.
      Trying pattern rule with stem `pg_proc.dat.f'.
      Trying implicit prerequisite `../../../src/include/catalog/s.pg_proc.dat.f'.
      Trying pattern rule with stem `pg_proc.dat.f'.
Putting child 0x129e1a490 (wait_event_types.h) PID 93740 on the chain.
   Trying pattern rule with stem `pg_publication_namespace.h'.
   Trying implicit prerequisite `../../../src/include/catalog/pg_publication_namespace.h,v'.
      Trying implicit prerequisite `../../../src/include/catalog/SCCS/s.pg_proc.dat.f'.
Putting child 0x143210580 (lwlocknames.h) PID 93741 on the chain.
Commands of `lwlocknames.h' are being run.
Live child 0x143210580 (lwlocknames.h) PID 93741 
Commands of `wait_event_types.h' are being run.
      Trying pattern rule with stem `pg_proc.dat'.
   Trying pattern rule with stem `pg_publication_namespace.h'.
Considering target file `pgstat_wait_event.c'.
      Trying implicit prerequisite `../../../src/include/catalog/pg_proc.dat.F'.
   Trying implicit prerequisite `../../../src/include/catalog/RCS/pg_publication_namespace.h,v'.
 File `pgstat_wait_event.c' does not exist.
   Trying pattern rule with stem `pg_publication_namespace.h'.
      Looking for a rule with intermediate file `../../../src/include/catalog/pg_proc.dat.F'.
       Avoiding implicit rule recursion.
       Avoiding implicit rule recursion.
   Trying implicit prerequisite `../../../src/include/catalog/RCS/pg_publication_namespace.h'.
   Trying pattern rule with stem `pg_publication_namespace.h'.
   Pruning file `../../../../src/backend/utils/activity/wait_event_names.txt'.
       Avoiding implicit rule recursion.
   Pruning file `generate-wait_event_types.pl'.
       Trying pattern rule with stem `pg_proc.dat.F'.
       Trying implicit prerequisite `../../../src/include/catalog/pg_proc.dat.F,v'.
       Trying pattern rule with stem `pg_proc.dat.F'.
       Trying implicit prerequisite `../../../src/include/catalog/RCS/pg_proc.dat.F,v'.
   Trying implicit prerequisite `../../../src/include/catalog/s.pg_publication_namespace.h'.
 Pruning file `wait_event_types.h'.
 Finished prerequisites of target file `pgstat_wait_event.c'.
The prerequisites of `pgstat_wait_event.c' are being made.
Considering target file `wait_event_funcs_data.c'.
       Trying pattern rule with stem `pg_proc.dat.F'.
   Trying pattern rule with stem `pg_publication_namespace.h'.
   Trying implicit prerequisite `../../../src/include/catalog/SCCS/s.pg_publication_namespace.h'.
 File `wait_event_funcs_data.c' does not exist.
 Looking for an implicit rule for `wait_event_funcs_data.c'.
 Trying pattern rule with stem `wait_event_funcs_data'.
       Trying implicit prerequisite `../../../src/include/catalog/RCS/pg_proc.dat.F'.
 Trying implicit prerequisite `wait_event_funcs_data.l'.
 Trying pattern rule with stem `wait_event_funcs_data'.
 Trying implicit prerequisite `wait_event_funcs_data.y'.
 Trying pattern rule with stem `wait_event_funcs_data'.
   No implicit rule found for `../../../src/include/catalog/pg_publication_namespace.h'.
 Trying implicit prerequisite `wait_event_funcs_data.w'.
       Trying pattern rule with stem `pg_proc.dat.F'.
       Trying implicit prerequisite `../../../src/include/catalog/s.pg_proc.dat.F'.
   Looking for an implicit rule for `../../../src/include/catalog/pg_publication_rel.h'.
   Trying pattern rule with stem `pg_publication_rel.h'.
   Trying implicit prerequisite `../../../src/include/catalog/pg_publication_rel.h,v'.
       Trying pattern rule with stem `pg_proc.dat.F'.
   Trying pattern rule with stem `pg_publication_rel.h'.
   Trying implicit prerequisite `../../../src/include/catalog/RCS/pg_publication_rel.h,v'.
 Trying pattern rule with stem `wait_event_funcs_data'.
   Trying pattern rule with stem `pg_publication_rel.h'.
   Trying implicit prerequisite `../../../src/include/catalog/RCS/pg_publication_rel.h'.
   Trying pattern rule with stem `pg_publication_rel.h'.
       Trying implicit prerequisite `../../../src/include/catalog/SCCS/s.pg_proc.dat.F'.
   Trying implicit prerequisite `../../../src/include/catalog/s.pg_publication_rel.h'.
   Trying pattern rule with stem `pg_publication_rel.h'.
 Trying implicit prerequisite `wait_event_funcs_data.w'.
      Trying pattern rule with stem `pg_proc.dat'.
      Trying implicit prerequisite `../../../src/include/catalog/pg_proc.dat.r'.
      Looking for a rule with intermediate file `../../../src/include/catalog/pg_proc.dat.r'.
   Trying implicit prerequisite `../../../src/include/catalog/SCCS/s.pg_publication_rel.h'.
       Avoiding implicit rule recursion.
       Avoiding implicit rule recursion.
       Avoiding implicit rule recursion.
   No implicit rule found for `../../../src/include/catalog/pg_publication_rel.h'.
   Looking for an implicit rule for `../../../src/include/catalog/pg_subscription.h'.
       Trying pattern rule with stem `pg_proc.dat'.
 Trying pattern rule with stem `wait_event_funcs_data.c'.
   Trying pattern rule with stem `pg_subscription.h'.
 Trying implicit prerequisite `wait_event_funcs_data.c,v'.
 Trying pattern rule with stem `wait_event_funcs_data.c'.
 Trying implicit prerequisite `RCS/wait_event_funcs_data.c,v'.
 Trying pattern rule with stem `wait_event_funcs_data.c'.
   Trying implicit prerequisite `../../../src/include/catalog/pg_subscription.h,v'.
   Trying pattern rule with stem `pg_subscription.h'.
   Trying implicit prerequisite `../../../src/include/catalog/RCS/pg_subscription.h,v'.
 Trying implicit prerequisite `RCS/wait_event_funcs_data.c'.
       Rejecting impossible implicit prerequisite `../../../src/include/catalog/pg_proc.dat.l'.
   Trying pattern rule with stem `pg_subscription.h'.
 Trying pattern rule with stem `wait_event_funcs_data.c'.
   Trying implicit prerequisite `../../../src/include/catalog/RCS/pg_subscription.h'.
   Trying pattern rule with stem `pg_subscription.h'.
   Trying implicit prerequisite `../../../src/include/catalog/s.pg_subscription.h'.
       Trying pattern rule with stem `pg_proc.dat.r'.
 Trying implicit prerequisite `s.wait_event_funcs_data.c'.
 Trying pattern rule with stem `wait_event_funcs_data.c'.
 Trying implicit prerequisite `SCCS/s.wait_event_funcs_data.c'.
 Trying pattern rule with stem `wait_event_funcs_data'.
 Trying implicit prerequisite `wait_event_funcs_data.l'.
 Looking for a rule with intermediate file `wait_event_funcs_data.l'.
  Avoiding implicit rule recursion.
       Trying implicit prerequisite `../../../src/include/catalog/pg_proc.dat.r,v'.
  Trying pattern rule with stem `wait_event_funcs_data.l'.
  Trying implicit prerequisite `wait_event_funcs_data.l,v'.
  Trying pattern rule with stem `wait_event_funcs_data.l'.
  Trying implicit prerequisite `RCS/wait_event_funcs_data.l,v'.
  Trying pattern rule with stem `wait_event_funcs_data.l'.
  Trying implicit prerequisite `RCS/wait_event_funcs_data.l'.
   Trying pattern rule with stem `pg_subscription.h'.
  Trying pattern rule with stem `wait_event_funcs_data.l'.
  Trying implicit prerequisite `s.wait_event_funcs_data.l'.
  Trying pattern rule with stem `wait_event_funcs_data.l'.
  Trying implicit prerequisite `SCCS/s.wait_event_funcs_data.l'.
   Trying implicit prerequisite `../../../src/include/catalog/SCCS/s.pg_subscription.h'.
 Trying pattern rule with stem `wait_event_funcs_data'.
 Trying implicit prerequisite `wait_event_funcs_data.y'.
 Looking for a rule with intermediate file `wait_event_funcs_data.y'.
   No implicit rule found for `../../../src/include/catalog/pg_subscription.h'.
  Avoiding implicit rule recursion.
  Trying pattern rule with stem `wait_event_funcs_data.y'.
       Trying pattern rule with stem `pg_proc.dat.r'.
   Looking for an implicit rule for `../../../src/include/catalog/pg_subscription_rel.h'.
  Trying implicit prerequisite `wait_event_funcs_data.y,v'.
   Trying pattern rule with stem `pg_subscription_rel.h'.
   Trying implicit prerequisite `../../../src/include/catalog/pg_subscription_rel.h,v'.
       Trying implicit prerequisite `../../../src/include/catalog/RCS/pg_proc.dat.r,v'.
  Trying pattern rule with stem `wait_event_funcs_data.y'.
  Trying implicit prerequisite `RCS/wait_event_funcs_data.y,v'.
  Trying pattern rule with stem `wait_event_funcs_data.y'.
  Trying implicit prerequisite `RCS/wait_event_funcs_data.y'.
  Trying pattern rule with stem `wait_event_funcs_data.y'.
  Trying implicit prerequisite `s.wait_event_funcs_data.y'.
  Trying pattern rule with stem `wait_event_funcs_data.y'.
  Trying implicit prerequisite `SCCS/s.wait_event_funcs_data.y'.
 Trying pattern rule with stem `wait_event_funcs_data'.
 Trying implicit prerequisite `wait_event_funcs_data.w'.
 Looking for a rule with intermediate file `wait_event_funcs_data.w'.
  Avoiding implicit rule recursion.
  Trying pattern rule with stem `wait_event_funcs_data.w'.
  Trying implicit prerequisite `wait_event_funcs_data.w,v'.
  Trying pattern rule with stem `wait_event_funcs_data.w'.
  Trying implicit prerequisite `RCS/wait_event_funcs_data.w,v'.
  Trying pattern rule with stem `wait_event_funcs_data.w'.
  Trying implicit prerequisite `RCS/wait_event_funcs_data.w'.
  Trying pattern rule with stem `wait_event_funcs_data.w'.
  Trying implicit prerequisite `s.wait_event_funcs_data.w'.
       Trying pattern rule with stem `pg_proc.dat.r'.
   Trying pattern rule with stem `pg_subscription_rel.h'.
   Trying implicit prerequisite `../../../src/include/catalog/RCS/pg_subscription_rel.h,v'.
   Trying pattern rule with stem `pg_subscription_rel.h'.
  Trying pattern rule with stem `wait_event_funcs_data.w'.
   Trying implicit prerequisite `../../../src/include/catalog/RCS/pg_subscription_rel.h'.
       Trying implicit prerequisite `../../../src/include/catalog/RCS/pg_proc.dat.r'.
       Trying pattern rule with stem `pg_proc.dat.r'.
   Trying pattern rule with stem `pg_subscription_rel.h'.
       Trying implicit prerequisite `../../../src/include/catalog/s.pg_proc.dat.r'.
       Trying pattern rule with stem `pg_proc.dat.r'.
       Trying implicit prerequisite `../../../src/include/catalog/SCCS/s.pg_proc.dat.r'.
     Trying pattern rule with stem `pg_proc.dat'.
   Trying implicit prerequisite `../../../src/include/catalog/s.pg_subscription_rel.h'.
     Rejecting impossible implicit prerequisite `../../../src/include/catalog/pg_proc.dat.F'.
     Trying pattern rule with stem `pg_proc.dat'.
   Trying pattern rule with stem `pg_subscription_rel.h'.
  Trying implicit prerequisite `SCCS/s.wait_event_funcs_data.w'.
     Trying implicit prerequisite `../../../src/include/catalog/pg_proc.dat.m'.
     Looking for a rule with intermediate file `../../../src/include/catalog/pg_proc.dat.m'.
      Avoiding implicit rule recursion.
      Avoiding implicit rule recursion.
      Trying pattern rule with stem `pg_proc.dat'.
      Trying implicit prerequisite `../../../src/include/catalog/pg_proc.dat.ym'.
      Trying pattern rule with stem `pg_proc.dat'.
      Trying implicit prerequisite `../../../src/include/catalog/pg_proc.dat.lm'.
      Trying pattern rule with stem `pg_proc.dat.m'.
      Trying implicit prerequisite `../../../src/include/catalog/pg_proc.dat.m,v'.
      Trying pattern rule with stem `pg_proc.dat.m'.
 Trying pattern rule with stem `wait_event_funcs_data'.
      Trying implicit prerequisite `../../../src/include/catalog/RCS/pg_proc.dat.m,v'.
   Trying implicit prerequisite `../../../src/include/catalog/SCCS/s.pg_subscription_rel.h'.
   No implicit rule found for `../../../src/include/catalog/pg_subscription_rel.h'.
   Looking for an implicit rule for `pg_aggregate.dat'.
   Trying pattern rule with stem `pg_aggregate.dat'.
      Trying pattern rule with stem `pg_proc.dat.m'.
   Trying implicit prerequisite `pg_aggregate.dat.o'.
   Trying pattern rule with stem `pg_aggregate.dat'.
   Trying implicit prerequisite `pg_aggregate.dat.cc'.
   Trying pattern rule with stem `pg_aggregate.dat'.
   Trying implicit prerequisite `pg_aggregate.dat.C'.
   Trying pattern rule with stem `pg_aggregate.dat'.
 Rejecting impossible implicit prerequisite `wait_event_funcs_data.w'.
      Trying implicit prerequisite `../../../src/include/catalog/RCS/pg_proc.dat.m'.
 No implicit rule found for `wait_event_funcs_data.c'.
   Pruning file `../../../../src/backend/utils/activity/wait_event_names.txt'.
   Pruning file `generate-wait_event_types.pl'.
 Pruning file `wait_event_types.h'.
 Finished prerequisites of target file `wait_event_funcs_data.c'.
The prerequisites of `wait_event_funcs_data.c' are being made.
Live child 0x129e1a490 (wait_event_types.h) PID 93740 
      Trying pattern rule with stem `pg_proc.dat.m'.
      Trying implicit prerequisite `../../../src/include/catalog/s.pg_proc.dat.m'.
      Trying pattern rule with stem `pg_proc.dat.m'.
      Trying implicit prerequisite `../../../src/include/catalog/SCCS/s.pg_proc.dat.m'.
   Trying implicit prerequisite `pg_aggregate.dat.cpp'.
   Trying pattern rule with stem `pg_aggregate.dat'.
   Trying implicit prerequisite `pg_aggregate.dat.p'.
   Trying pattern rule with stem `pg_aggregate.dat'.
   Trying implicit prerequisite `pg_aggregate.dat.f'.
   Trying pattern rule with stem `pg_aggregate.dat'.
   Trying implicit prerequisite `pg_aggregate.dat.F'.
   Trying pattern rule with stem `pg_aggregate.dat'.
   Trying implicit prerequisite `pg_aggregate.dat.m'.
   Trying pattern rule with stem `pg_aggregate.dat'.
   Trying implicit prerequisite `pg_aggregate.dat.r'.
   Trying pattern rule with stem `pg_aggregate.dat'.
      Trying pattern rule with stem `pg_proc.dat'.
   Trying implicit prerequisite `pg_aggregate.dat.s'.
      Trying implicit prerequisite `../../../src/include/catalog/pg_proc.dat.ym'.
   Trying pattern rule with stem `pg_aggregate.dat'.
      Looking for a rule with intermediate file `../../../src/include/catalog/pg_proc.dat.ym'.
   Trying implicit prerequisite `pg_aggregate.dat.S'.
       Avoiding implicit rule recursion.
       Avoiding implicit rule recursion.
       Avoiding implicit rule recursion.
   Trying pattern rule with stem `pg_aggregate.dat'.
       Trying pattern rule with stem `pg_proc.dat.ym'.
       Trying implicit prerequisite `../../../src/include/catalog/pg_proc.dat.ym,v'.
       Trying pattern rule with stem `pg_proc.dat.ym'.
   Trying implicit prerequisite `pg_aggregate.dat.mod'.
       Trying implicit prerequisite `../../../src/include/catalog/RCS/pg_proc.dat.ym,v'.
   Trying pattern rule with stem `pg_aggregate.dat'.
   Trying implicit prerequisite `pg_aggregate.dat.sh'.
       Trying pattern rule with stem `pg_proc.dat.ym'.
   Trying pattern rule with stem `pg_aggregate.dat'.
   Trying implicit prerequisite `pg_aggregate.dat,v'.
   Trying pattern rule with stem `pg_aggregate.dat'.
       Trying implicit prerequisite `../../../src/include/catalog/RCS/pg_proc.dat.ym'.
   Trying implicit prerequisite `RCS/pg_aggregate.dat,v'.
   Trying pattern rule with stem `pg_aggregate.dat'.
   Trying implicit prerequisite `RCS/pg_aggregate.dat'.
   Trying pattern rule with stem `pg_aggregate.dat'.
       Trying pattern rule with stem `pg_proc.dat.ym'.
   Trying implicit prerequisite `s.pg_aggregate.dat'.
   Trying pattern rule with stem `pg_aggregate.dat'.
   Trying implicit prerequisite `SCCS/s.pg_aggregate.dat'.
   Trying pattern rule with stem `pg_aggregate.dat'.
       Trying implicit prerequisite `../../../src/include/catalog/s.pg_proc.dat.ym'.
       Trying pattern rule with stem `pg_proc.dat.ym'.
       Trying implicit prerequisite `../../../src/include/catalog/SCCS/s.pg_proc.dat.ym'.
   Trying implicit prerequisite `pg_aggregate.dat.o'.
   Looking for a rule with intermediate file `pg_aggregate.dat.o'.
      Trying pattern rule with stem `pg_proc.dat'.
    Avoiding implicit rule recursion.
      Trying implicit prerequisite `../../../src/include/catalog/pg_proc.dat.lm'.
      Looking for a rule with intermediate file `../../../src/include/catalog/pg_proc.dat.lm'.
       Avoiding implicit rule recursion.
       Avoiding implicit rule recursion.
       Avoiding implicit rule recursion.
       Trying pattern rule with stem `pg_proc.dat.lm'.
       Trying implicit prerequisite `../../../src/include/catalog/pg_proc.dat.lm,v'.
       Trying pattern rule with stem `pg_proc.dat.lm'.
       Trying implicit prerequisite `../../../src/include/catalog/RCS/pg_proc.dat.lm,v'.
       Trying pattern rule with stem `pg_proc.dat.lm'.
    Trying pattern rule with stem `pg_aggregate.dat'.
    Trying implicit prerequisite `pg_aggregate.dat.c'.
    Trying pattern rule with stem `pg_aggregate.dat'.
    Trying implicit prerequisite `pg_aggregate.dat.cc'.
       Trying implicit prerequisite `../../../src/include/catalog/RCS/pg_proc.dat.lm'.
       Trying pattern rule with stem `pg_proc.dat.lm'.
       Trying implicit prerequisite `../../../src/include/catalog/s.pg_proc.dat.lm'.
       Trying pattern rule with stem `pg_proc.dat.lm'.
       Trying implicit prerequisite `../../../src/include/catalog/SCCS/s.pg_proc.dat.lm'.
     Trying pattern rule with stem `pg_proc.dat'.
     Rejecting impossible implicit prerequisite `../../../src/include/catalog/pg_proc.dat.r'.
     Trying pattern rule with stem `pg_proc.dat'.
     Trying implicit prerequisite `../../../src/include/catalog/pg_proc.dat.s'.
     Looking for a rule with intermediate file `../../../src/include/catalog/pg_proc.dat.s'.
      Avoiding implicit rule recursion.
      Avoiding implicit rule recursion.
      Trying pattern rule with stem `pg_proc.dat'.
      Trying implicit prerequisite `../../../src/include/catalog/pg_proc.dat.S'.
      Trying pattern rule with stem `pg_proc.dat.s'.
      Trying implicit prerequisite `../../../src/include/catalog/pg_proc.dat.s,v'.
      Trying pattern rule with stem `pg_proc.dat.s'.
      Trying implicit prerequisite `../../../src/include/catalog/RCS/pg_proc.dat.s,v'.
      Trying pattern rule with stem `pg_proc.dat.s'.
      Trying implicit prerequisite `../../../src/include/catalog/RCS/pg_proc.dat.s'.
      Trying pattern rule with stem `pg_proc.dat.s'.
      Trying implicit prerequisite `../../../src/include/catalog/s.pg_proc.dat.s'.
      Trying pattern rule with stem `pg_proc.dat.s'.
      Trying implicit prerequisite `../../../src/include/catalog/SCCS/s.pg_proc.dat.s'.
      Trying pattern rule with stem `pg_proc.dat'.
      Trying implicit prerequisite `../../../src/include/catalog/pg_proc.dat.S'.
      Looking for a rule with intermediate file `../../../src/include/catalog/pg_proc.dat.S'.
       Avoiding implicit rule recursion.
       Avoiding implicit rule recursion.
       Avoiding implicit rule recursion.
       Trying pattern rule with stem `pg_proc.dat.S'.
       Trying implicit prerequisite `../../../src/include/catalog/pg_proc.dat.S,v'.
       Trying pattern rule with stem `pg_proc.dat.S'.
       Trying implicit prerequisite `../../../src/include/catalog/RCS/pg_proc.dat.S,v'.
       Trying pattern rule with stem `pg_proc.dat.S'.
       Trying implicit prerequisite `../../../src/include/catalog/RCS/pg_proc.dat.S'.
       Trying pattern rule with stem `pg_proc.dat.S'.
       Trying implicit prerequisite `../../../src/include/catalog/s.pg_proc.dat.S'.
    Trying pattern rule with stem `pg_aggregate.dat'.
    Trying implicit prerequisite `pg_aggregate.dat.C'.
    Trying pattern rule with stem `pg_aggregate.dat'.
    Trying implicit prerequisite `pg_aggregate.dat.cpp'.
    Trying pattern rule with stem `pg_aggregate.dat'.
    Trying implicit prerequisite `pg_aggregate.dat.p'.
    Trying pattern rule with stem `pg_aggregate.dat'.
    Trying implicit prerequisite `pg_aggregate.dat.f'.
    Trying pattern rule with stem `pg_aggregate.dat'.
    Trying implicit prerequisite `pg_aggregate.dat.F'.
    Trying pattern rule with stem `pg_aggregate.dat'.
    Trying implicit prerequisite `pg_aggregate.dat.m'.
    Trying pattern rule with stem `pg_aggregate.dat'.
    Trying implicit prerequisite `pg_aggregate.dat.r'.
    Trying pattern rule with stem `pg_aggregate.dat'.
    Trying implicit prerequisite `pg_aggregate.dat.s'.
    Trying pattern rule with stem `pg_aggregate.dat'.
    Trying implicit prerequisite `pg_aggregate.dat.S'.
    Trying pattern rule with stem `pg_aggregate.dat'.
    Trying implicit prerequisite `pg_aggregate.dat.mod'.
    Trying pattern rule with stem `pg_aggregate.dat.o'.
    Trying implicit prerequisite `pg_aggregate.dat.o,v'.
    Trying pattern rule with stem `pg_aggregate.dat.o'.
    Trying implicit prerequisite `RCS/pg_aggregate.dat.o,v'.
    Trying pattern rule with stem `pg_aggregate.dat.o'.
    Trying implicit prerequisite `RCS/pg_aggregate.dat.o'.
    Trying pattern rule with stem `pg_aggregate.dat.o'.
       Trying pattern rule with stem `pg_proc.dat.S'.
       Trying implicit prerequisite `../../../src/include/catalog/SCCS/s.pg_proc.dat.S'.
     Trying pattern rule with stem `pg_proc.dat'.
     Rejecting impossible implicit prerequisite `../../../src/include/catalog/pg_proc.dat.S'.
     Trying pattern rule with stem `pg_proc.dat'.
     Trying implicit prerequisite `../../../src/include/catalog/pg_proc.dat.mod'.
     Looking for a rule with intermediate file `../../../src/include/catalog/pg_proc.dat.mod'.
      Avoiding implicit rule recursion.
      Avoiding implicit rule recursion.
      Trying pattern rule with stem `pg_proc.dat.mod'.
      Trying implicit prerequisite `../../../src/include/catalog/pg_proc.dat.mod,v'.
      Trying pattern rule with stem `pg_proc.dat.mod'.
      Trying implicit prerequisite `../../../src/include/catalog/RCS/pg_proc.dat.mod,v'.
      Trying pattern rule with stem `pg_proc.dat.mod'.
      Trying implicit prerequisite `../../../src/include/catalog/RCS/pg_proc.dat.mod'.
      Trying pattern rule with stem `pg_proc.dat.mod'.
      Trying implicit prerequisite `../../../src/include/catalog/s.pg_proc.dat.mod'.
      Trying pattern rule with stem `pg_proc.dat.mod'.
      Trying implicit prerequisite `../../../src/include/catalog/SCCS/s.pg_proc.dat.mod'.
    Trying pattern rule with stem `pg_proc.dat'.
    Rejecting impossible implicit prerequisite `../../../src/include/catalog/pg_proc.dat.cc'.
    Trying pattern rule with stem `pg_proc.dat'.
    Rejecting impossible implicit prerequisite `../../../src/include/catalog/pg_proc.dat.C'.
    Trying pattern rule with stem `pg_proc.dat'.
    Rejecting impossible implicit prerequisite `../../../src/include/catalog/pg_proc.dat.cpp'.
    Trying implicit prerequisite `s.pg_aggregate.dat.o'.
    Trying pattern rule with stem `pg_aggregate.dat.o'.
    Trying pattern rule with stem `pg_proc.dat'.
    Rejecting impossible implicit prerequisite `../../../src/include/catalog/pg_proc.dat.p'.
    Trying pattern rule with stem `pg_proc.dat'.
    Trying implicit prerequisite `SCCS/s.pg_aggregate.dat.o'.
    Trying pattern rule with stem `pg_aggregate.dat'.
    Trying implicit prerequisite `pg_aggregate.dat.c'.
    Looking for a rule with intermediate file `pg_aggregate.dat.c'.
     Avoiding implicit rule recursion.
    Rejecting impossible implicit prerequisite `../../../src/include/catalog/pg_proc.dat.f'.
    Trying pattern rule with stem `pg_proc.dat'.
     Avoiding implicit rule recursion.
     Trying pattern rule with stem `pg_aggregate.dat'.
     Trying implicit prerequisite `pg_aggregate.dat.l'.
     Trying pattern rule with stem `pg_aggregate.dat'.
    Rejecting impossible implicit prerequisite `../../../src/include/catalog/pg_proc.dat.F'.
    Trying pattern rule with stem `pg_proc.dat'.
    Rejecting impossible implicit prerequisite `../../../src/include/catalog/pg_proc.dat.m'.
    Trying pattern rule with stem `pg_proc.dat'.
     Trying implicit prerequisite `pg_aggregate.dat.y'.
     Trying pattern rule with stem `pg_aggregate.dat'.
     Trying implicit prerequisite `pg_aggregate.dat.w'.
     Trying pattern rule with stem `pg_aggregate.dat'.
    Rejecting impossible implicit prerequisite `../../../src/include/catalog/pg_proc.dat.r'.
    Trying pattern rule with stem `pg_proc.dat'.
     Trying implicit prerequisite `pg_aggregate.dat.w'.
     Trying pattern rule with stem `pg_aggregate.dat.c'.
     Trying implicit prerequisite `pg_aggregate.dat.c,v'.
     Trying pattern rule with stem `pg_aggregate.dat.c'.
    Rejecting impossible implicit prerequisite `../../../src/include/catalog/pg_proc.dat.s'.
    Trying pattern rule with stem `pg_proc.dat'.
     Trying implicit prerequisite `RCS/pg_aggregate.dat.c,v'.
     Trying pattern rule with stem `pg_aggregate.dat.c'.
    Rejecting impossible implicit prerequisite `../../../src/include/catalog/pg_proc.dat.S'.
    Trying pattern rule with stem `pg_proc.dat'.
    Rejecting impossible implicit prerequisite `../../../src/include/catalog/pg_proc.dat.mod'.
    Trying pattern rule with stem `pg_proc.dat'.
    Trying implicit prerequisite `../../../src/include/catalog/pg_proc.dat.sh'.
    Looking for a rule with intermediate file `../../../src/include/catalog/pg_proc.dat.sh'.
     Avoiding implicit rule recursion.
     Trying pattern rule with stem `pg_proc.dat.sh'.
     Trying implicit prerequisite `RCS/pg_aggregate.dat.c'.
     Trying pattern rule with stem `pg_aggregate.dat.c'.
     Trying implicit prerequisite `../../../src/include/catalog/pg_proc.dat.sh,v'.
     Trying pattern rule with stem `pg_proc.dat.sh'.
     Trying implicit prerequisite `s.pg_aggregate.dat.c'.
     Trying pattern rule with stem `pg_aggregate.dat.c'.
     Trying implicit prerequisite `SCCS/s.pg_aggregate.dat.c'.
     Trying pattern rule with stem `pg_aggregate.dat'.
     Trying implicit prerequisite `pg_aggregate.dat.l'.
     Trying implicit prerequisite `../../../src/include/catalog/RCS/pg_proc.dat.sh,v'.
     Trying pattern rule with stem `pg_proc.dat.sh'.
     Trying implicit prerequisite `../../../src/include/catalog/RCS/pg_proc.dat.sh'.
     Trying pattern rule with stem `pg_proc.dat.sh'.
     Looking for a rule with intermediate file `pg_aggregate.dat.l'.
      Avoiding implicit rule recursion.
      Avoiding implicit rule recursion.
      Avoiding implicit rule recursion.
     Trying implicit prerequisite `../../../src/include/catalog/s.pg_proc.dat.sh'.
     Trying pattern rule with stem `pg_proc.dat.sh'.
      Trying pattern rule with stem `pg_aggregate.dat.l'.
      Trying implicit prerequisite `pg_aggregate.dat.l,v'.
      Trying pattern rule with stem `pg_aggregate.dat.l'.
     Trying implicit prerequisite `../../../src/include/catalog/SCCS/s.pg_proc.dat.sh'.
    No implicit rule found for `../../../src/include/catalog/pg_proc.dat'.
      Trying implicit prerequisite `RCS/pg_aggregate.dat.l,v'.
    Looking for an implicit rule for `../../../src/backend/utils/errcodes.txt'.
      Trying pattern rule with stem `pg_aggregate.dat.l'.
      Trying implicit prerequisite `RCS/pg_aggregate.dat.l'.
      Trying pattern rule with stem `pg_aggregate.dat.l'.
    Trying pattern rule with stem `errcodes.txt'.
      Trying implicit prerequisite `s.pg_aggregate.dat.l'.
      Trying pattern rule with stem `pg_aggregate.dat.l'.
    Trying implicit prerequisite `../../../src/backend/utils/errcodes.txt.o'.
    Trying pattern rule with stem `errcodes.txt'.
      Trying implicit prerequisite `SCCS/s.pg_aggregate.dat.l'.
     Trying pattern rule with stem `pg_aggregate.dat'.
    Trying implicit prerequisite `../../../src/backend/utils/errcodes.txt.cc'.
    Trying pattern rule with stem `errcodes.txt'.
     Trying implicit prerequisite `pg_aggregate.dat.y'.
     Looking for a rule with intermediate file `pg_aggregate.dat.y'.
    Trying implicit prerequisite `../../../src/backend/utils/errcodes.txt.C'.
    Trying pattern rule with stem `errcodes.txt'.
    Trying implicit prerequisite `../../../src/backend/utils/errcodes.txt.cpp'.
    Trying pattern rule with stem `errcodes.txt'.
      Avoiding implicit rule recursion.
      Avoiding implicit rule recursion.
    Trying implicit prerequisite `../../../src/backend/utils/errcodes.txt.p'.
    Trying pattern rule with stem `errcodes.txt'.
      Avoiding implicit rule recursion.
      Trying pattern rule with stem `pg_aggregate.dat.y'.
      Trying implicit prerequisite `pg_aggregate.dat.y,v'.
      Trying pattern rule with stem `pg_aggregate.dat.y'.
    Trying implicit prerequisite `../../../src/backend/utils/errcodes.txt.f'.
    Trying pattern rule with stem `errcodes.txt'.
      Trying implicit prerequisite `RCS/pg_aggregate.dat.y,v'.
      Trying pattern rule with stem `pg_aggregate.dat.y'.
    Trying implicit prerequisite `../../../src/backend/utils/errcodes.txt.F'.
    Trying pattern rule with stem `errcodes.txt'.
      Trying implicit prerequisite `RCS/pg_aggregate.dat.y'.
      Trying pattern rule with stem `pg_aggregate.dat.y'.
    Trying implicit prerequisite `../../../src/backend/utils/errcodes.txt.m'.
    Trying pattern rule with stem `errcodes.txt'.
    Trying implicit prerequisite `../../../src/backend/utils/errcodes.txt.r'.
    Trying pattern rule with stem `errcodes.txt'.
      Trying implicit prerequisite `s.pg_aggregate.dat.y'.
      Trying pattern rule with stem `pg_aggregate.dat.y'.
    Trying implicit prerequisite `../../../src/backend/utils/errcodes.txt.s'.
    Trying pattern rule with stem `errcodes.txt'.
      Trying implicit prerequisite `SCCS/s.pg_aggregate.dat.y'.
     Trying pattern rule with stem `pg_aggregate.dat'.
     Trying implicit prerequisite `pg_aggregate.dat.w'.
    Trying implicit prerequisite `../../../src/backend/utils/errcodes.txt.S'.
    Trying pattern rule with stem `errcodes.txt'.
    Trying implicit prerequisite `../../../src/backend/utils/errcodes.txt.mod'.
     Looking for a rule with intermediate file `pg_aggregate.dat.w'.
      Avoiding implicit rule recursion.
    Trying pattern rule with stem `errcodes.txt'.
    Trying implicit prerequisite `../../../src/backend/utils/errcodes.txt.sh'.
      Avoiding implicit rule recursion.
      Avoiding implicit rule recursion.
      Trying pattern rule with stem `pg_aggregate.dat.w'.
      Trying implicit prerequisite `pg_aggregate.dat.w,v'.
      Trying pattern rule with stem `pg_aggregate.dat.w'.
      Trying implicit prerequisite `RCS/pg_aggregate.dat.w,v'.
      Trying pattern rule with stem `pg_aggregate.dat.w'.
      Trying implicit prerequisite `RCS/pg_aggregate.dat.w'.
      Trying pattern rule with stem `pg_aggregate.dat.w'.
      Trying implicit prerequisite `s.pg_aggregate.dat.w'.
      Trying pattern rule with stem `pg_aggregate.dat.w'.
      Trying implicit prerequisite `SCCS/s.pg_aggregate.dat.w'.
     Trying pattern rule with stem `pg_aggregate.dat'.
     Rejecting impossible implicit prerequisite `pg_aggregate.dat.w'.
    Trying pattern rule with stem `pg_aggregate.dat'.
    Trying implicit prerequisite `pg_aggregate.dat.cc'.
    Looking for a rule with intermediate file `pg_aggregate.dat.cc'.
     Avoiding implicit rule recursion.
     Avoiding implicit rule recursion.
     Trying pattern rule with stem `pg_aggregate.dat.cc'.
     Trying implicit prerequisite `pg_aggregate.dat.cc,v'.
     Trying pattern rule with stem `pg_aggregate.dat.cc'.
     Trying implicit prerequisite `RCS/pg_aggregate.dat.cc,v'.
     Trying pattern rule with stem `pg_aggregate.dat.cc'.
     Trying implicit prerequisite `RCS/pg_aggregate.dat.cc'.
     Trying pattern rule with stem `pg_aggregate.dat.cc'.
     Trying implicit prerequisite `s.pg_aggregate.dat.cc'.
     Trying pattern rule with stem `pg_aggregate.dat.cc'.
     Trying implicit prerequisite `SCCS/s.pg_aggregate.dat.cc'.
    Trying pattern rule with stem `pg_aggregate.dat'.
    Trying implicit prerequisite `pg_aggregate.dat.C'.
    Looking for a rule with intermediate file `pg_aggregate.dat.C'.
     Avoiding implicit rule recursion.
     Avoiding implicit rule recursion.
     Trying pattern rule with stem `pg_aggregate.dat.C'.
     Trying implicit prerequisite `pg_aggregate.dat.C,v'.
     Trying pattern rule with stem `pg_aggregate.dat.C'.
     Trying implicit prerequisite `RCS/pg_aggregate.dat.C,v'.
     Trying pattern rule with stem `pg_aggregate.dat.C'.
     Trying implicit prerequisite `RCS/pg_aggregate.dat.C'.
     Trying pattern rule with stem `pg_aggregate.dat.C'.
     Trying implicit prerequisite `s.pg_aggregate.dat.C'.
     Trying pattern rule with stem `pg_aggregate.dat.C'.
     Trying implicit prerequisite `SCCS/s.pg_aggregate.dat.C'.
    Trying pattern rule with stem `pg_aggregate.dat'.
    Trying implicit prerequisite `pg_aggregate.dat.cpp'.
    Looking for a rule with intermediate file `pg_aggregate.dat.cpp'.
     Avoiding implicit rule recursion.
     Avoiding implicit rule recursion.
     Trying pattern rule with stem `pg_aggregate.dat.cpp'.
     Trying implicit prerequisite `pg_aggregate.dat.cpp,v'.
     Trying pattern rule with stem `pg_aggregate.dat.cpp'.
     Trying implicit prerequisite `RCS/pg_aggregate.dat.cpp,v'.
     Trying pattern rule with stem `pg_aggregate.dat.cpp'.
     Trying implicit prerequisite `RCS/pg_aggregate.dat.cpp'.
     Trying pattern rule with stem `pg_aggregate.dat.cpp'.
     Trying implicit prerequisite `s.pg_aggregate.dat.cpp'.
     Trying pattern rule with stem `pg_aggregate.dat.cpp'.
     Trying implicit prerequisite `SCCS/s.pg_aggregate.dat.cpp'.
    Trying pattern rule with stem `pg_aggregate.dat'.
    Trying implicit prerequisite `pg_aggregate.dat.p'.
    Looking for a rule with intermediate file `pg_aggregate.dat.p'.
     Avoiding implicit rule recursion.
     Avoiding implicit rule recursion.
     Trying pattern rule with stem `pg_aggregate.dat'.
     Trying implicit prerequisite `pg_aggregate.dat.web'.
     Trying pattern rule with stem `pg_aggregate.dat.p'.
     Trying implicit prerequisite `pg_aggregate.dat.p,v'.
     Trying pattern rule with stem `pg_aggregate.dat.p'.
     Trying implicit prerequisite `RCS/pg_aggregate.dat.p,v'.
     Trying pattern rule with stem `pg_aggregate.dat.p'.
     Trying implicit prerequisite `RCS/pg_aggregate.dat.p'.
     Trying pattern rule with stem `pg_aggregate.dat.p'.
     Trying implicit prerequisite `s.pg_aggregate.dat.p'.
     Trying pattern rule with stem `pg_aggregate.dat.p'.
     Trying implicit prerequisite `SCCS/s.pg_aggregate.dat.p'.
     Trying pattern rule with stem `pg_aggregate.dat'.
     Trying implicit prerequisite `pg_aggregate.dat.web'.
     Looking for a rule with intermediate file `pg_aggregate.dat.web'.
      Avoiding implicit rule recursion.
      Avoiding implicit rule recursion.
      Avoiding implicit rule recursion.
      Trying pattern rule with stem `pg_aggregate.dat.web'.
      Trying implicit prerequisite `pg_aggregate.dat.web,v'.
      Trying pattern rule with stem `pg_aggregate.dat.web'.
      Trying implicit prerequisite `RCS/pg_aggregate.dat.web,v'.
      Trying pattern rule with stem `pg_aggregate.dat.web'.
      Trying implicit prerequisite `RCS/pg_aggregate.dat.web'.
      Trying pattern rule with stem `pg_aggregate.dat.web'.
      Trying implicit prerequisite `s.pg_aggregate.dat.web'.
      Trying pattern rule with stem `pg_aggregate.dat.web'.
      Trying implicit prerequisite `SCCS/s.pg_aggregate.dat.web'.
    Trying pattern rule with stem `pg_aggregate.dat'.
    Trying implicit prerequisite `pg_aggregate.dat.f'.
    Looking for a rule with intermediate file `pg_aggregate.dat.f'.
     Avoiding implicit rule recursion.
     Avoiding implicit rule recursion.
     Trying pattern rule with stem `pg_aggregate.dat'.
     Trying implicit prerequisite `pg_aggregate.dat.F'.
     Trying pattern rule with stem `pg_aggregate.dat'.
    Trying pattern rule with stem `errcodes.txt'.
     Trying implicit prerequisite `pg_aggregate.dat.r'.
     Trying pattern rule with stem `pg_aggregate.dat.f'.
     Trying implicit prerequisite `pg_aggregate.dat.f,v'.
     Trying pattern rule with stem `pg_aggregate.dat.f'.
    Trying implicit prerequisite `../../../src/backend/utils/errcodes.txt,v'.
     Trying implicit prerequisite `RCS/pg_aggregate.dat.f,v'.
     Trying pattern rule with stem `pg_aggregate.dat.f'.
     Trying implicit prerequisite `RCS/pg_aggregate.dat.f'.
     Trying pattern rule with stem `pg_aggregate.dat.f'.
    Trying pattern rule with stem `errcodes.txt'.
    Trying implicit prerequisite `../../../src/backend/utils/RCS/errcodes.txt,v'.
    Trying pattern rule with stem `errcodes.txt'.
    Trying implicit prerequisite `../../../src/backend/utils/RCS/errcodes.txt'.
    Trying pattern rule with stem `errcodes.txt'.
    Trying implicit prerequisite `../../../src/backend/utils/s.errcodes.txt'.
    Trying pattern rule with stem `errcodes.txt'.
     Trying implicit prerequisite `s.pg_aggregate.dat.f'.
    Trying implicit prerequisite `../../../src/backend/utils/SCCS/s.errcodes.txt'.
    Trying pattern rule with stem `errcodes.txt'.
    Trying implicit prerequisite `../../../src/backend/utils/errcodes.txt.o'.
    Looking for a rule with intermediate file `../../../src/backend/utils/errcodes.txt.o'.
     Avoiding implicit rule recursion.
     Trying pattern rule with stem `errcodes.txt'.
     Trying implicit prerequisite `../../../src/backend/utils/errcodes.txt.c'.
     Trying pattern rule with stem `errcodes.txt'.
     Trying implicit prerequisite `../../../src/backend/utils/errcodes.txt.cc'.
     Trying pattern rule with stem `errcodes.txt'.
     Trying implicit prerequisite `../../../src/backend/utils/errcodes.txt.C'.
     Trying pattern rule with stem `errcodes.txt'.
     Trying implicit prerequisite `../../../src/backend/utils/errcodes.txt.cpp'.
     Trying pattern rule with stem `errcodes.txt'.
     Trying implicit prerequisite `../../../src/backend/utils/errcodes.txt.p'.
     Trying pattern rule with stem `pg_aggregate.dat.f'.
     Trying implicit prerequisite `SCCS/s.pg_aggregate.dat.f'.
     Trying pattern rule with stem `pg_aggregate.dat'.
     Trying implicit prerequisite `pg_aggregate.dat.F'.
     Looking for a rule with intermediate file `pg_aggregate.dat.F'.
     Trying pattern rule with stem `errcodes.txt'.
     Trying implicit prerequisite `../../../src/backend/utils/errcodes.txt.f'.
     Trying pattern rule with stem `errcodes.txt'.
     Trying implicit prerequisite `../../../src/backend/utils/errcodes.txt.F'.
     Trying pattern rule with stem `errcodes.txt'.
     Trying implicit prerequisite `../../../src/backend/utils/errcodes.txt.m'.
     Trying pattern rule with stem `errcodes.txt'.
     Trying implicit prerequisite `../../../src/backend/utils/errcodes.txt.r'.
     Trying pattern rule with stem `errcodes.txt'.
     Trying implicit prerequisite `../../../src/backend/utils/errcodes.txt.s'.
     Trying pattern rule with stem `errcodes.txt'.
     Trying implicit prerequisite `../../../src/backend/utils/errcodes.txt.S'.
      Avoiding implicit rule recursion.
      Avoiding implicit rule recursion.
      Avoiding implicit rule recursion.
      Trying pattern rule with stem `pg_aggregate.dat.F'.
      Trying implicit prerequisite `pg_aggregate.dat.F,v'.
      Trying pattern rule with stem `pg_aggregate.dat.F'.
      Trying implicit prerequisite `RCS/pg_aggregate.dat.F,v'.
      Trying pattern rule with stem `pg_aggregate.dat.F'.
      Trying implicit prerequisite `RCS/pg_aggregate.dat.F'.
      Trying pattern rule with stem `pg_aggregate.dat.F'.
      Trying implicit prerequisite `s.pg_aggregate.dat.F'.
      Trying pattern rule with stem `pg_aggregate.dat.F'.
      Trying implicit prerequisite `SCCS/s.pg_aggregate.dat.F'.
     Trying pattern rule with stem `pg_aggregate.dat'.
     Trying implicit prerequisite `pg_aggregate.dat.r'.
     Looking for a rule with intermediate file `pg_aggregate.dat.r'.
      Avoiding implicit rule recursion.
      Avoiding implicit rule recursion.
      Avoiding implicit rule recursion.
      Trying pattern rule with stem `pg_aggregate.dat'.
      Rejecting impossible implicit prerequisite `pg_aggregate.dat.l'.
      Trying pattern rule with stem `pg_aggregate.dat.r'.
      Trying implicit prerequisite `pg_aggregate.dat.r,v'.
      Trying pattern rule with stem `pg_aggregate.dat.r'.
      Trying implicit prerequisite `RCS/pg_aggregate.dat.r,v'.
      Trying pattern rule with stem `pg_aggregate.dat.r'.
      Trying implicit prerequisite `RCS/pg_aggregate.dat.r'.
      Trying pattern rule with stem `pg_aggregate.dat.r'.
      Trying implicit prerequisite `s.pg_aggregate.dat.r'.
     Trying pattern rule with stem `errcodes.txt'.
     Trying implicit prerequisite `../../../src/backend/utils/errcodes.txt.mod'.
     Trying pattern rule with stem `errcodes.txt.o'.
     Trying implicit prerequisite `../../../src/backend/utils/errcodes.txt.o,v'.
     Trying pattern rule with stem `errcodes.txt.o'.
     Trying implicit prerequisite `../../../src/backend/utils/RCS/errcodes.txt.o,v'.
     Trying pattern rule with stem `errcodes.txt.o'.
     Trying implicit prerequisite `../../../src/backend/utils/RCS/errcodes.txt.o'.
     Trying pattern rule with stem `errcodes.txt.o'.
     Trying implicit prerequisite `../../../src/backend/utils/s.errcodes.txt.o'.
      Trying pattern rule with stem `pg_aggregate.dat.r'.
      Trying implicit prerequisite `SCCS/s.pg_aggregate.dat.r'.
     Trying pattern rule with stem `errcodes.txt.o'.
     Trying implicit prerequisite `../../../src/backend/utils/SCCS/s.errcodes.txt.o'.
     Trying pattern rule with stem `errcodes.txt'.
     Trying implicit prerequisite `../../../src/backend/utils/errcodes.txt.c'.
     Looking for a rule with intermediate file `../../../src/backend/utils/errcodes.txt.c'.
      Avoiding implicit rule recursion.
      Avoiding implicit rule recursion.
      Trying pattern rule with stem `errcodes.txt'.
    Trying pattern rule with stem `pg_aggregate.dat'.
    Rejecting impossible implicit prerequisite `pg_aggregate.dat.F'.
    Trying pattern rule with stem `pg_aggregate.dat'.
    Trying implicit prerequisite `pg_aggregate.dat.m'.
    Looking for a rule with intermediate file `pg_aggregate.dat.m'.
     Avoiding implicit rule recursion.
     Avoiding implicit rule recursion.
     Trying pattern rule with stem `pg_aggregate.dat'.
     Trying implicit prerequisite `pg_aggregate.dat.ym'.
     Trying pattern rule with stem `pg_aggregate.dat'.
     Trying implicit prerequisite `pg_aggregate.dat.lm'.
      Trying implicit prerequisite `../../../src/backend/utils/errcodes.txt.l'.
      Trying pattern rule with stem `errcodes.txt'.
     Trying pattern rule with stem `pg_aggregate.dat.m'.
     Trying implicit prerequisite `pg_aggregate.dat.m,v'.
     Trying pattern rule with stem `pg_aggregate.dat.m'.
     Trying implicit prerequisite `RCS/pg_aggregate.dat.m,v'.
     Trying pattern rule with stem `pg_aggregate.dat.m'.
     Trying implicit prerequisite `RCS/pg_aggregate.dat.m'.
     Trying pattern rule with stem `pg_aggregate.dat.m'.
     Trying implicit prerequisite `s.pg_aggregate.dat.m'.
      Trying implicit prerequisite `../../../src/backend/utils/errcodes.txt.y'.
      Trying pattern rule with stem `errcodes.txt'.
     Trying pattern rule with stem `pg_aggregate.dat.m'.
     Trying implicit prerequisite `SCCS/s.pg_aggregate.dat.m'.
     Trying pattern rule with stem `pg_aggregate.dat'.
     Trying implicit prerequisite `pg_aggregate.dat.ym'.
     Looking for a rule with intermediate file `pg_aggregate.dat.ym'.
      Avoiding implicit rule recursion.
      Avoiding implicit rule recursion.
      Avoiding implicit rule recursion.
      Trying pattern rule with stem `pg_aggregate.dat.ym'.
      Trying implicit prerequisite `../../../src/backend/utils/errcodes.txt.w'.
      Trying pattern rule with stem `errcodes.txt'.
      Trying implicit prerequisite `pg_aggregate.dat.ym,v'.
      Trying pattern rule with stem `pg_aggregate.dat.ym'.
      Trying implicit prerequisite `RCS/pg_aggregate.dat.ym,v'.
      Trying pattern rule with stem `pg_aggregate.dat.ym'.
      Trying implicit prerequisite `RCS/pg_aggregate.dat.ym'.
      Trying pattern rule with stem `pg_aggregate.dat.ym'.
      Trying implicit prerequisite `s.pg_aggregate.dat.ym'.
      Trying pattern rule with stem `pg_aggregate.dat.ym'.
      Trying implicit prerequisite `../../../src/backend/utils/errcodes.txt.w'.
      Trying pattern rule with stem `errcodes.txt.c'.
      Trying implicit prerequisite `SCCS/s.pg_aggregate.dat.ym'.
     Trying pattern rule with stem `pg_aggregate.dat'.
     Trying implicit prerequisite `pg_aggregate.dat.lm'.
     Looking for a rule with intermediate file `pg_aggregate.dat.lm'.
      Avoiding implicit rule recursion.
      Avoiding implicit rule recursion.
      Avoiding implicit rule recursion.
      Trying pattern rule with stem `pg_aggregate.dat.lm'.
      Trying implicit prerequisite `pg_aggregate.dat.lm,v'.
      Trying pattern rule with stem `pg_aggregate.dat.lm'.
      Trying implicit prerequisite `RCS/pg_aggregate.dat.lm,v'.
      Trying pattern rule with stem `pg_aggregate.dat.lm'.
      Trying implicit prerequisite `RCS/pg_aggregate.dat.lm'.
      Trying pattern rule with stem `pg_aggregate.dat.lm'.
      Trying implicit prerequisite `s.pg_aggregate.dat.lm'.
      Trying pattern rule with stem `pg_aggregate.dat.lm'.
      Trying implicit prerequisite `SCCS/s.pg_aggregate.dat.lm'.
    Trying pattern rule with stem `pg_aggregate.dat'.
    Rejecting impossible implicit prerequisite `pg_aggregate.dat.r'.
    Trying pattern rule with stem `pg_aggregate.dat'.
    Trying implicit prerequisite `pg_aggregate.dat.s'.
    Looking for a rule with intermediate file `pg_aggregate.dat.s'.
     Avoiding implicit rule recursion.
     Avoiding implicit rule recursion.
     Trying pattern rule with stem `pg_aggregate.dat'.
     Trying implicit prerequisite `pg_aggregate.dat.S'.
     Trying pattern rule with stem `pg_aggregate.dat.s'.
     Trying implicit prerequisite `pg_aggregate.dat.s,v'.
     Trying pattern rule with stem `pg_aggregate.dat.s'.
     Trying implicit prerequisite `RCS/pg_aggregate.dat.s,v'.
     Trying pattern rule with stem `pg_aggregate.dat.s'.
     Trying implicit prerequisite `RCS/pg_aggregate.dat.s'.
     Trying pattern rule with stem `pg_aggregate.dat.s'.
     Trying implicit prerequisite `s.pg_aggregate.dat.s'.
     Trying pattern rule with stem `pg_aggregate.dat.s'.
     Trying implicit prerequisite `SCCS/s.pg_aggregate.dat.s'.
     Trying pattern rule with stem `pg_aggregate.dat'.
     Trying implicit prerequisite `pg_aggregate.dat.S'.
     Looking for a rule with intermediate file `pg_aggregate.dat.S'.
      Avoiding implicit rule recursion.
      Avoiding implicit rule recursion.
      Avoiding implicit rule recursion.
      Trying pattern rule with stem `pg_aggregate.dat.S'.
      Trying implicit prerequisite `pg_aggregate.dat.S,v'.
      Trying pattern rule with stem `pg_aggregate.dat.S'.
      Trying implicit prerequisite `RCS/pg_aggregate.dat.S,v'.
      Trying pattern rule with stem `pg_aggregate.dat.S'.
      Trying implicit prerequisite `RCS/pg_aggregate.dat.S'.
      Trying pattern rule with stem `pg_aggregate.dat.S'.
      Trying implicit prerequisite `s.pg_aggregate.dat.S'.
      Trying pattern rule with stem `pg_aggregate.dat.S'.
      Trying implicit prerequisite `SCCS/s.pg_aggregate.dat.S'.
    Trying pattern rule with stem `pg_aggregate.dat'.
    Rejecting impossible implicit prerequisite `pg_aggregate.dat.S'.
    Trying pattern rule with stem `pg_aggregate.dat'.
      Trying implicit prerequisite `../../../src/backend/utils/errcodes.txt.c,v'.
      Trying pattern rule with stem `errcodes.txt.c'.
      Trying implicit prerequisite `../../../src/backend/utils/RCS/errcodes.txt.c,v'.
      Trying pattern rule with stem `errcodes.txt.c'.
      Trying implicit prerequisite `../../../src/backend/utils/RCS/errcodes.txt.c'.
      Trying pattern rule with stem `errcodes.txt.c'.
      Trying implicit prerequisite `../../../src/backend/utils/s.errcodes.txt.c'.
      Trying pattern rule with stem `errcodes.txt.c'.
      Trying implicit prerequisite `../../../src/backend/utils/SCCS/s.errcodes.txt.c'.
      Trying pattern rule with stem `errcodes.txt'.
    Trying implicit prerequisite `pg_aggregate.dat.mod'.
    Looking for a rule with intermediate file `pg_aggregate.dat.mod'.
     Avoiding implicit rule recursion.
     Avoiding implicit rule recursion.
     Trying pattern rule with stem `pg_aggregate.dat.mod'.
     Trying implicit prerequisite `pg_aggregate.dat.mod,v'.
     Trying pattern rule with stem `pg_aggregate.dat.mod'.
     Trying implicit prerequisite `RCS/pg_aggregate.dat.mod,v'.
     Trying pattern rule with stem `pg_aggregate.dat.mod'.
     Trying implicit prerequisite `RCS/pg_aggregate.dat.mod'.
      Trying implicit prerequisite `../../../src/backend/utils/errcodes.txt.l'.
      Looking for a rule with intermediate file `../../../src/backend/utils/errcodes.txt.l'.
       Avoiding implicit rule recursion.
       Avoiding implicit rule recursion.
       Avoiding implicit rule recursion.
       Trying pattern rule with stem `errcodes.txt.l'.
       Trying implicit prerequisite `../../../src/backend/utils/errcodes.txt.l,v'.
       Trying pattern rule with stem `errcodes.txt.l'.
       Trying implicit prerequisite `../../../src/backend/utils/RCS/errcodes.txt.l,v'.
       Trying pattern rule with stem `errcodes.txt.l'.
       Trying implicit prerequisite `../../../src/backend/utils/RCS/errcodes.txt.l'.
       Trying pattern rule with stem `errcodes.txt.l'.
       Trying implicit prerequisite `../../../src/backend/utils/s.errcodes.txt.l'.
     Trying pattern rule with stem `pg_aggregate.dat.mod'.
     Trying implicit prerequisite `s.pg_aggregate.dat.mod'.
     Trying pattern rule with stem `pg_aggregate.dat.mod'.
     Trying implicit prerequisite `SCCS/s.pg_aggregate.dat.mod'.
   Trying pattern rule with stem `pg_aggregate.dat'.
   Rejecting impossible implicit prerequisite `pg_aggregate.dat.cc'.
   Trying pattern rule with stem `pg_aggregate.dat'.
       Trying pattern rule with stem `errcodes.txt.l'.
       Trying implicit prerequisite `../../../src/backend/utils/SCCS/s.errcodes.txt.l'.
      Trying pattern rule with stem `errcodes.txt'.
      Trying implicit prerequisite `../../../src/backend/utils/errcodes.txt.y'.
      Looking for a rule with intermediate file `../../../src/backend/utils/errcodes.txt.y'.
       Avoiding implicit rule recursion.
       Avoiding implicit rule recursion.
       Avoiding implicit rule recursion.
   Rejecting impossible implicit prerequisite `pg_aggregate.dat.C'.
   Trying pattern rule with stem `pg_aggregate.dat'.
   Rejecting impossible implicit prerequisite `pg_aggregate.dat.cpp'.
       Trying pattern rule with stem `errcodes.txt.y'.
       Trying implicit prerequisite `../../../src/backend/utils/errcodes.txt.y,v'.
       Trying pattern rule with stem `errcodes.txt.y'.
       Trying implicit prerequisite `../../../src/backend/utils/RCS/errcodes.txt.y,v'.
       Trying pattern rule with stem `errcodes.txt.y'.
       Trying implicit prerequisite `../../../src/backend/utils/RCS/errcodes.txt.y'.
       Trying pattern rule with stem `errcodes.txt.y'.
       Trying implicit prerequisite `../../../src/backend/utils/s.errcodes.txt.y'.
       Trying pattern rule with stem `errcodes.txt.y'.
       Trying implicit prerequisite `../../../src/backend/utils/SCCS/s.errcodes.txt.y'.
      Trying pattern rule with stem `errcodes.txt'.
   Trying pattern rule with stem `pg_aggregate.dat'.
   Rejecting impossible implicit prerequisite `pg_aggregate.dat.p'.
   Trying pattern rule with stem `pg_aggregate.dat'.
   Rejecting impossible implicit prerequisite `pg_aggregate.dat.f'.
   Trying pattern rule with stem `pg_aggregate.dat'.
   Rejecting impossible implicit prerequisite `pg_aggregate.dat.F'.
   Trying pattern rule with stem `pg_aggregate.dat'.
   Rejecting impossible implicit prerequisite `pg_aggregate.dat.m'.
   Trying pattern rule with stem `pg_aggregate.dat'.
   Rejecting impossible implicit prerequisite `pg_aggregate.dat.r'.
   Trying pattern rule with stem `pg_aggregate.dat'.
   Rejecting impossible implicit prerequisite `pg_aggregate.dat.s'.
   Trying pattern rule with stem `pg_aggregate.dat'.
   Rejecting impossible implicit prerequisite `pg_aggregate.dat.S'.
   Trying pattern rule with stem `pg_aggregate.dat'.
   Rejecting impossible implicit prerequisite `pg_aggregate.dat.mod'.
   Trying pattern rule with stem `pg_aggregate.dat'.
   Trying implicit prerequisite `pg_aggregate.dat.sh'.
   Looking for a rule with intermediate file `pg_aggregate.dat.sh'.
    Avoiding implicit rule recursion.
    Trying pattern rule with stem `pg_aggregate.dat.sh'.
    Trying implicit prerequisite `pg_aggregate.dat.sh,v'.
    Trying pattern rule with stem `pg_aggregate.dat.sh'.
    Trying implicit prerequisite `RCS/pg_aggregate.dat.sh,v'.
    Trying pattern rule with stem `pg_aggregate.dat.sh'.
    Trying implicit prerequisite `RCS/pg_aggregate.dat.sh'.
    Trying pattern rule with stem `pg_aggregate.dat.sh'.
    Trying implicit prerequisite `s.pg_aggregate.dat.sh'.
    Trying pattern rule with stem `pg_aggregate.dat.sh'.
      Trying implicit prerequisite `../../../src/backend/utils/errcodes.txt.w'.
      Looking for a rule with intermediate file `../../../src/backend/utils/errcodes.txt.w'.
       Avoiding implicit rule recursion.
       Avoiding implicit rule recursion.
       Avoiding implicit rule recursion.
       Trying pattern rule with stem `errcodes.txt.w'.
    Trying implicit prerequisite `SCCS/s.pg_aggregate.dat.sh'.
       Trying implicit prerequisite `../../../src/backend/utils/errcodes.txt.w,v'.
       Trying pattern rule with stem `errcodes.txt.w'.
       Trying implicit prerequisite `../../../src/backend/utils/RCS/errcodes.txt.w,v'.
       Trying pattern rule with stem `errcodes.txt.w'.
       Trying implicit prerequisite `../../../src/backend/utils/RCS/errcodes.txt.w'.
       Trying pattern rule with stem `errcodes.txt.w'.
       Trying implicit prerequisite `../../../src/backend/utils/s.errcodes.txt.w'.
       Trying pattern rule with stem `errcodes.txt.w'.
       Trying implicit prerequisite `../../../src/backend/utils/SCCS/s.errcodes.txt.w'.
      Trying pattern rule with stem `errcodes.txt'.
   No implicit rule found for `pg_aggregate.dat'.
   Looking for an implicit rule for `pg_am.dat'.
   Trying pattern rule with stem `pg_am.dat'.
   Trying implicit prerequisite `pg_am.dat.o'.
   Trying pattern rule with stem `pg_am.dat'.
   Trying implicit prerequisite `pg_am.dat.cc'.
      Rejecting impossible implicit prerequisite `../../../src/backend/utils/errcodes.txt.w'.
     Trying pattern rule with stem `errcodes.txt'.
     Trying implicit prerequisite `../../../src/backend/utils/errcodes.txt.cc'.
     Looking for a rule with intermediate file `../../../src/backend/utils/errcodes.txt.cc'.
      Avoiding implicit rule recursion.
      Avoiding implicit rule recursion.
      Trying pattern rule with stem `errcodes.txt.cc'.
      Trying implicit prerequisite `../../../src/backend/utils/errcodes.txt.cc,v'.
      Trying pattern rule with stem `errcodes.txt.cc'.
      Trying implicit prerequisite `../../../src/backend/utils/RCS/errcodes.txt.cc,v'.
      Trying pattern rule with stem `errcodes.txt.cc'.
      Trying implicit prerequisite `../../../src/backend/utils/RCS/errcodes.txt.cc'.
      Trying pattern rule with stem `errcodes.txt.cc'.
      Trying implicit prerequisite `../../../src/backend/utils/s.errcodes.txt.cc'.
      Trying pattern rule with stem `errcodes.txt.cc'.
   Trying pattern rule with stem `pg_am.dat'.
   Trying implicit prerequisite `pg_am.dat.C'.
   Trying pattern rule with stem `pg_am.dat'.
   Trying implicit prerequisite `pg_am.dat.cpp'.
   Trying pattern rule with stem `pg_am.dat'.
   Trying implicit prerequisite `pg_am.dat.p'.
   Trying pattern rule with stem `pg_am.dat'.
   Trying implicit prerequisite `pg_am.dat.f'.
   Trying pattern rule with stem `pg_am.dat'.
   Trying implicit prerequisite `pg_am.dat.F'.
   Trying pattern rule with stem `pg_am.dat'.
   Trying implicit prerequisite `pg_am.dat.m'.
   Trying pattern rule with stem `pg_am.dat'.
   Trying implicit prerequisite `pg_am.dat.r'.
   Trying pattern rule with stem `pg_am.dat'.
   Trying implicit prerequisite `pg_am.dat.s'.
   Trying pattern rule with stem `pg_am.dat'.
   Trying implicit prerequisite `pg_am.dat.S'.
   Trying pattern rule with stem `pg_am.dat'.
   Trying implicit prerequisite `pg_am.dat.mod'.
   Trying pattern rule with stem `pg_am.dat'.
   Trying implicit prerequisite `pg_am.dat.sh'.
   Trying pattern rule with stem `pg_am.dat'.
   Trying implicit prerequisite `pg_am.dat,v'.
   Trying pattern rule with stem `pg_am.dat'.
   Trying implicit prerequisite `RCS/pg_am.dat,v'.
   Trying pattern rule with stem `pg_am.dat'.
      Trying implicit prerequisite `../../../src/backend/utils/SCCS/s.errcodes.txt.cc'.
     Trying pattern rule with stem `errcodes.txt'.
   Trying implicit prerequisite `RCS/pg_am.dat'.
   Trying pattern rule with stem `pg_am.dat'.
   Trying implicit prerequisite `s.pg_am.dat'.
   Trying pattern rule with stem `pg_am.dat'.
   Trying implicit prerequisite `SCCS/s.pg_am.dat'.
   Trying pattern rule with stem `pg_am.dat'.
   Trying implicit prerequisite `pg_am.dat.o'.
   Looking for a rule with intermediate file `pg_am.dat.o'.
     Trying implicit prerequisite `../../../src/backend/utils/errcodes.txt.C'.
     Looking for a rule with intermediate file `../../../src/backend/utils/errcodes.txt.C'.
      Avoiding implicit rule recursion.
    Avoiding implicit rule recursion.
    Trying pattern rule with stem `pg_am.dat'.
    Trying implicit prerequisite `pg_am.dat.c'.
    Trying pattern rule with stem `pg_am.dat'.
    Trying implicit prerequisite `pg_am.dat.cc'.
    Trying pattern rule with stem `pg_am.dat'.
    Trying implicit prerequisite `pg_am.dat.C'.
      Avoiding implicit rule recursion.
      Trying pattern rule with stem `errcodes.txt.C'.
      Trying implicit prerequisite `../../../src/backend/utils/errcodes.txt.C,v'.
      Trying pattern rule with stem `errcodes.txt.C'.
      Trying implicit prerequisite `../../../src/backend/utils/RCS/errcodes.txt.C,v'.
      Trying pattern rule with stem `errcodes.txt.C'.
      Trying implicit prerequisite `../../../src/backend/utils/RCS/errcodes.txt.C'.
      Trying pattern rule with stem `errcodes.txt.C'.
      Trying implicit prerequisite `../../../src/backend/utils/s.errcodes.txt.C'.
      Trying pattern rule with stem `errcodes.txt.C'.
    Trying pattern rule with stem `pg_am.dat'.
    Trying implicit prerequisite `pg_am.dat.cpp'.
      Trying implicit prerequisite `../../../src/backend/utils/SCCS/s.errcodes.txt.C'.
     Trying pattern rule with stem `errcodes.txt'.
     Trying implicit prerequisite `../../../src/backend/utils/errcodes.txt.cpp'.
     Looking for a rule with intermediate file `../../../src/backend/utils/errcodes.txt.cpp'.
      Avoiding implicit rule recursion.
      Avoiding implicit rule recursion.
      Trying pattern rule with stem `errcodes.txt.cpp'.
      Trying implicit prerequisite `../../../src/backend/utils/errcodes.txt.cpp,v'.
    Trying pattern rule with stem `pg_am.dat'.
    Trying implicit prerequisite `pg_am.dat.p'.
      Trying pattern rule with stem `errcodes.txt.cpp'.
      Trying implicit prerequisite `../../../src/backend/utils/RCS/errcodes.txt.cpp,v'.
      Trying pattern rule with stem `errcodes.txt.cpp'.
      Trying implicit prerequisite `../../../src/backend/utils/RCS/errcodes.txt.cpp'.
      Trying pattern rule with stem `errcodes.txt.cpp'.
      Trying implicit prerequisite `../../../src/backend/utils/s.errcodes.txt.cpp'.
      Trying pattern rule with stem `errcodes.txt.cpp'.
      Trying implicit prerequisite `../../../src/backend/utils/SCCS/s.errcodes.txt.cpp'.
     Trying pattern rule with stem `errcodes.txt'.
     Trying implicit prerequisite `../../../src/backend/utils/errcodes.txt.p'.
     Looking for a rule with intermediate file `../../../src/backend/utils/errcodes.txt.p'.
      Avoiding implicit rule recursion.
      Avoiding implicit rule recursion.
      Trying pattern rule with stem `errcodes.txt'.
      Trying implicit prerequisite `../../../src/backend/utils/errcodes.txt.web'.
      Trying pattern rule with stem `errcodes.txt.p'.
      Trying implicit prerequisite `../../../src/backend/utils/errcodes.txt.p,v'.
      Trying pattern rule with stem `errcodes.txt.p'.
      Trying implicit prerequisite `../../../src/backend/utils/RCS/errcodes.txt.p,v'.
    Trying pattern rule with stem `pg_am.dat'.
    Trying implicit prerequisite `pg_am.dat.f'.
    Trying pattern rule with stem `pg_am.dat'.
    Trying implicit prerequisite `pg_am.dat.F'.
    Trying pattern rule with stem `pg_am.dat'.
      Trying pattern rule with stem `errcodes.txt.p'.
      Trying implicit prerequisite `../../../src/backend/utils/RCS/errcodes.txt.p'.
      Trying pattern rule with stem `errcodes.txt.p'.
      Trying implicit prerequisite `../../../src/backend/utils/s.errcodes.txt.p'.
      Trying pattern rule with stem `errcodes.txt.p'.
      Trying implicit prerequisite `../../../src/backend/utils/SCCS/s.errcodes.txt.p'.
    Trying implicit prerequisite `pg_am.dat.m'.
    Trying pattern rule with stem `pg_am.dat'.
    Trying implicit prerequisite `pg_am.dat.r'.
    Trying pattern rule with stem `pg_am.dat'.
      Trying pattern rule with stem `errcodes.txt'.
      Trying implicit prerequisite `../../../src/backend/utils/errcodes.txt.web'.
      Looking for a rule with intermediate file `../../../src/backend/utils/errcodes.txt.web'.
       Avoiding implicit rule recursion.
    Trying implicit prerequisite `pg_am.dat.s'.
    Trying pattern rule with stem `pg_am.dat'.
       Avoiding implicit rule recursion.
       Avoiding implicit rule recursion.
       Trying pattern rule with stem `errcodes.txt.web'.
       Trying implicit prerequisite `../../../src/backend/utils/errcodes.txt.web,v'.
       Trying pattern rule with stem `errcodes.txt.web'.
       Trying implicit prerequisite `../../../src/backend/utils/RCS/errcodes.txt.web,v'.
       Trying pattern rule with stem `errcodes.txt.web'.
       Trying implicit prerequisite `../../../src/backend/utils/RCS/errcodes.txt.web'.
       Trying pattern rule with stem `errcodes.txt.web'.
       Trying implicit prerequisite `../../../src/backend/utils/s.errcodes.txt.web'.
       Trying pattern rule with stem `errcodes.txt.web'.
       Trying implicit prerequisite `../../../src/backend/utils/SCCS/s.errcodes.txt.web'.
     Trying pattern rule with stem `errcodes.txt'.
    Trying implicit prerequisite `pg_am.dat.S'.
    Trying pattern rule with stem `pg_am.dat'.
    Trying implicit prerequisite `pg_am.dat.mod'.
    Trying pattern rule with stem `pg_am.dat.o'.
    Trying implicit prerequisite `pg_am.dat.o,v'.
    Trying pattern rule with stem `pg_am.dat.o'.
    Trying implicit prerequisite `RCS/pg_am.dat.o,v'.
    Trying pattern rule with stem `pg_am.dat.o'.
    Trying implicit prerequisite `RCS/pg_am.dat.o'.
    Trying pattern rule with stem `pg_am.dat.o'.
    Trying implicit prerequisite `s.pg_am.dat.o'.
    Trying pattern rule with stem `pg_am.dat.o'.
    Trying implicit prerequisite `SCCS/s.pg_am.dat.o'.
    Trying pattern rule with stem `pg_am.dat'.
    Trying implicit prerequisite `pg_am.dat.c'.
     Trying implicit prerequisite `../../../src/backend/utils/errcodes.txt.f'.
     Looking for a rule with intermediate file `../../../src/backend/utils/errcodes.txt.f'.
      Avoiding implicit rule recursion.
      Avoiding implicit rule recursion.
      Trying pattern rule with stem `errcodes.txt'.
      Trying implicit prerequisite `../../../src/backend/utils/errcodes.txt.F'.
      Trying pattern rule with stem `errcodes.txt'.
    Looking for a rule with intermediate file `pg_am.dat.c'.
     Avoiding implicit rule recursion.
     Avoiding implicit rule recursion.
      Trying implicit prerequisite `../../../src/backend/utils/errcodes.txt.r'.
      Trying pattern rule with stem `errcodes.txt.f'.
      Trying implicit prerequisite `../../../src/backend/utils/errcodes.txt.f,v'.
      Trying pattern rule with stem `errcodes.txt.f'.
      Trying implicit prerequisite `../../../src/backend/utils/RCS/errcodes.txt.f,v'.
      Trying pattern rule with stem `errcodes.txt.f'.
      Trying implicit prerequisite `../../../src/backend/utils/RCS/errcodes.txt.f'.
      Trying pattern rule with stem `errcodes.txt.f'.
     Trying pattern rule with stem `pg_am.dat'.
     Trying implicit prerequisite `pg_am.dat.l'.
     Trying pattern rule with stem `pg_am.dat'.
      Trying implicit prerequisite `../../../src/backend/utils/s.errcodes.txt.f'.
      Trying pattern rule with stem `errcodes.txt.f'.
      Trying implicit prerequisite `../../../src/backend/utils/SCCS/s.errcodes.txt.f'.
      Trying pattern rule with stem `errcodes.txt'.
      Trying implicit prerequisite `../../../src/backend/utils/errcodes.txt.F'.
      Looking for a rule with intermediate file `../../../src/backend/utils/errcodes.txt.F'.
       Avoiding implicit rule recursion.
       Avoiding implicit rule recursion.
       Avoiding implicit rule recursion.
       Trying pattern rule with stem `errcodes.txt.F'.
       Trying implicit prerequisite `../../../src/backend/utils/errcodes.txt.F,v'.
       Trying pattern rule with stem `errcodes.txt.F'.
     Trying implicit prerequisite `pg_am.dat.y'.
     Trying pattern rule with stem `pg_am.dat'.
     Trying implicit prerequisite `pg_am.dat.w'.
     Trying pattern rule with stem `pg_am.dat'.
     Trying implicit prerequisite `pg_am.dat.w'.
     Trying pattern rule with stem `pg_am.dat.c'.
     Trying implicit prerequisite `pg_am.dat.c,v'.
     Trying pattern rule with stem `pg_am.dat.c'.
     Trying implicit prerequisite `RCS/pg_am.dat.c,v'.
     Trying pattern rule with stem `pg_am.dat.c'.
     Trying implicit prerequisite `RCS/pg_am.dat.c'.
     Trying pattern rule with stem `pg_am.dat.c'.
     Trying implicit prerequisite `s.pg_am.dat.c'.
     Trying pattern rule with stem `pg_am.dat.c'.
     Trying implicit prerequisite `SCCS/s.pg_am.dat.c'.
     Trying pattern rule with stem `pg_am.dat'.
     Trying implicit prerequisite `pg_am.dat.l'.
       Trying implicit prerequisite `../../../src/backend/utils/RCS/errcodes.txt.F,v'.
       Trying pattern rule with stem `errcodes.txt.F'.
       Trying implicit prerequisite `../../../src/backend/utils/RCS/errcodes.txt.F'.
       Trying pattern rule with stem `errcodes.txt.F'.
       Trying implicit prerequisite `../../../src/backend/utils/s.errcodes.txt.F'.
       Trying pattern rule with stem `errcodes.txt.F'.
       Trying implicit prerequisite `../../../src/backend/utils/SCCS/s.errcodes.txt.F'.
      Trying pattern rule with stem `errcodes.txt'.
      Trying implicit prerequisite `../../../src/backend/utils/errcodes.txt.r'.
      Looking for a rule with intermediate file `../../../src/backend/utils/errcodes.txt.r'.
       Avoiding implicit rule recursion.
       Avoiding implicit rule recursion.
       Avoiding implicit rule recursion.
       Trying pattern rule with stem `errcodes.txt'.
       Rejecting impossible implicit prerequisite `../../../src/backend/utils/errcodes.txt.l'.
       Trying pattern rule with stem `errcodes.txt.r'.
     Looking for a rule with intermediate file `pg_am.dat.l'.
      Avoiding implicit rule recursion.
      Avoiding implicit rule recursion.
      Avoiding implicit rule recursion.
      Trying pattern rule with stem `pg_am.dat.l'.
      Trying implicit prerequisite `pg_am.dat.l,v'.
      Trying pattern rule with stem `pg_am.dat.l'.
      Trying implicit prerequisite `RCS/pg_am.dat.l,v'.
      Trying pattern rule with stem `pg_am.dat.l'.
      Trying implicit prerequisite `RCS/pg_am.dat.l'.
      Trying pattern rule with stem `pg_am.dat.l'.
      Trying implicit prerequisite `s.pg_am.dat.l'.
      Trying pattern rule with stem `pg_am.dat.l'.
      Trying implicit prerequisite `SCCS/s.pg_am.dat.l'.
     Trying pattern rule with stem `pg_am.dat'.
     Trying implicit prerequisite `pg_am.dat.y'.
     Looking for a rule with intermediate file `pg_am.dat.y'.
      Avoiding implicit rule recursion.
      Avoiding implicit rule recursion.
      Avoiding implicit rule recursion.
      Trying pattern rule with stem `pg_am.dat.y'.
      Trying implicit prerequisite `pg_am.dat.y,v'.
      Trying pattern rule with stem `pg_am.dat.y'.
      Trying implicit prerequisite `RCS/pg_am.dat.y,v'.
      Trying pattern rule with stem `pg_am.dat.y'.
      Trying implicit prerequisite `RCS/pg_am.dat.y'.
      Trying pattern rule with stem `pg_am.dat.y'.
      Trying implicit prerequisite `s.pg_am.dat.y'.
      Trying pattern rule with stem `pg_am.dat.y'.
      Trying implicit prerequisite `SCCS/s.pg_am.dat.y'.
       Trying implicit prerequisite `../../../src/backend/utils/errcodes.txt.r,v'.
       Trying pattern rule with stem `errcodes.txt.r'.
     Trying pattern rule with stem `pg_am.dat'.
       Trying implicit prerequisite `../../../src/backend/utils/RCS/errcodes.txt.r,v'.
     Trying implicit prerequisite `pg_am.dat.w'.
       Trying pattern rule with stem `errcodes.txt.r'.
       Trying implicit prerequisite `../../../src/backend/utils/RCS/errcodes.txt.r'.
       Trying pattern rule with stem `errcodes.txt.r'.
     Looking for a rule with intermediate file `pg_am.dat.w'.
      Avoiding implicit rule recursion.
      Avoiding implicit rule recursion.
      Avoiding implicit rule recursion.
       Trying implicit prerequisite `../../../src/backend/utils/s.errcodes.txt.r'.
       Trying pattern rule with stem `errcodes.txt.r'.
      Trying pattern rule with stem `pg_am.dat.w'.
      Trying implicit prerequisite `pg_am.dat.w,v'.
      Trying pattern rule with stem `pg_am.dat.w'.
       Trying implicit prerequisite `../../../src/backend/utils/SCCS/s.errcodes.txt.r'.
      Trying implicit prerequisite `RCS/pg_am.dat.w,v'.
      Trying pattern rule with stem `pg_am.dat.w'.
      Trying implicit prerequisite `RCS/pg_am.dat.w'.
      Trying pattern rule with stem `pg_am.dat.w'.
      Trying implicit prerequisite `s.pg_am.dat.w'.
      Trying pattern rule with stem `pg_am.dat.w'.
      Trying implicit prerequisite `SCCS/s.pg_am.dat.w'.
     Trying pattern rule with stem `errcodes.txt'.
     Rejecting impossible implicit prerequisite `../../../src/backend/utils/errcodes.txt.F'.
     Trying pattern rule with stem `errcodes.txt'.
     Trying pattern rule with stem `pg_am.dat'.
     Trying implicit prerequisite `../../../src/backend/utils/errcodes.txt.m'.
     Looking for a rule with intermediate file `../../../src/backend/utils/errcodes.txt.m'.
      Avoiding implicit rule recursion.
      Avoiding implicit rule recursion.
     Rejecting impossible implicit prerequisite `pg_am.dat.w'.
    Trying pattern rule with stem `pg_am.dat'.
    Trying implicit prerequisite `pg_am.dat.cc'.
    Looking for a rule with intermediate file `pg_am.dat.cc'.
     Avoiding implicit rule recursion.
      Trying pattern rule with stem `errcodes.txt'.
      Trying implicit prerequisite `../../../src/backend/utils/errcodes.txt.ym'.
      Trying pattern rule with stem `errcodes.txt'.
     Avoiding implicit rule recursion.
     Trying pattern rule with stem `pg_am.dat.cc'.
     Trying implicit prerequisite `pg_am.dat.cc,v'.
     Trying pattern rule with stem `pg_am.dat.cc'.
     Trying implicit prerequisite `RCS/pg_am.dat.cc,v'.
     Trying pattern rule with stem `pg_am.dat.cc'.
     Trying implicit prerequisite `RCS/pg_am.dat.cc'.
     Trying pattern rule with stem `pg_am.dat.cc'.
     Trying implicit prerequisite `s.pg_am.dat.cc'.
     Trying pattern rule with stem `pg_am.dat.cc'.
     Trying implicit prerequisite `SCCS/s.pg_am.dat.cc'.
      Trying implicit prerequisite `../../../src/backend/utils/errcodes.txt.lm'.
      Trying pattern rule with stem `errcodes.txt.m'.
    Trying pattern rule with stem `pg_am.dat'.
    Trying implicit prerequisite `pg_am.dat.C'.
    Looking for a rule with intermediate file `pg_am.dat.C'.
      Trying implicit prerequisite `../../../src/backend/utils/errcodes.txt.m,v'.
      Trying pattern rule with stem `errcodes.txt.m'.
      Trying implicit prerequisite `../../../src/backend/utils/RCS/errcodes.txt.m,v'.
     Avoiding implicit rule recursion.
     Avoiding implicit rule recursion.
      Trying pattern rule with stem `errcodes.txt.m'.
      Trying implicit prerequisite `../../../src/backend/utils/RCS/errcodes.txt.m'.
      Trying pattern rule with stem `errcodes.txt.m'.
     Trying pattern rule with stem `pg_am.dat.C'.
     Trying implicit prerequisite `pg_am.dat.C,v'.
     Trying pattern rule with stem `pg_am.dat.C'.
      Trying implicit prerequisite `../../../src/backend/utils/s.errcodes.txt.m'.
      Trying pattern rule with stem `errcodes.txt.m'.
      Trying implicit prerequisite `../../../src/backend/utils/SCCS/s.errcodes.txt.m'.
      Trying pattern rule with stem `errcodes.txt'.
     Trying implicit prerequisite `RCS/pg_am.dat.C,v'.
     Trying pattern rule with stem `pg_am.dat.C'.
      Trying implicit prerequisite `../../../src/backend/utils/errcodes.txt.ym'.
      Looking for a rule with intermediate file `../../../src/backend/utils/errcodes.txt.ym'.
       Avoiding implicit rule recursion.
       Avoiding implicit rule recursion.
     Trying implicit prerequisite `RCS/pg_am.dat.C'.
     Trying pattern rule with stem `pg_am.dat.C'.
       Avoiding implicit rule recursion.
       Trying pattern rule with stem `errcodes.txt.ym'.
       Trying implicit prerequisite `../../../src/backend/utils/errcodes.txt.ym,v'.
       Trying pattern rule with stem `errcodes.txt.ym'.
     Trying implicit prerequisite `s.pg_am.dat.C'.
     Trying pattern rule with stem `pg_am.dat.C'.
       Trying implicit prerequisite `../../../src/backend/utils/RCS/errcodes.txt.ym,v'.
       Trying pattern rule with stem `errcodes.txt.ym'.
     Trying implicit prerequisite `SCCS/s.pg_am.dat.C'.
    Trying pattern rule with stem `pg_am.dat'.
    Trying implicit prerequisite `pg_am.dat.cpp'.
    Looking for a rule with intermediate file `pg_am.dat.cpp'.
     Avoiding implicit rule recursion.
       Trying implicit prerequisite `../../../src/backend/utils/RCS/errcodes.txt.ym'.
       Trying pattern rule with stem `errcodes.txt.ym'.
     Avoiding implicit rule recursion.
     Trying pattern rule with stem `pg_am.dat.cpp'.
     Trying implicit prerequisite `pg_am.dat.cpp,v'.
     Trying pattern rule with stem `pg_am.dat.cpp'.
     Trying implicit prerequisite `RCS/pg_am.dat.cpp,v'.
       Trying implicit prerequisite `../../../src/backend/utils/s.errcodes.txt.ym'.
       Trying pattern rule with stem `errcodes.txt.ym'.
       Trying implicit prerequisite `../../../src/backend/utils/SCCS/s.errcodes.txt.ym'.
      Trying pattern rule with stem `errcodes.txt'.
     Trying pattern rule with stem `pg_am.dat.cpp'.
     Trying implicit prerequisite `RCS/pg_am.dat.cpp'.
     Trying pattern rule with stem `pg_am.dat.cpp'.
      Trying implicit prerequisite `../../../src/backend/utils/errcodes.txt.lm'.
      Looking for a rule with intermediate file `../../../src/backend/utils/errcodes.txt.lm'.
       Avoiding implicit rule recursion.
       Avoiding implicit rule recursion.
     Trying implicit prerequisite `s.pg_am.dat.cpp'.
     Trying pattern rule with stem `pg_am.dat.cpp'.
       Avoiding implicit rule recursion.
       Trying pattern rule with stem `errcodes.txt.lm'.
       Trying implicit prerequisite `../../../src/backend/utils/errcodes.txt.lm,v'.
       Trying pattern rule with stem `errcodes.txt.lm'.
     Trying implicit prerequisite `SCCS/s.pg_am.dat.cpp'.
    Trying pattern rule with stem `pg_am.dat'.
    Trying implicit prerequisite `pg_am.dat.p'.
    Looking for a rule with intermediate file `pg_am.dat.p'.
     Avoiding implicit rule recursion.
       Trying implicit prerequisite `../../../src/backend/utils/RCS/errcodes.txt.lm,v'.
       Trying pattern rule with stem `errcodes.txt.lm'.
     Avoiding implicit rule recursion.
     Trying pattern rule with stem `pg_am.dat'.
     Trying implicit prerequisite `pg_am.dat.web'.
       Trying implicit prerequisite `../../../src/backend/utils/RCS/errcodes.txt.lm'.
       Trying pattern rule with stem `errcodes.txt.lm'.
     Trying pattern rule with stem `pg_am.dat.p'.
     Trying implicit prerequisite `pg_am.dat.p,v'.
     Trying pattern rule with stem `pg_am.dat.p'.
       Trying implicit prerequisite `../../../src/backend/utils/s.errcodes.txt.lm'.
       Trying pattern rule with stem `errcodes.txt.lm'.
       Trying implicit prerequisite `../../../src/backend/utils/SCCS/s.errcodes.txt.lm'.
     Trying pattern rule with stem `errcodes.txt'.
     Rejecting impossible implicit prerequisite `../../../src/backend/utils/errcodes.txt.r'.
     Trying pattern rule with stem `errcodes.txt'.
     Trying implicit prerequisite `../../../src/backend/utils/errcodes.txt.s'.
     Looking for a rule with intermediate file `../../../src/backend/utils/errcodes.txt.s'.
      Avoiding implicit rule recursion.
     Trying implicit prerequisite `RCS/pg_am.dat.p,v'.
     Trying pattern rule with stem `pg_am.dat.p'.
      Avoiding implicit rule recursion.
      Trying pattern rule with stem `errcodes.txt'.
      Trying implicit prerequisite `../../../src/backend/utils/errcodes.txt.S'.
      Trying pattern rule with stem `errcodes.txt.s'.
     Trying implicit prerequisite `RCS/pg_am.dat.p'.
     Trying pattern rule with stem `pg_am.dat.p'.
     Trying implicit prerequisite `s.pg_am.dat.p'.
     Trying pattern rule with stem `pg_am.dat.p'.
     Trying implicit prerequisite `SCCS/s.pg_am.dat.p'.
     Trying pattern rule with stem `pg_am.dat'.
      Trying implicit prerequisite `../../../src/backend/utils/errcodes.txt.s,v'.
      Trying pattern rule with stem `errcodes.txt.s'.
     Trying implicit prerequisite `pg_am.dat.web'.
     Looking for a rule with intermediate file `pg_am.dat.web'.
      Avoiding implicit rule recursion.
      Avoiding implicit rule recursion.
      Trying implicit prerequisite `../../../src/backend/utils/RCS/errcodes.txt.s,v'.
      Trying pattern rule with stem `errcodes.txt.s'.
      Trying implicit prerequisite `../../../src/backend/utils/RCS/errcodes.txt.s'.
      Avoiding implicit rule recursion.
      Trying pattern rule with stem `pg_am.dat.web'.
      Trying pattern rule with stem `errcodes.txt.s'.
      Trying implicit prerequisite `../../../src/backend/utils/s.errcodes.txt.s'.
      Trying pattern rule with stem `errcodes.txt.s'.
      Trying implicit prerequisite `pg_am.dat.web,v'.
      Trying pattern rule with stem `pg_am.dat.web'.
      Trying implicit prerequisite `../../../src/backend/utils/SCCS/s.errcodes.txt.s'.
      Trying pattern rule with stem `errcodes.txt'.
      Trying implicit prerequisite `../../../src/backend/utils/errcodes.txt.S'.
      Looking for a rule with intermediate file `../../../src/backend/utils/errcodes.txt.S'.
       Avoiding implicit rule recursion.
      Trying implicit prerequisite `RCS/pg_am.dat.web,v'.
      Trying pattern rule with stem `pg_am.dat.web'.
       Avoiding implicit rule recursion.
       Avoiding implicit rule recursion.
      Trying implicit prerequisite `RCS/pg_am.dat.web'.
      Trying pattern rule with stem `pg_am.dat.web'.
       Trying pattern rule with stem `errcodes.txt.S'.
       Trying implicit prerequisite `../../../src/backend/utils/errcodes.txt.S,v'.
       Trying pattern rule with stem `errcodes.txt.S'.
      Trying implicit prerequisite `s.pg_am.dat.web'.
      Trying pattern rule with stem `pg_am.dat.web'.
       Trying implicit prerequisite `../../../src/backend/utils/RCS/errcodes.txt.S,v'.
       Trying pattern rule with stem `errcodes.txt.S'.
      Trying implicit prerequisite `SCCS/s.pg_am.dat.web'.
       Trying implicit prerequisite `../../../src/backend/utils/RCS/errcodes.txt.S'.
       Trying pattern rule with stem `errcodes.txt.S'.
    Trying pattern rule with stem `pg_am.dat'.
    Trying implicit prerequisite `pg_am.dat.f'.
    Looking for a rule with intermediate file `pg_am.dat.f'.
       Trying implicit prerequisite `../../../src/backend/utils/s.errcodes.txt.S'.
       Trying pattern rule with stem `errcodes.txt.S'.
       Trying implicit prerequisite `../../../src/backend/utils/SCCS/s.errcodes.txt.S'.
     Trying pattern rule with stem `errcodes.txt'.
     Rejecting impossible implicit prerequisite `../../../src/backend/utils/errcodes.txt.S'.
     Trying pattern rule with stem `errcodes.txt'.
     Trying implicit prerequisite `../../../src/backend/utils/errcodes.txt.mod'.
     Looking for a rule with intermediate file `../../../src/backend/utils/errcodes.txt.mod'.
      Avoiding implicit rule recursion.
     Avoiding implicit rule recursion.
     Avoiding implicit rule recursion.
      Avoiding implicit rule recursion.
      Trying pattern rule with stem `errcodes.txt.mod'.
      Trying implicit prerequisite `../../../src/backend/utils/errcodes.txt.mod,v'.
      Trying pattern rule with stem `errcodes.txt.mod'.
     Trying pattern rule with stem `pg_am.dat'.
     Trying implicit prerequisite `pg_am.dat.F'.
     Trying pattern rule with stem `pg_am.dat'.
      Trying implicit prerequisite `../../../src/backend/utils/RCS/errcodes.txt.mod,v'.
      Trying pattern rule with stem `errcodes.txt.mod'.
     Trying implicit prerequisite `pg_am.dat.r'.
     Trying pattern rule with stem `pg_am.dat.f'.
      Trying implicit prerequisite `../../../src/backend/utils/RCS/errcodes.txt.mod'.
      Trying pattern rule with stem `errcodes.txt.mod'.
     Trying implicit prerequisite `pg_am.dat.f,v'.
     Trying pattern rule with stem `pg_am.dat.f'.
      Trying implicit prerequisite `../../../src/backend/utils/s.errcodes.txt.mod'.
      Trying pattern rule with stem `errcodes.txt.mod'.
     Trying implicit prerequisite `RCS/pg_am.dat.f,v'.
     Trying pattern rule with stem `pg_am.dat.f'.
      Trying implicit prerequisite `../../../src/backend/utils/SCCS/s.errcodes.txt.mod'.
     Trying implicit prerequisite `RCS/pg_am.dat.f'.
     Trying pattern rule with stem `pg_am.dat.f'.
    Trying pattern rule with stem `errcodes.txt'.
    Rejecting impossible implicit prerequisite `../../../src/backend/utils/errcodes.txt.cc'.
    Trying pattern rule with stem `errcodes.txt'.
     Trying implicit prerequisite `s.pg_am.dat.f'.
     Trying pattern rule with stem `pg_am.dat.f'.
     Trying implicit prerequisite `SCCS/s.pg_am.dat.f'.
     Trying pattern rule with stem `pg_am.dat'.
    Rejecting impossible implicit prerequisite `../../../src/backend/utils/errcodes.txt.C'.
    Trying pattern rule with stem `errcodes.txt'.
     Trying implicit prerequisite `pg_am.dat.F'.
     Looking for a rule with intermediate file `pg_am.dat.F'.
      Avoiding implicit rule recursion.
      Avoiding implicit rule recursion.
    Rejecting impossible implicit prerequisite `../../../src/backend/utils/errcodes.txt.cpp'.
    Trying pattern rule with stem `errcodes.txt'.
      Avoiding implicit rule recursion.
      Trying pattern rule with stem `pg_am.dat.F'.
      Trying implicit prerequisite `pg_am.dat.F,v'.
    Rejecting impossible implicit prerequisite `../../../src/backend/utils/errcodes.txt.p'.
    Trying pattern rule with stem `errcodes.txt'.
      Trying pattern rule with stem `pg_am.dat.F'.
      Trying implicit prerequisite `RCS/pg_am.dat.F,v'.
      Trying pattern rule with stem `pg_am.dat.F'.
    Rejecting impossible implicit prerequisite `../../../src/backend/utils/errcodes.txt.f'.
    Trying pattern rule with stem `errcodes.txt'.
      Trying implicit prerequisite `RCS/pg_am.dat.F'.
      Trying pattern rule with stem `pg_am.dat.F'.
      Trying implicit prerequisite `s.pg_am.dat.F'.
      Trying pattern rule with stem `pg_am.dat.F'.
    Rejecting impossible implicit prerequisite `../../../src/backend/utils/errcodes.txt.F'.
    Trying pattern rule with stem `errcodes.txt'.
      Trying implicit prerequisite `SCCS/s.pg_am.dat.F'.
     Trying pattern rule with stem `pg_am.dat'.
     Trying implicit prerequisite `pg_am.dat.r'.
     Looking for a rule with intermediate file `pg_am.dat.r'.
      Avoiding implicit rule recursion.
    Rejecting impossible implicit prerequisite `../../../src/backend/utils/errcodes.txt.m'.
    Trying pattern rule with stem `errcodes.txt'.
      Avoiding implicit rule recursion.
      Avoiding implicit rule recursion.
    Rejecting impossible implicit prerequisite `../../../src/backend/utils/errcodes.txt.r'.
    Trying pattern rule with stem `errcodes.txt'.
      Trying pattern rule with stem `pg_am.dat'.
      Rejecting impossible implicit prerequisite `pg_am.dat.l'.
      Trying pattern rule with stem `pg_am.dat.r'.
    Rejecting impossible implicit prerequisite `../../../src/backend/utils/errcodes.txt.s'.
    Trying pattern rule with stem `errcodes.txt'.
      Trying implicit prerequisite `pg_am.dat.r,v'.
      Trying pattern rule with stem `pg_am.dat.r'.
      Trying implicit prerequisite `RCS/pg_am.dat.r,v'.
      Trying pattern rule with stem `pg_am.dat.r'.
    Rejecting impossible implicit prerequisite `../../../src/backend/utils/errcodes.txt.S'.
    Trying pattern rule with stem `errcodes.txt'.
      Trying implicit prerequisite `RCS/pg_am.dat.r'.
      Trying pattern rule with stem `pg_am.dat.r'.
    Rejecting impossible implicit prerequisite `../../../src/backend/utils/errcodes.txt.mod'.
    Trying pattern rule with stem `errcodes.txt'.
      Trying implicit prerequisite `s.pg_am.dat.r'.
      Trying pattern rule with stem `pg_am.dat.r'.
    Trying implicit prerequisite `../../../src/backend/utils/errcodes.txt.sh'.
    Looking for a rule with intermediate file `../../../src/backend/utils/errcodes.txt.sh'.
      Trying implicit prerequisite `SCCS/s.pg_am.dat.r'.
     Avoiding implicit rule recursion.
     Trying pattern rule with stem `errcodes.txt.sh'.
    Trying pattern rule with stem `pg_am.dat'.
    Rejecting impossible implicit prerequisite `pg_am.dat.F'.
    Trying pattern rule with stem `pg_am.dat'.
     Trying implicit prerequisite `../../../src/backend/utils/errcodes.txt.sh,v'.
     Trying pattern rule with stem `errcodes.txt.sh'.
     Trying implicit prerequisite `../../../src/backend/utils/RCS/errcodes.txt.sh,v'.
     Trying pattern rule with stem `errcodes.txt.sh'.
    Trying implicit prerequisite `pg_am.dat.m'.
    Looking for a rule with intermediate file `pg_am.dat.m'.
     Avoiding implicit rule recursion.
     Avoiding implicit rule recursion.
     Trying pattern rule with stem `pg_am.dat'.
     Trying implicit prerequisite `pg_am.dat.ym'.
     Trying pattern rule with stem `pg_am.dat'.
     Trying implicit prerequisite `../../../src/backend/utils/RCS/errcodes.txt.sh'.
     Trying pattern rule with stem `errcodes.txt.sh'.
     Trying implicit prerequisite `pg_am.dat.lm'.
     Trying pattern rule with stem `pg_am.dat.m'.
     Trying implicit prerequisite `../../../src/backend/utils/s.errcodes.txt.sh'.
     Trying pattern rule with stem `errcodes.txt.sh'.
     Trying implicit prerequisite `pg_am.dat.m,v'.
     Trying pattern rule with stem `pg_am.dat.m'.
     Trying implicit prerequisite `RCS/pg_am.dat.m,v'.
     Trying pattern rule with stem `pg_am.dat.m'.
     Trying implicit prerequisite `../../../src/backend/utils/SCCS/s.errcodes.txt.sh'.
    No implicit rule found for `../../../src/backend/utils/errcodes.txt'.
     Trying implicit prerequisite `RCS/pg_am.dat.m'.
    Looking for an implicit rule for `generate-errcodes.pl'.
    Trying pattern rule with stem `generate-errcodes.pl'.
    Trying implicit prerequisite `generate-errcodes.pl.o'.
    Trying pattern rule with stem `generate-errcodes.pl'.
     Trying pattern rule with stem `pg_am.dat.m'.
     Trying implicit prerequisite `s.pg_am.dat.m'.
     Trying pattern rule with stem `pg_am.dat.m'.
    Trying implicit prerequisite `generate-errcodes.pl.cc'.
    Trying pattern rule with stem `generate-errcodes.pl'.
     Trying implicit prerequisite `SCCS/s.pg_am.dat.m'.
     Trying pattern rule with stem `pg_am.dat'.
     Trying implicit prerequisite `pg_am.dat.ym'.
     Looking for a rule with intermediate file `pg_am.dat.ym'.
      Avoiding implicit rule recursion.
    Trying implicit prerequisite `generate-errcodes.pl.C'.
    Trying pattern rule with stem `generate-errcodes.pl'.
      Avoiding implicit rule recursion.
      Avoiding implicit rule recursion.
    Trying implicit prerequisite `generate-errcodes.pl.cpp'.
    Trying pattern rule with stem `generate-errcodes.pl'.
      Trying pattern rule with stem `pg_am.dat.ym'.
      Trying implicit prerequisite `pg_am.dat.ym,v'.
      Trying pattern rule with stem `pg_am.dat.ym'.
    Trying implicit prerequisite `generate-errcodes.pl.p'.
    Trying pattern rule with stem `generate-errcodes.pl'.
    Trying implicit prerequisite `generate-errcodes.pl.f'.
    Trying pattern rule with stem `generate-errcodes.pl'.
      Trying implicit prerequisite `RCS/pg_am.dat.ym,v'.
      Trying pattern rule with stem `pg_am.dat.ym'.
    Trying implicit prerequisite `generate-errcodes.pl.F'.
    Trying pattern rule with stem `generate-errcodes.pl'.
      Trying implicit prerequisite `RCS/pg_am.dat.ym'.
      Trying pattern rule with stem `pg_am.dat.ym'.
    Trying implicit prerequisite `generate-errcodes.pl.m'.
    Trying pattern rule with stem `generate-errcodes.pl'.
      Trying implicit prerequisite `s.pg_am.dat.ym'.
      Trying pattern rule with stem `pg_am.dat.ym'.
    Trying implicit prerequisite `generate-errcodes.pl.r'.
    Trying pattern rule with stem `generate-errcodes.pl'.
    Trying implicit prerequisite `generate-errcodes.pl.s'.
    Trying pattern rule with stem `generate-errcodes.pl'.
      Trying implicit prerequisite `SCCS/s.pg_am.dat.ym'.
     Trying pattern rule with stem `pg_am.dat'.
     Trying implicit prerequisite `pg_am.dat.lm'.
     Looking for a rule with intermediate file `pg_am.dat.lm'.
      Avoiding implicit rule recursion.
      Avoiding implicit rule recursion.
      Avoiding implicit rule recursion.
      Trying pattern rule with stem `pg_am.dat.lm'.
    Trying implicit prerequisite `generate-errcodes.pl.S'.
    Trying pattern rule with stem `generate-errcodes.pl'.
    Trying implicit prerequisite `generate-errcodes.pl.mod'.
    Trying pattern rule with stem `generate-errcodes.pl'.
      Trying implicit prerequisite `pg_am.dat.lm,v'.
      Trying pattern rule with stem `pg_am.dat.lm'.
      Trying implicit prerequisite `RCS/pg_am.dat.lm,v'.
      Trying pattern rule with stem `pg_am.dat.lm'.
    Trying implicit prerequisite `generate-errcodes.pl.sh'.
    Trying pattern rule with stem `generate-errcodes.pl'.
      Trying implicit prerequisite `RCS/pg_am.dat.lm'.
      Trying pattern rule with stem `pg_am.dat.lm'.
    Trying implicit prerequisite `generate-errcodes.pl,v'.
    Trying pattern rule with stem `generate-errcodes.pl'.
      Trying implicit prerequisite `s.pg_am.dat.lm'.
      Trying pattern rule with stem `pg_am.dat.lm'.
    Trying implicit prerequisite `RCS/generate-errcodes.pl,v'.
    Trying pattern rule with stem `generate-errcodes.pl'.
      Trying implicit prerequisite `SCCS/s.pg_am.dat.lm'.
    Trying implicit prerequisite `RCS/generate-errcodes.pl'.
    Trying pattern rule with stem `generate-errcodes.pl'.
    Trying pattern rule with stem `pg_am.dat'.
    Rejecting impossible implicit prerequisite `pg_am.dat.r'.
    Trying pattern rule with stem `pg_am.dat'.
    Trying implicit prerequisite `s.generate-errcodes.pl'.
    Trying pattern rule with stem `generate-errcodes.pl'.
    Trying implicit prerequisite `pg_am.dat.s'.
    Looking for a rule with intermediate file `pg_am.dat.s'.
     Avoiding implicit rule recursion.
     Avoiding implicit rule recursion.
    Trying implicit prerequisite `SCCS/s.generate-errcodes.pl'.
    Trying pattern rule with stem `generate-errcodes.pl'.
     Trying pattern rule with stem `pg_am.dat'.
     Trying implicit prerequisite `pg_am.dat.S'.
     Trying pattern rule with stem `pg_am.dat.s'.
    Trying implicit prerequisite `generate-errcodes.pl.o'.
    Looking for a rule with intermediate file `generate-errcodes.pl.o'.
     Avoiding implicit rule recursion.
     Trying pattern rule with stem `generate-errcodes.pl'.
     Trying implicit prerequisite `generate-errcodes.pl.c'.
     Trying pattern rule with stem `generate-errcodes.pl'.
     Trying implicit prerequisite `generate-errcodes.pl.cc'.
     Trying pattern rule with stem `generate-errcodes.pl'.
     Trying implicit prerequisite `generate-errcodes.pl.C'.
     Trying pattern rule with stem `generate-errcodes.pl'.
     Trying implicit prerequisite `generate-errcodes.pl.cpp'.
     Trying pattern rule with stem `generate-errcodes.pl'.
     Trying implicit prerequisite `pg_am.dat.s,v'.
     Trying pattern rule with stem `pg_am.dat.s'.
     Trying implicit prerequisite `generate-errcodes.pl.p'.
     Trying implicit prerequisite `RCS/pg_am.dat.s,v'.
     Trying pattern rule with stem `pg_am.dat.s'.
     Trying implicit prerequisite `RCS/pg_am.dat.s'.
     Trying pattern rule with stem `pg_am.dat.s'.
     Trying implicit prerequisite `s.pg_am.dat.s'.
     Trying pattern rule with stem `pg_am.dat.s'.
     Trying implicit prerequisite `SCCS/s.pg_am.dat.s'.
     Trying pattern rule with stem `generate-errcodes.pl'.
     Trying implicit prerequisite `generate-errcodes.pl.f'.
     Trying pattern rule with stem `generate-errcodes.pl'.
     Trying implicit prerequisite `generate-errcodes.pl.F'.
     Trying pattern rule with stem `generate-errcodes.pl'.
     Trying implicit prerequisite `generate-errcodes.pl.m'.
     Trying pattern rule with stem `generate-errcodes.pl'.
     Trying implicit prerequisite `generate-errcodes.pl.r'.
     Trying pattern rule with stem `generate-errcodes.pl'.
     Trying implicit prerequisite `generate-errcodes.pl.s'.
     Trying pattern rule with stem `generate-errcodes.pl'.
     Trying implicit prerequisite `generate-errcodes.pl.S'.
     Trying pattern rule with stem `generate-errcodes.pl'.
     Trying implicit prerequisite `generate-errcodes.pl.mod'.
     Trying pattern rule with stem `generate-errcodes.pl.o'.
     Trying pattern rule with stem `pg_am.dat'.
     Trying implicit prerequisite `pg_am.dat.S'.
     Trying implicit prerequisite `generate-errcodes.pl.o,v'.
     Trying pattern rule with stem `generate-errcodes.pl.o'.
     Trying implicit prerequisite `RCS/generate-errcodes.pl.o,v'.
     Trying pattern rule with stem `generate-errcodes.pl.o'.
     Looking for a rule with intermediate file `pg_am.dat.S'.
     Trying implicit prerequisite `RCS/generate-errcodes.pl.o'.
      Avoiding implicit rule recursion.
      Avoiding implicit rule recursion.
      Avoiding implicit rule recursion.
      Trying pattern rule with stem `pg_am.dat.S'.
     Trying pattern rule with stem `generate-errcodes.pl.o'.
     Trying implicit prerequisite `s.generate-errcodes.pl.o'.
     Trying pattern rule with stem `generate-errcodes.pl.o'.
      Trying implicit prerequisite `pg_am.dat.S,v'.
      Trying pattern rule with stem `pg_am.dat.S'.
      Trying implicit prerequisite `RCS/pg_am.dat.S,v'.
      Trying pattern rule with stem `pg_am.dat.S'.
     Trying implicit prerequisite `SCCS/s.generate-errcodes.pl.o'.
     Trying pattern rule with stem `generate-errcodes.pl'.
      Trying implicit prerequisite `RCS/pg_am.dat.S'.
      Trying pattern rule with stem `pg_am.dat.S'.
      Trying implicit prerequisite `s.pg_am.dat.S'.
      Trying pattern rule with stem `pg_am.dat.S'.
      Trying implicit prerequisite `SCCS/s.pg_am.dat.S'.
    Trying pattern rule with stem `pg_am.dat'.
    Rejecting impossible implicit prerequisite `pg_am.dat.S'.
    Trying pattern rule with stem `pg_am.dat'.
    Trying implicit prerequisite `pg_am.dat.mod'.
    Looking for a rule with intermediate file `pg_am.dat.mod'.
     Avoiding implicit rule recursion.
     Avoiding implicit rule recursion.
     Trying implicit prerequisite `generate-errcodes.pl.c'.
     Looking for a rule with intermediate file `generate-errcodes.pl.c'.
      Avoiding implicit rule recursion.
      Avoiding implicit rule recursion.
      Trying pattern rule with stem `generate-errcodes.pl'.
      Trying implicit prerequisite `generate-errcodes.pl.l'.
      Trying pattern rule with stem `generate-errcodes.pl'.
      Trying implicit prerequisite `generate-errcodes.pl.y'.
     Trying pattern rule with stem `pg_am.dat.mod'.
     Trying implicit prerequisite `pg_am.dat.mod,v'.
     Trying pattern rule with stem `pg_am.dat.mod'.
      Trying pattern rule with stem `generate-errcodes.pl'.
      Trying implicit prerequisite `generate-errcodes.pl.w'.
      Trying pattern rule with stem `generate-errcodes.pl'.
     Trying implicit prerequisite `RCS/pg_am.dat.mod,v'.
     Trying pattern rule with stem `pg_am.dat.mod'.
     Trying implicit prerequisite `RCS/pg_am.dat.mod'.
     Trying pattern rule with stem `pg_am.dat.mod'.
     Trying implicit prerequisite `s.pg_am.dat.mod'.
     Trying pattern rule with stem `pg_am.dat.mod'.
     Trying implicit prerequisite `SCCS/s.pg_am.dat.mod'.
      Trying implicit prerequisite `generate-errcodes.pl.w'.
      Trying pattern rule with stem `generate-errcodes.pl.c'.
      Trying implicit prerequisite `generate-errcodes.pl.c,v'.
   Trying pattern rule with stem `pg_am.dat'.
   Rejecting impossible implicit prerequisite `pg_am.dat.cc'.
   Trying pattern rule with stem `pg_am.dat'.
      Trying pattern rule with stem `generate-errcodes.pl.c'.
      Trying implicit prerequisite `RCS/generate-errcodes.pl.c,v'.
      Trying pattern rule with stem `generate-errcodes.pl.c'.
      Trying implicit prerequisite `RCS/generate-errcodes.pl.c'.
      Trying pattern rule with stem `generate-errcodes.pl.c'.
   Rejecting impossible implicit prerequisite `pg_am.dat.C'.
   Trying pattern rule with stem `pg_am.dat'.
   Rejecting impossible implicit prerequisite `pg_am.dat.cpp'.
   Trying pattern rule with stem `pg_am.dat'.
      Trying implicit prerequisite `s.generate-errcodes.pl.c'.
      Trying pattern rule with stem `generate-errcodes.pl.c'.
   Rejecting impossible implicit prerequisite `pg_am.dat.p'.
Reaping winning child 0x143210580 PID 93741 
Removing child 0x143210580 PID 93741 from chain.
   Trying pattern rule with stem `pg_am.dat'.
Considering target file `lwlocknames.h'.
File `lwlocknames.h' was considered already.
      Trying implicit prerequisite `SCCS/s.generate-errcodes.pl.c'.
      Trying pattern rule with stem `generate-errcodes.pl'.
      Trying implicit prerequisite `generate-errcodes.pl.l'.
      Looking for a rule with intermediate file `generate-errcodes.pl.l'.
       Avoiding implicit rule recursion.
       Avoiding implicit rule recursion.
       Avoiding implicit rule recursion.
       Trying pattern rule with stem `generate-errcodes.pl.l'.
   Rejecting impossible implicit prerequisite `pg_am.dat.f'.
   Trying pattern rule with stem `pg_am.dat'.
   Rejecting impossible implicit prerequisite `pg_am.dat.F'.
   Trying pattern rule with stem `pg_am.dat'.
   Rejecting impossible implicit prerequisite `pg_am.dat.m'.
   Trying pattern rule with stem `pg_am.dat'.
   Rejecting impossible implicit prerequisite `pg_am.dat.r'.
   Trying pattern rule with stem `pg_am.dat'.
   Rejecting impossible implicit prerequisite `pg_am.dat.s'.
   Trying pattern rule with stem `pg_am.dat'.
   Rejecting impossible implicit prerequisite `pg_am.dat.S'.
   Trying pattern rule with stem `pg_am.dat'.
   Rejecting impossible implicit prerequisite `pg_am.dat.mod'.
   Trying pattern rule with stem `pg_am.dat'.
   Trying implicit prerequisite `pg_am.dat.sh'.
   Looking for a rule with intermediate file `pg_am.dat.sh'.
    Avoiding implicit rule recursion.
    Trying pattern rule with stem `pg_am.dat.sh'.
       Trying implicit prerequisite `generate-errcodes.pl.l,v'.
    Trying implicit prerequisite `pg_am.dat.sh,v'.
    Trying pattern rule with stem `pg_am.dat.sh'.
    Trying implicit prerequisite `RCS/pg_am.dat.sh,v'.
    Trying pattern rule with stem `pg_am.dat.sh'.
    Trying implicit prerequisite `RCS/pg_am.dat.sh'.
       Trying pattern rule with stem `generate-errcodes.pl.l'.
    Trying pattern rule with stem `pg_am.dat.sh'.
       Trying implicit prerequisite `RCS/generate-errcodes.pl.l,v'.
Reaping winning child 0x14b73ab00 PID 93735 
       Trying pattern rule with stem `generate-errcodes.pl.l'.
Removing child 0x14b73ab00 PID 93735 from chain.
    Trying implicit prerequisite `s.pg_am.dat.sh'.
Released token for child 0x14b73ab00 (storage/lmgr/lwlocknames.h).
    Trying pattern rule with stem `pg_am.dat.sh'.
       Trying implicit prerequisite `RCS/generate-errcodes.pl.l'.
Live child 0x14ca04510 (parser/gram.h) PID 93737 
Live child 0x14b73ae40 (utils/activity/wait_event_types.h) PID 93736 
    Trying implicit prerequisite `SCCS/s.pg_am.dat.sh'.
       Trying pattern rule with stem `generate-errcodes.pl.l'.
       Trying implicit prerequisite `s.generate-errcodes.pl.l'.
       Trying pattern rule with stem `generate-errcodes.pl.l'.
   No implicit rule found for `pg_am.dat'.
       Trying implicit prerequisite `SCCS/s.generate-errcodes.pl.l'.
      Trying pattern rule with stem `generate-errcodes.pl'.
      Trying implicit prerequisite `generate-errcodes.pl.y'.
      Looking for a rule with intermediate file `generate-errcodes.pl.y'.
       Avoiding implicit rule recursion.
       Avoiding implicit rule recursion.
       Avoiding implicit rule recursion.
   Looking for an implicit rule for `pg_amop.dat'.
       Trying pattern rule with stem `generate-errcodes.pl.y'.
       Trying implicit prerequisite `generate-errcodes.pl.y,v'.
       Trying pattern rule with stem `generate-errcodes.pl.y'.
       Trying implicit prerequisite `RCS/generate-errcodes.pl.y,v'.
Live child 0x14b737ce0 (submake-utils-headers) PID 93734 
       Trying pattern rule with stem `generate-errcodes.pl.y'.
       Trying implicit prerequisite `RCS/generate-errcodes.pl.y'.
Live child 0x14b736a80 (submake-nodes-headers) PID 93733 
       Trying pattern rule with stem `generate-errcodes.pl.y'.
Live child 0x14b735360 (submake-catalog-headers) PID 93732 
       Trying implicit prerequisite `s.generate-errcodes.pl.y'.
       Trying pattern rule with stem `generate-errcodes.pl.y'.
   Trying pattern rule with stem `pg_amop.dat'.
       Trying implicit prerequisite `SCCS/s.generate-errcodes.pl.y'.
      Trying pattern rule with stem `generate-errcodes.pl'.
   Trying implicit prerequisite `pg_amop.dat.o'.
      Trying implicit prerequisite `generate-errcodes.pl.w'.
      Looking for a rule with intermediate file `generate-errcodes.pl.w'.
Considering target file `generated-headers'.
       Avoiding implicit rule recursion.
   Trying pattern rule with stem `pg_amop.dat'.
 File `generated-headers' does not exist.
       Avoiding implicit rule recursion.
   Trying implicit prerequisite `pg_amop.dat.cc'.
   Trying pattern rule with stem `pg_amop.dat'.
  Considering target file `submake-catalog-headers'.
       Avoiding implicit rule recursion.
       Trying pattern rule with stem `generate-errcodes.pl.w'.
       Trying implicit prerequisite `generate-errcodes.pl.w,v'.
       Trying pattern rule with stem `generate-errcodes.pl.w'.
       Trying implicit prerequisite `RCS/generate-errcodes.pl.w,v'.
       Trying pattern rule with stem `generate-errcodes.pl.w'.
       Trying implicit prerequisite `RCS/generate-errcodes.pl.w'.
       Trying pattern rule with stem `generate-errcodes.pl.w'.
       Trying implicit prerequisite `s.generate-errcodes.pl.w'.
       Trying pattern rule with stem `generate-errcodes.pl.w'.
  Still updating file `submake-catalog-headers'.
       Trying implicit prerequisite `SCCS/s.generate-errcodes.pl.w'.
      Trying pattern rule with stem `generate-errcodes.pl'.
   Trying implicit prerequisite `pg_amop.dat.C'.
      Rejecting impossible implicit prerequisite `generate-errcodes.pl.w'.
     Trying pattern rule with stem `generate-errcodes.pl'.
   Trying pattern rule with stem `pg_amop.dat'.
  Considering target file `submake-nodes-headers'.
  Still updating file `submake-nodes-headers'.
  Considering target file `submake-utils-headers'.
   Trying implicit prerequisite `pg_amop.dat.cpp'.
  Still updating file `submake-utils-headers'.
   Trying pattern rule with stem `pg_amop.dat'.
 Considering target file `../../src/include/storage/lwlocknames.h'.
  File `../../src/include/storage/lwlocknames.h' does not exist.
   Trying implicit prerequisite `pg_amop.dat.p'.
  Considering target file `storage/lmgr/lwlocknames.h'.
  File `storage/lmgr/lwlocknames.h' was considered already.
     Trying implicit prerequisite `generate-errcodes.pl.cc'.
  Finished prerequisites of target file `../../src/include/storage/lwlocknames.h'.
 Must remake target `../../src/include/storage/lwlocknames.h'.
     Looking for a rule with intermediate file `generate-errcodes.pl.cc'.
   Trying pattern rule with stem `pg_amop.dat'.
      Avoiding implicit rule recursion.
      Avoiding implicit rule recursion.
Live child 0x14ca04510 (parser/gram.h) PID 93737 
      Trying pattern rule with stem `generate-errcodes.pl.cc'.
Live child 0x14b73ae40 (utils/activity/wait_event_types.h) PID 93736 
      Trying implicit prerequisite `generate-errcodes.pl.cc,v'.
Live child 0x14b737ce0 (submake-utils-headers) PID 93734 
      Trying pattern rule with stem `generate-errcodes.pl.cc'.
Live child 0x14b736a80 (submake-nodes-headers) PID 93733 
      Trying implicit prerequisite `RCS/generate-errcodes.pl.cc,v'.
Live child 0x14b735360 (submake-catalog-headers) PID 93732 
      Trying pattern rule with stem `generate-errcodes.pl.cc'.
      Trying implicit prerequisite `RCS/generate-errcodes.pl.cc'.
   Trying implicit prerequisite `pg_amop.dat.f'.
Need a job token; we have children
Duplicate the job FD
Live child 0x14ca04510 (parser/gram.h) PID 93737 
Live child 0x14b73ae40 (utils/activity/wait_event_types.h) PID 93736 
      Trying pattern rule with stem `generate-errcodes.pl.cc'.
Live child 0x14b737ce0 (submake-utils-headers) PID 93734 
Live child 0x14b736a80 (submake-nodes-headers) PID 93733 
Live child 0x14b735360 (submake-catalog-headers) PID 93732 
      Trying implicit prerequisite `s.generate-errcodes.pl.cc'.
   Trying pattern rule with stem `pg_amop.dat'.
   Trying implicit prerequisite `pg_amop.dat.F'.
      Trying pattern rule with stem `generate-errcodes.pl.cc'.
   Trying pattern rule with stem `pg_amop.dat'.
   Trying implicit prerequisite `pg_amop.dat.m'.
Obtained token for child 0x14c8045d0 (../../src/include/storage/lwlocknames.h).
      Trying implicit prerequisite `SCCS/s.generate-errcodes.pl.cc'.
     Trying pattern rule with stem `generate-errcodes.pl'.
     Trying implicit prerequisite `generate-errcodes.pl.C'.
   Trying pattern rule with stem `pg_amop.dat'.
rm -f '../../src/include/storage/lwlocknames.h'
   Trying implicit prerequisite `pg_amop.dat.r'.
     Looking for a rule with intermediate file `generate-errcodes.pl.C'.
   Trying pattern rule with stem `pg_amop.dat'.
      Avoiding implicit rule recursion.
   Trying implicit prerequisite `pg_amop.dat.s'.
      Avoiding implicit rule recursion.
      Trying pattern rule with stem `generate-errcodes.pl.C'.
      Trying implicit prerequisite `generate-errcodes.pl.C,v'.
      Trying pattern rule with stem `generate-errcodes.pl.C'.
      Trying implicit prerequisite `RCS/generate-errcodes.pl.C,v'.
   Trying pattern rule with stem `pg_amop.dat'.
   Trying implicit prerequisite `pg_amop.dat.S'.
   Trying pattern rule with stem `pg_amop.dat'.
      Trying pattern rule with stem `generate-errcodes.pl.C'.
   Trying implicit prerequisite `pg_amop.dat.mod'.
      Trying implicit prerequisite `RCS/generate-errcodes.pl.C'.
      Trying pattern rule with stem `generate-errcodes.pl.C'.
      Trying implicit prerequisite `s.generate-errcodes.pl.C'.
      Trying pattern rule with stem `generate-errcodes.pl.C'.
   Trying pattern rule with stem `pg_amop.dat'.
      Trying implicit prerequisite `SCCS/s.generate-errcodes.pl.C'.
     Trying pattern rule with stem `generate-errcodes.pl'.
     Trying implicit prerequisite `generate-errcodes.pl.cpp'.
   Trying implicit prerequisite `pg_amop.dat.sh'.
     Looking for a rule with intermediate file `generate-errcodes.pl.cpp'.
   Trying pattern rule with stem `pg_amop.dat'.
   Trying implicit prerequisite `pg_amop.dat,v'.
   Trying pattern rule with stem `pg_amop.dat'.
   Trying implicit prerequisite `RCS/pg_amop.dat,v'.
      Avoiding implicit rule recursion.
   Trying pattern rule with stem `pg_amop.dat'.
      Avoiding implicit rule recursion.
   Trying implicit prerequisite `RCS/pg_amop.dat'.
      Trying pattern rule with stem `generate-errcodes.pl.cpp'.
   Trying pattern rule with stem `pg_amop.dat'.
      Trying implicit prerequisite `generate-errcodes.pl.cpp,v'.
      Trying pattern rule with stem `generate-errcodes.pl.cpp'.
   Trying implicit prerequisite `s.pg_amop.dat'.
      Trying implicit prerequisite `RCS/generate-errcodes.pl.cpp,v'.
      Trying pattern rule with stem `generate-errcodes.pl.cpp'.
      Trying implicit prerequisite `RCS/generate-errcodes.pl.cpp'.
      Trying pattern rule with stem `generate-errcodes.pl.cpp'.
   Trying pattern rule with stem `pg_amop.dat'.
   Trying implicit prerequisite `SCCS/s.pg_amop.dat'.
   Trying pattern rule with stem `pg_amop.dat'.
      Trying implicit prerequisite `s.generate-errcodes.pl.cpp'.
   Trying implicit prerequisite `pg_amop.dat.o'.
   Looking for a rule with intermediate file `pg_amop.dat.o'.
    Avoiding implicit rule recursion.
      Trying pattern rule with stem `generate-errcodes.pl.cpp'.
    Trying pattern rule with stem `pg_amop.dat'.
    Trying implicit prerequisite `pg_amop.dat.c'.
    Trying pattern rule with stem `pg_amop.dat'.
    Trying implicit prerequisite `pg_amop.dat.cc'.
    Trying pattern rule with stem `pg_amop.dat'.
      Trying implicit prerequisite `SCCS/s.generate-errcodes.pl.cpp'.
    Trying implicit prerequisite `pg_amop.dat.C'.
    Trying pattern rule with stem `pg_amop.dat'.
    Trying implicit prerequisite `pg_amop.dat.cpp'.
     Trying pattern rule with stem `generate-errcodes.pl'.
    Trying pattern rule with stem `pg_amop.dat'.
    Trying implicit prerequisite `pg_amop.dat.p'.
    Trying pattern rule with stem `pg_amop.dat'.
    Trying implicit prerequisite `pg_amop.dat.f'.
     Trying implicit prerequisite `generate-errcodes.pl.p'.
    Trying pattern rule with stem `pg_amop.dat'.
    Trying implicit prerequisite `pg_amop.dat.F'.
    Trying pattern rule with stem `pg_amop.dat'.
     Looking for a rule with intermediate file `generate-errcodes.pl.p'.
    Trying implicit prerequisite `pg_amop.dat.m'.
      Avoiding implicit rule recursion.
    Trying pattern rule with stem `pg_amop.dat'.
      Avoiding implicit rule recursion.
    Trying implicit prerequisite `pg_amop.dat.r'.
    Trying pattern rule with stem `pg_amop.dat'.
      Trying pattern rule with stem `generate-errcodes.pl'.
    Trying implicit prerequisite `pg_amop.dat.s'.
    Trying pattern rule with stem `pg_amop.dat'.
    Trying implicit prerequisite `pg_amop.dat.S'.
    Trying pattern rule with stem `pg_amop.dat'.
      Trying implicit prerequisite `generate-errcodes.pl.web'.
    Trying implicit prerequisite `pg_amop.dat.mod'.
      Trying pattern rule with stem `generate-errcodes.pl.p'.
    Trying pattern rule with stem `pg_amop.dat.o'.
      Trying implicit prerequisite `generate-errcodes.pl.p,v'.
      Trying pattern rule with stem `generate-errcodes.pl.p'.
      Trying implicit prerequisite `RCS/generate-errcodes.pl.p,v'.
      Trying pattern rule with stem `generate-errcodes.pl.p'.
      Trying implicit prerequisite `RCS/generate-errcodes.pl.p'.
      Trying pattern rule with stem `generate-errcodes.pl.p'.
      Trying implicit prerequisite `s.generate-errcodes.pl.p'.
      Trying pattern rule with stem `generate-errcodes.pl.p'.
      Trying implicit prerequisite `SCCS/s.generate-errcodes.pl.p'.
    Trying implicit prerequisite `pg_amop.dat.o,v'.
Putting child 0x14c8045d0 (../../src/include/storage/lwlocknames.h) PID 93748 on the chain.
 Commands of `../../src/include/storage/lwlocknames.h' are being run.
 Considering target file `../../src/include/utils/wait_event_types.h'.
  File `../../src/include/utils/wait_event_types.h' does not exist.
      Trying pattern rule with stem `generate-errcodes.pl'.
  Considering target file `utils/activity/wait_event_types.h'.
    Trying pattern rule with stem `pg_amop.dat.o'.
      Trying implicit prerequisite `generate-errcodes.pl.web'.
  Still updating file `utils/activity/wait_event_types.h'.
      Looking for a rule with intermediate file `generate-errcodes.pl.web'.
    Trying implicit prerequisite `RCS/pg_amop.dat.o,v'.
       Avoiding implicit rule recursion.
  Finished prerequisites of target file `../../src/include/utils/wait_event_types.h'.
       Avoiding implicit rule recursion.
 The prerequisites of `../../src/include/utils/wait_event_types.h' are being made.
    Trying pattern rule with stem `pg_amop.dat.o'.
       Avoiding implicit rule recursion.
    Trying implicit prerequisite `RCS/pg_amop.dat.o'.
       Trying pattern rule with stem `generate-errcodes.pl.web'.
    Trying pattern rule with stem `pg_amop.dat.o'.
 Pruning file `submake-catalog-headers'.
       Trying implicit prerequisite `generate-errcodes.pl.web,v'.
 Pruning file `submake-nodes-headers'.
       Trying pattern rule with stem `generate-errcodes.pl.web'.
    Trying implicit prerequisite `s.pg_amop.dat.o'.
 Pruning file `submake-utils-headers'.
 Considering target file `parser/gram.h'.
    Trying pattern rule with stem `pg_amop.dat.o'.
       Trying implicit prerequisite `RCS/generate-errcodes.pl.web,v'.
    Trying implicit prerequisite `SCCS/s.pg_amop.dat.o'.
 Still updating file `parser/gram.h'.
 Finished prerequisites of target file `generated-headers'.
The prerequisites of `generated-headers' are being made.
    Trying pattern rule with stem `pg_amop.dat'.
       Trying pattern rule with stem `generate-errcodes.pl.web'.
    Trying implicit prerequisite `pg_amop.dat.c'.
Live child 0x14c8045d0 (../../src/include/storage/lwlocknames.h) PID 93748 
    Looking for a rule with intermediate file `pg_amop.dat.c'.
       Trying implicit prerequisite `RCS/generate-errcodes.pl.web'.
Live child 0x14ca04510 (parser/gram.h) PID 93737 
     Avoiding implicit rule recursion.
Live child 0x14b73ae40 (utils/activity/wait_event_types.h) PID 93736 
       Trying pattern rule with stem `generate-errcodes.pl.web'.
Live child 0x14b737ce0 (submake-utils-headers) PID 93734 
     Avoiding implicit rule recursion.
Live child 0x14b736a80 (submake-nodes-headers) PID 93733 
       Trying implicit prerequisite `s.generate-errcodes.pl.web'.
Live child 0x14b735360 (submake-catalog-headers) PID 93732 
     Trying pattern rule with stem `pg_amop.dat'.
       Trying pattern rule with stem `generate-errcodes.pl.web'.
     Trying implicit prerequisite `pg_amop.dat.l'.
     Trying pattern rule with stem `pg_amop.dat'.
       Trying implicit prerequisite `SCCS/s.generate-errcodes.pl.web'.
     Trying implicit prerequisite `pg_amop.dat.y'.
     Trying pattern rule with stem `generate-errcodes.pl'.
     Trying pattern rule with stem `pg_amop.dat'.
     Trying implicit prerequisite `generate-errcodes.pl.f'.
     Looking for a rule with intermediate file `generate-errcodes.pl.f'.
      Avoiding implicit rule recursion.
      Avoiding implicit rule recursion.
     Trying implicit prerequisite `pg_amop.dat.w'.
      Trying pattern rule with stem `generate-errcodes.pl'.
     Trying pattern rule with stem `pg_amop.dat'.
      Trying implicit prerequisite `generate-errcodes.pl.F'.
      Trying pattern rule with stem `generate-errcodes.pl'.
      Trying implicit prerequisite `generate-errcodes.pl.r'.
     Trying implicit prerequisite `pg_amop.dat.w'.
      Trying pattern rule with stem `generate-errcodes.pl.f'.
      Trying implicit prerequisite `generate-errcodes.pl.f,v'.
      Trying pattern rule with stem `generate-errcodes.pl.f'.
      Trying implicit prerequisite `RCS/generate-errcodes.pl.f,v'.
      Trying pattern rule with stem `generate-errcodes.pl.f'.
      Trying implicit prerequisite `RCS/generate-errcodes.pl.f'.
     Trying pattern rule with stem `pg_amop.dat.c'.
      Trying pattern rule with stem `generate-errcodes.pl.f'.
      Trying implicit prerequisite `s.generate-errcodes.pl.f'.
      Trying pattern rule with stem `generate-errcodes.pl.f'.
      Trying implicit prerequisite `SCCS/s.generate-errcodes.pl.f'.
      Trying pattern rule with stem `generate-errcodes.pl'.
      Trying implicit prerequisite `generate-errcodes.pl.F'.
      Looking for a rule with intermediate file `generate-errcodes.pl.F'.
     Trying implicit prerequisite `pg_amop.dat.c,v'.
       Avoiding implicit rule recursion.
       Avoiding implicit rule recursion.
       Avoiding implicit rule recursion.
       Trying pattern rule with stem `generate-errcodes.pl.F'.
     Trying pattern rule with stem `pg_amop.dat.c'.
       Trying implicit prerequisite `generate-errcodes.pl.F,v'.
       Trying pattern rule with stem `generate-errcodes.pl.F'.
       Trying implicit prerequisite `RCS/generate-errcodes.pl.F,v'.
       Trying pattern rule with stem `generate-errcodes.pl.F'.
     Trying implicit prerequisite `RCS/pg_amop.dat.c,v'.
       Trying implicit prerequisite `RCS/generate-errcodes.pl.F'.
       Trying pattern rule with stem `generate-errcodes.pl.F'.
     Trying pattern rule with stem `pg_amop.dat.c'.
       Trying implicit prerequisite `s.generate-errcodes.pl.F'.
       Trying pattern rule with stem `generate-errcodes.pl.F'.
       Trying implicit prerequisite `SCCS/s.generate-errcodes.pl.F'.
      Trying pattern rule with stem `generate-errcodes.pl'.
      Trying implicit prerequisite `generate-errcodes.pl.r'.
      Looking for a rule with intermediate file `generate-errcodes.pl.r'.
       Avoiding implicit rule recursion.
     Trying implicit prerequisite `RCS/pg_amop.dat.c'.
     Trying pattern rule with stem `pg_amop.dat.c'.
       Avoiding implicit rule recursion.
     Trying implicit prerequisite `s.pg_amop.dat.c'.
     Trying pattern rule with stem `pg_amop.dat.c'.
     Trying implicit prerequisite `SCCS/s.pg_amop.dat.c'.
     Trying pattern rule with stem `pg_amop.dat'.
     Trying implicit prerequisite `pg_amop.dat.l'.
Reaping winning child 0x129e1a490 PID 93740 
       Avoiding implicit rule recursion.
       Trying pattern rule with stem `generate-errcodes.pl'.
       Rejecting impossible implicit prerequisite `generate-errcodes.pl.l'.
Removing child 0x129e1a490 PID 93740 from chain.
     Looking for a rule with intermediate file `pg_amop.dat.l'.
       Trying pattern rule with stem `generate-errcodes.pl.r'.
      Avoiding implicit rule recursion.
      Avoiding implicit rule recursion.
      Avoiding implicit rule recursion.
       Trying implicit prerequisite `generate-errcodes.pl.r,v'.
Considering target file `wait_event_types.h'.
File `wait_event_types.h' was considered already.
      Trying pattern rule with stem `pg_amop.dat.l'.
Considering target file `pgstat_wait_event.c'.
 File `pgstat_wait_event.c' does not exist.
 Pruning file `wait_event_types.h'.
       Trying pattern rule with stem `generate-errcodes.pl.r'.
       Trying implicit prerequisite `RCS/generate-errcodes.pl.r,v'.
       Trying pattern rule with stem `generate-errcodes.pl.r'.
      Trying implicit prerequisite `pg_amop.dat.l,v'.
 Finished prerequisites of target file `pgstat_wait_event.c'.
       Trying implicit prerequisite `RCS/generate-errcodes.pl.r'.
      Trying pattern rule with stem `pg_amop.dat.l'.
      Trying implicit prerequisite `RCS/pg_amop.dat.l,v'.
Must remake target `pgstat_wait_event.c'.
       Trying pattern rule with stem `generate-errcodes.pl.r'.
      Trying pattern rule with stem `pg_amop.dat.l'.
Reaping winning child 0x14c8045d0 PID 93748 
Need a job token; we don't have children
ln -s ../../backend/storage/lmgr/lwlocknames.h '../../src/include/storage/lwlocknames.h'
touch pgstat_wait_event.c
       Trying implicit prerequisite `s.generate-errcodes.pl.r'.
      Trying implicit prerequisite `RCS/pg_amop.dat.l'.
       Trying pattern rule with stem `generate-errcodes.pl.r'.
       Trying implicit prerequisite `SCCS/s.generate-errcodes.pl.r'.
      Trying pattern rule with stem `pg_amop.dat.l'.
     Trying pattern rule with stem `generate-errcodes.pl'.
     Rejecting impossible implicit prerequisite `generate-errcodes.pl.F'.
     Trying pattern rule with stem `generate-errcodes.pl'.
     Trying implicit prerequisite `generate-errcodes.pl.m'.
     Looking for a rule with intermediate file `generate-errcodes.pl.m'.
      Trying implicit prerequisite `s.pg_amop.dat.l'.
      Avoiding implicit rule recursion.
      Avoiding implicit rule recursion.
      Trying pattern rule with stem `pg_amop.dat.l'.
      Trying pattern rule with stem `generate-errcodes.pl'.
      Trying implicit prerequisite `generate-errcodes.pl.ym'.
      Trying pattern rule with stem `generate-errcodes.pl'.
      Trying implicit prerequisite `generate-errcodes.pl.lm'.
      Trying pattern rule with stem `generate-errcodes.pl.m'.
      Trying implicit prerequisite `generate-errcodes.pl.m,v'.
      Trying pattern rule with stem `generate-errcodes.pl.m'.
      Trying implicit prerequisite `RCS/generate-errcodes.pl.m,v'.
      Trying implicit prerequisite `SCCS/s.pg_amop.dat.l'.
      Trying pattern rule with stem `generate-errcodes.pl.m'.
     Trying pattern rule with stem `pg_amop.dat'.
     Trying implicit prerequisite `pg_amop.dat.y'.
      Trying implicit prerequisite `RCS/generate-errcodes.pl.m'.
      Trying pattern rule with stem `generate-errcodes.pl.m'.
     Looking for a rule with intermediate file `pg_amop.dat.y'.
      Avoiding implicit rule recursion.
      Avoiding implicit rule recursion.
      Avoiding implicit rule recursion.
      Trying pattern rule with stem `pg_amop.dat.y'.
      Trying implicit prerequisite `s.generate-errcodes.pl.m'.
      Trying implicit prerequisite `pg_amop.dat.y,v'.
      Trying pattern rule with stem `pg_amop.dat.y'.
      Trying pattern rule with stem `generate-errcodes.pl.m'.
      Trying implicit prerequisite `RCS/pg_amop.dat.y,v'.
      Trying pattern rule with stem `pg_amop.dat.y'.
      Trying implicit prerequisite `RCS/pg_amop.dat.y'.
      Trying pattern rule with stem `pg_amop.dat.y'.
      Trying implicit prerequisite `s.pg_amop.dat.y'.
      Trying pattern rule with stem `pg_amop.dat.y'.
      Trying implicit prerequisite `SCCS/s.pg_amop.dat.y'.
     Trying pattern rule with stem `pg_amop.dat'.
     Trying implicit prerequisite `pg_amop.dat.w'.
     Looking for a rule with intermediate file `pg_amop.dat.w'.
      Avoiding implicit rule recursion.
      Avoiding implicit rule recursion.
      Avoiding implicit rule recursion.
      Trying implicit prerequisite `SCCS/s.generate-errcodes.pl.m'.
      Trying pattern rule with stem `pg_amop.dat.w'.
      Trying implicit prerequisite `pg_amop.dat.w,v'.
      Trying pattern rule with stem `pg_amop.dat.w'.
      Trying implicit prerequisite `RCS/pg_amop.dat.w,v'.
      Trying pattern rule with stem `pg_amop.dat.w'.
      Trying implicit prerequisite `RCS/pg_amop.dat.w'.
      Trying pattern rule with stem `pg_amop.dat.w'.
      Trying pattern rule with stem `generate-errcodes.pl'.
      Trying implicit prerequisite `s.pg_amop.dat.w'.
      Trying pattern rule with stem `pg_amop.dat.w'.
      Trying implicit prerequisite `SCCS/s.pg_amop.dat.w'.
      Trying implicit prerequisite `generate-errcodes.pl.ym'.
      Looking for a rule with intermediate file `generate-errcodes.pl.ym'.
     Trying pattern rule with stem `pg_amop.dat'.
     Rejecting impossible implicit prerequisite `pg_amop.dat.w'.
    Trying pattern rule with stem `pg_amop.dat'.
       Avoiding implicit rule recursion.
       Avoiding implicit rule recursion.
       Avoiding implicit rule recursion.
       Trying pattern rule with stem `generate-errcodes.pl.ym'.
    Trying implicit prerequisite `pg_amop.dat.cc'.
    Looking for a rule with intermediate file `pg_amop.dat.cc'.
     Avoiding implicit rule recursion.
       Trying implicit prerequisite `generate-errcodes.pl.ym,v'.
       Trying pattern rule with stem `generate-errcodes.pl.ym'.
       Trying implicit prerequisite `RCS/generate-errcodes.pl.ym,v'.
       Trying pattern rule with stem `generate-errcodes.pl.ym'.
       Trying implicit prerequisite `RCS/generate-errcodes.pl.ym'.
       Trying pattern rule with stem `generate-errcodes.pl.ym'.
     Avoiding implicit rule recursion.
     Trying pattern rule with stem `pg_amop.dat.cc'.
       Trying implicit prerequisite `s.generate-errcodes.pl.ym'.
       Trying pattern rule with stem `generate-errcodes.pl.ym'.
       Trying implicit prerequisite `SCCS/s.generate-errcodes.pl.ym'.
     Trying implicit prerequisite `pg_amop.dat.cc,v'.
     Trying pattern rule with stem `pg_amop.dat.cc'.
      Trying pattern rule with stem `generate-errcodes.pl'.
      Trying implicit prerequisite `generate-errcodes.pl.lm'.
      Looking for a rule with intermediate file `generate-errcodes.pl.lm'.
       Avoiding implicit rule recursion.
     Trying implicit prerequisite `RCS/pg_amop.dat.cc,v'.
     Trying pattern rule with stem `pg_amop.dat.cc'.
       Avoiding implicit rule recursion.
       Avoiding implicit rule recursion.
       Trying pattern rule with stem `generate-errcodes.pl.lm'.
       Trying implicit prerequisite `generate-errcodes.pl.lm,v'.
       Trying pattern rule with stem `generate-errcodes.pl.lm'.
     Trying implicit prerequisite `RCS/pg_amop.dat.cc'.
       Trying implicit prerequisite `RCS/generate-errcodes.pl.lm,v'.
Putting child 0x129e1a490 (pgstat_wait_event.c) PID 93761 on the chain.
       Trying pattern rule with stem `generate-errcodes.pl.lm'.
       Trying implicit prerequisite `RCS/generate-errcodes.pl.lm'.
       Trying pattern rule with stem `generate-errcodes.pl.lm'.
Commands of `pgstat_wait_event.c' are being run.
       Trying implicit prerequisite `s.generate-errcodes.pl.lm'.
Considering target file `wait_event_funcs_data.c'.
       Trying pattern rule with stem `generate-errcodes.pl.lm'.
 File `wait_event_funcs_data.c' does not exist.
       Trying implicit prerequisite `SCCS/s.generate-errcodes.pl.lm'.
     Trying pattern rule with stem `generate-errcodes.pl'.
     Trying pattern rule with stem `pg_amop.dat.cc'.
     Rejecting impossible implicit prerequisite `generate-errcodes.pl.r'.
 Pruning file `wait_event_types.h'.
 Finished prerequisites of target file `wait_event_funcs_data.c'.
Must remake target `wait_event_funcs_data.c'.
Successfully remade target file `wait_event_funcs_data.c'.
make[2]: Nothing to be done for `wait_event_funcs_data.c'.
     Trying implicit prerequisite `s.pg_amop.dat.cc'.
Live child 0x129e1a490 (pgstat_wait_event.c) PID 93761 
     Trying pattern rule with stem `pg_amop.dat.cc'.
     Trying pattern rule with stem `generate-errcodes.pl'.
Live child 0x14c8045d0 (../../src/include/storage/lwlocknames.h) PID 93759 
Live child 0x14ca04510 (parser/gram.h) PID 93737 
Live child 0x14b73ae40 (utils/activity/wait_event_types.h) PID 93736 
     Trying implicit prerequisite `SCCS/s.pg_amop.dat.cc'.
Live child 0x14b737ce0 (submake-utils-headers) PID 93734 
     Trying implicit prerequisite `generate-errcodes.pl.s'.
    Trying pattern rule with stem `pg_amop.dat'.
     Looking for a rule with intermediate file `generate-errcodes.pl.s'.
Live child 0x14b736a80 (submake-nodes-headers) PID 93733 
Live child 0x14b735360 (submake-catalog-headers) PID 93732 
    Trying implicit prerequisite `pg_amop.dat.C'.
      Avoiding implicit rule recursion.
      Avoiding implicit rule recursion.
      Trying pattern rule with stem `generate-errcodes.pl'.
      Trying implicit prerequisite `generate-errcodes.pl.S'.
      Trying pattern rule with stem `generate-errcodes.pl.s'.
      Trying implicit prerequisite `generate-errcodes.pl.s,v'.
    Looking for a rule with intermediate file `pg_amop.dat.C'.
      Trying pattern rule with stem `generate-errcodes.pl.s'.
     Avoiding implicit rule recursion.
     Avoiding implicit rule recursion.
      Trying implicit prerequisite `RCS/generate-errcodes.pl.s,v'.
     Trying pattern rule with stem `pg_amop.dat.C'.
      Trying pattern rule with stem `generate-errcodes.pl.s'.
     Trying implicit prerequisite `pg_amop.dat.C,v'.
      Trying implicit prerequisite `RCS/generate-errcodes.pl.s'.
     Trying pattern rule with stem `pg_amop.dat.C'.
      Trying pattern rule with stem `generate-errcodes.pl.s'.
     Trying implicit prerequisite `RCS/pg_amop.dat.C,v'.
      Trying implicit prerequisite `s.generate-errcodes.pl.s'.
     Trying pattern rule with stem `pg_amop.dat.C'.
      Trying pattern rule with stem `generate-errcodes.pl.s'.
     Trying implicit prerequisite `RCS/pg_amop.dat.C'.
      Trying implicit prerequisite `SCCS/s.generate-errcodes.pl.s'.
     Trying pattern rule with stem `pg_amop.dat.C'.
      Trying pattern rule with stem `generate-errcodes.pl'.
     Trying implicit prerequisite `s.pg_amop.dat.C'.
     Trying pattern rule with stem `pg_amop.dat.C'.
      Trying implicit prerequisite `generate-errcodes.pl.S'.
     Trying implicit prerequisite `SCCS/s.pg_amop.dat.C'.
      Looking for a rule with intermediate file `generate-errcodes.pl.S'.
    Trying pattern rule with stem `pg_amop.dat'.
    Trying implicit prerequisite `pg_amop.dat.cpp'.
    Looking for a rule with intermediate file `pg_amop.dat.cpp'.
       Avoiding implicit rule recursion.
     Avoiding implicit rule recursion.
     Avoiding implicit rule recursion.
       Avoiding implicit rule recursion.
     Trying pattern rule with stem `pg_amop.dat.cpp'.
       Avoiding implicit rule recursion.
     Trying implicit prerequisite `pg_amop.dat.cpp,v'.
       Trying pattern rule with stem `generate-errcodes.pl.S'.
     Trying pattern rule with stem `pg_amop.dat.cpp'.
     Trying implicit prerequisite `RCS/pg_amop.dat.cpp,v'.
       Trying implicit prerequisite `generate-errcodes.pl.S,v'.
       Trying pattern rule with stem `generate-errcodes.pl.S'.
     Trying pattern rule with stem `pg_amop.dat.cpp'.
Reaping winning child 0x129e1a490 PID 93761 
Removing child 0x129e1a490 PID 93761 from chain.
       Trying implicit prerequisite `RCS/generate-errcodes.pl.S,v'.
     Trying implicit prerequisite `RCS/pg_amop.dat.cpp'.
     Trying pattern rule with stem `pg_amop.dat.cpp'.
       Trying pattern rule with stem `generate-errcodes.pl.S'.
     Trying implicit prerequisite `s.pg_amop.dat.cpp'.
     Trying pattern rule with stem `pg_amop.dat.cpp'.
     Trying implicit prerequisite `SCCS/s.pg_amop.dat.cpp'.
    Trying pattern rule with stem `pg_amop.dat'.
    Trying implicit prerequisite `pg_amop.dat.p'.
Considering target file `pgstat_wait_event.c'.
    Looking for a rule with intermediate file `pg_amop.dat.p'.
     Avoiding implicit rule recursion.
     Avoiding implicit rule recursion.
     Trying pattern rule with stem `pg_amop.dat'.
File `pgstat_wait_event.c' was considered already.
     Trying implicit prerequisite `pg_amop.dat.web'.
     Trying pattern rule with stem `pg_amop.dat.p'.
       Trying implicit prerequisite `RCS/generate-errcodes.pl.S'.
     Trying implicit prerequisite `pg_amop.dat.p,v'.
       Trying pattern rule with stem `generate-errcodes.pl.S'.
     Trying pattern rule with stem `pg_amop.dat.p'.
       Trying implicit prerequisite `s.generate-errcodes.pl.S'.
     Trying implicit prerequisite `RCS/pg_amop.dat.p,v'.
       Trying pattern rule with stem `generate-errcodes.pl.S'.
     Trying pattern rule with stem `pg_amop.dat.p'.
       Trying implicit prerequisite `SCCS/s.generate-errcodes.pl.S'.
     Trying implicit prerequisite `RCS/pg_amop.dat.p'.
     Trying pattern rule with stem `generate-errcodes.pl'.
     Trying pattern rule with stem `pg_amop.dat.p'.
     Rejecting impossible implicit prerequisite `generate-errcodes.pl.S'.
     Trying pattern rule with stem `generate-errcodes.pl'.
     Trying implicit prerequisite `s.pg_amop.dat.p'.
Reaping winning child 0x14b73ae40 PID 93736 
Removing child 0x14b73ae40 PID 93736 from chain.
     Trying pattern rule with stem `pg_amop.dat.p'.
     Trying implicit prerequisite `generate-errcodes.pl.mod'.
     Looking for a rule with intermediate file `generate-errcodes.pl.mod'.
Released token for child 0x14b73ae40 (utils/activity/wait_event_types.h).
      Avoiding implicit rule recursion.
     Trying implicit prerequisite `SCCS/s.pg_amop.dat.p'.
     Trying pattern rule with stem `pg_amop.dat'.
     Trying implicit prerequisite `pg_amop.dat.web'.
     Looking for a rule with intermediate file `pg_amop.dat.web'.
Live child 0x14c8045d0 (../../src/include/storage/lwlocknames.h) PID 93759 
      Avoiding implicit rule recursion.
      Trying pattern rule with stem `generate-errcodes.pl.mod'.
      Trying implicit prerequisite `generate-errcodes.pl.mod,v'.
      Trying pattern rule with stem `generate-errcodes.pl.mod'.
      Trying implicit prerequisite `RCS/generate-errcodes.pl.mod,v'.
Live child 0x14ca04510 (parser/gram.h) PID 93737 
Live child 0x14b737ce0 (submake-utils-headers) PID 93734 
      Trying pattern rule with stem `generate-errcodes.pl.mod'.
      Trying implicit prerequisite `RCS/generate-errcodes.pl.mod'.
      Trying pattern rule with stem `generate-errcodes.pl.mod'.
      Trying implicit prerequisite `s.generate-errcodes.pl.mod'.
      Trying pattern rule with stem `generate-errcodes.pl.mod'.
      Avoiding implicit rule recursion.
      Trying implicit prerequisite `SCCS/s.generate-errcodes.pl.mod'.
    Trying pattern rule with stem `generate-errcodes.pl'.
    Rejecting impossible implicit prerequisite `generate-errcodes.pl.cc'.
      Avoiding implicit rule recursion.
    Trying pattern rule with stem `generate-errcodes.pl'.
    Rejecting impossible implicit prerequisite `generate-errcodes.pl.C'.
    Trying pattern rule with stem `generate-errcodes.pl'.
      Avoiding implicit rule recursion.
    Rejecting impossible implicit prerequisite `generate-errcodes.pl.cpp'.
Live child 0x14b736a80 (submake-nodes-headers) PID 93733 
    Trying pattern rule with stem `generate-errcodes.pl'.
Live child 0x14b735360 (submake-catalog-headers) PID 93732 
      Trying pattern rule with stem `pg_amop.dat.web'.
    Rejecting impossible implicit prerequisite `generate-errcodes.pl.p'.
    Trying pattern rule with stem `generate-errcodes.pl'.
    Rejecting impossible implicit prerequisite `generate-errcodes.pl.f'.
    Trying pattern rule with stem `generate-errcodes.pl'.
Reaping winning child 0x14c8045d0 PID 93759 
Removing child 0x14c8045d0 PID 93759 from chain.
    Rejecting impossible implicit prerequisite `generate-errcodes.pl.F'.
    Trying pattern rule with stem `generate-errcodes.pl'.
Released token for child 0x14c8045d0 (../../src/include/storage/lwlocknames.h).
      Trying implicit prerequisite `pg_amop.dat.web,v'.
      Trying pattern rule with stem `pg_amop.dat.web'.
Live child 0x14ca04510 (parser/gram.h) PID 93737 
    Rejecting impossible implicit prerequisite `generate-errcodes.pl.m'.
    Trying pattern rule with stem `generate-errcodes.pl'.
      Trying implicit prerequisite `RCS/pg_amop.dat.web,v'.
Live child 0x14b737ce0 (submake-utils-headers) PID 93734 
      Trying pattern rule with stem `pg_amop.dat.web'.
Live child 0x14b736a80 (submake-nodes-headers) PID 93733 
Live child 0x14b735360 (submake-catalog-headers) PID 93732 
Considering target file `generated-headers'.
 File `generated-headers' does not exist.
    Rejecting impossible implicit prerequisite `generate-errcodes.pl.r'.
  Considering target file `submake-catalog-headers'.
  Still updating file `submake-catalog-headers'.
    Trying pattern rule with stem `generate-errcodes.pl'.
  Considering target file `submake-nodes-headers'.
  Still updating file `submake-nodes-headers'.
  Considering target file `submake-utils-headers'.
      Trying implicit prerequisite `RCS/pg_amop.dat.web'.
      Trying pattern rule with stem `pg_amop.dat.web'.
      Trying implicit prerequisite `s.pg_amop.dat.web'.
      Trying pattern rule with stem `pg_amop.dat.web'.
  Still updating file `submake-utils-headers'.
      Trying implicit prerequisite `SCCS/s.pg_amop.dat.web'.
    Rejecting impossible implicit prerequisite `generate-errcodes.pl.s'.
 Considering target file `../../src/include/storage/lwlocknames.h'.
 File `../../src/include/storage/lwlocknames.h' was considered already.
 Considering target file `../../src/include/utils/wait_event_types.h'.
    Trying pattern rule with stem `pg_amop.dat'.
  File `../../src/include/utils/wait_event_types.h' does not exist.
    Trying pattern rule with stem `generate-errcodes.pl'.
  Considering target file `utils/activity/wait_event_types.h'.
  File `utils/activity/wait_event_types.h' was considered already.
  Finished prerequisites of target file `../../src/include/utils/wait_event_types.h'.
 Must remake target `../../src/include/utils/wait_event_types.h'.
    Trying implicit prerequisite `pg_amop.dat.f'.
    Looking for a rule with intermediate file `pg_amop.dat.f'.
    Rejecting impossible implicit prerequisite `generate-errcodes.pl.S'.
     Avoiding implicit rule recursion.
     Avoiding implicit rule recursion.
     Trying pattern rule with stem `pg_amop.dat'.
     Trying implicit prerequisite `pg_amop.dat.F'.
     Trying pattern rule with stem `pg_amop.dat'.
     Trying implicit prerequisite `pg_amop.dat.r'.
     Trying pattern rule with stem `pg_amop.dat.f'.
     Trying implicit prerequisite `pg_amop.dat.f,v'.
     Trying pattern rule with stem `pg_amop.dat.f'.
    Trying pattern rule with stem `generate-errcodes.pl'.
Live child 0x14ca04510 (parser/gram.h) PID 93737 
    Rejecting impossible implicit prerequisite `generate-errcodes.pl.mod'.
     Trying implicit prerequisite `RCS/pg_amop.dat.f,v'.
    Trying pattern rule with stem `generate-errcodes.pl'.
     Trying pattern rule with stem `pg_amop.dat.f'.
Live child 0x14b737ce0 (submake-utils-headers) PID 93734 
     Trying implicit prerequisite `RCS/pg_amop.dat.f'.
Live child 0x14b736a80 (submake-nodes-headers) PID 93733 
Live child 0x14b735360 (submake-catalog-headers) PID 93732 
     Trying pattern rule with stem `pg_amop.dat.f'.
    Trying implicit prerequisite `generate-errcodes.pl.sh'.
     Trying implicit prerequisite `s.pg_amop.dat.f'.
     Trying pattern rule with stem `pg_amop.dat.f'.
     Trying implicit prerequisite `SCCS/s.pg_amop.dat.f'.
    Looking for a rule with intermediate file `generate-errcodes.pl.sh'.
     Avoiding implicit rule recursion.
     Trying pattern rule with stem `generate-errcodes.pl.sh'.
     Trying implicit prerequisite `generate-errcodes.pl.sh,v'.
     Trying pattern rule with stem `generate-errcodes.pl.sh'.
     Trying implicit prerequisite `RCS/generate-errcodes.pl.sh,v'.
     Trying pattern rule with stem `generate-errcodes.pl.sh'.
     Trying implicit prerequisite `RCS/generate-errcodes.pl.sh'.
     Trying pattern rule with stem `generate-errcodes.pl.sh'.
Need a job token; we have children
Duplicate the job FD
     Trying implicit prerequisite `s.generate-errcodes.pl.sh'.
     Trying pattern rule with stem `generate-errcodes.pl.sh'.
Live child 0x14ca04510 (parser/gram.h) PID 93737 
     Trying implicit prerequisite `SCCS/s.generate-errcodes.pl.sh'.
     Trying pattern rule with stem `pg_amop.dat'.
     Trying implicit prerequisite `pg_amop.dat.F'.
    No implicit rule found for `generate-errcodes.pl'.
Live child 0x14b737ce0 (submake-utils-headers) PID 93734 
     Looking for a rule with intermediate file `pg_amop.dat.F'.
      Avoiding implicit rule recursion.
Live child 0x14b736a80 (submake-nodes-headers) PID 93733 
Live child 0x14b735360 (submake-catalog-headers) PID 93732 
    Looking for an implicit rule for `Gen_dummy_probes.pl'.
      Avoiding implicit rule recursion.
      Avoiding implicit rule recursion.
    Trying pattern rule with stem `Gen_dummy_probes.pl'.
      Trying pattern rule with stem `pg_amop.dat.F'.
      Trying implicit prerequisite `pg_amop.dat.F,v'.
      Trying pattern rule with stem `pg_amop.dat.F'.
    Trying implicit prerequisite `Gen_dummy_probes.pl.o'.
    Trying pattern rule with stem `Gen_dummy_probes.pl'.
Obtained token for child 0x14c9049f0 (../../src/include/utils/wait_event_types.h).
      Trying implicit prerequisite `RCS/pg_amop.dat.F,v'.
      Trying pattern rule with stem `pg_amop.dat.F'.
rm -f '../../src/include/utils/wait_event_types.h'
      Trying implicit prerequisite `RCS/pg_amop.dat.F'.
      Trying pattern rule with stem `pg_amop.dat.F'.
    Trying implicit prerequisite `Gen_dummy_probes.pl.cc'.
      Trying implicit prerequisite `s.pg_amop.dat.F'.
      Trying pattern rule with stem `pg_amop.dat.F'.
      Trying implicit prerequisite `SCCS/s.pg_amop.dat.F'.
     Trying pattern rule with stem `pg_amop.dat'.
    Trying pattern rule with stem `Gen_dummy_probes.pl'.
     Trying implicit prerequisite `pg_amop.dat.r'.
     Looking for a rule with intermediate file `pg_amop.dat.r'.
      Avoiding implicit rule recursion.
      Avoiding implicit rule recursion.
      Avoiding implicit rule recursion.
    Trying implicit prerequisite `Gen_dummy_probes.pl.C'.
      Trying pattern rule with stem `pg_amop.dat'.
      Rejecting impossible implicit prerequisite `pg_amop.dat.l'.
      Trying pattern rule with stem `pg_amop.dat.r'.
    Trying pattern rule with stem `Gen_dummy_probes.pl'.
      Trying implicit prerequisite `pg_amop.dat.r,v'.
      Trying pattern rule with stem `pg_amop.dat.r'.
      Trying implicit prerequisite `RCS/pg_amop.dat.r,v'.
      Trying pattern rule with stem `pg_amop.dat.r'.
      Trying implicit prerequisite `RCS/pg_amop.dat.r'.
      Trying pattern rule with stem `pg_amop.dat.r'.
      Trying implicit prerequisite `s.pg_amop.dat.r'.
    Trying implicit prerequisite `Gen_dummy_probes.pl.cpp'.
    Trying pattern rule with stem `Gen_dummy_probes.pl'.
      Trying pattern rule with stem `pg_amop.dat.r'.
    Trying implicit prerequisite `Gen_dummy_probes.pl.p'.
      Trying implicit prerequisite `SCCS/s.pg_amop.dat.r'.
    Trying pattern rule with stem `Gen_dummy_probes.pl'.
    Trying implicit prerequisite `Gen_dummy_probes.pl.f'.
    Trying pattern rule with stem `Gen_dummy_probes.pl'.
    Trying implicit prerequisite `Gen_dummy_probes.pl.F'.
    Trying pattern rule with stem `Gen_dummy_probes.pl'.
    Trying implicit prerequisite `Gen_dummy_probes.pl.m'.
    Trying pattern rule with stem `Gen_dummy_probes.pl'.
    Trying pattern rule with stem `pg_amop.dat'.
    Trying implicit prerequisite `Gen_dummy_probes.pl.r'.
    Trying pattern rule with stem `Gen_dummy_probes.pl'.
    Trying implicit prerequisite `Gen_dummy_probes.pl.s'.
    Trying pattern rule with stem `Gen_dummy_probes.pl'.
    Rejecting impossible implicit prerequisite `pg_amop.dat.F'.
    Trying pattern rule with stem `pg_amop.dat'.
    Trying implicit prerequisite `pg_amop.dat.m'.
    Looking for a rule with intermediate file `pg_amop.dat.m'.
     Avoiding implicit rule recursion.
     Avoiding implicit rule recursion.
    Trying implicit prerequisite `Gen_dummy_probes.pl.S'.
    Trying pattern rule with stem `Gen_dummy_probes.pl'.
    Trying implicit prerequisite `Gen_dummy_probes.pl.mod'.
    Trying pattern rule with stem `Gen_dummy_probes.pl'.
    Trying implicit prerequisite `Gen_dummy_probes.pl.sh'.
    Trying pattern rule with stem `Gen_dummy_probes.pl'.
    Trying implicit prerequisite `Gen_dummy_probes.pl,v'.
    Trying pattern rule with stem `Gen_dummy_probes.pl'.
    Trying implicit prerequisite `RCS/Gen_dummy_probes.pl,v'.
    Trying pattern rule with stem `Gen_dummy_probes.pl'.
    Trying implicit prerequisite `RCS/Gen_dummy_probes.pl'.
    Trying pattern rule with stem `Gen_dummy_probes.pl'.
    Trying implicit prerequisite `s.Gen_dummy_probes.pl'.
    Trying pattern rule with stem `Gen_dummy_probes.pl'.
     Trying pattern rule with stem `pg_amop.dat'.
    Trying implicit prerequisite `SCCS/s.Gen_dummy_probes.pl'.
    Trying pattern rule with stem `Gen_dummy_probes.pl'.
    Trying implicit prerequisite `Gen_dummy_probes.pl.o'.
    Looking for a rule with intermediate file `Gen_dummy_probes.pl.o'.
     Trying implicit prerequisite `pg_amop.dat.ym'.
     Trying pattern rule with stem `pg_amop.dat'.
     Trying implicit prerequisite `pg_amop.dat.lm'.
     Trying pattern rule with stem `pg_amop.dat.m'.
     Trying implicit prerequisite `pg_amop.dat.m,v'.
     Trying pattern rule with stem `pg_amop.dat.m'.
     Avoiding implicit rule recursion.
     Trying implicit prerequisite `RCS/pg_amop.dat.m,v'.
     Trying pattern rule with stem `pg_amop.dat.m'.
     Trying implicit prerequisite `RCS/pg_amop.dat.m'.
     Trying pattern rule with stem `pg_amop.dat.m'.
     Trying implicit prerequisite `s.pg_amop.dat.m'.
     Trying pattern rule with stem `pg_amop.dat.m'.
     Trying pattern rule with stem `Gen_dummy_probes.pl'.
     Trying implicit prerequisite `Gen_dummy_probes.pl.c'.
     Trying pattern rule with stem `Gen_dummy_probes.pl'.
     Trying implicit prerequisite `Gen_dummy_probes.pl.cc'.
     Trying pattern rule with stem `Gen_dummy_probes.pl'.
     Trying implicit prerequisite `Gen_dummy_probes.pl.C'.
     Trying pattern rule with stem `Gen_dummy_probes.pl'.
     Trying implicit prerequisite `Gen_dummy_probes.pl.cpp'.
     Trying pattern rule with stem `Gen_dummy_probes.pl'.
     Trying implicit prerequisite `Gen_dummy_probes.pl.p'.
     Trying pattern rule with stem `Gen_dummy_probes.pl'.
     Trying implicit prerequisite `Gen_dummy_probes.pl.f'.
     Trying pattern rule with stem `Gen_dummy_probes.pl'.
     Trying implicit prerequisite `Gen_dummy_probes.pl.F'.
     Trying pattern rule with stem `Gen_dummy_probes.pl'.
     Trying implicit prerequisite `SCCS/s.pg_amop.dat.m'.
     Trying pattern rule with stem `pg_amop.dat'.
     Trying implicit prerequisite `pg_amop.dat.ym'.
     Looking for a rule with intermediate file `pg_amop.dat.ym'.
      Avoiding implicit rule recursion.
     Trying implicit prerequisite `Gen_dummy_probes.pl.m'.
     Trying pattern rule with stem `Gen_dummy_probes.pl'.
     Trying implicit prerequisite `Gen_dummy_probes.pl.r'.
     Trying pattern rule with stem `Gen_dummy_probes.pl'.
     Trying implicit prerequisite `Gen_dummy_probes.pl.s'.
     Trying pattern rule with stem `Gen_dummy_probes.pl'.
     Trying implicit prerequisite `Gen_dummy_probes.pl.S'.
     Trying pattern rule with stem `Gen_dummy_probes.pl'.
     Trying implicit prerequisite `Gen_dummy_probes.pl.mod'.
     Trying pattern rule with stem `Gen_dummy_probes.pl.o'.
      Avoiding implicit rule recursion.
      Avoiding implicit rule recursion.
     Trying implicit prerequisite `Gen_dummy_probes.pl.o,v'.
     Trying pattern rule with stem `Gen_dummy_probes.pl.o'.
     Trying implicit prerequisite `RCS/Gen_dummy_probes.pl.o,v'.
     Trying pattern rule with stem `Gen_dummy_probes.pl.o'.
      Trying pattern rule with stem `pg_amop.dat.ym'.
      Trying implicit prerequisite `pg_amop.dat.ym,v'.
      Trying pattern rule with stem `pg_amop.dat.ym'.
      Trying implicit prerequisite `RCS/pg_amop.dat.ym,v'.
      Trying pattern rule with stem `pg_amop.dat.ym'.
      Trying implicit prerequisite `RCS/pg_amop.dat.ym'.
      Trying pattern rule with stem `pg_amop.dat.ym'.
     Trying implicit prerequisite `RCS/Gen_dummy_probes.pl.o'.
     Trying pattern rule with stem `Gen_dummy_probes.pl.o'.
     Trying implicit prerequisite `s.Gen_dummy_probes.pl.o'.
     Trying pattern rule with stem `Gen_dummy_probes.pl.o'.
      Trying implicit prerequisite `s.pg_amop.dat.ym'.
      Trying pattern rule with stem `pg_amop.dat.ym'.
      Trying implicit prerequisite `SCCS/s.pg_amop.dat.ym'.
     Trying pattern rule with stem `pg_amop.dat'.
     Trying implicit prerequisite `pg_amop.dat.lm'.
     Looking for a rule with intermediate file `pg_amop.dat.lm'.
      Avoiding implicit rule recursion.
      Avoiding implicit rule recursion.
      Avoiding implicit rule recursion.
     Trying implicit prerequisite `SCCS/s.Gen_dummy_probes.pl.o'.
     Trying pattern rule with stem `Gen_dummy_probes.pl'.
     Trying implicit prerequisite `Gen_dummy_probes.pl.c'.
     Looking for a rule with intermediate file `Gen_dummy_probes.pl.c'.
      Trying pattern rule with stem `pg_amop.dat.lm'.
      Avoiding implicit rule recursion.
      Avoiding implicit rule recursion.
      Trying pattern rule with stem `Gen_dummy_probes.pl'.
      Trying implicit prerequisite `pg_amop.dat.lm,v'.
      Trying pattern rule with stem `pg_amop.dat.lm'.
      Trying implicit prerequisite `RCS/pg_amop.dat.lm,v'.
      Trying pattern rule with stem `pg_amop.dat.lm'.
      Trying implicit prerequisite `RCS/pg_amop.dat.lm'.
      Trying pattern rule with stem `pg_amop.dat.lm'.
      Trying implicit prerequisite `Gen_dummy_probes.pl.l'.
      Trying pattern rule with stem `Gen_dummy_probes.pl'.
      Trying implicit prerequisite `Gen_dummy_probes.pl.y'.
      Trying pattern rule with stem `Gen_dummy_probes.pl'.
      Trying implicit prerequisite `Gen_dummy_probes.pl.w'.
      Trying pattern rule with stem `Gen_dummy_probes.pl'.
      Trying implicit prerequisite `s.pg_amop.dat.lm'.
      Trying pattern rule with stem `pg_amop.dat.lm'.
      Trying implicit prerequisite `Gen_dummy_probes.pl.w'.
      Trying pattern rule with stem `Gen_dummy_probes.pl.c'.
      Trying implicit prerequisite `Gen_dummy_probes.pl.c,v'.
      Trying pattern rule with stem `Gen_dummy_probes.pl.c'.
      Trying implicit prerequisite `RCS/Gen_dummy_probes.pl.c,v'.
      Trying pattern rule with stem `Gen_dummy_probes.pl.c'.
      Trying implicit prerequisite `RCS/Gen_dummy_probes.pl.c'.
      Trying pattern rule with stem `Gen_dummy_probes.pl.c'.
      Trying implicit prerequisite `SCCS/s.pg_amop.dat.lm'.
      Trying implicit prerequisite `s.Gen_dummy_probes.pl.c'.
      Trying pattern rule with stem `Gen_dummy_probes.pl.c'.
      Trying implicit prerequisite `SCCS/s.Gen_dummy_probes.pl.c'.
      Trying pattern rule with stem `Gen_dummy_probes.pl'.
      Trying implicit prerequisite `Gen_dummy_probes.pl.l'.
      Looking for a rule with intermediate file `Gen_dummy_probes.pl.l'.
    Trying pattern rule with stem `pg_amop.dat'.
       Avoiding implicit rule recursion.
       Avoiding implicit rule recursion.
       Avoiding implicit rule recursion.
    Rejecting impossible implicit prerequisite `pg_amop.dat.r'.
    Trying pattern rule with stem `pg_amop.dat'.
       Trying pattern rule with stem `Gen_dummy_probes.pl.l'.
       Trying implicit prerequisite `Gen_dummy_probes.pl.l,v'.
       Trying pattern rule with stem `Gen_dummy_probes.pl.l'.
    Trying implicit prerequisite `pg_amop.dat.s'.
    Looking for a rule with intermediate file `pg_amop.dat.s'.
       Trying implicit prerequisite `RCS/Gen_dummy_probes.pl.l,v'.
       Trying pattern rule with stem `Gen_dummy_probes.pl.l'.
       Trying implicit prerequisite `RCS/Gen_dummy_probes.pl.l'.
       Trying pattern rule with stem `Gen_dummy_probes.pl.l'.
       Trying implicit prerequisite `s.Gen_dummy_probes.pl.l'.
       Trying pattern rule with stem `Gen_dummy_probes.pl.l'.
       Trying implicit prerequisite `SCCS/s.Gen_dummy_probes.pl.l'.
      Trying pattern rule with stem `Gen_dummy_probes.pl'.
      Trying implicit prerequisite `Gen_dummy_probes.pl.y'.
      Looking for a rule with intermediate file `Gen_dummy_probes.pl.y'.
       Avoiding implicit rule recursion.
       Avoiding implicit rule recursion.
     Avoiding implicit rule recursion.
     Avoiding implicit rule recursion.
     Trying pattern rule with stem `pg_amop.dat'.
       Avoiding implicit rule recursion.
     Trying implicit prerequisite `pg_amop.dat.S'.
     Trying pattern rule with stem `pg_amop.dat.s'.
     Trying implicit prerequisite `pg_amop.dat.s,v'.
     Trying pattern rule with stem `pg_amop.dat.s'.
     Trying implicit prerequisite `RCS/pg_amop.dat.s,v'.
     Trying pattern rule with stem `pg_amop.dat.s'.
     Trying implicit prerequisite `RCS/pg_amop.dat.s'.
     Trying pattern rule with stem `pg_amop.dat.s'.
     Trying implicit prerequisite `s.pg_amop.dat.s'.
     Trying pattern rule with stem `pg_amop.dat.s'.
     Trying implicit prerequisite `SCCS/s.pg_amop.dat.s'.
     Trying pattern rule with stem `pg_amop.dat'.
     Trying implicit prerequisite `pg_amop.dat.S'.
     Looking for a rule with intermediate file `pg_amop.dat.S'.
      Avoiding implicit rule recursion.
      Avoiding implicit rule recursion.
      Avoiding implicit rule recursion.
      Trying pattern rule with stem `pg_amop.dat.S'.
      Trying implicit prerequisite `pg_amop.dat.S,v'.
      Trying pattern rule with stem `pg_amop.dat.S'.
      Trying implicit prerequisite `RCS/pg_amop.dat.S,v'.
      Trying pattern rule with stem `pg_amop.dat.S'.
       Trying pattern rule with stem `Gen_dummy_probes.pl.y'.
Putting child 0x14c9049f0 (../../src/include/utils/wait_event_types.h) PID 93768 on the chain.
      Trying implicit prerequisite `RCS/pg_amop.dat.S'.
       Trying implicit prerequisite `Gen_dummy_probes.pl.y,v'.
       Trying pattern rule with stem `Gen_dummy_probes.pl.y'.
       Trying implicit prerequisite `RCS/Gen_dummy_probes.pl.y,v'.
 Commands of `../../src/include/utils/wait_event_types.h' are being run.
       Trying pattern rule with stem `Gen_dummy_probes.pl.y'.
       Trying implicit prerequisite `RCS/Gen_dummy_probes.pl.y'.
      Trying pattern rule with stem `pg_amop.dat.S'.
       Trying pattern rule with stem `Gen_dummy_probes.pl.y'.
       Trying implicit prerequisite `s.Gen_dummy_probes.pl.y'.
       Trying pattern rule with stem `Gen_dummy_probes.pl.y'.
      Trying implicit prerequisite `s.pg_amop.dat.S'.
       Trying implicit prerequisite `SCCS/s.Gen_dummy_probes.pl.y'.
      Trying pattern rule with stem `pg_amop.dat.S'.
      Trying pattern rule with stem `Gen_dummy_probes.pl'.
      Trying implicit prerequisite `Gen_dummy_probes.pl.w'.
 Pruning file `submake-catalog-headers'.
      Trying implicit prerequisite `SCCS/s.pg_amop.dat.S'.
 Pruning file `submake-nodes-headers'.
      Looking for a rule with intermediate file `Gen_dummy_probes.pl.w'.
       Avoiding implicit rule recursion.
       Avoiding implicit rule recursion.
       Avoiding implicit rule recursion.
       Trying pattern rule with stem `Gen_dummy_probes.pl.w'.
       Trying implicit prerequisite `Gen_dummy_probes.pl.w,v'.
       Trying pattern rule with stem `Gen_dummy_probes.pl.w'.
       Trying implicit prerequisite `RCS/Gen_dummy_probes.pl.w,v'.
 Pruning file `submake-utils-headers'.
    Trying pattern rule with stem `pg_amop.dat'.
 Considering target file `parser/gram.h'.
    Rejecting impossible implicit prerequisite `pg_amop.dat.S'.
 Still updating file `parser/gram.h'.
    Trying pattern rule with stem `pg_amop.dat'.
 Finished prerequisites of target file `generated-headers'.
    Trying implicit prerequisite `pg_amop.dat.mod'.
The prerequisites of `generated-headers' are being made.
    Looking for a rule with intermediate file `pg_amop.dat.mod'.
Live child 0x14c9049f0 (../../src/include/utils/wait_event_types.h) PID 93768 
     Avoiding implicit rule recursion.
Live child 0x14ca04510 (parser/gram.h) PID 93737 
Live child 0x14b737ce0 (submake-utils-headers) PID 93734 
Live child 0x14b736a80 (submake-nodes-headers) PID 93733 
Live child 0x14b735360 (submake-catalog-headers) PID 93732 
       Trying pattern rule with stem `Gen_dummy_probes.pl.w'.
     Avoiding implicit rule recursion.
       Trying implicit prerequisite `RCS/Gen_dummy_probes.pl.w'.
     Trying pattern rule with stem `pg_amop.dat.mod'.
       Trying pattern rule with stem `Gen_dummy_probes.pl.w'.
     Trying implicit prerequisite `pg_amop.dat.mod,v'.
       Trying implicit prerequisite `s.Gen_dummy_probes.pl.w'.
     Trying pattern rule with stem `pg_amop.dat.mod'.
       Trying pattern rule with stem `Gen_dummy_probes.pl.w'.
     Trying implicit prerequisite `RCS/pg_amop.dat.mod,v'.
       Trying implicit prerequisite `SCCS/s.Gen_dummy_probes.pl.w'.
     Trying pattern rule with stem `pg_amop.dat.mod'.
      Trying pattern rule with stem `Gen_dummy_probes.pl'.
     Trying implicit prerequisite `RCS/pg_amop.dat.mod'.
      Rejecting impossible implicit prerequisite `Gen_dummy_probes.pl.w'.
     Trying pattern rule with stem `pg_amop.dat.mod'.
     Trying pattern rule with stem `Gen_dummy_probes.pl'.
     Trying implicit prerequisite `s.pg_amop.dat.mod'.
     Trying implicit prerequisite `Gen_dummy_probes.pl.cc'.
     Trying pattern rule with stem `pg_amop.dat.mod'.
     Looking for a rule with intermediate file `Gen_dummy_probes.pl.cc'.
     Trying implicit prerequisite `SCCS/s.pg_amop.dat.mod'.
      Avoiding implicit rule recursion.
      Avoiding implicit rule recursion.
   Trying pattern rule with stem `pg_amop.dat'.
      Trying pattern rule with stem `Gen_dummy_probes.pl.cc'.
   Rejecting impossible implicit prerequisite `pg_amop.dat.cc'.
      Trying implicit prerequisite `Gen_dummy_probes.pl.cc,v'.
   Trying pattern rule with stem `pg_amop.dat'.
      Trying pattern rule with stem `Gen_dummy_probes.pl.cc'.
   Rejecting impossible implicit prerequisite `pg_amop.dat.C'.
      Trying implicit prerequisite `RCS/Gen_dummy_probes.pl.cc,v'.
   Trying pattern rule with stem `pg_amop.dat'.
      Trying pattern rule with stem `Gen_dummy_probes.pl.cc'.
   Rejecting impossible implicit prerequisite `pg_amop.dat.cpp'.
      Trying implicit prerequisite `RCS/Gen_dummy_probes.pl.cc'.
   Trying pattern rule with stem `pg_amop.dat'.
      Trying pattern rule with stem `Gen_dummy_probes.pl.cc'.
   Rejecting impossible implicit prerequisite `pg_amop.dat.p'.
      Trying implicit prerequisite `s.Gen_dummy_probes.pl.cc'.
   Trying pattern rule with stem `pg_amop.dat'.
      Trying pattern rule with stem `Gen_dummy_probes.pl.cc'.
Reaping winning child 0x14c9049f0 PID 93768 
   Rejecting impossible implicit prerequisite `pg_amop.dat.f'.
      Trying implicit prerequisite `SCCS/s.Gen_dummy_probes.pl.cc'.
   Trying pattern rule with stem `pg_amop.dat'.
ln -s ../../backend/utils/activity/wait_event_types.h '../../src/include/utils/wait_event_types.h'
     Trying pattern rule with stem `Gen_dummy_probes.pl'.
   Rejecting impossible implicit prerequisite `pg_amop.dat.F'.
     Trying implicit prerequisite `Gen_dummy_probes.pl.C'.
   Trying pattern rule with stem `pg_amop.dat'.
     Looking for a rule with intermediate file `Gen_dummy_probes.pl.C'.
      Avoiding implicit rule recursion.
      Avoiding implicit rule recursion.
      Trying pattern rule with stem `Gen_dummy_probes.pl.C'.
      Trying implicit prerequisite `Gen_dummy_probes.pl.C,v'.
      Trying pattern rule with stem `Gen_dummy_probes.pl.C'.
      Trying implicit prerequisite `RCS/Gen_dummy_probes.pl.C,v'.
   Rejecting impossible implicit prerequisite `pg_amop.dat.m'.
      Trying pattern rule with stem `Gen_dummy_probes.pl.C'.
   Trying pattern rule with stem `pg_amop.dat'.
      Trying implicit prerequisite `RCS/Gen_dummy_probes.pl.C'.
   Rejecting impossible implicit prerequisite `pg_amop.dat.r'.
      Trying pattern rule with stem `Gen_dummy_probes.pl.C'.
      Trying implicit prerequisite `s.Gen_dummy_probes.pl.C'.
      Trying pattern rule with stem `Gen_dummy_probes.pl.C'.
      Trying implicit prerequisite `SCCS/s.Gen_dummy_probes.pl.C'.
     Trying pattern rule with stem `Gen_dummy_probes.pl'.
     Trying implicit prerequisite `Gen_dummy_probes.pl.cpp'.
   Trying pattern rule with stem `pg_amop.dat'.
   Rejecting impossible implicit prerequisite `pg_amop.dat.s'.
   Trying pattern rule with stem `pg_amop.dat'.
   Rejecting impossible implicit prerequisite `pg_amop.dat.S'.
     Looking for a rule with intermediate file `Gen_dummy_probes.pl.cpp'.
   Trying pattern rule with stem `pg_amop.dat'.
      Avoiding implicit rule recursion.
   Rejecting impossible implicit prerequisite `pg_amop.dat.mod'.
   Trying pattern rule with stem `pg_amop.dat'.
   Trying implicit prerequisite `pg_amop.dat.sh'.
   Looking for a rule with intermediate file `pg_amop.dat.sh'.
    Avoiding implicit rule recursion.
    Trying pattern rule with stem `pg_amop.dat.sh'.
    Trying implicit prerequisite `pg_amop.dat.sh,v'.
    Trying pattern rule with stem `pg_amop.dat.sh'.
      Avoiding implicit rule recursion.
    Trying implicit prerequisite `RCS/pg_amop.dat.sh,v'.
    Trying pattern rule with stem `pg_amop.dat.sh'.
      Trying pattern rule with stem `Gen_dummy_probes.pl.cpp'.
    Trying implicit prerequisite `RCS/pg_amop.dat.sh'.
    Trying pattern rule with stem `pg_amop.dat.sh'.
    Trying implicit prerequisite `s.pg_amop.dat.sh'.
    Trying pattern rule with stem `pg_amop.dat.sh'.
    Trying implicit prerequisite `SCCS/s.pg_amop.dat.sh'.
   No implicit rule found for `pg_amop.dat'.
      Trying implicit prerequisite `Gen_dummy_probes.pl.cpp,v'.
   Looking for an implicit rule for `pg_amproc.dat'.
      Trying pattern rule with stem `Gen_dummy_probes.pl.cpp'.
   Trying pattern rule with stem `pg_amproc.dat'.
      Trying implicit prerequisite `RCS/Gen_dummy_probes.pl.cpp,v'.
      Trying pattern rule with stem `Gen_dummy_probes.pl.cpp'.
      Trying implicit prerequisite `RCS/Gen_dummy_probes.pl.cpp'.
      Trying pattern rule with stem `Gen_dummy_probes.pl.cpp'.
      Trying implicit prerequisite `s.Gen_dummy_probes.pl.cpp'.
      Trying pattern rule with stem `Gen_dummy_probes.pl.cpp'.
      Trying implicit prerequisite `SCCS/s.Gen_dummy_probes.pl.cpp'.
   Trying implicit prerequisite `pg_amproc.dat.o'.
   Trying pattern rule with stem `pg_amproc.dat'.
   Trying implicit prerequisite `pg_amproc.dat.cc'.
   Trying pattern rule with stem `pg_amproc.dat'.
   Trying implicit prerequisite `pg_amproc.dat.C'.
   Trying pattern rule with stem `pg_amproc.dat'.
     Trying pattern rule with stem `Gen_dummy_probes.pl'.
     Trying implicit prerequisite `Gen_dummy_probes.pl.p'.
     Looking for a rule with intermediate file `Gen_dummy_probes.pl.p'.
      Avoiding implicit rule recursion.
   Trying implicit prerequisite `pg_amproc.dat.cpp'.
   Trying pattern rule with stem `pg_amproc.dat'.
      Avoiding implicit rule recursion.
   Trying implicit prerequisite `pg_amproc.dat.p'.
   Trying pattern rule with stem `pg_amproc.dat'.
   Trying implicit prerequisite `pg_amproc.dat.f'.
   Trying pattern rule with stem `pg_amproc.dat'.
      Trying pattern rule with stem `Gen_dummy_probes.pl'.
      Trying implicit prerequisite `Gen_dummy_probes.pl.web'.
      Trying pattern rule with stem `Gen_dummy_probes.pl.p'.
      Trying implicit prerequisite `Gen_dummy_probes.pl.p,v'.
      Trying pattern rule with stem `Gen_dummy_probes.pl.p'.
   Trying implicit prerequisite `pg_amproc.dat.F'.
   Trying pattern rule with stem `pg_amproc.dat'.
   Trying implicit prerequisite `pg_amproc.dat.m'.
   Trying pattern rule with stem `pg_amproc.dat'.
      Trying implicit prerequisite `RCS/Gen_dummy_probes.pl.p,v'.
      Trying pattern rule with stem `Gen_dummy_probes.pl.p'.
      Trying implicit prerequisite `RCS/Gen_dummy_probes.pl.p'.
      Trying pattern rule with stem `Gen_dummy_probes.pl.p'.
   Trying implicit prerequisite `pg_amproc.dat.r'.
   Trying pattern rule with stem `pg_amproc.dat'.
   Trying implicit prerequisite `pg_amproc.dat.s'.
   Trying pattern rule with stem `pg_amproc.dat'.
      Trying implicit prerequisite `s.Gen_dummy_probes.pl.p'.
      Trying pattern rule with stem `Gen_dummy_probes.pl.p'.
      Trying implicit prerequisite `SCCS/s.Gen_dummy_probes.pl.p'.
      Trying pattern rule with stem `Gen_dummy_probes.pl'.
   Trying implicit prerequisite `pg_amproc.dat.S'.
   Trying pattern rule with stem `pg_amproc.dat'.
   Trying implicit prerequisite `pg_amproc.dat.mod'.
   Trying pattern rule with stem `pg_amproc.dat'.
      Trying implicit prerequisite `Gen_dummy_probes.pl.web'.
      Looking for a rule with intermediate file `Gen_dummy_probes.pl.web'.
       Avoiding implicit rule recursion.
   Trying implicit prerequisite `pg_amproc.dat.sh'.
   Trying pattern rule with stem `pg_amproc.dat'.
   Trying implicit prerequisite `pg_amproc.dat,v'.
   Trying pattern rule with stem `pg_amproc.dat'.
       Avoiding implicit rule recursion.
       Avoiding implicit rule recursion.
       Trying pattern rule with stem `Gen_dummy_probes.pl.web'.
       Trying implicit prerequisite `Gen_dummy_probes.pl.web,v'.
       Trying pattern rule with stem `Gen_dummy_probes.pl.web'.
   Trying implicit prerequisite `RCS/pg_amproc.dat,v'.
   Trying pattern rule with stem `pg_amproc.dat'.
   Trying implicit prerequisite `RCS/pg_amproc.dat'.
   Trying pattern rule with stem `pg_amproc.dat'.
       Trying implicit prerequisite `RCS/Gen_dummy_probes.pl.web,v'.
   Trying implicit prerequisite `s.pg_amproc.dat'.
   Trying pattern rule with stem `pg_amproc.dat'.
   Trying implicit prerequisite `SCCS/s.pg_amproc.dat'.
   Trying pattern rule with stem `pg_amproc.dat'.
       Trying pattern rule with stem `Gen_dummy_probes.pl.web'.
       Trying implicit prerequisite `RCS/Gen_dummy_probes.pl.web'.
       Trying pattern rule with stem `Gen_dummy_probes.pl.web'.
       Trying implicit prerequisite `s.Gen_dummy_probes.pl.web'.
       Trying pattern rule with stem `Gen_dummy_probes.pl.web'.
       Trying implicit prerequisite `SCCS/s.Gen_dummy_probes.pl.web'.
   Trying implicit prerequisite `pg_amproc.dat.o'.
   Looking for a rule with intermediate file `pg_amproc.dat.o'.
    Avoiding implicit rule recursion.
    Trying pattern rule with stem `pg_amproc.dat'.
    Trying implicit prerequisite `pg_amproc.dat.c'.
     Trying pattern rule with stem `Gen_dummy_probes.pl'.
    Trying pattern rule with stem `pg_amproc.dat'.
    Trying implicit prerequisite `pg_amproc.dat.cc'.
    Trying pattern rule with stem `pg_amproc.dat'.
     Trying implicit prerequisite `Gen_dummy_probes.pl.f'.
    Trying implicit prerequisite `pg_amproc.dat.C'.
    Trying pattern rule with stem `pg_amproc.dat'.
     Looking for a rule with intermediate file `Gen_dummy_probes.pl.f'.
Live child 0x14c9049f0 (../../src/include/utils/wait_event_types.h) PID 93775 
Live child 0x14ca04510 (parser/gram.h) PID 93737 
    Trying implicit prerequisite `pg_amproc.dat.cpp'.
Live child 0x14b737ce0 (submake-utils-headers) PID 93734 
Live child 0x14b736a80 (submake-nodes-headers) PID 93733 
    Trying pattern rule with stem `pg_amproc.dat'.
      Avoiding implicit rule recursion.
      Avoiding implicit rule recursion.
Live child 0x14b735360 (submake-catalog-headers) PID 93732 
      Trying pattern rule with stem `Gen_dummy_probes.pl'.
      Trying implicit prerequisite `Gen_dummy_probes.pl.F'.
    Trying implicit prerequisite `pg_amproc.dat.p'.
      Trying pattern rule with stem `Gen_dummy_probes.pl'.
      Trying implicit prerequisite `Gen_dummy_probes.pl.r'.
      Trying pattern rule with stem `Gen_dummy_probes.pl.f'.
    Trying pattern rule with stem `pg_amproc.dat'.
      Trying implicit prerequisite `Gen_dummy_probes.pl.f,v'.
      Trying pattern rule with stem `Gen_dummy_probes.pl.f'.
    Trying implicit prerequisite `pg_amproc.dat.f'.
      Trying implicit prerequisite `RCS/Gen_dummy_probes.pl.f,v'.
      Trying pattern rule with stem `Gen_dummy_probes.pl.f'.
      Trying implicit prerequisite `RCS/Gen_dummy_probes.pl.f'.
    Trying pattern rule with stem `pg_amproc.dat'.
      Trying pattern rule with stem `Gen_dummy_probes.pl.f'.
      Trying implicit prerequisite `s.Gen_dummy_probes.pl.f'.
      Trying pattern rule with stem `Gen_dummy_probes.pl.f'.
    Trying implicit prerequisite `pg_amproc.dat.F'.
      Trying implicit prerequisite `SCCS/s.Gen_dummy_probes.pl.f'.
      Trying pattern rule with stem `Gen_dummy_probes.pl'.
      Trying implicit prerequisite `Gen_dummy_probes.pl.F'.
    Trying pattern rule with stem `pg_amproc.dat'.
      Looking for a rule with intermediate file `Gen_dummy_probes.pl.F'.
       Avoiding implicit rule recursion.
       Avoiding implicit rule recursion.
       Avoiding implicit rule recursion.
    Trying implicit prerequisite `pg_amproc.dat.m'.
       Trying pattern rule with stem `Gen_dummy_probes.pl.F'.
       Trying implicit prerequisite `Gen_dummy_probes.pl.F,v'.
       Trying pattern rule with stem `Gen_dummy_probes.pl.F'.
    Trying pattern rule with stem `pg_amproc.dat'.
       Trying implicit prerequisite `RCS/Gen_dummy_probes.pl.F,v'.
       Trying pattern rule with stem `Gen_dummy_probes.pl.F'.
    Trying implicit prerequisite `pg_amproc.dat.r'.
       Trying implicit prerequisite `RCS/Gen_dummy_probes.pl.F'.
       Trying pattern rule with stem `Gen_dummy_probes.pl.F'.
       Trying implicit prerequisite `s.Gen_dummy_probes.pl.F'.
    Trying pattern rule with stem `pg_amproc.dat'.
       Trying pattern rule with stem `Gen_dummy_probes.pl.F'.
       Trying implicit prerequisite `SCCS/s.Gen_dummy_probes.pl.F'.
    Trying implicit prerequisite `pg_amproc.dat.s'.
      Trying pattern rule with stem `Gen_dummy_probes.pl'.
      Trying implicit prerequisite `Gen_dummy_probes.pl.r'.
      Looking for a rule with intermediate file `Gen_dummy_probes.pl.r'.
       Avoiding implicit rule recursion.
       Avoiding implicit rule recursion.
       Avoiding implicit rule recursion.
       Trying pattern rule with stem `Gen_dummy_probes.pl'.
    Trying pattern rule with stem `pg_amproc.dat'.
       Rejecting impossible implicit prerequisite `Gen_dummy_probes.pl.l'.
       Trying pattern rule with stem `Gen_dummy_probes.pl.r'.
    Trying implicit prerequisite `pg_amproc.dat.S'.
       Trying implicit prerequisite `Gen_dummy_probes.pl.r,v'.
       Trying pattern rule with stem `Gen_dummy_probes.pl.r'.
    Trying pattern rule with stem `pg_amproc.dat'.
       Trying implicit prerequisite `RCS/Gen_dummy_probes.pl.r,v'.
       Trying pattern rule with stem `Gen_dummy_probes.pl.r'.
       Trying implicit prerequisite `RCS/Gen_dummy_probes.pl.r'.
       Trying pattern rule with stem `Gen_dummy_probes.pl.r'.
    Trying implicit prerequisite `pg_amproc.dat.mod'.
       Trying implicit prerequisite `s.Gen_dummy_probes.pl.r'.
       Trying pattern rule with stem `Gen_dummy_probes.pl.r'.
    Trying pattern rule with stem `pg_amproc.dat.o'.
       Trying implicit prerequisite `SCCS/s.Gen_dummy_probes.pl.r'.
     Trying pattern rule with stem `Gen_dummy_probes.pl'.
    Trying implicit prerequisite `pg_amproc.dat.o,v'.
     Rejecting impossible implicit prerequisite `Gen_dummy_probes.pl.F'.
     Trying pattern rule with stem `Gen_dummy_probes.pl'.
    Trying pattern rule with stem `pg_amproc.dat.o'.
     Trying implicit prerequisite `Gen_dummy_probes.pl.m'.
     Looking for a rule with intermediate file `Gen_dummy_probes.pl.m'.
      Avoiding implicit rule recursion.
      Avoiding implicit rule recursion.
    Trying implicit prerequisite `RCS/pg_amproc.dat.o,v'.
      Trying pattern rule with stem `Gen_dummy_probes.pl'.
      Trying implicit prerequisite `Gen_dummy_probes.pl.ym'.
      Trying pattern rule with stem `Gen_dummy_probes.pl'.
    Trying pattern rule with stem `pg_amproc.dat.o'.
      Trying implicit prerequisite `Gen_dummy_probes.pl.lm'.
      Trying pattern rule with stem `Gen_dummy_probes.pl.m'.
      Trying implicit prerequisite `Gen_dummy_probes.pl.m,v'.
      Trying pattern rule with stem `Gen_dummy_probes.pl.m'.
    Trying implicit prerequisite `RCS/pg_amproc.dat.o'.
Reaping winning child 0x14c9049f0 PID 93775 
Removing child 0x14c9049f0 PID 93775 from chain.
    Trying pattern rule with stem `pg_amproc.dat.o'.
    Trying implicit prerequisite `s.pg_amproc.dat.o'.
    Trying pattern rule with stem `pg_amproc.dat.o'.
    Trying implicit prerequisite `SCCS/s.pg_amproc.dat.o'.
    Trying pattern rule with stem `pg_amproc.dat'.
Released token for child 0x14c9049f0 (../../src/include/utils/wait_event_types.h).
      Trying implicit prerequisite `RCS/Gen_dummy_probes.pl.m,v'.
    Trying implicit prerequisite `pg_amproc.dat.c'.
    Looking for a rule with intermediate file `pg_amproc.dat.c'.
      Trying pattern rule with stem `Gen_dummy_probes.pl.m'.
      Trying implicit prerequisite `RCS/Gen_dummy_probes.pl.m'.
      Trying pattern rule with stem `Gen_dummy_probes.pl.m'.
     Avoiding implicit rule recursion.
      Trying implicit prerequisite `s.Gen_dummy_probes.pl.m'.
      Trying pattern rule with stem `Gen_dummy_probes.pl.m'.
     Avoiding implicit rule recursion.
     Trying pattern rule with stem `pg_amproc.dat'.
      Trying implicit prerequisite `SCCS/s.Gen_dummy_probes.pl.m'.
Live child 0x14ca04510 (parser/gram.h) PID 93737 
Live child 0x14b737ce0 (submake-utils-headers) PID 93734 
      Trying pattern rule with stem `Gen_dummy_probes.pl'.
      Trying implicit prerequisite `Gen_dummy_probes.pl.ym'.
     Trying implicit prerequisite `pg_amproc.dat.l'.
     Trying pattern rule with stem `pg_amproc.dat'.
     Trying implicit prerequisite `pg_amproc.dat.y'.
      Looking for a rule with intermediate file `Gen_dummy_probes.pl.ym'.
       Avoiding implicit rule recursion.
Live child 0x14b736a80 (submake-nodes-headers) PID 93733 
     Trying pattern rule with stem `pg_amproc.dat'.
Live child 0x14b735360 (submake-catalog-headers) PID 93732 
Considering target file `generated-headers'.
 File `generated-headers' does not exist.
     Trying implicit prerequisite `pg_amproc.dat.w'.
     Trying pattern rule with stem `pg_amproc.dat'.
       Avoiding implicit rule recursion.
     Trying implicit prerequisite `pg_amproc.dat.w'.
     Trying pattern rule with stem `pg_amproc.dat.c'.
       Avoiding implicit rule recursion.
       Trying pattern rule with stem `Gen_dummy_probes.pl.ym'.
     Trying implicit prerequisite `pg_amproc.dat.c,v'.
       Trying implicit prerequisite `Gen_dummy_probes.pl.ym,v'.
       Trying pattern rule with stem `Gen_dummy_probes.pl.ym'.
     Trying pattern rule with stem `pg_amproc.dat.c'.
     Trying implicit prerequisite `RCS/pg_amproc.dat.c,v'.
       Trying implicit prerequisite `RCS/Gen_dummy_probes.pl.ym,v'.
     Trying pattern rule with stem `pg_amproc.dat.c'.
  Considering target file `submake-catalog-headers'.
     Trying implicit prerequisite `RCS/pg_amproc.dat.c'.
  Still updating file `submake-catalog-headers'.
  Considering target file `submake-nodes-headers'.
     Trying pattern rule with stem `pg_amproc.dat.c'.
     Trying implicit prerequisite `s.pg_amproc.dat.c'.
     Trying pattern rule with stem `pg_amproc.dat.c'.
     Trying implicit prerequisite `SCCS/s.pg_amproc.dat.c'.
     Trying pattern rule with stem `pg_amproc.dat'.
     Trying implicit prerequisite `pg_amproc.dat.l'.
     Looking for a rule with intermediate file `pg_amproc.dat.l'.
       Trying pattern rule with stem `Gen_dummy_probes.pl.ym'.
  Still updating file `submake-nodes-headers'.
       Trying implicit prerequisite `RCS/Gen_dummy_probes.pl.ym'.
  Considering target file `submake-utils-headers'.
  Still updating file `submake-utils-headers'.
      Avoiding implicit rule recursion.
       Trying pattern rule with stem `Gen_dummy_probes.pl.ym'.
       Trying implicit prerequisite `s.Gen_dummy_probes.pl.ym'.
       Trying pattern rule with stem `Gen_dummy_probes.pl.ym'.
 Considering target file `../../src/include/storage/lwlocknames.h'.
      Avoiding implicit rule recursion.
      Avoiding implicit rule recursion.
      Trying pattern rule with stem `pg_amproc.dat.l'.
 File `../../src/include/storage/lwlocknames.h' was considered already.
      Trying implicit prerequisite `pg_amproc.dat.l,v'.
      Trying pattern rule with stem `pg_amproc.dat.l'.
      Trying implicit prerequisite `RCS/pg_amproc.dat.l,v'.
      Trying pattern rule with stem `pg_amproc.dat.l'.
 Considering target file `../../src/include/utils/wait_event_types.h'.
 File `../../src/include/utils/wait_event_types.h' was considered already.
       Trying implicit prerequisite `SCCS/s.Gen_dummy_probes.pl.ym'.
 Pruning file `submake-catalog-headers'.
 Pruning file `submake-nodes-headers'.
      Trying pattern rule with stem `Gen_dummy_probes.pl'.
      Trying implicit prerequisite `RCS/pg_amproc.dat.l'.
 Pruning file `submake-utils-headers'.
 Considering target file `parser/gram.h'.
      Trying pattern rule with stem `pg_amproc.dat.l'.
      Trying implicit prerequisite `Gen_dummy_probes.pl.lm'.
      Trying implicit prerequisite `s.pg_amproc.dat.l'.
      Trying pattern rule with stem `pg_amproc.dat.l'.
      Trying implicit prerequisite `SCCS/s.pg_amproc.dat.l'.
      Looking for a rule with intermediate file `Gen_dummy_probes.pl.lm'.
       Avoiding implicit rule recursion.
     Trying pattern rule with stem `pg_amproc.dat'.
       Avoiding implicit rule recursion.
       Avoiding implicit rule recursion.
 Still updating file `parser/gram.h'.
     Trying implicit prerequisite `pg_amproc.dat.y'.
     Looking for a rule with intermediate file `pg_amproc.dat.y'.
      Avoiding implicit rule recursion.
      Avoiding implicit rule recursion.
      Avoiding implicit rule recursion.
 Finished prerequisites of target file `generated-headers'.
The prerequisites of `generated-headers' are being made.
      Trying pattern rule with stem `pg_amproc.dat.y'.
      Trying implicit prerequisite `pg_amproc.dat.y,v'.
      Trying pattern rule with stem `pg_amproc.dat.y'.
      Trying implicit prerequisite `RCS/pg_amproc.dat.y,v'.
       Trying pattern rule with stem `Gen_dummy_probes.pl.lm'.
       Trying implicit prerequisite `Gen_dummy_probes.pl.lm,v'.
      Trying pattern rule with stem `pg_amproc.dat.y'.
       Trying pattern rule with stem `Gen_dummy_probes.pl.lm'.
       Trying implicit prerequisite `RCS/Gen_dummy_probes.pl.lm,v'.
       Trying pattern rule with stem `Gen_dummy_probes.pl.lm'.
      Trying implicit prerequisite `RCS/pg_amproc.dat.y'.
      Trying pattern rule with stem `pg_amproc.dat.y'.
       Trying implicit prerequisite `RCS/Gen_dummy_probes.pl.lm'.
       Trying pattern rule with stem `Gen_dummy_probes.pl.lm'.
      Trying implicit prerequisite `s.pg_amproc.dat.y'.
      Trying pattern rule with stem `pg_amproc.dat.y'.
      Trying implicit prerequisite `SCCS/s.pg_amproc.dat.y'.
       Trying implicit prerequisite `s.Gen_dummy_probes.pl.lm'.
     Trying pattern rule with stem `pg_amproc.dat'.
     Trying implicit prerequisite `pg_amproc.dat.w'.
       Trying pattern rule with stem `Gen_dummy_probes.pl.lm'.
       Trying implicit prerequisite `SCCS/s.Gen_dummy_probes.pl.lm'.
Live child 0x14ca04510 (parser/gram.h) PID 93737 
     Looking for a rule with intermediate file `pg_amproc.dat.w'.
Live child 0x14b737ce0 (submake-utils-headers) PID 93734 
Live child 0x14b736a80 (submake-nodes-headers) PID 93733 
      Avoiding implicit rule recursion.
     Trying pattern rule with stem `Gen_dummy_probes.pl'.
      Avoiding implicit rule recursion.
      Avoiding implicit rule recursion.
      Trying pattern rule with stem `pg_amproc.dat.w'.
     Rejecting impossible implicit prerequisite `Gen_dummy_probes.pl.r'.
      Trying implicit prerequisite `pg_amproc.dat.w,v'.
      Trying pattern rule with stem `pg_amproc.dat.w'.
     Trying pattern rule with stem `Gen_dummy_probes.pl'.
     Trying implicit prerequisite `Gen_dummy_probes.pl.s'.
      Trying implicit prerequisite `RCS/pg_amproc.dat.w,v'.
     Looking for a rule with intermediate file `Gen_dummy_probes.pl.s'.
      Avoiding implicit rule recursion.
      Trying pattern rule with stem `pg_amproc.dat.w'.
      Trying implicit prerequisite `RCS/pg_amproc.dat.w'.
      Avoiding implicit rule recursion.
      Trying pattern rule with stem `pg_amproc.dat.w'.
Live child 0x14b735360 (submake-catalog-headers) PID 93732 
      Trying implicit prerequisite `s.pg_amproc.dat.w'.
      Trying pattern rule with stem `pg_amproc.dat.w'.
      Trying implicit prerequisite `SCCS/s.pg_amproc.dat.w'.
     Trying pattern rule with stem `pg_amproc.dat'.
      Trying pattern rule with stem `Gen_dummy_probes.pl'.
     Rejecting impossible implicit prerequisite `pg_amproc.dat.w'.
    Trying pattern rule with stem `pg_amproc.dat'.
      Trying implicit prerequisite `Gen_dummy_probes.pl.S'.
      Trying pattern rule with stem `Gen_dummy_probes.pl.s'.
    Trying implicit prerequisite `pg_amproc.dat.cc'.
    Looking for a rule with intermediate file `pg_amproc.dat.cc'.
     Avoiding implicit rule recursion.
     Avoiding implicit rule recursion.
      Trying implicit prerequisite `Gen_dummy_probes.pl.s,v'.
      Trying pattern rule with stem `Gen_dummy_probes.pl.s'.
      Trying implicit prerequisite `RCS/Gen_dummy_probes.pl.s,v'.
      Trying pattern rule with stem `Gen_dummy_probes.pl.s'.
      Trying implicit prerequisite `RCS/Gen_dummy_probes.pl.s'.
      Trying pattern rule with stem `Gen_dummy_probes.pl.s'.
     Trying pattern rule with stem `pg_amproc.dat.cc'.
      Trying implicit prerequisite `s.Gen_dummy_probes.pl.s'.
      Trying pattern rule with stem `Gen_dummy_probes.pl.s'.
     Trying implicit prerequisite `pg_amproc.dat.cc,v'.
      Trying implicit prerequisite `SCCS/s.Gen_dummy_probes.pl.s'.
      Trying pattern rule with stem `Gen_dummy_probes.pl'.
     Trying pattern rule with stem `pg_amproc.dat.cc'.
      Trying implicit prerequisite `Gen_dummy_probes.pl.S'.
      Looking for a rule with intermediate file `Gen_dummy_probes.pl.S'.
       Avoiding implicit rule recursion.
       Avoiding implicit rule recursion.
       Avoiding implicit rule recursion.
     Trying implicit prerequisite `RCS/pg_amproc.dat.cc,v'.
     Trying pattern rule with stem `pg_amproc.dat.cc'.
       Trying pattern rule with stem `Gen_dummy_probes.pl.S'.
     Trying implicit prerequisite `RCS/pg_amproc.dat.cc'.
     Trying pattern rule with stem `pg_amproc.dat.cc'.
       Trying implicit prerequisite `Gen_dummy_probes.pl.S,v'.
       Trying pattern rule with stem `Gen_dummy_probes.pl.S'.
     Trying implicit prerequisite `s.pg_amproc.dat.cc'.
     Trying pattern rule with stem `pg_amproc.dat.cc'.
     Trying implicit prerequisite `SCCS/s.pg_amproc.dat.cc'.
       Trying implicit prerequisite `RCS/Gen_dummy_probes.pl.S,v'.
       Trying pattern rule with stem `Gen_dummy_probes.pl.S'.
    Trying pattern rule with stem `pg_amproc.dat'.
       Trying implicit prerequisite `RCS/Gen_dummy_probes.pl.S'.
       Trying pattern rule with stem `Gen_dummy_probes.pl.S'.
    Trying implicit prerequisite `pg_amproc.dat.C'.
    Looking for a rule with intermediate file `pg_amproc.dat.C'.
     Avoiding implicit rule recursion.
     Avoiding implicit rule recursion.
     Trying pattern rule with stem `pg_amproc.dat.C'.
       Trying implicit prerequisite `s.Gen_dummy_probes.pl.S'.
       Trying pattern rule with stem `Gen_dummy_probes.pl.S'.
     Trying implicit prerequisite `pg_amproc.dat.C,v'.
     Trying pattern rule with stem `pg_amproc.dat.C'.
       Trying implicit prerequisite `SCCS/s.Gen_dummy_probes.pl.S'.
     Trying implicit prerequisite `RCS/pg_amproc.dat.C,v'.
     Trying pattern rule with stem `pg_amproc.dat.C'.
     Trying implicit prerequisite `RCS/pg_amproc.dat.C'.
     Trying pattern rule with stem `pg_amproc.dat.C'.
     Trying pattern rule with stem `Gen_dummy_probes.pl'.
     Trying implicit prerequisite `s.pg_amproc.dat.C'.
     Trying pattern rule with stem `pg_amproc.dat.C'.
     Rejecting impossible implicit prerequisite `Gen_dummy_probes.pl.S'.
     Trying pattern rule with stem `Gen_dummy_probes.pl'.
     Trying implicit prerequisite `SCCS/s.pg_amproc.dat.C'.
     Trying implicit prerequisite `Gen_dummy_probes.pl.mod'.
     Looking for a rule with intermediate file `Gen_dummy_probes.pl.mod'.
      Avoiding implicit rule recursion.
      Avoiding implicit rule recursion.
    Trying pattern rule with stem `pg_amproc.dat'.
      Trying pattern rule with stem `Gen_dummy_probes.pl.mod'.
    Trying implicit prerequisite `pg_amproc.dat.cpp'.
    Looking for a rule with intermediate file `pg_amproc.dat.cpp'.
     Avoiding implicit rule recursion.
     Avoiding implicit rule recursion.
      Trying implicit prerequisite `Gen_dummy_probes.pl.mod,v'.
      Trying pattern rule with stem `Gen_dummy_probes.pl.mod'.
     Trying pattern rule with stem `pg_amproc.dat.cpp'.
      Trying implicit prerequisite `RCS/Gen_dummy_probes.pl.mod,v'.
      Trying pattern rule with stem `Gen_dummy_probes.pl.mod'.
     Trying implicit prerequisite `pg_amproc.dat.cpp,v'.
     Trying pattern rule with stem `pg_amproc.dat.cpp'.
      Trying implicit prerequisite `RCS/Gen_dummy_probes.pl.mod'.
      Trying pattern rule with stem `Gen_dummy_probes.pl.mod'.
     Trying implicit prerequisite `RCS/pg_amproc.dat.cpp,v'.
     Trying pattern rule with stem `pg_amproc.dat.cpp'.
      Trying implicit prerequisite `s.Gen_dummy_probes.pl.mod'.
      Trying pattern rule with stem `Gen_dummy_probes.pl.mod'.
     Trying implicit prerequisite `RCS/pg_amproc.dat.cpp'.
     Trying pattern rule with stem `pg_amproc.dat.cpp'.
      Trying implicit prerequisite `SCCS/s.Gen_dummy_probes.pl.mod'.
     Trying implicit prerequisite `s.pg_amproc.dat.cpp'.
     Trying pattern rule with stem `pg_amproc.dat.cpp'.
    Trying pattern rule with stem `Gen_dummy_probes.pl'.
     Trying implicit prerequisite `SCCS/s.pg_amproc.dat.cpp'.
    Rejecting impossible implicit prerequisite `Gen_dummy_probes.pl.cc'.
    Trying pattern rule with stem `Gen_dummy_probes.pl'.
    Trying pattern rule with stem `pg_amproc.dat'.
    Rejecting impossible implicit prerequisite `Gen_dummy_probes.pl.C'.
    Trying pattern rule with stem `Gen_dummy_probes.pl'.
    Trying implicit prerequisite `pg_amproc.dat.p'.
    Looking for a rule with intermediate file `pg_amproc.dat.p'.
     Avoiding implicit rule recursion.
     Avoiding implicit rule recursion.
    Rejecting impossible implicit prerequisite `Gen_dummy_probes.pl.cpp'.
    Trying pattern rule with stem `Gen_dummy_probes.pl'.
     Trying pattern rule with stem `pg_amproc.dat'.
    Rejecting impossible implicit prerequisite `Gen_dummy_probes.pl.p'.
    Trying pattern rule with stem `Gen_dummy_probes.pl'.
     Trying implicit prerequisite `pg_amproc.dat.web'.
     Trying pattern rule with stem `pg_amproc.dat.p'.
    Rejecting impossible implicit prerequisite `Gen_dummy_probes.pl.f'.
    Trying pattern rule with stem `Gen_dummy_probes.pl'.
     Trying implicit prerequisite `pg_amproc.dat.p,v'.
     Trying pattern rule with stem `pg_amproc.dat.p'.
    Rejecting impossible implicit prerequisite `Gen_dummy_probes.pl.F'.
    Trying pattern rule with stem `Gen_dummy_probes.pl'.
     Trying implicit prerequisite `RCS/pg_amproc.dat.p,v'.
     Trying pattern rule with stem `pg_amproc.dat.p'.
    Rejecting impossible implicit prerequisite `Gen_dummy_probes.pl.m'.
    Trying pattern rule with stem `Gen_dummy_probes.pl'.
    Rejecting impossible implicit prerequisite `Gen_dummy_probes.pl.r'.
    Trying pattern rule with stem `Gen_dummy_probes.pl'.
    Rejecting impossible implicit prerequisite `Gen_dummy_probes.pl.s'.
    Trying pattern rule with stem `Gen_dummy_probes.pl'.
     Trying implicit prerequisite `RCS/pg_amproc.dat.p'.
     Trying pattern rule with stem `pg_amproc.dat.p'.
    Rejecting impossible implicit prerequisite `Gen_dummy_probes.pl.S'.
    Trying pattern rule with stem `Gen_dummy_probes.pl'.
     Trying implicit prerequisite `s.pg_amproc.dat.p'.
     Trying pattern rule with stem `pg_amproc.dat.p'.
    Rejecting impossible implicit prerequisite `Gen_dummy_probes.pl.mod'.
    Trying pattern rule with stem `Gen_dummy_probes.pl'.
     Trying implicit prerequisite `SCCS/s.pg_amproc.dat.p'.
    Trying implicit prerequisite `Gen_dummy_probes.pl.sh'.
    Looking for a rule with intermediate file `Gen_dummy_probes.pl.sh'.
     Trying pattern rule with stem `pg_amproc.dat'.
     Avoiding implicit rule recursion.
     Trying pattern rule with stem `Gen_dummy_probes.pl.sh'.
     Trying implicit prerequisite `pg_amproc.dat.web'.
     Looking for a rule with intermediate file `pg_amproc.dat.web'.
      Avoiding implicit rule recursion.
      Avoiding implicit rule recursion.
      Avoiding implicit rule recursion.
      Trying pattern rule with stem `pg_amproc.dat.web'.
     Trying implicit prerequisite `Gen_dummy_probes.pl.sh,v'.
     Trying pattern rule with stem `Gen_dummy_probes.pl.sh'.
      Trying implicit prerequisite `pg_amproc.dat.web,v'.
     Trying implicit prerequisite `RCS/Gen_dummy_probes.pl.sh,v'.
     Trying pattern rule with stem `Gen_dummy_probes.pl.sh'.
      Trying pattern rule with stem `pg_amproc.dat.web'.
     Trying implicit prerequisite `RCS/Gen_dummy_probes.pl.sh'.
     Trying pattern rule with stem `Gen_dummy_probes.pl.sh'.
      Trying implicit prerequisite `RCS/pg_amproc.dat.web,v'.
      Trying pattern rule with stem `pg_amproc.dat.web'.
     Trying implicit prerequisite `s.Gen_dummy_probes.pl.sh'.
     Trying pattern rule with stem `Gen_dummy_probes.pl.sh'.
      Trying implicit prerequisite `RCS/pg_amproc.dat.web'.
      Trying pattern rule with stem `pg_amproc.dat.web'.
     Trying implicit prerequisite `SCCS/s.Gen_dummy_probes.pl.sh'.
      Trying implicit prerequisite `s.pg_amproc.dat.web'.
      Trying pattern rule with stem `pg_amproc.dat.web'.
    No implicit rule found for `Gen_dummy_probes.pl'.
      Trying implicit prerequisite `SCCS/s.pg_amproc.dat.web'.
    Looking for an implicit rule for `probes.d'.
    Trying pattern rule with stem `pg_amproc.dat'.
    Trying implicit prerequisite `pg_amproc.dat.f'.
    Looking for a rule with intermediate file `pg_amproc.dat.f'.
     Avoiding implicit rule recursion.
     Avoiding implicit rule recursion.
    Trying pattern rule with stem `probes.d'.
     Trying pattern rule with stem `pg_amproc.dat'.
    Trying implicit prerequisite `probes.d.o'.
     Trying implicit prerequisite `pg_amproc.dat.F'.
     Trying pattern rule with stem `pg_amproc.dat'.
    Trying pattern rule with stem `probes.d'.
     Trying implicit prerequisite `pg_amproc.dat.r'.
    Trying implicit prerequisite `probes.d.cc'.
     Trying pattern rule with stem `pg_amproc.dat.f'.
    Trying pattern rule with stem `probes.d'.
     Trying implicit prerequisite `pg_amproc.dat.f,v'.
     Trying pattern rule with stem `pg_amproc.dat.f'.
    Trying implicit prerequisite `probes.d.C'.
     Trying implicit prerequisite `RCS/pg_amproc.dat.f,v'.
     Trying pattern rule with stem `pg_amproc.dat.f'.
    Trying pattern rule with stem `probes.d'.
     Trying implicit prerequisite `RCS/pg_amproc.dat.f'.
    Trying implicit prerequisite `probes.d.cpp'.
    Trying pattern rule with stem `probes.d'.
     Trying pattern rule with stem `pg_amproc.dat.f'.
    Trying implicit prerequisite `probes.d.p'.
    Trying pattern rule with stem `probes.d'.
     Trying implicit prerequisite `s.pg_amproc.dat.f'.
     Trying pattern rule with stem `pg_amproc.dat.f'.
    Trying implicit prerequisite `probes.d.f'.
    Trying pattern rule with stem `probes.d'.
    Trying implicit prerequisite `probes.d.F'.
    Trying pattern rule with stem `probes.d'.
     Trying implicit prerequisite `SCCS/s.pg_amproc.dat.f'.
     Trying pattern rule with stem `pg_amproc.dat'.
    Trying implicit prerequisite `probes.d.m'.
    Trying pattern rule with stem `probes.d'.
    Trying implicit prerequisite `probes.d.r'.
    Trying pattern rule with stem `probes.d'.
     Trying implicit prerequisite `pg_amproc.dat.F'.
     Looking for a rule with intermediate file `pg_amproc.dat.F'.
      Avoiding implicit rule recursion.
      Avoiding implicit rule recursion.
      Avoiding implicit rule recursion.
    Trying implicit prerequisite `probes.d.s'.
    Trying pattern rule with stem `probes.d'.
    Trying implicit prerequisite `probes.d.S'.
    Trying pattern rule with stem `probes.d'.
      Trying pattern rule with stem `pg_amproc.dat.F'.
    Trying implicit prerequisite `probes.d.mod'.
    Trying pattern rule with stem `probes.d'.
      Trying implicit prerequisite `pg_amproc.dat.F,v'.
      Trying pattern rule with stem `pg_amproc.dat.F'.
    Trying implicit prerequisite `probes.d.sh'.
    Trying pattern rule with stem `probes.d'.
    Trying implicit prerequisite `probes.d,v'.
      Trying implicit prerequisite `RCS/pg_amproc.dat.F,v'.
      Trying pattern rule with stem `pg_amproc.dat.F'.
    Trying pattern rule with stem `probes.d'.
      Trying implicit prerequisite `RCS/pg_amproc.dat.F'.
      Trying pattern rule with stem `pg_amproc.dat.F'.
    Trying implicit prerequisite `RCS/probes.d,v'.
    Trying pattern rule with stem `probes.d'.
      Trying implicit prerequisite `s.pg_amproc.dat.F'.
      Trying pattern rule with stem `pg_amproc.dat.F'.
    Trying implicit prerequisite `RCS/probes.d'.
    Trying pattern rule with stem `probes.d'.
      Trying implicit prerequisite `SCCS/s.pg_amproc.dat.F'.
    Trying implicit prerequisite `s.probes.d'.
    Trying pattern rule with stem `probes.d'.
     Trying pattern rule with stem `pg_amproc.dat'.
    Trying implicit prerequisite `SCCS/s.probes.d'.
    Trying pattern rule with stem `probes.d'.
     Trying implicit prerequisite `pg_amproc.dat.r'.
     Looking for a rule with intermediate file `pg_amproc.dat.r'.
      Avoiding implicit rule recursion.
      Avoiding implicit rule recursion.
      Avoiding implicit rule recursion.
    Trying implicit prerequisite `probes.d.o'.
    Looking for a rule with intermediate file `probes.d.o'.
     Avoiding implicit rule recursion.
      Trying pattern rule with stem `pg_amproc.dat'.
     Trying pattern rule with stem `probes.d'.
      Rejecting impossible implicit prerequisite `pg_amproc.dat.l'.
      Trying pattern rule with stem `pg_amproc.dat.r'.
     Trying implicit prerequisite `probes.d.c'.
      Trying implicit prerequisite `pg_amproc.dat.r,v'.
     Trying pattern rule with stem `probes.d'.
      Trying pattern rule with stem `pg_amproc.dat.r'.
     Trying implicit prerequisite `probes.d.cc'.
     Trying pattern rule with stem `probes.d'.
      Trying implicit prerequisite `RCS/pg_amproc.dat.r,v'.
      Trying pattern rule with stem `pg_amproc.dat.r'.
     Trying implicit prerequisite `probes.d.C'.
     Trying pattern rule with stem `probes.d'.
      Trying implicit prerequisite `RCS/pg_amproc.dat.r'.
      Trying pattern rule with stem `pg_amproc.dat.r'.
     Trying implicit prerequisite `probes.d.cpp'.
     Trying pattern rule with stem `probes.d'.
     Trying implicit prerequisite `probes.d.p'.
     Trying pattern rule with stem `probes.d'.
      Trying implicit prerequisite `s.pg_amproc.dat.r'.
      Trying pattern rule with stem `pg_amproc.dat.r'.
     Trying implicit prerequisite `probes.d.f'.
     Trying pattern rule with stem `probes.d'.
     Trying implicit prerequisite `probes.d.F'.
     Trying pattern rule with stem `probes.d'.
     Trying implicit prerequisite `probes.d.m'.
     Trying pattern rule with stem `probes.d'.
     Trying implicit prerequisite `probes.d.r'.
     Trying pattern rule with stem `probes.d'.
     Trying implicit prerequisite `probes.d.s'.
     Trying pattern rule with stem `probes.d'.
     Trying implicit prerequisite `probes.d.S'.
     Trying pattern rule with stem `probes.d'.
      Trying implicit prerequisite `SCCS/s.pg_amproc.dat.r'.
     Trying implicit prerequisite `probes.d.mod'.
     Trying pattern rule with stem `probes.d.o'.
    Trying pattern rule with stem `pg_amproc.dat'.
     Trying implicit prerequisite `probes.d.o,v'.
     Trying pattern rule with stem `probes.d.o'.
    Rejecting impossible implicit prerequisite `pg_amproc.dat.F'.
     Trying implicit prerequisite `RCS/probes.d.o,v'.
    Trying pattern rule with stem `pg_amproc.dat'.
     Trying pattern rule with stem `probes.d.o'.
    Trying implicit prerequisite `pg_amproc.dat.m'.
    Looking for a rule with intermediate file `pg_amproc.dat.m'.
     Avoiding implicit rule recursion.
     Avoiding implicit rule recursion.
     Trying implicit prerequisite `RCS/probes.d.o'.
     Trying pattern rule with stem `probes.d.o'.
     Trying pattern rule with stem `pg_amproc.dat'.
     Trying implicit prerequisite `s.probes.d.o'.
     Trying pattern rule with stem `probes.d.o'.
     Trying implicit prerequisite `pg_amproc.dat.ym'.
     Trying pattern rule with stem `pg_amproc.dat'.
     Trying implicit prerequisite `SCCS/s.probes.d.o'.
     Trying pattern rule with stem `probes.d'.
     Trying implicit prerequisite `pg_amproc.dat.lm'.
     Trying pattern rule with stem `pg_amproc.dat.m'.
     Trying implicit prerequisite `probes.d.c'.
     Looking for a rule with intermediate file `probes.d.c'.
      Avoiding implicit rule recursion.
      Avoiding implicit rule recursion.
     Trying implicit prerequisite `pg_amproc.dat.m,v'.
     Trying pattern rule with stem `pg_amproc.dat.m'.
      Trying pattern rule with stem `probes.d'.
     Trying implicit prerequisite `RCS/pg_amproc.dat.m,v'.
     Trying pattern rule with stem `pg_amproc.dat.m'.
      Trying implicit prerequisite `probes.d.l'.
     Trying implicit prerequisite `RCS/pg_amproc.dat.m'.
      Trying pattern rule with stem `probes.d'.
     Trying pattern rule with stem `pg_amproc.dat.m'.
      Trying implicit prerequisite `probes.d.y'.
      Trying pattern rule with stem `probes.d'.
      Trying implicit prerequisite `probes.d.w'.
      Trying pattern rule with stem `probes.d'.
     Trying implicit prerequisite `s.pg_amproc.dat.m'.
     Trying pattern rule with stem `pg_amproc.dat.m'.
      Trying implicit prerequisite `probes.d.w'.
      Trying pattern rule with stem `probes.d.c'.
     Trying implicit prerequisite `SCCS/s.pg_amproc.dat.m'.
     Trying pattern rule with stem `pg_amproc.dat'.
      Trying implicit prerequisite `probes.d.c,v'.
      Trying pattern rule with stem `probes.d.c'.
     Trying implicit prerequisite `pg_amproc.dat.ym'.
     Looking for a rule with intermediate file `pg_amproc.dat.ym'.
      Avoiding implicit rule recursion.
      Avoiding implicit rule recursion.
      Avoiding implicit rule recursion.
      Trying implicit prerequisite `RCS/probes.d.c,v'.
      Trying pattern rule with stem `probes.d.c'.
      Trying pattern rule with stem `pg_amproc.dat.ym'.
      Trying implicit prerequisite `RCS/probes.d.c'.
      Trying pattern rule with stem `probes.d.c'.
      Trying implicit prerequisite `pg_amproc.dat.ym,v'.
      Trying pattern rule with stem `pg_amproc.dat.ym'.
      Trying implicit prerequisite `s.probes.d.c'.
      Trying pattern rule with stem `probes.d.c'.
      Trying implicit prerequisite `RCS/pg_amproc.dat.ym,v'.
      Trying pattern rule with stem `pg_amproc.dat.ym'.
      Trying implicit prerequisite `SCCS/s.probes.d.c'.
      Trying pattern rule with stem `probes.d'.
      Trying implicit prerequisite `RCS/pg_amproc.dat.ym'.
      Trying pattern rule with stem `pg_amproc.dat.ym'.
      Trying implicit prerequisite `probes.d.l'.
      Looking for a rule with intermediate file `probes.d.l'.
       Avoiding implicit rule recursion.
       Avoiding implicit rule recursion.
       Avoiding implicit rule recursion.
      Trying implicit prerequisite `s.pg_amproc.dat.ym'.
      Trying pattern rule with stem `pg_amproc.dat.ym'.
       Trying pattern rule with stem `probes.d.l'.
      Trying implicit prerequisite `SCCS/s.pg_amproc.dat.ym'.
       Trying implicit prerequisite `probes.d.l,v'.
       Trying pattern rule with stem `probes.d.l'.
     Trying pattern rule with stem `pg_amproc.dat'.
       Trying implicit prerequisite `RCS/probes.d.l,v'.
       Trying pattern rule with stem `probes.d.l'.
     Trying implicit prerequisite `pg_amproc.dat.lm'.
     Looking for a rule with intermediate file `pg_amproc.dat.lm'.
      Avoiding implicit rule recursion.
      Avoiding implicit rule recursion.
      Avoiding implicit rule recursion.
       Trying implicit prerequisite `RCS/probes.d.l'.
       Trying pattern rule with stem `probes.d.l'.
      Trying pattern rule with stem `pg_amproc.dat.lm'.
       Trying implicit prerequisite `s.probes.d.l'.
       Trying pattern rule with stem `probes.d.l'.
      Trying implicit prerequisite `pg_amproc.dat.lm,v'.
      Trying pattern rule with stem `pg_amproc.dat.lm'.
       Trying implicit prerequisite `SCCS/s.probes.d.l'.
      Trying implicit prerequisite `RCS/pg_amproc.dat.lm,v'.
      Trying pattern rule with stem `pg_amproc.dat.lm'.
      Trying pattern rule with stem `probes.d'.
      Trying implicit prerequisite `RCS/pg_amproc.dat.lm'.
      Trying pattern rule with stem `pg_amproc.dat.lm'.
      Trying implicit prerequisite `probes.d.y'.
      Looking for a rule with intermediate file `probes.d.y'.
       Avoiding implicit rule recursion.
       Avoiding implicit rule recursion.
       Avoiding implicit rule recursion.
      Trying implicit prerequisite `s.pg_amproc.dat.lm'.
      Trying pattern rule with stem `pg_amproc.dat.lm'.
       Trying pattern rule with stem `probes.d.y'.
      Trying implicit prerequisite `SCCS/s.pg_amproc.dat.lm'.
       Trying implicit prerequisite `probes.d.y,v'.
    Trying pattern rule with stem `pg_amproc.dat'.
       Trying pattern rule with stem `probes.d.y'.
    Rejecting impossible implicit prerequisite `pg_amproc.dat.r'.
    Trying pattern rule with stem `pg_amproc.dat'.
       Trying implicit prerequisite `RCS/probes.d.y,v'.
       Trying pattern rule with stem `probes.d.y'.
    Trying implicit prerequisite `pg_amproc.dat.s'.
    Looking for a rule with intermediate file `pg_amproc.dat.s'.
     Avoiding implicit rule recursion.
     Avoiding implicit rule recursion.
     Trying pattern rule with stem `pg_amproc.dat'.
       Trying implicit prerequisite `RCS/probes.d.y'.
       Trying pattern rule with stem `probes.d.y'.
     Trying implicit prerequisite `pg_amproc.dat.S'.
     Trying pattern rule with stem `pg_amproc.dat.s'.
       Trying implicit prerequisite `s.probes.d.y'.
       Trying pattern rule with stem `probes.d.y'.
     Trying implicit prerequisite `pg_amproc.dat.s,v'.
     Trying pattern rule with stem `pg_amproc.dat.s'.
       Trying implicit prerequisite `SCCS/s.probes.d.y'.
     Trying implicit prerequisite `RCS/pg_amproc.dat.s,v'.
     Trying pattern rule with stem `pg_amproc.dat.s'.
      Trying pattern rule with stem `probes.d'.
     Trying implicit prerequisite `RCS/pg_amproc.dat.s'.
     Trying pattern rule with stem `pg_amproc.dat.s'.
      Trying implicit prerequisite `probes.d.w'.
      Looking for a rule with intermediate file `probes.d.w'.
       Avoiding implicit rule recursion.
       Avoiding implicit rule recursion.
       Avoiding implicit rule recursion.
       Trying pattern rule with stem `probes.d.w'.
     Trying implicit prerequisite `s.pg_amproc.dat.s'.
       Trying implicit prerequisite `probes.d.w,v'.
       Trying pattern rule with stem `probes.d.w'.
     Trying pattern rule with stem `pg_amproc.dat.s'.
       Trying implicit prerequisite `RCS/probes.d.w,v'.
       Trying pattern rule with stem `probes.d.w'.
     Trying implicit prerequisite `SCCS/s.pg_amproc.dat.s'.
     Trying pattern rule with stem `pg_amproc.dat'.
       Trying implicit prerequisite `RCS/probes.d.w'.
       Trying pattern rule with stem `probes.d.w'.
     Trying implicit prerequisite `pg_amproc.dat.S'.
     Looking for a rule with intermediate file `pg_amproc.dat.S'.
      Avoiding implicit rule recursion.
      Avoiding implicit rule recursion.
      Avoiding implicit rule recursion.
       Trying implicit prerequisite `s.probes.d.w'.
       Trying pattern rule with stem `probes.d.w'.
      Trying pattern rule with stem `pg_amproc.dat.S'.
       Trying implicit prerequisite `SCCS/s.probes.d.w'.
      Trying implicit prerequisite `pg_amproc.dat.S,v'.
      Trying pattern rule with stem `pg_amproc.dat.S'.
      Trying pattern rule with stem `probes.d'.
      Trying implicit prerequisite `RCS/pg_amproc.dat.S,v'.
      Trying pattern rule with stem `pg_amproc.dat.S'.
      Rejecting impossible implicit prerequisite `probes.d.w'.
      Trying implicit prerequisite `RCS/pg_amproc.dat.S'.
      Trying pattern rule with stem `pg_amproc.dat.S'.
     Trying pattern rule with stem `probes.d'.
      Trying implicit prerequisite `s.pg_amproc.dat.S'.
      Trying pattern rule with stem `pg_amproc.dat.S'.
     Trying implicit prerequisite `probes.d.cc'.
     Looking for a rule with intermediate file `probes.d.cc'.
      Avoiding implicit rule recursion.
      Avoiding implicit rule recursion.
      Trying implicit prerequisite `SCCS/s.pg_amproc.dat.S'.
      Trying pattern rule with stem `probes.d.cc'.
    Trying pattern rule with stem `pg_amproc.dat'.
      Trying implicit prerequisite `probes.d.cc,v'.
      Trying pattern rule with stem `probes.d.cc'.
    Rejecting impossible implicit prerequisite `pg_amproc.dat.S'.
    Trying pattern rule with stem `pg_amproc.dat'.
      Trying implicit prerequisite `RCS/probes.d.cc,v'.
      Trying pattern rule with stem `probes.d.cc'.
    Trying implicit prerequisite `pg_amproc.dat.mod'.
    Looking for a rule with intermediate file `pg_amproc.dat.mod'.
     Avoiding implicit rule recursion.
     Avoiding implicit rule recursion.
     Trying pattern rule with stem `pg_amproc.dat.mod'.
      Trying implicit prerequisite `RCS/probes.d.cc'.
      Trying pattern rule with stem `probes.d.cc'.
     Trying implicit prerequisite `pg_amproc.dat.mod,v'.
     Trying pattern rule with stem `pg_amproc.dat.mod'.
      Trying implicit prerequisite `s.probes.d.cc'.
      Trying pattern rule with stem `probes.d.cc'.
     Trying implicit prerequisite `RCS/pg_amproc.dat.mod,v'.
     Trying pattern rule with stem `pg_amproc.dat.mod'.
      Trying implicit prerequisite `SCCS/s.probes.d.cc'.
     Trying implicit prerequisite `RCS/pg_amproc.dat.mod'.
     Trying pattern rule with stem `pg_amproc.dat.mod'.
     Trying pattern rule with stem `probes.d'.
     Trying implicit prerequisite `s.pg_amproc.dat.mod'.
     Trying pattern rule with stem `pg_amproc.dat.mod'.
     Trying implicit prerequisite `probes.d.C'.
     Looking for a rule with intermediate file `probes.d.C'.
      Avoiding implicit rule recursion.
      Avoiding implicit rule recursion.
     Trying implicit prerequisite `SCCS/s.pg_amproc.dat.mod'.
      Trying pattern rule with stem `probes.d.C'.
   Trying pattern rule with stem `pg_amproc.dat'.
      Trying implicit prerequisite `probes.d.C,v'.
      Trying pattern rule with stem `probes.d.C'.
   Rejecting impossible implicit prerequisite `pg_amproc.dat.cc'.
   Trying pattern rule with stem `pg_amproc.dat'.
   Rejecting impossible implicit prerequisite `pg_amproc.dat.C'.
   Trying pattern rule with stem `pg_amproc.dat'.
      Trying implicit prerequisite `RCS/probes.d.C,v'.
      Trying pattern rule with stem `probes.d.C'.
      Trying implicit prerequisite `RCS/probes.d.C'.
      Trying pattern rule with stem `probes.d.C'.
      Trying implicit prerequisite `s.probes.d.C'.
      Trying pattern rule with stem `probes.d.C'.
      Trying implicit prerequisite `SCCS/s.probes.d.C'.
     Trying pattern rule with stem `probes.d'.
   Rejecting impossible implicit prerequisite `pg_amproc.dat.cpp'.
   Trying pattern rule with stem `pg_amproc.dat'.
   Rejecting impossible implicit prerequisite `pg_amproc.dat.p'.
     Trying implicit prerequisite `probes.d.cpp'.
     Looking for a rule with intermediate file `probes.d.cpp'.
      Avoiding implicit rule recursion.
      Avoiding implicit rule recursion.
      Trying pattern rule with stem `probes.d.cpp'.
   Trying pattern rule with stem `pg_amproc.dat'.
      Trying implicit prerequisite `probes.d.cpp,v'.
      Trying pattern rule with stem `probes.d.cpp'.
   Rejecting impossible implicit prerequisite `pg_amproc.dat.f'.
   Trying pattern rule with stem `pg_amproc.dat'.
   Rejecting impossible implicit prerequisite `pg_amproc.dat.F'.
   Trying pattern rule with stem `pg_amproc.dat'.
   Rejecting impossible implicit prerequisite `pg_amproc.dat.m'.
      Trying implicit prerequisite `RCS/probes.d.cpp,v'.
      Trying pattern rule with stem `probes.d.cpp'.
      Trying implicit prerequisite `RCS/probes.d.cpp'.
      Trying pattern rule with stem `probes.d.cpp'.
   Trying pattern rule with stem `pg_amproc.dat'.
      Trying implicit prerequisite `s.probes.d.cpp'.
      Trying pattern rule with stem `probes.d.cpp'.
      Trying implicit prerequisite `SCCS/s.probes.d.cpp'.
   Rejecting impossible implicit prerequisite `pg_amproc.dat.r'.
   Trying pattern rule with stem `pg_amproc.dat'.
   Rejecting impossible implicit prerequisite `pg_amproc.dat.s'.
   Trying pattern rule with stem `pg_amproc.dat'.
     Trying pattern rule with stem `probes.d'.
   Rejecting impossible implicit prerequisite `pg_amproc.dat.S'.
   Trying pattern rule with stem `pg_amproc.dat'.
     Trying implicit prerequisite `probes.d.p'.
     Looking for a rule with intermediate file `probes.d.p'.
      Avoiding implicit rule recursion.
      Avoiding implicit rule recursion.
   Rejecting impossible implicit prerequisite `pg_amproc.dat.mod'.
   Trying pattern rule with stem `pg_amproc.dat'.
   Trying implicit prerequisite `pg_amproc.dat.sh'.
      Trying pattern rule with stem `probes.d'.
      Trying implicit prerequisite `probes.d.web'.
   Looking for a rule with intermediate file `pg_amproc.dat.sh'.
      Trying pattern rule with stem `probes.d.p'.
    Avoiding implicit rule recursion.
    Trying pattern rule with stem `pg_amproc.dat.sh'.
      Trying implicit prerequisite `probes.d.p,v'.
      Trying pattern rule with stem `probes.d.p'.
      Trying implicit prerequisite `RCS/probes.d.p,v'.
      Trying pattern rule with stem `probes.d.p'.
      Trying implicit prerequisite `RCS/probes.d.p'.
      Trying pattern rule with stem `probes.d.p'.
    Trying implicit prerequisite `pg_amproc.dat.sh,v'.
    Trying pattern rule with stem `pg_amproc.dat.sh'.
      Trying implicit prerequisite `s.probes.d.p'.
      Trying pattern rule with stem `probes.d.p'.
      Trying implicit prerequisite `SCCS/s.probes.d.p'.
      Trying pattern rule with stem `probes.d'.
      Trying implicit prerequisite `probes.d.web'.
      Looking for a rule with intermediate file `probes.d.web'.
       Avoiding implicit rule recursion.
       Avoiding implicit rule recursion.
    Trying implicit prerequisite `RCS/pg_amproc.dat.sh,v'.
    Trying pattern rule with stem `pg_amproc.dat.sh'.
    Trying implicit prerequisite `RCS/pg_amproc.dat.sh'.
    Trying pattern rule with stem `pg_amproc.dat.sh'.
    Trying implicit prerequisite `s.pg_amproc.dat.sh'.
    Trying pattern rule with stem `pg_amproc.dat.sh'.
       Avoiding implicit rule recursion.
       Trying pattern rule with stem `probes.d.web'.
       Trying implicit prerequisite `probes.d.web,v'.
       Trying pattern rule with stem `probes.d.web'.
    Trying implicit prerequisite `SCCS/s.pg_amproc.dat.sh'.
       Trying implicit prerequisite `RCS/probes.d.web,v'.
       Trying pattern rule with stem `probes.d.web'.
       Trying implicit prerequisite `RCS/probes.d.web'.
       Trying pattern rule with stem `probes.d.web'.
   No implicit rule found for `pg_amproc.dat'.
       Trying implicit prerequisite `s.probes.d.web'.
   Looking for an implicit rule for `pg_authid.dat'.
       Trying pattern rule with stem `probes.d.web'.
   Trying pattern rule with stem `pg_authid.dat'.
       Trying implicit prerequisite `SCCS/s.probes.d.web'.
   Trying implicit prerequisite `pg_authid.dat.o'.
   Trying pattern rule with stem `pg_authid.dat'.
     Trying pattern rule with stem `probes.d'.
   Trying implicit prerequisite `pg_authid.dat.cc'.
   Trying pattern rule with stem `pg_authid.dat'.
   Trying implicit prerequisite `pg_authid.dat.C'.
   Trying pattern rule with stem `pg_authid.dat'.
     Trying implicit prerequisite `probes.d.f'.
     Looking for a rule with intermediate file `probes.d.f'.
      Avoiding implicit rule recursion.
      Avoiding implicit rule recursion.
   Trying implicit prerequisite `pg_authid.dat.cpp'.
   Trying pattern rule with stem `pg_authid.dat'.
   Trying implicit prerequisite `pg_authid.dat.p'.
   Trying pattern rule with stem `pg_authid.dat'.
      Trying pattern rule with stem `probes.d'.
   Trying implicit prerequisite `pg_authid.dat.f'.
   Trying pattern rule with stem `pg_authid.dat'.
   Trying implicit prerequisite `pg_authid.dat.F'.
   Trying pattern rule with stem `pg_authid.dat'.
      Trying implicit prerequisite `probes.d.F'.
      Trying pattern rule with stem `probes.d'.
      Trying implicit prerequisite `probes.d.r'.
      Trying pattern rule with stem `probes.d.f'.
      Trying implicit prerequisite `probes.d.f,v'.
      Trying pattern rule with stem `probes.d.f'.
   Trying implicit prerequisite `pg_authid.dat.m'.
      Trying implicit prerequisite `RCS/probes.d.f,v'.
      Trying pattern rule with stem `probes.d.f'.
   Trying pattern rule with stem `pg_authid.dat'.
      Trying implicit prerequisite `RCS/probes.d.f'.
      Trying pattern rule with stem `probes.d.f'.
      Trying implicit prerequisite `s.probes.d.f'.
      Trying pattern rule with stem `probes.d.f'.
      Trying implicit prerequisite `SCCS/s.probes.d.f'.
      Trying pattern rule with stem `probes.d'.
   Trying implicit prerequisite `pg_authid.dat.r'.
   Trying pattern rule with stem `pg_authid.dat'.
   Trying implicit prerequisite `pg_authid.dat.s'.
   Trying pattern rule with stem `pg_authid.dat'.
      Trying implicit prerequisite `probes.d.F'.
      Looking for a rule with intermediate file `probes.d.F'.
       Avoiding implicit rule recursion.
       Avoiding implicit rule recursion.
       Avoiding implicit rule recursion.
   Trying implicit prerequisite `pg_authid.dat.S'.
       Trying pattern rule with stem `probes.d.F'.
   Trying pattern rule with stem `pg_authid.dat'.
       Trying implicit prerequisite `probes.d.F,v'.
       Trying pattern rule with stem `probes.d.F'.
   Trying implicit prerequisite `pg_authid.dat.mod'.
   Trying pattern rule with stem `pg_authid.dat'.
   Trying implicit prerequisite `pg_authid.dat.sh'.
   Trying pattern rule with stem `pg_authid.dat'.
   Trying implicit prerequisite `pg_authid.dat,v'.
   Trying pattern rule with stem `pg_authid.dat'.
       Trying implicit prerequisite `RCS/probes.d.F,v'.
       Trying pattern rule with stem `probes.d.F'.
   Trying implicit prerequisite `RCS/pg_authid.dat,v'.
   Trying pattern rule with stem `pg_authid.dat'.
       Trying implicit prerequisite `RCS/probes.d.F'.
       Trying pattern rule with stem `probes.d.F'.
       Trying implicit prerequisite `s.probes.d.F'.
       Trying pattern rule with stem `probes.d.F'.
   Trying implicit prerequisite `RCS/pg_authid.dat'.
   Trying pattern rule with stem `pg_authid.dat'.
       Trying implicit prerequisite `SCCS/s.probes.d.F'.
   Trying implicit prerequisite `s.pg_authid.dat'.
   Trying pattern rule with stem `pg_authid.dat'.
   Trying implicit prerequisite `SCCS/s.pg_authid.dat'.
   Trying pattern rule with stem `pg_authid.dat'.
   Trying implicit prerequisite `pg_authid.dat.o'.
   Looking for a rule with intermediate file `pg_authid.dat.o'.
    Avoiding implicit rule recursion.
      Trying pattern rule with stem `probes.d'.
    Trying pattern rule with stem `pg_authid.dat'.
      Trying implicit prerequisite `probes.d.r'.
      Looking for a rule with intermediate file `probes.d.r'.
       Avoiding implicit rule recursion.
       Avoiding implicit rule recursion.
       Avoiding implicit rule recursion.
       Trying pattern rule with stem `probes.d'.
    Trying implicit prerequisite `pg_authid.dat.c'.
    Trying pattern rule with stem `pg_authid.dat'.
       Rejecting impossible implicit prerequisite `probes.d.l'.
       Trying pattern rule with stem `probes.d.r'.
    Trying implicit prerequisite `pg_authid.dat.cc'.
       Trying implicit prerequisite `probes.d.r,v'.
       Trying pattern rule with stem `probes.d.r'.
    Trying pattern rule with stem `pg_authid.dat'.
       Trying implicit prerequisite `RCS/probes.d.r,v'.
       Trying pattern rule with stem `probes.d.r'.
    Trying implicit prerequisite `pg_authid.dat.C'.
    Trying pattern rule with stem `pg_authid.dat'.
       Trying implicit prerequisite `RCS/probes.d.r'.
       Trying pattern rule with stem `probes.d.r'.
    Trying implicit prerequisite `pg_authid.dat.cpp'.
    Trying pattern rule with stem `pg_authid.dat'.
    Trying implicit prerequisite `pg_authid.dat.p'.
    Trying pattern rule with stem `pg_authid.dat'.
    Trying implicit prerequisite `pg_authid.dat.f'.
    Trying pattern rule with stem `pg_authid.dat'.
    Trying implicit prerequisite `pg_authid.dat.F'.
    Trying pattern rule with stem `pg_authid.dat'.
       Trying implicit prerequisite `s.probes.d.r'.
    Trying implicit prerequisite `pg_authid.dat.m'.
    Trying pattern rule with stem `pg_authid.dat'.
    Trying implicit prerequisite `pg_authid.dat.r'.
    Trying pattern rule with stem `pg_authid.dat'.
    Trying implicit prerequisite `pg_authid.dat.s'.
    Trying pattern rule with stem `pg_authid.dat'.
    Trying implicit prerequisite `pg_authid.dat.S'.
    Trying pattern rule with stem `pg_authid.dat'.
       Trying pattern rule with stem `probes.d.r'.
    Trying implicit prerequisite `pg_authid.dat.mod'.
    Trying pattern rule with stem `pg_authid.dat.o'.
       Trying implicit prerequisite `SCCS/s.probes.d.r'.
    Trying implicit prerequisite `pg_authid.dat.o,v'.
    Trying pattern rule with stem `pg_authid.dat.o'.
    Trying implicit prerequisite `RCS/pg_authid.dat.o,v'.
    Trying pattern rule with stem `pg_authid.dat.o'.
    Trying implicit prerequisite `RCS/pg_authid.dat.o'.
    Trying pattern rule with stem `pg_authid.dat.o'.
     Trying pattern rule with stem `probes.d'.
    Trying implicit prerequisite `s.pg_authid.dat.o'.
    Trying pattern rule with stem `pg_authid.dat.o'.
     Rejecting impossible implicit prerequisite `probes.d.F'.
     Trying pattern rule with stem `probes.d'.
    Trying implicit prerequisite `SCCS/s.pg_authid.dat.o'.
    Trying pattern rule with stem `pg_authid.dat'.
    Trying implicit prerequisite `pg_authid.dat.c'.
    Looking for a rule with intermediate file `pg_authid.dat.c'.
     Avoiding implicit rule recursion.
     Avoiding implicit rule recursion.
     Trying implicit prerequisite `probes.d.m'.
     Looking for a rule with intermediate file `probes.d.m'.
      Avoiding implicit rule recursion.
      Avoiding implicit rule recursion.
      Trying pattern rule with stem `probes.d'.
      Trying implicit prerequisite `probes.d.ym'.
      Trying pattern rule with stem `probes.d'.
     Trying pattern rule with stem `pg_authid.dat'.
      Trying implicit prerequisite `probes.d.lm'.
      Trying pattern rule with stem `probes.d.m'.
     Trying implicit prerequisite `pg_authid.dat.l'.
     Trying pattern rule with stem `pg_authid.dat'.
      Trying implicit prerequisite `probes.d.m,v'.
      Trying pattern rule with stem `probes.d.m'.
     Trying implicit prerequisite `pg_authid.dat.y'.
     Trying pattern rule with stem `pg_authid.dat'.
     Trying implicit prerequisite `pg_authid.dat.w'.
     Trying pattern rule with stem `pg_authid.dat'.
      Trying implicit prerequisite `RCS/probes.d.m,v'.
      Trying pattern rule with stem `probes.d.m'.
     Trying implicit prerequisite `pg_authid.dat.w'.
     Trying pattern rule with stem `pg_authid.dat.c'.
      Trying implicit prerequisite `RCS/probes.d.m'.
      Trying pattern rule with stem `probes.d.m'.
     Trying implicit prerequisite `pg_authid.dat.c,v'.
     Trying pattern rule with stem `pg_authid.dat.c'.
      Trying implicit prerequisite `s.probes.d.m'.
      Trying pattern rule with stem `probes.d.m'.
     Trying implicit prerequisite `RCS/pg_authid.dat.c,v'.
     Trying pattern rule with stem `pg_authid.dat.c'.
      Trying implicit prerequisite `SCCS/s.probes.d.m'.
      Trying pattern rule with stem `probes.d'.
     Trying implicit prerequisite `RCS/pg_authid.dat.c'.
     Trying pattern rule with stem `pg_authid.dat.c'.
      Trying implicit prerequisite `probes.d.ym'.
      Looking for a rule with intermediate file `probes.d.ym'.
       Avoiding implicit rule recursion.
       Avoiding implicit rule recursion.
       Avoiding implicit rule recursion.
     Trying implicit prerequisite `s.pg_authid.dat.c'.
     Trying pattern rule with stem `pg_authid.dat.c'.
       Trying pattern rule with stem `probes.d.ym'.
     Trying implicit prerequisite `SCCS/s.pg_authid.dat.c'.
     Trying pattern rule with stem `pg_authid.dat'.
     Trying implicit prerequisite `pg_authid.dat.l'.
     Looking for a rule with intermediate file `pg_authid.dat.l'.
      Avoiding implicit rule recursion.
      Avoiding implicit rule recursion.
      Avoiding implicit rule recursion.
       Trying implicit prerequisite `probes.d.ym,v'.
       Trying pattern rule with stem `probes.d.ym'.
      Trying pattern rule with stem `pg_authid.dat.l'.
       Trying implicit prerequisite `RCS/probes.d.ym,v'.
       Trying pattern rule with stem `probes.d.ym'.
      Trying implicit prerequisite `pg_authid.dat.l,v'.
      Trying pattern rule with stem `pg_authid.dat.l'.
       Trying implicit prerequisite `RCS/probes.d.ym'.
       Trying pattern rule with stem `probes.d.ym'.
      Trying implicit prerequisite `RCS/pg_authid.dat.l,v'.
      Trying pattern rule with stem `pg_authid.dat.l'.
       Trying implicit prerequisite `s.probes.d.ym'.
       Trying pattern rule with stem `probes.d.ym'.
      Trying implicit prerequisite `RCS/pg_authid.dat.l'.
      Trying pattern rule with stem `pg_authid.dat.l'.
       Trying implicit prerequisite `SCCS/s.probes.d.ym'.
      Trying implicit prerequisite `s.pg_authid.dat.l'.
      Trying pattern rule with stem `pg_authid.dat.l'.
      Trying pattern rule with stem `probes.d'.
      Trying implicit prerequisite `SCCS/s.pg_authid.dat.l'.
      Trying implicit prerequisite `probes.d.lm'.
      Looking for a rule with intermediate file `probes.d.lm'.
       Avoiding implicit rule recursion.
       Avoiding implicit rule recursion.
       Avoiding implicit rule recursion.
       Trying pattern rule with stem `probes.d.lm'.
     Trying pattern rule with stem `pg_authid.dat'.
       Trying implicit prerequisite `probes.d.lm,v'.
       Trying pattern rule with stem `probes.d.lm'.
     Trying implicit prerequisite `pg_authid.dat.y'.
     Looking for a rule with intermediate file `pg_authid.dat.y'.
      Avoiding implicit rule recursion.
      Avoiding implicit rule recursion.
      Avoiding implicit rule recursion.
       Trying implicit prerequisite `RCS/probes.d.lm,v'.
       Trying pattern rule with stem `probes.d.lm'.
      Trying pattern rule with stem `pg_authid.dat.y'.
       Trying implicit prerequisite `RCS/probes.d.lm'.
       Trying pattern rule with stem `probes.d.lm'.
      Trying implicit prerequisite `pg_authid.dat.y,v'.
      Trying pattern rule with stem `pg_authid.dat.y'.
       Trying implicit prerequisite `s.probes.d.lm'.
       Trying pattern rule with stem `probes.d.lm'.
      Trying implicit prerequisite `RCS/pg_authid.dat.y,v'.
      Trying pattern rule with stem `pg_authid.dat.y'.
       Trying implicit prerequisite `SCCS/s.probes.d.lm'.
      Trying implicit prerequisite `RCS/pg_authid.dat.y'.
      Trying pattern rule with stem `pg_authid.dat.y'.
     Trying pattern rule with stem `probes.d'.
      Trying implicit prerequisite `s.pg_authid.dat.y'.
      Trying pattern rule with stem `pg_authid.dat.y'.
     Rejecting impossible implicit prerequisite `probes.d.r'.
     Trying pattern rule with stem `probes.d'.
      Trying implicit prerequisite `SCCS/s.pg_authid.dat.y'.
     Trying implicit prerequisite `probes.d.s'.
     Looking for a rule with intermediate file `probes.d.s'.
      Avoiding implicit rule recursion.
      Avoiding implicit rule recursion.
      Trying pattern rule with stem `probes.d'.
     Trying pattern rule with stem `pg_authid.dat'.
      Trying implicit prerequisite `probes.d.S'.
      Trying pattern rule with stem `probes.d.s'.
     Trying implicit prerequisite `pg_authid.dat.w'.
     Looking for a rule with intermediate file `pg_authid.dat.w'.
      Avoiding implicit rule recursion.
      Avoiding implicit rule recursion.
      Avoiding implicit rule recursion.
      Trying pattern rule with stem `pg_authid.dat.w'.
      Trying implicit prerequisite `probes.d.s,v'.
      Trying pattern rule with stem `probes.d.s'.
      Trying implicit prerequisite `pg_authid.dat.w,v'.
      Trying pattern rule with stem `pg_authid.dat.w'.
      Trying implicit prerequisite `RCS/probes.d.s,v'.
      Trying pattern rule with stem `probes.d.s'.
      Trying implicit prerequisite `RCS/pg_authid.dat.w,v'.
      Trying pattern rule with stem `pg_authid.dat.w'.
      Trying implicit prerequisite `RCS/probes.d.s'.
      Trying pattern rule with stem `probes.d.s'.
      Trying implicit prerequisite `RCS/pg_authid.dat.w'.
      Trying pattern rule with stem `pg_authid.dat.w'.
      Trying implicit prerequisite `s.probes.d.s'.
      Trying pattern rule with stem `probes.d.s'.
      Trying implicit prerequisite `s.pg_authid.dat.w'.
      Trying pattern rule with stem `pg_authid.dat.w'.
      Trying implicit prerequisite `SCCS/s.probes.d.s'.
      Trying pattern rule with stem `probes.d'.
      Trying implicit prerequisite `SCCS/s.pg_authid.dat.w'.
      Trying implicit prerequisite `probes.d.S'.
      Looking for a rule with intermediate file `probes.d.S'.
       Avoiding implicit rule recursion.
       Avoiding implicit rule recursion.
       Avoiding implicit rule recursion.
     Trying pattern rule with stem `pg_authid.dat'.
       Trying pattern rule with stem `probes.d.S'.
     Rejecting impossible implicit prerequisite `pg_authid.dat.w'.
       Trying implicit prerequisite `probes.d.S,v'.
       Trying pattern rule with stem `probes.d.S'.
    Trying pattern rule with stem `pg_authid.dat'.
       Trying implicit prerequisite `RCS/probes.d.S,v'.
       Trying pattern rule with stem `probes.d.S'.
    Trying implicit prerequisite `pg_authid.dat.cc'.
    Looking for a rule with intermediate file `pg_authid.dat.cc'.
     Avoiding implicit rule recursion.
     Avoiding implicit rule recursion.
       Trying implicit prerequisite `RCS/probes.d.S'.
     Trying pattern rule with stem `pg_authid.dat.cc'.
       Trying pattern rule with stem `probes.d.S'.
     Trying implicit prerequisite `pg_authid.dat.cc,v'.
     Trying pattern rule with stem `pg_authid.dat.cc'.
       Trying implicit prerequisite `s.probes.d.S'.
       Trying pattern rule with stem `probes.d.S'.
     Trying implicit prerequisite `RCS/pg_authid.dat.cc,v'.
     Trying pattern rule with stem `pg_authid.dat.cc'.
       Trying implicit prerequisite `SCCS/s.probes.d.S'.
     Trying implicit prerequisite `RCS/pg_authid.dat.cc'.
     Trying pattern rule with stem `pg_authid.dat.cc'.
     Trying pattern rule with stem `probes.d'.
     Trying implicit prerequisite `s.pg_authid.dat.cc'.
     Trying pattern rule with stem `pg_authid.dat.cc'.
     Rejecting impossible implicit prerequisite `probes.d.S'.
     Trying pattern rule with stem `probes.d'.
     Trying implicit prerequisite `SCCS/s.pg_authid.dat.cc'.
     Trying implicit prerequisite `probes.d.mod'.
     Looking for a rule with intermediate file `probes.d.mod'.
      Avoiding implicit rule recursion.
      Avoiding implicit rule recursion.
      Trying pattern rule with stem `probes.d.mod'.
    Trying pattern rule with stem `pg_authid.dat'.
      Trying implicit prerequisite `probes.d.mod,v'.
      Trying pattern rule with stem `probes.d.mod'.
    Trying implicit prerequisite `pg_authid.dat.C'.
    Looking for a rule with intermediate file `pg_authid.dat.C'.
     Avoiding implicit rule recursion.
     Avoiding implicit rule recursion.
     Trying pattern rule with stem `pg_authid.dat.C'.
      Trying implicit prerequisite `RCS/probes.d.mod,v'.
      Trying pattern rule with stem `probes.d.mod'.
     Trying implicit prerequisite `pg_authid.dat.C,v'.
     Trying pattern rule with stem `pg_authid.dat.C'.
      Trying implicit prerequisite `RCS/probes.d.mod'.
      Trying pattern rule with stem `probes.d.mod'.
     Trying implicit prerequisite `RCS/pg_authid.dat.C,v'.
     Trying pattern rule with stem `pg_authid.dat.C'.
      Trying implicit prerequisite `s.probes.d.mod'.
      Trying pattern rule with stem `probes.d.mod'.
     Trying implicit prerequisite `RCS/pg_authid.dat.C'.
     Trying pattern rule with stem `pg_authid.dat.C'.
      Trying implicit prerequisite `SCCS/s.probes.d.mod'.
     Trying implicit prerequisite `s.pg_authid.dat.C'.
     Trying pattern rule with stem `pg_authid.dat.C'.
    Trying pattern rule with stem `probes.d'.
     Trying implicit prerequisite `SCCS/s.pg_authid.dat.C'.
    Rejecting impossible implicit prerequisite `probes.d.cc'.
    Trying pattern rule with stem `probes.d'.
    Trying pattern rule with stem `pg_authid.dat'.
    Rejecting impossible implicit prerequisite `probes.d.C'.
    Trying pattern rule with stem `probes.d'.
    Trying implicit prerequisite `pg_authid.dat.cpp'.
    Looking for a rule with intermediate file `pg_authid.dat.cpp'.
     Avoiding implicit rule recursion.
     Avoiding implicit rule recursion.
     Trying pattern rule with stem `pg_authid.dat.cpp'.
    Rejecting impossible implicit prerequisite `probes.d.cpp'.
    Trying pattern rule with stem `probes.d'.
    Rejecting impossible implicit prerequisite `probes.d.p'.
    Trying pattern rule with stem `probes.d'.
     Trying implicit prerequisite `pg_authid.dat.cpp,v'.
     Trying pattern rule with stem `pg_authid.dat.cpp'.
    Rejecting impossible implicit prerequisite `probes.d.f'.
    Trying pattern rule with stem `probes.d'.
    Rejecting impossible implicit prerequisite `probes.d.F'.
    Trying pattern rule with stem `probes.d'.
     Trying implicit prerequisite `RCS/pg_authid.dat.cpp,v'.
     Trying pattern rule with stem `pg_authid.dat.cpp'.
    Rejecting impossible implicit prerequisite `probes.d.m'.
    Trying pattern rule with stem `probes.d'.
     Trying implicit prerequisite `RCS/pg_authid.dat.cpp'.
     Trying pattern rule with stem `pg_authid.dat.cpp'.
    Rejecting impossible implicit prerequisite `probes.d.r'.
    Trying pattern rule with stem `probes.d'.
    Rejecting impossible implicit prerequisite `probes.d.s'.
    Trying pattern rule with stem `probes.d'.
    Rejecting impossible implicit prerequisite `probes.d.S'.
    Trying pattern rule with stem `probes.d'.
    Rejecting impossible implicit prerequisite `probes.d.mod'.
    Trying pattern rule with stem `probes.d'.
     Trying implicit prerequisite `s.pg_authid.dat.cpp'.
     Trying pattern rule with stem `pg_authid.dat.cpp'.
    Trying implicit prerequisite `probes.d.sh'.
    Looking for a rule with intermediate file `probes.d.sh'.
     Trying implicit prerequisite `SCCS/s.pg_authid.dat.cpp'.
     Avoiding implicit rule recursion.
    Trying pattern rule with stem `pg_authid.dat'.
     Trying pattern rule with stem `probes.d.sh'.
    Trying implicit prerequisite `pg_authid.dat.p'.
    Looking for a rule with intermediate file `pg_authid.dat.p'.
     Trying implicit prerequisite `probes.d.sh,v'.
     Trying pattern rule with stem `probes.d.sh'.
     Avoiding implicit rule recursion.
     Avoiding implicit rule recursion.
     Trying implicit prerequisite `RCS/probes.d.sh,v'.
     Trying pattern rule with stem `pg_authid.dat'.
     Trying pattern rule with stem `probes.d.sh'.
     Trying implicit prerequisite `pg_authid.dat.web'.
     Trying implicit prerequisite `RCS/probes.d.sh'.
     Trying pattern rule with stem `pg_authid.dat.p'.
     Trying pattern rule with stem `probes.d.sh'.
     Trying implicit prerequisite `pg_authid.dat.p,v'.
     Trying pattern rule with stem `pg_authid.dat.p'.
     Trying implicit prerequisite `s.probes.d.sh'.
     Trying implicit prerequisite `RCS/pg_authid.dat.p,v'.
     Trying pattern rule with stem `pg_authid.dat.p'.
     Trying pattern rule with stem `probes.d.sh'.
     Trying implicit prerequisite `RCS/pg_authid.dat.p'.
     Trying pattern rule with stem `pg_authid.dat.p'.
     Trying implicit prerequisite `SCCS/s.probes.d.sh'.
     Trying implicit prerequisite `s.pg_authid.dat.p'.
     Trying pattern rule with stem `pg_authid.dat.p'.
    No implicit rule found for `probes.d'.
     Trying implicit prerequisite `SCCS/s.pg_authid.dat.p'.
  Considering target file `submake-adt-headers'.
   File `submake-adt-headers' does not exist.
   Finished prerequisites of target file `submake-adt-headers'.
  Must remake target `submake-adt-headers'.
     Trying pattern rule with stem `pg_authid.dat'.
     Trying implicit prerequisite `pg_authid.dat.web'.
     Looking for a rule with intermediate file `pg_authid.dat.web'.
      Avoiding implicit rule recursion.
Need a job token; we don't have children
      Avoiding implicit rule recursion.
      Avoiding implicit rule recursion.
/Library/Developer/CommandLineTools/usr/bin/make -C adt jsonpath_gram.h
      Trying pattern rule with stem `pg_authid.dat.web'.
      Trying implicit prerequisite `pg_authid.dat.web,v'.
      Trying pattern rule with stem `pg_authid.dat.web'.
      Trying implicit prerequisite `RCS/pg_authid.dat.web,v'.
      Trying pattern rule with stem `pg_authid.dat.web'.
      Trying implicit prerequisite `RCS/pg_authid.dat.web'.
      Trying pattern rule with stem `pg_authid.dat.web'.
      Trying implicit prerequisite `s.pg_authid.dat.web'.
      Trying pattern rule with stem `pg_authid.dat.web'.
      Trying implicit prerequisite `SCCS/s.pg_authid.dat.web'.
    Trying pattern rule with stem `pg_authid.dat'.
    Trying implicit prerequisite `pg_authid.dat.f'.
    Looking for a rule with intermediate file `pg_authid.dat.f'.
     Avoiding implicit rule recursion.
     Avoiding implicit rule recursion.
     Trying pattern rule with stem `pg_authid.dat'.
     Trying implicit prerequisite `pg_authid.dat.F'.
     Trying pattern rule with stem `pg_authid.dat'.
     Trying implicit prerequisite `pg_authid.dat.r'.
     Trying pattern rule with stem `pg_authid.dat.f'.
     Trying implicit prerequisite `pg_authid.dat.f,v'.
     Trying pattern rule with stem `pg_authid.dat.f'.
     Trying implicit prerequisite `RCS/pg_authid.dat.f,v'.
     Trying pattern rule with stem `pg_authid.dat.f'.
     Trying implicit prerequisite `RCS/pg_authid.dat.f'.
     Trying pattern rule with stem `pg_authid.dat.f'.
     Trying implicit prerequisite `s.pg_authid.dat.f'.
     Trying pattern rule with stem `pg_authid.dat.f'.
     Trying implicit prerequisite `SCCS/s.pg_authid.dat.f'.
     Trying pattern rule with stem `pg_authid.dat'.
     Trying implicit prerequisite `pg_authid.dat.F'.
     Looking for a rule with intermediate file `pg_authid.dat.F'.
      Avoiding implicit rule recursion.
      Avoiding implicit rule recursion.
      Avoiding implicit rule recursion.
      Trying pattern rule with stem `pg_authid.dat.F'.
      Trying implicit prerequisite `pg_authid.dat.F,v'.
      Trying pattern rule with stem `pg_authid.dat.F'.
      Trying implicit prerequisite `RCS/pg_authid.dat.F,v'.
      Trying pattern rule with stem `pg_authid.dat.F'.
      Trying implicit prerequisite `RCS/pg_authid.dat.F'.
      Trying pattern rule with stem `pg_authid.dat.F'.
      Trying implicit prerequisite `s.pg_authid.dat.F'.
      Trying pattern rule with stem `pg_authid.dat.F'.
      Trying implicit prerequisite `SCCS/s.pg_authid.dat.F'.
     Trying pattern rule with stem `pg_authid.dat'.
     Trying implicit prerequisite `pg_authid.dat.r'.
     Looking for a rule with intermediate file `pg_authid.dat.r'.
      Avoiding implicit rule recursion.
      Avoiding implicit rule recursion.
      Avoiding implicit rule recursion.
      Trying pattern rule with stem `pg_authid.dat'.
      Rejecting impossible implicit prerequisite `pg_authid.dat.l'.
      Trying pattern rule with stem `pg_authid.dat.r'.
      Trying implicit prerequisite `pg_authid.dat.r,v'.
      Trying pattern rule with stem `pg_authid.dat.r'.
      Trying implicit prerequisite `RCS/pg_authid.dat.r,v'.
      Trying pattern rule with stem `pg_authid.dat.r'.
      Trying implicit prerequisite `RCS/pg_authid.dat.r'.
      Trying pattern rule with stem `pg_authid.dat.r'.
      Trying implicit prerequisite `s.pg_authid.dat.r'.
      Trying pattern rule with stem `pg_authid.dat.r'.
      Trying implicit prerequisite `SCCS/s.pg_authid.dat.r'.
    Trying pattern rule with stem `pg_authid.dat'.
    Rejecting impossible implicit prerequisite `pg_authid.dat.F'.
    Trying pattern rule with stem `pg_authid.dat'.
    Trying implicit prerequisite `pg_authid.dat.m'.
    Looking for a rule with intermediate file `pg_authid.dat.m'.
     Avoiding implicit rule recursion.
     Avoiding implicit rule recursion.
     Trying pattern rule with stem `pg_authid.dat'.
Putting child 0x12d106bd0 (submake-adt-headers) PID 93776 on the chain.
  Commands of `submake-adt-headers' are being run.
     Trying implicit prerequisite `pg_authid.dat.ym'.
     Trying pattern rule with stem `pg_authid.dat'.
 Considering target file `../../../src/include/utils/header-stamp'.
  File `../../../src/include/utils/header-stamp' does not exist.
  Considering target file `fmgr-stamp'.
   File `fmgr-stamp' does not exist.
   Considering target file `Gen_fmgrtab.pl'.
    Finished prerequisites of target file `Gen_fmgrtab.pl'.
   No need to remake target `Gen_fmgrtab.pl'.
   Considering target file `../../../src/backend/catalog/Catalog.pm'.
    Finished prerequisites of target file `../../../src/backend/catalog/Catalog.pm'.
   No need to remake target `../../../src/backend/catalog/Catalog.pm'.
   Considering target file `../../../src/include/catalog/pg_proc.dat'.
    Finished prerequisites of target file `../../../src/include/catalog/pg_proc.dat'.
   No need to remake target `../../../src/include/catalog/pg_proc.dat'.
   Finished prerequisites of target file `fmgr-stamp'.
  Must remake target `fmgr-stamp'.
Live child 0x12d106bd0 (submake-adt-headers) PID 93776 
     Trying implicit prerequisite `pg_authid.dat.lm'.
Need a job token; we have children
     Trying pattern rule with stem `pg_authid.dat.m'.
Live child 0x12d106bd0 (submake-adt-headers) PID 93776 
     Trying implicit prerequisite `pg_authid.dat.m,v'.
Obtained token for child 0x12d108330 (fmgr-stamp).
     Trying pattern rule with stem `pg_authid.dat.m'.
'/usr/bin/perl' -I ../../../src/backend/catalog Gen_fmgrtab.pl --include-path=../../../src/include/ ../../../src/include/catalog/pg_proc.dat
     Trying implicit prerequisite `RCS/pg_authid.dat.m,v'.
     Trying pattern rule with stem `pg_authid.dat.m'.
     Trying implicit prerequisite `RCS/pg_authid.dat.m'.
     Trying pattern rule with stem `pg_authid.dat.m'.
     Trying implicit prerequisite `s.pg_authid.dat.m'.
     Trying pattern rule with stem `pg_authid.dat.m'.
     Trying implicit prerequisite `SCCS/s.pg_authid.dat.m'.
     Trying pattern rule with stem `pg_authid.dat'.
     Trying implicit prerequisite `pg_authid.dat.ym'.
     Looking for a rule with intermediate file `pg_authid.dat.ym'.
      Avoiding implicit rule recursion.
      Avoiding implicit rule recursion.
      Avoiding implicit rule recursion.
      Trying pattern rule with stem `pg_authid.dat.ym'.
      Trying implicit prerequisite `pg_authid.dat.ym,v'.
      Trying pattern rule with stem `pg_authid.dat.ym'.
      Trying implicit prerequisite `RCS/pg_authid.dat.ym,v'.
      Trying pattern rule with stem `pg_authid.dat.ym'.
      Trying implicit prerequisite `RCS/pg_authid.dat.ym'.
      Trying pattern rule with stem `pg_authid.dat.ym'.
      Trying implicit prerequisite `s.pg_authid.dat.ym'.
      Trying pattern rule with stem `pg_authid.dat.ym'.
      Trying implicit prerequisite `SCCS/s.pg_authid.dat.ym'.
     Trying pattern rule with stem `pg_authid.dat'.
     Trying implicit prerequisite `pg_authid.dat.lm'.
     Looking for a rule with intermediate file `pg_authid.dat.lm'.
      Avoiding implicit rule recursion.
      Avoiding implicit rule recursion.
      Avoiding implicit rule recursion.
      Trying pattern rule with stem `pg_authid.dat.lm'.
      Trying implicit prerequisite `pg_authid.dat.lm,v'.
      Trying pattern rule with stem `pg_authid.dat.lm'.
      Trying implicit prerequisite `RCS/pg_authid.dat.lm,v'.
      Trying pattern rule with stem `pg_authid.dat.lm'.
      Trying implicit prerequisite `RCS/pg_authid.dat.lm'.
      Trying pattern rule with stem `pg_authid.dat.lm'.
      Trying implicit prerequisite `s.pg_authid.dat.lm'.
      Trying pattern rule with stem `pg_authid.dat.lm'.
      Trying implicit prerequisite `SCCS/s.pg_authid.dat.lm'.
    Trying pattern rule with stem `pg_authid.dat'.
    Rejecting impossible implicit prerequisite `pg_authid.dat.r'.
    Trying pattern rule with stem `pg_authid.dat'.
    Trying implicit prerequisite `pg_authid.dat.s'.
    Looking for a rule with intermediate file `pg_authid.dat.s'.
     Avoiding implicit rule recursion.
     Avoiding implicit rule recursion.
     Trying pattern rule with stem `pg_authid.dat'.
     Trying implicit prerequisite `pg_authid.dat.S'.
     Trying pattern rule with stem `pg_authid.dat.s'.
     Trying implicit prerequisite `pg_authid.dat.s,v'.
     Trying pattern rule with stem `pg_authid.dat.s'.
     Trying implicit prerequisite `RCS/pg_authid.dat.s,v'.
     Trying pattern rule with stem `pg_authid.dat.s'.
Putting child 0x12d108330 (fmgr-stamp) PID 93777 on the chain.
     Trying implicit prerequisite `RCS/pg_authid.dat.s'.
  Commands of `fmgr-stamp' are being run.
     Trying pattern rule with stem `pg_authid.dat.s'.
  Considering target file `errcodes.h'.
   File `errcodes.h' does not exist.
     Trying implicit prerequisite `s.pg_authid.dat.s'.
   Considering target file `../../../src/backend/utils/errcodes.txt'.
     Trying pattern rule with stem `pg_authid.dat.s'.
    Finished prerequisites of target file `../../../src/backend/utils/errcodes.txt'.
     Trying implicit prerequisite `SCCS/s.pg_authid.dat.s'.
   No need to remake target `../../../src/backend/utils/errcodes.txt'.
     Trying pattern rule with stem `pg_authid.dat'.
   Considering target file `generate-errcodes.pl'.
    Finished prerequisites of target file `generate-errcodes.pl'.
   No need to remake target `generate-errcodes.pl'.
   Finished prerequisites of target file `errcodes.h'.
  Must remake target `errcodes.h'.
     Trying implicit prerequisite `pg_authid.dat.S'.
     Looking for a rule with intermediate file `pg_authid.dat.S'.
      Avoiding implicit rule recursion.
      Avoiding implicit rule recursion.
      Avoiding implicit rule recursion.
Live child 0x12d108330 (fmgr-stamp) PID 93777 
      Trying pattern rule with stem `pg_authid.dat.S'.
Live child 0x12d106bd0 (submake-adt-headers) PID 93776 
      Trying implicit prerequisite `pg_authid.dat.S,v'.
Need a job token; we have children
Live child 0x12d108330 (fmgr-stamp) PID 93777 
Live child 0x12d106bd0 (submake-adt-headers) PID 93776 
      Trying pattern rule with stem `pg_authid.dat.S'.
Obtained token for child 0x12d3045e0 (errcodes.h).
      Trying implicit prerequisite `RCS/pg_authid.dat.S,v'.
'/usr/bin/perl' ./generate-errcodes.pl --outfile errcodes.h ../../../src/backend/utils/errcodes.txt
      Trying pattern rule with stem `pg_authid.dat.S'.
      Trying implicit prerequisite `RCS/pg_authid.dat.S'.
      Trying pattern rule with stem `pg_authid.dat.S'.
      Trying implicit prerequisite `s.pg_authid.dat.S'.
      Trying pattern rule with stem `pg_authid.dat.S'.
      Trying implicit prerequisite `SCCS/s.pg_authid.dat.S'.
    Trying pattern rule with stem `pg_authid.dat'.
    Rejecting impossible implicit prerequisite `pg_authid.dat.S'.
    Trying pattern rule with stem `pg_authid.dat'.
    Trying implicit prerequisite `pg_authid.dat.mod'.
    Looking for a rule with intermediate file `pg_authid.dat.mod'.
     Avoiding implicit rule recursion.
     Avoiding implicit rule recursion.
     Trying pattern rule with stem `pg_authid.dat.mod'.
     Trying implicit prerequisite `pg_authid.dat.mod,v'.
     Trying pattern rule with stem `pg_authid.dat.mod'.
     Trying implicit prerequisite `RCS/pg_authid.dat.mod,v'.
     Trying pattern rule with stem `pg_authid.dat.mod'.
     Trying implicit prerequisite `RCS/pg_authid.dat.mod'.
     Trying pattern rule with stem `pg_authid.dat.mod'.
     Trying implicit prerequisite `s.pg_authid.dat.mod'.
     Trying pattern rule with stem `pg_authid.dat.mod'.
     Trying implicit prerequisite `SCCS/s.pg_authid.dat.mod'.
   Trying pattern rule with stem `pg_authid.dat'.
   Rejecting impossible implicit prerequisite `pg_authid.dat.cc'.
   Trying pattern rule with stem `pg_authid.dat'.
   Rejecting impossible implicit prerequisite `pg_authid.dat.C'.
   Trying pattern rule with stem `pg_authid.dat'.
   Rejecting impossible implicit prerequisite `pg_authid.dat.cpp'.
   Trying pattern rule with stem `pg_authid.dat'.
   Rejecting impossible implicit prerequisite `pg_authid.dat.p'.
   Trying pattern rule with stem `pg_authid.dat'.
   Rejecting impossible implicit prerequisite `pg_authid.dat.f'.
   Trying pattern rule with stem `pg_authid.dat'.
   Rejecting impossible implicit prerequisite `pg_authid.dat.F'.
   Trying pattern rule with stem `pg_authid.dat'.
Putting child 0x12d3045e0 (errcodes.h) PID 93778 on the chain.
   Rejecting impossible implicit prerequisite `pg_authid.dat.m'.
  Commands of `errcodes.h' are being run.
   Trying pattern rule with stem `pg_authid.dat'.
  Considering target file `probes.h'.
   File `probes.h' does not exist.
   Considering target file `Gen_dummy_probes.pl'.
    Finished prerequisites of target file `Gen_dummy_probes.pl'.
   No need to remake target `Gen_dummy_probes.pl'.
   Considering target file `probes.d'.
    Finished prerequisites of target file `probes.d'.
   No need to remake target `probes.d'.
GNU Make 3.81
Copyright (C) 2006  Free Software Foundation, Inc.
This is free software; see the source for copying conditions.
There is NO warranty; not even for MERCHANTABILITY or FITNESS FOR A
PARTICULAR PURPOSE.

This program built for i386-apple-darwin11.3.0
   Finished prerequisites of target file `probes.h'.
  Must remake target `probes.h'.
   Rejecting impossible implicit prerequisite `pg_authid.dat.r'.
Live child 0x12d3045e0 (errcodes.h) PID 93778 
Live child 0x12d108330 (fmgr-stamp) PID 93777 
Live child 0x12d106bd0 (submake-adt-headers) PID 93776 
   Trying pattern rule with stem `pg_authid.dat'.
Need a job token; we have children
   Rejecting impossible implicit prerequisite `pg_authid.dat.s'.
Live child 0x12d3045e0 (errcodes.h) PID 93778 
   Trying pattern rule with stem `pg_authid.dat'.
Live child 0x12d108330 (fmgr-stamp) PID 93777 
Reading makefiles...
Live child 0x12d106bd0 (submake-adt-headers) PID 93776 
   Rejecting impossible implicit prerequisite `pg_authid.dat.S'.
Obtained token for child 0x12d304830 (probes.h).
   Trying pattern rule with stem `pg_authid.dat'.
'/usr/bin/perl' -n Gen_dummy_probes.pl probes.d >probes.h
   Rejecting impossible implicit prerequisite `pg_authid.dat.mod'.
   Trying pattern rule with stem `pg_authid.dat'.
   Trying implicit prerequisite `pg_authid.dat.sh'.
   Looking for a rule with intermediate file `pg_authid.dat.sh'.
    Avoiding implicit rule recursion.
    Trying pattern rule with stem `pg_authid.dat.sh'.
    Trying implicit prerequisite `pg_authid.dat.sh,v'.
    Trying pattern rule with stem `pg_authid.dat.sh'.
    Trying implicit prerequisite `RCS/pg_authid.dat.sh,v'.
    Trying pattern rule with stem `pg_authid.dat.sh'.
    Trying implicit prerequisite `RCS/pg_authid.dat.sh'.
    Trying pattern rule with stem `pg_authid.dat.sh'.
    Trying implicit prerequisite `s.pg_authid.dat.sh'.
    Trying pattern rule with stem `pg_authid.dat.sh'.
    Trying implicit prerequisite `SCCS/s.pg_authid.dat.sh'.
   No implicit rule found for `pg_authid.dat'.
   Looking for an implicit rule for `pg_cast.dat'.
   Trying pattern rule with stem `pg_cast.dat'.
   Trying implicit prerequisite `pg_cast.dat.o'.
   Trying pattern rule with stem `pg_cast.dat'.
   Trying implicit prerequisite `pg_cast.dat.cc'.
   Trying pattern rule with stem `pg_cast.dat'.
   Trying implicit prerequisite `pg_cast.dat.C'.
   Trying pattern rule with stem `pg_cast.dat'.
   Trying implicit prerequisite `pg_cast.dat.cpp'.
   Trying pattern rule with stem `pg_cast.dat'.
   Trying implicit prerequisite `pg_cast.dat.p'.
   Trying pattern rule with stem `pg_cast.dat'.
   Trying implicit prerequisite `pg_cast.dat.f'.
   Trying pattern rule with stem `pg_cast.dat'.
   Trying implicit prerequisite `pg_cast.dat.F'.
   Trying pattern rule with stem `pg_cast.dat'.
   Trying implicit prerequisite `pg_cast.dat.m'.
Reading makefile `Makefile'...
   Trying pattern rule with stem `pg_cast.dat'.
   Trying implicit prerequisite `pg_cast.dat.r'.
   Trying pattern rule with stem `pg_cast.dat'.
   Trying implicit prerequisite `pg_cast.dat.s'.
   Trying pattern rule with stem `pg_cast.dat'.
   Trying implicit prerequisite `pg_cast.dat.S'.
   Trying pattern rule with stem `pg_cast.dat'.
Putting child 0x12d304830 (probes.h) PID 93779 on the chain.
  Commands of `probes.h' are being run.
  Finished prerequisites of target file `../../../src/include/utils/header-stamp'.
 The prerequisites of `../../../src/include/utils/header-stamp' are being made.
 Pruning file `submake-adt-headers'.
 Finished prerequisites of target file `generated-header-symlinks'.
The prerequisites of `generated-header-symlinks' are being made.
   Trying implicit prerequisite `pg_cast.dat.mod'.
Live child 0x12d304830 (probes.h) PID 93779 
   Trying pattern rule with stem `pg_cast.dat'.
Live child 0x12d3045e0 (errcodes.h) PID 93778 
Live child 0x12d108330 (fmgr-stamp) PID 93777 
Live child 0x12d106bd0 (submake-adt-headers) PID 93776 
   Trying implicit prerequisite `pg_cast.dat.sh'.
Reading makefile `../../../../src/Makefile.global' (search path) (no ~ expansion)...
   Trying pattern rule with stem `pg_cast.dat'.
   Trying implicit prerequisite `pg_cast.dat,v'.
   Trying pattern rule with stem `pg_cast.dat'.
   Trying implicit prerequisite `RCS/pg_cast.dat,v'.
   Trying pattern rule with stem `pg_cast.dat'.
   Trying implicit prerequisite `RCS/pg_cast.dat'.
   Trying pattern rule with stem `pg_cast.dat'.
   Trying implicit prerequisite `s.pg_cast.dat'.
   Trying pattern rule with stem `pg_cast.dat'.
   Trying implicit prerequisite `SCCS/s.pg_cast.dat'.
   Trying pattern rule with stem `pg_cast.dat'.
   Trying implicit prerequisite `pg_cast.dat.o'.
   Looking for a rule with intermediate file `pg_cast.dat.o'.
    Avoiding implicit rule recursion.
    Trying pattern rule with stem `pg_cast.dat'.
    Trying implicit prerequisite `pg_cast.dat.c'.
    Trying pattern rule with stem `pg_cast.dat'.
    Trying implicit prerequisite `pg_cast.dat.cc'.
    Trying pattern rule with stem `pg_cast.dat'.
    Trying implicit prerequisite `pg_cast.dat.C'.
    Trying pattern rule with stem `pg_cast.dat'.
    Trying implicit prerequisite `pg_cast.dat.cpp'.
    Trying pattern rule with stem `pg_cast.dat'.
    Trying implicit prerequisite `pg_cast.dat.p'.
    Trying pattern rule with stem `pg_cast.dat'.
    Trying implicit prerequisite `pg_cast.dat.f'.
    Trying pattern rule with stem `pg_cast.dat'.
    Trying implicit prerequisite `pg_cast.dat.F'.
    Trying pattern rule with stem `pg_cast.dat'.
    Trying implicit prerequisite `pg_cast.dat.m'.
    Trying pattern rule with stem `pg_cast.dat'.
Reading makefile `../../../../src/Makefile.port' (search path) (no ~ expansion)...
    Trying implicit prerequisite `pg_cast.dat.r'.
    Trying pattern rule with stem `pg_cast.dat'.
    Trying implicit prerequisite `pg_cast.dat.s'.
    Trying pattern rule with stem `pg_cast.dat'.
    Trying implicit prerequisite `pg_cast.dat.S'.
    Trying pattern rule with stem `pg_cast.dat'.
    Trying implicit prerequisite `pg_cast.dat.mod'.
    Trying pattern rule with stem `pg_cast.dat.o'.
    Trying implicit prerequisite `pg_cast.dat.o,v'.
    Trying pattern rule with stem `pg_cast.dat.o'.
    Trying implicit prerequisite `RCS/pg_cast.dat.o,v'.
    Trying pattern rule with stem `pg_cast.dat.o'.
    Trying implicit prerequisite `RCS/pg_cast.dat.o'.
    Trying pattern rule with stem `pg_cast.dat.o'.
    Trying implicit prerequisite `s.pg_cast.dat.o'.
    Trying pattern rule with stem `pg_cast.dat.o'.
    Trying implicit prerequisite `SCCS/s.pg_cast.dat.o'.
    Trying pattern rule with stem `pg_cast.dat'.
    Trying implicit prerequisite `pg_cast.dat.c'.
    Looking for a rule with intermediate file `pg_cast.dat.c'.
     Avoiding implicit rule recursion.
     Avoiding implicit rule recursion.
     Trying pattern rule with stem `pg_cast.dat'.
     Trying implicit prerequisite `pg_cast.dat.l'.
     Trying pattern rule with stem `pg_cast.dat'.
     Trying implicit prerequisite `pg_cast.dat.y'.
     Trying pattern rule with stem `pg_cast.dat'.
     Trying implicit prerequisite `pg_cast.dat.w'.
     Trying pattern rule with stem `pg_cast.dat'.
     Trying implicit prerequisite `pg_cast.dat.w'.
     Trying pattern rule with stem `pg_cast.dat.c'.
     Trying implicit prerequisite `pg_cast.dat.c,v'.
     Trying pattern rule with stem `pg_cast.dat.c'.
     Trying implicit prerequisite `RCS/pg_cast.dat.c,v'.
     Trying pattern rule with stem `pg_cast.dat.c'.
     Trying implicit prerequisite `RCS/pg_cast.dat.c'.
     Trying pattern rule with stem `pg_cast.dat.c'.
     Trying implicit prerequisite `s.pg_cast.dat.c'.
     Trying pattern rule with stem `pg_cast.dat.c'.
     Trying implicit prerequisite `SCCS/s.pg_cast.dat.c'.
     Trying pattern rule with stem `pg_cast.dat'.
     Trying implicit prerequisite `pg_cast.dat.l'.
     Looking for a rule with intermediate file `pg_cast.dat.l'.
      Avoiding implicit rule recursion.
      Avoiding implicit rule recursion.
      Avoiding implicit rule recursion.
      Trying pattern rule with stem `pg_cast.dat.l'.
      Trying implicit prerequisite `pg_cast.dat.l,v'.
      Trying pattern rule with stem `pg_cast.dat.l'.
      Trying implicit prerequisite `RCS/pg_cast.dat.l,v'.
      Trying pattern rule with stem `pg_cast.dat.l'.
      Trying implicit prerequisite `RCS/pg_cast.dat.l'.
      Trying pattern rule with stem `pg_cast.dat.l'.
      Trying implicit prerequisite `s.pg_cast.dat.l'.
      Trying pattern rule with stem `pg_cast.dat.l'.
      Trying implicit prerequisite `SCCS/s.pg_cast.dat.l'.
     Trying pattern rule with stem `pg_cast.dat'.
     Trying implicit prerequisite `pg_cast.dat.y'.
     Looking for a rule with intermediate file `pg_cast.dat.y'.
      Avoiding implicit rule recursion.
      Avoiding implicit rule recursion.
      Avoiding implicit rule recursion.
      Trying pattern rule with stem `pg_cast.dat.y'.
      Trying implicit prerequisite `pg_cast.dat.y,v'.
      Trying pattern rule with stem `pg_cast.dat.y'.
      Trying implicit prerequisite `RCS/pg_cast.dat.y,v'.
      Trying pattern rule with stem `pg_cast.dat.y'.
      Trying implicit prerequisite `RCS/pg_cast.dat.y'.
      Trying pattern rule with stem `pg_cast.dat.y'.
      Trying implicit prerequisite `s.pg_cast.dat.y'.
      Trying pattern rule with stem `pg_cast.dat.y'.
      Trying implicit prerequisite `SCCS/s.pg_cast.dat.y'.
     Trying pattern rule with stem `pg_cast.dat'.
     Trying implicit prerequisite `pg_cast.dat.w'.
     Looking for a rule with intermediate file `pg_cast.dat.w'.
      Avoiding implicit rule recursion.
      Avoiding implicit rule recursion.
      Avoiding implicit rule recursion.
      Trying pattern rule with stem `pg_cast.dat.w'.
      Trying implicit prerequisite `pg_cast.dat.w,v'.
      Trying pattern rule with stem `pg_cast.dat.w'.
      Trying implicit prerequisite `RCS/pg_cast.dat.w,v'.
      Trying pattern rule with stem `pg_cast.dat.w'.
      Trying implicit prerequisite `RCS/pg_cast.dat.w'.
      Trying pattern rule with stem `pg_cast.dat.w'.
      Trying implicit prerequisite `s.pg_cast.dat.w'.
      Trying pattern rule with stem `pg_cast.dat.w'.
      Trying implicit prerequisite `SCCS/s.pg_cast.dat.w'.
     Trying pattern rule with stem `pg_cast.dat'.
     Rejecting impossible implicit prerequisite `pg_cast.dat.w'.
    Trying pattern rule with stem `pg_cast.dat'.
    Trying implicit prerequisite `pg_cast.dat.cc'.
    Looking for a rule with intermediate file `pg_cast.dat.cc'.
     Avoiding implicit rule recursion.
     Avoiding implicit rule recursion.
     Trying pattern rule with stem `pg_cast.dat.cc'.
     Trying implicit prerequisite `pg_cast.dat.cc,v'.
     Trying pattern rule with stem `pg_cast.dat.cc'.
     Trying implicit prerequisite `RCS/pg_cast.dat.cc,v'.
     Trying pattern rule with stem `pg_cast.dat.cc'.
     Trying implicit prerequisite `RCS/pg_cast.dat.cc'.
     Trying pattern rule with stem `pg_cast.dat.cc'.
     Trying implicit prerequisite `s.pg_cast.dat.cc'.
     Trying pattern rule with stem `pg_cast.dat.cc'.
     Trying implicit prerequisite `SCCS/s.pg_cast.dat.cc'.
    Trying pattern rule with stem `pg_cast.dat'.
    Trying implicit prerequisite `pg_cast.dat.C'.
    Looking for a rule with intermediate file `pg_cast.dat.C'.
     Avoiding implicit rule recursion.
     Avoiding implicit rule recursion.
     Trying pattern rule with stem `pg_cast.dat.C'.
     Trying implicit prerequisite `pg_cast.dat.C,v'.
     Trying pattern rule with stem `pg_cast.dat.C'.
     Trying implicit prerequisite `RCS/pg_cast.dat.C,v'.
     Trying pattern rule with stem `pg_cast.dat.C'.
     Trying implicit prerequisite `RCS/pg_cast.dat.C'.
     Trying pattern rule with stem `pg_cast.dat.C'.
     Trying implicit prerequisite `s.pg_cast.dat.C'.
     Trying pattern rule with stem `pg_cast.dat.C'.
     Trying implicit prerequisite `SCCS/s.pg_cast.dat.C'.
    Trying pattern rule with stem `pg_cast.dat'.
    Trying implicit prerequisite `pg_cast.dat.cpp'.
    Looking for a rule with intermediate file `pg_cast.dat.cpp'.
     Avoiding implicit rule recursion.
     Avoiding implicit rule recursion.
     Trying pattern rule with stem `pg_cast.dat.cpp'.
     Trying implicit prerequisite `pg_cast.dat.cpp,v'.
     Trying pattern rule with stem `pg_cast.dat.cpp'.
     Trying implicit prerequisite `RCS/pg_cast.dat.cpp,v'.
     Trying pattern rule with stem `pg_cast.dat.cpp'.
     Trying implicit prerequisite `RCS/pg_cast.dat.cpp'.
     Trying pattern rule with stem `pg_cast.dat.cpp'.
     Trying implicit prerequisite `s.pg_cast.dat.cpp'.
     Trying pattern rule with stem `pg_cast.dat.cpp'.
     Trying implicit prerequisite `SCCS/s.pg_cast.dat.cpp'.
    Trying pattern rule with stem `pg_cast.dat'.
    Trying implicit prerequisite `pg_cast.dat.p'.
    Looking for a rule with intermediate file `pg_cast.dat.p'.
     Avoiding implicit rule recursion.
     Avoiding implicit rule recursion.
     Trying pattern rule with stem `pg_cast.dat'.
     Trying implicit prerequisite `pg_cast.dat.web'.
     Trying pattern rule with stem `pg_cast.dat.p'.
     Trying implicit prerequisite `pg_cast.dat.p,v'.
     Trying pattern rule with stem `pg_cast.dat.p'.
     Trying implicit prerequisite `RCS/pg_cast.dat.p,v'.
     Trying pattern rule with stem `pg_cast.dat.p'.
     Trying implicit prerequisite `RCS/pg_cast.dat.p'.
     Trying pattern rule with stem `pg_cast.dat.p'.
     Trying implicit prerequisite `s.pg_cast.dat.p'.
     Trying pattern rule with stem `pg_cast.dat.p'.
     Trying implicit prerequisite `SCCS/s.pg_cast.dat.p'.
     Trying pattern rule with stem `pg_cast.dat'.
     Trying implicit prerequisite `pg_cast.dat.web'.
     Looking for a rule with intermediate file `pg_cast.dat.web'.
      Avoiding implicit rule recursion.
      Avoiding implicit rule recursion.
      Avoiding implicit rule recursion.
      Trying pattern rule with stem `pg_cast.dat.web'.
      Trying implicit prerequisite `pg_cast.dat.web,v'.
      Trying pattern rule with stem `pg_cast.dat.web'.
      Trying implicit prerequisite `RCS/pg_cast.dat.web,v'.
      Trying pattern rule with stem `pg_cast.dat.web'.
      Trying implicit prerequisite `RCS/pg_cast.dat.web'.
      Trying pattern rule with stem `pg_cast.dat.web'.
      Trying implicit prerequisite `s.pg_cast.dat.web'.
      Trying pattern rule with stem `pg_cast.dat.web'.
      Trying implicit prerequisite `SCCS/s.pg_cast.dat.web'.
Reading makefile `../../../../src/Makefile.custom' (search path) (don't care) (no ~ expansion)...
    Trying pattern rule with stem `pg_cast.dat'.
    Trying implicit prerequisite `pg_cast.dat.f'.
    Looking for a rule with intermediate file `pg_cast.dat.f'.
     Avoiding implicit rule recursion.
     Avoiding implicit rule recursion.
     Trying pattern rule with stem `pg_cast.dat'.
     Trying implicit prerequisite `pg_cast.dat.F'.
     Trying pattern rule with stem `pg_cast.dat'.
     Trying implicit prerequisite `pg_cast.dat.r'.
     Trying pattern rule with stem `pg_cast.dat.f'.
     Trying implicit prerequisite `pg_cast.dat.f,v'.
     Trying pattern rule with stem `pg_cast.dat.f'.
     Trying implicit prerequisite `RCS/pg_cast.dat.f,v'.
     Trying pattern rule with stem `pg_cast.dat.f'.
     Trying implicit prerequisite `RCS/pg_cast.dat.f'.
     Trying pattern rule with stem `pg_cast.dat.f'.
     Trying implicit prerequisite `s.pg_cast.dat.f'.
     Trying pattern rule with stem `pg_cast.dat.f'.
     Trying implicit prerequisite `SCCS/s.pg_cast.dat.f'.
     Trying pattern rule with stem `pg_cast.dat'.
     Trying implicit prerequisite `pg_cast.dat.F'.
     Looking for a rule with intermediate file `pg_cast.dat.F'.
      Avoiding implicit rule recursion.
      Avoiding implicit rule recursion.
      Avoiding implicit rule recursion.
      Trying pattern rule with stem `pg_cast.dat.F'.
      Trying implicit prerequisite `pg_cast.dat.F,v'.
      Trying pattern rule with stem `pg_cast.dat.F'.
      Trying implicit prerequisite `RCS/pg_cast.dat.F,v'.
      Trying pattern rule with stem `pg_cast.dat.F'.
      Trying implicit prerequisite `RCS/pg_cast.dat.F'.
      Trying pattern rule with stem `pg_cast.dat.F'.
      Trying implicit prerequisite `s.pg_cast.dat.F'.
      Trying pattern rule with stem `pg_cast.dat.F'.
      Trying implicit prerequisite `SCCS/s.pg_cast.dat.F'.
     Trying pattern rule with stem `pg_cast.dat'.
     Trying implicit prerequisite `pg_cast.dat.r'.
     Looking for a rule with intermediate file `pg_cast.dat.r'.
      Avoiding implicit rule recursion.
      Avoiding implicit rule recursion.
      Avoiding implicit rule recursion.
      Trying pattern rule with stem `pg_cast.dat'.
      Rejecting impossible implicit prerequisite `pg_cast.dat.l'.
      Trying pattern rule with stem `pg_cast.dat.r'.
      Trying implicit prerequisite `pg_cast.dat.r,v'.
      Trying pattern rule with stem `pg_cast.dat.r'.
      Trying implicit prerequisite `RCS/pg_cast.dat.r,v'.
      Trying pattern rule with stem `pg_cast.dat.r'.
      Trying implicit prerequisite `RCS/pg_cast.dat.r'.
      Trying pattern rule with stem `pg_cast.dat.r'.
      Trying implicit prerequisite `s.pg_cast.dat.r'.
      Trying pattern rule with stem `pg_cast.dat.r'.
      Trying implicit prerequisite `SCCS/s.pg_cast.dat.r'.
    Trying pattern rule with stem `pg_cast.dat'.
    Rejecting impossible implicit prerequisite `pg_cast.dat.F'.
    Trying pattern rule with stem `pg_cast.dat'.
    Trying implicit prerequisite `pg_cast.dat.m'.
    Looking for a rule with intermediate file `pg_cast.dat.m'.
     Avoiding implicit rule recursion.
     Avoiding implicit rule recursion.
     Trying pattern rule with stem `pg_cast.dat'.
     Trying implicit prerequisite `pg_cast.dat.ym'.
     Trying pattern rule with stem `pg_cast.dat'.
     Trying implicit prerequisite `pg_cast.dat.lm'.
     Trying pattern rule with stem `pg_cast.dat.m'.
     Trying implicit prerequisite `pg_cast.dat.m,v'.
     Trying pattern rule with stem `pg_cast.dat.m'.
     Trying implicit prerequisite `RCS/pg_cast.dat.m,v'.
     Trying pattern rule with stem `pg_cast.dat.m'.
     Trying implicit prerequisite `RCS/pg_cast.dat.m'.
     Trying pattern rule with stem `pg_cast.dat.m'.
     Trying implicit prerequisite `s.pg_cast.dat.m'.
     Trying pattern rule with stem `pg_cast.dat.m'.
     Trying implicit prerequisite `SCCS/s.pg_cast.dat.m'.
     Trying pattern rule with stem `pg_cast.dat'.
     Trying implicit prerequisite `pg_cast.dat.ym'.
     Looking for a rule with intermediate file `pg_cast.dat.ym'.
      Avoiding implicit rule recursion.
      Avoiding implicit rule recursion.
      Avoiding implicit rule recursion.
      Trying pattern rule with stem `pg_cast.dat.ym'.
      Trying implicit prerequisite `pg_cast.dat.ym,v'.
      Trying pattern rule with stem `pg_cast.dat.ym'.
      Trying implicit prerequisite `RCS/pg_cast.dat.ym,v'.
      Trying pattern rule with stem `pg_cast.dat.ym'.
      Trying implicit prerequisite `RCS/pg_cast.dat.ym'.
      Trying pattern rule with stem `pg_cast.dat.ym'.
      Trying implicit prerequisite `s.pg_cast.dat.ym'.
      Trying pattern rule with stem `pg_cast.dat.ym'.
      Trying implicit prerequisite `SCCS/s.pg_cast.dat.ym'.
     Trying pattern rule with stem `pg_cast.dat'.
     Trying implicit prerequisite `pg_cast.dat.lm'.
     Looking for a rule with intermediate file `pg_cast.dat.lm'.
      Avoiding implicit rule recursion.
      Avoiding implicit rule recursion.
      Avoiding implicit rule recursion.
      Trying pattern rule with stem `pg_cast.dat.lm'.
      Trying implicit prerequisite `pg_cast.dat.lm,v'.
      Trying pattern rule with stem `pg_cast.dat.lm'.
      Trying implicit prerequisite `RCS/pg_cast.dat.lm,v'.
      Trying pattern rule with stem `pg_cast.dat.lm'.
      Trying implicit prerequisite `RCS/pg_cast.dat.lm'.
      Trying pattern rule with stem `pg_cast.dat.lm'.
      Trying implicit prerequisite `s.pg_cast.dat.lm'.
      Trying pattern rule with stem `pg_cast.dat.lm'.
      Trying implicit prerequisite `SCCS/s.pg_cast.dat.lm'.
Reading makefile `../../../../src/backend/common.mk' (search path) (no ~ expansion)...
    Trying pattern rule with stem `pg_cast.dat'.
    Rejecting impossible implicit prerequisite `pg_cast.dat.r'.
    Trying pattern rule with stem `pg_cast.dat'.
    Trying implicit prerequisite `pg_cast.dat.s'.
    Looking for a rule with intermediate file `pg_cast.dat.s'.
     Avoiding implicit rule recursion.
     Avoiding implicit rule recursion.
     Trying pattern rule with stem `pg_cast.dat'.
     Trying implicit prerequisite `pg_cast.dat.S'.
     Trying pattern rule with stem `pg_cast.dat.s'.
     Trying implicit prerequisite `pg_cast.dat.s,v'.
     Trying pattern rule with stem `pg_cast.dat.s'.
     Trying implicit prerequisite `RCS/pg_cast.dat.s,v'.
     Trying pattern rule with stem `pg_cast.dat.s'.
     Trying implicit prerequisite `RCS/pg_cast.dat.s'.
     Trying pattern rule with stem `pg_cast.dat.s'.
     Trying implicit prerequisite `s.pg_cast.dat.s'.
     Trying pattern rule with stem `pg_cast.dat.s'.
     Trying implicit prerequisite `SCCS/s.pg_cast.dat.s'.
     Trying pattern rule with stem `pg_cast.dat'.
     Trying implicit prerequisite `pg_cast.dat.S'.
     Looking for a rule with intermediate file `pg_cast.dat.S'.
      Avoiding implicit rule recursion.
      Avoiding implicit rule recursion.
      Avoiding implicit rule recursion.
      Trying pattern rule with stem `pg_cast.dat.S'.
      Trying implicit prerequisite `pg_cast.dat.S,v'.
      Trying pattern rule with stem `pg_cast.dat.S'.
      Trying implicit prerequisite `RCS/pg_cast.dat.S,v'.
      Trying pattern rule with stem `pg_cast.dat.S'.
      Trying implicit prerequisite `RCS/pg_cast.dat.S'.
      Trying pattern rule with stem `pg_cast.dat.S'.
      Trying implicit prerequisite `s.pg_cast.dat.S'.
      Trying pattern rule with stem `pg_cast.dat.S'.
      Trying implicit prerequisite `SCCS/s.pg_cast.dat.S'.
    Trying pattern rule with stem `pg_cast.dat'.
    Rejecting impossible implicit prerequisite `pg_cast.dat.S'.
    Trying pattern rule with stem `pg_cast.dat'.
    Trying implicit prerequisite `pg_cast.dat.mod'.
    Looking for a rule with intermediate file `pg_cast.dat.mod'.
     Avoiding implicit rule recursion.
     Avoiding implicit rule recursion.
     Trying pattern rule with stem `pg_cast.dat.mod'.
     Trying implicit prerequisite `pg_cast.dat.mod,v'.
     Trying pattern rule with stem `pg_cast.dat.mod'.
     Trying implicit prerequisite `RCS/pg_cast.dat.mod,v'.
     Trying pattern rule with stem `pg_cast.dat.mod'.
     Trying implicit prerequisite `RCS/pg_cast.dat.mod'.
     Trying pattern rule with stem `pg_cast.dat.mod'.
     Trying implicit prerequisite `s.pg_cast.dat.mod'.
     Trying pattern rule with stem `pg_cast.dat.mod'.
     Trying implicit prerequisite `SCCS/s.pg_cast.dat.mod'.
   Trying pattern rule with stem `pg_cast.dat'.
   Rejecting impossible implicit prerequisite `pg_cast.dat.cc'.
   Trying pattern rule with stem `pg_cast.dat'.
   Rejecting impossible implicit prerequisite `pg_cast.dat.C'.
   Trying pattern rule with stem `pg_cast.dat'.
   Rejecting impossible implicit prerequisite `pg_cast.dat.cpp'.
   Trying pattern rule with stem `pg_cast.dat'.
   Rejecting impossible implicit prerequisite `pg_cast.dat.p'.
   Trying pattern rule with stem `pg_cast.dat'.
   Rejecting impossible implicit prerequisite `pg_cast.dat.f'.
   Trying pattern rule with stem `pg_cast.dat'.
   Rejecting impossible implicit prerequisite `pg_cast.dat.F'.
   Trying pattern rule with stem `pg_cast.dat'.
   Rejecting impossible implicit prerequisite `pg_cast.dat.m'.
   Trying pattern rule with stem `pg_cast.dat'.
   Rejecting impossible implicit prerequisite `pg_cast.dat.r'.
   Trying pattern rule with stem `pg_cast.dat'.
   Rejecting impossible implicit prerequisite `pg_cast.dat.s'.
   Trying pattern rule with stem `pg_cast.dat'.
   Rejecting impossible implicit prerequisite `pg_cast.dat.S'.
   Trying pattern rule with stem `pg_cast.dat'.
   Rejecting impossible implicit prerequisite `pg_cast.dat.mod'.
   Trying pattern rule with stem `pg_cast.dat'.
   Trying implicit prerequisite `pg_cast.dat.sh'.
   Looking for a rule with intermediate file `pg_cast.dat.sh'.
    Avoiding implicit rule recursion.
    Trying pattern rule with stem `pg_cast.dat.sh'.
    Trying implicit prerequisite `pg_cast.dat.sh,v'.
    Trying pattern rule with stem `pg_cast.dat.sh'.
    Trying implicit prerequisite `RCS/pg_cast.dat.sh,v'.
    Trying pattern rule with stem `pg_cast.dat.sh'.
    Trying implicit prerequisite `RCS/pg_cast.dat.sh'.
    Trying pattern rule with stem `pg_cast.dat.sh'.
    Trying implicit prerequisite `s.pg_cast.dat.sh'.
    Trying pattern rule with stem `pg_cast.dat.sh'.
    Trying implicit prerequisite `SCCS/s.pg_cast.dat.sh'.
   No implicit rule found for `pg_cast.dat'.
   Looking for an implicit rule for `pg_class.dat'.
   Trying pattern rule with stem `pg_class.dat'.
   Trying implicit prerequisite `pg_class.dat.o'.
   Trying pattern rule with stem `pg_class.dat'.
   Trying implicit prerequisite `pg_class.dat.cc'.
   Trying pattern rule with stem `pg_class.dat'.
   Trying implicit prerequisite `pg_class.dat.C'.
   Trying pattern rule with stem `pg_class.dat'.
   Trying implicit prerequisite `pg_class.dat.cpp'.
   Trying pattern rule with stem `pg_class.dat'.
   Trying implicit prerequisite `pg_class.dat.p'.
   Trying pattern rule with stem `pg_class.dat'.
   Trying implicit prerequisite `pg_class.dat.f'.
   Trying pattern rule with stem `pg_class.dat'.
   Trying implicit prerequisite `pg_class.dat.F'.
Updating makefiles....
   Trying pattern rule with stem `pg_class.dat'.
   Trying implicit prerequisite `pg_class.dat.m'.
   Trying pattern rule with stem `pg_class.dat'.
   Trying implicit prerequisite `pg_class.dat.r'.
   Trying pattern rule with stem `pg_class.dat'.
 Considering target file `../../../../src/backend/common.mk'.
  Looking for an implicit rule for `../../../../src/backend/common.mk'.
   Trying implicit prerequisite `pg_class.dat.s'.
   Trying pattern rule with stem `pg_class.dat'.
   Trying implicit prerequisite `pg_class.dat.S'.
   Trying pattern rule with stem `pg_class.dat'.
   Trying implicit prerequisite `pg_class.dat.mod'.
   Trying pattern rule with stem `pg_class.dat'.
   Trying implicit prerequisite `pg_class.dat.sh'.
   Trying pattern rule with stem `pg_class.dat'.
   Trying implicit prerequisite `pg_class.dat,v'.
   Trying pattern rule with stem `pg_class.dat'.
  Trying pattern rule with stem `common.mk'.
   Trying implicit prerequisite `RCS/pg_class.dat,v'.
   Trying pattern rule with stem `pg_class.dat'.
   Trying implicit prerequisite `RCS/pg_class.dat'.
   Trying pattern rule with stem `pg_class.dat'.
   Trying implicit prerequisite `s.pg_class.dat'.
   Trying pattern rule with stem `pg_class.dat'.
   Trying implicit prerequisite `SCCS/s.pg_class.dat'.
   Trying pattern rule with stem `pg_class.dat'.
   Trying implicit prerequisite `pg_class.dat.o'.
   Looking for a rule with intermediate file `pg_class.dat.o'.
    Avoiding implicit rule recursion.
    Trying pattern rule with stem `pg_class.dat'.
    Trying implicit prerequisite `pg_class.dat.c'.
    Trying pattern rule with stem `pg_class.dat'.
    Trying implicit prerequisite `pg_class.dat.cc'.
    Trying pattern rule with stem `pg_class.dat'.
    Trying implicit prerequisite `pg_class.dat.C'.
    Trying pattern rule with stem `pg_class.dat'.
    Trying implicit prerequisite `pg_class.dat.cpp'.
    Trying pattern rule with stem `pg_class.dat'.
    Trying implicit prerequisite `pg_class.dat.p'.
    Trying pattern rule with stem `pg_class.dat'.
    Trying implicit prerequisite `pg_class.dat.f'.
    Trying pattern rule with stem `pg_class.dat'.
    Trying implicit prerequisite `pg_class.dat.F'.
    Trying pattern rule with stem `pg_class.dat'.
    Trying implicit prerequisite `pg_class.dat.m'.
    Trying pattern rule with stem `pg_class.dat'.
    Trying implicit prerequisite `pg_class.dat.r'.
    Trying pattern rule with stem `pg_class.dat'.
    Trying implicit prerequisite `pg_class.dat.s'.
    Trying pattern rule with stem `pg_class.dat'.
    Trying implicit prerequisite `pg_class.dat.S'.
    Trying pattern rule with stem `pg_class.dat'.
    Trying implicit prerequisite `pg_class.dat.mod'.
    Trying pattern rule with stem `pg_class.dat.o'.
  Trying implicit prerequisite `../../../../src/backend/common.mk.o'.
    Trying implicit prerequisite `pg_class.dat.o,v'.
    Trying pattern rule with stem `pg_class.dat.o'.
    Trying implicit prerequisite `RCS/pg_class.dat.o,v'.
    Trying pattern rule with stem `pg_class.dat.o'.
    Trying implicit prerequisite `RCS/pg_class.dat.o'.
    Trying pattern rule with stem `pg_class.dat.o'.
    Trying implicit prerequisite `s.pg_class.dat.o'.
    Trying pattern rule with stem `pg_class.dat.o'.
    Trying implicit prerequisite `SCCS/s.pg_class.dat.o'.
    Trying pattern rule with stem `pg_class.dat'.
    Trying implicit prerequisite `pg_class.dat.c'.
    Looking for a rule with intermediate file `pg_class.dat.c'.
     Avoiding implicit rule recursion.
     Avoiding implicit rule recursion.
  Trying pattern rule with stem `common.mk'.
  Trying implicit prerequisite `../../../../src/backend/common.mk.cc'.
  Trying pattern rule with stem `common.mk'.
     Trying pattern rule with stem `pg_class.dat'.
  Trying implicit prerequisite `../../../../src/backend/common.mk.C'.
  Trying pattern rule with stem `common.mk'.
     Trying implicit prerequisite `pg_class.dat.l'.
  Trying implicit prerequisite `../../../../src/backend/common.mk.cpp'.
     Trying pattern rule with stem `pg_class.dat'.
  Trying pattern rule with stem `common.mk'.
     Trying implicit prerequisite `pg_class.dat.y'.
  Trying implicit prerequisite `../../../../src/backend/common.mk.p'.
     Trying pattern rule with stem `pg_class.dat'.
  Trying pattern rule with stem `common.mk'.
     Trying implicit prerequisite `pg_class.dat.w'.
  Trying implicit prerequisite `../../../../src/backend/common.mk.f'.
     Trying pattern rule with stem `pg_class.dat'.
  Trying pattern rule with stem `common.mk'.
     Trying implicit prerequisite `pg_class.dat.w'.
  Trying implicit prerequisite `../../../../src/backend/common.mk.F'.
     Trying pattern rule with stem `pg_class.dat.c'.
  Trying pattern rule with stem `common.mk'.
     Trying implicit prerequisite `pg_class.dat.c,v'.
  Trying implicit prerequisite `../../../../src/backend/common.mk.m'.
     Trying pattern rule with stem `pg_class.dat.c'.
  Trying pattern rule with stem `common.mk'.
     Trying implicit prerequisite `RCS/pg_class.dat.c,v'.
  Trying implicit prerequisite `../../../../src/backend/common.mk.r'.
     Trying pattern rule with stem `pg_class.dat.c'.
  Trying pattern rule with stem `common.mk'.
     Trying implicit prerequisite `RCS/pg_class.dat.c'.
  Trying implicit prerequisite `../../../../src/backend/common.mk.s'.
     Trying pattern rule with stem `pg_class.dat.c'.
  Trying pattern rule with stem `common.mk'.
  Trying implicit prerequisite `../../../../src/backend/common.mk.S'.
  Trying pattern rule with stem `common.mk'.
     Trying implicit prerequisite `s.pg_class.dat.c'.
  Trying implicit prerequisite `../../../../src/backend/common.mk.mod'.
  Trying pattern rule with stem `common.mk'.
     Trying pattern rule with stem `pg_class.dat.c'.
  Trying implicit prerequisite `../../../../src/backend/common.mk.sh'.
     Trying implicit prerequisite `SCCS/s.pg_class.dat.c'.
  Trying pattern rule with stem `common.mk'.
     Trying pattern rule with stem `pg_class.dat'.
  Trying implicit prerequisite `../../../../src/backend/common.mk,v'.
     Trying implicit prerequisite `pg_class.dat.l'.
  Trying pattern rule with stem `common.mk'.
     Looking for a rule with intermediate file `pg_class.dat.l'.
  Trying implicit prerequisite `../../../../src/backend/RCS/common.mk,v'.
      Avoiding implicit rule recursion.
      Avoiding implicit rule recursion.
      Avoiding implicit rule recursion.
  Trying pattern rule with stem `common.mk'.
      Trying pattern rule with stem `pg_class.dat.l'.
  Trying implicit prerequisite `../../../../src/backend/RCS/common.mk'.
      Trying implicit prerequisite `pg_class.dat.l,v'.
  Trying pattern rule with stem `common.mk'.
      Trying pattern rule with stem `pg_class.dat.l'.
  Trying implicit prerequisite `../../../../src/backend/s.common.mk'.
      Trying implicit prerequisite `RCS/pg_class.dat.l,v'.
  Trying pattern rule with stem `common.mk'.
      Trying pattern rule with stem `pg_class.dat.l'.
  Trying implicit prerequisite `../../../../src/backend/SCCS/s.common.mk'.
      Trying implicit prerequisite `RCS/pg_class.dat.l'.
  Trying pattern rule with stem `common.mk'.
      Trying pattern rule with stem `pg_class.dat.l'.
  Trying implicit prerequisite `../../../../src/backend/common.mk.o'.
      Trying implicit prerequisite `s.pg_class.dat.l'.
  Looking for a rule with intermediate file `../../../../src/backend/common.mk.o'.
      Trying pattern rule with stem `pg_class.dat.l'.
   Avoiding implicit rule recursion.
      Trying implicit prerequisite `SCCS/s.pg_class.dat.l'.
   Trying pattern rule with stem `common.mk'.
     Trying pattern rule with stem `pg_class.dat'.
   Trying implicit prerequisite `../../../../src/backend/common.mk.c'.
     Trying implicit prerequisite `pg_class.dat.y'.
     Looking for a rule with intermediate file `pg_class.dat.y'.
      Avoiding implicit rule recursion.
      Avoiding implicit rule recursion.
      Avoiding implicit rule recursion.
      Trying pattern rule with stem `pg_class.dat.y'.
   Trying pattern rule with stem `common.mk'.
      Trying implicit prerequisite `pg_class.dat.y,v'.
   Trying implicit prerequisite `../../../../src/backend/common.mk.cc'.
   Trying pattern rule with stem `common.mk'.
      Trying pattern rule with stem `pg_class.dat.y'.
   Trying implicit prerequisite `../../../../src/backend/common.mk.C'.
      Trying implicit prerequisite `RCS/pg_class.dat.y,v'.
   Trying pattern rule with stem `common.mk'.
      Trying pattern rule with stem `pg_class.dat.y'.
   Trying implicit prerequisite `../../../../src/backend/common.mk.cpp'.
      Trying implicit prerequisite `RCS/pg_class.dat.y'.
   Trying pattern rule with stem `common.mk'.
      Trying pattern rule with stem `pg_class.dat.y'.
   Trying implicit prerequisite `../../../../src/backend/common.mk.p'.
      Trying implicit prerequisite `s.pg_class.dat.y'.
   Trying pattern rule with stem `common.mk'.
      Trying pattern rule with stem `pg_class.dat.y'.
   Trying implicit prerequisite `../../../../src/backend/common.mk.f'.
      Trying implicit prerequisite `SCCS/s.pg_class.dat.y'.
   Trying pattern rule with stem `common.mk'.
     Trying pattern rule with stem `pg_class.dat'.
   Trying implicit prerequisite `../../../../src/backend/common.mk.F'.
     Trying implicit prerequisite `pg_class.dat.w'.
   Trying pattern rule with stem `common.mk'.
     Looking for a rule with intermediate file `pg_class.dat.w'.
   Trying implicit prerequisite `../../../../src/backend/common.mk.m'.
      Avoiding implicit rule recursion.
      Avoiding implicit rule recursion.
   Trying pattern rule with stem `common.mk'.
      Avoiding implicit rule recursion.
   Trying implicit prerequisite `../../../../src/backend/common.mk.r'.
      Trying pattern rule with stem `pg_class.dat.w'.
   Trying pattern rule with stem `common.mk'.
      Trying implicit prerequisite `pg_class.dat.w,v'.
   Trying implicit prerequisite `../../../../src/backend/common.mk.s'.
      Trying pattern rule with stem `pg_class.dat.w'.
   Trying pattern rule with stem `common.mk'.
      Trying implicit prerequisite `RCS/pg_class.dat.w,v'.
   Trying implicit prerequisite `../../../../src/backend/common.mk.S'.
      Trying pattern rule with stem `pg_class.dat.w'.
   Trying pattern rule with stem `common.mk'.
      Trying implicit prerequisite `RCS/pg_class.dat.w'.
   Trying implicit prerequisite `../../../../src/backend/common.mk.mod'.
   Trying pattern rule with stem `common.mk.o'.
      Trying pattern rule with stem `pg_class.dat.w'.
   Trying implicit prerequisite `../../../../src/backend/common.mk.o,v'.
   Trying pattern rule with stem `common.mk.o'.
      Trying implicit prerequisite `s.pg_class.dat.w'.
   Trying implicit prerequisite `../../../../src/backend/RCS/common.mk.o,v'.
      Trying pattern rule with stem `pg_class.dat.w'.
      Trying implicit prerequisite `SCCS/s.pg_class.dat.w'.
   Trying pattern rule with stem `common.mk.o'.
     Trying pattern rule with stem `pg_class.dat'.
     Rejecting impossible implicit prerequisite `pg_class.dat.w'.
    Trying pattern rule with stem `pg_class.dat'.
    Trying implicit prerequisite `pg_class.dat.cc'.
    Looking for a rule with intermediate file `pg_class.dat.cc'.
     Avoiding implicit rule recursion.
     Avoiding implicit rule recursion.
     Trying pattern rule with stem `pg_class.dat.cc'.
     Trying implicit prerequisite `pg_class.dat.cc,v'.
     Trying pattern rule with stem `pg_class.dat.cc'.
   Trying implicit prerequisite `../../../../src/backend/RCS/common.mk.o'.
     Trying implicit prerequisite `RCS/pg_class.dat.cc,v'.
   Trying pattern rule with stem `common.mk.o'.
     Trying pattern rule with stem `pg_class.dat.cc'.
   Trying implicit prerequisite `../../../../src/backend/s.common.mk.o'.
     Trying implicit prerequisite `RCS/pg_class.dat.cc'.
   Trying pattern rule with stem `common.mk.o'.
     Trying pattern rule with stem `pg_class.dat.cc'.
   Trying implicit prerequisite `../../../../src/backend/SCCS/s.common.mk.o'.
     Trying implicit prerequisite `s.pg_class.dat.cc'.
   Trying pattern rule with stem `common.mk'.
     Trying pattern rule with stem `pg_class.dat.cc'.
   Trying implicit prerequisite `../../../../src/backend/common.mk.c'.
     Trying implicit prerequisite `SCCS/s.pg_class.dat.cc'.
   Looking for a rule with intermediate file `../../../../src/backend/common.mk.c'.
    Avoiding implicit rule recursion.
    Avoiding implicit rule recursion.
    Trying pattern rule with stem `common.mk'.
    Trying implicit prerequisite `../../../../src/backend/common.mk.l'.
    Trying pattern rule with stem `common.mk'.
    Trying implicit prerequisite `../../../../src/backend/common.mk.y'.
    Trying pattern rule with stem `common.mk'.
    Trying implicit prerequisite `../../../../src/backend/common.mk.w'.
    Trying pattern rule with stem `common.mk'.
    Trying implicit prerequisite `../../../../src/backend/common.mk.w'.
    Trying pattern rule with stem `common.mk.c'.
    Trying implicit prerequisite `../../../../src/backend/common.mk.c,v'.
    Trying pattern rule with stem `common.mk.c'.
    Trying implicit prerequisite `../../../../src/backend/RCS/common.mk.c,v'.
    Trying pattern rule with stem `common.mk.c'.
    Trying pattern rule with stem `pg_class.dat'.
    Trying implicit prerequisite `../../../../src/backend/RCS/common.mk.c'.
    Trying pattern rule with stem `common.mk.c'.
    Trying implicit prerequisite `pg_class.dat.C'.
    Looking for a rule with intermediate file `pg_class.dat.C'.
     Avoiding implicit rule recursion.
     Avoiding implicit rule recursion.
    Trying implicit prerequisite `../../../../src/backend/s.common.mk.c'.
    Trying pattern rule with stem `common.mk.c'.
    Trying implicit prerequisite `../../../../src/backend/SCCS/s.common.mk.c'.
    Trying pattern rule with stem `common.mk'.
    Trying implicit prerequisite `../../../../src/backend/common.mk.l'.
    Looking for a rule with intermediate file `../../../../src/backend/common.mk.l'.
     Avoiding implicit rule recursion.
     Avoiding implicit rule recursion.
     Avoiding implicit rule recursion.
     Trying pattern rule with stem `pg_class.dat.C'.
     Trying pattern rule with stem `common.mk.l'.
     Trying implicit prerequisite `pg_class.dat.C,v'.
     Trying implicit prerequisite `../../../../src/backend/common.mk.l,v'.
     Trying pattern rule with stem `pg_class.dat.C'.
     Trying pattern rule with stem `common.mk.l'.
     Trying implicit prerequisite `RCS/pg_class.dat.C,v'.
     Trying implicit prerequisite `../../../../src/backend/RCS/common.mk.l,v'.
     Trying pattern rule with stem `pg_class.dat.C'.
     Trying pattern rule with stem `common.mk.l'.
     Trying implicit prerequisite `RCS/pg_class.dat.C'.
     Trying implicit prerequisite `../../../../src/backend/RCS/common.mk.l'.
     Trying pattern rule with stem `pg_class.dat.C'.
     Trying pattern rule with stem `common.mk.l'.
     Trying implicit prerequisite `s.pg_class.dat.C'.
     Trying implicit prerequisite `../../../../src/backend/s.common.mk.l'.
     Trying pattern rule with stem `pg_class.dat.C'.
     Trying pattern rule with stem `common.mk.l'.
     Trying implicit prerequisite `SCCS/s.pg_class.dat.C'.
     Trying implicit prerequisite `../../../../src/backend/SCCS/s.common.mk.l'.
    Trying pattern rule with stem `pg_class.dat'.
    Trying pattern rule with stem `common.mk'.
    Trying implicit prerequisite `pg_class.dat.cpp'.
    Trying implicit prerequisite `../../../../src/backend/common.mk.y'.
    Looking for a rule with intermediate file `pg_class.dat.cpp'.
    Looking for a rule with intermediate file `../../../../src/backend/common.mk.y'.
     Avoiding implicit rule recursion.
     Avoiding implicit rule recursion.
     Avoiding implicit rule recursion.
     Avoiding implicit rule recursion.
     Avoiding implicit rule recursion.
     Trying pattern rule with stem `common.mk.y'.
     Trying pattern rule with stem `pg_class.dat.cpp'.
     Trying implicit prerequisite `../../../../src/backend/common.mk.y,v'.
     Trying implicit prerequisite `pg_class.dat.cpp,v'.
     Trying pattern rule with stem `common.mk.y'.
     Trying pattern rule with stem `pg_class.dat.cpp'.
     Trying implicit prerequisite `../../../../src/backend/RCS/common.mk.y,v'.
     Trying implicit prerequisite `RCS/pg_class.dat.cpp,v'.
     Trying pattern rule with stem `common.mk.y'.
     Trying pattern rule with stem `pg_class.dat.cpp'.
     Trying implicit prerequisite `../../../../src/backend/RCS/common.mk.y'.
     Trying implicit prerequisite `RCS/pg_class.dat.cpp'.
     Trying pattern rule with stem `common.mk.y'.
     Trying pattern rule with stem `pg_class.dat.cpp'.
     Trying implicit prerequisite `../../../../src/backend/s.common.mk.y'.
     Trying implicit prerequisite `s.pg_class.dat.cpp'.
     Trying pattern rule with stem `common.mk.y'.
     Trying pattern rule with stem `pg_class.dat.cpp'.
     Trying implicit prerequisite `../../../../src/backend/SCCS/s.common.mk.y'.
     Trying implicit prerequisite `SCCS/s.pg_class.dat.cpp'.
    Trying pattern rule with stem `common.mk'.
    Trying pattern rule with stem `pg_class.dat'.
    Trying implicit prerequisite `../../../../src/backend/common.mk.w'.
    Trying implicit prerequisite `pg_class.dat.p'.
    Looking for a rule with intermediate file `../../../../src/backend/common.mk.w'.
    Looking for a rule with intermediate file `pg_class.dat.p'.
     Avoiding implicit rule recursion.
     Avoiding implicit rule recursion.
     Avoiding implicit rule recursion.
     Avoiding implicit rule recursion.
     Avoiding implicit rule recursion.
     Trying pattern rule with stem `common.mk.w'.
     Trying pattern rule with stem `pg_class.dat'.
     Trying implicit prerequisite `../../../../src/backend/common.mk.w,v'.
     Trying implicit prerequisite `pg_class.dat.web'.
     Trying pattern rule with stem `common.mk.w'.
     Trying pattern rule with stem `pg_class.dat.p'.
     Trying implicit prerequisite `../../../../src/backend/RCS/common.mk.w,v'.
     Trying implicit prerequisite `pg_class.dat.p,v'.
     Trying pattern rule with stem `common.mk.w'.
     Trying pattern rule with stem `pg_class.dat.p'.
     Trying implicit prerequisite `../../../../src/backend/RCS/common.mk.w'.
     Trying implicit prerequisite `RCS/pg_class.dat.p,v'.
     Trying pattern rule with stem `common.mk.w'.
     Trying pattern rule with stem `pg_class.dat.p'.
     Trying implicit prerequisite `../../../../src/backend/s.common.mk.w'.
     Trying implicit prerequisite `RCS/pg_class.dat.p'.
     Trying pattern rule with stem `common.mk.w'.
     Trying pattern rule with stem `pg_class.dat.p'.
     Trying implicit prerequisite `../../../../src/backend/SCCS/s.common.mk.w'.
     Trying implicit prerequisite `s.pg_class.dat.p'.
    Trying pattern rule with stem `common.mk'.
     Trying pattern rule with stem `pg_class.dat.p'.
    Rejecting impossible implicit prerequisite `../../../../src/backend/common.mk.w'.
     Trying implicit prerequisite `SCCS/s.pg_class.dat.p'.
   Trying pattern rule with stem `common.mk'.
     Trying pattern rule with stem `pg_class.dat'.
   Trying implicit prerequisite `../../../../src/backend/common.mk.cc'.
   Looking for a rule with intermediate file `../../../../src/backend/common.mk.cc'.
    Avoiding implicit rule recursion.
    Avoiding implicit rule recursion.
     Trying implicit prerequisite `pg_class.dat.web'.
    Trying pattern rule with stem `common.mk.cc'.
     Looking for a rule with intermediate file `pg_class.dat.web'.
    Trying implicit prerequisite `../../../../src/backend/common.mk.cc,v'.
      Avoiding implicit rule recursion.
      Avoiding implicit rule recursion.
    Trying pattern rule with stem `common.mk.cc'.
      Avoiding implicit rule recursion.
    Trying implicit prerequisite `../../../../src/backend/RCS/common.mk.cc,v'.
      Trying pattern rule with stem `pg_class.dat.web'.
    Trying pattern rule with stem `common.mk.cc'.
      Trying implicit prerequisite `pg_class.dat.web,v'.
    Trying implicit prerequisite `../../../../src/backend/RCS/common.mk.cc'.
      Trying pattern rule with stem `pg_class.dat.web'.
    Trying pattern rule with stem `common.mk.cc'.
      Trying implicit prerequisite `RCS/pg_class.dat.web,v'.
    Trying implicit prerequisite `../../../../src/backend/s.common.mk.cc'.
      Trying pattern rule with stem `pg_class.dat.web'.
    Trying pattern rule with stem `common.mk.cc'.
      Trying implicit prerequisite `RCS/pg_class.dat.web'.
    Trying implicit prerequisite `../../../../src/backend/SCCS/s.common.mk.cc'.
      Trying pattern rule with stem `pg_class.dat.web'.
   Trying pattern rule with stem `common.mk'.
      Trying implicit prerequisite `s.pg_class.dat.web'.
   Trying implicit prerequisite `../../../../src/backend/common.mk.C'.
      Trying pattern rule with stem `pg_class.dat.web'.
   Looking for a rule with intermediate file `../../../../src/backend/common.mk.C'.
      Trying implicit prerequisite `SCCS/s.pg_class.dat.web'.
    Avoiding implicit rule recursion.
    Avoiding implicit rule recursion.
    Trying pattern rule with stem `pg_class.dat'.
    Trying pattern rule with stem `common.mk.C'.
    Trying implicit prerequisite `pg_class.dat.f'.
    Trying implicit prerequisite `../../../../src/backend/common.mk.C,v'.
    Looking for a rule with intermediate file `pg_class.dat.f'.
    Trying pattern rule with stem `common.mk.C'.
     Avoiding implicit rule recursion.
    Trying implicit prerequisite `../../../../src/backend/RCS/common.mk.C,v'.
     Avoiding implicit rule recursion.
    Trying pattern rule with stem `common.mk.C'.
     Trying pattern rule with stem `pg_class.dat'.
    Trying implicit prerequisite `../../../../src/backend/RCS/common.mk.C'.
     Trying implicit prerequisite `pg_class.dat.F'.
    Trying pattern rule with stem `common.mk.C'.
     Trying pattern rule with stem `pg_class.dat'.
    Trying implicit prerequisite `../../../../src/backend/s.common.mk.C'.
     Trying implicit prerequisite `pg_class.dat.r'.
    Trying pattern rule with stem `common.mk.C'.
     Trying pattern rule with stem `pg_class.dat.f'.
    Trying implicit prerequisite `../../../../src/backend/SCCS/s.common.mk.C'.
     Trying implicit prerequisite `pg_class.dat.f,v'.
   Trying pattern rule with stem `common.mk'.
     Trying pattern rule with stem `pg_class.dat.f'.
   Trying implicit prerequisite `../../../../src/backend/common.mk.cpp'.
     Trying implicit prerequisite `RCS/pg_class.dat.f,v'.
   Looking for a rule with intermediate file `../../../../src/backend/common.mk.cpp'.
     Trying pattern rule with stem `pg_class.dat.f'.
    Avoiding implicit rule recursion.
    Avoiding implicit rule recursion.
     Trying implicit prerequisite `RCS/pg_class.dat.f'.
    Trying pattern rule with stem `common.mk.cpp'.
     Trying pattern rule with stem `pg_class.dat.f'.
    Trying implicit prerequisite `../../../../src/backend/common.mk.cpp,v'.
     Trying implicit prerequisite `s.pg_class.dat.f'.
    Trying pattern rule with stem `common.mk.cpp'.
     Trying pattern rule with stem `pg_class.dat.f'.
    Trying implicit prerequisite `../../../../src/backend/RCS/common.mk.cpp,v'.
     Trying implicit prerequisite `SCCS/s.pg_class.dat.f'.
    Trying pattern rule with stem `common.mk.cpp'.
     Trying pattern rule with stem `pg_class.dat'.
    Trying implicit prerequisite `../../../../src/backend/RCS/common.mk.cpp'.
     Trying implicit prerequisite `pg_class.dat.F'.
    Trying pattern rule with stem `common.mk.cpp'.
     Looking for a rule with intermediate file `pg_class.dat.F'.
    Trying implicit prerequisite `../../../../src/backend/s.common.mk.cpp'.
      Avoiding implicit rule recursion.
    Trying pattern rule with stem `common.mk.cpp'.
      Avoiding implicit rule recursion.
      Avoiding implicit rule recursion.
    Trying implicit prerequisite `../../../../src/backend/SCCS/s.common.mk.cpp'.
      Trying pattern rule with stem `pg_class.dat.F'.
   Trying pattern rule with stem `common.mk'.
      Trying implicit prerequisite `pg_class.dat.F,v'.
   Trying implicit prerequisite `../../../../src/backend/common.mk.p'.
      Trying pattern rule with stem `pg_class.dat.F'.
   Looking for a rule with intermediate file `../../../../src/backend/common.mk.p'.
      Trying implicit prerequisite `RCS/pg_class.dat.F,v'.
    Avoiding implicit rule recursion.
    Avoiding implicit rule recursion.
      Trying pattern rule with stem `pg_class.dat.F'.
    Trying pattern rule with stem `common.mk'.
      Trying implicit prerequisite `RCS/pg_class.dat.F'.
    Trying implicit prerequisite `../../../../src/backend/common.mk.web'.
      Trying pattern rule with stem `pg_class.dat.F'.
    Trying pattern rule with stem `common.mk.p'.
      Trying implicit prerequisite `s.pg_class.dat.F'.
    Trying implicit prerequisite `../../../../src/backend/common.mk.p,v'.
      Trying pattern rule with stem `pg_class.dat.F'.
    Trying pattern rule with stem `common.mk.p'.
      Trying implicit prerequisite `SCCS/s.pg_class.dat.F'.
    Trying implicit prerequisite `../../../../src/backend/RCS/common.mk.p,v'.
     Trying pattern rule with stem `pg_class.dat'.
    Trying pattern rule with stem `common.mk.p'.
     Trying implicit prerequisite `pg_class.dat.r'.
    Trying implicit prerequisite `../../../../src/backend/RCS/common.mk.p'.
     Looking for a rule with intermediate file `pg_class.dat.r'.
    Trying pattern rule with stem `common.mk.p'.
      Avoiding implicit rule recursion.
      Avoiding implicit rule recursion.
      Avoiding implicit rule recursion.
    Trying implicit prerequisite `../../../../src/backend/s.common.mk.p'.
      Trying pattern rule with stem `pg_class.dat'.
    Trying pattern rule with stem `common.mk.p'.
      Rejecting impossible implicit prerequisite `pg_class.dat.l'.
    Trying implicit prerequisite `../../../../src/backend/SCCS/s.common.mk.p'.
      Trying pattern rule with stem `pg_class.dat.r'.
    Trying pattern rule with stem `common.mk'.
      Trying implicit prerequisite `pg_class.dat.r,v'.
    Trying implicit prerequisite `../../../../src/backend/common.mk.web'.
      Trying pattern rule with stem `pg_class.dat.r'.
    Looking for a rule with intermediate file `../../../../src/backend/common.mk.web'.
      Trying implicit prerequisite `RCS/pg_class.dat.r,v'.
     Avoiding implicit rule recursion.
      Trying pattern rule with stem `pg_class.dat.r'.
     Avoiding implicit rule recursion.
      Trying implicit prerequisite `RCS/pg_class.dat.r'.
     Avoiding implicit rule recursion.
      Trying pattern rule with stem `pg_class.dat.r'.
     Trying pattern rule with stem `common.mk.web'.
      Trying implicit prerequisite `s.pg_class.dat.r'.
     Trying implicit prerequisite `../../../../src/backend/common.mk.web,v'.
      Trying pattern rule with stem `pg_class.dat.r'.
     Trying pattern rule with stem `common.mk.web'.
      Trying implicit prerequisite `SCCS/s.pg_class.dat.r'.
     Trying implicit prerequisite `../../../../src/backend/RCS/common.mk.web,v'.
    Trying pattern rule with stem `pg_class.dat'.
     Trying pattern rule with stem `common.mk.web'.
    Rejecting impossible implicit prerequisite `pg_class.dat.F'.
     Trying implicit prerequisite `../../../../src/backend/RCS/common.mk.web'.
    Trying pattern rule with stem `pg_class.dat'.
     Trying pattern rule with stem `common.mk.web'.
    Trying implicit prerequisite `pg_class.dat.m'.
     Trying implicit prerequisite `../../../../src/backend/s.common.mk.web'.
    Looking for a rule with intermediate file `pg_class.dat.m'.
     Trying pattern rule with stem `common.mk.web'.
     Avoiding implicit rule recursion.
     Avoiding implicit rule recursion.
     Trying implicit prerequisite `../../../../src/backend/SCCS/s.common.mk.web'.
     Trying pattern rule with stem `pg_class.dat'.
   Trying pattern rule with stem `common.mk'.
     Trying implicit prerequisite `pg_class.dat.ym'.
   Trying implicit prerequisite `../../../../src/backend/common.mk.f'.
     Trying pattern rule with stem `pg_class.dat'.
   Looking for a rule with intermediate file `../../../../src/backend/common.mk.f'.
     Trying implicit prerequisite `pg_class.dat.lm'.
    Avoiding implicit rule recursion.
     Trying pattern rule with stem `pg_class.dat.m'.
    Avoiding implicit rule recursion.
     Trying implicit prerequisite `pg_class.dat.m,v'.
    Trying pattern rule with stem `common.mk'.
     Trying pattern rule with stem `pg_class.dat.m'.
    Trying implicit prerequisite `../../../../src/backend/common.mk.F'.
     Trying implicit prerequisite `RCS/pg_class.dat.m,v'.
    Trying pattern rule with stem `common.mk'.
     Trying pattern rule with stem `pg_class.dat.m'.
    Trying implicit prerequisite `../../../../src/backend/common.mk.r'.
     Trying implicit prerequisite `RCS/pg_class.dat.m'.
    Trying pattern rule with stem `common.mk.f'.
     Trying pattern rule with stem `pg_class.dat.m'.
    Trying implicit prerequisite `../../../../src/backend/common.mk.f,v'.
     Trying implicit prerequisite `s.pg_class.dat.m'.
    Trying pattern rule with stem `common.mk.f'.
     Trying pattern rule with stem `pg_class.dat.m'.
    Trying implicit prerequisite `../../../../src/backend/RCS/common.mk.f,v'.
     Trying implicit prerequisite `SCCS/s.pg_class.dat.m'.
    Trying pattern rule with stem `common.mk.f'.
     Trying pattern rule with stem `pg_class.dat'.
    Trying implicit prerequisite `../../../../src/backend/RCS/common.mk.f'.
    Trying pattern rule with stem `common.mk.f'.
     Trying implicit prerequisite `pg_class.dat.ym'.
    Trying implicit prerequisite `../../../../src/backend/s.common.mk.f'.
     Looking for a rule with intermediate file `pg_class.dat.ym'.
    Trying pattern rule with stem `common.mk.f'.
      Avoiding implicit rule recursion.
      Avoiding implicit rule recursion.
    Trying implicit prerequisite `../../../../src/backend/SCCS/s.common.mk.f'.
      Avoiding implicit rule recursion.
    Trying pattern rule with stem `common.mk'.
      Trying pattern rule with stem `pg_class.dat.ym'.
    Trying implicit prerequisite `../../../../src/backend/common.mk.F'.
      Trying implicit prerequisite `pg_class.dat.ym,v'.
    Looking for a rule with intermediate file `../../../../src/backend/common.mk.F'.
     Avoiding implicit rule recursion.
      Trying pattern rule with stem `pg_class.dat.ym'.
     Avoiding implicit rule recursion.
      Trying implicit prerequisite `RCS/pg_class.dat.ym,v'.
     Avoiding implicit rule recursion.
      Trying pattern rule with stem `pg_class.dat.ym'.
     Trying pattern rule with stem `common.mk.F'.
     Trying implicit prerequisite `../../../../src/backend/common.mk.F,v'.
     Trying pattern rule with stem `common.mk.F'.
      Trying implicit prerequisite `RCS/pg_class.dat.ym'.
     Trying implicit prerequisite `../../../../src/backend/RCS/common.mk.F,v'.
      Trying pattern rule with stem `pg_class.dat.ym'.
     Trying pattern rule with stem `common.mk.F'.
      Trying implicit prerequisite `s.pg_class.dat.ym'.
      Trying pattern rule with stem `pg_class.dat.ym'.
      Trying implicit prerequisite `SCCS/s.pg_class.dat.ym'.
     Trying implicit prerequisite `../../../../src/backend/RCS/common.mk.F'.
     Trying pattern rule with stem `pg_class.dat'.
     Trying pattern rule with stem `common.mk.F'.
     Trying implicit prerequisite `pg_class.dat.lm'.
     Looking for a rule with intermediate file `pg_class.dat.lm'.
      Avoiding implicit rule recursion.
      Avoiding implicit rule recursion.
      Avoiding implicit rule recursion.
     Trying implicit prerequisite `../../../../src/backend/s.common.mk.F'.
      Trying pattern rule with stem `pg_class.dat.lm'.
      Trying implicit prerequisite `pg_class.dat.lm,v'.
      Trying pattern rule with stem `pg_class.dat.lm'.
     Trying pattern rule with stem `common.mk.F'.
     Trying implicit prerequisite `../../../../src/backend/SCCS/s.common.mk.F'.
    Trying pattern rule with stem `common.mk'.
    Trying implicit prerequisite `../../../../src/backend/common.mk.r'.
    Looking for a rule with intermediate file `../../../../src/backend/common.mk.r'.
     Avoiding implicit rule recursion.
     Avoiding implicit rule recursion.
      Trying implicit prerequisite `RCS/pg_class.dat.lm,v'.
      Trying pattern rule with stem `pg_class.dat.lm'.
      Trying implicit prerequisite `RCS/pg_class.dat.lm'.
      Trying pattern rule with stem `pg_class.dat.lm'.
     Avoiding implicit rule recursion.
     Trying pattern rule with stem `common.mk'.
     Rejecting impossible implicit prerequisite `../../../../src/backend/common.mk.l'.
     Trying pattern rule with stem `common.mk.r'.
      Trying implicit prerequisite `s.pg_class.dat.lm'.
      Trying pattern rule with stem `pg_class.dat.lm'.
     Trying implicit prerequisite `../../../../src/backend/common.mk.r,v'.
     Trying pattern rule with stem `common.mk.r'.
      Trying implicit prerequisite `SCCS/s.pg_class.dat.lm'.
     Trying implicit prerequisite `../../../../src/backend/RCS/common.mk.r,v'.
     Trying pattern rule with stem `common.mk.r'.
    Trying pattern rule with stem `pg_class.dat'.
     Trying implicit prerequisite `../../../../src/backend/RCS/common.mk.r'.
    Rejecting impossible implicit prerequisite `pg_class.dat.r'.
    Trying pattern rule with stem `pg_class.dat'.
     Trying pattern rule with stem `common.mk.r'.
    Trying implicit prerequisite `pg_class.dat.s'.
    Looking for a rule with intermediate file `pg_class.dat.s'.
     Avoiding implicit rule recursion.
     Avoiding implicit rule recursion.
     Trying implicit prerequisite `../../../../src/backend/s.common.mk.r'.
     Trying pattern rule with stem `pg_class.dat'.
     Trying pattern rule with stem `common.mk.r'.
     Trying implicit prerequisite `../../../../src/backend/SCCS/s.common.mk.r'.
     Trying implicit prerequisite `pg_class.dat.S'.
   Trying pattern rule with stem `common.mk'.
     Trying pattern rule with stem `pg_class.dat.s'.
   Rejecting impossible implicit prerequisite `../../../../src/backend/common.mk.F'.
   Trying pattern rule with stem `common.mk'.
     Trying implicit prerequisite `pg_class.dat.s,v'.
     Trying pattern rule with stem `pg_class.dat.s'.
     Trying implicit prerequisite `RCS/pg_class.dat.s,v'.
     Trying pattern rule with stem `pg_class.dat.s'.
   Trying implicit prerequisite `../../../../src/backend/common.mk.m'.
   Looking for a rule with intermediate file `../../../../src/backend/common.mk.m'.
    Avoiding implicit rule recursion.
    Avoiding implicit rule recursion.
    Trying pattern rule with stem `common.mk'.
    Trying implicit prerequisite `../../../../src/backend/common.mk.ym'.
    Trying pattern rule with stem `common.mk'.
    Trying implicit prerequisite `../../../../src/backend/common.mk.lm'.
    Trying pattern rule with stem `common.mk.m'.
    Trying implicit prerequisite `../../../../src/backend/common.mk.m,v'.
    Trying pattern rule with stem `common.mk.m'.
     Trying implicit prerequisite `RCS/pg_class.dat.s'.
     Trying pattern rule with stem `pg_class.dat.s'.
     Trying implicit prerequisite `s.pg_class.dat.s'.
     Trying pattern rule with stem `pg_class.dat.s'.
    Trying implicit prerequisite `../../../../src/backend/RCS/common.mk.m,v'.
    Trying pattern rule with stem `common.mk.m'.
    Trying implicit prerequisite `../../../../src/backend/RCS/common.mk.m'.
    Trying pattern rule with stem `common.mk.m'.
     Trying implicit prerequisite `SCCS/s.pg_class.dat.s'.
     Trying pattern rule with stem `pg_class.dat'.
     Trying implicit prerequisite `pg_class.dat.S'.
     Looking for a rule with intermediate file `pg_class.dat.S'.
      Avoiding implicit rule recursion.
      Avoiding implicit rule recursion.
      Avoiding implicit rule recursion.
      Trying pattern rule with stem `pg_class.dat.S'.
      Trying implicit prerequisite `pg_class.dat.S,v'.
    Trying implicit prerequisite `../../../../src/backend/s.common.mk.m'.
      Trying pattern rule with stem `pg_class.dat.S'.
      Trying implicit prerequisite `RCS/pg_class.dat.S,v'.
      Trying pattern rule with stem `pg_class.dat.S'.
      Trying implicit prerequisite `RCS/pg_class.dat.S'.
      Trying pattern rule with stem `pg_class.dat.S'.
      Trying implicit prerequisite `s.pg_class.dat.S'.
      Trying pattern rule with stem `pg_class.dat.S'.
    Trying pattern rule with stem `common.mk.m'.
    Trying implicit prerequisite `../../../../src/backend/SCCS/s.common.mk.m'.
    Trying pattern rule with stem `common.mk'.
    Trying implicit prerequisite `../../../../src/backend/common.mk.ym'.
      Trying implicit prerequisite `SCCS/s.pg_class.dat.S'.
    Looking for a rule with intermediate file `../../../../src/backend/common.mk.ym'.
     Avoiding implicit rule recursion.
     Avoiding implicit rule recursion.
    Trying pattern rule with stem `pg_class.dat'.
    Rejecting impossible implicit prerequisite `pg_class.dat.S'.
    Trying pattern rule with stem `pg_class.dat'.
    Trying implicit prerequisite `pg_class.dat.mod'.
    Looking for a rule with intermediate file `pg_class.dat.mod'.
     Avoiding implicit rule recursion.
     Avoiding implicit rule recursion.
     Trying pattern rule with stem `pg_class.dat.mod'.
     Trying implicit prerequisite `pg_class.dat.mod,v'.
     Trying pattern rule with stem `pg_class.dat.mod'.
     Trying implicit prerequisite `RCS/pg_class.dat.mod,v'.
     Avoiding implicit rule recursion.
     Trying pattern rule with stem `common.mk.ym'.
     Trying implicit prerequisite `../../../../src/backend/common.mk.ym,v'.
     Trying pattern rule with stem `common.mk.ym'.
     Trying implicit prerequisite `../../../../src/backend/RCS/common.mk.ym,v'.
     Trying pattern rule with stem `common.mk.ym'.
     Trying pattern rule with stem `pg_class.dat.mod'.
     Trying implicit prerequisite `../../../../src/backend/RCS/common.mk.ym'.
     Trying pattern rule with stem `common.mk.ym'.
     Trying implicit prerequisite `../../../../src/backend/s.common.mk.ym'.
     Trying pattern rule with stem `common.mk.ym'.
     Trying implicit prerequisite `RCS/pg_class.dat.mod'.
     Trying pattern rule with stem `pg_class.dat.mod'.
     Trying implicit prerequisite `s.pg_class.dat.mod'.
     Trying pattern rule with stem `pg_class.dat.mod'.
     Trying implicit prerequisite `../../../../src/backend/SCCS/s.common.mk.ym'.
    Trying pattern rule with stem `common.mk'.
    Trying implicit prerequisite `../../../../src/backend/common.mk.lm'.
    Looking for a rule with intermediate file `../../../../src/backend/common.mk.lm'.
     Avoiding implicit rule recursion.
     Avoiding implicit rule recursion.
     Avoiding implicit rule recursion.
     Trying pattern rule with stem `common.mk.lm'.
     Trying implicit prerequisite `SCCS/s.pg_class.dat.mod'.
     Trying implicit prerequisite `../../../../src/backend/common.mk.lm,v'.
     Trying pattern rule with stem `common.mk.lm'.
     Trying implicit prerequisite `../../../../src/backend/RCS/common.mk.lm,v'.
     Trying pattern rule with stem `common.mk.lm'.
   Trying pattern rule with stem `pg_class.dat'.
     Trying implicit prerequisite `../../../../src/backend/RCS/common.mk.lm'.
     Trying pattern rule with stem `common.mk.lm'.
   Rejecting impossible implicit prerequisite `pg_class.dat.cc'.
   Trying pattern rule with stem `pg_class.dat'.
   Rejecting impossible implicit prerequisite `pg_class.dat.C'.
   Trying pattern rule with stem `pg_class.dat'.
     Trying implicit prerequisite `../../../../src/backend/s.common.mk.lm'.
   Rejecting impossible implicit prerequisite `pg_class.dat.cpp'.
   Trying pattern rule with stem `pg_class.dat'.
   Rejecting impossible implicit prerequisite `pg_class.dat.p'.
   Trying pattern rule with stem `pg_class.dat'.
     Trying pattern rule with stem `common.mk.lm'.
     Trying implicit prerequisite `../../../../src/backend/SCCS/s.common.mk.lm'.
   Trying pattern rule with stem `common.mk'.
   Rejecting impossible implicit prerequisite `../../../../src/backend/common.mk.r'.
   Trying pattern rule with stem `common.mk'.
   Rejecting impossible implicit prerequisite `pg_class.dat.f'.
   Trying pattern rule with stem `pg_class.dat'.
   Rejecting impossible implicit prerequisite `pg_class.dat.F'.
   Trying pattern rule with stem `pg_class.dat'.
   Trying implicit prerequisite `../../../../src/backend/common.mk.s'.
   Looking for a rule with intermediate file `../../../../src/backend/common.mk.s'.
    Avoiding implicit rule recursion.
    Avoiding implicit rule recursion.
   Rejecting impossible implicit prerequisite `pg_class.dat.m'.
   Trying pattern rule with stem `pg_class.dat'.
   Rejecting impossible implicit prerequisite `pg_class.dat.r'.
   Trying pattern rule with stem `pg_class.dat'.
    Trying pattern rule with stem `common.mk'.
    Trying implicit prerequisite `../../../../src/backend/common.mk.S'.
    Trying pattern rule with stem `common.mk.s'.
    Trying implicit prerequisite `../../../../src/backend/common.mk.s,v'.
    Trying pattern rule with stem `common.mk.s'.
    Trying implicit prerequisite `../../../../src/backend/RCS/common.mk.s,v'.
    Trying pattern rule with stem `common.mk.s'.
    Trying implicit prerequisite `../../../../src/backend/RCS/common.mk.s'.
   Rejecting impossible implicit prerequisite `pg_class.dat.s'.
   Trying pattern rule with stem `pg_class.dat'.
   Rejecting impossible implicit prerequisite `pg_class.dat.S'.
   Trying pattern rule with stem `pg_class.dat'.
    Trying pattern rule with stem `common.mk.s'.
    Trying implicit prerequisite `../../../../src/backend/s.common.mk.s'.
    Trying pattern rule with stem `common.mk.s'.
    Trying implicit prerequisite `../../../../src/backend/SCCS/s.common.mk.s'.
   Rejecting impossible implicit prerequisite `pg_class.dat.mod'.
    Trying pattern rule with stem `common.mk'.
    Trying implicit prerequisite `../../../../src/backend/common.mk.S'.
    Looking for a rule with intermediate file `../../../../src/backend/common.mk.S'.
     Avoiding implicit rule recursion.
     Avoiding implicit rule recursion.
     Avoiding implicit rule recursion.
   Trying pattern rule with stem `pg_class.dat'.
   Trying implicit prerequisite `pg_class.dat.sh'.
   Looking for a rule with intermediate file `pg_class.dat.sh'.
     Trying pattern rule with stem `common.mk.S'.
     Trying implicit prerequisite `../../../../src/backend/common.mk.S,v'.
     Trying pattern rule with stem `common.mk.S'.
     Trying implicit prerequisite `../../../../src/backend/RCS/common.mk.S,v'.
    Avoiding implicit rule recursion.
    Trying pattern rule with stem `pg_class.dat.sh'.
    Trying implicit prerequisite `pg_class.dat.sh,v'.
    Trying pattern rule with stem `pg_class.dat.sh'.
    Trying implicit prerequisite `RCS/pg_class.dat.sh,v'.
    Trying pattern rule with stem `pg_class.dat.sh'.
    Trying implicit prerequisite `RCS/pg_class.dat.sh'.
     Trying pattern rule with stem `common.mk.S'.
     Trying implicit prerequisite `../../../../src/backend/RCS/common.mk.S'.
     Trying pattern rule with stem `common.mk.S'.
     Trying implicit prerequisite `../../../../src/backend/s.common.mk.S'.
     Trying pattern rule with stem `common.mk.S'.
     Trying implicit prerequisite `../../../../src/backend/SCCS/s.common.mk.S'.
   Trying pattern rule with stem `common.mk'.
    Trying pattern rule with stem `pg_class.dat.sh'.
    Trying implicit prerequisite `s.pg_class.dat.sh'.
    Trying pattern rule with stem `pg_class.dat.sh'.
    Trying implicit prerequisite `SCCS/s.pg_class.dat.sh'.
   No implicit rule found for `pg_class.dat'.
   Looking for an implicit rule for `pg_collation.dat'.
   Trying pattern rule with stem `pg_collation.dat'.
   Trying implicit prerequisite `pg_collation.dat.o'.
   Trying pattern rule with stem `pg_collation.dat'.
   Rejecting impossible implicit prerequisite `../../../../src/backend/common.mk.S'.
   Trying pattern rule with stem `common.mk'.
   Trying implicit prerequisite `../../../../src/backend/common.mk.mod'.
   Looking for a rule with intermediate file `../../../../src/backend/common.mk.mod'.
    Avoiding implicit rule recursion.
    Avoiding implicit rule recursion.
    Trying pattern rule with stem `common.mk.mod'.
    Trying implicit prerequisite `../../../../src/backend/common.mk.mod,v'.
    Trying pattern rule with stem `common.mk.mod'.
   Trying implicit prerequisite `pg_collation.dat.cc'.
   Trying pattern rule with stem `pg_collation.dat'.
   Trying implicit prerequisite `pg_collation.dat.C'.
   Trying pattern rule with stem `pg_collation.dat'.
    Trying implicit prerequisite `../../../../src/backend/RCS/common.mk.mod,v'.
    Trying pattern rule with stem `common.mk.mod'.
   Trying implicit prerequisite `pg_collation.dat.cpp'.
    Trying implicit prerequisite `../../../../src/backend/RCS/common.mk.mod'.
    Trying pattern rule with stem `common.mk.mod'.
   Trying pattern rule with stem `pg_collation.dat'.
   Trying implicit prerequisite `pg_collation.dat.p'.
   Trying pattern rule with stem `pg_collation.dat'.
    Trying implicit prerequisite `../../../../src/backend/s.common.mk.mod'.
    Trying pattern rule with stem `common.mk.mod'.
    Trying implicit prerequisite `../../../../src/backend/SCCS/s.common.mk.mod'.
   Trying implicit prerequisite `pg_collation.dat.f'.
   Trying pattern rule with stem `pg_collation.dat'.
   Trying implicit prerequisite `pg_collation.dat.F'.
   Trying pattern rule with stem `pg_collation.dat'.
   Trying implicit prerequisite `pg_collation.dat.m'.
   Trying pattern rule with stem `pg_collation.dat'.
   Trying implicit prerequisite `pg_collation.dat.r'.
   Trying pattern rule with stem `pg_collation.dat'.
  Trying pattern rule with stem `common.mk'.
  Rejecting impossible implicit prerequisite `../../../../src/backend/common.mk.cc'.
  Trying pattern rule with stem `common.mk'.
  Rejecting impossible implicit prerequisite `../../../../src/backend/common.mk.C'.
  Trying pattern rule with stem `common.mk'.
  Rejecting impossible implicit prerequisite `../../../../src/backend/common.mk.cpp'.
  Trying pattern rule with stem `common.mk'.
  Rejecting impossible implicit prerequisite `../../../../src/backend/common.mk.p'.
  Trying pattern rule with stem `common.mk'.
  Rejecting impossible implicit prerequisite `../../../../src/backend/common.mk.f'.
  Trying pattern rule with stem `common.mk'.
  Rejecting impossible implicit prerequisite `../../../../src/backend/common.mk.F'.
  Trying pattern rule with stem `common.mk'.
  Rejecting impossible implicit prerequisite `../../../../src/backend/common.mk.m'.
  Trying pattern rule with stem `common.mk'.
  Rejecting impossible implicit prerequisite `../../../../src/backend/common.mk.r'.
  Trying pattern rule with stem `common.mk'.
  Rejecting impossible implicit prerequisite `../../../../src/backend/common.mk.s'.
  Trying pattern rule with stem `common.mk'.
  Rejecting impossible implicit prerequisite `../../../../src/backend/common.mk.S'.
  Trying pattern rule with stem `common.mk'.
  Rejecting impossible implicit prerequisite `../../../../src/backend/common.mk.mod'.
  Trying pattern rule with stem `common.mk'.
   Trying implicit prerequisite `pg_collation.dat.s'.
   Trying pattern rule with stem `pg_collation.dat'.
   Trying implicit prerequisite `pg_collation.dat.S'.
   Trying pattern rule with stem `pg_collation.dat'.
  Trying implicit prerequisite `../../../../src/backend/common.mk.sh'.
  Looking for a rule with intermediate file `../../../../src/backend/common.mk.sh'.
   Avoiding implicit rule recursion.
   Trying pattern rule with stem `common.mk.sh'.
   Trying implicit prerequisite `pg_collation.dat.mod'.
   Trying pattern rule with stem `pg_collation.dat'.
   Trying implicit prerequisite `pg_collation.dat.sh'.
   Trying pattern rule with stem `pg_collation.dat'.
   Trying implicit prerequisite `../../../../src/backend/common.mk.sh,v'.
   Trying pattern rule with stem `common.mk.sh'.
   Trying implicit prerequisite `../../../../src/backend/RCS/common.mk.sh,v'.
   Trying pattern rule with stem `common.mk.sh'.
   Trying implicit prerequisite `pg_collation.dat,v'.
   Trying pattern rule with stem `pg_collation.dat'.
   Trying implicit prerequisite `RCS/pg_collation.dat,v'.
   Trying pattern rule with stem `pg_collation.dat'.
   Trying implicit prerequisite `../../../../src/backend/RCS/common.mk.sh'.
   Trying pattern rule with stem `common.mk.sh'.
   Trying implicit prerequisite `../../../../src/backend/s.common.mk.sh'.
   Trying pattern rule with stem `common.mk.sh'.
   Trying implicit prerequisite `RCS/pg_collation.dat'.
   Trying pattern rule with stem `pg_collation.dat'.
   Trying implicit prerequisite `s.pg_collation.dat'.
   Trying pattern rule with stem `pg_collation.dat'.
   Trying implicit prerequisite `../../../../src/backend/SCCS/s.common.mk.sh'.
  No implicit rule found for `../../../../src/backend/common.mk'.
  Finished prerequisites of target file `../../../../src/backend/common.mk'.
 No need to remake target `../../../../src/backend/common.mk'.
 Considering target file `../../../../src/Makefile.custom'.
  File `../../../../src/Makefile.custom' does not exist.
  Looking for an implicit rule for `../../../../src/Makefile.custom'.
  Trying pattern rule with stem `Makefile.custom'.
   Trying implicit prerequisite `SCCS/s.pg_collation.dat'.
   Trying pattern rule with stem `pg_collation.dat'.
   Trying implicit prerequisite `pg_collation.dat.o'.
   Looking for a rule with intermediate file `pg_collation.dat.o'.
    Avoiding implicit rule recursion.
    Trying pattern rule with stem `pg_collation.dat'.
    Trying implicit prerequisite `pg_collation.dat.c'.
    Trying pattern rule with stem `pg_collation.dat'.
    Trying implicit prerequisite `pg_collation.dat.cc'.
  Trying implicit prerequisite `../../../../src/Makefile.custom.o'.
    Trying pattern rule with stem `pg_collation.dat'.
    Trying implicit prerequisite `pg_collation.dat.C'.
    Trying pattern rule with stem `pg_collation.dat'.
    Trying implicit prerequisite `pg_collation.dat.cpp'.
    Trying pattern rule with stem `pg_collation.dat'.
    Trying implicit prerequisite `pg_collation.dat.p'.
    Trying pattern rule with stem `pg_collation.dat'.
    Trying implicit prerequisite `pg_collation.dat.f'.
    Trying pattern rule with stem `pg_collation.dat'.
    Trying implicit prerequisite `pg_collation.dat.F'.
    Trying pattern rule with stem `pg_collation.dat'.
    Trying implicit prerequisite `pg_collation.dat.m'.
    Trying pattern rule with stem `pg_collation.dat'.
    Trying implicit prerequisite `pg_collation.dat.r'.
    Trying pattern rule with stem `pg_collation.dat'.
    Trying implicit prerequisite `pg_collation.dat.s'.
    Trying pattern rule with stem `pg_collation.dat'.
    Trying implicit prerequisite `pg_collation.dat.S'.
    Trying pattern rule with stem `pg_collation.dat'.
  Trying pattern rule with stem `Makefile.custom'.
    Trying implicit prerequisite `pg_collation.dat.mod'.
    Trying pattern rule with stem `pg_collation.dat.o'.
  Trying implicit prerequisite `../../../../src/Makefile.custom.cc'.
  Trying pattern rule with stem `Makefile.custom'.
    Trying implicit prerequisite `pg_collation.dat.o,v'.
    Trying pattern rule with stem `pg_collation.dat.o'.
  Trying implicit prerequisite `../../../../src/Makefile.custom.C'.
  Trying pattern rule with stem `Makefile.custom'.
    Trying implicit prerequisite `RCS/pg_collation.dat.o,v'.
    Trying pattern rule with stem `pg_collation.dat.o'.
  Trying implicit prerequisite `../../../../src/Makefile.custom.cpp'.
  Trying pattern rule with stem `Makefile.custom'.
    Trying implicit prerequisite `RCS/pg_collation.dat.o'.
    Trying pattern rule with stem `pg_collation.dat.o'.
    Trying implicit prerequisite `s.pg_collation.dat.o'.
  Trying implicit prerequisite `../../../../src/Makefile.custom.p'.
  Trying pattern rule with stem `Makefile.custom'.
  Trying implicit prerequisite `../../../../src/Makefile.custom.f'.
  Trying pattern rule with stem `Makefile.custom'.
  Trying implicit prerequisite `../../../../src/Makefile.custom.F'.
  Trying pattern rule with stem `Makefile.custom'.
    Trying pattern rule with stem `pg_collation.dat.o'.
  Trying implicit prerequisite `../../../../src/Makefile.custom.m'.
    Trying implicit prerequisite `SCCS/s.pg_collation.dat.o'.
    Trying pattern rule with stem `pg_collation.dat'.
  Trying pattern rule with stem `Makefile.custom'.
    Trying implicit prerequisite `pg_collation.dat.c'.
    Looking for a rule with intermediate file `pg_collation.dat.c'.
     Avoiding implicit rule recursion.
     Avoiding implicit rule recursion.
     Trying pattern rule with stem `pg_collation.dat'.
     Trying implicit prerequisite `pg_collation.dat.l'.
     Trying pattern rule with stem `pg_collation.dat'.
     Trying implicit prerequisite `pg_collation.dat.y'.
     Trying pattern rule with stem `pg_collation.dat'.
     Trying implicit prerequisite `pg_collation.dat.w'.
  Trying implicit prerequisite `../../../../src/Makefile.custom.r'.
     Trying pattern rule with stem `pg_collation.dat'.
  Trying pattern rule with stem `Makefile.custom'.
  Trying implicit prerequisite `../../../../src/Makefile.custom.s'.
  Trying pattern rule with stem `Makefile.custom'.
  Trying implicit prerequisite `../../../../src/Makefile.custom.S'.
     Trying implicit prerequisite `pg_collation.dat.w'.
     Trying pattern rule with stem `pg_collation.dat.c'.
     Trying implicit prerequisite `pg_collation.dat.c,v'.
     Trying pattern rule with stem `pg_collation.dat.c'.
     Trying implicit prerequisite `RCS/pg_collation.dat.c,v'.
     Trying pattern rule with stem `pg_collation.dat.c'.
     Trying implicit prerequisite `RCS/pg_collation.dat.c'.
  Trying pattern rule with stem `Makefile.custom'.
  Trying implicit prerequisite `../../../../src/Makefile.custom.mod'.
  Trying pattern rule with stem `Makefile.custom'.
  Trying implicit prerequisite `../../../../src/Makefile.custom.sh'.
  Trying pattern rule with stem `Makefile.custom'.
  Trying implicit prerequisite `../../../../src/Makefile.custom,v'.
  Trying pattern rule with stem `Makefile.custom'.
     Trying pattern rule with stem `pg_collation.dat.c'.
     Trying implicit prerequisite `s.pg_collation.dat.c'.
     Trying pattern rule with stem `pg_collation.dat.c'.
     Trying implicit prerequisite `SCCS/s.pg_collation.dat.c'.
  Trying implicit prerequisite `../../../../src/RCS/Makefile.custom,v'.
  Trying pattern rule with stem `Makefile.custom'.
  Trying implicit prerequisite `../../../../src/RCS/Makefile.custom'.
  Trying pattern rule with stem `Makefile.custom'.
     Trying pattern rule with stem `pg_collation.dat'.
     Trying implicit prerequisite `pg_collation.dat.l'.
     Looking for a rule with intermediate file `pg_collation.dat.l'.
      Avoiding implicit rule recursion.
  Trying implicit prerequisite `../../../../src/s.Makefile.custom'.
  Trying pattern rule with stem `Makefile.custom'.
  Trying implicit prerequisite `../../../../src/SCCS/s.Makefile.custom'.
      Avoiding implicit rule recursion.
      Avoiding implicit rule recursion.
  Trying pattern rule with stem `Makefile.custom'.
  Trying implicit prerequisite `../../../../src/Makefile.custom.o'.
  Looking for a rule with intermediate file `../../../../src/Makefile.custom.o'.
      Trying pattern rule with stem `pg_collation.dat.l'.
      Trying implicit prerequisite `pg_collation.dat.l,v'.
      Trying pattern rule with stem `pg_collation.dat.l'.
   Avoiding implicit rule recursion.
      Trying implicit prerequisite `RCS/pg_collation.dat.l,v'.
      Trying pattern rule with stem `pg_collation.dat.l'.
   Trying pattern rule with stem `Makefile.custom'.
   Trying implicit prerequisite `../../../../src/Makefile.custom.c'.
   Trying pattern rule with stem `Makefile.custom'.
      Trying implicit prerequisite `RCS/pg_collation.dat.l'.
      Trying pattern rule with stem `pg_collation.dat.l'.
   Trying implicit prerequisite `../../../../src/Makefile.custom.cc'.
   Trying pattern rule with stem `Makefile.custom'.
      Trying implicit prerequisite `s.pg_collation.dat.l'.
      Trying pattern rule with stem `pg_collation.dat.l'.
   Trying implicit prerequisite `../../../../src/Makefile.custom.C'.
      Trying implicit prerequisite `SCCS/s.pg_collation.dat.l'.
   Trying pattern rule with stem `Makefile.custom'.
   Trying implicit prerequisite `../../../../src/Makefile.custom.cpp'.
   Trying pattern rule with stem `Makefile.custom'.
   Trying implicit prerequisite `../../../../src/Makefile.custom.p'.
   Trying pattern rule with stem `Makefile.custom'.
   Trying implicit prerequisite `../../../../src/Makefile.custom.f'.
   Trying pattern rule with stem `Makefile.custom'.
   Trying implicit prerequisite `../../../../src/Makefile.custom.F'.
   Trying pattern rule with stem `Makefile.custom'.
   Trying implicit prerequisite `../../../../src/Makefile.custom.m'.
   Trying pattern rule with stem `Makefile.custom'.
   Trying implicit prerequisite `../../../../src/Makefile.custom.r'.
   Trying pattern rule with stem `Makefile.custom'.
   Trying implicit prerequisite `../../../../src/Makefile.custom.s'.
   Trying pattern rule with stem `Makefile.custom'.
   Trying implicit prerequisite `../../../../src/Makefile.custom.S'.
   Trying pattern rule with stem `Makefile.custom'.
   Trying implicit prerequisite `../../../../src/Makefile.custom.mod'.
   Trying pattern rule with stem `Makefile.custom.o'.
     Trying pattern rule with stem `pg_collation.dat'.
     Trying implicit prerequisite `pg_collation.dat.y'.
     Looking for a rule with intermediate file `pg_collation.dat.y'.
      Avoiding implicit rule recursion.
   Trying implicit prerequisite `../../../../src/Makefile.custom.o,v'.
   Trying pattern rule with stem `Makefile.custom.o'.
   Trying implicit prerequisite `../../../../src/RCS/Makefile.custom.o,v'.
   Trying pattern rule with stem `Makefile.custom.o'.
      Avoiding implicit rule recursion.
      Avoiding implicit rule recursion.
      Trying pattern rule with stem `pg_collation.dat.y'.
      Trying implicit prerequisite `pg_collation.dat.y,v'.
      Trying pattern rule with stem `pg_collation.dat.y'.
      Trying implicit prerequisite `RCS/pg_collation.dat.y,v'.
      Trying pattern rule with stem `pg_collation.dat.y'.
      Trying implicit prerequisite `RCS/pg_collation.dat.y'.
   Trying implicit prerequisite `../../../../src/RCS/Makefile.custom.o'.
   Trying pattern rule with stem `Makefile.custom.o'.
   Trying implicit prerequisite `../../../../src/s.Makefile.custom.o'.
   Trying pattern rule with stem `Makefile.custom.o'.
      Trying pattern rule with stem `pg_collation.dat.y'.
      Trying implicit prerequisite `s.pg_collation.dat.y'.
      Trying pattern rule with stem `pg_collation.dat.y'.
      Trying implicit prerequisite `SCCS/s.pg_collation.dat.y'.
     Trying pattern rule with stem `pg_collation.dat'.
   Trying implicit prerequisite `../../../../src/SCCS/s.Makefile.custom.o'.
   Trying pattern rule with stem `Makefile.custom'.
   Trying implicit prerequisite `../../../../src/Makefile.custom.c'.
   Looking for a rule with intermediate file `../../../../src/Makefile.custom.c'.
     Trying implicit prerequisite `pg_collation.dat.w'.
     Looking for a rule with intermediate file `pg_collation.dat.w'.
      Avoiding implicit rule recursion.
      Avoiding implicit rule recursion.
      Avoiding implicit rule recursion.
      Trying pattern rule with stem `pg_collation.dat.w'.
      Trying implicit prerequisite `pg_collation.dat.w,v'.
      Trying pattern rule with stem `pg_collation.dat.w'.
      Trying implicit prerequisite `RCS/pg_collation.dat.w,v'.
    Avoiding implicit rule recursion.
    Avoiding implicit rule recursion.
    Trying pattern rule with stem `Makefile.custom'.
    Trying implicit prerequisite `../../../../src/Makefile.custom.l'.
    Trying pattern rule with stem `Makefile.custom'.
    Trying implicit prerequisite `../../../../src/Makefile.custom.y'.
    Trying pattern rule with stem `Makefile.custom'.
    Trying implicit prerequisite `../../../../src/Makefile.custom.w'.
    Trying pattern rule with stem `Makefile.custom'.
    Trying implicit prerequisite `../../../../src/Makefile.custom.w'.
    Trying pattern rule with stem `Makefile.custom.c'.
      Trying pattern rule with stem `pg_collation.dat.w'.
      Trying implicit prerequisite `RCS/pg_collation.dat.w'.
      Trying pattern rule with stem `pg_collation.dat.w'.
    Trying implicit prerequisite `../../../../src/Makefile.custom.c,v'.
    Trying pattern rule with stem `Makefile.custom.c'.
    Trying implicit prerequisite `../../../../src/RCS/Makefile.custom.c,v'.
    Trying pattern rule with stem `Makefile.custom.c'.
      Trying implicit prerequisite `s.pg_collation.dat.w'.
      Trying pattern rule with stem `pg_collation.dat.w'.
      Trying implicit prerequisite `SCCS/s.pg_collation.dat.w'.
    Trying implicit prerequisite `../../../../src/RCS/Makefile.custom.c'.
    Trying pattern rule with stem `Makefile.custom.c'.
    Trying implicit prerequisite `../../../../src/s.Makefile.custom.c'.
    Trying pattern rule with stem `Makefile.custom.c'.
    Trying implicit prerequisite `../../../../src/SCCS/s.Makefile.custom.c'.
    Trying pattern rule with stem `Makefile.custom'.
    Trying implicit prerequisite `../../../../src/Makefile.custom.l'.
     Trying pattern rule with stem `pg_collation.dat'.
     Rejecting impossible implicit prerequisite `pg_collation.dat.w'.
    Trying pattern rule with stem `pg_collation.dat'.
    Looking for a rule with intermediate file `../../../../src/Makefile.custom.l'.
     Avoiding implicit rule recursion.
     Avoiding implicit rule recursion.
     Avoiding implicit rule recursion.
     Trying pattern rule with stem `Makefile.custom.l'.
     Trying implicit prerequisite `../../../../src/Makefile.custom.l,v'.
     Trying pattern rule with stem `Makefile.custom.l'.
     Trying implicit prerequisite `../../../../src/RCS/Makefile.custom.l,v'.
    Trying implicit prerequisite `pg_collation.dat.cc'.
    Looking for a rule with intermediate file `pg_collation.dat.cc'.
     Avoiding implicit rule recursion.
     Avoiding implicit rule recursion.
     Trying pattern rule with stem `pg_collation.dat.cc'.
     Trying implicit prerequisite `pg_collation.dat.cc,v'.
     Trying pattern rule with stem `pg_collation.dat.cc'.
     Trying implicit prerequisite `RCS/pg_collation.dat.cc,v'.
     Trying pattern rule with stem `pg_collation.dat.cc'.
     Trying implicit prerequisite `RCS/pg_collation.dat.cc'.
     Trying pattern rule with stem `pg_collation.dat.cc'.
     Trying implicit prerequisite `s.pg_collation.dat.cc'.
     Trying pattern rule with stem `pg_collation.dat.cc'.
     Trying implicit prerequisite `SCCS/s.pg_collation.dat.cc'.
    Trying pattern rule with stem `pg_collation.dat'.
    Trying implicit prerequisite `pg_collation.dat.C'.
     Trying pattern rule with stem `Makefile.custom.l'.
     Trying implicit prerequisite `../../../../src/RCS/Makefile.custom.l'.
     Trying pattern rule with stem `Makefile.custom.l'.
     Trying implicit prerequisite `../../../../src/s.Makefile.custom.l'.
     Trying pattern rule with stem `Makefile.custom.l'.
     Trying implicit prerequisite `../../../../src/SCCS/s.Makefile.custom.l'.
    Trying pattern rule with stem `Makefile.custom'.
    Looking for a rule with intermediate file `pg_collation.dat.C'.
     Avoiding implicit rule recursion.
     Avoiding implicit rule recursion.
     Trying pattern rule with stem `pg_collation.dat.C'.
    Trying implicit prerequisite `../../../../src/Makefile.custom.y'.
    Looking for a rule with intermediate file `../../../../src/Makefile.custom.y'.
     Avoiding implicit rule recursion.
     Avoiding implicit rule recursion.
     Avoiding implicit rule recursion.
     Trying implicit prerequisite `pg_collation.dat.C,v'.
     Trying pattern rule with stem `pg_collation.dat.C'.
     Trying implicit prerequisite `RCS/pg_collation.dat.C,v'.
     Trying pattern rule with stem `pg_collation.dat.C'.
     Trying pattern rule with stem `Makefile.custom.y'.
     Trying implicit prerequisite `../../../../src/Makefile.custom.y,v'.
     Trying pattern rule with stem `Makefile.custom.y'.
     Trying implicit prerequisite `../../../../src/RCS/Makefile.custom.y,v'.
     Trying pattern rule with stem `Makefile.custom.y'.
     Trying implicit prerequisite `../../../../src/RCS/Makefile.custom.y'.
     Trying pattern rule with stem `Makefile.custom.y'.
     Trying implicit prerequisite `RCS/pg_collation.dat.C'.
     Trying pattern rule with stem `pg_collation.dat.C'.
     Trying implicit prerequisite `s.pg_collation.dat.C'.
     Trying pattern rule with stem `pg_collation.dat.C'.
     Trying implicit prerequisite `../../../../src/s.Makefile.custom.y'.
     Trying pattern rule with stem `Makefile.custom.y'.
     Trying implicit prerequisite `../../../../src/SCCS/s.Makefile.custom.y'.
    Trying pattern rule with stem `Makefile.custom'.
    Trying implicit prerequisite `../../../../src/Makefile.custom.w'.
    Looking for a rule with intermediate file `../../../../src/Makefile.custom.w'.
     Avoiding implicit rule recursion.
     Avoiding implicit rule recursion.
     Avoiding implicit rule recursion.
     Trying pattern rule with stem `Makefile.custom.w'.
     Trying implicit prerequisite `../../../../src/Makefile.custom.w,v'.
     Trying pattern rule with stem `Makefile.custom.w'.
     Trying implicit prerequisite `../../../../src/RCS/Makefile.custom.w,v'.
     Trying pattern rule with stem `Makefile.custom.w'.
     Trying implicit prerequisite `../../../../src/RCS/Makefile.custom.w'.
     Trying pattern rule with stem `Makefile.custom.w'.
     Trying implicit prerequisite `../../../../src/s.Makefile.custom.w'.
     Trying pattern rule with stem `Makefile.custom.w'.
     Trying implicit prerequisite `../../../../src/SCCS/s.Makefile.custom.w'.
    Trying pattern rule with stem `Makefile.custom'.
     Trying implicit prerequisite `SCCS/s.pg_collation.dat.C'.
    Trying pattern rule with stem `pg_collation.dat'.
    Trying implicit prerequisite `pg_collation.dat.cpp'.
    Looking for a rule with intermediate file `pg_collation.dat.cpp'.
     Avoiding implicit rule recursion.
     Avoiding implicit rule recursion.
    Rejecting impossible implicit prerequisite `../../../../src/Makefile.custom.w'.
   Trying pattern rule with stem `Makefile.custom'.
   Trying implicit prerequisite `../../../../src/Makefile.custom.cc'.
   Looking for a rule with intermediate file `../../../../src/Makefile.custom.cc'.
    Avoiding implicit rule recursion.
    Avoiding implicit rule recursion.
    Trying pattern rule with stem `Makefile.custom.cc'.
    Trying implicit prerequisite `../../../../src/Makefile.custom.cc,v'.
    Trying pattern rule with stem `Makefile.custom.cc'.
    Trying implicit prerequisite `../../../../src/RCS/Makefile.custom.cc,v'.
    Trying pattern rule with stem `Makefile.custom.cc'.
     Trying pattern rule with stem `pg_collation.dat.cpp'.
     Trying implicit prerequisite `pg_collation.dat.cpp,v'.
     Trying pattern rule with stem `pg_collation.dat.cpp'.
     Trying implicit prerequisite `RCS/pg_collation.dat.cpp,v'.
     Trying pattern rule with stem `pg_collation.dat.cpp'.
     Trying implicit prerequisite `RCS/pg_collation.dat.cpp'.
     Trying pattern rule with stem `pg_collation.dat.cpp'.
     Trying implicit prerequisite `s.pg_collation.dat.cpp'.
     Trying pattern rule with stem `pg_collation.dat.cpp'.
    Trying implicit prerequisite `../../../../src/RCS/Makefile.custom.cc'.
    Trying pattern rule with stem `Makefile.custom.cc'.
     Trying implicit prerequisite `SCCS/s.pg_collation.dat.cpp'.
    Trying implicit prerequisite `../../../../src/s.Makefile.custom.cc'.
    Trying pattern rule with stem `Makefile.custom.cc'.
    Trying implicit prerequisite `../../../../src/SCCS/s.Makefile.custom.cc'.
   Trying pattern rule with stem `Makefile.custom'.
   Trying implicit prerequisite `../../../../src/Makefile.custom.C'.
   Looking for a rule with intermediate file `../../../../src/Makefile.custom.C'.
    Avoiding implicit rule recursion.
    Avoiding implicit rule recursion.
    Trying pattern rule with stem `Makefile.custom.C'.
    Trying pattern rule with stem `pg_collation.dat'.
    Trying implicit prerequisite `../../../../src/Makefile.custom.C,v'.
    Trying pattern rule with stem `Makefile.custom.C'.
    Trying implicit prerequisite `../../../../src/RCS/Makefile.custom.C,v'.
    Trying pattern rule with stem `Makefile.custom.C'.
    Trying implicit prerequisite `../../../../src/RCS/Makefile.custom.C'.
    Trying pattern rule with stem `Makefile.custom.C'.
    Trying implicit prerequisite `../../../../src/s.Makefile.custom.C'.
    Trying pattern rule with stem `Makefile.custom.C'.
    Trying implicit prerequisite `../../../../src/SCCS/s.Makefile.custom.C'.
    Trying implicit prerequisite `pg_collation.dat.p'.
    Looking for a rule with intermediate file `pg_collation.dat.p'.
     Avoiding implicit rule recursion.
     Avoiding implicit rule recursion.
     Trying pattern rule with stem `pg_collation.dat'.
   Trying pattern rule with stem `Makefile.custom'.
   Trying implicit prerequisite `../../../../src/Makefile.custom.cpp'.
   Looking for a rule with intermediate file `../../../../src/Makefile.custom.cpp'.
    Avoiding implicit rule recursion.
    Avoiding implicit rule recursion.
    Trying pattern rule with stem `Makefile.custom.cpp'.
    Trying implicit prerequisite `../../../../src/Makefile.custom.cpp,v'.
    Trying pattern rule with stem `Makefile.custom.cpp'.
     Trying implicit prerequisite `pg_collation.dat.web'.
     Trying pattern rule with stem `pg_collation.dat.p'.
     Trying implicit prerequisite `pg_collation.dat.p,v'.
     Trying pattern rule with stem `pg_collation.dat.p'.
    Trying implicit prerequisite `../../../../src/RCS/Makefile.custom.cpp,v'.
    Trying pattern rule with stem `Makefile.custom.cpp'.
    Trying implicit prerequisite `../../../../src/RCS/Makefile.custom.cpp'.
    Trying pattern rule with stem `Makefile.custom.cpp'.
    Trying implicit prerequisite `../../../../src/s.Makefile.custom.cpp'.
    Trying pattern rule with stem `Makefile.custom.cpp'.
    Trying implicit prerequisite `../../../../src/SCCS/s.Makefile.custom.cpp'.
     Trying implicit prerequisite `RCS/pg_collation.dat.p,v'.
     Trying pattern rule with stem `pg_collation.dat.p'.
     Trying implicit prerequisite `RCS/pg_collation.dat.p'.
     Trying pattern rule with stem `pg_collation.dat.p'.
   Trying pattern rule with stem `Makefile.custom'.
   Trying implicit prerequisite `../../../../src/Makefile.custom.p'.
   Looking for a rule with intermediate file `../../../../src/Makefile.custom.p'.
    Avoiding implicit rule recursion.
     Trying implicit prerequisite `s.pg_collation.dat.p'.
     Trying pattern rule with stem `pg_collation.dat.p'.
     Trying implicit prerequisite `SCCS/s.pg_collation.dat.p'.
     Trying pattern rule with stem `pg_collation.dat'.
     Trying implicit prerequisite `pg_collation.dat.web'.
     Looking for a rule with intermediate file `pg_collation.dat.web'.
      Avoiding implicit rule recursion.
      Avoiding implicit rule recursion.
      Avoiding implicit rule recursion.
      Trying pattern rule with stem `pg_collation.dat.web'.
      Trying implicit prerequisite `pg_collation.dat.web,v'.
      Trying pattern rule with stem `pg_collation.dat.web'.
      Trying implicit prerequisite `RCS/pg_collation.dat.web,v'.
      Trying pattern rule with stem `pg_collation.dat.web'.
      Trying implicit prerequisite `RCS/pg_collation.dat.web'.
      Trying pattern rule with stem `pg_collation.dat.web'.
      Trying implicit prerequisite `s.pg_collation.dat.web'.
      Trying pattern rule with stem `pg_collation.dat.web'.
      Trying implicit prerequisite `SCCS/s.pg_collation.dat.web'.
    Trying pattern rule with stem `pg_collation.dat'.
    Avoiding implicit rule recursion.
    Trying implicit prerequisite `pg_collation.dat.f'.
    Looking for a rule with intermediate file `pg_collation.dat.f'.
     Avoiding implicit rule recursion.
     Avoiding implicit rule recursion.
Reaping winning child 0x12d3045e0 PID 93778 
Removing child 0x12d3045e0 PID 93778 from chain.
Released token for child 0x12d3045e0 (errcodes.h).
    Trying pattern rule with stem `Makefile.custom'.
    Trying implicit prerequisite `../../../../src/Makefile.custom.web'.
    Trying pattern rule with stem `Makefile.custom.p'.
    Trying implicit prerequisite `../../../../src/Makefile.custom.p,v'.
Live child 0x12d304830 (probes.h) PID 93779 
Live child 0x12d108330 (fmgr-stamp) PID 93777 
Live child 0x12d106bd0 (submake-adt-headers) PID 93776 
Considering target file `generated-header-symlinks'.
    Trying pattern rule with stem `Makefile.custom.p'.
     Trying pattern rule with stem `pg_collation.dat'.
    Trying implicit prerequisite `../../../../src/RCS/Makefile.custom.p,v'.
     Trying implicit prerequisite `pg_collation.dat.F'.
     Trying pattern rule with stem `pg_collation.dat'.
     Trying implicit prerequisite `pg_collation.dat.r'.
     Trying pattern rule with stem `pg_collation.dat.f'.
     Trying implicit prerequisite `pg_collation.dat.f,v'.
     Trying pattern rule with stem `pg_collation.dat.f'.
    Trying pattern rule with stem `Makefile.custom.p'.
    Trying implicit prerequisite `../../../../src/RCS/Makefile.custom.p'.
    Trying pattern rule with stem `Makefile.custom.p'.
    Trying implicit prerequisite `../../../../src/s.Makefile.custom.p'.
     Trying implicit prerequisite `RCS/pg_collation.dat.f,v'.
     Trying pattern rule with stem `pg_collation.dat.f'.
    Trying pattern rule with stem `Makefile.custom.p'.
    Trying implicit prerequisite `../../../../src/SCCS/s.Makefile.custom.p'.
    Trying pattern rule with stem `Makefile.custom'.
    Trying implicit prerequisite `../../../../src/Makefile.custom.web'.
    Looking for a rule with intermediate file `../../../../src/Makefile.custom.web'.
     Avoiding implicit rule recursion.
     Avoiding implicit rule recursion.
     Avoiding implicit rule recursion.
 File `generated-header-symlinks' does not exist.
  Considering target file `submake-adt-headers'.
  Still updating file `submake-adt-headers'.
     Trying implicit prerequisite `RCS/pg_collation.dat.f'.
     Trying pattern rule with stem `pg_collation.dat.f'.
     Trying implicit prerequisite `s.pg_collation.dat.f'.
     Trying pattern rule with stem `pg_collation.dat.f'.
 Considering target file `../../../src/include/utils/header-stamp'.
  File `../../../src/include/utils/header-stamp' does not exist.
  Considering target file `fmgr-stamp'.
  Still updating file `fmgr-stamp'.
  Considering target file `errcodes.h'.
  File `errcodes.h' was considered already.
  Considering target file `probes.h'.
  Still updating file `probes.h'.
  Finished prerequisites of target file `../../../src/include/utils/header-stamp'.
 The prerequisites of `../../../src/include/utils/header-stamp' are being made.
 Pruning file `submake-adt-headers'.
 Finished prerequisites of target file `generated-header-symlinks'.
The prerequisites of `generated-header-symlinks' are being made.
Live child 0x12d304830 (probes.h) PID 93779 
Live child 0x12d108330 (fmgr-stamp) PID 93777 
Live child 0x12d106bd0 (submake-adt-headers) PID 93776 
     Trying pattern rule with stem `Makefile.custom.web'.
     Trying implicit prerequisite `../../../../src/Makefile.custom.web,v'.
     Trying pattern rule with stem `Makefile.custom.web'.
     Trying implicit prerequisite `../../../../src/RCS/Makefile.custom.web,v'.
     Trying pattern rule with stem `Makefile.custom.web'.
     Trying implicit prerequisite `../../../../src/RCS/Makefile.custom.web'.
     Trying pattern rule with stem `Makefile.custom.web'.
     Trying implicit prerequisite `../../../../src/s.Makefile.custom.web'.
     Trying pattern rule with stem `Makefile.custom.web'.
     Trying implicit prerequisite `../../../../src/SCCS/s.Makefile.custom.web'.
     Trying implicit prerequisite `SCCS/s.pg_collation.dat.f'.
     Trying pattern rule with stem `pg_collation.dat'.
   Trying pattern rule with stem `Makefile.custom'.
   Trying implicit prerequisite `../../../../src/Makefile.custom.f'.
   Looking for a rule with intermediate file `../../../../src/Makefile.custom.f'.
     Trying implicit prerequisite `pg_collation.dat.F'.
     Looking for a rule with intermediate file `pg_collation.dat.F'.
      Avoiding implicit rule recursion.
      Avoiding implicit rule recursion.
    Avoiding implicit rule recursion.
    Avoiding implicit rule recursion.
      Avoiding implicit rule recursion.
      Trying pattern rule with stem `pg_collation.dat.F'.
      Trying implicit prerequisite `pg_collation.dat.F,v'.
      Trying pattern rule with stem `pg_collation.dat.F'.
      Trying implicit prerequisite `RCS/pg_collation.dat.F,v'.
      Trying pattern rule with stem `pg_collation.dat.F'.
      Trying implicit prerequisite `RCS/pg_collation.dat.F'.
      Trying pattern rule with stem `pg_collation.dat.F'.
      Trying implicit prerequisite `s.pg_collation.dat.F'.
      Trying pattern rule with stem `pg_collation.dat.F'.
      Trying implicit prerequisite `SCCS/s.pg_collation.dat.F'.
     Trying pattern rule with stem `pg_collation.dat'.
    Trying pattern rule with stem `Makefile.custom'.
    Trying implicit prerequisite `../../../../src/Makefile.custom.F'.
    Trying pattern rule with stem `Makefile.custom'.
    Trying implicit prerequisite `../../../../src/Makefile.custom.r'.
    Trying pattern rule with stem `Makefile.custom.f'.
    Trying implicit prerequisite `../../../../src/Makefile.custom.f,v'.
    Trying pattern rule with stem `Makefile.custom.f'.
    Trying implicit prerequisite `../../../../src/RCS/Makefile.custom.f,v'.
    Trying pattern rule with stem `Makefile.custom.f'.
     Trying implicit prerequisite `pg_collation.dat.r'.
     Looking for a rule with intermediate file `pg_collation.dat.r'.
      Avoiding implicit rule recursion.
      Avoiding implicit rule recursion.
      Avoiding implicit rule recursion.
      Trying pattern rule with stem `pg_collation.dat'.
      Rejecting impossible implicit prerequisite `pg_collation.dat.l'.
      Trying pattern rule with stem `pg_collation.dat.r'.
      Trying implicit prerequisite `pg_collation.dat.r,v'.
    Trying implicit prerequisite `../../../../src/RCS/Makefile.custom.f'.
    Trying pattern rule with stem `Makefile.custom.f'.
      Trying pattern rule with stem `pg_collation.dat.r'.
      Trying implicit prerequisite `RCS/pg_collation.dat.r,v'.
      Trying pattern rule with stem `pg_collation.dat.r'.
      Trying implicit prerequisite `RCS/pg_collation.dat.r'.
    Trying implicit prerequisite `../../../../src/s.Makefile.custom.f'.
      Trying pattern rule with stem `pg_collation.dat.r'.
    Trying pattern rule with stem `Makefile.custom.f'.
      Trying implicit prerequisite `s.pg_collation.dat.r'.
      Trying pattern rule with stem `pg_collation.dat.r'.
    Trying implicit prerequisite `../../../../src/SCCS/s.Makefile.custom.f'.
    Trying pattern rule with stem `Makefile.custom'.
    Trying implicit prerequisite `../../../../src/Makefile.custom.F'.
    Looking for a rule with intermediate file `../../../../src/Makefile.custom.F'.
     Avoiding implicit rule recursion.
     Avoiding implicit rule recursion.
     Avoiding implicit rule recursion.
     Trying pattern rule with stem `Makefile.custom.F'.
     Trying implicit prerequisite `../../../../src/Makefile.custom.F,v'.
     Trying pattern rule with stem `Makefile.custom.F'.
     Trying implicit prerequisite `../../../../src/RCS/Makefile.custom.F,v'.
     Trying pattern rule with stem `Makefile.custom.F'.
      Trying implicit prerequisite `SCCS/s.pg_collation.dat.r'.
     Trying implicit prerequisite `../../../../src/RCS/Makefile.custom.F'.
     Trying pattern rule with stem `Makefile.custom.F'.
    Trying pattern rule with stem `pg_collation.dat'.
    Rejecting impossible implicit prerequisite `pg_collation.dat.F'.
    Trying pattern rule with stem `pg_collation.dat'.
     Trying implicit prerequisite `../../../../src/s.Makefile.custom.F'.
     Trying pattern rule with stem `Makefile.custom.F'.
    Trying implicit prerequisite `pg_collation.dat.m'.
    Looking for a rule with intermediate file `pg_collation.dat.m'.
     Avoiding implicit rule recursion.
     Avoiding implicit rule recursion.
     Trying implicit prerequisite `../../../../src/SCCS/s.Makefile.custom.F'.
    Trying pattern rule with stem `Makefile.custom'.
    Trying implicit prerequisite `../../../../src/Makefile.custom.r'.
    Looking for a rule with intermediate file `../../../../src/Makefile.custom.r'.
     Avoiding implicit rule recursion.
     Avoiding implicit rule recursion.
     Avoiding implicit rule recursion.
     Trying pattern rule with stem `pg_collation.dat'.
     Trying pattern rule with stem `Makefile.custom'.
     Trying implicit prerequisite `pg_collation.dat.ym'.
     Rejecting impossible implicit prerequisite `../../../../src/Makefile.custom.l'.
     Trying pattern rule with stem `pg_collation.dat'.
     Trying pattern rule with stem `Makefile.custom.r'.
     Trying implicit prerequisite `pg_collation.dat.lm'.
     Trying implicit prerequisite `../../../../src/Makefile.custom.r,v'.
     Trying pattern rule with stem `pg_collation.dat.m'.
     Trying pattern rule with stem `Makefile.custom.r'.
     Trying implicit prerequisite `pg_collation.dat.m,v'.
     Trying implicit prerequisite `../../../../src/RCS/Makefile.custom.r,v'.
     Trying pattern rule with stem `pg_collation.dat.m'.
     Trying pattern rule with stem `Makefile.custom.r'.
     Trying implicit prerequisite `RCS/pg_collation.dat.m,v'.
     Trying implicit prerequisite `../../../../src/RCS/Makefile.custom.r'.
     Trying pattern rule with stem `pg_collation.dat.m'.
     Trying pattern rule with stem `Makefile.custom.r'.
     Trying implicit prerequisite `RCS/pg_collation.dat.m'.
     Trying implicit prerequisite `../../../../src/s.Makefile.custom.r'.
     Trying pattern rule with stem `pg_collation.dat.m'.
     Trying pattern rule with stem `Makefile.custom.r'.
     Trying implicit prerequisite `s.pg_collation.dat.m'.
     Trying implicit prerequisite `../../../../src/SCCS/s.Makefile.custom.r'.
     Trying pattern rule with stem `pg_collation.dat.m'.
   Trying pattern rule with stem `Makefile.custom'.
     Trying implicit prerequisite `SCCS/s.pg_collation.dat.m'.
   Rejecting impossible implicit prerequisite `../../../../src/Makefile.custom.F'.
     Trying pattern rule with stem `pg_collation.dat'.
   Trying pattern rule with stem `Makefile.custom'.
     Trying implicit prerequisite `pg_collation.dat.ym'.
     Looking for a rule with intermediate file `pg_collation.dat.ym'.
      Avoiding implicit rule recursion.
   Trying implicit prerequisite `../../../../src/Makefile.custom.m'.
      Avoiding implicit rule recursion.
      Avoiding implicit rule recursion.
   Looking for a rule with intermediate file `../../../../src/Makefile.custom.m'.
      Trying pattern rule with stem `pg_collation.dat.ym'.
    Avoiding implicit rule recursion.
      Trying implicit prerequisite `pg_collation.dat.ym,v'.
    Avoiding implicit rule recursion.
      Trying pattern rule with stem `pg_collation.dat.ym'.
    Trying pattern rule with stem `Makefile.custom'.
      Trying implicit prerequisite `RCS/pg_collation.dat.ym,v'.
    Trying implicit prerequisite `../../../../src/Makefile.custom.ym'.
    Trying pattern rule with stem `Makefile.custom'.
Reaping winning child 0x12d304830 PID 93779 
Removing child 0x12d304830 PID 93779 from chain.
      Trying pattern rule with stem `pg_collation.dat.ym'.
Released token for child 0x12d304830 (probes.h).
    Trying implicit prerequisite `../../../../src/Makefile.custom.lm'.
      Trying implicit prerequisite `RCS/pg_collation.dat.ym'.
      Trying pattern rule with stem `pg_collation.dat.ym'.
      Trying implicit prerequisite `s.pg_collation.dat.ym'.
Live child 0x12d108330 (fmgr-stamp) PID 93777 
      Trying pattern rule with stem `pg_collation.dat.ym'.
      Trying implicit prerequisite `SCCS/s.pg_collation.dat.ym'.
     Trying pattern rule with stem `pg_collation.dat'.
Live child 0x12d106bd0 (submake-adt-headers) PID 93776 
    Trying pattern rule with stem `Makefile.custom.m'.
    Trying implicit prerequisite `../../../../src/Makefile.custom.m,v'.
    Trying pattern rule with stem `Makefile.custom.m'.
     Trying implicit prerequisite `pg_collation.dat.lm'.
Considering target file `generated-header-symlinks'.
 File `generated-header-symlinks' does not exist.
    Trying implicit prerequisite `../../../../src/RCS/Makefile.custom.m,v'.
     Looking for a rule with intermediate file `pg_collation.dat.lm'.
      Avoiding implicit rule recursion.
  Considering target file `submake-adt-headers'.
    Trying pattern rule with stem `Makefile.custom.m'.
    Trying implicit prerequisite `../../../../src/RCS/Makefile.custom.m'.
    Trying pattern rule with stem `Makefile.custom.m'.
    Trying implicit prerequisite `../../../../src/s.Makefile.custom.m'.
      Avoiding implicit rule recursion.
    Trying pattern rule with stem `Makefile.custom.m'.
      Avoiding implicit rule recursion.
    Trying implicit prerequisite `../../../../src/SCCS/s.Makefile.custom.m'.
    Trying pattern rule with stem `Makefile.custom'.
      Trying pattern rule with stem `pg_collation.dat.lm'.
  Still updating file `submake-adt-headers'.
 Considering target file `../../../src/include/utils/header-stamp'.
    Trying implicit prerequisite `../../../../src/Makefile.custom.ym'.
  File `../../../src/include/utils/header-stamp' does not exist.
  Considering target file `fmgr-stamp'.
    Looking for a rule with intermediate file `../../../../src/Makefile.custom.ym'.
  Still updating file `fmgr-stamp'.
  Considering target file `errcodes.h'.
      Trying implicit prerequisite `pg_collation.dat.lm,v'.
  File `errcodes.h' was considered already.
  Considering target file `probes.h'.
      Trying pattern rule with stem `pg_collation.dat.lm'.
  File `probes.h' was considered already.
  Finished prerequisites of target file `../../../src/include/utils/header-stamp'.
 The prerequisites of `../../../src/include/utils/header-stamp' are being made.
 Pruning file `submake-adt-headers'.
 Finished prerequisites of target file `generated-header-symlinks'.
      Trying implicit prerequisite `RCS/pg_collation.dat.lm,v'.
The prerequisites of `generated-header-symlinks' are being made.
Live child 0x12d108330 (fmgr-stamp) PID 93777 
     Avoiding implicit rule recursion.
Live child 0x12d106bd0 (submake-adt-headers) PID 93776 
     Avoiding implicit rule recursion.
      Trying pattern rule with stem `pg_collation.dat.lm'.
     Avoiding implicit rule recursion.
      Trying implicit prerequisite `RCS/pg_collation.dat.lm'.
      Trying pattern rule with stem `pg_collation.dat.lm'.
      Trying implicit prerequisite `s.pg_collation.dat.lm'.
      Trying pattern rule with stem `pg_collation.dat.lm'.
      Trying implicit prerequisite `SCCS/s.pg_collation.dat.lm'.
    Trying pattern rule with stem `pg_collation.dat'.
    Rejecting impossible implicit prerequisite `pg_collation.dat.r'.
     Trying pattern rule with stem `Makefile.custom.ym'.
    Trying pattern rule with stem `pg_collation.dat'.
    Trying implicit prerequisite `pg_collation.dat.s'.
    Looking for a rule with intermediate file `pg_collation.dat.s'.
     Avoiding implicit rule recursion.
     Trying implicit prerequisite `../../../../src/Makefile.custom.ym,v'.
     Avoiding implicit rule recursion.
     Trying pattern rule with stem `pg_collation.dat'.
     Trying implicit prerequisite `pg_collation.dat.S'.
     Trying pattern rule with stem `Makefile.custom.ym'.
     Trying pattern rule with stem `pg_collation.dat.s'.
     Trying implicit prerequisite `../../../../src/RCS/Makefile.custom.ym,v'.
     Trying implicit prerequisite `pg_collation.dat.s,v'.
     Trying pattern rule with stem `Makefile.custom.ym'.
     Trying pattern rule with stem `pg_collation.dat.s'.
     Trying implicit prerequisite `../../../../src/RCS/Makefile.custom.ym'.
     Trying implicit prerequisite `RCS/pg_collation.dat.s,v'.
     Trying pattern rule with stem `Makefile.custom.ym'.
     Trying pattern rule with stem `pg_collation.dat.s'.
     Trying implicit prerequisite `../../../../src/s.Makefile.custom.ym'.
     Trying implicit prerequisite `RCS/pg_collation.dat.s'.
     Trying pattern rule with stem `Makefile.custom.ym'.
     Trying pattern rule with stem `pg_collation.dat.s'.
     Trying implicit prerequisite `../../../../src/SCCS/s.Makefile.custom.ym'.
     Trying implicit prerequisite `s.pg_collation.dat.s'.
    Trying pattern rule with stem `Makefile.custom'.
     Trying pattern rule with stem `pg_collation.dat.s'.
    Trying implicit prerequisite `../../../../src/Makefile.custom.lm'.
    Looking for a rule with intermediate file `../../../../src/Makefile.custom.lm'.
     Trying implicit prerequisite `SCCS/s.pg_collation.dat.s'.
     Avoiding implicit rule recursion.
     Avoiding implicit rule recursion.
     Avoiding implicit rule recursion.
     Trying pattern rule with stem `pg_collation.dat'.
     Trying pattern rule with stem `Makefile.custom.lm'.
     Trying implicit prerequisite `../../../../src/Makefile.custom.lm,v'.
     Trying implicit prerequisite `pg_collation.dat.S'.
     Trying pattern rule with stem `Makefile.custom.lm'.
     Looking for a rule with intermediate file `pg_collation.dat.S'.
     Trying implicit prerequisite `../../../../src/RCS/Makefile.custom.lm,v'.
     Trying pattern rule with stem `Makefile.custom.lm'.
     Trying implicit prerequisite `../../../../src/RCS/Makefile.custom.lm'.
     Trying pattern rule with stem `Makefile.custom.lm'.
      Avoiding implicit rule recursion.
     Trying implicit prerequisite `../../../../src/s.Makefile.custom.lm'.
      Avoiding implicit rule recursion.
     Trying pattern rule with stem `Makefile.custom.lm'.
      Avoiding implicit rule recursion.
     Trying implicit prerequisite `../../../../src/SCCS/s.Makefile.custom.lm'.
      Trying pattern rule with stem `pg_collation.dat.S'.
   Trying pattern rule with stem `Makefile.custom'.
   Rejecting impossible implicit prerequisite `../../../../src/Makefile.custom.r'.
      Trying implicit prerequisite `pg_collation.dat.S,v'.
   Trying pattern rule with stem `Makefile.custom'.
   Trying implicit prerequisite `../../../../src/Makefile.custom.s'.
   Looking for a rule with intermediate file `../../../../src/Makefile.custom.s'.
    Avoiding implicit rule recursion.
    Avoiding implicit rule recursion.
      Trying pattern rule with stem `pg_collation.dat.S'.
    Trying pattern rule with stem `Makefile.custom'.
    Trying implicit prerequisite `../../../../src/Makefile.custom.S'.
      Trying implicit prerequisite `RCS/pg_collation.dat.S,v'.
    Trying pattern rule with stem `Makefile.custom.s'.
    Trying implicit prerequisite `../../../../src/Makefile.custom.s,v'.
    Trying pattern rule with stem `Makefile.custom.s'.
      Trying pattern rule with stem `pg_collation.dat.S'.
    Trying implicit prerequisite `../../../../src/RCS/Makefile.custom.s,v'.
    Trying pattern rule with stem `Makefile.custom.s'.
      Trying implicit prerequisite `RCS/pg_collation.dat.S'.
    Trying implicit prerequisite `../../../../src/RCS/Makefile.custom.s'.
    Trying pattern rule with stem `Makefile.custom.s'.
    Trying implicit prerequisite `../../../../src/s.Makefile.custom.s'.
      Trying pattern rule with stem `pg_collation.dat.S'.
    Trying pattern rule with stem `Makefile.custom.s'.
    Trying implicit prerequisite `../../../../src/SCCS/s.Makefile.custom.s'.
      Trying implicit prerequisite `s.pg_collation.dat.S'.
    Trying pattern rule with stem `Makefile.custom'.
    Trying implicit prerequisite `../../../../src/Makefile.custom.S'.
    Looking for a rule with intermediate file `../../../../src/Makefile.custom.S'.
     Avoiding implicit rule recursion.
     Avoiding implicit rule recursion.
      Trying pattern rule with stem `pg_collation.dat.S'.
     Avoiding implicit rule recursion.
     Trying pattern rule with stem `Makefile.custom.S'.
      Trying implicit prerequisite `SCCS/s.pg_collation.dat.S'.
     Trying implicit prerequisite `../../../../src/Makefile.custom.S,v'.
     Trying pattern rule with stem `Makefile.custom.S'.
     Trying implicit prerequisite `../../../../src/RCS/Makefile.custom.S,v'.
     Trying pattern rule with stem `Makefile.custom.S'.
     Trying implicit prerequisite `../../../../src/RCS/Makefile.custom.S'.
    Trying pattern rule with stem `pg_collation.dat'.
     Trying pattern rule with stem `Makefile.custom.S'.
     Trying implicit prerequisite `../../../../src/s.Makefile.custom.S'.
    Rejecting impossible implicit prerequisite `pg_collation.dat.S'.
     Trying pattern rule with stem `Makefile.custom.S'.
    Trying pattern rule with stem `pg_collation.dat'.
     Trying implicit prerequisite `../../../../src/SCCS/s.Makefile.custom.S'.
   Trying pattern rule with stem `Makefile.custom'.
   Rejecting impossible implicit prerequisite `../../../../src/Makefile.custom.S'.
    Trying implicit prerequisite `pg_collation.dat.mod'.
   Trying pattern rule with stem `Makefile.custom'.
    Looking for a rule with intermediate file `pg_collation.dat.mod'.
   Trying implicit prerequisite `../../../../src/Makefile.custom.mod'.
   Looking for a rule with intermediate file `../../../../src/Makefile.custom.mod'.
    Avoiding implicit rule recursion.
     Avoiding implicit rule recursion.
    Avoiding implicit rule recursion.
     Avoiding implicit rule recursion.
    Trying pattern rule with stem `Makefile.custom.mod'.
    Trying implicit prerequisite `../../../../src/Makefile.custom.mod,v'.
    Trying pattern rule with stem `Makefile.custom.mod'.
     Trying pattern rule with stem `pg_collation.dat.mod'.
    Trying implicit prerequisite `../../../../src/RCS/Makefile.custom.mod,v'.
    Trying pattern rule with stem `Makefile.custom.mod'.
     Trying implicit prerequisite `pg_collation.dat.mod,v'.
    Trying implicit prerequisite `../../../../src/RCS/Makefile.custom.mod'.
    Trying pattern rule with stem `Makefile.custom.mod'.
    Trying implicit prerequisite `../../../../src/s.Makefile.custom.mod'.
     Trying pattern rule with stem `pg_collation.dat.mod'.
    Trying pattern rule with stem `Makefile.custom.mod'.
    Trying implicit prerequisite `../../../../src/SCCS/s.Makefile.custom.mod'.
     Trying implicit prerequisite `RCS/pg_collation.dat.mod,v'.
  Trying pattern rule with stem `Makefile.custom'.
  Rejecting impossible implicit prerequisite `../../../../src/Makefile.custom.cc'.
  Trying pattern rule with stem `Makefile.custom'.
     Trying pattern rule with stem `pg_collation.dat.mod'.
  Rejecting impossible implicit prerequisite `../../../../src/Makefile.custom.C'.
  Trying pattern rule with stem `Makefile.custom'.
     Trying implicit prerequisite `RCS/pg_collation.dat.mod'.
  Rejecting impossible implicit prerequisite `../../../../src/Makefile.custom.cpp'.
  Trying pattern rule with stem `Makefile.custom'.
     Trying pattern rule with stem `pg_collation.dat.mod'.
  Rejecting impossible implicit prerequisite `../../../../src/Makefile.custom.p'.
  Trying pattern rule with stem `Makefile.custom'.
  Rejecting impossible implicit prerequisite `../../../../src/Makefile.custom.f'.
  Trying pattern rule with stem `Makefile.custom'.
     Trying implicit prerequisite `s.pg_collation.dat.mod'.
  Rejecting impossible implicit prerequisite `../../../../src/Makefile.custom.F'.
  Trying pattern rule with stem `Makefile.custom'.
  Rejecting impossible implicit prerequisite `../../../../src/Makefile.custom.m'.
  Trying pattern rule with stem `Makefile.custom'.
  Rejecting impossible implicit prerequisite `../../../../src/Makefile.custom.r'.
  Trying pattern rule with stem `Makefile.custom'.
     Trying pattern rule with stem `pg_collation.dat.mod'.
  Rejecting impossible implicit prerequisite `../../../../src/Makefile.custom.s'.
  Trying pattern rule with stem `Makefile.custom'.
  Rejecting impossible implicit prerequisite `../../../../src/Makefile.custom.S'.
  Trying pattern rule with stem `Makefile.custom'.
     Trying implicit prerequisite `SCCS/s.pg_collation.dat.mod'.
  Rejecting impossible implicit prerequisite `../../../../src/Makefile.custom.mod'.
  Trying pattern rule with stem `Makefile.custom'.
  Trying implicit prerequisite `../../../../src/Makefile.custom.sh'.
   Trying pattern rule with stem `pg_collation.dat'.
  Looking for a rule with intermediate file `../../../../src/Makefile.custom.sh'.
   Avoiding implicit rule recursion.
   Rejecting impossible implicit prerequisite `pg_collation.dat.cc'.
   Trying pattern rule with stem `Makefile.custom.sh'.
   Trying pattern rule with stem `pg_collation.dat'.
   Trying implicit prerequisite `../../../../src/Makefile.custom.sh,v'.
   Trying pattern rule with stem `Makefile.custom.sh'.
   Rejecting impossible implicit prerequisite `pg_collation.dat.C'.
   Trying implicit prerequisite `../../../../src/RCS/Makefile.custom.sh,v'.
   Trying pattern rule with stem `Makefile.custom.sh'.
   Trying implicit prerequisite `../../../../src/RCS/Makefile.custom.sh'.
   Trying pattern rule with stem `pg_collation.dat'.
   Trying pattern rule with stem `Makefile.custom.sh'.
   Trying implicit prerequisite `../../../../src/s.Makefile.custom.sh'.
   Rejecting impossible implicit prerequisite `pg_collation.dat.cpp'.
   Trying pattern rule with stem `Makefile.custom.sh'.
   Trying pattern rule with stem `pg_collation.dat'.
   Trying implicit prerequisite `../../../../src/SCCS/s.Makefile.custom.sh'.
  No implicit rule found for `../../../../src/Makefile.custom'.
  Finished prerequisites of target file `../../../../src/Makefile.custom'.
   Rejecting impossible implicit prerequisite `pg_collation.dat.p'.
 Must remake target `../../../../src/Makefile.custom'.
 Failed to remake target file `../../../../src/Makefile.custom'.
 Considering target file `../../../../src/Makefile.port'.
   Trying pattern rule with stem `pg_collation.dat'.
  Looking for an implicit rule for `../../../../src/Makefile.port'.
  Trying pattern rule with stem `Makefile.port'.
  Trying implicit prerequisite `../../../../src/Makefile.port.o'.
   Rejecting impossible implicit prerequisite `pg_collation.dat.f'.
  Trying pattern rule with stem `Makefile.port'.
   Trying pattern rule with stem `pg_collation.dat'.
  Trying implicit prerequisite `../../../../src/Makefile.port.cc'.
  Trying pattern rule with stem `Makefile.port'.
   Rejecting impossible implicit prerequisite `pg_collation.dat.F'.
  Trying implicit prerequisite `../../../../src/Makefile.port.C'.
  Trying pattern rule with stem `Makefile.port'.
  Trying implicit prerequisite `../../../../src/Makefile.port.cpp'.
   Trying pattern rule with stem `pg_collation.dat'.
  Trying pattern rule with stem `Makefile.port'.
  Trying implicit prerequisite `../../../../src/Makefile.port.p'.
   Rejecting impossible implicit prerequisite `pg_collation.dat.m'.
  Trying pattern rule with stem `Makefile.port'.
  Trying implicit prerequisite `../../../../src/Makefile.port.f'.
  Trying pattern rule with stem `Makefile.port'.
   Trying pattern rule with stem `pg_collation.dat'.
  Trying implicit prerequisite `../../../../src/Makefile.port.F'.
  Trying pattern rule with stem `Makefile.port'.
   Rejecting impossible implicit prerequisite `pg_collation.dat.r'.
  Trying implicit prerequisite `../../../../src/Makefile.port.m'.
  Trying pattern rule with stem `Makefile.port'.
  Trying implicit prerequisite `../../../../src/Makefile.port.r'.
   Trying pattern rule with stem `pg_collation.dat'.
  Trying pattern rule with stem `Makefile.port'.
  Trying implicit prerequisite `../../../../src/Makefile.port.s'.
   Rejecting impossible implicit prerequisite `pg_collation.dat.s'.
  Trying pattern rule with stem `Makefile.port'.
  Trying implicit prerequisite `../../../../src/Makefile.port.S'.
  Trying pattern rule with stem `Makefile.port'.
   Trying pattern rule with stem `pg_collation.dat'.
  Trying implicit prerequisite `../../../../src/Makefile.port.mod'.
  Trying pattern rule with stem `Makefile.port'.
   Rejecting impossible implicit prerequisite `pg_collation.dat.S'.
  Trying implicit prerequisite `../../../../src/Makefile.port.sh'.
  Trying pattern rule with stem `Makefile.port'.
  Trying implicit prerequisite `../../../../src/Makefile.port,v'.
   Trying pattern rule with stem `pg_collation.dat'.
  Trying pattern rule with stem `Makefile.port'.
  Trying implicit prerequisite `../../../../src/RCS/Makefile.port,v'.
   Rejecting impossible implicit prerequisite `pg_collation.dat.mod'.
  Trying pattern rule with stem `Makefile.port'.
   Trying pattern rule with stem `pg_collation.dat'.
  Trying implicit prerequisite `../../../../src/RCS/Makefile.port'.
  Trying pattern rule with stem `Makefile.port'.
   Trying implicit prerequisite `pg_collation.dat.sh'.
  Trying implicit prerequisite `../../../../src/s.Makefile.port'.
  Trying pattern rule with stem `Makefile.port'.
  Trying implicit prerequisite `../../../../src/SCCS/s.Makefile.port'.
   Looking for a rule with intermediate file `pg_collation.dat.sh'.
  Trying pattern rule with stem `Makefile.port'.
  Trying implicit prerequisite `../../../../src/Makefile.port.o'.
  Looking for a rule with intermediate file `../../../../src/Makefile.port.o'.
   Avoiding implicit rule recursion.
    Avoiding implicit rule recursion.
   Trying pattern rule with stem `Makefile.port'.
   Trying implicit prerequisite `../../../../src/Makefile.port.c'.
   Trying pattern rule with stem `Makefile.port'.
    Trying pattern rule with stem `pg_collation.dat.sh'.
   Trying implicit prerequisite `../../../../src/Makefile.port.cc'.
   Trying pattern rule with stem `Makefile.port'.
    Trying implicit prerequisite `pg_collation.dat.sh,v'.
   Trying implicit prerequisite `../../../../src/Makefile.port.C'.
   Trying pattern rule with stem `Makefile.port'.
   Trying implicit prerequisite `../../../../src/Makefile.port.cpp'.
    Trying pattern rule with stem `pg_collation.dat.sh'.
   Trying pattern rule with stem `Makefile.port'.
   Trying implicit prerequisite `../../../../src/Makefile.port.p'.
    Trying implicit prerequisite `RCS/pg_collation.dat.sh,v'.
   Trying pattern rule with stem `Makefile.port'.
   Trying implicit prerequisite `../../../../src/Makefile.port.f'.
   Trying pattern rule with stem `Makefile.port'.
    Trying pattern rule with stem `pg_collation.dat.sh'.
   Trying implicit prerequisite `../../../../src/Makefile.port.F'.
   Trying pattern rule with stem `Makefile.port'.
    Trying implicit prerequisite `RCS/pg_collation.dat.sh'.
   Trying implicit prerequisite `../../../../src/Makefile.port.m'.
   Trying pattern rule with stem `Makefile.port'.
   Trying implicit prerequisite `../../../../src/Makefile.port.r'.
    Trying pattern rule with stem `pg_collation.dat.sh'.
   Trying pattern rule with stem `Makefile.port'.
   Trying implicit prerequisite `../../../../src/Makefile.port.s'.
    Trying implicit prerequisite `s.pg_collation.dat.sh'.
   Trying pattern rule with stem `Makefile.port'.
   Trying implicit prerequisite `../../../../src/Makefile.port.S'.
   Trying pattern rule with stem `Makefile.port'.
    Trying pattern rule with stem `pg_collation.dat.sh'.
   Trying implicit prerequisite `../../../../src/Makefile.port.mod'.
   Trying pattern rule with stem `Makefile.port.o'.
    Trying implicit prerequisite `SCCS/s.pg_collation.dat.sh'.
   Trying implicit prerequisite `../../../../src/Makefile.port.o,v'.
   Trying pattern rule with stem `Makefile.port.o'.
   Trying implicit prerequisite `../../../../src/RCS/Makefile.port.o,v'.
   Trying pattern rule with stem `Makefile.port.o'.
   No implicit rule found for `pg_collation.dat'.
   Trying implicit prerequisite `../../../../src/RCS/Makefile.port.o'.
   Trying pattern rule with stem `Makefile.port.o'.
   Trying implicit prerequisite `../../../../src/s.Makefile.port.o'.
   Trying pattern rule with stem `Makefile.port.o'.
   Trying implicit prerequisite `../../../../src/SCCS/s.Makefile.port.o'.
   Trying pattern rule with stem `Makefile.port'.
   Trying implicit prerequisite `../../../../src/Makefile.port.c'.
   Looking for a rule with intermediate file `../../../../src/Makefile.port.c'.
    Avoiding implicit rule recursion.
    Avoiding implicit rule recursion.
   Looking for an implicit rule for `pg_conversion.dat'.
    Trying pattern rule with stem `Makefile.port'.
    Trying implicit prerequisite `../../../../src/Makefile.port.l'.
    Trying pattern rule with stem `Makefile.port'.
    Trying implicit prerequisite `../../../../src/Makefile.port.y'.
   Trying pattern rule with stem `pg_conversion.dat'.
    Trying pattern rule with stem `Makefile.port'.
    Trying implicit prerequisite `../../../../src/Makefile.port.w'.
    Trying pattern rule with stem `Makefile.port'.
    Trying implicit prerequisite `../../../../src/Makefile.port.w'.
    Trying pattern rule with stem `Makefile.port.c'.
   Trying implicit prerequisite `pg_conversion.dat.o'.
    Trying implicit prerequisite `../../../../src/Makefile.port.c,v'.
    Trying pattern rule with stem `Makefile.port.c'.
    Trying implicit prerequisite `../../../../src/RCS/Makefile.port.c,v'.
   Trying pattern rule with stem `pg_conversion.dat'.
    Trying pattern rule with stem `Makefile.port.c'.
    Trying implicit prerequisite `../../../../src/RCS/Makefile.port.c'.
   Trying implicit prerequisite `pg_conversion.dat.cc'.
    Trying pattern rule with stem `Makefile.port.c'.
    Trying implicit prerequisite `../../../../src/s.Makefile.port.c'.
    Trying pattern rule with stem `Makefile.port.c'.
   Trying pattern rule with stem `pg_conversion.dat'.
    Trying implicit prerequisite `../../../../src/SCCS/s.Makefile.port.c'.
    Trying pattern rule with stem `Makefile.port'.
   Trying implicit prerequisite `pg_conversion.dat.C'.
    Trying implicit prerequisite `../../../../src/Makefile.port.l'.
    Looking for a rule with intermediate file `../../../../src/Makefile.port.l'.
     Avoiding implicit rule recursion.
     Avoiding implicit rule recursion.
     Avoiding implicit rule recursion.
   Trying pattern rule with stem `pg_conversion.dat'.
     Trying pattern rule with stem `Makefile.port.l'.
   Trying implicit prerequisite `pg_conversion.dat.cpp'.
     Trying implicit prerequisite `../../../../src/Makefile.port.l,v'.
     Trying pattern rule with stem `Makefile.port.l'.
     Trying implicit prerequisite `../../../../src/RCS/Makefile.port.l,v'.
   Trying pattern rule with stem `pg_conversion.dat'.
     Trying pattern rule with stem `Makefile.port.l'.
     Trying implicit prerequisite `../../../../src/RCS/Makefile.port.l'.
   Trying implicit prerequisite `pg_conversion.dat.p'.
     Trying pattern rule with stem `Makefile.port.l'.
     Trying implicit prerequisite `../../../../src/s.Makefile.port.l'.
     Trying pattern rule with stem `Makefile.port.l'.
   Trying pattern rule with stem `pg_conversion.dat'.
     Trying implicit prerequisite `../../../../src/SCCS/s.Makefile.port.l'.
    Trying pattern rule with stem `Makefile.port'.
    Trying implicit prerequisite `../../../../src/Makefile.port.y'.
   Trying implicit prerequisite `pg_conversion.dat.f'.
    Looking for a rule with intermediate file `../../../../src/Makefile.port.y'.
     Avoiding implicit rule recursion.
     Avoiding implicit rule recursion.
     Avoiding implicit rule recursion.
     Trying pattern rule with stem `Makefile.port.y'.
   Trying pattern rule with stem `pg_conversion.dat'.
     Trying implicit prerequisite `../../../../src/Makefile.port.y,v'.
     Trying pattern rule with stem `Makefile.port.y'.
   Trying implicit prerequisite `pg_conversion.dat.F'.
     Trying implicit prerequisite `../../../../src/RCS/Makefile.port.y,v'.
     Trying pattern rule with stem `Makefile.port.y'.
     Trying implicit prerequisite `../../../../src/RCS/Makefile.port.y'.
   Trying pattern rule with stem `pg_conversion.dat'.
     Trying pattern rule with stem `Makefile.port.y'.
     Trying implicit prerequisite `../../../../src/s.Makefile.port.y'.
   Trying implicit prerequisite `pg_conversion.dat.m'.
     Trying pattern rule with stem `Makefile.port.y'.
     Trying implicit prerequisite `../../../../src/SCCS/s.Makefile.port.y'.
    Trying pattern rule with stem `Makefile.port'.
    Trying implicit prerequisite `../../../../src/Makefile.port.w'.
   Trying pattern rule with stem `pg_conversion.dat'.
    Looking for a rule with intermediate file `../../../../src/Makefile.port.w'.
     Avoiding implicit rule recursion.
   Trying implicit prerequisite `pg_conversion.dat.r'.
     Avoiding implicit rule recursion.
     Avoiding implicit rule recursion.
     Trying pattern rule with stem `Makefile.port.w'.
   Trying pattern rule with stem `pg_conversion.dat'.
     Trying implicit prerequisite `../../../../src/Makefile.port.w,v'.
     Trying pattern rule with stem `Makefile.port.w'.
   Trying implicit prerequisite `pg_conversion.dat.s'.
     Trying implicit prerequisite `../../../../src/RCS/Makefile.port.w,v'.
     Trying pattern rule with stem `Makefile.port.w'.
     Trying implicit prerequisite `../../../../src/RCS/Makefile.port.w'.
   Trying pattern rule with stem `pg_conversion.dat'.
     Trying pattern rule with stem `Makefile.port.w'.
     Trying implicit prerequisite `../../../../src/s.Makefile.port.w'.
     Trying pattern rule with stem `Makefile.port.w'.
   Trying implicit prerequisite `pg_conversion.dat.S'.
     Trying implicit prerequisite `../../../../src/SCCS/s.Makefile.port.w'.
    Trying pattern rule with stem `Makefile.port'.
    Rejecting impossible implicit prerequisite `../../../../src/Makefile.port.w'.
   Trying pattern rule with stem `Makefile.port'.
   Trying pattern rule with stem `pg_conversion.dat'.
   Trying implicit prerequisite `../../../../src/Makefile.port.cc'.
   Looking for a rule with intermediate file `../../../../src/Makefile.port.cc'.
    Avoiding implicit rule recursion.
    Avoiding implicit rule recursion.
   Trying implicit prerequisite `pg_conversion.dat.mod'.
    Trying pattern rule with stem `Makefile.port.cc'.
   Trying pattern rule with stem `pg_conversion.dat'.
    Trying implicit prerequisite `../../../../src/Makefile.port.cc,v'.
    Trying pattern rule with stem `Makefile.port.cc'.
   Trying implicit prerequisite `pg_conversion.dat.sh'.
    Trying implicit prerequisite `../../../../src/RCS/Makefile.port.cc,v'.
    Trying pattern rule with stem `Makefile.port.cc'.
    Trying implicit prerequisite `../../../../src/RCS/Makefile.port.cc'.
   Trying pattern rule with stem `pg_conversion.dat'.
    Trying pattern rule with stem `Makefile.port.cc'.
    Trying implicit prerequisite `../../../../src/s.Makefile.port.cc'.
   Trying implicit prerequisite `pg_conversion.dat,v'.
    Trying pattern rule with stem `Makefile.port.cc'.
    Trying implicit prerequisite `../../../../src/SCCS/s.Makefile.port.cc'.
   Trying pattern rule with stem `Makefile.port'.
   Trying pattern rule with stem `pg_conversion.dat'.
   Trying implicit prerequisite `../../../../src/Makefile.port.C'.
   Looking for a rule with intermediate file `../../../../src/Makefile.port.C'.
    Avoiding implicit rule recursion.
    Avoiding implicit rule recursion.
   Trying implicit prerequisite `RCS/pg_conversion.dat,v'.
    Trying pattern rule with stem `Makefile.port.C'.
   Trying pattern rule with stem `pg_conversion.dat'.
    Trying implicit prerequisite `../../../../src/Makefile.port.C,v'.
    Trying pattern rule with stem `Makefile.port.C'.
   Trying implicit prerequisite `RCS/pg_conversion.dat'.
    Trying implicit prerequisite `../../../../src/RCS/Makefile.port.C,v'.
    Trying pattern rule with stem `Makefile.port.C'.
    Trying implicit prerequisite `../../../../src/RCS/Makefile.port.C'.
   Trying pattern rule with stem `pg_conversion.dat'.
    Trying pattern rule with stem `Makefile.port.C'.
    Trying implicit prerequisite `../../../../src/s.Makefile.port.C'.
   Trying implicit prerequisite `s.pg_conversion.dat'.
    Trying pattern rule with stem `Makefile.port.C'.
    Trying implicit prerequisite `../../../../src/SCCS/s.Makefile.port.C'.
   Trying pattern rule with stem `Makefile.port'.
   Trying pattern rule with stem `pg_conversion.dat'.
   Trying implicit prerequisite `../../../../src/Makefile.port.cpp'.
   Looking for a rule with intermediate file `../../../../src/Makefile.port.cpp'.
   Trying implicit prerequisite `SCCS/s.pg_conversion.dat'.
    Avoiding implicit rule recursion.
    Avoiding implicit rule recursion.
    Trying pattern rule with stem `Makefile.port.cpp'.
   Trying pattern rule with stem `pg_conversion.dat'.
    Trying implicit prerequisite `../../../../src/Makefile.port.cpp,v'.
    Trying pattern rule with stem `Makefile.port.cpp'.
   Trying implicit prerequisite `pg_conversion.dat.o'.
    Trying implicit prerequisite `../../../../src/RCS/Makefile.port.cpp,v'.
    Trying pattern rule with stem `Makefile.port.cpp'.
    Trying implicit prerequisite `../../../../src/RCS/Makefile.port.cpp'.
   Looking for a rule with intermediate file `pg_conversion.dat.o'.
    Trying pattern rule with stem `Makefile.port.cpp'.
    Trying implicit prerequisite `../../../../src/s.Makefile.port.cpp'.
    Trying pattern rule with stem `Makefile.port.cpp'.
    Avoiding implicit rule recursion.
    Trying implicit prerequisite `../../../../src/SCCS/s.Makefile.port.cpp'.
   Trying pattern rule with stem `Makefile.port'.
    Trying pattern rule with stem `pg_conversion.dat'.
   Trying implicit prerequisite `../../../../src/Makefile.port.p'.
   Looking for a rule with intermediate file `../../../../src/Makefile.port.p'.
    Avoiding implicit rule recursion.
    Avoiding implicit rule recursion.
    Trying implicit prerequisite `pg_conversion.dat.c'.
    Trying pattern rule with stem `Makefile.port'.
    Trying implicit prerequisite `../../../../src/Makefile.port.web'.
    Trying pattern rule with stem `Makefile.port.p'.
    Trying pattern rule with stem `pg_conversion.dat'.
    Trying implicit prerequisite `../../../../src/Makefile.port.p,v'.
    Trying pattern rule with stem `Makefile.port.p'.
    Trying implicit prerequisite `pg_conversion.dat.cc'.
    Trying implicit prerequisite `../../../../src/RCS/Makefile.port.p,v'.
    Trying pattern rule with stem `Makefile.port.p'.
    Trying implicit prerequisite `../../../../src/RCS/Makefile.port.p'.
    Trying pattern rule with stem `pg_conversion.dat'.
    Trying pattern rule with stem `Makefile.port.p'.
    Trying implicit prerequisite `../../../../src/s.Makefile.port.p'.
    Trying implicit prerequisite `pg_conversion.dat.C'.
    Trying pattern rule with stem `Makefile.port.p'.
    Trying implicit prerequisite `../../../../src/SCCS/s.Makefile.port.p'.
    Trying pattern rule with stem `Makefile.port'.
    Trying pattern rule with stem `pg_conversion.dat'.
    Trying implicit prerequisite `../../../../src/Makefile.port.web'.
    Looking for a rule with intermediate file `../../../../src/Makefile.port.web'.
     Avoiding implicit rule recursion.
     Avoiding implicit rule recursion.
     Avoiding implicit rule recursion.
     Trying pattern rule with stem `Makefile.port.web'.
    Trying implicit prerequisite `pg_conversion.dat.cpp'.
     Trying implicit prerequisite `../../../../src/Makefile.port.web,v'.
     Trying pattern rule with stem `Makefile.port.web'.
     Trying implicit prerequisite `../../../../src/RCS/Makefile.port.web,v'.
    Trying pattern rule with stem `pg_conversion.dat'.
     Trying pattern rule with stem `Makefile.port.web'.
     Trying implicit prerequisite `../../../../src/RCS/Makefile.port.web'.
    Trying implicit prerequisite `pg_conversion.dat.p'.
     Trying pattern rule with stem `Makefile.port.web'.
     Trying implicit prerequisite `../../../../src/s.Makefile.port.web'.
     Trying pattern rule with stem `Makefile.port.web'.
    Trying pattern rule with stem `pg_conversion.dat'.
     Trying implicit prerequisite `../../../../src/SCCS/s.Makefile.port.web'.
   Trying pattern rule with stem `Makefile.port'.
   Trying implicit prerequisite `../../../../src/Makefile.port.f'.
    Trying implicit prerequisite `pg_conversion.dat.f'.
   Looking for a rule with intermediate file `../../../../src/Makefile.port.f'.
    Avoiding implicit rule recursion.
    Avoiding implicit rule recursion.
    Trying pattern rule with stem `pg_conversion.dat'.
    Trying pattern rule with stem `Makefile.port'.
    Trying implicit prerequisite `../../../../src/Makefile.port.F'.
    Trying implicit prerequisite `pg_conversion.dat.F'.
    Trying pattern rule with stem `Makefile.port'.
    Trying implicit prerequisite `../../../../src/Makefile.port.r'.
    Trying pattern rule with stem `Makefile.port.f'.
    Trying pattern rule with stem `pg_conversion.dat'.
    Trying implicit prerequisite `../../../../src/Makefile.port.f,v'.
    Trying pattern rule with stem `Makefile.port.f'.
    Trying implicit prerequisite `pg_conversion.dat.m'.
    Trying implicit prerequisite `../../../../src/RCS/Makefile.port.f,v'.
    Trying pattern rule with stem `Makefile.port.f'.
    Trying implicit prerequisite `../../../../src/RCS/Makefile.port.f'.
    Trying pattern rule with stem `pg_conversion.dat'.
    Trying pattern rule with stem `Makefile.port.f'.
    Trying implicit prerequisite `../../../../src/s.Makefile.port.f'.
    Trying implicit prerequisite `pg_conversion.dat.r'.
    Trying pattern rule with stem `Makefile.port.f'.
    Trying implicit prerequisite `../../../../src/SCCS/s.Makefile.port.f'.
    Trying pattern rule with stem `Makefile.port'.
    Trying pattern rule with stem `pg_conversion.dat'.
    Trying implicit prerequisite `../../../../src/Makefile.port.F'.
    Looking for a rule with intermediate file `../../../../src/Makefile.port.F'.
     Avoiding implicit rule recursion.
     Avoiding implicit rule recursion.
    Trying implicit prerequisite `pg_conversion.dat.s'.
     Avoiding implicit rule recursion.
     Trying pattern rule with stem `Makefile.port.F'.
     Trying implicit prerequisite `../../../../src/Makefile.port.F,v'.
    Trying pattern rule with stem `pg_conversion.dat'.
     Trying pattern rule with stem `Makefile.port.F'.
     Trying implicit prerequisite `../../../../src/RCS/Makefile.port.F,v'.
    Trying implicit prerequisite `pg_conversion.dat.S'.
     Trying pattern rule with stem `Makefile.port.F'.
     Trying implicit prerequisite `../../../../src/RCS/Makefile.port.F'.
     Trying pattern rule with stem `Makefile.port.F'.
    Trying pattern rule with stem `pg_conversion.dat'.
     Trying implicit prerequisite `../../../../src/s.Makefile.port.F'.
     Trying pattern rule with stem `Makefile.port.F'.
    Trying implicit prerequisite `pg_conversion.dat.mod'.
     Trying implicit prerequisite `../../../../src/SCCS/s.Makefile.port.F'.
    Trying pattern rule with stem `Makefile.port'.
    Trying implicit prerequisite `../../../../src/Makefile.port.r'.
    Trying pattern rule with stem `pg_conversion.dat.o'.
    Looking for a rule with intermediate file `../../../../src/Makefile.port.r'.
     Avoiding implicit rule recursion.
     Avoiding implicit rule recursion.
     Avoiding implicit rule recursion.
    Trying implicit prerequisite `pg_conversion.dat.o,v'.
     Trying pattern rule with stem `Makefile.port'.
     Rejecting impossible implicit prerequisite `../../../../src/Makefile.port.l'.
     Trying pattern rule with stem `Makefile.port.r'.
    Trying pattern rule with stem `pg_conversion.dat.o'.
     Trying implicit prerequisite `../../../../src/Makefile.port.r,v'.
     Trying pattern rule with stem `Makefile.port.r'.
    Trying implicit prerequisite `RCS/pg_conversion.dat.o,v'.
     Trying implicit prerequisite `../../../../src/RCS/Makefile.port.r,v'.
     Trying pattern rule with stem `Makefile.port.r'.
     Trying implicit prerequisite `../../../../src/RCS/Makefile.port.r'.
    Trying pattern rule with stem `pg_conversion.dat.o'.
     Trying pattern rule with stem `Makefile.port.r'.
     Trying implicit prerequisite `../../../../src/s.Makefile.port.r'.
    Trying implicit prerequisite `RCS/pg_conversion.dat.o'.
     Trying pattern rule with stem `Makefile.port.r'.
     Trying implicit prerequisite `../../../../src/SCCS/s.Makefile.port.r'.
   Trying pattern rule with stem `Makefile.port'.
    Trying pattern rule with stem `pg_conversion.dat.o'.
   Rejecting impossible implicit prerequisite `../../../../src/Makefile.port.F'.
   Trying pattern rule with stem `Makefile.port'.
    Trying implicit prerequisite `s.pg_conversion.dat.o'.
   Trying implicit prerequisite `../../../../src/Makefile.port.m'.
   Looking for a rule with intermediate file `../../../../src/Makefile.port.m'.
    Trying pattern rule with stem `pg_conversion.dat.o'.
    Avoiding implicit rule recursion.
    Avoiding implicit rule recursion.
    Trying pattern rule with stem `Makefile.port'.
    Trying implicit prerequisite `../../../../src/Makefile.port.ym'.
    Trying pattern rule with stem `Makefile.port'.
    Trying implicit prerequisite `SCCS/s.pg_conversion.dat.o'.
    Trying implicit prerequisite `../../../../src/Makefile.port.lm'.
    Trying pattern rule with stem `Makefile.port.m'.
    Trying implicit prerequisite `../../../../src/Makefile.port.m,v'.
    Trying pattern rule with stem `pg_conversion.dat'.
    Trying pattern rule with stem `Makefile.port.m'.
    Trying implicit prerequisite `../../../../src/RCS/Makefile.port.m,v'.
    Trying implicit prerequisite `pg_conversion.dat.c'.
    Trying pattern rule with stem `Makefile.port.m'.
    Looking for a rule with intermediate file `pg_conversion.dat.c'.
    Trying implicit prerequisite `../../../../src/RCS/Makefile.port.m'.
    Trying pattern rule with stem `Makefile.port.m'.
    Trying implicit prerequisite `../../../../src/s.Makefile.port.m'.
     Avoiding implicit rule recursion.
    Trying pattern rule with stem `Makefile.port.m'.
     Avoiding implicit rule recursion.
    Trying implicit prerequisite `../../../../src/SCCS/s.Makefile.port.m'.
    Trying pattern rule with stem `Makefile.port'.
     Trying pattern rule with stem `pg_conversion.dat'.
    Trying implicit prerequisite `../../../../src/Makefile.port.ym'.
    Looking for a rule with intermediate file `../../../../src/Makefile.port.ym'.
     Avoiding implicit rule recursion.
     Avoiding implicit rule recursion.
     Avoiding implicit rule recursion.
     Trying pattern rule with stem `Makefile.port.ym'.
     Trying implicit prerequisite `pg_conversion.dat.l'.
     Trying implicit prerequisite `../../../../src/Makefile.port.ym,v'.
     Trying pattern rule with stem `Makefile.port.ym'.
     Trying implicit prerequisite `../../../../src/RCS/Makefile.port.ym,v'.
     Trying pattern rule with stem `pg_conversion.dat'.
     Trying pattern rule with stem `Makefile.port.ym'.
     Trying implicit prerequisite `../../../../src/RCS/Makefile.port.ym'.
     Trying implicit prerequisite `pg_conversion.dat.y'.
     Trying pattern rule with stem `Makefile.port.ym'.
     Trying implicit prerequisite `../../../../src/s.Makefile.port.ym'.
     Trying pattern rule with stem `Makefile.port.ym'.
     Trying pattern rule with stem `pg_conversion.dat'.
     Trying implicit prerequisite `../../../../src/SCCS/s.Makefile.port.ym'.
    Trying pattern rule with stem `Makefile.port'.
     Trying implicit prerequisite `pg_conversion.dat.w'.
    Trying implicit prerequisite `../../../../src/Makefile.port.lm'.
    Looking for a rule with intermediate file `../../../../src/Makefile.port.lm'.
     Avoiding implicit rule recursion.
     Avoiding implicit rule recursion.
     Avoiding implicit rule recursion.
     Trying pattern rule with stem `pg_conversion.dat'.
     Trying pattern rule with stem `Makefile.port.lm'.
     Trying implicit prerequisite `../../../../src/Makefile.port.lm,v'.
     Trying pattern rule with stem `Makefile.port.lm'.
     Trying implicit prerequisite `../../../../src/RCS/Makefile.port.lm,v'.
     Trying implicit prerequisite `pg_conversion.dat.w'.
     Trying pattern rule with stem `Makefile.port.lm'.
     Trying implicit prerequisite `../../../../src/RCS/Makefile.port.lm'.
     Trying pattern rule with stem `Makefile.port.lm'.
     Trying pattern rule with stem `pg_conversion.dat.c'.
     Trying implicit prerequisite `../../../../src/s.Makefile.port.lm'.
     Trying pattern rule with stem `Makefile.port.lm'.
     Trying implicit prerequisite `pg_conversion.dat.c,v'.
     Trying implicit prerequisite `../../../../src/SCCS/s.Makefile.port.lm'.
   Trying pattern rule with stem `Makefile.port'.
   Rejecting impossible implicit prerequisite `../../../../src/Makefile.port.r'.
     Trying pattern rule with stem `pg_conversion.dat.c'.
   Trying pattern rule with stem `Makefile.port'.
   Trying implicit prerequisite `../../../../src/Makefile.port.s'.
   Looking for a rule with intermediate file `../../../../src/Makefile.port.s'.
    Avoiding implicit rule recursion.
     Trying implicit prerequisite `RCS/pg_conversion.dat.c,v'.
    Avoiding implicit rule recursion.
    Trying pattern rule with stem `Makefile.port'.
    Trying implicit prerequisite `../../../../src/Makefile.port.S'.
     Trying pattern rule with stem `pg_conversion.dat.c'.
    Trying pattern rule with stem `Makefile.port.s'.
    Trying implicit prerequisite `../../../../src/Makefile.port.s,v'.
     Trying implicit prerequisite `RCS/pg_conversion.dat.c'.
    Trying pattern rule with stem `Makefile.port.s'.
    Trying implicit prerequisite `../../../../src/RCS/Makefile.port.s,v'.
    Trying pattern rule with stem `Makefile.port.s'.
     Trying pattern rule with stem `pg_conversion.dat.c'.
    Trying implicit prerequisite `../../../../src/RCS/Makefile.port.s'.
    Trying pattern rule with stem `Makefile.port.s'.
    Trying implicit prerequisite `../../../../src/s.Makefile.port.s'.
     Trying implicit prerequisite `s.pg_conversion.dat.c'.
    Trying pattern rule with stem `Makefile.port.s'.
    Trying implicit prerequisite `../../../../src/SCCS/s.Makefile.port.s'.
    Trying pattern rule with stem `Makefile.port'.
    Trying implicit prerequisite `../../../../src/Makefile.port.S'.
    Looking for a rule with intermediate file `../../../../src/Makefile.port.S'.
     Avoiding implicit rule recursion.
     Avoiding implicit rule recursion.
     Avoiding implicit rule recursion.
     Trying pattern rule with stem `Makefile.port.S'.
     Trying implicit prerequisite `../../../../src/Makefile.port.S,v'.
     Trying pattern rule with stem `Makefile.port.S'.
     Trying implicit prerequisite `../../../../src/RCS/Makefile.port.S,v'.
     Trying pattern rule with stem `Makefile.port.S'.
     Trying implicit prerequisite `../../../../src/RCS/Makefile.port.S'.
     Trying pattern rule with stem `Makefile.port.S'.
     Trying pattern rule with stem `pg_conversion.dat.c'.
     Trying implicit prerequisite `../../../../src/s.Makefile.port.S'.
     Trying implicit prerequisite `SCCS/s.pg_conversion.dat.c'.
     Trying pattern rule with stem `pg_conversion.dat'.
     Trying implicit prerequisite `pg_conversion.dat.l'.
     Looking for a rule with intermediate file `pg_conversion.dat.l'.
     Trying pattern rule with stem `Makefile.port.S'.
      Avoiding implicit rule recursion.
      Avoiding implicit rule recursion.
      Avoiding implicit rule recursion.
     Trying implicit prerequisite `../../../../src/SCCS/s.Makefile.port.S'.
      Trying pattern rule with stem `pg_conversion.dat.l'.
      Trying implicit prerequisite `pg_conversion.dat.l,v'.
      Trying pattern rule with stem `pg_conversion.dat.l'.
   Trying pattern rule with stem `Makefile.port'.
      Trying implicit prerequisite `RCS/pg_conversion.dat.l,v'.
      Trying pattern rule with stem `pg_conversion.dat.l'.
   Rejecting impossible implicit prerequisite `../../../../src/Makefile.port.S'.
      Trying implicit prerequisite `RCS/pg_conversion.dat.l'.
      Trying pattern rule with stem `pg_conversion.dat.l'.
      Trying implicit prerequisite `s.pg_conversion.dat.l'.
   Trying pattern rule with stem `Makefile.port'.
      Trying pattern rule with stem `pg_conversion.dat.l'.
      Trying implicit prerequisite `SCCS/s.pg_conversion.dat.l'.
   Trying implicit prerequisite `../../../../src/Makefile.port.mod'.
     Trying pattern rule with stem `pg_conversion.dat'.
   Looking for a rule with intermediate file `../../../../src/Makefile.port.mod'.
     Trying implicit prerequisite `pg_conversion.dat.y'.
     Looking for a rule with intermediate file `pg_conversion.dat.y'.
      Avoiding implicit rule recursion.
      Avoiding implicit rule recursion.
      Avoiding implicit rule recursion.
    Avoiding implicit rule recursion.
      Trying pattern rule with stem `pg_conversion.dat.y'.
    Avoiding implicit rule recursion.
      Trying implicit prerequisite `pg_conversion.dat.y,v'.
      Trying pattern rule with stem `pg_conversion.dat.y'.
    Trying pattern rule with stem `Makefile.port.mod'.
      Trying implicit prerequisite `RCS/pg_conversion.dat.y,v'.
      Trying pattern rule with stem `pg_conversion.dat.y'.
    Trying implicit prerequisite `../../../../src/Makefile.port.mod,v'.
      Trying implicit prerequisite `RCS/pg_conversion.dat.y'.
      Trying pattern rule with stem `pg_conversion.dat.y'.
      Trying implicit prerequisite `s.pg_conversion.dat.y'.
    Trying pattern rule with stem `Makefile.port.mod'.
      Trying pattern rule with stem `pg_conversion.dat.y'.
      Trying implicit prerequisite `SCCS/s.pg_conversion.dat.y'.
    Trying implicit prerequisite `../../../../src/RCS/Makefile.port.mod,v'.
     Trying pattern rule with stem `pg_conversion.dat'.
    Trying pattern rule with stem `Makefile.port.mod'.
     Trying implicit prerequisite `pg_conversion.dat.w'.
     Looking for a rule with intermediate file `pg_conversion.dat.w'.
      Avoiding implicit rule recursion.
      Avoiding implicit rule recursion.
      Avoiding implicit rule recursion.
      Trying pattern rule with stem `pg_conversion.dat.w'.
    Trying implicit prerequisite `../../../../src/RCS/Makefile.port.mod'.
      Trying implicit prerequisite `pg_conversion.dat.w,v'.
      Trying pattern rule with stem `pg_conversion.dat.w'.
      Trying implicit prerequisite `RCS/pg_conversion.dat.w,v'.
    Trying pattern rule with stem `Makefile.port.mod'.
      Trying pattern rule with stem `pg_conversion.dat.w'.
      Trying implicit prerequisite `RCS/pg_conversion.dat.w'.
    Trying implicit prerequisite `../../../../src/s.Makefile.port.mod'.
      Trying pattern rule with stem `pg_conversion.dat.w'.
      Trying implicit prerequisite `s.pg_conversion.dat.w'.
      Trying pattern rule with stem `pg_conversion.dat.w'.
    Trying pattern rule with stem `Makefile.port.mod'.
      Trying implicit prerequisite `SCCS/s.pg_conversion.dat.w'.
     Trying pattern rule with stem `pg_conversion.dat'.
    Trying implicit prerequisite `../../../../src/SCCS/s.Makefile.port.mod'.
     Rejecting impossible implicit prerequisite `pg_conversion.dat.w'.
    Trying pattern rule with stem `pg_conversion.dat'.
    Trying implicit prerequisite `pg_conversion.dat.cc'.
    Looking for a rule with intermediate file `pg_conversion.dat.cc'.
     Avoiding implicit rule recursion.
     Avoiding implicit rule recursion.
  Trying pattern rule with stem `Makefile.port'.
     Trying pattern rule with stem `pg_conversion.dat.cc'.
     Trying implicit prerequisite `pg_conversion.dat.cc,v'.
     Trying pattern rule with stem `pg_conversion.dat.cc'.
     Trying implicit prerequisite `RCS/pg_conversion.dat.cc,v'.
  Rejecting impossible implicit prerequisite `../../../../src/Makefile.port.cc'.
     Trying pattern rule with stem `pg_conversion.dat.cc'.
     Trying implicit prerequisite `RCS/pg_conversion.dat.cc'.
     Trying pattern rule with stem `pg_conversion.dat.cc'.
  Trying pattern rule with stem `Makefile.port'.
     Trying implicit prerequisite `s.pg_conversion.dat.cc'.
     Trying pattern rule with stem `pg_conversion.dat.cc'.
  Rejecting impossible implicit prerequisite `../../../../src/Makefile.port.C'.
     Trying implicit prerequisite `SCCS/s.pg_conversion.dat.cc'.
  Trying pattern rule with stem `Makefile.port'.
    Trying pattern rule with stem `pg_conversion.dat'.
    Trying implicit prerequisite `pg_conversion.dat.C'.
  Rejecting impossible implicit prerequisite `../../../../src/Makefile.port.cpp'.
    Looking for a rule with intermediate file `pg_conversion.dat.C'.
     Avoiding implicit rule recursion.
     Avoiding implicit rule recursion.
  Trying pattern rule with stem `Makefile.port'.
     Trying pattern rule with stem `pg_conversion.dat.C'.
     Trying implicit prerequisite `pg_conversion.dat.C,v'.
  Rejecting impossible implicit prerequisite `../../../../src/Makefile.port.p'.
     Trying pattern rule with stem `pg_conversion.dat.C'.
  Trying pattern rule with stem `Makefile.port'.
     Trying implicit prerequisite `RCS/pg_conversion.dat.C,v'.
     Trying pattern rule with stem `pg_conversion.dat.C'.
  Rejecting impossible implicit prerequisite `../../../../src/Makefile.port.f'.
     Trying implicit prerequisite `RCS/pg_conversion.dat.C'.
     Trying pattern rule with stem `pg_conversion.dat.C'.
     Trying implicit prerequisite `s.pg_conversion.dat.C'.
  Trying pattern rule with stem `Makefile.port'.
     Trying pattern rule with stem `pg_conversion.dat.C'.
     Trying implicit prerequisite `SCCS/s.pg_conversion.dat.C'.
  Rejecting impossible implicit prerequisite `../../../../src/Makefile.port.F'.
    Trying pattern rule with stem `pg_conversion.dat'.
  Trying pattern rule with stem `Makefile.port'.
    Trying implicit prerequisite `pg_conversion.dat.cpp'.
    Looking for a rule with intermediate file `pg_conversion.dat.cpp'.
     Avoiding implicit rule recursion.
     Avoiding implicit rule recursion.
  Rejecting impossible implicit prerequisite `../../../../src/Makefile.port.m'.
     Trying pattern rule with stem `pg_conversion.dat.cpp'.
  Trying pattern rule with stem `Makefile.port'.
     Trying implicit prerequisite `pg_conversion.dat.cpp,v'.
     Trying pattern rule with stem `pg_conversion.dat.cpp'.
  Rejecting impossible implicit prerequisite `../../../../src/Makefile.port.r'.
     Trying implicit prerequisite `RCS/pg_conversion.dat.cpp,v'.
  Trying pattern rule with stem `Makefile.port'.
     Trying pattern rule with stem `pg_conversion.dat.cpp'.
     Trying implicit prerequisite `RCS/pg_conversion.dat.cpp'.
     Trying pattern rule with stem `pg_conversion.dat.cpp'.
  Rejecting impossible implicit prerequisite `../../../../src/Makefile.port.s'.
     Trying implicit prerequisite `s.pg_conversion.dat.cpp'.
     Trying pattern rule with stem `pg_conversion.dat.cpp'.
     Trying implicit prerequisite `SCCS/s.pg_conversion.dat.cpp'.
    Trying pattern rule with stem `pg_conversion.dat'.
    Trying implicit prerequisite `pg_conversion.dat.p'.
  Trying pattern rule with stem `Makefile.port'.
    Looking for a rule with intermediate file `pg_conversion.dat.p'.
     Avoiding implicit rule recursion.
  Rejecting impossible implicit prerequisite `../../../../src/Makefile.port.S'.
     Avoiding implicit rule recursion.
  Trying pattern rule with stem `Makefile.port'.
     Trying pattern rule with stem `pg_conversion.dat'.
     Trying implicit prerequisite `pg_conversion.dat.web'.
  Rejecting impossible implicit prerequisite `../../../../src/Makefile.port.mod'.
     Trying pattern rule with stem `pg_conversion.dat.p'.
  Trying pattern rule with stem `Makefile.port'.
     Trying implicit prerequisite `pg_conversion.dat.p,v'.
     Trying pattern rule with stem `pg_conversion.dat.p'.
  Trying implicit prerequisite `../../../../src/Makefile.port.sh'.
     Trying implicit prerequisite `RCS/pg_conversion.dat.p,v'.
     Trying pattern rule with stem `pg_conversion.dat.p'.
     Trying implicit prerequisite `RCS/pg_conversion.dat.p'.
  Looking for a rule with intermediate file `../../../../src/Makefile.port.sh'.
     Trying pattern rule with stem `pg_conversion.dat.p'.
     Trying implicit prerequisite `s.pg_conversion.dat.p'.
   Avoiding implicit rule recursion.
     Trying pattern rule with stem `pg_conversion.dat.p'.
     Trying implicit prerequisite `SCCS/s.pg_conversion.dat.p'.
     Trying pattern rule with stem `pg_conversion.dat'.
   Trying pattern rule with stem `Makefile.port.sh'.
     Trying implicit prerequisite `pg_conversion.dat.web'.
     Looking for a rule with intermediate file `pg_conversion.dat.web'.
   Trying implicit prerequisite `../../../../src/Makefile.port.sh,v'.
      Avoiding implicit rule recursion.
      Avoiding implicit rule recursion.
      Avoiding implicit rule recursion.
   Trying pattern rule with stem `Makefile.port.sh'.
      Trying pattern rule with stem `pg_conversion.dat.web'.
      Trying implicit prerequisite `pg_conversion.dat.web,v'.
   Trying implicit prerequisite `../../../../src/RCS/Makefile.port.sh,v'.
      Trying pattern rule with stem `pg_conversion.dat.web'.
      Trying implicit prerequisite `RCS/pg_conversion.dat.web,v'.
      Trying pattern rule with stem `pg_conversion.dat.web'.
   Trying pattern rule with stem `Makefile.port.sh'.
      Trying implicit prerequisite `RCS/pg_conversion.dat.web'.
      Trying pattern rule with stem `pg_conversion.dat.web'.
   Trying implicit prerequisite `../../../../src/RCS/Makefile.port.sh'.
      Trying implicit prerequisite `s.pg_conversion.dat.web'.
      Trying pattern rule with stem `pg_conversion.dat.web'.
      Trying implicit prerequisite `SCCS/s.pg_conversion.dat.web'.
   Trying pattern rule with stem `Makefile.port.sh'.
    Trying pattern rule with stem `pg_conversion.dat'.
    Trying implicit prerequisite `pg_conversion.dat.f'.
   Trying implicit prerequisite `../../../../src/s.Makefile.port.sh'.
    Looking for a rule with intermediate file `pg_conversion.dat.f'.
     Avoiding implicit rule recursion.
     Avoiding implicit rule recursion.
   Trying pattern rule with stem `Makefile.port.sh'.
     Trying pattern rule with stem `pg_conversion.dat'.
     Trying implicit prerequisite `pg_conversion.dat.F'.
   Trying implicit prerequisite `../../../../src/SCCS/s.Makefile.port.sh'.
     Trying pattern rule with stem `pg_conversion.dat'.
     Trying implicit prerequisite `pg_conversion.dat.r'.
     Trying pattern rule with stem `pg_conversion.dat.f'.
     Trying implicit prerequisite `pg_conversion.dat.f,v'.
  No implicit rule found for `../../../../src/Makefile.port'.
     Trying pattern rule with stem `pg_conversion.dat.f'.
  Finished prerequisites of target file `../../../../src/Makefile.port'.
     Trying implicit prerequisite `RCS/pg_conversion.dat.f,v'.
     Trying pattern rule with stem `pg_conversion.dat.f'.
     Trying implicit prerequisite `RCS/pg_conversion.dat.f'.
 No need to remake target `../../../../src/Makefile.port'.
     Trying pattern rule with stem `pg_conversion.dat.f'.
     Trying implicit prerequisite `s.pg_conversion.dat.f'.
     Trying pattern rule with stem `pg_conversion.dat.f'.
 Considering target file `../../../../src/Makefile.global'.
     Trying implicit prerequisite `SCCS/s.pg_conversion.dat.f'.
     Trying pattern rule with stem `pg_conversion.dat'.
     Trying implicit prerequisite `pg_conversion.dat.F'.
     Looking for a rule with intermediate file `pg_conversion.dat.F'.
      Avoiding implicit rule recursion.
      Avoiding implicit rule recursion.
      Avoiding implicit rule recursion.
      Trying pattern rule with stem `pg_conversion.dat.F'.
   Considering target file `../../../../src/Makefile.global.in'.
      Trying implicit prerequisite `pg_conversion.dat.F,v'.
      Trying pattern rule with stem `pg_conversion.dat.F'.
      Trying implicit prerequisite `RCS/pg_conversion.dat.F,v'.
    Looking for an implicit rule for `../../../../src/Makefile.global.in'.
      Trying pattern rule with stem `pg_conversion.dat.F'.
      Trying implicit prerequisite `RCS/pg_conversion.dat.F'.
      Trying pattern rule with stem `pg_conversion.dat.F'.
    Trying pattern rule with stem `Makefile.global.in'.
      Trying implicit prerequisite `s.pg_conversion.dat.F'.
      Trying pattern rule with stem `pg_conversion.dat.F'.
      Trying implicit prerequisite `SCCS/s.pg_conversion.dat.F'.
     Trying pattern rule with stem `pg_conversion.dat'.
     Trying implicit prerequisite `pg_conversion.dat.r'.
    Trying implicit prerequisite `../../../../src/Makefile.global.in.o'.
     Looking for a rule with intermediate file `pg_conversion.dat.r'.
      Avoiding implicit rule recursion.
      Avoiding implicit rule recursion.
      Avoiding implicit rule recursion.
      Trying pattern rule with stem `pg_conversion.dat'.
    Trying pattern rule with stem `Makefile.global.in'.
      Rejecting impossible implicit prerequisite `pg_conversion.dat.l'.
      Trying pattern rule with stem `pg_conversion.dat.r'.
      Trying implicit prerequisite `pg_conversion.dat.r,v'.
      Trying pattern rule with stem `pg_conversion.dat.r'.
    Trying implicit prerequisite `../../../../src/Makefile.global.in.cc'.
      Trying implicit prerequisite `RCS/pg_conversion.dat.r,v'.
      Trying pattern rule with stem `pg_conversion.dat.r'.
      Trying implicit prerequisite `RCS/pg_conversion.dat.r'.
    Trying pattern rule with stem `Makefile.global.in'.
      Trying pattern rule with stem `pg_conversion.dat.r'.
      Trying implicit prerequisite `s.pg_conversion.dat.r'.
    Trying implicit prerequisite `../../../../src/Makefile.global.in.C'.
      Trying pattern rule with stem `pg_conversion.dat.r'.
      Trying implicit prerequisite `SCCS/s.pg_conversion.dat.r'.
    Trying pattern rule with stem `pg_conversion.dat'.
    Rejecting impossible implicit prerequisite `pg_conversion.dat.F'.
    Trying pattern rule with stem `Makefile.global.in'.
    Trying pattern rule with stem `pg_conversion.dat'.
    Trying implicit prerequisite `pg_conversion.dat.m'.
    Looking for a rule with intermediate file `pg_conversion.dat.m'.
     Avoiding implicit rule recursion.
    Trying implicit prerequisite `../../../../src/Makefile.global.in.cpp'.
     Avoiding implicit rule recursion.
     Trying pattern rule with stem `pg_conversion.dat'.
     Trying implicit prerequisite `pg_conversion.dat.ym'.
    Trying pattern rule with stem `Makefile.global.in'.
     Trying pattern rule with stem `pg_conversion.dat'.
     Trying implicit prerequisite `pg_conversion.dat.lm'.
    Trying implicit prerequisite `../../../../src/Makefile.global.in.p'.
     Trying pattern rule with stem `pg_conversion.dat.m'.
     Trying implicit prerequisite `pg_conversion.dat.m,v'.
     Trying pattern rule with stem `pg_conversion.dat.m'.
    Trying pattern rule with stem `Makefile.global.in'.
     Trying implicit prerequisite `RCS/pg_conversion.dat.m,v'.
     Trying pattern rule with stem `pg_conversion.dat.m'.
    Trying implicit prerequisite `../../../../src/Makefile.global.in.f'.
     Trying implicit prerequisite `RCS/pg_conversion.dat.m'.
     Trying pattern rule with stem `pg_conversion.dat.m'.
     Trying implicit prerequisite `s.pg_conversion.dat.m'.
    Trying pattern rule with stem `Makefile.global.in'.
     Trying pattern rule with stem `pg_conversion.dat.m'.
     Trying implicit prerequisite `SCCS/s.pg_conversion.dat.m'.
    Trying implicit prerequisite `../../../../src/Makefile.global.in.F'.
     Trying pattern rule with stem `pg_conversion.dat'.
     Trying implicit prerequisite `pg_conversion.dat.ym'.
     Looking for a rule with intermediate file `pg_conversion.dat.ym'.
      Avoiding implicit rule recursion.
      Avoiding implicit rule recursion.
    Trying pattern rule with stem `Makefile.global.in'.
      Avoiding implicit rule recursion.
      Trying pattern rule with stem `pg_conversion.dat.ym'.
    Trying implicit prerequisite `../../../../src/Makefile.global.in.m'.
      Trying implicit prerequisite `pg_conversion.dat.ym,v'.
      Trying pattern rule with stem `pg_conversion.dat.ym'.
      Trying implicit prerequisite `RCS/pg_conversion.dat.ym,v'.
    Trying pattern rule with stem `Makefile.global.in'.
      Trying pattern rule with stem `pg_conversion.dat.ym'.
      Trying implicit prerequisite `RCS/pg_conversion.dat.ym'.
    Trying implicit prerequisite `../../../../src/Makefile.global.in.r'.
      Trying pattern rule with stem `pg_conversion.dat.ym'.
      Trying implicit prerequisite `s.pg_conversion.dat.ym'.
      Trying pattern rule with stem `pg_conversion.dat.ym'.
    Trying pattern rule with stem `Makefile.global.in'.
      Trying implicit prerequisite `SCCS/s.pg_conversion.dat.ym'.
     Trying pattern rule with stem `pg_conversion.dat'.
    Trying implicit prerequisite `../../../../src/Makefile.global.in.s'.
     Trying implicit prerequisite `pg_conversion.dat.lm'.
     Looking for a rule with intermediate file `pg_conversion.dat.lm'.
      Avoiding implicit rule recursion.
      Avoiding implicit rule recursion.
      Avoiding implicit rule recursion.
    Trying pattern rule with stem `Makefile.global.in'.
      Trying pattern rule with stem `pg_conversion.dat.lm'.
      Trying implicit prerequisite `pg_conversion.dat.lm,v'.
    Trying implicit prerequisite `../../../../src/Makefile.global.in.S'.
      Trying pattern rule with stem `pg_conversion.dat.lm'.
      Trying implicit prerequisite `RCS/pg_conversion.dat.lm,v'.
      Trying pattern rule with stem `pg_conversion.dat.lm'.
    Trying pattern rule with stem `Makefile.global.in'.
      Trying implicit prerequisite `RCS/pg_conversion.dat.lm'.
      Trying pattern rule with stem `pg_conversion.dat.lm'.
    Trying implicit prerequisite `../../../../src/Makefile.global.in.mod'.
      Trying implicit prerequisite `s.pg_conversion.dat.lm'.
      Trying pattern rule with stem `pg_conversion.dat.lm'.
      Trying implicit prerequisite `SCCS/s.pg_conversion.dat.lm'.
    Trying pattern rule with stem `Makefile.global.in'.
    Trying pattern rule with stem `pg_conversion.dat'.
    Rejecting impossible implicit prerequisite `pg_conversion.dat.r'.
    Trying implicit prerequisite `../../../../src/Makefile.global.in.sh'.
    Trying pattern rule with stem `pg_conversion.dat'.
    Trying implicit prerequisite `pg_conversion.dat.s'.
    Looking for a rule with intermediate file `pg_conversion.dat.s'.
     Avoiding implicit rule recursion.
     Avoiding implicit rule recursion.
    Trying pattern rule with stem `Makefile.global.in'.
     Trying pattern rule with stem `pg_conversion.dat'.
     Trying implicit prerequisite `pg_conversion.dat.S'.
    Trying implicit prerequisite `../../../../src/Makefile.global.in,v'.
     Trying pattern rule with stem `pg_conversion.dat.s'.
     Trying implicit prerequisite `pg_conversion.dat.s,v'.
     Trying pattern rule with stem `pg_conversion.dat.s'.
    Trying pattern rule with stem `Makefile.global.in'.
     Trying implicit prerequisite `RCS/pg_conversion.dat.s,v'.
     Trying pattern rule with stem `pg_conversion.dat.s'.
    Trying implicit prerequisite `../../../../src/RCS/Makefile.global.in,v'.
     Trying implicit prerequisite `RCS/pg_conversion.dat.s'.
     Trying pattern rule with stem `pg_conversion.dat.s'.
    Trying pattern rule with stem `Makefile.global.in'.
     Trying implicit prerequisite `s.pg_conversion.dat.s'.
     Trying pattern rule with stem `pg_conversion.dat.s'.
     Trying implicit prerequisite `SCCS/s.pg_conversion.dat.s'.
     Trying pattern rule with stem `pg_conversion.dat'.
    Trying implicit prerequisite `../../../../src/RCS/Makefile.global.in'.
     Trying implicit prerequisite `pg_conversion.dat.S'.
     Looking for a rule with intermediate file `pg_conversion.dat.S'.
      Avoiding implicit rule recursion.
      Avoiding implicit rule recursion.
      Avoiding implicit rule recursion.
    Trying pattern rule with stem `Makefile.global.in'.
      Trying pattern rule with stem `pg_conversion.dat.S'.
      Trying implicit prerequisite `pg_conversion.dat.S,v'.
    Trying implicit prerequisite `../../../../src/s.Makefile.global.in'.
      Trying pattern rule with stem `pg_conversion.dat.S'.
      Trying implicit prerequisite `RCS/pg_conversion.dat.S,v'.
      Trying pattern rule with stem `pg_conversion.dat.S'.
    Trying pattern rule with stem `Makefile.global.in'.
      Trying implicit prerequisite `RCS/pg_conversion.dat.S'.
      Trying pattern rule with stem `pg_conversion.dat.S'.
    Trying implicit prerequisite `../../../../src/SCCS/s.Makefile.global.in'.
      Trying implicit prerequisite `s.pg_conversion.dat.S'.
      Trying pattern rule with stem `pg_conversion.dat.S'.
    Trying pattern rule with stem `Makefile.global.in'.
      Trying implicit prerequisite `SCCS/s.pg_conversion.dat.S'.
    Trying pattern rule with stem `pg_conversion.dat'.
    Trying implicit prerequisite `../../../../src/Makefile.global.in.o'.
    Rejecting impossible implicit prerequisite `pg_conversion.dat.S'.
    Trying pattern rule with stem `pg_conversion.dat'.
    Trying implicit prerequisite `pg_conversion.dat.mod'.
    Looking for a rule with intermediate file `../../../../src/Makefile.global.in.o'.
    Looking for a rule with intermediate file `pg_conversion.dat.mod'.
     Avoiding implicit rule recursion.
     Avoiding implicit rule recursion.
     Avoiding implicit rule recursion.
     Trying pattern rule with stem `pg_conversion.dat.mod'.
     Trying implicit prerequisite `pg_conversion.dat.mod,v'.
     Trying pattern rule with stem `pg_conversion.dat.mod'.
     Trying implicit prerequisite `RCS/pg_conversion.dat.mod,v'.
     Trying pattern rule with stem `Makefile.global.in'.
     Trying pattern rule with stem `pg_conversion.dat.mod'.
     Trying implicit prerequisite `RCS/pg_conversion.dat.mod'.
     Trying implicit prerequisite `../../../../src/Makefile.global.in.c'.
     Trying pattern rule with stem `pg_conversion.dat.mod'.
     Trying implicit prerequisite `s.pg_conversion.dat.mod'.
     Trying pattern rule with stem `pg_conversion.dat.mod'.
     Trying pattern rule with stem `Makefile.global.in'.
     Trying implicit prerequisite `SCCS/s.pg_conversion.dat.mod'.
   Trying pattern rule with stem `pg_conversion.dat'.
   Rejecting impossible implicit prerequisite `pg_conversion.dat.cc'.
     Trying implicit prerequisite `../../../../src/Makefile.global.in.cc'.
   Trying pattern rule with stem `pg_conversion.dat'.
   Rejecting impossible implicit prerequisite `pg_conversion.dat.C'.
   Trying pattern rule with stem `pg_conversion.dat'.
     Trying pattern rule with stem `Makefile.global.in'.
   Rejecting impossible implicit prerequisite `pg_conversion.dat.cpp'.
   Trying pattern rule with stem `pg_conversion.dat'.
     Trying implicit prerequisite `../../../../src/Makefile.global.in.C'.
   Rejecting impossible implicit prerequisite `pg_conversion.dat.p'.
   Trying pattern rule with stem `pg_conversion.dat'.
   Rejecting impossible implicit prerequisite `pg_conversion.dat.f'.
     Trying pattern rule with stem `Makefile.global.in'.
   Trying pattern rule with stem `pg_conversion.dat'.
   Rejecting impossible implicit prerequisite `pg_conversion.dat.F'.
     Trying implicit prerequisite `../../../../src/Makefile.global.in.cpp'.
   Trying pattern rule with stem `pg_conversion.dat'.
   Rejecting impossible implicit prerequisite `pg_conversion.dat.m'.
   Trying pattern rule with stem `pg_conversion.dat'.
   Rejecting impossible implicit prerequisite `pg_conversion.dat.r'.
   Trying pattern rule with stem `pg_conversion.dat'.
     Trying pattern rule with stem `Makefile.global.in'.
   Rejecting impossible implicit prerequisite `pg_conversion.dat.s'.
   Trying pattern rule with stem `pg_conversion.dat'.
   Rejecting impossible implicit prerequisite `pg_conversion.dat.S'.
   Trying pattern rule with stem `pg_conversion.dat'.
     Trying implicit prerequisite `../../../../src/Makefile.global.in.p'.
   Rejecting impossible implicit prerequisite `pg_conversion.dat.mod'.
   Trying pattern rule with stem `pg_conversion.dat'.
   Trying implicit prerequisite `pg_conversion.dat.sh'.
     Trying pattern rule with stem `Makefile.global.in'.
   Looking for a rule with intermediate file `pg_conversion.dat.sh'.
    Avoiding implicit rule recursion.
     Trying implicit prerequisite `../../../../src/Makefile.global.in.f'.
    Trying pattern rule with stem `pg_conversion.dat.sh'.
    Trying implicit prerequisite `pg_conversion.dat.sh,v'.
    Trying pattern rule with stem `pg_conversion.dat.sh'.
     Trying pattern rule with stem `Makefile.global.in'.
    Trying implicit prerequisite `RCS/pg_conversion.dat.sh,v'.
    Trying pattern rule with stem `pg_conversion.dat.sh'.
     Trying implicit prerequisite `../../../../src/Makefile.global.in.F'.
     Trying pattern rule with stem `Makefile.global.in'.
    Trying implicit prerequisite `RCS/pg_conversion.dat.sh'.
     Trying implicit prerequisite `../../../../src/Makefile.global.in.m'.
    Trying pattern rule with stem `pg_conversion.dat.sh'.
     Trying pattern rule with stem `Makefile.global.in'.
    Trying implicit prerequisite `s.pg_conversion.dat.sh'.
    Trying pattern rule with stem `pg_conversion.dat.sh'.
     Trying implicit prerequisite `../../../../src/Makefile.global.in.r'.
    Trying implicit prerequisite `SCCS/s.pg_conversion.dat.sh'.
     Trying pattern rule with stem `Makefile.global.in'.
   No implicit rule found for `pg_conversion.dat'.
     Trying implicit prerequisite `../../../../src/Makefile.global.in.s'.
   Looking for an implicit rule for `pg_database.dat'.
     Trying pattern rule with stem `Makefile.global.in'.
   Trying pattern rule with stem `pg_database.dat'.
   Trying implicit prerequisite `pg_database.dat.o'.
   Trying pattern rule with stem `pg_database.dat'.
     Trying implicit prerequisite `../../../../src/Makefile.global.in.S'.
   Trying implicit prerequisite `pg_database.dat.cc'.
   Trying pattern rule with stem `pg_database.dat'.
   Trying implicit prerequisite `pg_database.dat.C'.
     Trying pattern rule with stem `Makefile.global.in'.
   Trying pattern rule with stem `pg_database.dat'.
   Trying implicit prerequisite `pg_database.dat.cpp'.
     Trying implicit prerequisite `../../../../src/Makefile.global.in.mod'.
   Trying pattern rule with stem `pg_database.dat'.
   Trying implicit prerequisite `pg_database.dat.p'.
   Trying pattern rule with stem `pg_database.dat'.
   Trying implicit prerequisite `pg_database.dat.f'.
   Trying pattern rule with stem `pg_database.dat'.
     Trying pattern rule with stem `Makefile.global.in.o'.
   Trying implicit prerequisite `pg_database.dat.F'.
   Trying pattern rule with stem `pg_database.dat'.
   Trying implicit prerequisite `pg_database.dat.m'.
   Trying pattern rule with stem `pg_database.dat'.
     Trying implicit prerequisite `../../../../src/Makefile.global.in.o,v'.
   Trying implicit prerequisite `pg_database.dat.r'.
   Trying pattern rule with stem `pg_database.dat'.
   Trying implicit prerequisite `pg_database.dat.s'.
     Trying pattern rule with stem `Makefile.global.in.o'.
   Trying pattern rule with stem `pg_database.dat'.
   Trying implicit prerequisite `pg_database.dat.S'.
   Trying pattern rule with stem `pg_database.dat'.
   Trying implicit prerequisite `pg_database.dat.mod'.
     Trying implicit prerequisite `../../../../src/RCS/Makefile.global.in.o,v'.
   Trying pattern rule with stem `pg_database.dat'.
   Trying implicit prerequisite `pg_database.dat.sh'.
   Trying pattern rule with stem `pg_database.dat'.
     Trying pattern rule with stem `Makefile.global.in.o'.
   Trying implicit prerequisite `pg_database.dat,v'.
   Trying pattern rule with stem `pg_database.dat'.
     Trying implicit prerequisite `../../../../src/RCS/Makefile.global.in.o'.
   Trying implicit prerequisite `RCS/pg_database.dat,v'.
   Trying pattern rule with stem `pg_database.dat'.
   Trying implicit prerequisite `RCS/pg_database.dat'.
     Trying pattern rule with stem `Makefile.global.in.o'.
   Trying pattern rule with stem `pg_database.dat'.
   Trying implicit prerequisite `s.pg_database.dat'.
   Trying pattern rule with stem `pg_database.dat'.
   Trying implicit prerequisite `SCCS/s.pg_database.dat'.
     Trying implicit prerequisite `../../../../src/s.Makefile.global.in.o'.
   Trying pattern rule with stem `pg_database.dat'.
   Trying implicit prerequisite `pg_database.dat.o'.
   Looking for a rule with intermediate file `pg_database.dat.o'.
     Trying pattern rule with stem `Makefile.global.in.o'.
    Avoiding implicit rule recursion.
    Trying pattern rule with stem `pg_database.dat'.
     Trying implicit prerequisite `../../../../src/SCCS/s.Makefile.global.in.o'.
    Trying implicit prerequisite `pg_database.dat.c'.
    Trying pattern rule with stem `pg_database.dat'.
    Trying implicit prerequisite `pg_database.dat.cc'.
     Trying pattern rule with stem `Makefile.global.in'.
    Trying pattern rule with stem `pg_database.dat'.
    Trying implicit prerequisite `pg_database.dat.C'.
     Trying implicit prerequisite `../../../../src/Makefile.global.in.c'.
    Trying pattern rule with stem `pg_database.dat'.
    Trying implicit prerequisite `pg_database.dat.cpp'.
    Trying pattern rule with stem `pg_database.dat'.
     Looking for a rule with intermediate file `../../../../src/Makefile.global.in.c'.
    Trying implicit prerequisite `pg_database.dat.p'.
    Trying pattern rule with stem `pg_database.dat'.
    Trying implicit prerequisite `pg_database.dat.f'.
      Avoiding implicit rule recursion.
    Trying pattern rule with stem `pg_database.dat'.
      Avoiding implicit rule recursion.
    Trying implicit prerequisite `pg_database.dat.F'.
    Trying pattern rule with stem `pg_database.dat'.
    Trying implicit prerequisite `pg_database.dat.m'.
    Trying pattern rule with stem `pg_database.dat'.
      Trying pattern rule with stem `Makefile.global.in'.
    Trying implicit prerequisite `pg_database.dat.r'.
    Trying pattern rule with stem `pg_database.dat'.
    Trying implicit prerequisite `pg_database.dat.s'.
    Trying pattern rule with stem `pg_database.dat'.
      Trying implicit prerequisite `../../../../src/Makefile.global.in.l'.
    Trying implicit prerequisite `pg_database.dat.S'.
    Trying pattern rule with stem `pg_database.dat'.
      Trying pattern rule with stem `Makefile.global.in'.
    Trying implicit prerequisite `pg_database.dat.mod'.
    Trying pattern rule with stem `pg_database.dat.o'.
      Trying implicit prerequisite `../../../../src/Makefile.global.in.y'.
    Trying implicit prerequisite `pg_database.dat.o,v'.
    Trying pattern rule with stem `pg_database.dat.o'.
      Trying pattern rule with stem `Makefile.global.in'.
    Trying implicit prerequisite `RCS/pg_database.dat.o,v'.
    Trying pattern rule with stem `pg_database.dat.o'.
      Trying implicit prerequisite `../../../../src/Makefile.global.in.w'.
    Trying implicit prerequisite `RCS/pg_database.dat.o'.
    Trying pattern rule with stem `pg_database.dat.o'.
    Trying implicit prerequisite `s.pg_database.dat.o'.
      Trying pattern rule with stem `Makefile.global.in'.
    Trying pattern rule with stem `pg_database.dat.o'.
    Trying implicit prerequisite `SCCS/s.pg_database.dat.o'.
    Trying pattern rule with stem `pg_database.dat'.
    Trying implicit prerequisite `pg_database.dat.c'.
      Trying implicit prerequisite `../../../../src/Makefile.global.in.w'.
    Looking for a rule with intermediate file `pg_database.dat.c'.
     Avoiding implicit rule recursion.
      Trying pattern rule with stem `Makefile.global.in.c'.
     Avoiding implicit rule recursion.
     Trying pattern rule with stem `pg_database.dat'.
      Trying implicit prerequisite `../../../../src/Makefile.global.in.c,v'.
     Trying implicit prerequisite `pg_database.dat.l'.
     Trying pattern rule with stem `pg_database.dat'.
     Trying implicit prerequisite `pg_database.dat.y'.
      Trying pattern rule with stem `Makefile.global.in.c'.
     Trying pattern rule with stem `pg_database.dat'.
     Trying implicit prerequisite `pg_database.dat.w'.
     Trying pattern rule with stem `pg_database.dat'.
     Trying implicit prerequisite `pg_database.dat.w'.
      Trying implicit prerequisite `../../../../src/RCS/Makefile.global.in.c,v'.
     Trying pattern rule with stem `pg_database.dat.c'.
     Trying implicit prerequisite `pg_database.dat.c,v'.
     Trying pattern rule with stem `pg_database.dat.c'.
      Trying pattern rule with stem `Makefile.global.in.c'.
     Trying implicit prerequisite `RCS/pg_database.dat.c,v'.
     Trying pattern rule with stem `pg_database.dat.c'.
      Trying implicit prerequisite `../../../../src/RCS/Makefile.global.in.c'.
     Trying implicit prerequisite `RCS/pg_database.dat.c'.
     Trying pattern rule with stem `pg_database.dat.c'.
     Trying implicit prerequisite `s.pg_database.dat.c'.
      Trying pattern rule with stem `Makefile.global.in.c'.
     Trying pattern rule with stem `pg_database.dat.c'.
     Trying implicit prerequisite `SCCS/s.pg_database.dat.c'.
      Trying implicit prerequisite `../../../../src/s.Makefile.global.in.c'.
     Trying pattern rule with stem `pg_database.dat'.
     Trying implicit prerequisite `pg_database.dat.l'.
     Looking for a rule with intermediate file `pg_database.dat.l'.
      Avoiding implicit rule recursion.
      Avoiding implicit rule recursion.
      Avoiding implicit rule recursion.
      Trying pattern rule with stem `pg_database.dat.l'.
      Trying implicit prerequisite `pg_database.dat.l,v'.
      Trying pattern rule with stem `Makefile.global.in.c'.
      Trying pattern rule with stem `pg_database.dat.l'.
      Trying implicit prerequisite `RCS/pg_database.dat.l,v'.
      Trying implicit prerequisite `../../../../src/SCCS/s.Makefile.global.in.c'.
      Trying pattern rule with stem `pg_database.dat.l'.
      Trying implicit prerequisite `RCS/pg_database.dat.l'.
      Trying pattern rule with stem `pg_database.dat.l'.
      Trying pattern rule with stem `Makefile.global.in'.
      Trying implicit prerequisite `s.pg_database.dat.l'.
      Trying pattern rule with stem `pg_database.dat.l'.
      Trying implicit prerequisite `../../../../src/Makefile.global.in.l'.
      Trying implicit prerequisite `SCCS/s.pg_database.dat.l'.
      Looking for a rule with intermediate file `../../../../src/Makefile.global.in.l'.
     Trying pattern rule with stem `pg_database.dat'.
       Avoiding implicit rule recursion.
     Trying implicit prerequisite `pg_database.dat.y'.
       Avoiding implicit rule recursion.
     Looking for a rule with intermediate file `pg_database.dat.y'.
       Avoiding implicit rule recursion.
      Avoiding implicit rule recursion.
      Avoiding implicit rule recursion.
      Avoiding implicit rule recursion.
      Trying pattern rule with stem `pg_database.dat.y'.
       Trying pattern rule with stem `Makefile.global.in.l'.
      Trying implicit prerequisite `pg_database.dat.y,v'.
      Trying pattern rule with stem `pg_database.dat.y'.
       Trying implicit prerequisite `../../../../src/Makefile.global.in.l,v'.
      Trying implicit prerequisite `RCS/pg_database.dat.y,v'.
      Trying pattern rule with stem `pg_database.dat.y'.
       Trying pattern rule with stem `Makefile.global.in.l'.
      Trying implicit prerequisite `RCS/pg_database.dat.y'.
      Trying pattern rule with stem `pg_database.dat.y'.
       Trying implicit prerequisite `../../../../src/RCS/Makefile.global.in.l,v'.
      Trying implicit prerequisite `s.pg_database.dat.y'.
      Trying pattern rule with stem `pg_database.dat.y'.
      Trying implicit prerequisite `SCCS/s.pg_database.dat.y'.
       Trying pattern rule with stem `Makefile.global.in.l'.
     Trying pattern rule with stem `pg_database.dat'.
     Trying implicit prerequisite `pg_database.dat.w'.
       Trying implicit prerequisite `../../../../src/RCS/Makefile.global.in.l'.
     Looking for a rule with intermediate file `pg_database.dat.w'.
      Avoiding implicit rule recursion.
      Avoiding implicit rule recursion.
      Avoiding implicit rule recursion.
      Trying pattern rule with stem `pg_database.dat.w'.
       Trying pattern rule with stem `Makefile.global.in.l'.
      Trying implicit prerequisite `pg_database.dat.w,v'.
      Trying pattern rule with stem `pg_database.dat.w'.
       Trying implicit prerequisite `../../../../src/s.Makefile.global.in.l'.
      Trying implicit prerequisite `RCS/pg_database.dat.w,v'.
      Trying pattern rule with stem `pg_database.dat.w'.
       Trying pattern rule with stem `Makefile.global.in.l'.
      Trying implicit prerequisite `RCS/pg_database.dat.w'.
      Trying pattern rule with stem `pg_database.dat.w'.
       Trying implicit prerequisite `../../../../src/SCCS/s.Makefile.global.in.l'.
      Trying implicit prerequisite `s.pg_database.dat.w'.
      Trying pattern rule with stem `pg_database.dat.w'.
      Trying pattern rule with stem `Makefile.global.in'.
      Trying implicit prerequisite `SCCS/s.pg_database.dat.w'.
     Trying pattern rule with stem `pg_database.dat'.
      Trying implicit prerequisite `../../../../src/Makefile.global.in.y'.
     Rejecting impossible implicit prerequisite `pg_database.dat.w'.
      Looking for a rule with intermediate file `../../../../src/Makefile.global.in.y'.
    Trying pattern rule with stem `pg_database.dat'.
       Avoiding implicit rule recursion.
    Trying implicit prerequisite `pg_database.dat.cc'.
       Avoiding implicit rule recursion.
    Looking for a rule with intermediate file `pg_database.dat.cc'.
       Avoiding implicit rule recursion.
     Avoiding implicit rule recursion.
     Avoiding implicit rule recursion.
       Trying pattern rule with stem `Makefile.global.in.y'.
     Trying pattern rule with stem `pg_database.dat.cc'.
     Trying implicit prerequisite `pg_database.dat.cc,v'.
       Trying implicit prerequisite `../../../../src/Makefile.global.in.y,v'.
     Trying pattern rule with stem `pg_database.dat.cc'.
     Trying implicit prerequisite `RCS/pg_database.dat.cc,v'.
     Trying pattern rule with stem `pg_database.dat.cc'.
       Trying pattern rule with stem `Makefile.global.in.y'.
     Trying implicit prerequisite `RCS/pg_database.dat.cc'.
     Trying pattern rule with stem `pg_database.dat.cc'.
       Trying implicit prerequisite `../../../../src/RCS/Makefile.global.in.y,v'.
     Trying implicit prerequisite `s.pg_database.dat.cc'.
     Trying pattern rule with stem `pg_database.dat.cc'.
     Trying implicit prerequisite `SCCS/s.pg_database.dat.cc'.
       Trying pattern rule with stem `Makefile.global.in.y'.
    Trying pattern rule with stem `pg_database.dat'.
    Trying implicit prerequisite `pg_database.dat.C'.
    Looking for a rule with intermediate file `pg_database.dat.C'.
     Avoiding implicit rule recursion.
     Avoiding implicit rule recursion.
     Trying pattern rule with stem `pg_database.dat.C'.
       Trying implicit prerequisite `../../../../src/RCS/Makefile.global.in.y'.
     Trying implicit prerequisite `pg_database.dat.C,v'.
     Trying pattern rule with stem `pg_database.dat.C'.
     Trying implicit prerequisite `RCS/pg_database.dat.C,v'.
       Trying pattern rule with stem `Makefile.global.in.y'.
     Trying pattern rule with stem `pg_database.dat.C'.
     Trying implicit prerequisite `RCS/pg_database.dat.C'.
     Trying pattern rule with stem `pg_database.dat.C'.
     Trying implicit prerequisite `s.pg_database.dat.C'.
       Trying implicit prerequisite `../../../../src/s.Makefile.global.in.y'.
     Trying pattern rule with stem `pg_database.dat.C'.
     Trying implicit prerequisite `SCCS/s.pg_database.dat.C'.
    Trying pattern rule with stem `pg_database.dat'.
       Trying pattern rule with stem `Makefile.global.in.y'.
    Trying implicit prerequisite `pg_database.dat.cpp'.
    Looking for a rule with intermediate file `pg_database.dat.cpp'.
     Avoiding implicit rule recursion.
     Avoiding implicit rule recursion.
       Trying implicit prerequisite `../../../../src/SCCS/s.Makefile.global.in.y'.
     Trying pattern rule with stem `pg_database.dat.cpp'.
     Trying implicit prerequisite `pg_database.dat.cpp,v'.
      Trying pattern rule with stem `Makefile.global.in'.
     Trying pattern rule with stem `pg_database.dat.cpp'.
     Trying implicit prerequisite `RCS/pg_database.dat.cpp,v'.
      Trying implicit prerequisite `../../../../src/Makefile.global.in.w'.
     Trying pattern rule with stem `pg_database.dat.cpp'.
     Trying implicit prerequisite `RCS/pg_database.dat.cpp'.
     Trying pattern rule with stem `pg_database.dat.cpp'.
      Looking for a rule with intermediate file `../../../../src/Makefile.global.in.w'.
     Trying implicit prerequisite `s.pg_database.dat.cpp'.
     Trying pattern rule with stem `pg_database.dat.cpp'.
     Trying implicit prerequisite `SCCS/s.pg_database.dat.cpp'.
       Avoiding implicit rule recursion.
    Trying pattern rule with stem `pg_database.dat'.
       Avoiding implicit rule recursion.
    Trying implicit prerequisite `pg_database.dat.p'.
    Looking for a rule with intermediate file `pg_database.dat.p'.
     Avoiding implicit rule recursion.
     Avoiding implicit rule recursion.
     Trying pattern rule with stem `pg_database.dat'.
       Avoiding implicit rule recursion.
     Trying implicit prerequisite `pg_database.dat.web'.
     Trying pattern rule with stem `pg_database.dat.p'.
     Trying implicit prerequisite `pg_database.dat.p,v'.
       Trying pattern rule with stem `Makefile.global.in.w'.
     Trying pattern rule with stem `pg_database.dat.p'.
     Trying implicit prerequisite `RCS/pg_database.dat.p,v'.
       Trying implicit prerequisite `../../../../src/Makefile.global.in.w,v'.
     Trying pattern rule with stem `pg_database.dat.p'.
     Trying implicit prerequisite `RCS/pg_database.dat.p'.
     Trying pattern rule with stem `pg_database.dat.p'.
       Trying pattern rule with stem `Makefile.global.in.w'.
     Trying implicit prerequisite `s.pg_database.dat.p'.
     Trying pattern rule with stem `pg_database.dat.p'.
       Trying implicit prerequisite `../../../../src/RCS/Makefile.global.in.w,v'.
     Trying implicit prerequisite `SCCS/s.pg_database.dat.p'.
     Trying pattern rule with stem `pg_database.dat'.
       Trying pattern rule with stem `Makefile.global.in.w'.
     Trying implicit prerequisite `pg_database.dat.web'.
     Looking for a rule with intermediate file `pg_database.dat.web'.
      Avoiding implicit rule recursion.
      Avoiding implicit rule recursion.
      Avoiding implicit rule recursion.
      Trying pattern rule with stem `pg_database.dat.web'.
       Trying implicit prerequisite `../../../../src/RCS/Makefile.global.in.w'.
      Trying implicit prerequisite `pg_database.dat.web,v'.
      Trying pattern rule with stem `pg_database.dat.web'.
      Trying implicit prerequisite `RCS/pg_database.dat.web,v'.
       Trying pattern rule with stem `Makefile.global.in.w'.
      Trying pattern rule with stem `pg_database.dat.web'.
      Trying implicit prerequisite `RCS/pg_database.dat.web'.
       Trying implicit prerequisite `../../../../src/s.Makefile.global.in.w'.
      Trying pattern rule with stem `pg_database.dat.web'.
      Trying implicit prerequisite `s.pg_database.dat.web'.
      Trying pattern rule with stem `pg_database.dat.web'.
       Trying pattern rule with stem `Makefile.global.in.w'.
      Trying implicit prerequisite `SCCS/s.pg_database.dat.web'.
    Trying pattern rule with stem `pg_database.dat'.
       Trying implicit prerequisite `../../../../src/SCCS/s.Makefile.global.in.w'.
    Trying implicit prerequisite `pg_database.dat.f'.
    Looking for a rule with intermediate file `pg_database.dat.f'.
     Avoiding implicit rule recursion.
     Avoiding implicit rule recursion.
      Trying pattern rule with stem `Makefile.global.in'.
     Trying pattern rule with stem `pg_database.dat'.
     Trying implicit prerequisite `pg_database.dat.F'.
     Trying pattern rule with stem `pg_database.dat'.
     Trying implicit prerequisite `pg_database.dat.r'.
      Rejecting impossible implicit prerequisite `../../../../src/Makefile.global.in.w'.
     Trying pattern rule with stem `pg_database.dat.f'.
     Trying implicit prerequisite `pg_database.dat.f,v'.
     Trying pattern rule with stem `Makefile.global.in'.
     Trying pattern rule with stem `pg_database.dat.f'.
     Trying implicit prerequisite `RCS/pg_database.dat.f,v'.
     Trying pattern rule with stem `pg_database.dat.f'.
     Trying implicit prerequisite `RCS/pg_database.dat.f'.
     Trying implicit prerequisite `../../../../src/Makefile.global.in.cc'.
     Trying pattern rule with stem `pg_database.dat.f'.
     Trying implicit prerequisite `s.pg_database.dat.f'.
     Trying pattern rule with stem `pg_database.dat.f'.
     Looking for a rule with intermediate file `../../../../src/Makefile.global.in.cc'.
     Trying implicit prerequisite `SCCS/s.pg_database.dat.f'.
     Trying pattern rule with stem `pg_database.dat'.
     Trying implicit prerequisite `pg_database.dat.F'.
      Avoiding implicit rule recursion.
     Looking for a rule with intermediate file `pg_database.dat.F'.
      Avoiding implicit rule recursion.
      Avoiding implicit rule recursion.
      Avoiding implicit rule recursion.
      Trying pattern rule with stem `pg_database.dat.F'.
      Avoiding implicit rule recursion.
      Trying implicit prerequisite `pg_database.dat.F,v'.
      Trying pattern rule with stem `pg_database.dat.F'.
      Trying pattern rule with stem `Makefile.global.in.cc'.
      Trying implicit prerequisite `RCS/pg_database.dat.F,v'.
      Trying pattern rule with stem `pg_database.dat.F'.
      Trying implicit prerequisite `../../../../src/Makefile.global.in.cc,v'.
      Trying implicit prerequisite `RCS/pg_database.dat.F'.
      Trying pattern rule with stem `pg_database.dat.F'.
      Trying pattern rule with stem `Makefile.global.in.cc'.
      Trying implicit prerequisite `s.pg_database.dat.F'.
      Trying pattern rule with stem `pg_database.dat.F'.
      Trying implicit prerequisite `../../../../src/RCS/Makefile.global.in.cc,v'.
      Trying implicit prerequisite `SCCS/s.pg_database.dat.F'.
     Trying pattern rule with stem `pg_database.dat'.
     Trying implicit prerequisite `pg_database.dat.r'.
      Trying pattern rule with stem `Makefile.global.in.cc'.
     Looking for a rule with intermediate file `pg_database.dat.r'.
      Avoiding implicit rule recursion.
      Avoiding implicit rule recursion.
      Avoiding implicit rule recursion.
      Trying pattern rule with stem `pg_database.dat'.
      Rejecting impossible implicit prerequisite `pg_database.dat.l'.
      Trying implicit prerequisite `../../../../src/RCS/Makefile.global.in.cc'.
      Trying pattern rule with stem `pg_database.dat.r'.
      Trying implicit prerequisite `pg_database.dat.r,v'.
      Trying pattern rule with stem `pg_database.dat.r'.
      Trying implicit prerequisite `RCS/pg_database.dat.r,v'.
      Trying pattern rule with stem `Makefile.global.in.cc'.
      Trying pattern rule with stem `pg_database.dat.r'.
      Trying implicit prerequisite `RCS/pg_database.dat.r'.
      Trying implicit prerequisite `../../../../src/s.Makefile.global.in.cc'.
      Trying pattern rule with stem `pg_database.dat.r'.
      Trying implicit prerequisite `s.pg_database.dat.r'.
      Trying pattern rule with stem `pg_database.dat.r'.
      Trying pattern rule with stem `Makefile.global.in.cc'.
      Trying implicit prerequisite `SCCS/s.pg_database.dat.r'.
    Trying pattern rule with stem `pg_database.dat'.
      Trying implicit prerequisite `../../../../src/SCCS/s.Makefile.global.in.cc'.
    Rejecting impossible implicit prerequisite `pg_database.dat.F'.
    Trying pattern rule with stem `pg_database.dat'.
     Trying pattern rule with stem `Makefile.global.in'.
    Trying implicit prerequisite `pg_database.dat.m'.
    Looking for a rule with intermediate file `pg_database.dat.m'.
     Avoiding implicit rule recursion.
     Avoiding implicit rule recursion.
     Trying implicit prerequisite `../../../../src/Makefile.global.in.C'.
     Trying pattern rule with stem `pg_database.dat'.
     Looking for a rule with intermediate file `../../../../src/Makefile.global.in.C'.
     Trying implicit prerequisite `pg_database.dat.ym'.
     Trying pattern rule with stem `pg_database.dat'.
     Trying implicit prerequisite `pg_database.dat.lm'.
      Avoiding implicit rule recursion.
     Trying pattern rule with stem `pg_database.dat.m'.
      Avoiding implicit rule recursion.
     Trying implicit prerequisite `pg_database.dat.m,v'.
     Trying pattern rule with stem `pg_database.dat.m'.
      Trying pattern rule with stem `Makefile.global.in.C'.
     Trying implicit prerequisite `RCS/pg_database.dat.m,v'.
     Trying pattern rule with stem `pg_database.dat.m'.
     Trying implicit prerequisite `RCS/pg_database.dat.m'.
     Trying pattern rule with stem `pg_database.dat.m'.
      Trying implicit prerequisite `../../../../src/Makefile.global.in.C,v'.
     Trying implicit prerequisite `s.pg_database.dat.m'.
     Trying pattern rule with stem `pg_database.dat.m'.
      Trying pattern rule with stem `Makefile.global.in.C'.
     Trying implicit prerequisite `SCCS/s.pg_database.dat.m'.
     Trying pattern rule with stem `pg_database.dat'.
     Trying implicit prerequisite `pg_database.dat.ym'.
     Looking for a rule with intermediate file `pg_database.dat.ym'.
      Avoiding implicit rule recursion.
      Avoiding implicit rule recursion.
      Trying implicit prerequisite `../../../../src/RCS/Makefile.global.in.C,v'.
      Avoiding implicit rule recursion.
      Trying pattern rule with stem `pg_database.dat.ym'.
      Trying implicit prerequisite `pg_database.dat.ym,v'.
      Trying pattern rule with stem `Makefile.global.in.C'.
      Trying pattern rule with stem `pg_database.dat.ym'.
      Trying implicit prerequisite `RCS/pg_database.dat.ym,v'.
      Trying implicit prerequisite `../../../../src/RCS/Makefile.global.in.C'.
      Trying pattern rule with stem `pg_database.dat.ym'.
      Trying implicit prerequisite `RCS/pg_database.dat.ym'.
      Trying pattern rule with stem `pg_database.dat.ym'.
      Trying pattern rule with stem `Makefile.global.in.C'.
      Trying implicit prerequisite `s.pg_database.dat.ym'.
      Trying pattern rule with stem `pg_database.dat.ym'.
      Trying implicit prerequisite `../../../../src/s.Makefile.global.in.C'.
      Trying implicit prerequisite `SCCS/s.pg_database.dat.ym'.
     Trying pattern rule with stem `pg_database.dat'.
     Trying implicit prerequisite `pg_database.dat.lm'.
      Trying pattern rule with stem `Makefile.global.in.C'.
     Looking for a rule with intermediate file `pg_database.dat.lm'.
      Avoiding implicit rule recursion.
      Avoiding implicit rule recursion.
      Avoiding implicit rule recursion.
      Trying implicit prerequisite `../../../../src/SCCS/s.Makefile.global.in.C'.
      Trying pattern rule with stem `pg_database.dat.lm'.
      Trying implicit prerequisite `pg_database.dat.lm,v'.
     Trying pattern rule with stem `Makefile.global.in'.
      Trying pattern rule with stem `pg_database.dat.lm'.
      Trying implicit prerequisite `RCS/pg_database.dat.lm,v'.
      Trying pattern rule with stem `pg_database.dat.lm'.
      Trying implicit prerequisite `RCS/pg_database.dat.lm'.
     Trying implicit prerequisite `../../../../src/Makefile.global.in.cpp'.
      Trying pattern rule with stem `pg_database.dat.lm'.
      Trying implicit prerequisite `s.pg_database.dat.lm'.
      Trying pattern rule with stem `pg_database.dat.lm'.
     Looking for a rule with intermediate file `../../../../src/Makefile.global.in.cpp'.
      Trying implicit prerequisite `SCCS/s.pg_database.dat.lm'.
    Trying pattern rule with stem `pg_database.dat'.
    Rejecting impossible implicit prerequisite `pg_database.dat.r'.
      Avoiding implicit rule recursion.
      Avoiding implicit rule recursion.
    Trying pattern rule with stem `pg_database.dat'.
      Trying pattern rule with stem `Makefile.global.in.cpp'.
      Trying implicit prerequisite `../../../../src/Makefile.global.in.cpp,v'.
      Trying pattern rule with stem `Makefile.global.in.cpp'.
    Trying implicit prerequisite `pg_database.dat.s'.
      Trying implicit prerequisite `../../../../src/RCS/Makefile.global.in.cpp,v'.
      Trying pattern rule with stem `Makefile.global.in.cpp'.
      Trying implicit prerequisite `../../../../src/RCS/Makefile.global.in.cpp'.
    Looking for a rule with intermediate file `pg_database.dat.s'.
      Trying pattern rule with stem `Makefile.global.in.cpp'.
     Avoiding implicit rule recursion.
      Trying implicit prerequisite `../../../../src/s.Makefile.global.in.cpp'.
      Trying pattern rule with stem `Makefile.global.in.cpp'.
      Trying implicit prerequisite `../../../../src/SCCS/s.Makefile.global.in.cpp'.
     Trying pattern rule with stem `Makefile.global.in'.
     Trying implicit prerequisite `../../../../src/Makefile.global.in.p'.
     Avoiding implicit rule recursion.
     Looking for a rule with intermediate file `../../../../src/Makefile.global.in.p'.
      Avoiding implicit rule recursion.
     Trying pattern rule with stem `pg_database.dat'.
      Avoiding implicit rule recursion.
      Trying pattern rule with stem `Makefile.global.in'.
     Trying implicit prerequisite `pg_database.dat.S'.
      Trying implicit prerequisite `../../../../src/Makefile.global.in.web'.
      Trying pattern rule with stem `Makefile.global.in.p'.
      Trying implicit prerequisite `../../../../src/Makefile.global.in.p,v'.
     Trying pattern rule with stem `pg_database.dat.s'.
      Trying pattern rule with stem `Makefile.global.in.p'.
      Trying implicit prerequisite `../../../../src/RCS/Makefile.global.in.p,v'.
     Trying implicit prerequisite `pg_database.dat.s,v'.
      Trying pattern rule with stem `Makefile.global.in.p'.
      Trying implicit prerequisite `../../../../src/RCS/Makefile.global.in.p'.
      Trying pattern rule with stem `Makefile.global.in.p'.
     Trying pattern rule with stem `pg_database.dat.s'.
      Trying implicit prerequisite `../../../../src/s.Makefile.global.in.p'.
      Trying pattern rule with stem `Makefile.global.in.p'.
     Trying implicit prerequisite `RCS/pg_database.dat.s,v'.
      Trying implicit prerequisite `../../../../src/SCCS/s.Makefile.global.in.p'.
      Trying pattern rule with stem `Makefile.global.in'.
      Trying implicit prerequisite `../../../../src/Makefile.global.in.web'.
     Trying pattern rule with stem `pg_database.dat.s'.
      Looking for a rule with intermediate file `../../../../src/Makefile.global.in.web'.
       Avoiding implicit rule recursion.
       Avoiding implicit rule recursion.
       Avoiding implicit rule recursion.
     Trying implicit prerequisite `RCS/pg_database.dat.s'.
       Trying pattern rule with stem `Makefile.global.in.web'.
     Trying pattern rule with stem `pg_database.dat.s'.
       Trying implicit prerequisite `../../../../src/Makefile.global.in.web,v'.
       Trying pattern rule with stem `Makefile.global.in.web'.
     Trying implicit prerequisite `s.pg_database.dat.s'.
       Trying implicit prerequisite `../../../../src/RCS/Makefile.global.in.web,v'.
       Trying pattern rule with stem `Makefile.global.in.web'.
       Trying implicit prerequisite `../../../../src/RCS/Makefile.global.in.web'.
     Trying pattern rule with stem `pg_database.dat.s'.
       Trying pattern rule with stem `Makefile.global.in.web'.
       Trying implicit prerequisite `../../../../src/s.Makefile.global.in.web'.
     Trying implicit prerequisite `SCCS/s.pg_database.dat.s'.
       Trying pattern rule with stem `Makefile.global.in.web'.
       Trying implicit prerequisite `../../../../src/SCCS/s.Makefile.global.in.web'.
     Trying pattern rule with stem `Makefile.global.in'.
     Trying implicit prerequisite `../../../../src/Makefile.global.in.f'.
     Trying pattern rule with stem `pg_database.dat'.
     Looking for a rule with intermediate file `../../../../src/Makefile.global.in.f'.
      Avoiding implicit rule recursion.
      Avoiding implicit rule recursion.
      Trying pattern rule with stem `Makefile.global.in'.
      Trying implicit prerequisite `../../../../src/Makefile.global.in.F'.
     Trying implicit prerequisite `pg_database.dat.S'.
      Trying pattern rule with stem `Makefile.global.in'.
     Looking for a rule with intermediate file `pg_database.dat.S'.
      Avoiding implicit rule recursion.
      Avoiding implicit rule recursion.
      Avoiding implicit rule recursion.
      Trying pattern rule with stem `pg_database.dat.S'.
      Trying implicit prerequisite `pg_database.dat.S,v'.
      Trying implicit prerequisite `../../../../src/Makefile.global.in.r'.
      Trying pattern rule with stem `pg_database.dat.S'.
      Trying implicit prerequisite `RCS/pg_database.dat.S,v'.
      Trying pattern rule with stem `pg_database.dat.S'.
      Trying implicit prerequisite `RCS/pg_database.dat.S'.
      Trying pattern rule with stem `Makefile.global.in.f'.
      Trying pattern rule with stem `pg_database.dat.S'.
      Trying implicit prerequisite `s.pg_database.dat.S'.
      Trying pattern rule with stem `pg_database.dat.S'.
      Trying implicit prerequisite `SCCS/s.pg_database.dat.S'.
      Trying implicit prerequisite `../../../../src/Makefile.global.in.f,v'.
    Trying pattern rule with stem `pg_database.dat'.
    Rejecting impossible implicit prerequisite `pg_database.dat.S'.
    Trying pattern rule with stem `pg_database.dat'.
      Trying pattern rule with stem `Makefile.global.in.f'.
    Trying implicit prerequisite `pg_database.dat.mod'.
    Looking for a rule with intermediate file `pg_database.dat.mod'.
     Avoiding implicit rule recursion.
     Avoiding implicit rule recursion.
      Trying implicit prerequisite `../../../../src/RCS/Makefile.global.in.f,v'.
     Trying pattern rule with stem `pg_database.dat.mod'.
     Trying implicit prerequisite `pg_database.dat.mod,v'.
     Trying pattern rule with stem `pg_database.dat.mod'.
      Trying pattern rule with stem `Makefile.global.in.f'.
     Trying implicit prerequisite `RCS/pg_database.dat.mod,v'.
     Trying pattern rule with stem `pg_database.dat.mod'.
      Trying implicit prerequisite `../../../../src/RCS/Makefile.global.in.f'.
     Trying implicit prerequisite `RCS/pg_database.dat.mod'.
     Trying pattern rule with stem `pg_database.dat.mod'.
     Trying implicit prerequisite `s.pg_database.dat.mod'.
      Trying pattern rule with stem `Makefile.global.in.f'.
     Trying pattern rule with stem `pg_database.dat.mod'.
     Trying implicit prerequisite `SCCS/s.pg_database.dat.mod'.
      Trying implicit prerequisite `../../../../src/s.Makefile.global.in.f'.
   Trying pattern rule with stem `pg_database.dat'.
   Rejecting impossible implicit prerequisite `pg_database.dat.cc'.
   Trying pattern rule with stem `pg_database.dat'.
      Trying pattern rule with stem `Makefile.global.in.f'.
   Rejecting impossible implicit prerequisite `pg_database.dat.C'.
   Trying pattern rule with stem `pg_database.dat'.
   Rejecting impossible implicit prerequisite `pg_database.dat.cpp'.
   Trying pattern rule with stem `pg_database.dat'.
      Trying implicit prerequisite `../../../../src/SCCS/s.Makefile.global.in.f'.
   Rejecting impossible implicit prerequisite `pg_database.dat.p'.
   Trying pattern rule with stem `pg_database.dat'.
   Rejecting impossible implicit prerequisite `pg_database.dat.f'.
      Trying pattern rule with stem `Makefile.global.in'.
   Trying pattern rule with stem `pg_database.dat'.
   Rejecting impossible implicit prerequisite `pg_database.dat.F'.
   Trying pattern rule with stem `pg_database.dat'.
   Rejecting impossible implicit prerequisite `pg_database.dat.m'.
      Trying implicit prerequisite `../../../../src/Makefile.global.in.F'.
   Trying pattern rule with stem `pg_database.dat'.
   Rejecting impossible implicit prerequisite `pg_database.dat.r'.
   Trying pattern rule with stem `pg_database.dat'.
   Rejecting impossible implicit prerequisite `pg_database.dat.s'.
   Trying pattern rule with stem `pg_database.dat'.
      Looking for a rule with intermediate file `../../../../src/Makefile.global.in.F'.
   Rejecting impossible implicit prerequisite `pg_database.dat.S'.
   Trying pattern rule with stem `pg_database.dat'.
   Rejecting impossible implicit prerequisite `pg_database.dat.mod'.
       Avoiding implicit rule recursion.
   Trying pattern rule with stem `pg_database.dat'.
       Avoiding implicit rule recursion.
   Trying implicit prerequisite `pg_database.dat.sh'.
       Avoiding implicit rule recursion.
   Looking for a rule with intermediate file `pg_database.dat.sh'.
    Avoiding implicit rule recursion.
       Trying pattern rule with stem `Makefile.global.in.F'.
    Trying pattern rule with stem `pg_database.dat.sh'.
    Trying implicit prerequisite `pg_database.dat.sh,v'.
    Trying pattern rule with stem `pg_database.dat.sh'.
    Trying implicit prerequisite `RCS/pg_database.dat.sh,v'.
       Trying implicit prerequisite `../../../../src/Makefile.global.in.F,v'.
    Trying pattern rule with stem `pg_database.dat.sh'.
    Trying implicit prerequisite `RCS/pg_database.dat.sh'.
    Trying pattern rule with stem `pg_database.dat.sh'.
       Trying pattern rule with stem `Makefile.global.in.F'.
    Trying implicit prerequisite `s.pg_database.dat.sh'.
    Trying pattern rule with stem `pg_database.dat.sh'.
       Trying implicit prerequisite `../../../../src/RCS/Makefile.global.in.F,v'.
    Trying implicit prerequisite `SCCS/s.pg_database.dat.sh'.
   No implicit rule found for `pg_database.dat'.
       Trying pattern rule with stem `Makefile.global.in.F'.
   Looking for an implicit rule for `pg_language.dat'.
   Trying pattern rule with stem `pg_language.dat'.
   Trying implicit prerequisite `pg_language.dat.o'.
       Trying implicit prerequisite `../../../../src/RCS/Makefile.global.in.F'.
   Trying pattern rule with stem `pg_language.dat'.
   Trying implicit prerequisite `pg_language.dat.cc'.
   Trying pattern rule with stem `pg_language.dat'.
       Trying pattern rule with stem `Makefile.global.in.F'.
   Trying implicit prerequisite `pg_language.dat.C'.
   Trying pattern rule with stem `pg_language.dat'.
   Trying implicit prerequisite `pg_language.dat.cpp'.
   Trying pattern rule with stem `pg_language.dat'.
       Trying implicit prerequisite `../../../../src/s.Makefile.global.in.F'.
   Trying implicit prerequisite `pg_language.dat.p'.
   Trying pattern rule with stem `pg_language.dat'.
       Trying pattern rule with stem `Makefile.global.in.F'.
   Trying implicit prerequisite `pg_language.dat.f'.
   Trying pattern rule with stem `pg_language.dat'.
   Trying implicit prerequisite `pg_language.dat.F'.
   Trying pattern rule with stem `pg_language.dat'.
   Trying implicit prerequisite `pg_language.dat.m'.
   Trying pattern rule with stem `pg_language.dat'.
       Trying implicit prerequisite `../../../../src/SCCS/s.Makefile.global.in.F'.
   Trying implicit prerequisite `pg_language.dat.r'.
   Trying pattern rule with stem `pg_language.dat'.
      Trying pattern rule with stem `Makefile.global.in'.
   Trying implicit prerequisite `pg_language.dat.s'.
   Trying pattern rule with stem `pg_language.dat'.
   Trying implicit prerequisite `pg_language.dat.S'.
   Trying pattern rule with stem `pg_language.dat'.
   Trying implicit prerequisite `pg_language.dat.mod'.
   Trying pattern rule with stem `pg_language.dat'.
      Trying implicit prerequisite `../../../../src/Makefile.global.in.r'.
   Trying implicit prerequisite `pg_language.dat.sh'.
      Looking for a rule with intermediate file `../../../../src/Makefile.global.in.r'.
   Trying pattern rule with stem `pg_language.dat'.
       Avoiding implicit rule recursion.
   Trying implicit prerequisite `pg_language.dat,v'.
       Avoiding implicit rule recursion.
       Avoiding implicit rule recursion.
   Trying pattern rule with stem `pg_language.dat'.
       Trying pattern rule with stem `Makefile.global.in'.
   Trying implicit prerequisite `RCS/pg_language.dat,v'.
       Rejecting impossible implicit prerequisite `../../../../src/Makefile.global.in.l'.
       Trying pattern rule with stem `Makefile.global.in.r'.
       Trying implicit prerequisite `../../../../src/Makefile.global.in.r,v'.
   Trying pattern rule with stem `pg_language.dat'.
       Trying pattern rule with stem `Makefile.global.in.r'.
       Trying implicit prerequisite `../../../../src/RCS/Makefile.global.in.r,v'.
   Trying implicit prerequisite `RCS/pg_language.dat'.
       Trying pattern rule with stem `Makefile.global.in.r'.
   Trying pattern rule with stem `pg_language.dat'.
       Trying implicit prerequisite `../../../../src/RCS/Makefile.global.in.r'.
       Trying pattern rule with stem `Makefile.global.in.r'.
   Trying implicit prerequisite `s.pg_language.dat'.
       Trying implicit prerequisite `../../../../src/s.Makefile.global.in.r'.
       Trying pattern rule with stem `Makefile.global.in.r'.
       Trying implicit prerequisite `../../../../src/SCCS/s.Makefile.global.in.r'.
   Trying pattern rule with stem `pg_language.dat'.
     Trying pattern rule with stem `Makefile.global.in'.
     Rejecting impossible implicit prerequisite `../../../../src/Makefile.global.in.F'.
   Trying implicit prerequisite `SCCS/s.pg_language.dat'.
     Trying pattern rule with stem `Makefile.global.in'.
     Trying implicit prerequisite `../../../../src/Makefile.global.in.m'.
     Looking for a rule with intermediate file `../../../../src/Makefile.global.in.m'.
      Avoiding implicit rule recursion.
      Avoiding implicit rule recursion.
   Trying pattern rule with stem `pg_language.dat'.
      Trying pattern rule with stem `Makefile.global.in'.
      Trying implicit prerequisite `../../../../src/Makefile.global.in.ym'.
   Trying implicit prerequisite `pg_language.dat.o'.
      Trying pattern rule with stem `Makefile.global.in'.
      Trying implicit prerequisite `../../../../src/Makefile.global.in.lm'.
      Trying pattern rule with stem `Makefile.global.in.m'.
   Looking for a rule with intermediate file `pg_language.dat.o'.
      Trying implicit prerequisite `../../../../src/Makefile.global.in.m,v'.
    Avoiding implicit rule recursion.
      Trying pattern rule with stem `Makefile.global.in.m'.
      Trying implicit prerequisite `../../../../src/RCS/Makefile.global.in.m,v'.
    Trying pattern rule with stem `pg_language.dat'.
      Trying pattern rule with stem `Makefile.global.in.m'.
      Trying implicit prerequisite `../../../../src/RCS/Makefile.global.in.m'.
    Trying implicit prerequisite `pg_language.dat.c'.
      Trying pattern rule with stem `Makefile.global.in.m'.
      Trying implicit prerequisite `../../../../src/s.Makefile.global.in.m'.
      Trying pattern rule with stem `Makefile.global.in.m'.
    Trying pattern rule with stem `pg_language.dat'.
      Trying implicit prerequisite `../../../../src/SCCS/s.Makefile.global.in.m'.
      Trying pattern rule with stem `Makefile.global.in'.
    Trying implicit prerequisite `pg_language.dat.cc'.
      Trying implicit prerequisite `../../../../src/Makefile.global.in.ym'.
      Looking for a rule with intermediate file `../../../../src/Makefile.global.in.ym'.
    Trying pattern rule with stem `pg_language.dat'.
       Avoiding implicit rule recursion.
       Avoiding implicit rule recursion.
    Trying implicit prerequisite `pg_language.dat.C'.
       Avoiding implicit rule recursion.
       Trying pattern rule with stem `Makefile.global.in.ym'.
       Trying implicit prerequisite `../../../../src/Makefile.global.in.ym,v'.
       Trying pattern rule with stem `Makefile.global.in.ym'.
    Trying pattern rule with stem `pg_language.dat'.
       Trying implicit prerequisite `../../../../src/RCS/Makefile.global.in.ym,v'.
       Trying pattern rule with stem `Makefile.global.in.ym'.
    Trying implicit prerequisite `pg_language.dat.cpp'.
       Trying implicit prerequisite `../../../../src/RCS/Makefile.global.in.ym'.
       Trying pattern rule with stem `Makefile.global.in.ym'.
       Trying implicit prerequisite `../../../../src/s.Makefile.global.in.ym'.
    Trying pattern rule with stem `pg_language.dat'.
       Trying pattern rule with stem `Makefile.global.in.ym'.
       Trying implicit prerequisite `../../../../src/SCCS/s.Makefile.global.in.ym'.
    Trying implicit prerequisite `pg_language.dat.p'.
      Trying pattern rule with stem `Makefile.global.in'.
      Trying implicit prerequisite `../../../../src/Makefile.global.in.lm'.
    Trying pattern rule with stem `pg_language.dat'.
      Looking for a rule with intermediate file `../../../../src/Makefile.global.in.lm'.
       Avoiding implicit rule recursion.
    Trying implicit prerequisite `pg_language.dat.f'.
       Avoiding implicit rule recursion.
       Avoiding implicit rule recursion.
       Trying pattern rule with stem `Makefile.global.in.lm'.
    Trying pattern rule with stem `pg_language.dat'.
       Trying implicit prerequisite `../../../../src/Makefile.global.in.lm,v'.
       Trying pattern rule with stem `Makefile.global.in.lm'.
    Trying implicit prerequisite `pg_language.dat.F'.
       Trying implicit prerequisite `../../../../src/RCS/Makefile.global.in.lm,v'.
       Trying pattern rule with stem `Makefile.global.in.lm'.
       Trying implicit prerequisite `../../../../src/RCS/Makefile.global.in.lm'.
    Trying pattern rule with stem `pg_language.dat'.
       Trying pattern rule with stem `Makefile.global.in.lm'.
       Trying implicit prerequisite `../../../../src/s.Makefile.global.in.lm'.
    Trying implicit prerequisite `pg_language.dat.m'.
       Trying pattern rule with stem `Makefile.global.in.lm'.
       Trying implicit prerequisite `../../../../src/SCCS/s.Makefile.global.in.lm'.
     Trying pattern rule with stem `Makefile.global.in'.
     Rejecting impossible implicit prerequisite `../../../../src/Makefile.global.in.r'.
    Trying pattern rule with stem `pg_language.dat'.
     Trying pattern rule with stem `Makefile.global.in'.
     Trying implicit prerequisite `../../../../src/Makefile.global.in.s'.
    Trying implicit prerequisite `pg_language.dat.r'.
     Looking for a rule with intermediate file `../../../../src/Makefile.global.in.s'.
      Avoiding implicit rule recursion.
      Avoiding implicit rule recursion.
      Trying pattern rule with stem `Makefile.global.in'.
      Trying implicit prerequisite `../../../../src/Makefile.global.in.S'.
      Trying pattern rule with stem `Makefile.global.in.s'.
      Trying implicit prerequisite `../../../../src/Makefile.global.in.s,v'.
      Trying pattern rule with stem `Makefile.global.in.s'.
      Trying implicit prerequisite `../../../../src/RCS/Makefile.global.in.s,v'.
    Trying pattern rule with stem `pg_language.dat'.
      Trying pattern rule with stem `Makefile.global.in.s'.
      Trying implicit prerequisite `../../../../src/RCS/Makefile.global.in.s'.
      Trying pattern rule with stem `Makefile.global.in.s'.
    Trying implicit prerequisite `pg_language.dat.s'.
      Trying implicit prerequisite `../../../../src/s.Makefile.global.in.s'.
      Trying pattern rule with stem `Makefile.global.in.s'.
    Trying pattern rule with stem `pg_language.dat'.
      Trying implicit prerequisite `../../../../src/SCCS/s.Makefile.global.in.s'.
      Trying pattern rule with stem `Makefile.global.in'.
    Trying implicit prerequisite `pg_language.dat.S'.
      Trying implicit prerequisite `../../../../src/Makefile.global.in.S'.
      Looking for a rule with intermediate file `../../../../src/Makefile.global.in.S'.
       Avoiding implicit rule recursion.
       Avoiding implicit rule recursion.
       Avoiding implicit rule recursion.
    Trying pattern rule with stem `pg_language.dat'.
       Trying pattern rule with stem `Makefile.global.in.S'.
       Trying implicit prerequisite `../../../../src/Makefile.global.in.S,v'.
    Trying implicit prerequisite `pg_language.dat.mod'.
       Trying pattern rule with stem `Makefile.global.in.S'.
       Trying implicit prerequisite `../../../../src/RCS/Makefile.global.in.S,v'.
       Trying pattern rule with stem `Makefile.global.in.S'.
    Trying pattern rule with stem `pg_language.dat.o'.
       Trying implicit prerequisite `../../../../src/RCS/Makefile.global.in.S'.
       Trying pattern rule with stem `Makefile.global.in.S'.
    Trying implicit prerequisite `pg_language.dat.o,v'.
       Trying implicit prerequisite `../../../../src/s.Makefile.global.in.S'.
       Trying pattern rule with stem `Makefile.global.in.S'.
       Trying implicit prerequisite `../../../../src/SCCS/s.Makefile.global.in.S'.
    Trying pattern rule with stem `pg_language.dat.o'.
     Trying pattern rule with stem `Makefile.global.in'.
     Rejecting impossible implicit prerequisite `../../../../src/Makefile.global.in.S'.
    Trying implicit prerequisite `RCS/pg_language.dat.o,v'.
     Trying pattern rule with stem `Makefile.global.in'.
     Trying implicit prerequisite `../../../../src/Makefile.global.in.mod'.
     Looking for a rule with intermediate file `../../../../src/Makefile.global.in.mod'.
      Avoiding implicit rule recursion.
      Avoiding implicit rule recursion.
    Trying pattern rule with stem `pg_language.dat.o'.
      Trying pattern rule with stem `Makefile.global.in.mod'.
      Trying implicit prerequisite `../../../../src/Makefile.global.in.mod,v'.
    Trying implicit prerequisite `RCS/pg_language.dat.o'.
      Trying pattern rule with stem `Makefile.global.in.mod'.
      Trying implicit prerequisite `../../../../src/RCS/Makefile.global.in.mod,v'.
      Trying pattern rule with stem `Makefile.global.in.mod'.
    Trying pattern rule with stem `pg_language.dat.o'.
      Trying implicit prerequisite `../../../../src/RCS/Makefile.global.in.mod'.
      Trying pattern rule with stem `Makefile.global.in.mod'.
    Trying implicit prerequisite `s.pg_language.dat.o'.
      Trying implicit prerequisite `../../../../src/s.Makefile.global.in.mod'.
      Trying pattern rule with stem `Makefile.global.in.mod'.
      Trying implicit prerequisite `../../../../src/SCCS/s.Makefile.global.in.mod'.
    Trying pattern rule with stem `pg_language.dat.o'.
    Trying pattern rule with stem `Makefile.global.in'.
    Rejecting impossible implicit prerequisite `../../../../src/Makefile.global.in.cc'.
    Trying pattern rule with stem `Makefile.global.in'.
    Rejecting impossible implicit prerequisite `../../../../src/Makefile.global.in.C'.
    Trying implicit prerequisite `SCCS/s.pg_language.dat.o'.
    Trying pattern rule with stem `Makefile.global.in'.
    Rejecting impossible implicit prerequisite `../../../../src/Makefile.global.in.cpp'.
    Trying pattern rule with stem `Makefile.global.in'.
    Trying pattern rule with stem `pg_language.dat'.
    Rejecting impossible implicit prerequisite `../../../../src/Makefile.global.in.p'.
    Trying pattern rule with stem `Makefile.global.in'.
    Trying implicit prerequisite `pg_language.dat.c'.
    Rejecting impossible implicit prerequisite `../../../../src/Makefile.global.in.f'.
    Trying pattern rule with stem `Makefile.global.in'.
    Rejecting impossible implicit prerequisite `../../../../src/Makefile.global.in.F'.
    Looking for a rule with intermediate file `pg_language.dat.c'.
    Trying pattern rule with stem `Makefile.global.in'.
    Rejecting impossible implicit prerequisite `../../../../src/Makefile.global.in.m'.
    Trying pattern rule with stem `Makefile.global.in'.
     Avoiding implicit rule recursion.
    Rejecting impossible implicit prerequisite `../../../../src/Makefile.global.in.r'.
     Avoiding implicit rule recursion.
    Trying pattern rule with stem `Makefile.global.in'.
    Rejecting impossible implicit prerequisite `../../../../src/Makefile.global.in.s'.
     Trying pattern rule with stem `pg_language.dat'.
    Trying pattern rule with stem `Makefile.global.in'.
    Rejecting impossible implicit prerequisite `../../../../src/Makefile.global.in.S'.
    Trying pattern rule with stem `Makefile.global.in'.
    Rejecting impossible implicit prerequisite `../../../../src/Makefile.global.in.mod'.
     Trying implicit prerequisite `pg_language.dat.l'.
    Trying pattern rule with stem `Makefile.global.in'.
    Trying implicit prerequisite `../../../../src/Makefile.global.in.sh'.
    Looking for a rule with intermediate file `../../../../src/Makefile.global.in.sh'.
     Trying pattern rule with stem `pg_language.dat'.
     Avoiding implicit rule recursion.
     Trying pattern rule with stem `Makefile.global.in.sh'.
     Trying implicit prerequisite `pg_language.dat.y'.
     Trying implicit prerequisite `../../../../src/Makefile.global.in.sh,v'.
     Trying pattern rule with stem `Makefile.global.in.sh'.
     Trying implicit prerequisite `../../../../src/RCS/Makefile.global.in.sh,v'.
     Trying pattern rule with stem `pg_language.dat'.
     Trying pattern rule with stem `Makefile.global.in.sh'.
     Trying implicit prerequisite `../../../../src/RCS/Makefile.global.in.sh'.
     Trying implicit prerequisite `pg_language.dat.w'.
     Trying pattern rule with stem `Makefile.global.in.sh'.
     Trying implicit prerequisite `../../../../src/s.Makefile.global.in.sh'.
     Trying pattern rule with stem `Makefile.global.in.sh'.
     Trying pattern rule with stem `pg_language.dat'.
     Trying implicit prerequisite `../../../../src/SCCS/s.Makefile.global.in.sh'.
    No implicit rule found for `../../../../src/Makefile.global.in'.
    Finished prerequisites of target file `../../../../src/Makefile.global.in'.
   No need to remake target `../../../../src/Makefile.global.in'.
     Trying implicit prerequisite `pg_language.dat.w'.
   Considering target file `../../../../config.status'.
     Trying pattern rule with stem `pg_language.dat.c'.
     Considering target file `../../../../configure'.
      Looking for an implicit rule for `../../../../configure'.
     Trying implicit prerequisite `pg_language.dat.c,v'.
      Trying pattern rule with stem `configure'.
     Trying pattern rule with stem `pg_language.dat.c'.
     Trying implicit prerequisite `RCS/pg_language.dat.c,v'.
     Trying pattern rule with stem `pg_language.dat.c'.
      Trying implicit prerequisite `../../../../configure.o'.
     Trying implicit prerequisite `RCS/pg_language.dat.c'.
     Trying pattern rule with stem `pg_language.dat.c'.
     Trying implicit prerequisite `s.pg_language.dat.c'.
     Trying pattern rule with stem `pg_language.dat.c'.
      Trying pattern rule with stem `configure'.
      Trying implicit prerequisite `../../../../configure.cc'.
     Trying implicit prerequisite `SCCS/s.pg_language.dat.c'.
      Trying pattern rule with stem `configure'.
      Trying implicit prerequisite `../../../../configure.C'.
      Trying pattern rule with stem `configure'.
     Trying pattern rule with stem `pg_language.dat'.
      Trying implicit prerequisite `../../../../configure.cpp'.
      Trying pattern rule with stem `configure'.
     Trying implicit prerequisite `pg_language.dat.l'.
      Trying implicit prerequisite `../../../../configure.p'.
      Trying pattern rule with stem `configure'.
      Trying implicit prerequisite `../../../../configure.f'.
     Looking for a rule with intermediate file `pg_language.dat.l'.
      Trying pattern rule with stem `configure'.
      Avoiding implicit rule recursion.
      Trying implicit prerequisite `../../../../configure.F'.
      Avoiding implicit rule recursion.
      Trying pattern rule with stem `configure'.
      Trying implicit prerequisite `../../../../configure.m'.
      Avoiding implicit rule recursion.
      Trying pattern rule with stem `configure'.
      Trying implicit prerequisite `../../../../configure.r'.
      Trying pattern rule with stem `configure'.
      Trying pattern rule with stem `pg_language.dat.l'.
      Trying implicit prerequisite `../../../../configure.s'.
      Trying pattern rule with stem `configure'.
      Trying implicit prerequisite `pg_language.dat.l,v'.
      Trying implicit prerequisite `../../../../configure.S'.
      Trying pattern rule with stem `configure'.
      Trying implicit prerequisite `../../../../configure.mod'.
      Trying pattern rule with stem `pg_language.dat.l'.
      Trying pattern rule with stem `configure'.
      Trying implicit prerequisite `../../../../configure.sh'.
      Trying implicit prerequisite `RCS/pg_language.dat.l,v'.
      Trying pattern rule with stem `configure'.
      Trying implicit prerequisite `../../../../configure,v'.
      Trying pattern rule with stem `configure'.
      Trying pattern rule with stem `pg_language.dat.l'.
      Trying implicit prerequisite `../../../../RCS/configure,v'.
      Trying pattern rule with stem `configure'.
      Trying implicit prerequisite `RCS/pg_language.dat.l'.
      Trying implicit prerequisite `../../../../RCS/configure'.
      Trying pattern rule with stem `configure'.
      Trying implicit prerequisite `../../../../s.configure'.
      Trying pattern rule with stem `pg_language.dat.l'.
      Trying pattern rule with stem `configure'.
      Trying implicit prerequisite `s.pg_language.dat.l'.
      Trying implicit prerequisite `../../../../SCCS/s.configure'.
      Trying pattern rule with stem `configure'.
      Trying implicit prerequisite `../../../../configure.o'.
      Trying pattern rule with stem `pg_language.dat.l'.
      Looking for a rule with intermediate file `../../../../configure.o'.
       Avoiding implicit rule recursion.
      Trying implicit prerequisite `SCCS/s.pg_language.dat.l'.
       Trying pattern rule with stem `configure'.
       Trying implicit prerequisite `../../../../configure.c'.
     Trying pattern rule with stem `pg_language.dat'.
       Trying pattern rule with stem `configure'.
       Trying implicit prerequisite `../../../../configure.cc'.
     Trying implicit prerequisite `pg_language.dat.y'.
       Trying pattern rule with stem `configure'.
     Looking for a rule with intermediate file `pg_language.dat.y'.
       Trying implicit prerequisite `../../../../configure.C'.
       Trying pattern rule with stem `configure'.
       Trying implicit prerequisite `../../../../configure.cpp'.
      Avoiding implicit rule recursion.
       Trying pattern rule with stem `configure'.
      Avoiding implicit rule recursion.
       Trying implicit prerequisite `../../../../configure.p'.
      Avoiding implicit rule recursion.
       Trying pattern rule with stem `configure'.
       Trying implicit prerequisite `../../../../configure.f'.
      Trying pattern rule with stem `pg_language.dat.y'.
       Trying pattern rule with stem `configure'.
       Trying implicit prerequisite `../../../../configure.F'.
      Trying implicit prerequisite `pg_language.dat.y,v'.
       Trying pattern rule with stem `configure'.
       Trying implicit prerequisite `../../../../configure.m'.
       Trying pattern rule with stem `configure'.
      Trying pattern rule with stem `pg_language.dat.y'.
       Trying implicit prerequisite `../../../../configure.r'.
       Trying pattern rule with stem `configure'.
      Trying implicit prerequisite `RCS/pg_language.dat.y,v'.
       Trying implicit prerequisite `../../../../configure.s'.
       Trying pattern rule with stem `configure'.
       Trying implicit prerequisite `../../../../configure.S'.
      Trying pattern rule with stem `pg_language.dat.y'.
       Trying pattern rule with stem `configure'.
       Trying implicit prerequisite `../../../../configure.mod'.
      Trying implicit prerequisite `RCS/pg_language.dat.y'.
       Trying pattern rule with stem `configure.o'.
       Trying implicit prerequisite `../../../../configure.o,v'.
       Trying pattern rule with stem `configure.o'.
      Trying pattern rule with stem `pg_language.dat.y'.
       Trying implicit prerequisite `../../../../RCS/configure.o,v'.
       Trying pattern rule with stem `configure.o'.
      Trying implicit prerequisite `s.pg_language.dat.y'.
       Trying implicit prerequisite `../../../../RCS/configure.o'.
       Trying pattern rule with stem `configure.o'.
       Trying implicit prerequisite `../../../../s.configure.o'.
      Trying pattern rule with stem `pg_language.dat.y'.
       Trying pattern rule with stem `configure.o'.
       Trying implicit prerequisite `../../../../SCCS/s.configure.o'.
       Trying pattern rule with stem `configure'.
      Trying implicit prerequisite `SCCS/s.pg_language.dat.y'.
       Trying implicit prerequisite `../../../../configure.c'.
       Looking for a rule with intermediate file `../../../../configure.c'.
        Avoiding implicit rule recursion.
        Avoiding implicit rule recursion.
     Trying pattern rule with stem `pg_language.dat'.
        Trying pattern rule with stem `configure'.
        Trying implicit prerequisite `../../../../configure.l'.
     Trying implicit prerequisite `pg_language.dat.w'.
        Trying pattern rule with stem `configure'.
     Looking for a rule with intermediate file `pg_language.dat.w'.
        Trying implicit prerequisite `../../../../configure.y'.
        Trying pattern rule with stem `configure'.
        Trying implicit prerequisite `../../../../configure.w'.
      Avoiding implicit rule recursion.
        Trying pattern rule with stem `configure'.
      Avoiding implicit rule recursion.
        Trying implicit prerequisite `../../../../configure.w'.
        Trying pattern rule with stem `configure.c'.
        Trying implicit prerequisite `../../../../configure.c,v'.
        Trying pattern rule with stem `configure.c'.
      Avoiding implicit rule recursion.
        Trying implicit prerequisite `../../../../RCS/configure.c,v'.
        Trying pattern rule with stem `configure.c'.
        Trying implicit prerequisite `../../../../RCS/configure.c'.
      Trying pattern rule with stem `pg_language.dat.w'.
        Trying pattern rule with stem `configure.c'.
        Trying implicit prerequisite `../../../../s.configure.c'.
      Trying implicit prerequisite `pg_language.dat.w,v'.
        Trying pattern rule with stem `configure.c'.
        Trying implicit prerequisite `../../../../SCCS/s.configure.c'.
        Trying pattern rule with stem `configure'.
      Trying pattern rule with stem `pg_language.dat.w'.
        Trying implicit prerequisite `../../../../configure.l'.
        Looking for a rule with intermediate file `../../../../configure.l'.
         Avoiding implicit rule recursion.
         Avoiding implicit rule recursion.
         Avoiding implicit rule recursion.
         Trying pattern rule with stem `configure.l'.
         Trying implicit prerequisite `../../../../configure.l,v'.
      Trying implicit prerequisite `RCS/pg_language.dat.w,v'.
         Trying pattern rule with stem `configure.l'.
      Trying pattern rule with stem `pg_language.dat.w'.
         Trying implicit prerequisite `../../../../RCS/configure.l,v'.
         Trying pattern rule with stem `configure.l'.
      Trying implicit prerequisite `RCS/pg_language.dat.w'.
         Trying implicit prerequisite `../../../../RCS/configure.l'.
         Trying pattern rule with stem `configure.l'.
      Trying pattern rule with stem `pg_language.dat.w'.
         Trying implicit prerequisite `../../../../s.configure.l'.
         Trying pattern rule with stem `configure.l'.
      Trying implicit prerequisite `s.pg_language.dat.w'.
         Trying implicit prerequisite `../../../../SCCS/s.configure.l'.
        Trying pattern rule with stem `configure'.
        Trying implicit prerequisite `../../../../configure.y'.
      Trying pattern rule with stem `pg_language.dat.w'.
        Looking for a rule with intermediate file `../../../../configure.y'.
         Avoiding implicit rule recursion.
         Avoiding implicit rule recursion.
         Avoiding implicit rule recursion.
      Trying implicit prerequisite `SCCS/s.pg_language.dat.w'.
         Trying pattern rule with stem `configure.y'.
         Trying implicit prerequisite `../../../../configure.y,v'.
     Trying pattern rule with stem `pg_language.dat'.
         Trying pattern rule with stem `configure.y'.
         Trying implicit prerequisite `../../../../RCS/configure.y,v'.
         Trying pattern rule with stem `configure.y'.
         Trying implicit prerequisite `../../../../RCS/configure.y'.
     Rejecting impossible implicit prerequisite `pg_language.dat.w'.
         Trying pattern rule with stem `configure.y'.
         Trying implicit prerequisite `../../../../s.configure.y'.
    Trying pattern rule with stem `pg_language.dat'.
         Trying pattern rule with stem `configure.y'.
         Trying implicit prerequisite `../../../../SCCS/s.configure.y'.
    Trying implicit prerequisite `pg_language.dat.cc'.
        Trying pattern rule with stem `configure'.
    Looking for a rule with intermediate file `pg_language.dat.cc'.
        Trying implicit prerequisite `../../../../configure.w'.
        Looking for a rule with intermediate file `../../../../configure.w'.
         Avoiding implicit rule recursion.
         Avoiding implicit rule recursion.
         Avoiding implicit rule recursion.
     Avoiding implicit rule recursion.
         Trying pattern rule with stem `configure.w'.
     Avoiding implicit rule recursion.
         Trying implicit prerequisite `../../../../configure.w,v'.
         Trying pattern rule with stem `configure.w'.
     Trying pattern rule with stem `pg_language.dat.cc'.
         Trying implicit prerequisite `../../../../RCS/configure.w,v'.
         Trying pattern rule with stem `configure.w'.
     Trying implicit prerequisite `pg_language.dat.cc,v'.
         Trying implicit prerequisite `../../../../RCS/configure.w'.
         Trying pattern rule with stem `configure.w'.
         Trying implicit prerequisite `../../../../s.configure.w'.
     Trying pattern rule with stem `pg_language.dat.cc'.
         Trying pattern rule with stem `configure.w'.
         Trying implicit prerequisite `../../../../SCCS/s.configure.w'.
     Trying implicit prerequisite `RCS/pg_language.dat.cc,v'.
        Trying pattern rule with stem `configure'.
     Trying pattern rule with stem `pg_language.dat.cc'.
        Rejecting impossible implicit prerequisite `../../../../configure.w'.
       Trying pattern rule with stem `configure'.
     Trying implicit prerequisite `RCS/pg_language.dat.cc'.
       Trying implicit prerequisite `../../../../configure.cc'.
       Looking for a rule with intermediate file `../../../../configure.cc'.
        Avoiding implicit rule recursion.
        Avoiding implicit rule recursion.
        Trying pattern rule with stem `configure.cc'.
     Trying pattern rule with stem `pg_language.dat.cc'.
        Trying implicit prerequisite `../../../../configure.cc,v'.
        Trying pattern rule with stem `configure.cc'.
     Trying implicit prerequisite `s.pg_language.dat.cc'.
        Trying implicit prerequisite `../../../../RCS/configure.cc,v'.
        Trying pattern rule with stem `configure.cc'.
     Trying pattern rule with stem `pg_language.dat.cc'.
        Trying implicit prerequisite `../../../../RCS/configure.cc'.
        Trying pattern rule with stem `configure.cc'.
     Trying implicit prerequisite `SCCS/s.pg_language.dat.cc'.
        Trying implicit prerequisite `../../../../s.configure.cc'.
        Trying pattern rule with stem `configure.cc'.
    Trying pattern rule with stem `pg_language.dat'.
        Trying implicit prerequisite `../../../../SCCS/s.configure.cc'.
    Trying implicit prerequisite `pg_language.dat.C'.
    Looking for a rule with intermediate file `pg_language.dat.C'.
     Avoiding implicit rule recursion.
     Avoiding implicit rule recursion.
     Trying pattern rule with stem `pg_language.dat.C'.
       Trying pattern rule with stem `configure'.
     Trying implicit prerequisite `pg_language.dat.C,v'.
     Trying pattern rule with stem `pg_language.dat.C'.
     Trying implicit prerequisite `RCS/pg_language.dat.C,v'.
     Trying pattern rule with stem `pg_language.dat.C'.
       Trying implicit prerequisite `../../../../configure.C'.
     Trying implicit prerequisite `RCS/pg_language.dat.C'.
     Trying pattern rule with stem `pg_language.dat.C'.
     Trying implicit prerequisite `s.pg_language.dat.C'.
       Looking for a rule with intermediate file `../../../../configure.C'.
     Trying pattern rule with stem `pg_language.dat.C'.
     Trying implicit prerequisite `SCCS/s.pg_language.dat.C'.
    Trying pattern rule with stem `pg_language.dat'.
    Trying implicit prerequisite `pg_language.dat.cpp'.
        Avoiding implicit rule recursion.
    Looking for a rule with intermediate file `pg_language.dat.cpp'.
     Avoiding implicit rule recursion.
     Avoiding implicit rule recursion.
        Avoiding implicit rule recursion.
     Trying pattern rule with stem `pg_language.dat.cpp'.
        Trying pattern rule with stem `configure.C'.
        Trying implicit prerequisite `../../../../configure.C,v'.
        Trying pattern rule with stem `configure.C'.
     Trying implicit prerequisite `pg_language.dat.cpp,v'.
        Trying implicit prerequisite `../../../../RCS/configure.C,v'.
     Trying pattern rule with stem `pg_language.dat.cpp'.
     Trying implicit prerequisite `RCS/pg_language.dat.cpp,v'.
     Trying pattern rule with stem `pg_language.dat.cpp'.
        Trying pattern rule with stem `configure.C'.
     Trying implicit prerequisite `RCS/pg_language.dat.cpp'.
     Trying pattern rule with stem `pg_language.dat.cpp'.
     Trying implicit prerequisite `s.pg_language.dat.cpp'.
     Trying pattern rule with stem `pg_language.dat.cpp'.
        Trying implicit prerequisite `../../../../RCS/configure.C'.
     Trying implicit prerequisite `SCCS/s.pg_language.dat.cpp'.
        Trying pattern rule with stem `configure.C'.
        Trying implicit prerequisite `../../../../s.configure.C'.
        Trying pattern rule with stem `configure.C'.
    Trying pattern rule with stem `pg_language.dat'.
        Trying implicit prerequisite `../../../../SCCS/s.configure.C'.
    Trying implicit prerequisite `pg_language.dat.p'.
    Looking for a rule with intermediate file `pg_language.dat.p'.
     Avoiding implicit rule recursion.
     Avoiding implicit rule recursion.
     Trying pattern rule with stem `pg_language.dat'.
       Trying pattern rule with stem `configure'.
     Trying implicit prerequisite `pg_language.dat.web'.
       Trying implicit prerequisite `../../../../configure.cpp'.
       Looking for a rule with intermediate file `../../../../configure.cpp'.
        Avoiding implicit rule recursion.
     Trying pattern rule with stem `pg_language.dat.p'.
        Avoiding implicit rule recursion.
        Trying pattern rule with stem `configure.cpp'.
        Trying implicit prerequisite `../../../../configure.cpp,v'.
     Trying implicit prerequisite `pg_language.dat.p,v'.
        Trying pattern rule with stem `configure.cpp'.
     Trying pattern rule with stem `pg_language.dat.p'.
     Trying implicit prerequisite `RCS/pg_language.dat.p,v'.
     Trying pattern rule with stem `pg_language.dat.p'.
     Trying implicit prerequisite `RCS/pg_language.dat.p'.
     Trying pattern rule with stem `pg_language.dat.p'.
        Trying implicit prerequisite `../../../../RCS/configure.cpp,v'.
     Trying implicit prerequisite `s.pg_language.dat.p'.
     Trying pattern rule with stem `pg_language.dat.p'.
        Trying pattern rule with stem `configure.cpp'.
     Trying implicit prerequisite `SCCS/s.pg_language.dat.p'.
     Trying pattern rule with stem `pg_language.dat'.
     Trying implicit prerequisite `pg_language.dat.web'.
     Looking for a rule with intermediate file `pg_language.dat.web'.
      Avoiding implicit rule recursion.
      Avoiding implicit rule recursion.
        Trying implicit prerequisite `../../../../RCS/configure.cpp'.
      Avoiding implicit rule recursion.
        Trying pattern rule with stem `configure.cpp'.
        Trying implicit prerequisite `../../../../s.configure.cpp'.
      Trying pattern rule with stem `pg_language.dat.web'.
        Trying pattern rule with stem `configure.cpp'.
        Trying implicit prerequisite `../../../../SCCS/s.configure.cpp'.
      Trying implicit prerequisite `pg_language.dat.web,v'.
       Trying pattern rule with stem `configure'.
      Trying pattern rule with stem `pg_language.dat.web'.
      Trying implicit prerequisite `RCS/pg_language.dat.web,v'.
      Trying pattern rule with stem `pg_language.dat.web'.
      Trying implicit prerequisite `RCS/pg_language.dat.web'.
      Trying pattern rule with stem `pg_language.dat.web'.
       Trying implicit prerequisite `../../../../configure.p'.
      Trying implicit prerequisite `s.pg_language.dat.web'.
       Looking for a rule with intermediate file `../../../../configure.p'.
        Avoiding implicit rule recursion.
        Avoiding implicit rule recursion.
      Trying pattern rule with stem `pg_language.dat.web'.
        Trying pattern rule with stem `configure'.
        Trying implicit prerequisite `../../../../configure.web'.
        Trying pattern rule with stem `configure.p'.
        Trying implicit prerequisite `../../../../configure.p,v'.
        Trying pattern rule with stem `configure.p'.
      Trying implicit prerequisite `SCCS/s.pg_language.dat.web'.
        Trying implicit prerequisite `../../../../RCS/configure.p,v'.
        Trying pattern rule with stem `configure.p'.
        Trying implicit prerequisite `../../../../RCS/configure.p'.
        Trying pattern rule with stem `configure.p'.
        Trying implicit prerequisite `../../../../s.configure.p'.
    Trying pattern rule with stem `pg_language.dat'.
        Trying pattern rule with stem `configure.p'.
    Trying implicit prerequisite `pg_language.dat.f'.
    Looking for a rule with intermediate file `pg_language.dat.f'.
     Avoiding implicit rule recursion.
     Avoiding implicit rule recursion.
     Trying pattern rule with stem `pg_language.dat'.
     Trying implicit prerequisite `pg_language.dat.F'.
        Trying implicit prerequisite `../../../../SCCS/s.configure.p'.
     Trying pattern rule with stem `pg_language.dat'.
        Trying pattern rule with stem `configure'.
        Trying implicit prerequisite `../../../../configure.web'.
        Looking for a rule with intermediate file `../../../../configure.web'.
     Trying implicit prerequisite `pg_language.dat.r'.
         Avoiding implicit rule recursion.
     Trying pattern rule with stem `pg_language.dat.f'.
     Trying implicit prerequisite `pg_language.dat.f,v'.
     Trying pattern rule with stem `pg_language.dat.f'.
     Trying implicit prerequisite `RCS/pg_language.dat.f,v'.
         Avoiding implicit rule recursion.
     Trying pattern rule with stem `pg_language.dat.f'.
         Avoiding implicit rule recursion.
         Trying pattern rule with stem `configure.web'.
         Trying implicit prerequisite `../../../../configure.web,v'.
         Trying pattern rule with stem `configure.web'.
         Trying implicit prerequisite `../../../../RCS/configure.web,v'.
         Trying pattern rule with stem `configure.web'.
     Trying implicit prerequisite `RCS/pg_language.dat.f'.
         Trying implicit prerequisite `../../../../RCS/configure.web'.
         Trying pattern rule with stem `configure.web'.
         Trying implicit prerequisite `../../../../s.configure.web'.
     Trying pattern rule with stem `pg_language.dat.f'.
         Trying pattern rule with stem `configure.web'.
     Trying implicit prerequisite `s.pg_language.dat.f'.
     Trying pattern rule with stem `pg_language.dat.f'.
     Trying implicit prerequisite `SCCS/s.pg_language.dat.f'.
     Trying pattern rule with stem `pg_language.dat'.
         Trying implicit prerequisite `../../../../SCCS/s.configure.web'.
     Trying implicit prerequisite `pg_language.dat.F'.
       Trying pattern rule with stem `configure'.
       Trying implicit prerequisite `../../../../configure.f'.
       Looking for a rule with intermediate file `../../../../configure.f'.
        Avoiding implicit rule recursion.
        Avoiding implicit rule recursion.
        Trying pattern rule with stem `configure'.
     Looking for a rule with intermediate file `pg_language.dat.F'.
        Trying implicit prerequisite `../../../../configure.F'.
        Trying pattern rule with stem `configure'.
        Trying implicit prerequisite `../../../../configure.r'.
        Trying pattern rule with stem `configure.f'.
      Avoiding implicit rule recursion.
        Trying implicit prerequisite `../../../../configure.f,v'.
        Trying pattern rule with stem `configure.f'.
        Trying implicit prerequisite `../../../../RCS/configure.f,v'.
        Trying pattern rule with stem `configure.f'.
      Avoiding implicit rule recursion.
        Trying implicit prerequisite `../../../../RCS/configure.f'.
      Avoiding implicit rule recursion.
        Trying pattern rule with stem `configure.f'.
        Trying implicit prerequisite `../../../../s.configure.f'.
      Trying pattern rule with stem `pg_language.dat.F'.
        Trying pattern rule with stem `configure.f'.
        Trying implicit prerequisite `../../../../SCCS/s.configure.f'.
      Trying implicit prerequisite `pg_language.dat.F,v'.
        Trying pattern rule with stem `configure'.
      Trying pattern rule with stem `pg_language.dat.F'.
      Trying implicit prerequisite `RCS/pg_language.dat.F,v'.
      Trying pattern rule with stem `pg_language.dat.F'.
      Trying implicit prerequisite `RCS/pg_language.dat.F'.
      Trying pattern rule with stem `pg_language.dat.F'.
        Trying implicit prerequisite `../../../../configure.F'.
      Trying implicit prerequisite `s.pg_language.dat.F'.
        Looking for a rule with intermediate file `../../../../configure.F'.
         Avoiding implicit rule recursion.
         Avoiding implicit rule recursion.
         Avoiding implicit rule recursion.
      Trying pattern rule with stem `pg_language.dat.F'.
         Trying pattern rule with stem `configure.F'.
         Trying implicit prerequisite `../../../../configure.F,v'.
      Trying implicit prerequisite `SCCS/s.pg_language.dat.F'.
         Trying pattern rule with stem `configure.F'.
     Trying pattern rule with stem `pg_language.dat'.
     Trying implicit prerequisite `pg_language.dat.r'.
     Looking for a rule with intermediate file `pg_language.dat.r'.
      Avoiding implicit rule recursion.
         Trying implicit prerequisite `../../../../RCS/configure.F,v'.
      Avoiding implicit rule recursion.
      Avoiding implicit rule recursion.
         Trying pattern rule with stem `configure.F'.
      Trying pattern rule with stem `pg_language.dat'.
         Trying implicit prerequisite `../../../../RCS/configure.F'.
         Trying pattern rule with stem `configure.F'.
         Trying implicit prerequisite `../../../../s.configure.F'.
         Trying pattern rule with stem `configure.F'.
         Trying implicit prerequisite `../../../../SCCS/s.configure.F'.
      Rejecting impossible implicit prerequisite `pg_language.dat.l'.
        Trying pattern rule with stem `configure'.
        Trying implicit prerequisite `../../../../configure.r'.
        Looking for a rule with intermediate file `../../../../configure.r'.
      Trying pattern rule with stem `pg_language.dat.r'.
         Avoiding implicit rule recursion.
         Avoiding implicit rule recursion.
         Avoiding implicit rule recursion.
         Trying pattern rule with stem `configure'.
      Trying implicit prerequisite `pg_language.dat.r,v'.
         Rejecting impossible implicit prerequisite `../../../../configure.l'.
      Trying pattern rule with stem `pg_language.dat.r'.
      Trying implicit prerequisite `RCS/pg_language.dat.r,v'.
      Trying pattern rule with stem `pg_language.dat.r'.
      Trying implicit prerequisite `RCS/pg_language.dat.r'.
         Trying pattern rule with stem `configure.r'.
      Trying pattern rule with stem `pg_language.dat.r'.
         Trying implicit prerequisite `../../../../configure.r,v'.
         Trying pattern rule with stem `configure.r'.
         Trying implicit prerequisite `../../../../RCS/configure.r,v'.
         Trying pattern rule with stem `configure.r'.
         Trying implicit prerequisite `../../../../RCS/configure.r'.
      Trying implicit prerequisite `s.pg_language.dat.r'.
         Trying pattern rule with stem `configure.r'.
      Trying pattern rule with stem `pg_language.dat.r'.
      Trying implicit prerequisite `SCCS/s.pg_language.dat.r'.
    Trying pattern rule with stem `pg_language.dat'.
         Trying implicit prerequisite `../../../../s.configure.r'.
    Rejecting impossible implicit prerequisite `pg_language.dat.F'.
         Trying pattern rule with stem `configure.r'.
         Trying implicit prerequisite `../../../../SCCS/s.configure.r'.
    Trying pattern rule with stem `pg_language.dat'.
       Trying pattern rule with stem `configure'.
       Rejecting impossible implicit prerequisite `../../../../configure.F'.
    Trying implicit prerequisite `pg_language.dat.m'.
       Trying pattern rule with stem `configure'.
    Looking for a rule with intermediate file `pg_language.dat.m'.
     Avoiding implicit rule recursion.
     Avoiding implicit rule recursion.
       Trying implicit prerequisite `../../../../configure.m'.
       Looking for a rule with intermediate file `../../../../configure.m'.
        Avoiding implicit rule recursion.
        Avoiding implicit rule recursion.
     Trying pattern rule with stem `pg_language.dat'.
        Trying pattern rule with stem `configure'.
        Trying implicit prerequisite `../../../../configure.ym'.
     Trying implicit prerequisite `pg_language.dat.ym'.
        Trying pattern rule with stem `configure'.
        Trying implicit prerequisite `../../../../configure.lm'.
        Trying pattern rule with stem `configure.m'.
     Trying pattern rule with stem `pg_language.dat'.
        Trying implicit prerequisite `../../../../configure.m,v'.
        Trying pattern rule with stem `configure.m'.
     Trying implicit prerequisite `pg_language.dat.lm'.
        Trying implicit prerequisite `../../../../RCS/configure.m,v'.
     Trying pattern rule with stem `pg_language.dat.m'.
     Trying implicit prerequisite `pg_language.dat.m,v'.
     Trying pattern rule with stem `pg_language.dat.m'.
        Trying pattern rule with stem `configure.m'.
     Trying implicit prerequisite `RCS/pg_language.dat.m,v'.
        Trying implicit prerequisite `../../../../RCS/configure.m'.
        Trying pattern rule with stem `configure.m'.
        Trying implicit prerequisite `../../../../s.configure.m'.
     Trying pattern rule with stem `pg_language.dat.m'.
        Trying pattern rule with stem `configure.m'.
     Trying implicit prerequisite `RCS/pg_language.dat.m'.
     Trying pattern rule with stem `pg_language.dat.m'.
     Trying implicit prerequisite `s.pg_language.dat.m'.
     Trying pattern rule with stem `pg_language.dat.m'.
        Trying implicit prerequisite `../../../../SCCS/s.configure.m'.
     Trying implicit prerequisite `SCCS/s.pg_language.dat.m'.
     Trying pattern rule with stem `pg_language.dat'.
        Trying pattern rule with stem `configure'.
     Trying implicit prerequisite `pg_language.dat.ym'.
        Trying implicit prerequisite `../../../../configure.ym'.
        Looking for a rule with intermediate file `../../../../configure.ym'.
         Avoiding implicit rule recursion.
     Looking for a rule with intermediate file `pg_language.dat.ym'.
         Avoiding implicit rule recursion.
         Avoiding implicit rule recursion.
         Trying pattern rule with stem `configure.ym'.
      Avoiding implicit rule recursion.
         Trying implicit prerequisite `../../../../configure.ym,v'.
      Avoiding implicit rule recursion.
         Trying pattern rule with stem `configure.ym'.
      Avoiding implicit rule recursion.
      Trying pattern rule with stem `pg_language.dat.ym'.
      Trying implicit prerequisite `pg_language.dat.ym,v'.
         Trying implicit prerequisite `../../../../RCS/configure.ym,v'.
      Trying pattern rule with stem `pg_language.dat.ym'.
      Trying implicit prerequisite `RCS/pg_language.dat.ym,v'.
         Trying pattern rule with stem `configure.ym'.
      Trying pattern rule with stem `pg_language.dat.ym'.
      Trying implicit prerequisite `RCS/pg_language.dat.ym'.
      Trying pattern rule with stem `pg_language.dat.ym'.
      Trying implicit prerequisite `s.pg_language.dat.ym'.
         Trying implicit prerequisite `../../../../RCS/configure.ym'.
      Trying pattern rule with stem `pg_language.dat.ym'.
      Trying implicit prerequisite `SCCS/s.pg_language.dat.ym'.
     Trying pattern rule with stem `pg_language.dat'.
         Trying pattern rule with stem `configure.ym'.
     Trying implicit prerequisite `pg_language.dat.lm'.
         Trying implicit prerequisite `../../../../s.configure.ym'.
         Trying pattern rule with stem `configure.ym'.
         Trying implicit prerequisite `../../../../SCCS/s.configure.ym'.
        Trying pattern rule with stem `configure'.
     Looking for a rule with intermediate file `pg_language.dat.lm'.
        Trying implicit prerequisite `../../../../configure.lm'.
      Avoiding implicit rule recursion.
      Avoiding implicit rule recursion.
      Avoiding implicit rule recursion.
        Looking for a rule with intermediate file `../../../../configure.lm'.
      Trying pattern rule with stem `pg_language.dat.lm'.
         Avoiding implicit rule recursion.
      Trying implicit prerequisite `pg_language.dat.lm,v'.
      Trying pattern rule with stem `pg_language.dat.lm'.
      Trying implicit prerequisite `RCS/pg_language.dat.lm,v'.
         Avoiding implicit rule recursion.
      Trying pattern rule with stem `pg_language.dat.lm'.
         Avoiding implicit rule recursion.
      Trying implicit prerequisite `RCS/pg_language.dat.lm'.
         Trying pattern rule with stem `configure.lm'.
         Trying implicit prerequisite `../../../../configure.lm,v'.
         Trying pattern rule with stem `configure.lm'.
      Trying pattern rule with stem `pg_language.dat.lm'.
         Trying implicit prerequisite `../../../../RCS/configure.lm,v'.
         Trying pattern rule with stem `configure.lm'.
      Trying implicit prerequisite `s.pg_language.dat.lm'.
         Trying implicit prerequisite `../../../../RCS/configure.lm'.
      Trying pattern rule with stem `pg_language.dat.lm'.
      Trying implicit prerequisite `SCCS/s.pg_language.dat.lm'.
         Trying pattern rule with stem `configure.lm'.
    Trying pattern rule with stem `pg_language.dat'.
         Trying implicit prerequisite `../../../../s.configure.lm'.
         Trying pattern rule with stem `configure.lm'.
         Trying implicit prerequisite `../../../../SCCS/s.configure.lm'.
    Rejecting impossible implicit prerequisite `pg_language.dat.r'.
       Trying pattern rule with stem `configure'.
    Trying pattern rule with stem `pg_language.dat'.
       Rejecting impossible implicit prerequisite `../../../../configure.r'.
    Trying implicit prerequisite `pg_language.dat.s'.
    Looking for a rule with intermediate file `pg_language.dat.s'.
     Avoiding implicit rule recursion.
       Trying pattern rule with stem `configure'.
     Avoiding implicit rule recursion.
       Trying implicit prerequisite `../../../../configure.s'.
       Looking for a rule with intermediate file `../../../../configure.s'.
        Avoiding implicit rule recursion.
     Trying pattern rule with stem `pg_language.dat'.
        Avoiding implicit rule recursion.
     Trying implicit prerequisite `pg_language.dat.S'.
     Trying pattern rule with stem `pg_language.dat.s'.
     Trying implicit prerequisite `pg_language.dat.s,v'.
     Trying pattern rule with stem `pg_language.dat.s'.
     Trying implicit prerequisite `RCS/pg_language.dat.s,v'.
        Trying pattern rule with stem `configure'.
     Trying pattern rule with stem `pg_language.dat.s'.
     Trying implicit prerequisite `RCS/pg_language.dat.s'.
     Trying pattern rule with stem `pg_language.dat.s'.
     Trying implicit prerequisite `s.pg_language.dat.s'.
        Trying implicit prerequisite `../../../../configure.S'.
     Trying pattern rule with stem `pg_language.dat.s'.
        Trying pattern rule with stem `configure.s'.
        Trying implicit prerequisite `../../../../configure.s,v'.
        Trying pattern rule with stem `configure.s'.
     Trying implicit prerequisite `SCCS/s.pg_language.dat.s'.
        Trying implicit prerequisite `../../../../RCS/configure.s,v'.
        Trying pattern rule with stem `configure.s'.
        Trying implicit prerequisite `../../../../RCS/configure.s'.
     Trying pattern rule with stem `pg_language.dat'.
        Trying pattern rule with stem `configure.s'.
     Trying implicit prerequisite `pg_language.dat.S'.
     Looking for a rule with intermediate file `pg_language.dat.S'.
      Avoiding implicit rule recursion.
      Avoiding implicit rule recursion.
      Avoiding implicit rule recursion.
      Trying pattern rule with stem `pg_language.dat.S'.
        Trying implicit prerequisite `../../../../s.configure.s'.
      Trying implicit prerequisite `pg_language.dat.S,v'.
      Trying pattern rule with stem `pg_language.dat.S'.
        Trying pattern rule with stem `configure.s'.
      Trying implicit prerequisite `RCS/pg_language.dat.S,v'.
        Trying implicit prerequisite `../../../../SCCS/s.configure.s'.
        Trying pattern rule with stem `configure'.
        Trying implicit prerequisite `../../../../configure.S'.
        Looking for a rule with intermediate file `../../../../configure.S'.
         Avoiding implicit rule recursion.
         Avoiding implicit rule recursion.
      Trying pattern rule with stem `pg_language.dat.S'.
         Avoiding implicit rule recursion.
      Trying implicit prerequisite `RCS/pg_language.dat.S'.
      Trying pattern rule with stem `pg_language.dat.S'.
      Trying implicit prerequisite `s.pg_language.dat.S'.
      Trying pattern rule with stem `pg_language.dat.S'.
         Trying pattern rule with stem `configure.S'.
      Trying implicit prerequisite `SCCS/s.pg_language.dat.S'.
         Trying implicit prerequisite `../../../../configure.S,v'.
         Trying pattern rule with stem `configure.S'.
         Trying implicit prerequisite `../../../../RCS/configure.S,v'.
         Trying pattern rule with stem `configure.S'.
         Trying implicit prerequisite `../../../../RCS/configure.S'.
    Trying pattern rule with stem `pg_language.dat'.
         Trying pattern rule with stem `configure.S'.
         Trying implicit prerequisite `../../../../s.configure.S'.
    Rejecting impossible implicit prerequisite `pg_language.dat.S'.
         Trying pattern rule with stem `configure.S'.
    Trying pattern rule with stem `pg_language.dat'.
    Trying implicit prerequisite `pg_language.dat.mod'.
    Looking for a rule with intermediate file `pg_language.dat.mod'.
     Avoiding implicit rule recursion.
     Avoiding implicit rule recursion.
         Trying implicit prerequisite `../../../../SCCS/s.configure.S'.
     Trying pattern rule with stem `pg_language.dat.mod'.
     Trying implicit prerequisite `pg_language.dat.mod,v'.
     Trying pattern rule with stem `pg_language.dat.mod'.
     Trying implicit prerequisite `RCS/pg_language.dat.mod,v'.
     Trying pattern rule with stem `pg_language.dat.mod'.
       Trying pattern rule with stem `configure'.
     Trying implicit prerequisite `RCS/pg_language.dat.mod'.
       Rejecting impossible implicit prerequisite `../../../../configure.S'.
       Trying pattern rule with stem `configure'.
       Trying implicit prerequisite `../../../../configure.mod'.
       Looking for a rule with intermediate file `../../../../configure.mod'.
        Avoiding implicit rule recursion.
        Avoiding implicit rule recursion.
     Trying pattern rule with stem `pg_language.dat.mod'.
        Trying pattern rule with stem `configure.mod'.
     Trying implicit prerequisite `s.pg_language.dat.mod'.
     Trying pattern rule with stem `pg_language.dat.mod'.
     Trying implicit prerequisite `SCCS/s.pg_language.dat.mod'.
   Trying pattern rule with stem `pg_language.dat'.
   Rejecting impossible implicit prerequisite `pg_language.dat.cc'.
        Trying implicit prerequisite `../../../../configure.mod,v'.
   Trying pattern rule with stem `pg_language.dat'.
        Trying pattern rule with stem `configure.mod'.
        Trying implicit prerequisite `../../../../RCS/configure.mod,v'.
        Trying pattern rule with stem `configure.mod'.
        Trying implicit prerequisite `../../../../RCS/configure.mod'.
        Trying pattern rule with stem `configure.mod'.
   Rejecting impossible implicit prerequisite `pg_language.dat.C'.
        Trying implicit prerequisite `../../../../s.configure.mod'.
   Trying pattern rule with stem `pg_language.dat'.
   Rejecting impossible implicit prerequisite `pg_language.dat.cpp'.
   Trying pattern rule with stem `pg_language.dat'.
        Trying pattern rule with stem `configure.mod'.
   Rejecting impossible implicit prerequisite `pg_language.dat.p'.
        Trying implicit prerequisite `../../../../SCCS/s.configure.mod'.
      Trying pattern rule with stem `configure'.
   Trying pattern rule with stem `pg_language.dat'.
      Rejecting impossible implicit prerequisite `../../../../configure.cc'.
      Trying pattern rule with stem `configure'.
   Rejecting impossible implicit prerequisite `pg_language.dat.f'.
      Rejecting impossible implicit prerequisite `../../../../configure.C'.
   Trying pattern rule with stem `pg_language.dat'.
   Rejecting impossible implicit prerequisite `pg_language.dat.F'.
      Trying pattern rule with stem `configure'.
   Trying pattern rule with stem `pg_language.dat'.
   Rejecting impossible implicit prerequisite `pg_language.dat.m'.
   Trying pattern rule with stem `pg_language.dat'.
      Rejecting impossible implicit prerequisite `../../../../configure.cpp'.
   Rejecting impossible implicit prerequisite `pg_language.dat.r'.
      Trying pattern rule with stem `configure'.
      Rejecting impossible implicit prerequisite `../../../../configure.p'.
      Trying pattern rule with stem `configure'.
   Trying pattern rule with stem `pg_language.dat'.
      Rejecting impossible implicit prerequisite `../../../../configure.f'.
      Trying pattern rule with stem `configure'.
      Rejecting impossible implicit prerequisite `../../../../configure.F'.
      Trying pattern rule with stem `configure'.
   Rejecting impossible implicit prerequisite `pg_language.dat.s'.
      Rejecting impossible implicit prerequisite `../../../../configure.m'.
   Trying pattern rule with stem `pg_language.dat'.
   Rejecting impossible implicit prerequisite `pg_language.dat.S'.
   Trying pattern rule with stem `pg_language.dat'.
   Rejecting impossible implicit prerequisite `pg_language.dat.mod'.
   Trying pattern rule with stem `pg_language.dat'.
   Trying implicit prerequisite `pg_language.dat.sh'.
      Trying pattern rule with stem `configure'.
   Looking for a rule with intermediate file `pg_language.dat.sh'.
      Rejecting impossible implicit prerequisite `../../../../configure.r'.
      Trying pattern rule with stem `configure'.
      Rejecting impossible implicit prerequisite `../../../../configure.s'.
      Trying pattern rule with stem `configure'.
      Rejecting impossible implicit prerequisite `../../../../configure.S'.
    Avoiding implicit rule recursion.
      Trying pattern rule with stem `configure'.
      Rejecting impossible implicit prerequisite `../../../../configure.mod'.
      Trying pattern rule with stem `configure'.
    Trying pattern rule with stem `pg_language.dat.sh'.
      Trying implicit prerequisite `../../../../configure.sh'.
    Trying implicit prerequisite `pg_language.dat.sh,v'.
    Trying pattern rule with stem `pg_language.dat.sh'.
    Trying implicit prerequisite `RCS/pg_language.dat.sh,v'.
    Trying pattern rule with stem `pg_language.dat.sh'.
      Looking for a rule with intermediate file `../../../../configure.sh'.
    Trying implicit prerequisite `RCS/pg_language.dat.sh'.
    Trying pattern rule with stem `pg_language.dat.sh'.
    Trying implicit prerequisite `s.pg_language.dat.sh'.
    Trying pattern rule with stem `pg_language.dat.sh'.
       Avoiding implicit rule recursion.
    Trying implicit prerequisite `SCCS/s.pg_language.dat.sh'.
       Trying pattern rule with stem `configure.sh'.
       Trying implicit prerequisite `../../../../configure.sh,v'.
       Trying pattern rule with stem `configure.sh'.
       Trying implicit prerequisite `../../../../RCS/configure.sh,v'.
   No implicit rule found for `pg_language.dat'.
       Trying pattern rule with stem `configure.sh'.
   Looking for an implicit rule for `pg_namespace.dat'.
   Trying pattern rule with stem `pg_namespace.dat'.
       Trying implicit prerequisite `../../../../RCS/configure.sh'.
   Trying implicit prerequisite `pg_namespace.dat.o'.
       Trying pattern rule with stem `configure.sh'.
       Trying implicit prerequisite `../../../../s.configure.sh'.
       Trying pattern rule with stem `configure.sh'.
       Trying implicit prerequisite `../../../../SCCS/s.configure.sh'.
   Trying pattern rule with stem `pg_namespace.dat'.
      No implicit rule found for `../../../../configure'.
   Trying implicit prerequisite `pg_namespace.dat.cc'.
   Trying pattern rule with stem `pg_namespace.dat'.
   Trying implicit prerequisite `pg_namespace.dat.C'.
   Trying pattern rule with stem `pg_namespace.dat'.
      Finished prerequisites of target file `../../../../configure'.
   Trying implicit prerequisite `pg_namespace.dat.cpp'.
   Trying pattern rule with stem `pg_namespace.dat'.
   Trying implicit prerequisite `pg_namespace.dat.p'.
     No need to remake target `../../../../configure'.
   Trying pattern rule with stem `pg_namespace.dat'.
    Finished prerequisites of target file `../../../../config.status'.
   Trying implicit prerequisite `pg_namespace.dat.f'.
    Prerequisite `../../../../configure' is older than target `../../../../config.status'.
   No need to remake target `../../../../config.status'.
  Finished prerequisites of target file `../../../../src/Makefile.global'.
  Prerequisite `../../../../src/Makefile.global.in' is older than target `../../../../src/Makefile.global'.
  Prerequisite `../../../../config.status' is older than target `../../../../src/Makefile.global'.
 No need to remake target `../../../../src/Makefile.global'.
   Trying pattern rule with stem `pg_namespace.dat'.
 Considering target file `Makefile'.
  Looking for an implicit rule for `Makefile'.
   Trying implicit prerequisite `pg_namespace.dat.F'.
  Trying pattern rule with stem `Makefile'.
  Trying implicit prerequisite `Makefile.o'.
  Trying pattern rule with stem `Makefile'.
   Trying pattern rule with stem `pg_namespace.dat'.
  Trying implicit prerequisite `Makefile.cc'.
  Trying pattern rule with stem `Makefile'.
   Trying implicit prerequisite `pg_namespace.dat.m'.
  Trying implicit prerequisite `Makefile.C'.
  Trying pattern rule with stem `Makefile'.
  Trying implicit prerequisite `Makefile.cpp'.
   Trying pattern rule with stem `pg_namespace.dat'.
  Trying pattern rule with stem `Makefile'.
  Trying implicit prerequisite `Makefile.p'.
   Trying implicit prerequisite `pg_namespace.dat.r'.
  Trying pattern rule with stem `Makefile'.
  Trying implicit prerequisite `Makefile.f'.
  Trying pattern rule with stem `Makefile'.
   Trying pattern rule with stem `pg_namespace.dat'.
  Trying implicit prerequisite `Makefile.F'.
   Trying implicit prerequisite `pg_namespace.dat.s'.
   Trying pattern rule with stem `pg_namespace.dat'.
   Trying implicit prerequisite `pg_namespace.dat.S'.
  Trying pattern rule with stem `Makefile'.
   Trying pattern rule with stem `pg_namespace.dat'.
   Trying implicit prerequisite `pg_namespace.dat.mod'.
   Trying pattern rule with stem `pg_namespace.dat'.
   Trying implicit prerequisite `pg_namespace.dat.sh'.
  Trying implicit prerequisite `Makefile.m'.
   Trying pattern rule with stem `pg_namespace.dat'.
  Trying pattern rule with stem `Makefile'.
  Trying implicit prerequisite `Makefile.r'.
  Trying pattern rule with stem `Makefile'.
  Trying implicit prerequisite `Makefile.s'.
  Trying pattern rule with stem `Makefile'.
   Trying implicit prerequisite `pg_namespace.dat,v'.
  Trying implicit prerequisite `Makefile.S'.
   Trying pattern rule with stem `pg_namespace.dat'.
   Trying implicit prerequisite `RCS/pg_namespace.dat,v'.
   Trying pattern rule with stem `pg_namespace.dat'.
   Trying implicit prerequisite `RCS/pg_namespace.dat'.
  Trying pattern rule with stem `Makefile'.
   Trying pattern rule with stem `pg_namespace.dat'.
  Trying implicit prerequisite `Makefile.mod'.
  Trying pattern rule with stem `Makefile'.
  Trying implicit prerequisite `Makefile.sh'.
  Trying pattern rule with stem `Makefile'.
   Trying implicit prerequisite `s.pg_namespace.dat'.
  Trying implicit prerequisite `Makefile,v'.
   Trying pattern rule with stem `pg_namespace.dat'.
   Trying implicit prerequisite `SCCS/s.pg_namespace.dat'.
   Trying pattern rule with stem `pg_namespace.dat'.
  Trying pattern rule with stem `Makefile'.
   Trying implicit prerequisite `pg_namespace.dat.o'.
   Looking for a rule with intermediate file `pg_namespace.dat.o'.
    Avoiding implicit rule recursion.
    Trying pattern rule with stem `pg_namespace.dat'.
  Trying implicit prerequisite `RCS/Makefile,v'.
    Trying implicit prerequisite `pg_namespace.dat.c'.
  Trying pattern rule with stem `Makefile'.
  Trying implicit prerequisite `RCS/Makefile'.
  Trying pattern rule with stem `Makefile'.
    Trying pattern rule with stem `pg_namespace.dat'.
  Trying implicit prerequisite `s.Makefile'.
    Trying implicit prerequisite `pg_namespace.dat.cc'.
    Trying pattern rule with stem `pg_namespace.dat'.
    Trying implicit prerequisite `pg_namespace.dat.C'.
  Trying pattern rule with stem `Makefile'.
    Trying pattern rule with stem `pg_namespace.dat'.
    Trying implicit prerequisite `pg_namespace.dat.cpp'.
  Trying implicit prerequisite `SCCS/s.Makefile'.
    Trying pattern rule with stem `pg_namespace.dat'.
  Trying pattern rule with stem `Makefile'.
  Trying implicit prerequisite `Makefile.o'.
  Looking for a rule with intermediate file `Makefile.o'.
   Avoiding implicit rule recursion.
   Trying pattern rule with stem `Makefile'.
   Trying implicit prerequisite `Makefile.c'.
    Trying implicit prerequisite `pg_namespace.dat.p'.
   Trying pattern rule with stem `Makefile'.
   Trying implicit prerequisite `Makefile.cc'.
   Trying pattern rule with stem `Makefile'.
    Trying pattern rule with stem `pg_namespace.dat'.
   Trying implicit prerequisite `Makefile.C'.
    Trying implicit prerequisite `pg_namespace.dat.f'.
    Trying pattern rule with stem `pg_namespace.dat'.
    Trying implicit prerequisite `pg_namespace.dat.F'.
    Trying pattern rule with stem `pg_namespace.dat'.
    Trying implicit prerequisite `pg_namespace.dat.m'.
   Trying pattern rule with stem `Makefile'.
    Trying pattern rule with stem `pg_namespace.dat'.
    Trying implicit prerequisite `pg_namespace.dat.r'.
    Trying pattern rule with stem `pg_namespace.dat'.
    Trying implicit prerequisite `pg_namespace.dat.s'.
   Trying implicit prerequisite `Makefile.cpp'.
    Trying pattern rule with stem `pg_namespace.dat'.
   Trying pattern rule with stem `Makefile'.
   Trying implicit prerequisite `Makefile.p'.
   Trying pattern rule with stem `Makefile'.
   Trying implicit prerequisite `Makefile.f'.
   Trying pattern rule with stem `Makefile'.
   Trying implicit prerequisite `Makefile.F'.
   Trying pattern rule with stem `Makefile'.
    Trying implicit prerequisite `pg_namespace.dat.S'.
   Trying implicit prerequisite `Makefile.m'.
   Trying pattern rule with stem `Makefile'.
   Trying implicit prerequisite `Makefile.r'.
    Trying pattern rule with stem `pg_namespace.dat'.
   Trying pattern rule with stem `Makefile'.
    Trying implicit prerequisite `pg_namespace.dat.mod'.
    Trying pattern rule with stem `pg_namespace.dat.o'.
    Trying implicit prerequisite `pg_namespace.dat.o,v'.
    Trying pattern rule with stem `pg_namespace.dat.o'.
    Trying implicit prerequisite `RCS/pg_namespace.dat.o,v'.
   Trying implicit prerequisite `Makefile.s'.
    Trying pattern rule with stem `pg_namespace.dat.o'.
   Trying pattern rule with stem `Makefile'.
   Trying implicit prerequisite `Makefile.S'.
   Trying pattern rule with stem `Makefile'.
   Trying implicit prerequisite `Makefile.mod'.
    Trying implicit prerequisite `RCS/pg_namespace.dat.o'.
   Trying pattern rule with stem `Makefile.o'.
   Trying implicit prerequisite `Makefile.o,v'.
   Trying pattern rule with stem `Makefile.o'.
    Trying pattern rule with stem `pg_namespace.dat.o'.
   Trying implicit prerequisite `RCS/Makefile.o,v'.
   Trying pattern rule with stem `Makefile.o'.
    Trying implicit prerequisite `s.pg_namespace.dat.o'.
   Trying implicit prerequisite `RCS/Makefile.o'.
   Trying pattern rule with stem `Makefile.o'.
   Trying implicit prerequisite `s.Makefile.o'.
    Trying pattern rule with stem `pg_namespace.dat.o'.
   Trying pattern rule with stem `Makefile.o'.
   Trying implicit prerequisite `SCCS/s.Makefile.o'.
    Trying implicit prerequisite `SCCS/s.pg_namespace.dat.o'.
   Trying pattern rule with stem `Makefile'.
   Trying implicit prerequisite `Makefile.c'.
   Looking for a rule with intermediate file `Makefile.c'.
    Avoiding implicit rule recursion.
    Avoiding implicit rule recursion.
    Trying pattern rule with stem `pg_namespace.dat'.
    Trying pattern rule with stem `Makefile'.
    Trying implicit prerequisite `pg_namespace.dat.c'.
    Looking for a rule with intermediate file `pg_namespace.dat.c'.
     Avoiding implicit rule recursion.
     Avoiding implicit rule recursion.
     Trying pattern rule with stem `pg_namespace.dat'.
     Trying implicit prerequisite `pg_namespace.dat.l'.
    Trying implicit prerequisite `Makefile.l'.
     Trying pattern rule with stem `pg_namespace.dat'.
     Trying implicit prerequisite `pg_namespace.dat.y'.
     Trying pattern rule with stem `pg_namespace.dat'.
    Trying pattern rule with stem `Makefile'.
     Trying implicit prerequisite `pg_namespace.dat.w'.
     Trying pattern rule with stem `pg_namespace.dat'.
    Trying implicit prerequisite `Makefile.y'.
     Trying implicit prerequisite `pg_namespace.dat.w'.
     Trying pattern rule with stem `pg_namespace.dat.c'.
     Trying implicit prerequisite `pg_namespace.dat.c,v'.
    Trying pattern rule with stem `Makefile'.
     Trying pattern rule with stem `pg_namespace.dat.c'.
    Trying implicit prerequisite `Makefile.w'.
    Trying pattern rule with stem `Makefile'.
    Trying implicit prerequisite `Makefile.w'.
     Trying implicit prerequisite `RCS/pg_namespace.dat.c,v'.
    Trying pattern rule with stem `Makefile.c'.
    Trying implicit prerequisite `Makefile.c,v'.
    Trying pattern rule with stem `Makefile.c'.
     Trying pattern rule with stem `pg_namespace.dat.c'.
    Trying implicit prerequisite `RCS/Makefile.c,v'.
     Trying implicit prerequisite `RCS/pg_namespace.dat.c'.
     Trying pattern rule with stem `pg_namespace.dat.c'.
     Trying implicit prerequisite `s.pg_namespace.dat.c'.
    Trying pattern rule with stem `Makefile.c'.
     Trying pattern rule with stem `pg_namespace.dat.c'.
     Trying implicit prerequisite `SCCS/s.pg_namespace.dat.c'.
    Trying implicit prerequisite `RCS/Makefile.c'.
     Trying pattern rule with stem `pg_namespace.dat'.
    Trying pattern rule with stem `Makefile.c'.
    Trying implicit prerequisite `s.Makefile.c'.
    Trying pattern rule with stem `Makefile.c'.
     Trying implicit prerequisite `pg_namespace.dat.l'.
    Trying implicit prerequisite `SCCS/s.Makefile.c'.
     Looking for a rule with intermediate file `pg_namespace.dat.l'.
      Avoiding implicit rule recursion.
      Avoiding implicit rule recursion.
      Avoiding implicit rule recursion.
    Trying pattern rule with stem `Makefile'.
      Trying pattern rule with stem `pg_namespace.dat.l'.
    Trying implicit prerequisite `Makefile.l'.
    Looking for a rule with intermediate file `Makefile.l'.
     Avoiding implicit rule recursion.
     Avoiding implicit rule recursion.
     Avoiding implicit rule recursion.
     Trying pattern rule with stem `Makefile.l'.
      Trying implicit prerequisite `pg_namespace.dat.l,v'.
     Trying implicit prerequisite `Makefile.l,v'.
     Trying pattern rule with stem `Makefile.l'.
     Trying implicit prerequisite `RCS/Makefile.l,v'.
      Trying pattern rule with stem `pg_namespace.dat.l'.
     Trying pattern rule with stem `Makefile.l'.
      Trying implicit prerequisite `RCS/pg_namespace.dat.l,v'.
      Trying pattern rule with stem `pg_namespace.dat.l'.
      Trying implicit prerequisite `RCS/pg_namespace.dat.l'.
      Trying pattern rule with stem `pg_namespace.dat.l'.
     Trying implicit prerequisite `RCS/Makefile.l'.
      Trying implicit prerequisite `s.pg_namespace.dat.l'.
     Trying pattern rule with stem `Makefile.l'.
     Trying implicit prerequisite `s.Makefile.l'.
     Trying pattern rule with stem `Makefile.l'.
     Trying implicit prerequisite `SCCS/s.Makefile.l'.
      Trying pattern rule with stem `pg_namespace.dat.l'.
    Trying pattern rule with stem `Makefile'.
      Trying implicit prerequisite `SCCS/s.pg_namespace.dat.l'.
     Trying pattern rule with stem `pg_namespace.dat'.
     Trying implicit prerequisite `pg_namespace.dat.y'.
    Trying implicit prerequisite `Makefile.y'.
     Looking for a rule with intermediate file `pg_namespace.dat.y'.
      Avoiding implicit rule recursion.
      Avoiding implicit rule recursion.
      Avoiding implicit rule recursion.
      Trying pattern rule with stem `pg_namespace.dat.y'.
    Looking for a rule with intermediate file `Makefile.y'.
      Trying implicit prerequisite `pg_namespace.dat.y,v'.
      Trying pattern rule with stem `pg_namespace.dat.y'.
      Trying implicit prerequisite `RCS/pg_namespace.dat.y,v'.
      Trying pattern rule with stem `pg_namespace.dat.y'.
     Avoiding implicit rule recursion.
      Trying implicit prerequisite `RCS/pg_namespace.dat.y'.
     Avoiding implicit rule recursion.
      Trying pattern rule with stem `pg_namespace.dat.y'.
     Avoiding implicit rule recursion.
      Trying implicit prerequisite `s.pg_namespace.dat.y'.
      Trying pattern rule with stem `pg_namespace.dat.y'.
      Trying implicit prerequisite `SCCS/s.pg_namespace.dat.y'.
     Trying pattern rule with stem `Makefile.y'.
     Trying pattern rule with stem `pg_namespace.dat'.
     Trying implicit prerequisite `Makefile.y,v'.
     Trying pattern rule with stem `Makefile.y'.
     Trying implicit prerequisite `RCS/Makefile.y,v'.
     Trying pattern rule with stem `Makefile.y'.
     Trying implicit prerequisite `RCS/Makefile.y'.
     Trying implicit prerequisite `pg_namespace.dat.w'.
     Trying pattern rule with stem `Makefile.y'.
     Looking for a rule with intermediate file `pg_namespace.dat.w'.
     Trying implicit prerequisite `s.Makefile.y'.
      Avoiding implicit rule recursion.
     Trying pattern rule with stem `Makefile.y'.
     Trying implicit prerequisite `SCCS/s.Makefile.y'.
      Avoiding implicit rule recursion.
    Trying pattern rule with stem `Makefile'.
      Avoiding implicit rule recursion.
      Trying pattern rule with stem `pg_namespace.dat.w'.
      Trying implicit prerequisite `pg_namespace.dat.w,v'.
    Trying implicit prerequisite `Makefile.w'.
      Trying pattern rule with stem `pg_namespace.dat.w'.
    Looking for a rule with intermediate file `Makefile.w'.
      Trying implicit prerequisite `RCS/pg_namespace.dat.w,v'.
     Avoiding implicit rule recursion.
     Avoiding implicit rule recursion.
     Avoiding implicit rule recursion.
      Trying pattern rule with stem `pg_namespace.dat.w'.
     Trying pattern rule with stem `Makefile.w'.
     Trying implicit prerequisite `Makefile.w,v'.
      Trying implicit prerequisite `RCS/pg_namespace.dat.w'.
     Trying pattern rule with stem `Makefile.w'.
      Trying pattern rule with stem `pg_namespace.dat.w'.
      Trying implicit prerequisite `s.pg_namespace.dat.w'.
      Trying pattern rule with stem `pg_namespace.dat.w'.
      Trying implicit prerequisite `SCCS/s.pg_namespace.dat.w'.
     Trying pattern rule with stem `pg_namespace.dat'.
     Trying implicit prerequisite `RCS/Makefile.w,v'.
     Rejecting impossible implicit prerequisite `pg_namespace.dat.w'.
    Trying pattern rule with stem `pg_namespace.dat'.
    Trying implicit prerequisite `pg_namespace.dat.cc'.
     Trying pattern rule with stem `Makefile.w'.
    Looking for a rule with intermediate file `pg_namespace.dat.cc'.
     Trying implicit prerequisite `RCS/Makefile.w'.
     Trying pattern rule with stem `Makefile.w'.
     Trying implicit prerequisite `s.Makefile.w'.
     Avoiding implicit rule recursion.
     Trying pattern rule with stem `Makefile.w'.
     Avoiding implicit rule recursion.
     Trying pattern rule with stem `pg_namespace.dat.cc'.
     Trying implicit prerequisite `pg_namespace.dat.cc,v'.
     Trying implicit prerequisite `SCCS/s.Makefile.w'.
     Trying pattern rule with stem `pg_namespace.dat.cc'.
     Trying implicit prerequisite `RCS/pg_namespace.dat.cc,v'.
     Trying pattern rule with stem `pg_namespace.dat.cc'.
     Trying implicit prerequisite `RCS/pg_namespace.dat.cc'.
    Trying pattern rule with stem `Makefile'.
     Trying pattern rule with stem `pg_namespace.dat.cc'.
    Rejecting impossible implicit prerequisite `Makefile.w'.
   Trying pattern rule with stem `Makefile'.
   Trying implicit prerequisite `Makefile.cc'.
     Trying implicit prerequisite `s.pg_namespace.dat.cc'.
   Looking for a rule with intermediate file `Makefile.cc'.
     Trying pattern rule with stem `pg_namespace.dat.cc'.
     Trying implicit prerequisite `SCCS/s.pg_namespace.dat.cc'.
    Avoiding implicit rule recursion.
    Trying pattern rule with stem `pg_namespace.dat'.
    Avoiding implicit rule recursion.
    Trying implicit prerequisite `pg_namespace.dat.C'.
    Trying pattern rule with stem `Makefile.cc'.
    Trying implicit prerequisite `Makefile.cc,v'.
    Trying pattern rule with stem `Makefile.cc'.
    Trying implicit prerequisite `RCS/Makefile.cc,v'.
    Looking for a rule with intermediate file `pg_namespace.dat.C'.
    Trying pattern rule with stem `Makefile.cc'.
     Avoiding implicit rule recursion.
     Avoiding implicit rule recursion.
     Trying pattern rule with stem `pg_namespace.dat.C'.
    Trying implicit prerequisite `RCS/Makefile.cc'.
     Trying implicit prerequisite `pg_namespace.dat.C,v'.
    Trying pattern rule with stem `Makefile.cc'.
    Trying implicit prerequisite `s.Makefile.cc'.
    Trying pattern rule with stem `Makefile.cc'.
    Trying implicit prerequisite `SCCS/s.Makefile.cc'.
     Trying pattern rule with stem `pg_namespace.dat.C'.
   Trying pattern rule with stem `Makefile'.
   Trying implicit prerequisite `Makefile.C'.
   Looking for a rule with intermediate file `Makefile.C'.
    Avoiding implicit rule recursion.
    Avoiding implicit rule recursion.
    Trying pattern rule with stem `Makefile.C'.
     Trying implicit prerequisite `RCS/pg_namespace.dat.C,v'.
    Trying implicit prerequisite `Makefile.C,v'.
    Trying pattern rule with stem `Makefile.C'.
    Trying implicit prerequisite `RCS/Makefile.C,v'.
     Trying pattern rule with stem `pg_namespace.dat.C'.
    Trying pattern rule with stem `Makefile.C'.
     Trying implicit prerequisite `RCS/pg_namespace.dat.C'.
     Trying pattern rule with stem `pg_namespace.dat.C'.
     Trying implicit prerequisite `s.pg_namespace.dat.C'.
     Trying pattern rule with stem `pg_namespace.dat.C'.
     Trying implicit prerequisite `SCCS/s.pg_namespace.dat.C'.
    Trying implicit prerequisite `RCS/Makefile.C'.
    Trying pattern rule with stem `pg_namespace.dat'.
    Trying pattern rule with stem `Makefile.C'.
    Trying implicit prerequisite `s.Makefile.C'.
    Trying pattern rule with stem `Makefile.C'.
    Trying implicit prerequisite `SCCS/s.Makefile.C'.
   Trying pattern rule with stem `Makefile'.
    Trying implicit prerequisite `pg_namespace.dat.cpp'.
   Trying implicit prerequisite `Makefile.cpp'.
    Looking for a rule with intermediate file `pg_namespace.dat.cpp'.
     Avoiding implicit rule recursion.
     Avoiding implicit rule recursion.
     Trying pattern rule with stem `pg_namespace.dat.cpp'.
   Looking for a rule with intermediate file `Makefile.cpp'.
     Trying implicit prerequisite `pg_namespace.dat.cpp,v'.
     Trying pattern rule with stem `pg_namespace.dat.cpp'.
     Trying implicit prerequisite `RCS/pg_namespace.dat.cpp,v'.
    Avoiding implicit rule recursion.
     Trying pattern rule with stem `pg_namespace.dat.cpp'.
    Avoiding implicit rule recursion.
     Trying implicit prerequisite `RCS/pg_namespace.dat.cpp'.
    Trying pattern rule with stem `Makefile.cpp'.
    Trying implicit prerequisite `Makefile.cpp,v'.
    Trying pattern rule with stem `Makefile.cpp'.
    Trying implicit prerequisite `RCS/Makefile.cpp,v'.
     Trying pattern rule with stem `pg_namespace.dat.cpp'.
    Trying pattern rule with stem `Makefile.cpp'.
    Trying implicit prerequisite `RCS/Makefile.cpp'.
     Trying implicit prerequisite `s.pg_namespace.dat.cpp'.
    Trying pattern rule with stem `Makefile.cpp'.
    Trying implicit prerequisite `s.Makefile.cpp'.
    Trying pattern rule with stem `Makefile.cpp'.
     Trying pattern rule with stem `pg_namespace.dat.cpp'.
    Trying implicit prerequisite `SCCS/s.Makefile.cpp'.
   Trying pattern rule with stem `Makefile'.
     Trying implicit prerequisite `SCCS/s.pg_namespace.dat.cpp'.
   Trying implicit prerequisite `Makefile.p'.
    Trying pattern rule with stem `pg_namespace.dat'.
    Trying implicit prerequisite `pg_namespace.dat.p'.
    Looking for a rule with intermediate file `pg_namespace.dat.p'.
     Avoiding implicit rule recursion.
     Avoiding implicit rule recursion.
     Trying pattern rule with stem `pg_namespace.dat'.
   Looking for a rule with intermediate file `Makefile.p'.
     Trying implicit prerequisite `pg_namespace.dat.web'.
     Trying pattern rule with stem `pg_namespace.dat.p'.
     Trying implicit prerequisite `pg_namespace.dat.p,v'.
    Avoiding implicit rule recursion.
     Trying pattern rule with stem `pg_namespace.dat.p'.
    Avoiding implicit rule recursion.
     Trying implicit prerequisite `RCS/pg_namespace.dat.p,v'.
    Trying pattern rule with stem `Makefile'.
    Trying implicit prerequisite `Makefile.web'.
    Trying pattern rule with stem `Makefile.p'.
    Trying implicit prerequisite `Makefile.p,v'.
     Trying pattern rule with stem `pg_namespace.dat.p'.
    Trying pattern rule with stem `Makefile.p'.
     Trying implicit prerequisite `RCS/pg_namespace.dat.p'.
     Trying pattern rule with stem `pg_namespace.dat.p'.
     Trying implicit prerequisite `s.pg_namespace.dat.p'.
     Trying pattern rule with stem `pg_namespace.dat.p'.
     Trying implicit prerequisite `SCCS/s.pg_namespace.dat.p'.
    Trying implicit prerequisite `RCS/Makefile.p,v'.
     Trying pattern rule with stem `pg_namespace.dat'.
    Trying pattern rule with stem `Makefile.p'.
    Trying implicit prerequisite `RCS/Makefile.p'.
    Trying pattern rule with stem `Makefile.p'.
    Trying implicit prerequisite `s.Makefile.p'.
     Trying implicit prerequisite `pg_namespace.dat.web'.
    Trying pattern rule with stem `Makefile.p'.
     Looking for a rule with intermediate file `pg_namespace.dat.web'.
      Avoiding implicit rule recursion.
      Avoiding implicit rule recursion.
      Avoiding implicit rule recursion.
      Trying pattern rule with stem `pg_namespace.dat.web'.
    Trying implicit prerequisite `SCCS/s.Makefile.p'.
      Trying implicit prerequisite `pg_namespace.dat.web,v'.
    Trying pattern rule with stem `Makefile'.
    Trying implicit prerequisite `Makefile.web'.
      Trying pattern rule with stem `pg_namespace.dat.web'.
    Looking for a rule with intermediate file `Makefile.web'.
      Trying implicit prerequisite `RCS/pg_namespace.dat.web,v'.
     Avoiding implicit rule recursion.
     Avoiding implicit rule recursion.
     Avoiding implicit rule recursion.
     Trying pattern rule with stem `Makefile.web'.
      Trying pattern rule with stem `pg_namespace.dat.web'.
     Trying implicit prerequisite `Makefile.web,v'.
      Trying implicit prerequisite `RCS/pg_namespace.dat.web'.
      Trying pattern rule with stem `pg_namespace.dat.web'.
      Trying implicit prerequisite `s.pg_namespace.dat.web'.
     Trying pattern rule with stem `Makefile.web'.
      Trying pattern rule with stem `pg_namespace.dat.web'.
      Trying implicit prerequisite `SCCS/s.pg_namespace.dat.web'.
     Trying implicit prerequisite `RCS/Makefile.web,v'.
    Trying pattern rule with stem `pg_namespace.dat'.
     Trying pattern rule with stem `Makefile.web'.
     Trying implicit prerequisite `RCS/Makefile.web'.
     Trying pattern rule with stem `Makefile.web'.
    Trying implicit prerequisite `pg_namespace.dat.f'.
     Trying implicit prerequisite `s.Makefile.web'.
     Trying pattern rule with stem `Makefile.web'.
     Trying implicit prerequisite `SCCS/s.Makefile.web'.
    Looking for a rule with intermediate file `pg_namespace.dat.f'.
   Trying pattern rule with stem `Makefile'.
     Avoiding implicit rule recursion.
     Avoiding implicit rule recursion.
     Trying pattern rule with stem `pg_namespace.dat'.
     Trying implicit prerequisite `pg_namespace.dat.F'.
     Trying pattern rule with stem `pg_namespace.dat'.
     Trying implicit prerequisite `pg_namespace.dat.r'.
     Trying pattern rule with stem `pg_namespace.dat.f'.
   Trying implicit prerequisite `Makefile.f'.
     Trying implicit prerequisite `pg_namespace.dat.f,v'.
   Looking for a rule with intermediate file `Makefile.f'.
    Avoiding implicit rule recursion.
    Avoiding implicit rule recursion.
     Trying pattern rule with stem `pg_namespace.dat.f'.
     Trying implicit prerequisite `RCS/pg_namespace.dat.f,v'.
    Trying pattern rule with stem `Makefile'.
     Trying pattern rule with stem `pg_namespace.dat.f'.
     Trying implicit prerequisite `RCS/pg_namespace.dat.f'.
     Trying pattern rule with stem `pg_namespace.dat.f'.
     Trying implicit prerequisite `s.pg_namespace.dat.f'.
     Trying pattern rule with stem `pg_namespace.dat.f'.
    Trying implicit prerequisite `Makefile.F'.
     Trying implicit prerequisite `SCCS/s.pg_namespace.dat.f'.
    Trying pattern rule with stem `Makefile'.
    Trying implicit prerequisite `Makefile.r'.
    Trying pattern rule with stem `Makefile.f'.
    Trying implicit prerequisite `Makefile.f,v'.
    Trying pattern rule with stem `Makefile.f'.
    Trying implicit prerequisite `RCS/Makefile.f,v'.
     Trying pattern rule with stem `pg_namespace.dat'.
    Trying pattern rule with stem `Makefile.f'.
     Trying implicit prerequisite `pg_namespace.dat.F'.
     Looking for a rule with intermediate file `pg_namespace.dat.F'.
      Avoiding implicit rule recursion.
      Avoiding implicit rule recursion.
      Avoiding implicit rule recursion.
      Trying pattern rule with stem `pg_namespace.dat.F'.
      Trying implicit prerequisite `pg_namespace.dat.F,v'.
    Trying implicit prerequisite `RCS/Makefile.f'.
      Trying pattern rule with stem `pg_namespace.dat.F'.
      Trying implicit prerequisite `RCS/pg_namespace.dat.F,v'.
      Trying pattern rule with stem `pg_namespace.dat.F'.
    Trying pattern rule with stem `Makefile.f'.
      Trying implicit prerequisite `RCS/pg_namespace.dat.F'.
      Trying pattern rule with stem `pg_namespace.dat.F'.
    Trying implicit prerequisite `s.Makefile.f'.
      Trying implicit prerequisite `s.pg_namespace.dat.F'.
    Trying pattern rule with stem `Makefile.f'.
    Trying implicit prerequisite `SCCS/s.Makefile.f'.
    Trying pattern rule with stem `Makefile'.
    Trying implicit prerequisite `Makefile.F'.
      Trying pattern rule with stem `pg_namespace.dat.F'.
    Looking for a rule with intermediate file `Makefile.F'.
     Avoiding implicit rule recursion.
     Avoiding implicit rule recursion.
     Avoiding implicit rule recursion.
     Trying pattern rule with stem `Makefile.F'.
     Trying implicit prerequisite `Makefile.F,v'.
      Trying implicit prerequisite `SCCS/s.pg_namespace.dat.F'.
     Trying pattern rule with stem `Makefile.F'.
     Trying pattern rule with stem `pg_namespace.dat'.
     Trying implicit prerequisite `pg_namespace.dat.r'.
     Looking for a rule with intermediate file `pg_namespace.dat.r'.
      Avoiding implicit rule recursion.
     Trying implicit prerequisite `RCS/Makefile.F,v'.
      Avoiding implicit rule recursion.
      Avoiding implicit rule recursion.
      Trying pattern rule with stem `pg_namespace.dat'.
     Trying pattern rule with stem `Makefile.F'.
      Rejecting impossible implicit prerequisite `pg_namespace.dat.l'.
     Trying implicit prerequisite `RCS/Makefile.F'.
     Trying pattern rule with stem `Makefile.F'.
     Trying implicit prerequisite `s.Makefile.F'.
      Trying pattern rule with stem `pg_namespace.dat.r'.
     Trying pattern rule with stem `Makefile.F'.
      Trying implicit prerequisite `pg_namespace.dat.r,v'.
      Trying pattern rule with stem `pg_namespace.dat.r'.
      Trying implicit prerequisite `RCS/pg_namespace.dat.r,v'.
     Trying implicit prerequisite `SCCS/s.Makefile.F'.
      Trying pattern rule with stem `pg_namespace.dat.r'.
    Trying pattern rule with stem `Makefile'.
    Trying implicit prerequisite `Makefile.r'.
    Looking for a rule with intermediate file `Makefile.r'.
     Avoiding implicit rule recursion.
     Avoiding implicit rule recursion.
     Avoiding implicit rule recursion.
     Trying pattern rule with stem `Makefile'.
      Trying implicit prerequisite `RCS/pg_namespace.dat.r'.
     Rejecting impossible implicit prerequisite `Makefile.l'.
     Trying pattern rule with stem `Makefile.r'.
     Trying implicit prerequisite `Makefile.r,v'.
      Trying pattern rule with stem `pg_namespace.dat.r'.
     Trying pattern rule with stem `Makefile.r'.
      Trying implicit prerequisite `s.pg_namespace.dat.r'.
      Trying pattern rule with stem `pg_namespace.dat.r'.
      Trying implicit prerequisite `SCCS/s.pg_namespace.dat.r'.
     Trying implicit prerequisite `RCS/Makefile.r,v'.
    Trying pattern rule with stem `pg_namespace.dat'.
    Rejecting impossible implicit prerequisite `pg_namespace.dat.F'.
    Trying pattern rule with stem `pg_namespace.dat'.
     Trying pattern rule with stem `Makefile.r'.
    Trying implicit prerequisite `pg_namespace.dat.m'.
     Trying implicit prerequisite `RCS/Makefile.r'.
     Trying pattern rule with stem `Makefile.r'.
     Trying implicit prerequisite `s.Makefile.r'.
    Looking for a rule with intermediate file `pg_namespace.dat.m'.
     Trying pattern rule with stem `Makefile.r'.
     Avoiding implicit rule recursion.
     Trying implicit prerequisite `SCCS/s.Makefile.r'.
     Avoiding implicit rule recursion.
   Trying pattern rule with stem `Makefile'.
     Trying pattern rule with stem `pg_namespace.dat'.
     Trying implicit prerequisite `pg_namespace.dat.ym'.
     Trying pattern rule with stem `pg_namespace.dat'.
     Trying implicit prerequisite `pg_namespace.dat.lm'.
     Trying pattern rule with stem `pg_namespace.dat.m'.
     Trying implicit prerequisite `pg_namespace.dat.m,v'.
     Trying pattern rule with stem `pg_namespace.dat.m'.
   Rejecting impossible implicit prerequisite `Makefile.F'.
     Trying implicit prerequisite `RCS/pg_namespace.dat.m,v'.
   Trying pattern rule with stem `Makefile'.
   Trying implicit prerequisite `Makefile.m'.
   Looking for a rule with intermediate file `Makefile.m'.
    Avoiding implicit rule recursion.
    Avoiding implicit rule recursion.
     Trying pattern rule with stem `pg_namespace.dat.m'.
    Trying pattern rule with stem `Makefile'.
     Trying implicit prerequisite `RCS/pg_namespace.dat.m'.
     Trying pattern rule with stem `pg_namespace.dat.m'.
     Trying implicit prerequisite `s.pg_namespace.dat.m'.
     Trying pattern rule with stem `pg_namespace.dat.m'.
     Trying implicit prerequisite `SCCS/s.pg_namespace.dat.m'.
    Trying implicit prerequisite `Makefile.ym'.
     Trying pattern rule with stem `pg_namespace.dat'.
    Trying pattern rule with stem `Makefile'.
    Trying implicit prerequisite `Makefile.lm'.
    Trying pattern rule with stem `Makefile.m'.
    Trying implicit prerequisite `Makefile.m,v'.
    Trying pattern rule with stem `Makefile.m'.
     Trying implicit prerequisite `pg_namespace.dat.ym'.
    Trying implicit prerequisite `RCS/Makefile.m,v'.
     Looking for a rule with intermediate file `pg_namespace.dat.ym'.
      Avoiding implicit rule recursion.
      Avoiding implicit rule recursion.
      Avoiding implicit rule recursion.
    Trying pattern rule with stem `Makefile.m'.
      Trying pattern rule with stem `pg_namespace.dat.ym'.
    Trying implicit prerequisite `RCS/Makefile.m'.
    Trying pattern rule with stem `Makefile.m'.
    Trying implicit prerequisite `s.Makefile.m'.
    Trying pattern rule with stem `Makefile.m'.
    Trying implicit prerequisite `SCCS/s.Makefile.m'.
      Trying implicit prerequisite `pg_namespace.dat.ym,v'.
    Trying pattern rule with stem `Makefile'.
    Trying implicit prerequisite `Makefile.ym'.
    Looking for a rule with intermediate file `Makefile.ym'.
     Avoiding implicit rule recursion.
     Avoiding implicit rule recursion.
      Trying pattern rule with stem `pg_namespace.dat.ym'.
     Avoiding implicit rule recursion.
      Trying implicit prerequisite `RCS/pg_namespace.dat.ym,v'.
      Trying pattern rule with stem `pg_namespace.dat.ym'.
      Trying implicit prerequisite `RCS/pg_namespace.dat.ym'.
     Trying pattern rule with stem `Makefile.ym'.
      Trying pattern rule with stem `pg_namespace.dat.ym'.
     Trying implicit prerequisite `Makefile.ym,v'.
     Trying pattern rule with stem `Makefile.ym'.
     Trying implicit prerequisite `RCS/Makefile.ym,v'.
     Trying pattern rule with stem `Makefile.ym'.
     Trying implicit prerequisite `RCS/Makefile.ym'.
      Trying implicit prerequisite `s.pg_namespace.dat.ym'.
     Trying pattern rule with stem `Makefile.ym'.
      Trying pattern rule with stem `pg_namespace.dat.ym'.
     Trying implicit prerequisite `s.Makefile.ym'.
     Trying pattern rule with stem `Makefile.ym'.
     Trying implicit prerequisite `SCCS/s.Makefile.ym'.
      Trying implicit prerequisite `SCCS/s.pg_namespace.dat.ym'.
    Trying pattern rule with stem `Makefile'.
     Trying pattern rule with stem `pg_namespace.dat'.
     Trying implicit prerequisite `pg_namespace.dat.lm'.
     Looking for a rule with intermediate file `pg_namespace.dat.lm'.
    Trying implicit prerequisite `Makefile.lm'.
      Avoiding implicit rule recursion.
      Avoiding implicit rule recursion.
      Avoiding implicit rule recursion.
    Looking for a rule with intermediate file `Makefile.lm'.
      Trying pattern rule with stem `pg_namespace.dat.lm'.
     Avoiding implicit rule recursion.
      Trying implicit prerequisite `pg_namespace.dat.lm,v'.
     Avoiding implicit rule recursion.
     Avoiding implicit rule recursion.
     Trying pattern rule with stem `Makefile.lm'.
     Trying implicit prerequisite `Makefile.lm,v'.
     Trying pattern rule with stem `Makefile.lm'.
     Trying implicit prerequisite `RCS/Makefile.lm,v'.
     Trying pattern rule with stem `Makefile.lm'.
     Trying implicit prerequisite `RCS/Makefile.lm'.
     Trying pattern rule with stem `Makefile.lm'.
     Trying implicit prerequisite `s.Makefile.lm'.
      Trying pattern rule with stem `pg_namespace.dat.lm'.
     Trying pattern rule with stem `Makefile.lm'.
     Trying implicit prerequisite `SCCS/s.Makefile.lm'.
      Trying implicit prerequisite `RCS/pg_namespace.dat.lm,v'.
   Trying pattern rule with stem `Makefile'.
   Rejecting impossible implicit prerequisite `Makefile.r'.
   Trying pattern rule with stem `Makefile'.
      Trying pattern rule with stem `pg_namespace.dat.lm'.
   Trying implicit prerequisite `Makefile.s'.
      Trying implicit prerequisite `RCS/pg_namespace.dat.lm'.
      Trying pattern rule with stem `pg_namespace.dat.lm'.
      Trying implicit prerequisite `s.pg_namespace.dat.lm'.
      Trying pattern rule with stem `pg_namespace.dat.lm'.
   Looking for a rule with intermediate file `Makefile.s'.
      Trying implicit prerequisite `SCCS/s.pg_namespace.dat.lm'.
    Avoiding implicit rule recursion.
    Trying pattern rule with stem `pg_namespace.dat'.
    Avoiding implicit rule recursion.
    Rejecting impossible implicit prerequisite `pg_namespace.dat.r'.
    Trying pattern rule with stem `Makefile'.
    Trying implicit prerequisite `Makefile.S'.
    Trying pattern rule with stem `Makefile.s'.
    Trying implicit prerequisite `Makefile.s,v'.
    Trying pattern rule with stem `pg_namespace.dat'.
    Trying pattern rule with stem `Makefile.s'.
    Trying implicit prerequisite `pg_namespace.dat.s'.
    Looking for a rule with intermediate file `pg_namespace.dat.s'.
     Avoiding implicit rule recursion.
     Avoiding implicit rule recursion.
    Trying implicit prerequisite `RCS/Makefile.s,v'.
     Trying pattern rule with stem `pg_namespace.dat'.
    Trying pattern rule with stem `Makefile.s'.
    Trying implicit prerequisite `RCS/Makefile.s'.
    Trying pattern rule with stem `Makefile.s'.
    Trying implicit prerequisite `s.Makefile.s'.
     Trying implicit prerequisite `pg_namespace.dat.S'.
    Trying pattern rule with stem `Makefile.s'.
     Trying pattern rule with stem `pg_namespace.dat.s'.
     Trying implicit prerequisite `pg_namespace.dat.s,v'.
     Trying pattern rule with stem `pg_namespace.dat.s'.
    Trying implicit prerequisite `SCCS/s.Makefile.s'.
     Trying implicit prerequisite `RCS/pg_namespace.dat.s,v'.
     Trying pattern rule with stem `pg_namespace.dat.s'.
     Trying implicit prerequisite `RCS/pg_namespace.dat.s'.
    Trying pattern rule with stem `Makefile'.
     Trying pattern rule with stem `pg_namespace.dat.s'.
    Trying implicit prerequisite `Makefile.S'.
    Looking for a rule with intermediate file `Makefile.S'.
     Avoiding implicit rule recursion.
     Avoiding implicit rule recursion.
     Avoiding implicit rule recursion.
     Trying implicit prerequisite `s.pg_namespace.dat.s'.
     Trying pattern rule with stem `Makefile.S'.
     Trying pattern rule with stem `pg_namespace.dat.s'.
     Trying implicit prerequisite `SCCS/s.pg_namespace.dat.s'.
     Trying pattern rule with stem `pg_namespace.dat'.
     Trying implicit prerequisite `Makefile.S,v'.
     Trying implicit prerequisite `pg_namespace.dat.S'.
     Looking for a rule with intermediate file `pg_namespace.dat.S'.
      Avoiding implicit rule recursion.
      Avoiding implicit rule recursion.
      Avoiding implicit rule recursion.
     Trying pattern rule with stem `Makefile.S'.
      Trying pattern rule with stem `pg_namespace.dat.S'.
     Trying implicit prerequisite `RCS/Makefile.S,v'.
     Trying pattern rule with stem `Makefile.S'.
     Trying implicit prerequisite `RCS/Makefile.S'.
     Trying pattern rule with stem `Makefile.S'.
      Trying implicit prerequisite `pg_namespace.dat.S,v'.
     Trying implicit prerequisite `s.Makefile.S'.
     Trying pattern rule with stem `Makefile.S'.
      Trying pattern rule with stem `pg_namespace.dat.S'.
     Trying implicit prerequisite `SCCS/s.Makefile.S'.
   Trying pattern rule with stem `Makefile'.
   Rejecting impossible implicit prerequisite `Makefile.S'.
      Trying implicit prerequisite `RCS/pg_namespace.dat.S,v'.
   Trying pattern rule with stem `Makefile'.
   Trying implicit prerequisite `Makefile.mod'.
   Looking for a rule with intermediate file `Makefile.mod'.
    Avoiding implicit rule recursion.
    Avoiding implicit rule recursion.
      Trying pattern rule with stem `pg_namespace.dat.S'.
    Trying pattern rule with stem `Makefile.mod'.
      Trying implicit prerequisite `RCS/pg_namespace.dat.S'.
      Trying pattern rule with stem `pg_namespace.dat.S'.
      Trying implicit prerequisite `s.pg_namespace.dat.S'.
      Trying pattern rule with stem `pg_namespace.dat.S'.
      Trying implicit prerequisite `SCCS/s.pg_namespace.dat.S'.
    Trying implicit prerequisite `Makefile.mod,v'.
    Trying pattern rule with stem `pg_namespace.dat'.
    Trying pattern rule with stem `Makefile.mod'.
    Trying implicit prerequisite `RCS/Makefile.mod,v'.
    Trying pattern rule with stem `Makefile.mod'.
    Trying implicit prerequisite `RCS/Makefile.mod'.
    Trying pattern rule with stem `Makefile.mod'.
    Rejecting impossible implicit prerequisite `pg_namespace.dat.S'.
    Trying implicit prerequisite `s.Makefile.mod'.
    Trying pattern rule with stem `pg_namespace.dat'.
    Trying implicit prerequisite `pg_namespace.dat.mod'.
    Looking for a rule with intermediate file `pg_namespace.dat.mod'.
     Avoiding implicit rule recursion.
     Avoiding implicit rule recursion.
     Trying pattern rule with stem `pg_namespace.dat.mod'.
    Trying pattern rule with stem `Makefile.mod'.
     Trying implicit prerequisite `pg_namespace.dat.mod,v'.
     Trying pattern rule with stem `pg_namespace.dat.mod'.
     Trying implicit prerequisite `RCS/pg_namespace.dat.mod,v'.
     Trying pattern rule with stem `pg_namespace.dat.mod'.
    Trying implicit prerequisite `SCCS/s.Makefile.mod'.
     Trying implicit prerequisite `RCS/pg_namespace.dat.mod'.
  Trying pattern rule with stem `Makefile'.
  Rejecting impossible implicit prerequisite `Makefile.cc'.
  Trying pattern rule with stem `Makefile'.
  Rejecting impossible implicit prerequisite `Makefile.C'.
     Trying pattern rule with stem `pg_namespace.dat.mod'.
  Trying pattern rule with stem `Makefile'.
  Rejecting impossible implicit prerequisite `Makefile.cpp'.
  Trying pattern rule with stem `Makefile'.
  Rejecting impossible implicit prerequisite `Makefile.p'.
  Trying pattern rule with stem `Makefile'.
  Rejecting impossible implicit prerequisite `Makefile.f'.
     Trying implicit prerequisite `s.pg_namespace.dat.mod'.
  Trying pattern rule with stem `Makefile'.
  Rejecting impossible implicit prerequisite `Makefile.F'.
  Trying pattern rule with stem `Makefile'.
  Rejecting impossible implicit prerequisite `Makefile.m'.
  Trying pattern rule with stem `Makefile'.
     Trying pattern rule with stem `pg_namespace.dat.mod'.
  Rejecting impossible implicit prerequisite `Makefile.r'.
     Trying implicit prerequisite `SCCS/s.pg_namespace.dat.mod'.
   Trying pattern rule with stem `pg_namespace.dat'.
  Trying pattern rule with stem `Makefile'.
   Rejecting impossible implicit prerequisite `pg_namespace.dat.cc'.
  Rejecting impossible implicit prerequisite `Makefile.s'.
  Trying pattern rule with stem `Makefile'.
  Rejecting impossible implicit prerequisite `Makefile.S'.
  Trying pattern rule with stem `Makefile'.
  Rejecting impossible implicit prerequisite `Makefile.mod'.
  Trying pattern rule with stem `Makefile'.
   Trying pattern rule with stem `pg_namespace.dat'.
  Trying implicit prerequisite `Makefile.sh'.
   Rejecting impossible implicit prerequisite `pg_namespace.dat.C'.
   Trying pattern rule with stem `pg_namespace.dat'.
   Rejecting impossible implicit prerequisite `pg_namespace.dat.cpp'.
   Trying pattern rule with stem `pg_namespace.dat'.
  Looking for a rule with intermediate file `Makefile.sh'.
   Rejecting impossible implicit prerequisite `pg_namespace.dat.p'.
   Trying pattern rule with stem `pg_namespace.dat'.
   Avoiding implicit rule recursion.
   Rejecting impossible implicit prerequisite `pg_namespace.dat.f'.
   Trying pattern rule with stem `pg_namespace.dat'.
   Rejecting impossible implicit prerequisite `pg_namespace.dat.F'.
   Trying pattern rule with stem `Makefile.sh'.
   Trying pattern rule with stem `pg_namespace.dat'.
   Trying implicit prerequisite `Makefile.sh,v'.
   Trying pattern rule with stem `Makefile.sh'.
   Trying implicit prerequisite `RCS/Makefile.sh,v'.
   Trying pattern rule with stem `Makefile.sh'.
   Trying implicit prerequisite `RCS/Makefile.sh'.
   Rejecting impossible implicit prerequisite `pg_namespace.dat.m'.
   Trying pattern rule with stem `Makefile.sh'.
   Trying pattern rule with stem `pg_namespace.dat'.
   Trying implicit prerequisite `s.Makefile.sh'.
   Trying pattern rule with stem `Makefile.sh'.
   Rejecting impossible implicit prerequisite `pg_namespace.dat.r'.
   Trying implicit prerequisite `SCCS/s.Makefile.sh'.
   Trying pattern rule with stem `pg_namespace.dat'.
  No implicit rule found for `Makefile'.
   Rejecting impossible implicit prerequisite `pg_namespace.dat.s'.
   Trying pattern rule with stem `pg_namespace.dat'.
   Rejecting impossible implicit prerequisite `pg_namespace.dat.S'.
   Trying pattern rule with stem `pg_namespace.dat'.
  Finished prerequisites of target file `Makefile'.
   Rejecting impossible implicit prerequisite `pg_namespace.dat.mod'.
 No need to remake target `Makefile'.
   Trying pattern rule with stem `pg_namespace.dat'.
Updating goal targets....
Considering target file `jsonpath_gram.h'.
   Trying implicit prerequisite `pg_namespace.dat.sh'.
 File `jsonpath_gram.h' does not exist.
   Looking for a rule with intermediate file `pg_namespace.dat.sh'.
    Avoiding implicit rule recursion.
    Trying pattern rule with stem `pg_namespace.dat.sh'.
    Trying implicit prerequisite `pg_namespace.dat.sh,v'.
    Trying pattern rule with stem `pg_namespace.dat.sh'.
    Trying implicit prerequisite `RCS/pg_namespace.dat.sh,v'.
  Looking for an implicit rule for `jsonpath_gram.c'.
    Trying pattern rule with stem `pg_namespace.dat.sh'.
  Trying pattern rule with stem `jsonpath_gram'.
  Trying implicit prerequisite `jsonpath_gram.l'.
  Trying pattern rule with stem `jsonpath_gram'.
    Trying implicit prerequisite `RCS/pg_namespace.dat.sh'.
  Trying implicit prerequisite `jsonpath_gram.y'.
    Trying pattern rule with stem `pg_namespace.dat.sh'.
    Trying implicit prerequisite `s.pg_namespace.dat.sh'.
    Trying pattern rule with stem `pg_namespace.dat.sh'.
    Trying implicit prerequisite `SCCS/s.pg_namespace.dat.sh'.
   No implicit rule found for `pg_namespace.dat'.
  Found an implicit rule for `jsonpath_gram.c'.
   Looking for an implicit rule for `pg_opclass.dat'.
   Considering target file `jsonpath_gram.y'.
   Trying pattern rule with stem `pg_opclass.dat'.
    Looking for an implicit rule for `jsonpath_gram.y'.
    Trying pattern rule with stem `jsonpath_gram.y'.
   Trying implicit prerequisite `pg_opclass.dat.o'.
    Trying implicit prerequisite `jsonpath_gram.y,v'.
   Trying pattern rule with stem `pg_opclass.dat'.
   Trying implicit prerequisite `pg_opclass.dat.cc'.
   Trying pattern rule with stem `pg_opclass.dat'.
   Trying implicit prerequisite `pg_opclass.dat.C'.
    Trying pattern rule with stem `jsonpath_gram.y'.
   Trying pattern rule with stem `pg_opclass.dat'.
   Trying implicit prerequisite `pg_opclass.dat.cpp'.
   Trying pattern rule with stem `pg_opclass.dat'.
   Trying implicit prerequisite `pg_opclass.dat.p'.
    Trying implicit prerequisite `RCS/jsonpath_gram.y,v'.
   Trying pattern rule with stem `pg_opclass.dat'.
   Trying implicit prerequisite `pg_opclass.dat.f'.
   Trying pattern rule with stem `pg_opclass.dat'.
    Trying pattern rule with stem `jsonpath_gram.y'.
   Trying implicit prerequisite `pg_opclass.dat.F'.
   Trying pattern rule with stem `pg_opclass.dat'.
    Trying implicit prerequisite `RCS/jsonpath_gram.y'.
   Trying implicit prerequisite `pg_opclass.dat.m'.
    Trying pattern rule with stem `jsonpath_gram.y'.
    Trying implicit prerequisite `s.jsonpath_gram.y'.
   Trying pattern rule with stem `pg_opclass.dat'.
    Trying pattern rule with stem `jsonpath_gram.y'.
   Trying implicit prerequisite `pg_opclass.dat.r'.
   Trying pattern rule with stem `pg_opclass.dat'.
   Trying implicit prerequisite `pg_opclass.dat.s'.
   Trying pattern rule with stem `pg_opclass.dat'.
   Trying implicit prerequisite `pg_opclass.dat.S'.
   Trying pattern rule with stem `pg_opclass.dat'.
   Trying implicit prerequisite `pg_opclass.dat.mod'.
    Trying implicit prerequisite `SCCS/s.jsonpath_gram.y'.
   Trying pattern rule with stem `pg_opclass.dat'.
    No implicit rule found for `jsonpath_gram.y'.
    Finished prerequisites of target file `jsonpath_gram.y'.
   No need to remake target `jsonpath_gram.y'.
 Considering target file `jsonpath_gram.c'.
  File `jsonpath_gram.c' does not exist.
   Pruning file `jsonpath_gram.y'.
  Finished prerequisites of target file `jsonpath_gram.c'.
 Must remake target `jsonpath_gram.c'.
   Trying implicit prerequisite `pg_opclass.dat.sh'.
Need a job token; we don't have children
   Trying pattern rule with stem `pg_opclass.dat'.
/usr/bin/bison -d -o jsonpath_gram.c jsonpath_gram.y
   Trying implicit prerequisite `pg_opclass.dat,v'.
   Trying pattern rule with stem `pg_opclass.dat'.
   Trying implicit prerequisite `RCS/pg_opclass.dat,v'.
   Trying pattern rule with stem `pg_opclass.dat'.
   Trying implicit prerequisite `RCS/pg_opclass.dat'.
   Trying pattern rule with stem `pg_opclass.dat'.
   Trying implicit prerequisite `s.pg_opclass.dat'.
   Trying pattern rule with stem `pg_opclass.dat'.
   Trying implicit prerequisite `SCCS/s.pg_opclass.dat'.
   Trying pattern rule with stem `pg_opclass.dat'.
   Trying implicit prerequisite `pg_opclass.dat.o'.
   Looking for a rule with intermediate file `pg_opclass.dat.o'.
    Avoiding implicit rule recursion.
    Trying pattern rule with stem `pg_opclass.dat'.
    Trying implicit prerequisite `pg_opclass.dat.c'.
    Trying pattern rule with stem `pg_opclass.dat'.
    Trying implicit prerequisite `pg_opclass.dat.cc'.
    Trying pattern rule with stem `pg_opclass.dat'.
    Trying implicit prerequisite `pg_opclass.dat.C'.
    Trying pattern rule with stem `pg_opclass.dat'.
    Trying implicit prerequisite `pg_opclass.dat.cpp'.
    Trying pattern rule with stem `pg_opclass.dat'.
    Trying implicit prerequisite `pg_opclass.dat.p'.
    Trying pattern rule with stem `pg_opclass.dat'.
    Trying implicit prerequisite `pg_opclass.dat.f'.
    Trying pattern rule with stem `pg_opclass.dat'.
    Trying implicit prerequisite `pg_opclass.dat.F'.
    Trying pattern rule with stem `pg_opclass.dat'.
    Trying implicit prerequisite `pg_opclass.dat.m'.
    Trying pattern rule with stem `pg_opclass.dat'.
    Trying implicit prerequisite `pg_opclass.dat.r'.
    Trying pattern rule with stem `pg_opclass.dat'.
    Trying implicit prerequisite `pg_opclass.dat.s'.
    Trying pattern rule with stem `pg_opclass.dat'.
    Trying implicit prerequisite `pg_opclass.dat.S'.
    Trying pattern rule with stem `pg_opclass.dat'.
    Trying implicit prerequisite `pg_opclass.dat.mod'.
    Trying pattern rule with stem `pg_opclass.dat.o'.
    Trying implicit prerequisite `pg_opclass.dat.o,v'.
    Trying pattern rule with stem `pg_opclass.dat.o'.
    Trying implicit prerequisite `RCS/pg_opclass.dat.o,v'.
    Trying pattern rule with stem `pg_opclass.dat.o'.
    Trying implicit prerequisite `RCS/pg_opclass.dat.o'.
    Trying pattern rule with stem `pg_opclass.dat.o'.
    Trying implicit prerequisite `s.pg_opclass.dat.o'.
    Trying pattern rule with stem `pg_opclass.dat.o'.
    Trying implicit prerequisite `SCCS/s.pg_opclass.dat.o'.
    Trying pattern rule with stem `pg_opclass.dat'.
    Trying implicit prerequisite `pg_opclass.dat.c'.
    Looking for a rule with intermediate file `pg_opclass.dat.c'.
     Avoiding implicit rule recursion.
     Avoiding implicit rule recursion.
     Trying pattern rule with stem `pg_opclass.dat'.
     Trying implicit prerequisite `pg_opclass.dat.l'.
     Trying pattern rule with stem `pg_opclass.dat'.
     Trying implicit prerequisite `pg_opclass.dat.y'.
     Trying pattern rule with stem `pg_opclass.dat'.
     Trying implicit prerequisite `pg_opclass.dat.w'.
     Trying pattern rule with stem `pg_opclass.dat'.
     Trying implicit prerequisite `pg_opclass.dat.w'.
     Trying pattern rule with stem `pg_opclass.dat.c'.
     Trying implicit prerequisite `pg_opclass.dat.c,v'.
     Trying pattern rule with stem `pg_opclass.dat.c'.
     Trying implicit prerequisite `RCS/pg_opclass.dat.c,v'.
     Trying pattern rule with stem `pg_opclass.dat.c'.
     Trying implicit prerequisite `RCS/pg_opclass.dat.c'.
     Trying pattern rule with stem `pg_opclass.dat.c'.
     Trying implicit prerequisite `s.pg_opclass.dat.c'.
     Trying pattern rule with stem `pg_opclass.dat.c'.
     Trying implicit prerequisite `SCCS/s.pg_opclass.dat.c'.
     Trying pattern rule with stem `pg_opclass.dat'.
     Trying implicit prerequisite `pg_opclass.dat.l'.
     Looking for a rule with intermediate file `pg_opclass.dat.l'.
      Avoiding implicit rule recursion.
      Avoiding implicit rule recursion.
      Avoiding implicit rule recursion.
      Trying pattern rule with stem `pg_opclass.dat.l'.
      Trying implicit prerequisite `pg_opclass.dat.l,v'.
      Trying pattern rule with stem `pg_opclass.dat.l'.
      Trying implicit prerequisite `RCS/pg_opclass.dat.l,v'.
      Trying pattern rule with stem `pg_opclass.dat.l'.
      Trying implicit prerequisite `RCS/pg_opclass.dat.l'.
      Trying pattern rule with stem `pg_opclass.dat.l'.
      Trying implicit prerequisite `s.pg_opclass.dat.l'.
      Trying pattern rule with stem `pg_opclass.dat.l'.
      Trying implicit prerequisite `SCCS/s.pg_opclass.dat.l'.
     Trying pattern rule with stem `pg_opclass.dat'.
     Trying implicit prerequisite `pg_opclass.dat.y'.
     Looking for a rule with intermediate file `pg_opclass.dat.y'.
      Avoiding implicit rule recursion.
      Avoiding implicit rule recursion.
      Avoiding implicit rule recursion.
      Trying pattern rule with stem `pg_opclass.dat.y'.
      Trying implicit prerequisite `pg_opclass.dat.y,v'.
      Trying pattern rule with stem `pg_opclass.dat.y'.
      Trying implicit prerequisite `RCS/pg_opclass.dat.y,v'.
      Trying pattern rule with stem `pg_opclass.dat.y'.
      Trying implicit prerequisite `RCS/pg_opclass.dat.y'.
      Trying pattern rule with stem `pg_opclass.dat.y'.
      Trying implicit prerequisite `s.pg_opclass.dat.y'.
      Trying pattern rule with stem `pg_opclass.dat.y'.
      Trying implicit prerequisite `SCCS/s.pg_opclass.dat.y'.
     Trying pattern rule with stem `pg_opclass.dat'.
     Trying implicit prerequisite `pg_opclass.dat.w'.
     Looking for a rule with intermediate file `pg_opclass.dat.w'.
      Avoiding implicit rule recursion.
      Avoiding implicit rule recursion.
      Avoiding implicit rule recursion.
      Trying pattern rule with stem `pg_opclass.dat.w'.
      Trying implicit prerequisite `pg_opclass.dat.w,v'.
      Trying pattern rule with stem `pg_opclass.dat.w'.
      Trying implicit prerequisite `RCS/pg_opclass.dat.w,v'.
      Trying pattern rule with stem `pg_opclass.dat.w'.
      Trying implicit prerequisite `RCS/pg_opclass.dat.w'.
      Trying pattern rule with stem `pg_opclass.dat.w'.
      Trying implicit prerequisite `s.pg_opclass.dat.w'.
      Trying pattern rule with stem `pg_opclass.dat.w'.
      Trying implicit prerequisite `SCCS/s.pg_opclass.dat.w'.
     Trying pattern rule with stem `pg_opclass.dat'.
     Rejecting impossible implicit prerequisite `pg_opclass.dat.w'.
    Trying pattern rule with stem `pg_opclass.dat'.
    Trying implicit prerequisite `pg_opclass.dat.cc'.
    Looking for a rule with intermediate file `pg_opclass.dat.cc'.
     Avoiding implicit rule recursion.
     Avoiding implicit rule recursion.
     Trying pattern rule with stem `pg_opclass.dat.cc'.
     Trying implicit prerequisite `pg_opclass.dat.cc,v'.
     Trying pattern rule with stem `pg_opclass.dat.cc'.
     Trying implicit prerequisite `RCS/pg_opclass.dat.cc,v'.
     Trying pattern rule with stem `pg_opclass.dat.cc'.
     Trying implicit prerequisite `RCS/pg_opclass.dat.cc'.
     Trying pattern rule with stem `pg_opclass.dat.cc'.
     Trying implicit prerequisite `s.pg_opclass.dat.cc'.
     Trying pattern rule with stem `pg_opclass.dat.cc'.
     Trying implicit prerequisite `SCCS/s.pg_opclass.dat.cc'.
    Trying pattern rule with stem `pg_opclass.dat'.
    Trying implicit prerequisite `pg_opclass.dat.C'.
    Looking for a rule with intermediate file `pg_opclass.dat.C'.
     Avoiding implicit rule recursion.
     Avoiding implicit rule recursion.
     Trying pattern rule with stem `pg_opclass.dat.C'.
     Trying implicit prerequisite `pg_opclass.dat.C,v'.
     Trying pattern rule with stem `pg_opclass.dat.C'.
     Trying implicit prerequisite `RCS/pg_opclass.dat.C,v'.
     Trying pattern rule with stem `pg_opclass.dat.C'.
     Trying implicit prerequisite `RCS/pg_opclass.dat.C'.
     Trying pattern rule with stem `pg_opclass.dat.C'.
     Trying implicit prerequisite `s.pg_opclass.dat.C'.
     Trying pattern rule with stem `pg_opclass.dat.C'.
     Trying implicit prerequisite `SCCS/s.pg_opclass.dat.C'.
    Trying pattern rule with stem `pg_opclass.dat'.
    Trying implicit prerequisite `pg_opclass.dat.cpp'.
    Looking for a rule with intermediate file `pg_opclass.dat.cpp'.
     Avoiding implicit rule recursion.
     Avoiding implicit rule recursion.
     Trying pattern rule with stem `pg_opclass.dat.cpp'.
     Trying implicit prerequisite `pg_opclass.dat.cpp,v'.
     Trying pattern rule with stem `pg_opclass.dat.cpp'.
     Trying implicit prerequisite `RCS/pg_opclass.dat.cpp,v'.
     Trying pattern rule with stem `pg_opclass.dat.cpp'.
     Trying implicit prerequisite `RCS/pg_opclass.dat.cpp'.
     Trying pattern rule with stem `pg_opclass.dat.cpp'.
     Trying implicit prerequisite `s.pg_opclass.dat.cpp'.
     Trying pattern rule with stem `pg_opclass.dat.cpp'.
     Trying implicit prerequisite `SCCS/s.pg_opclass.dat.cpp'.
    Trying pattern rule with stem `pg_opclass.dat'.
    Trying implicit prerequisite `pg_opclass.dat.p'.
    Looking for a rule with intermediate file `pg_opclass.dat.p'.
     Avoiding implicit rule recursion.
     Avoiding implicit rule recursion.
     Trying pattern rule with stem `pg_opclass.dat'.
     Trying implicit prerequisite `pg_opclass.dat.web'.
     Trying pattern rule with stem `pg_opclass.dat.p'.
     Trying implicit prerequisite `pg_opclass.dat.p,v'.
     Trying pattern rule with stem `pg_opclass.dat.p'.
     Trying implicit prerequisite `RCS/pg_opclass.dat.p,v'.
     Trying pattern rule with stem `pg_opclass.dat.p'.
     Trying implicit prerequisite `RCS/pg_opclass.dat.p'.
     Trying pattern rule with stem `pg_opclass.dat.p'.
     Trying implicit prerequisite `s.pg_opclass.dat.p'.
     Trying pattern rule with stem `pg_opclass.dat.p'.
     Trying implicit prerequisite `SCCS/s.pg_opclass.dat.p'.
     Trying pattern rule with stem `pg_opclass.dat'.
     Trying implicit prerequisite `pg_opclass.dat.web'.
     Looking for a rule with intermediate file `pg_opclass.dat.web'.
      Avoiding implicit rule recursion.
      Avoiding implicit rule recursion.
      Avoiding implicit rule recursion.
      Trying pattern rule with stem `pg_opclass.dat.web'.
      Trying implicit prerequisite `pg_opclass.dat.web,v'.
      Trying pattern rule with stem `pg_opclass.dat.web'.
      Trying implicit prerequisite `RCS/pg_opclass.dat.web,v'.
      Trying pattern rule with stem `pg_opclass.dat.web'.
      Trying implicit prerequisite `RCS/pg_opclass.dat.web'.
      Trying pattern rule with stem `pg_opclass.dat.web'.
      Trying implicit prerequisite `s.pg_opclass.dat.web'.
      Trying pattern rule with stem `pg_opclass.dat.web'.
      Trying implicit prerequisite `SCCS/s.pg_opclass.dat.web'.
    Trying pattern rule with stem `pg_opclass.dat'.
    Trying implicit prerequisite `pg_opclass.dat.f'.
    Looking for a rule with intermediate file `pg_opclass.dat.f'.
     Avoiding implicit rule recursion.
     Avoiding implicit rule recursion.
     Trying pattern rule with stem `pg_opclass.dat'.
     Trying implicit prerequisite `pg_opclass.dat.F'.
     Trying pattern rule with stem `pg_opclass.dat'.
     Trying implicit prerequisite `pg_opclass.dat.r'.
     Trying pattern rule with stem `pg_opclass.dat.f'.
     Trying implicit prerequisite `pg_opclass.dat.f,v'.
     Trying pattern rule with stem `pg_opclass.dat.f'.
     Trying implicit prerequisite `RCS/pg_opclass.dat.f,v'.
     Trying pattern rule with stem `pg_opclass.dat.f'.
     Trying implicit prerequisite `RCS/pg_opclass.dat.f'.
     Trying pattern rule with stem `pg_opclass.dat.f'.
     Trying implicit prerequisite `s.pg_opclass.dat.f'.
     Trying pattern rule with stem `pg_opclass.dat.f'.
Putting child 0x121c05090 (jsonpath_gram.c) PID 93781 on the chain.
     Trying implicit prerequisite `SCCS/s.pg_opclass.dat.f'.
 Commands of `jsonpath_gram.c' are being run.
 Finished prerequisites of target file `jsonpath_gram.h'.
     Trying pattern rule with stem `pg_opclass.dat'.
The prerequisites of `jsonpath_gram.h' are being made.
Live child 0x121c05090 (jsonpath_gram.c) PID 93781 
     Trying implicit prerequisite `pg_opclass.dat.F'.
     Looking for a rule with intermediate file `pg_opclass.dat.F'.
      Avoiding implicit rule recursion.
      Avoiding implicit rule recursion.
      Avoiding implicit rule recursion.
      Trying pattern rule with stem `pg_opclass.dat.F'.
      Trying implicit prerequisite `pg_opclass.dat.F,v'.
      Trying pattern rule with stem `pg_opclass.dat.F'.
      Trying implicit prerequisite `RCS/pg_opclass.dat.F,v'.
      Trying pattern rule with stem `pg_opclass.dat.F'.
      Trying implicit prerequisite `RCS/pg_opclass.dat.F'.
      Trying pattern rule with stem `pg_opclass.dat.F'.
      Trying implicit prerequisite `s.pg_opclass.dat.F'.
      Trying pattern rule with stem `pg_opclass.dat.F'.
      Trying implicit prerequisite `SCCS/s.pg_opclass.dat.F'.
     Trying pattern rule with stem `pg_opclass.dat'.
     Trying implicit prerequisite `pg_opclass.dat.r'.
     Looking for a rule with intermediate file `pg_opclass.dat.r'.
      Avoiding implicit rule recursion.
      Avoiding implicit rule recursion.
      Avoiding implicit rule recursion.
      Trying pattern rule with stem `pg_opclass.dat'.
      Rejecting impossible implicit prerequisite `pg_opclass.dat.l'.
      Trying pattern rule with stem `pg_opclass.dat.r'.
      Trying implicit prerequisite `pg_opclass.dat.r,v'.
      Trying pattern rule with stem `pg_opclass.dat.r'.
      Trying implicit prerequisite `RCS/pg_opclass.dat.r,v'.
      Trying pattern rule with stem `pg_opclass.dat.r'.
      Trying implicit prerequisite `RCS/pg_opclass.dat.r'.
      Trying pattern rule with stem `pg_opclass.dat.r'.
      Trying implicit prerequisite `s.pg_opclass.dat.r'.
      Trying pattern rule with stem `pg_opclass.dat.r'.
      Trying implicit prerequisite `SCCS/s.pg_opclass.dat.r'.
    Trying pattern rule with stem `pg_opclass.dat'.
    Rejecting impossible implicit prerequisite `pg_opclass.dat.F'.
    Trying pattern rule with stem `pg_opclass.dat'.
    Trying implicit prerequisite `pg_opclass.dat.m'.
    Looking for a rule with intermediate file `pg_opclass.dat.m'.
     Avoiding implicit rule recursion.
     Avoiding implicit rule recursion.
     Trying pattern rule with stem `pg_opclass.dat'.
     Trying implicit prerequisite `pg_opclass.dat.ym'.
     Trying pattern rule with stem `pg_opclass.dat'.
     Trying implicit prerequisite `pg_opclass.dat.lm'.
     Trying pattern rule with stem `pg_opclass.dat.m'.
     Trying implicit prerequisite `pg_opclass.dat.m,v'.
     Trying pattern rule with stem `pg_opclass.dat.m'.
     Trying implicit prerequisite `RCS/pg_opclass.dat.m,v'.
     Trying pattern rule with stem `pg_opclass.dat.m'.
     Trying implicit prerequisite `RCS/pg_opclass.dat.m'.
     Trying pattern rule with stem `pg_opclass.dat.m'.
     Trying implicit prerequisite `s.pg_opclass.dat.m'.
     Trying pattern rule with stem `pg_opclass.dat.m'.
     Trying implicit prerequisite `SCCS/s.pg_opclass.dat.m'.
     Trying pattern rule with stem `pg_opclass.dat'.
     Trying implicit prerequisite `pg_opclass.dat.ym'.
     Looking for a rule with intermediate file `pg_opclass.dat.ym'.
      Avoiding implicit rule recursion.
      Avoiding implicit rule recursion.
      Avoiding implicit rule recursion.
      Trying pattern rule with stem `pg_opclass.dat.ym'.
      Trying implicit prerequisite `pg_opclass.dat.ym,v'.
      Trying pattern rule with stem `pg_opclass.dat.ym'.
      Trying implicit prerequisite `RCS/pg_opclass.dat.ym,v'.
      Trying pattern rule with stem `pg_opclass.dat.ym'.
      Trying implicit prerequisite `RCS/pg_opclass.dat.ym'.
      Trying pattern rule with stem `pg_opclass.dat.ym'.
      Trying implicit prerequisite `s.pg_opclass.dat.ym'.
      Trying pattern rule with stem `pg_opclass.dat.ym'.
      Trying implicit prerequisite `SCCS/s.pg_opclass.dat.ym'.
     Trying pattern rule with stem `pg_opclass.dat'.
     Trying implicit prerequisite `pg_opclass.dat.lm'.
     Looking for a rule with intermediate file `pg_opclass.dat.lm'.
      Avoiding implicit rule recursion.
      Avoiding implicit rule recursion.
      Avoiding implicit rule recursion.
      Trying pattern rule with stem `pg_opclass.dat.lm'.
      Trying implicit prerequisite `pg_opclass.dat.lm,v'.
      Trying pattern rule with stem `pg_opclass.dat.lm'.
      Trying implicit prerequisite `RCS/pg_opclass.dat.lm,v'.
      Trying pattern rule with stem `pg_opclass.dat.lm'.
      Trying implicit prerequisite `RCS/pg_opclass.dat.lm'.
      Trying pattern rule with stem `pg_opclass.dat.lm'.
      Trying implicit prerequisite `s.pg_opclass.dat.lm'.
      Trying pattern rule with stem `pg_opclass.dat.lm'.
      Trying implicit prerequisite `SCCS/s.pg_opclass.dat.lm'.
    Trying pattern rule with stem `pg_opclass.dat'.
    Rejecting impossible implicit prerequisite `pg_opclass.dat.r'.
    Trying pattern rule with stem `pg_opclass.dat'.
    Trying implicit prerequisite `pg_opclass.dat.s'.
    Looking for a rule with intermediate file `pg_opclass.dat.s'.
     Avoiding implicit rule recursion.
     Avoiding implicit rule recursion.
     Trying pattern rule with stem `pg_opclass.dat'.
     Trying implicit prerequisite `pg_opclass.dat.S'.
     Trying pattern rule with stem `pg_opclass.dat.s'.
     Trying implicit prerequisite `pg_opclass.dat.s,v'.
     Trying pattern rule with stem `pg_opclass.dat.s'.
     Trying implicit prerequisite `RCS/pg_opclass.dat.s,v'.
     Trying pattern rule with stem `pg_opclass.dat.s'.
     Trying implicit prerequisite `RCS/pg_opclass.dat.s'.
     Trying pattern rule with stem `pg_opclass.dat.s'.
     Trying implicit prerequisite `s.pg_opclass.dat.s'.
     Trying pattern rule with stem `pg_opclass.dat.s'.
     Trying implicit prerequisite `SCCS/s.pg_opclass.dat.s'.
     Trying pattern rule with stem `pg_opclass.dat'.
     Trying implicit prerequisite `pg_opclass.dat.S'.
     Looking for a rule with intermediate file `pg_opclass.dat.S'.
      Avoiding implicit rule recursion.
      Avoiding implicit rule recursion.
      Avoiding implicit rule recursion.
      Trying pattern rule with stem `pg_opclass.dat.S'.
      Trying implicit prerequisite `pg_opclass.dat.S,v'.
      Trying pattern rule with stem `pg_opclass.dat.S'.
      Trying implicit prerequisite `RCS/pg_opclass.dat.S,v'.
      Trying pattern rule with stem `pg_opclass.dat.S'.
      Trying implicit prerequisite `RCS/pg_opclass.dat.S'.
      Trying pattern rule with stem `pg_opclass.dat.S'.
      Trying implicit prerequisite `s.pg_opclass.dat.S'.
      Trying pattern rule with stem `pg_opclass.dat.S'.
      Trying implicit prerequisite `SCCS/s.pg_opclass.dat.S'.
    Trying pattern rule with stem `pg_opclass.dat'.
    Rejecting impossible implicit prerequisite `pg_opclass.dat.S'.
    Trying pattern rule with stem `pg_opclass.dat'.
    Trying implicit prerequisite `pg_opclass.dat.mod'.
    Looking for a rule with intermediate file `pg_opclass.dat.mod'.
     Avoiding implicit rule recursion.
     Avoiding implicit rule recursion.
     Trying pattern rule with stem `pg_opclass.dat.mod'.
     Trying implicit prerequisite `pg_opclass.dat.mod,v'.
     Trying pattern rule with stem `pg_opclass.dat.mod'.
     Trying implicit prerequisite `RCS/pg_opclass.dat.mod,v'.
     Trying pattern rule with stem `pg_opclass.dat.mod'.
     Trying implicit prerequisite `RCS/pg_opclass.dat.mod'.
     Trying pattern rule with stem `pg_opclass.dat.mod'.
     Trying implicit prerequisite `s.pg_opclass.dat.mod'.
     Trying pattern rule with stem `pg_opclass.dat.mod'.
     Trying implicit prerequisite `SCCS/s.pg_opclass.dat.mod'.
   Trying pattern rule with stem `pg_opclass.dat'.
   Rejecting impossible implicit prerequisite `pg_opclass.dat.cc'.
   Trying pattern rule with stem `pg_opclass.dat'.
   Rejecting impossible implicit prerequisite `pg_opclass.dat.C'.
   Trying pattern rule with stem `pg_opclass.dat'.
   Rejecting impossible implicit prerequisite `pg_opclass.dat.cpp'.
   Trying pattern rule with stem `pg_opclass.dat'.
   Rejecting impossible implicit prerequisite `pg_opclass.dat.p'.
   Trying pattern rule with stem `pg_opclass.dat'.
   Rejecting impossible implicit prerequisite `pg_opclass.dat.f'.
   Trying pattern rule with stem `pg_opclass.dat'.
   Rejecting impossible implicit prerequisite `pg_opclass.dat.F'.
   Trying pattern rule with stem `pg_opclass.dat'.
   Rejecting impossible implicit prerequisite `pg_opclass.dat.m'.
   Trying pattern rule with stem `pg_opclass.dat'.
   Rejecting impossible implicit prerequisite `pg_opclass.dat.r'.
   Trying pattern rule with stem `pg_opclass.dat'.
   Rejecting impossible implicit prerequisite `pg_opclass.dat.s'.
   Trying pattern rule with stem `pg_opclass.dat'.
   Rejecting impossible implicit prerequisite `pg_opclass.dat.S'.
   Trying pattern rule with stem `pg_opclass.dat'.
   Rejecting impossible implicit prerequisite `pg_opclass.dat.mod'.
   Trying pattern rule with stem `pg_opclass.dat'.
   Trying implicit prerequisite `pg_opclass.dat.sh'.
   Looking for a rule with intermediate file `pg_opclass.dat.sh'.
    Avoiding implicit rule recursion.
    Trying pattern rule with stem `pg_opclass.dat.sh'.
    Trying implicit prerequisite `pg_opclass.dat.sh,v'.
    Trying pattern rule with stem `pg_opclass.dat.sh'.
    Trying implicit prerequisite `RCS/pg_opclass.dat.sh,v'.
    Trying pattern rule with stem `pg_opclass.dat.sh'.
    Trying implicit prerequisite `RCS/pg_opclass.dat.sh'.
    Trying pattern rule with stem `pg_opclass.dat.sh'.
    Trying implicit prerequisite `s.pg_opclass.dat.sh'.
    Trying pattern rule with stem `pg_opclass.dat.sh'.
    Trying implicit prerequisite `SCCS/s.pg_opclass.dat.sh'.
   No implicit rule found for `pg_opclass.dat'.
   Looking for an implicit rule for `pg_operator.dat'.
   Trying pattern rule with stem `pg_operator.dat'.
   Trying implicit prerequisite `pg_operator.dat.o'.
   Trying pattern rule with stem `pg_operator.dat'.
   Trying implicit prerequisite `pg_operator.dat.cc'.
   Trying pattern rule with stem `pg_operator.dat'.
   Trying implicit prerequisite `pg_operator.dat.C'.
   Trying pattern rule with stem `pg_operator.dat'.
   Trying implicit prerequisite `pg_operator.dat.cpp'.
   Trying pattern rule with stem `pg_operator.dat'.
   Trying implicit prerequisite `pg_operator.dat.p'.
   Trying pattern rule with stem `pg_operator.dat'.
   Trying implicit prerequisite `pg_operator.dat.f'.
   Trying pattern rule with stem `pg_operator.dat'.
   Trying implicit prerequisite `pg_operator.dat.F'.
   Trying pattern rule with stem `pg_operator.dat'.
   Trying implicit prerequisite `pg_operator.dat.m'.
   Trying pattern rule with stem `pg_operator.dat'.
   Trying implicit prerequisite `pg_operator.dat.r'.
   Trying pattern rule with stem `pg_operator.dat'.
   Trying implicit prerequisite `pg_operator.dat.s'.
   Trying pattern rule with stem `pg_operator.dat'.
   Trying implicit prerequisite `pg_operator.dat.S'.
   Trying pattern rule with stem `pg_operator.dat'.
   Trying implicit prerequisite `pg_operator.dat.mod'.
   Trying pattern rule with stem `pg_operator.dat'.
   Trying implicit prerequisite `pg_operator.dat.sh'.
   Trying pattern rule with stem `pg_operator.dat'.
   Trying implicit prerequisite `pg_operator.dat,v'.
   Trying pattern rule with stem `pg_operator.dat'.
   Trying implicit prerequisite `RCS/pg_operator.dat,v'.
   Trying pattern rule with stem `pg_operator.dat'.
   Trying implicit prerequisite `RCS/pg_operator.dat'.
   Trying pattern rule with stem `pg_operator.dat'.
   Trying implicit prerequisite `s.pg_operator.dat'.
   Trying pattern rule with stem `pg_operator.dat'.
   Trying implicit prerequisite `SCCS/s.pg_operator.dat'.
   Trying pattern rule with stem `pg_operator.dat'.
   Trying implicit prerequisite `pg_operator.dat.o'.
   Looking for a rule with intermediate file `pg_operator.dat.o'.
    Avoiding implicit rule recursion.
    Trying pattern rule with stem `pg_operator.dat'.
    Trying implicit prerequisite `pg_operator.dat.c'.
    Trying pattern rule with stem `pg_operator.dat'.
    Trying implicit prerequisite `pg_operator.dat.cc'.
    Trying pattern rule with stem `pg_operator.dat'.
    Trying implicit prerequisite `pg_operator.dat.C'.
    Trying pattern rule with stem `pg_operator.dat'.
    Trying implicit prerequisite `pg_operator.dat.cpp'.
    Trying pattern rule with stem `pg_operator.dat'.
    Trying implicit prerequisite `pg_operator.dat.p'.
    Trying pattern rule with stem `pg_operator.dat'.
    Trying implicit prerequisite `pg_operator.dat.f'.
    Trying pattern rule with stem `pg_operator.dat'.
    Trying implicit prerequisite `pg_operator.dat.F'.
    Trying pattern rule with stem `pg_operator.dat'.
    Trying implicit prerequisite `pg_operator.dat.m'.
    Trying pattern rule with stem `pg_operator.dat'.
    Trying implicit prerequisite `pg_operator.dat.r'.
    Trying pattern rule with stem `pg_operator.dat'.
    Trying implicit prerequisite `pg_operator.dat.s'.
    Trying pattern rule with stem `pg_operator.dat'.
    Trying implicit prerequisite `pg_operator.dat.S'.
    Trying pattern rule with stem `pg_operator.dat'.
    Trying implicit prerequisite `pg_operator.dat.mod'.
    Trying pattern rule with stem `pg_operator.dat.o'.
    Trying implicit prerequisite `pg_operator.dat.o,v'.
    Trying pattern rule with stem `pg_operator.dat.o'.
    Trying implicit prerequisite `RCS/pg_operator.dat.o,v'.
    Trying pattern rule with stem `pg_operator.dat.o'.
    Trying implicit prerequisite `RCS/pg_operator.dat.o'.
    Trying pattern rule with stem `pg_operator.dat.o'.
    Trying implicit prerequisite `s.pg_operator.dat.o'.
    Trying pattern rule with stem `pg_operator.dat.o'.
    Trying implicit prerequisite `SCCS/s.pg_operator.dat.o'.
    Trying pattern rule with stem `pg_operator.dat'.
    Trying implicit prerequisite `pg_operator.dat.c'.
    Looking for a rule with intermediate file `pg_operator.dat.c'.
     Avoiding implicit rule recursion.
     Avoiding implicit rule recursion.
     Trying pattern rule with stem `pg_operator.dat'.
     Trying implicit prerequisite `pg_operator.dat.l'.
     Trying pattern rule with stem `pg_operator.dat'.
     Trying implicit prerequisite `pg_operator.dat.y'.
     Trying pattern rule with stem `pg_operator.dat'.
     Trying implicit prerequisite `pg_operator.dat.w'.
     Trying pattern rule with stem `pg_operator.dat'.
     Trying implicit prerequisite `pg_operator.dat.w'.
     Trying pattern rule with stem `pg_operator.dat.c'.
     Trying implicit prerequisite `pg_operator.dat.c,v'.
     Trying pattern rule with stem `pg_operator.dat.c'.
     Trying implicit prerequisite `RCS/pg_operator.dat.c,v'.
     Trying pattern rule with stem `pg_operator.dat.c'.
     Trying implicit prerequisite `RCS/pg_operator.dat.c'.
     Trying pattern rule with stem `pg_operator.dat.c'.
     Trying implicit prerequisite `s.pg_operator.dat.c'.
     Trying pattern rule with stem `pg_operator.dat.c'.
     Trying implicit prerequisite `SCCS/s.pg_operator.dat.c'.
     Trying pattern rule with stem `pg_operator.dat'.
     Trying implicit prerequisite `pg_operator.dat.l'.
     Looking for a rule with intermediate file `pg_operator.dat.l'.
      Avoiding implicit rule recursion.
      Avoiding implicit rule recursion.
      Avoiding implicit rule recursion.
      Trying pattern rule with stem `pg_operator.dat.l'.
      Trying implicit prerequisite `pg_operator.dat.l,v'.
      Trying pattern rule with stem `pg_operator.dat.l'.
      Trying implicit prerequisite `RCS/pg_operator.dat.l,v'.
      Trying pattern rule with stem `pg_operator.dat.l'.
      Trying implicit prerequisite `RCS/pg_operator.dat.l'.
      Trying pattern rule with stem `pg_operator.dat.l'.
      Trying implicit prerequisite `s.pg_operator.dat.l'.
      Trying pattern rule with stem `pg_operator.dat.l'.
      Trying implicit prerequisite `SCCS/s.pg_operator.dat.l'.
     Trying pattern rule with stem `pg_operator.dat'.
     Trying implicit prerequisite `pg_operator.dat.y'.
     Looking for a rule with intermediate file `pg_operator.dat.y'.
      Avoiding implicit rule recursion.
      Avoiding implicit rule recursion.
      Avoiding implicit rule recursion.
      Trying pattern rule with stem `pg_operator.dat.y'.
      Trying implicit prerequisite `pg_operator.dat.y,v'.
      Trying pattern rule with stem `pg_operator.dat.y'.
      Trying implicit prerequisite `RCS/pg_operator.dat.y,v'.
      Trying pattern rule with stem `pg_operator.dat.y'.
      Trying implicit prerequisite `RCS/pg_operator.dat.y'.
      Trying pattern rule with stem `pg_operator.dat.y'.
      Trying implicit prerequisite `s.pg_operator.dat.y'.
      Trying pattern rule with stem `pg_operator.dat.y'.
      Trying implicit prerequisite `SCCS/s.pg_operator.dat.y'.
     Trying pattern rule with stem `pg_operator.dat'.
     Trying implicit prerequisite `pg_operator.dat.w'.
     Looking for a rule with intermediate file `pg_operator.dat.w'.
      Avoiding implicit rule recursion.
      Avoiding implicit rule recursion.
      Avoiding implicit rule recursion.
      Trying pattern rule with stem `pg_operator.dat.w'.
      Trying implicit prerequisite `pg_operator.dat.w,v'.
      Trying pattern rule with stem `pg_operator.dat.w'.
      Trying implicit prerequisite `RCS/pg_operator.dat.w,v'.
      Trying pattern rule with stem `pg_operator.dat.w'.
      Trying implicit prerequisite `RCS/pg_operator.dat.w'.
      Trying pattern rule with stem `pg_operator.dat.w'.
      Trying implicit prerequisite `s.pg_operator.dat.w'.
      Trying pattern rule with stem `pg_operator.dat.w'.
      Trying implicit prerequisite `SCCS/s.pg_operator.dat.w'.
     Trying pattern rule with stem `pg_operator.dat'.
     Rejecting impossible implicit prerequisite `pg_operator.dat.w'.
    Trying pattern rule with stem `pg_operator.dat'.
    Trying implicit prerequisite `pg_operator.dat.cc'.
    Looking for a rule with intermediate file `pg_operator.dat.cc'.
     Avoiding implicit rule recursion.
     Avoiding implicit rule recursion.
     Trying pattern rule with stem `pg_operator.dat.cc'.
     Trying implicit prerequisite `pg_operator.dat.cc,v'.
     Trying pattern rule with stem `pg_operator.dat.cc'.
     Trying implicit prerequisite `RCS/pg_operator.dat.cc,v'.
     Trying pattern rule with stem `pg_operator.dat.cc'.
     Trying implicit prerequisite `RCS/pg_operator.dat.cc'.
     Trying pattern rule with stem `pg_operator.dat.cc'.
     Trying implicit prerequisite `s.pg_operator.dat.cc'.
     Trying pattern rule with stem `pg_operator.dat.cc'.
     Trying implicit prerequisite `SCCS/s.pg_operator.dat.cc'.
    Trying pattern rule with stem `pg_operator.dat'.
    Trying implicit prerequisite `pg_operator.dat.C'.
    Looking for a rule with intermediate file `pg_operator.dat.C'.
     Avoiding implicit rule recursion.
     Avoiding implicit rule recursion.
     Trying pattern rule with stem `pg_operator.dat.C'.
     Trying implicit prerequisite `pg_operator.dat.C,v'.
     Trying pattern rule with stem `pg_operator.dat.C'.
     Trying implicit prerequisite `RCS/pg_operator.dat.C,v'.
     Trying pattern rule with stem `pg_operator.dat.C'.
     Trying implicit prerequisite `RCS/pg_operator.dat.C'.
     Trying pattern rule with stem `pg_operator.dat.C'.
     Trying implicit prerequisite `s.pg_operator.dat.C'.
     Trying pattern rule with stem `pg_operator.dat.C'.
     Trying implicit prerequisite `SCCS/s.pg_operator.dat.C'.
    Trying pattern rule with stem `pg_operator.dat'.
    Trying implicit prerequisite `pg_operator.dat.cpp'.
    Looking for a rule with intermediate file `pg_operator.dat.cpp'.
     Avoiding implicit rule recursion.
     Avoiding implicit rule recursion.
     Trying pattern rule with stem `pg_operator.dat.cpp'.
     Trying implicit prerequisite `pg_operator.dat.cpp,v'.
     Trying pattern rule with stem `pg_operator.dat.cpp'.
     Trying implicit prerequisite `RCS/pg_operator.dat.cpp,v'.
     Trying pattern rule with stem `pg_operator.dat.cpp'.
     Trying implicit prerequisite `RCS/pg_operator.dat.cpp'.
     Trying pattern rule with stem `pg_operator.dat.cpp'.
     Trying implicit prerequisite `s.pg_operator.dat.cpp'.
     Trying pattern rule with stem `pg_operator.dat.cpp'.
     Trying implicit prerequisite `SCCS/s.pg_operator.dat.cpp'.
    Trying pattern rule with stem `pg_operator.dat'.
    Trying implicit prerequisite `pg_operator.dat.p'.
    Looking for a rule with intermediate file `pg_operator.dat.p'.
     Avoiding implicit rule recursion.
     Avoiding implicit rule recursion.
     Trying pattern rule with stem `pg_operator.dat'.
     Trying implicit prerequisite `pg_operator.dat.web'.
     Trying pattern rule with stem `pg_operator.dat.p'.
     Trying implicit prerequisite `pg_operator.dat.p,v'.
     Trying pattern rule with stem `pg_operator.dat.p'.
     Trying implicit prerequisite `RCS/pg_operator.dat.p,v'.
     Trying pattern rule with stem `pg_operator.dat.p'.
     Trying implicit prerequisite `RCS/pg_operator.dat.p'.
     Trying pattern rule with stem `pg_operator.dat.p'.
     Trying implicit prerequisite `s.pg_operator.dat.p'.
     Trying pattern rule with stem `pg_operator.dat.p'.
     Trying implicit prerequisite `SCCS/s.pg_operator.dat.p'.
     Trying pattern rule with stem `pg_operator.dat'.
     Trying implicit prerequisite `pg_operator.dat.web'.
     Looking for a rule with intermediate file `pg_operator.dat.web'.
      Avoiding implicit rule recursion.
      Avoiding implicit rule recursion.
      Avoiding implicit rule recursion.
      Trying pattern rule with stem `pg_operator.dat.web'.
      Trying implicit prerequisite `pg_operator.dat.web,v'.
      Trying pattern rule with stem `pg_operator.dat.web'.
      Trying implicit prerequisite `RCS/pg_operator.dat.web,v'.
      Trying pattern rule with stem `pg_operator.dat.web'.
      Trying implicit prerequisite `RCS/pg_operator.dat.web'.
      Trying pattern rule with stem `pg_operator.dat.web'.
      Trying implicit prerequisite `s.pg_operator.dat.web'.
      Trying pattern rule with stem `pg_operator.dat.web'.
      Trying implicit prerequisite `SCCS/s.pg_operator.dat.web'.
    Trying pattern rule with stem `pg_operator.dat'.
    Trying implicit prerequisite `pg_operator.dat.f'.
    Looking for a rule with intermediate file `pg_operator.dat.f'.
     Avoiding implicit rule recursion.
     Avoiding implicit rule recursion.
     Trying pattern rule with stem `pg_operator.dat'.
     Trying implicit prerequisite `pg_operator.dat.F'.
     Trying pattern rule with stem `pg_operator.dat'.
     Trying implicit prerequisite `pg_operator.dat.r'.
     Trying pattern rule with stem `pg_operator.dat.f'.
     Trying implicit prerequisite `pg_operator.dat.f,v'.
     Trying pattern rule with stem `pg_operator.dat.f'.
     Trying implicit prerequisite `RCS/pg_operator.dat.f,v'.
     Trying pattern rule with stem `pg_operator.dat.f'.
     Trying implicit prerequisite `RCS/pg_operator.dat.f'.
     Trying pattern rule with stem `pg_operator.dat.f'.
     Trying implicit prerequisite `s.pg_operator.dat.f'.
     Trying pattern rule with stem `pg_operator.dat.f'.
     Trying implicit prerequisite `SCCS/s.pg_operator.dat.f'.
     Trying pattern rule with stem `pg_operator.dat'.
     Trying implicit prerequisite `pg_operator.dat.F'.
     Looking for a rule with intermediate file `pg_operator.dat.F'.
      Avoiding implicit rule recursion.
      Avoiding implicit rule recursion.
      Avoiding implicit rule recursion.
      Trying pattern rule with stem `pg_operator.dat.F'.
      Trying implicit prerequisite `pg_operator.dat.F,v'.
      Trying pattern rule with stem `pg_operator.dat.F'.
      Trying implicit prerequisite `RCS/pg_operator.dat.F,v'.
      Trying pattern rule with stem `pg_operator.dat.F'.
      Trying implicit prerequisite `RCS/pg_operator.dat.F'.
      Trying pattern rule with stem `pg_operator.dat.F'.
      Trying implicit prerequisite `s.pg_operator.dat.F'.
      Trying pattern rule with stem `pg_operator.dat.F'.
      Trying implicit prerequisite `SCCS/s.pg_operator.dat.F'.
     Trying pattern rule with stem `pg_operator.dat'.
     Trying implicit prerequisite `pg_operator.dat.r'.
     Looking for a rule with intermediate file `pg_operator.dat.r'.
      Avoiding implicit rule recursion.
      Avoiding implicit rule recursion.
      Avoiding implicit rule recursion.
      Trying pattern rule with stem `pg_operator.dat'.
      Rejecting impossible implicit prerequisite `pg_operator.dat.l'.
      Trying pattern rule with stem `pg_operator.dat.r'.
      Trying implicit prerequisite `pg_operator.dat.r,v'.
      Trying pattern rule with stem `pg_operator.dat.r'.
      Trying implicit prerequisite `RCS/pg_operator.dat.r,v'.
      Trying pattern rule with stem `pg_operator.dat.r'.
      Trying implicit prerequisite `RCS/pg_operator.dat.r'.
      Trying pattern rule with stem `pg_operator.dat.r'.
      Trying implicit prerequisite `s.pg_operator.dat.r'.
      Trying pattern rule with stem `pg_operator.dat.r'.
      Trying implicit prerequisite `SCCS/s.pg_operator.dat.r'.
    Trying pattern rule with stem `pg_operator.dat'.
    Rejecting impossible implicit prerequisite `pg_operator.dat.F'.
    Trying pattern rule with stem `pg_operator.dat'.
    Trying implicit prerequisite `pg_operator.dat.m'.
    Looking for a rule with intermediate file `pg_operator.dat.m'.
     Avoiding implicit rule recursion.
     Avoiding implicit rule recursion.
     Trying pattern rule with stem `pg_operator.dat'.
     Trying implicit prerequisite `pg_operator.dat.ym'.
     Trying pattern rule with stem `pg_operator.dat'.
     Trying implicit prerequisite `pg_operator.dat.lm'.
     Trying pattern rule with stem `pg_operator.dat.m'.
     Trying implicit prerequisite `pg_operator.dat.m,v'.
     Trying pattern rule with stem `pg_operator.dat.m'.
     Trying implicit prerequisite `RCS/pg_operator.dat.m,v'.
     Trying pattern rule with stem `pg_operator.dat.m'.
     Trying implicit prerequisite `RCS/pg_operator.dat.m'.
     Trying pattern rule with stem `pg_operator.dat.m'.
     Trying implicit prerequisite `s.pg_operator.dat.m'.
     Trying pattern rule with stem `pg_operator.dat.m'.
     Trying implicit prerequisite `SCCS/s.pg_operator.dat.m'.
     Trying pattern rule with stem `pg_operator.dat'.
     Trying implicit prerequisite `pg_operator.dat.ym'.
     Looking for a rule with intermediate file `pg_operator.dat.ym'.
      Avoiding implicit rule recursion.
      Avoiding implicit rule recursion.
      Avoiding implicit rule recursion.
      Trying pattern rule with stem `pg_operator.dat.ym'.
      Trying implicit prerequisite `pg_operator.dat.ym,v'.
      Trying pattern rule with stem `pg_operator.dat.ym'.
      Trying implicit prerequisite `RCS/pg_operator.dat.ym,v'.
      Trying pattern rule with stem `pg_operator.dat.ym'.
      Trying implicit prerequisite `RCS/pg_operator.dat.ym'.
      Trying pattern rule with stem `pg_operator.dat.ym'.
      Trying implicit prerequisite `s.pg_operator.dat.ym'.
      Trying pattern rule with stem `pg_operator.dat.ym'.
      Trying implicit prerequisite `SCCS/s.pg_operator.dat.ym'.
     Trying pattern rule with stem `pg_operator.dat'.
     Trying implicit prerequisite `pg_operator.dat.lm'.
     Looking for a rule with intermediate file `pg_operator.dat.lm'.
      Avoiding implicit rule recursion.
      Avoiding implicit rule recursion.
      Avoiding implicit rule recursion.
      Trying pattern rule with stem `pg_operator.dat.lm'.
      Trying implicit prerequisite `pg_operator.dat.lm,v'.
      Trying pattern rule with stem `pg_operator.dat.lm'.
      Trying implicit prerequisite `RCS/pg_operator.dat.lm,v'.
      Trying pattern rule with stem `pg_operator.dat.lm'.
      Trying implicit prerequisite `RCS/pg_operator.dat.lm'.
      Trying pattern rule with stem `pg_operator.dat.lm'.
      Trying implicit prerequisite `s.pg_operator.dat.lm'.
      Trying pattern rule with stem `pg_operator.dat.lm'.
      Trying implicit prerequisite `SCCS/s.pg_operator.dat.lm'.
    Trying pattern rule with stem `pg_operator.dat'.
    Rejecting impossible implicit prerequisite `pg_operator.dat.r'.
    Trying pattern rule with stem `pg_operator.dat'.
    Trying implicit prerequisite `pg_operator.dat.s'.
    Looking for a rule with intermediate file `pg_operator.dat.s'.
     Avoiding implicit rule recursion.
     Avoiding implicit rule recursion.
     Trying pattern rule with stem `pg_operator.dat'.
     Trying implicit prerequisite `pg_operator.dat.S'.
     Trying pattern rule with stem `pg_operator.dat.s'.
     Trying implicit prerequisite `pg_operator.dat.s,v'.
     Trying pattern rule with stem `pg_operator.dat.s'.
     Trying implicit prerequisite `RCS/pg_operator.dat.s,v'.
     Trying pattern rule with stem `pg_operator.dat.s'.
     Trying implicit prerequisite `RCS/pg_operator.dat.s'.
     Trying pattern rule with stem `pg_operator.dat.s'.
     Trying implicit prerequisite `s.pg_operator.dat.s'.
     Trying pattern rule with stem `pg_operator.dat.s'.
     Trying implicit prerequisite `SCCS/s.pg_operator.dat.s'.
     Trying pattern rule with stem `pg_operator.dat'.
     Trying implicit prerequisite `pg_operator.dat.S'.
     Looking for a rule with intermediate file `pg_operator.dat.S'.
      Avoiding implicit rule recursion.
      Avoiding implicit rule recursion.
      Avoiding implicit rule recursion.
      Trying pattern rule with stem `pg_operator.dat.S'.
      Trying implicit prerequisite `pg_operator.dat.S,v'.
      Trying pattern rule with stem `pg_operator.dat.S'.
      Trying implicit prerequisite `RCS/pg_operator.dat.S,v'.
      Trying pattern rule with stem `pg_operator.dat.S'.
      Trying implicit prerequisite `RCS/pg_operator.dat.S'.
      Trying pattern rule with stem `pg_operator.dat.S'.
      Trying implicit prerequisite `s.pg_operator.dat.S'.
      Trying pattern rule with stem `pg_operator.dat.S'.
      Trying implicit prerequisite `SCCS/s.pg_operator.dat.S'.
    Trying pattern rule with stem `pg_operator.dat'.
    Rejecting impossible implicit prerequisite `pg_operator.dat.S'.
    Trying pattern rule with stem `pg_operator.dat'.
    Trying implicit prerequisite `pg_operator.dat.mod'.
    Looking for a rule with intermediate file `pg_operator.dat.mod'.
     Avoiding implicit rule recursion.
     Avoiding implicit rule recursion.
     Trying pattern rule with stem `pg_operator.dat.mod'.
     Trying implicit prerequisite `pg_operator.dat.mod,v'.
     Trying pattern rule with stem `pg_operator.dat.mod'.
     Trying implicit prerequisite `RCS/pg_operator.dat.mod,v'.
     Trying pattern rule with stem `pg_operator.dat.mod'.
     Trying implicit prerequisite `RCS/pg_operator.dat.mod'.
     Trying pattern rule with stem `pg_operator.dat.mod'.
     Trying implicit prerequisite `s.pg_operator.dat.mod'.
     Trying pattern rule with stem `pg_operator.dat.mod'.
     Trying implicit prerequisite `SCCS/s.pg_operator.dat.mod'.
   Trying pattern rule with stem `pg_operator.dat'.
   Rejecting impossible implicit prerequisite `pg_operator.dat.cc'.
   Trying pattern rule with stem `pg_operator.dat'.
   Rejecting impossible implicit prerequisite `pg_operator.dat.C'.
   Trying pattern rule with stem `pg_operator.dat'.
   Rejecting impossible implicit prerequisite `pg_operator.dat.cpp'.
   Trying pattern rule with stem `pg_operator.dat'.
   Rejecting impossible implicit prerequisite `pg_operator.dat.p'.
   Trying pattern rule with stem `pg_operator.dat'.
   Rejecting impossible implicit prerequisite `pg_operator.dat.f'.
   Trying pattern rule with stem `pg_operator.dat'.
   Rejecting impossible implicit prerequisite `pg_operator.dat.F'.
   Trying pattern rule with stem `pg_operator.dat'.
   Rejecting impossible implicit prerequisite `pg_operator.dat.m'.
   Trying pattern rule with stem `pg_operator.dat'.
   Rejecting impossible implicit prerequisite `pg_operator.dat.r'.
   Trying pattern rule with stem `pg_operator.dat'.
   Rejecting impossible implicit prerequisite `pg_operator.dat.s'.
   Trying pattern rule with stem `pg_operator.dat'.
   Rejecting impossible implicit prerequisite `pg_operator.dat.S'.
   Trying pattern rule with stem `pg_operator.dat'.
   Rejecting impossible implicit prerequisite `pg_operator.dat.mod'.
   Trying pattern rule with stem `pg_operator.dat'.
   Trying implicit prerequisite `pg_operator.dat.sh'.
   Looking for a rule with intermediate file `pg_operator.dat.sh'.
    Avoiding implicit rule recursion.
    Trying pattern rule with stem `pg_operator.dat.sh'.
    Trying implicit prerequisite `pg_operator.dat.sh,v'.
    Trying pattern rule with stem `pg_operator.dat.sh'.
    Trying implicit prerequisite `RCS/pg_operator.dat.sh,v'.
    Trying pattern rule with stem `pg_operator.dat.sh'.
    Trying implicit prerequisite `RCS/pg_operator.dat.sh'.
    Trying pattern rule with stem `pg_operator.dat.sh'.
    Trying implicit prerequisite `s.pg_operator.dat.sh'.
    Trying pattern rule with stem `pg_operator.dat.sh'.
    Trying implicit prerequisite `SCCS/s.pg_operator.dat.sh'.
   No implicit rule found for `pg_operator.dat'.
   Looking for an implicit rule for `pg_opfamily.dat'.
   Trying pattern rule with stem `pg_opfamily.dat'.
   Trying implicit prerequisite `pg_opfamily.dat.o'.
   Trying pattern rule with stem `pg_opfamily.dat'.
   Trying implicit prerequisite `pg_opfamily.dat.cc'.
   Trying pattern rule with stem `pg_opfamily.dat'.
   Trying implicit prerequisite `pg_opfamily.dat.C'.
   Trying pattern rule with stem `pg_opfamily.dat'.
   Trying implicit prerequisite `pg_opfamily.dat.cpp'.
   Trying pattern rule with stem `pg_opfamily.dat'.
   Trying implicit prerequisite `pg_opfamily.dat.p'.
   Trying pattern rule with stem `pg_opfamily.dat'.
   Trying implicit prerequisite `pg_opfamily.dat.f'.
   Trying pattern rule with stem `pg_opfamily.dat'.
   Trying implicit prerequisite `pg_opfamily.dat.F'.
   Trying pattern rule with stem `pg_opfamily.dat'.
   Trying implicit prerequisite `pg_opfamily.dat.m'.
   Trying pattern rule with stem `pg_opfamily.dat'.
   Trying implicit prerequisite `pg_opfamily.dat.r'.
   Trying pattern rule with stem `pg_opfamily.dat'.
   Trying implicit prerequisite `pg_opfamily.dat.s'.
   Trying pattern rule with stem `pg_opfamily.dat'.
   Trying implicit prerequisite `pg_opfamily.dat.S'.
   Trying pattern rule with stem `pg_opfamily.dat'.
   Trying implicit prerequisite `pg_opfamily.dat.mod'.
   Trying pattern rule with stem `pg_opfamily.dat'.
   Trying implicit prerequisite `pg_opfamily.dat.sh'.
   Trying pattern rule with stem `pg_opfamily.dat'.
   Trying implicit prerequisite `pg_opfamily.dat,v'.
   Trying pattern rule with stem `pg_opfamily.dat'.
   Trying implicit prerequisite `RCS/pg_opfamily.dat,v'.
   Trying pattern rule with stem `pg_opfamily.dat'.
   Trying implicit prerequisite `RCS/pg_opfamily.dat'.
   Trying pattern rule with stem `pg_opfamily.dat'.
   Trying implicit prerequisite `s.pg_opfamily.dat'.
   Trying pattern rule with stem `pg_opfamily.dat'.
   Trying implicit prerequisite `SCCS/s.pg_opfamily.dat'.
   Trying pattern rule with stem `pg_opfamily.dat'.
   Trying implicit prerequisite `pg_opfamily.dat.o'.
   Looking for a rule with intermediate file `pg_opfamily.dat.o'.
    Avoiding implicit rule recursion.
    Trying pattern rule with stem `pg_opfamily.dat'.
    Trying implicit prerequisite `pg_opfamily.dat.c'.
    Trying pattern rule with stem `pg_opfamily.dat'.
    Trying implicit prerequisite `pg_opfamily.dat.cc'.
    Trying pattern rule with stem `pg_opfamily.dat'.
    Trying implicit prerequisite `pg_opfamily.dat.C'.
    Trying pattern rule with stem `pg_opfamily.dat'.
    Trying implicit prerequisite `pg_opfamily.dat.cpp'.
    Trying pattern rule with stem `pg_opfamily.dat'.
    Trying implicit prerequisite `pg_opfamily.dat.p'.
    Trying pattern rule with stem `pg_opfamily.dat'.
    Trying implicit prerequisite `pg_opfamily.dat.f'.
    Trying pattern rule with stem `pg_opfamily.dat'.
    Trying implicit prerequisite `pg_opfamily.dat.F'.
    Trying pattern rule with stem `pg_opfamily.dat'.
    Trying implicit prerequisite `pg_opfamily.dat.m'.
    Trying pattern rule with stem `pg_opfamily.dat'.
    Trying implicit prerequisite `pg_opfamily.dat.r'.
    Trying pattern rule with stem `pg_opfamily.dat'.
    Trying implicit prerequisite `pg_opfamily.dat.s'.
    Trying pattern rule with stem `pg_opfamily.dat'.
    Trying implicit prerequisite `pg_opfamily.dat.S'.
    Trying pattern rule with stem `pg_opfamily.dat'.
    Trying implicit prerequisite `pg_opfamily.dat.mod'.
    Trying pattern rule with stem `pg_opfamily.dat.o'.
    Trying implicit prerequisite `pg_opfamily.dat.o,v'.
    Trying pattern rule with stem `pg_opfamily.dat.o'.
    Trying implicit prerequisite `RCS/pg_opfamily.dat.o,v'.
    Trying pattern rule with stem `pg_opfamily.dat.o'.
    Trying implicit prerequisite `RCS/pg_opfamily.dat.o'.
    Trying pattern rule with stem `pg_opfamily.dat.o'.
    Trying implicit prerequisite `s.pg_opfamily.dat.o'.
    Trying pattern rule with stem `pg_opfamily.dat.o'.
    Trying implicit prerequisite `SCCS/s.pg_opfamily.dat.o'.
    Trying pattern rule with stem `pg_opfamily.dat'.
    Trying implicit prerequisite `pg_opfamily.dat.c'.
    Looking for a rule with intermediate file `pg_opfamily.dat.c'.
     Avoiding implicit rule recursion.
     Avoiding implicit rule recursion.
     Trying pattern rule with stem `pg_opfamily.dat'.
     Trying implicit prerequisite `pg_opfamily.dat.l'.
     Trying pattern rule with stem `pg_opfamily.dat'.
     Trying implicit prerequisite `pg_opfamily.dat.y'.
     Trying pattern rule with stem `pg_opfamily.dat'.
     Trying implicit prerequisite `pg_opfamily.dat.w'.
     Trying pattern rule with stem `pg_opfamily.dat'.
     Trying implicit prerequisite `pg_opfamily.dat.w'.
     Trying pattern rule with stem `pg_opfamily.dat.c'.
     Trying implicit prerequisite `pg_opfamily.dat.c,v'.
     Trying pattern rule with stem `pg_opfamily.dat.c'.
     Trying implicit prerequisite `RCS/pg_opfamily.dat.c,v'.
     Trying pattern rule with stem `pg_opfamily.dat.c'.
     Trying implicit prerequisite `RCS/pg_opfamily.dat.c'.
     Trying pattern rule with stem `pg_opfamily.dat.c'.
     Trying implicit prerequisite `s.pg_opfamily.dat.c'.
     Trying pattern rule with stem `pg_opfamily.dat.c'.
     Trying implicit prerequisite `SCCS/s.pg_opfamily.dat.c'.
     Trying pattern rule with stem `pg_opfamily.dat'.
     Trying implicit prerequisite `pg_opfamily.dat.l'.
     Looking for a rule with intermediate file `pg_opfamily.dat.l'.
      Avoiding implicit rule recursion.
      Avoiding implicit rule recursion.
      Avoiding implicit rule recursion.
      Trying pattern rule with stem `pg_opfamily.dat.l'.
      Trying implicit prerequisite `pg_opfamily.dat.l,v'.
      Trying pattern rule with stem `pg_opfamily.dat.l'.
      Trying implicit prerequisite `RCS/pg_opfamily.dat.l,v'.
      Trying pattern rule with stem `pg_opfamily.dat.l'.
      Trying implicit prerequisite `RCS/pg_opfamily.dat.l'.
      Trying pattern rule with stem `pg_opfamily.dat.l'.
      Trying implicit prerequisite `s.pg_opfamily.dat.l'.
      Trying pattern rule with stem `pg_opfamily.dat.l'.
      Trying implicit prerequisite `SCCS/s.pg_opfamily.dat.l'.
     Trying pattern rule with stem `pg_opfamily.dat'.
     Trying implicit prerequisite `pg_opfamily.dat.y'.
     Looking for a rule with intermediate file `pg_opfamily.dat.y'.
      Avoiding implicit rule recursion.
      Avoiding implicit rule recursion.
      Avoiding implicit rule recursion.
      Trying pattern rule with stem `pg_opfamily.dat.y'.
      Trying implicit prerequisite `pg_opfamily.dat.y,v'.
      Trying pattern rule with stem `pg_opfamily.dat.y'.
      Trying implicit prerequisite `RCS/pg_opfamily.dat.y,v'.
      Trying pattern rule with stem `pg_opfamily.dat.y'.
      Trying implicit prerequisite `RCS/pg_opfamily.dat.y'.
      Trying pattern rule with stem `pg_opfamily.dat.y'.
      Trying implicit prerequisite `s.pg_opfamily.dat.y'.
      Trying pattern rule with stem `pg_opfamily.dat.y'.
      Trying implicit prerequisite `SCCS/s.pg_opfamily.dat.y'.
     Trying pattern rule with stem `pg_opfamily.dat'.
     Trying implicit prerequisite `pg_opfamily.dat.w'.
     Looking for a rule with intermediate file `pg_opfamily.dat.w'.
      Avoiding implicit rule recursion.
      Avoiding implicit rule recursion.
      Avoiding implicit rule recursion.
      Trying pattern rule with stem `pg_opfamily.dat.w'.
      Trying implicit prerequisite `pg_opfamily.dat.w,v'.
      Trying pattern rule with stem `pg_opfamily.dat.w'.
      Trying implicit prerequisite `RCS/pg_opfamily.dat.w,v'.
      Trying pattern rule with stem `pg_opfamily.dat.w'.
      Trying implicit prerequisite `RCS/pg_opfamily.dat.w'.
      Trying pattern rule with stem `pg_opfamily.dat.w'.
      Trying implicit prerequisite `s.pg_opfamily.dat.w'.
      Trying pattern rule with stem `pg_opfamily.dat.w'.
      Trying implicit prerequisite `SCCS/s.pg_opfamily.dat.w'.
     Trying pattern rule with stem `pg_opfamily.dat'.
     Rejecting impossible implicit prerequisite `pg_opfamily.dat.w'.
    Trying pattern rule with stem `pg_opfamily.dat'.
    Trying implicit prerequisite `pg_opfamily.dat.cc'.
    Looking for a rule with intermediate file `pg_opfamily.dat.cc'.
     Avoiding implicit rule recursion.
     Avoiding implicit rule recursion.
     Trying pattern rule with stem `pg_opfamily.dat.cc'.
     Trying implicit prerequisite `pg_opfamily.dat.cc,v'.
     Trying pattern rule with stem `pg_opfamily.dat.cc'.
     Trying implicit prerequisite `RCS/pg_opfamily.dat.cc,v'.
     Trying pattern rule with stem `pg_opfamily.dat.cc'.
     Trying implicit prerequisite `RCS/pg_opfamily.dat.cc'.
     Trying pattern rule with stem `pg_opfamily.dat.cc'.
     Trying implicit prerequisite `s.pg_opfamily.dat.cc'.
     Trying pattern rule with stem `pg_opfamily.dat.cc'.
     Trying implicit prerequisite `SCCS/s.pg_opfamily.dat.cc'.
    Trying pattern rule with stem `pg_opfamily.dat'.
    Trying implicit prerequisite `pg_opfamily.dat.C'.
    Looking for a rule with intermediate file `pg_opfamily.dat.C'.
     Avoiding implicit rule recursion.
     Avoiding implicit rule recursion.
     Trying pattern rule with stem `pg_opfamily.dat.C'.
     Trying implicit prerequisite `pg_opfamily.dat.C,v'.
     Trying pattern rule with stem `pg_opfamily.dat.C'.
     Trying implicit prerequisite `RCS/pg_opfamily.dat.C,v'.
     Trying pattern rule with stem `pg_opfamily.dat.C'.
     Trying implicit prerequisite `RCS/pg_opfamily.dat.C'.
     Trying pattern rule with stem `pg_opfamily.dat.C'.
     Trying implicit prerequisite `s.pg_opfamily.dat.C'.
     Trying pattern rule with stem `pg_opfamily.dat.C'.
     Trying implicit prerequisite `SCCS/s.pg_opfamily.dat.C'.
    Trying pattern rule with stem `pg_opfamily.dat'.
    Trying implicit prerequisite `pg_opfamily.dat.cpp'.
    Looking for a rule with intermediate file `pg_opfamily.dat.cpp'.
     Avoiding implicit rule recursion.
     Avoiding implicit rule recursion.
     Trying pattern rule with stem `pg_opfamily.dat.cpp'.
     Trying implicit prerequisite `pg_opfamily.dat.cpp,v'.
     Trying pattern rule with stem `pg_opfamily.dat.cpp'.
     Trying implicit prerequisite `RCS/pg_opfamily.dat.cpp,v'.
     Trying pattern rule with stem `pg_opfamily.dat.cpp'.
     Trying implicit prerequisite `RCS/pg_opfamily.dat.cpp'.
     Trying pattern rule with stem `pg_opfamily.dat.cpp'.
     Trying implicit prerequisite `s.pg_opfamily.dat.cpp'.
     Trying pattern rule with stem `pg_opfamily.dat.cpp'.
     Trying implicit prerequisite `SCCS/s.pg_opfamily.dat.cpp'.
    Trying pattern rule with stem `pg_opfamily.dat'.
    Trying implicit prerequisite `pg_opfamily.dat.p'.
    Looking for a rule with intermediate file `pg_opfamily.dat.p'.
     Avoiding implicit rule recursion.
     Avoiding implicit rule recursion.
     Trying pattern rule with stem `pg_opfamily.dat'.
     Trying implicit prerequisite `pg_opfamily.dat.web'.
     Trying pattern rule with stem `pg_opfamily.dat.p'.
     Trying implicit prerequisite `pg_opfamily.dat.p,v'.
     Trying pattern rule with stem `pg_opfamily.dat.p'.
     Trying implicit prerequisite `RCS/pg_opfamily.dat.p,v'.
     Trying pattern rule with stem `pg_opfamily.dat.p'.
     Trying implicit prerequisite `RCS/pg_opfamily.dat.p'.
     Trying pattern rule with stem `pg_opfamily.dat.p'.
     Trying implicit prerequisite `s.pg_opfamily.dat.p'.
     Trying pattern rule with stem `pg_opfamily.dat.p'.
     Trying implicit prerequisite `SCCS/s.pg_opfamily.dat.p'.
     Trying pattern rule with stem `pg_opfamily.dat'.
     Trying implicit prerequisite `pg_opfamily.dat.web'.
     Looking for a rule with intermediate file `pg_opfamily.dat.web'.
      Avoiding implicit rule recursion.
      Avoiding implicit rule recursion.
      Avoiding implicit rule recursion.
      Trying pattern rule with stem `pg_opfamily.dat.web'.
      Trying implicit prerequisite `pg_opfamily.dat.web,v'.
      Trying pattern rule with stem `pg_opfamily.dat.web'.
      Trying implicit prerequisite `RCS/pg_opfamily.dat.web,v'.
      Trying pattern rule with stem `pg_opfamily.dat.web'.
      Trying implicit prerequisite `RCS/pg_opfamily.dat.web'.
      Trying pattern rule with stem `pg_opfamily.dat.web'.
      Trying implicit prerequisite `s.pg_opfamily.dat.web'.
      Trying pattern rule with stem `pg_opfamily.dat.web'.
      Trying implicit prerequisite `SCCS/s.pg_opfamily.dat.web'.
    Trying pattern rule with stem `pg_opfamily.dat'.
    Trying implicit prerequisite `pg_opfamily.dat.f'.
    Looking for a rule with intermediate file `pg_opfamily.dat.f'.
     Avoiding implicit rule recursion.
     Avoiding implicit rule recursion.
     Trying pattern rule with stem `pg_opfamily.dat'.
     Trying implicit prerequisite `pg_opfamily.dat.F'.
     Trying pattern rule with stem `pg_opfamily.dat'.
     Trying implicit prerequisite `pg_opfamily.dat.r'.
     Trying pattern rule with stem `pg_opfamily.dat.f'.
     Trying implicit prerequisite `pg_opfamily.dat.f,v'.
     Trying pattern rule with stem `pg_opfamily.dat.f'.
     Trying implicit prerequisite `RCS/pg_opfamily.dat.f,v'.
     Trying pattern rule with stem `pg_opfamily.dat.f'.
     Trying implicit prerequisite `RCS/pg_opfamily.dat.f'.
     Trying pattern rule with stem `pg_opfamily.dat.f'.
     Trying implicit prerequisite `s.pg_opfamily.dat.f'.
     Trying pattern rule with stem `pg_opfamily.dat.f'.
     Trying implicit prerequisite `SCCS/s.pg_opfamily.dat.f'.
     Trying pattern rule with stem `pg_opfamily.dat'.
     Trying implicit prerequisite `pg_opfamily.dat.F'.
     Looking for a rule with intermediate file `pg_opfamily.dat.F'.
      Avoiding implicit rule recursion.
      Avoiding implicit rule recursion.
      Avoiding implicit rule recursion.
      Trying pattern rule with stem `pg_opfamily.dat.F'.
      Trying implicit prerequisite `pg_opfamily.dat.F,v'.
      Trying pattern rule with stem `pg_opfamily.dat.F'.
      Trying implicit prerequisite `RCS/pg_opfamily.dat.F,v'.
      Trying pattern rule with stem `pg_opfamily.dat.F'.
      Trying implicit prerequisite `RCS/pg_opfamily.dat.F'.
      Trying pattern rule with stem `pg_opfamily.dat.F'.
      Trying implicit prerequisite `s.pg_opfamily.dat.F'.
      Trying pattern rule with stem `pg_opfamily.dat.F'.
      Trying implicit prerequisite `SCCS/s.pg_opfamily.dat.F'.
     Trying pattern rule with stem `pg_opfamily.dat'.
     Trying implicit prerequisite `pg_opfamily.dat.r'.
     Looking for a rule with intermediate file `pg_opfamily.dat.r'.
      Avoiding implicit rule recursion.
      Avoiding implicit rule recursion.
      Avoiding implicit rule recursion.
      Trying pattern rule with stem `pg_opfamily.dat'.
      Rejecting impossible implicit prerequisite `pg_opfamily.dat.l'.
      Trying pattern rule with stem `pg_opfamily.dat.r'.
      Trying implicit prerequisite `pg_opfamily.dat.r,v'.
      Trying pattern rule with stem `pg_opfamily.dat.r'.
      Trying implicit prerequisite `RCS/pg_opfamily.dat.r,v'.
      Trying pattern rule with stem `pg_opfamily.dat.r'.
      Trying implicit prerequisite `RCS/pg_opfamily.dat.r'.
      Trying pattern rule with stem `pg_opfamily.dat.r'.
      Trying implicit prerequisite `s.pg_opfamily.dat.r'.
      Trying pattern rule with stem `pg_opfamily.dat.r'.
      Trying implicit prerequisite `SCCS/s.pg_opfamily.dat.r'.
    Trying pattern rule with stem `pg_opfamily.dat'.
    Rejecting impossible implicit prerequisite `pg_opfamily.dat.F'.
    Trying pattern rule with stem `pg_opfamily.dat'.
    Trying implicit prerequisite `pg_opfamily.dat.m'.
    Looking for a rule with intermediate file `pg_opfamily.dat.m'.
     Avoiding implicit rule recursion.
     Avoiding implicit rule recursion.
     Trying pattern rule with stem `pg_opfamily.dat'.
     Trying implicit prerequisite `pg_opfamily.dat.ym'.
     Trying pattern rule with stem `pg_opfamily.dat'.
     Trying implicit prerequisite `pg_opfamily.dat.lm'.
     Trying pattern rule with stem `pg_opfamily.dat.m'.
     Trying implicit prerequisite `pg_opfamily.dat.m,v'.
     Trying pattern rule with stem `pg_opfamily.dat.m'.
     Trying implicit prerequisite `RCS/pg_opfamily.dat.m,v'.
     Trying pattern rule with stem `pg_opfamily.dat.m'.
     Trying implicit prerequisite `RCS/pg_opfamily.dat.m'.
     Trying pattern rule with stem `pg_opfamily.dat.m'.
     Trying implicit prerequisite `s.pg_opfamily.dat.m'.
     Trying pattern rule with stem `pg_opfamily.dat.m'.
     Trying implicit prerequisite `SCCS/s.pg_opfamily.dat.m'.
     Trying pattern rule with stem `pg_opfamily.dat'.
     Trying implicit prerequisite `pg_opfamily.dat.ym'.
     Looking for a rule with intermediate file `pg_opfamily.dat.ym'.
      Avoiding implicit rule recursion.
      Avoiding implicit rule recursion.
      Avoiding implicit rule recursion.
      Trying pattern rule with stem `pg_opfamily.dat.ym'.
      Trying implicit prerequisite `pg_opfamily.dat.ym,v'.
      Trying pattern rule with stem `pg_opfamily.dat.ym'.
      Trying implicit prerequisite `RCS/pg_opfamily.dat.ym,v'.
      Trying pattern rule with stem `pg_opfamily.dat.ym'.
      Trying implicit prerequisite `RCS/pg_opfamily.dat.ym'.
      Trying pattern rule with stem `pg_opfamily.dat.ym'.
      Trying implicit prerequisite `s.pg_opfamily.dat.ym'.
      Trying pattern rule with stem `pg_opfamily.dat.ym'.
      Trying implicit prerequisite `SCCS/s.pg_opfamily.dat.ym'.
     Trying pattern rule with stem `pg_opfamily.dat'.
     Trying implicit prerequisite `pg_opfamily.dat.lm'.
     Looking for a rule with intermediate file `pg_opfamily.dat.lm'.
      Avoiding implicit rule recursion.
      Avoiding implicit rule recursion.
      Avoiding implicit rule recursion.
      Trying pattern rule with stem `pg_opfamily.dat.lm'.
      Trying implicit prerequisite `pg_opfamily.dat.lm,v'.
      Trying pattern rule with stem `pg_opfamily.dat.lm'.
      Trying implicit prerequisite `RCS/pg_opfamily.dat.lm,v'.
      Trying pattern rule with stem `pg_opfamily.dat.lm'.
      Trying implicit prerequisite `RCS/pg_opfamily.dat.lm'.
      Trying pattern rule with stem `pg_opfamily.dat.lm'.
      Trying implicit prerequisite `s.pg_opfamily.dat.lm'.
      Trying pattern rule with stem `pg_opfamily.dat.lm'.
      Trying implicit prerequisite `SCCS/s.pg_opfamily.dat.lm'.
    Trying pattern rule with stem `pg_opfamily.dat'.
    Rejecting impossible implicit prerequisite `pg_opfamily.dat.r'.
    Trying pattern rule with stem `pg_opfamily.dat'.
    Trying implicit prerequisite `pg_opfamily.dat.s'.
    Looking for a rule with intermediate file `pg_opfamily.dat.s'.
     Avoiding implicit rule recursion.
     Avoiding implicit rule recursion.
     Trying pattern rule with stem `pg_opfamily.dat'.
     Trying implicit prerequisite `pg_opfamily.dat.S'.
     Trying pattern rule with stem `pg_opfamily.dat.s'.
     Trying implicit prerequisite `pg_opfamily.dat.s,v'.
     Trying pattern rule with stem `pg_opfamily.dat.s'.
     Trying implicit prerequisite `RCS/pg_opfamily.dat.s,v'.
     Trying pattern rule with stem `pg_opfamily.dat.s'.
     Trying implicit prerequisite `RCS/pg_opfamily.dat.s'.
     Trying pattern rule with stem `pg_opfamily.dat.s'.
     Trying implicit prerequisite `s.pg_opfamily.dat.s'.
     Trying pattern rule with stem `pg_opfamily.dat.s'.
     Trying implicit prerequisite `SCCS/s.pg_opfamily.dat.s'.
     Trying pattern rule with stem `pg_opfamily.dat'.
     Trying implicit prerequisite `pg_opfamily.dat.S'.
     Looking for a rule with intermediate file `pg_opfamily.dat.S'.
      Avoiding implicit rule recursion.
      Avoiding implicit rule recursion.
      Avoiding implicit rule recursion.
      Trying pattern rule with stem `pg_opfamily.dat.S'.
      Trying implicit prerequisite `pg_opfamily.dat.S,v'.
      Trying pattern rule with stem `pg_opfamily.dat.S'.
      Trying implicit prerequisite `RCS/pg_opfamily.dat.S,v'.
      Trying pattern rule with stem `pg_opfamily.dat.S'.
      Trying implicit prerequisite `RCS/pg_opfamily.dat.S'.
      Trying pattern rule with stem `pg_opfamily.dat.S'.
      Trying implicit prerequisite `s.pg_opfamily.dat.S'.
      Trying pattern rule with stem `pg_opfamily.dat.S'.
      Trying implicit prerequisite `SCCS/s.pg_opfamily.dat.S'.
    Trying pattern rule with stem `pg_opfamily.dat'.
    Rejecting impossible implicit prerequisite `pg_opfamily.dat.S'.
    Trying pattern rule with stem `pg_opfamily.dat'.
    Trying implicit prerequisite `pg_opfamily.dat.mod'.
    Looking for a rule with intermediate file `pg_opfamily.dat.mod'.
     Avoiding implicit rule recursion.
     Avoiding implicit rule recursion.
     Trying pattern rule with stem `pg_opfamily.dat.mod'.
     Trying implicit prerequisite `pg_opfamily.dat.mod,v'.
     Trying pattern rule with stem `pg_opfamily.dat.mod'.
     Trying implicit prerequisite `RCS/pg_opfamily.dat.mod,v'.
     Trying pattern rule with stem `pg_opfamily.dat.mod'.
     Trying implicit prerequisite `RCS/pg_opfamily.dat.mod'.
     Trying pattern rule with stem `pg_opfamily.dat.mod'.
     Trying implicit prerequisite `s.pg_opfamily.dat.mod'.
     Trying pattern rule with stem `pg_opfamily.dat.mod'.
     Trying implicit prerequisite `SCCS/s.pg_opfamily.dat.mod'.
   Trying pattern rule with stem `pg_opfamily.dat'.
   Rejecting impossible implicit prerequisite `pg_opfamily.dat.cc'.
   Trying pattern rule with stem `pg_opfamily.dat'.
   Rejecting impossible implicit prerequisite `pg_opfamily.dat.C'.
   Trying pattern rule with stem `pg_opfamily.dat'.
   Rejecting impossible implicit prerequisite `pg_opfamily.dat.cpp'.
   Trying pattern rule with stem `pg_opfamily.dat'.
   Rejecting impossible implicit prerequisite `pg_opfamily.dat.p'.
   Trying pattern rule with stem `pg_opfamily.dat'.
   Rejecting impossible implicit prerequisite `pg_opfamily.dat.f'.
   Trying pattern rule with stem `pg_opfamily.dat'.
   Rejecting impossible implicit prerequisite `pg_opfamily.dat.F'.
   Trying pattern rule with stem `pg_opfamily.dat'.
   Rejecting impossible implicit prerequisite `pg_opfamily.dat.m'.
   Trying pattern rule with stem `pg_opfamily.dat'.
   Rejecting impossible implicit prerequisite `pg_opfamily.dat.r'.
   Trying pattern rule with stem `pg_opfamily.dat'.
   Rejecting impossible implicit prerequisite `pg_opfamily.dat.s'.
   Trying pattern rule with stem `pg_opfamily.dat'.
   Rejecting impossible implicit prerequisite `pg_opfamily.dat.S'.
   Trying pattern rule with stem `pg_opfamily.dat'.
   Rejecting impossible implicit prerequisite `pg_opfamily.dat.mod'.
   Trying pattern rule with stem `pg_opfamily.dat'.
   Trying implicit prerequisite `pg_opfamily.dat.sh'.
   Looking for a rule with intermediate file `pg_opfamily.dat.sh'.
    Avoiding implicit rule recursion.
    Trying pattern rule with stem `pg_opfamily.dat.sh'.
    Trying implicit prerequisite `pg_opfamily.dat.sh,v'.
    Trying pattern rule with stem `pg_opfamily.dat.sh'.
    Trying implicit prerequisite `RCS/pg_opfamily.dat.sh,v'.
    Trying pattern rule with stem `pg_opfamily.dat.sh'.
    Trying implicit prerequisite `RCS/pg_opfamily.dat.sh'.
    Trying pattern rule with stem `pg_opfamily.dat.sh'.
    Trying implicit prerequisite `s.pg_opfamily.dat.sh'.
    Trying pattern rule with stem `pg_opfamily.dat.sh'.
    Trying implicit prerequisite `SCCS/s.pg_opfamily.dat.sh'.
   No implicit rule found for `pg_opfamily.dat'.
   Looking for an implicit rule for `pg_proc.dat'.
   Trying pattern rule with stem `pg_proc.dat'.
   Trying implicit prerequisite `pg_proc.dat.o'.
   Trying pattern rule with stem `pg_proc.dat'.
   Trying implicit prerequisite `pg_proc.dat.cc'.
   Trying pattern rule with stem `pg_proc.dat'.
   Trying implicit prerequisite `pg_proc.dat.C'.
   Trying pattern rule with stem `pg_proc.dat'.
   Trying implicit prerequisite `pg_proc.dat.cpp'.
   Trying pattern rule with stem `pg_proc.dat'.
   Trying implicit prerequisite `pg_proc.dat.p'.
   Trying pattern rule with stem `pg_proc.dat'.
   Trying implicit prerequisite `pg_proc.dat.f'.
   Trying pattern rule with stem `pg_proc.dat'.
   Trying implicit prerequisite `pg_proc.dat.F'.
   Trying pattern rule with stem `pg_proc.dat'.
   Trying implicit prerequisite `pg_proc.dat.m'.
   Trying pattern rule with stem `pg_proc.dat'.
   Trying implicit prerequisite `pg_proc.dat.r'.
   Trying pattern rule with stem `pg_proc.dat'.
   Trying implicit prerequisite `pg_proc.dat.s'.
   Trying pattern rule with stem `pg_proc.dat'.
   Trying implicit prerequisite `pg_proc.dat.S'.
   Trying pattern rule with stem `pg_proc.dat'.
   Trying implicit prerequisite `pg_proc.dat.mod'.
   Trying pattern rule with stem `pg_proc.dat'.
   Trying implicit prerequisite `pg_proc.dat.sh'.
   Trying pattern rule with stem `pg_proc.dat'.
   Trying implicit prerequisite `pg_proc.dat,v'.
   Trying pattern rule with stem `pg_proc.dat'.
   Trying implicit prerequisite `RCS/pg_proc.dat,v'.
   Trying pattern rule with stem `pg_proc.dat'.
   Trying implicit prerequisite `RCS/pg_proc.dat'.
   Trying pattern rule with stem `pg_proc.dat'.
   Trying implicit prerequisite `s.pg_proc.dat'.
   Trying pattern rule with stem `pg_proc.dat'.
   Trying implicit prerequisite `SCCS/s.pg_proc.dat'.
   Trying pattern rule with stem `pg_proc.dat'.
   Trying implicit prerequisite `pg_proc.dat.o'.
   Looking for a rule with intermediate file `pg_proc.dat.o'.
    Avoiding implicit rule recursion.
    Trying pattern rule with stem `pg_proc.dat'.
    Trying implicit prerequisite `pg_proc.dat.c'.
    Trying pattern rule with stem `pg_proc.dat'.
    Trying implicit prerequisite `pg_proc.dat.cc'.
    Trying pattern rule with stem `pg_proc.dat'.
    Trying implicit prerequisite `pg_proc.dat.C'.
    Trying pattern rule with stem `pg_proc.dat'.
    Trying implicit prerequisite `pg_proc.dat.cpp'.
    Trying pattern rule with stem `pg_proc.dat'.
    Trying implicit prerequisite `pg_proc.dat.p'.
    Trying pattern rule with stem `pg_proc.dat'.
    Trying implicit prerequisite `pg_proc.dat.f'.
    Trying pattern rule with stem `pg_proc.dat'.
    Trying implicit prerequisite `pg_proc.dat.F'.
    Trying pattern rule with stem `pg_proc.dat'.
    Trying implicit prerequisite `pg_proc.dat.m'.
    Trying pattern rule with stem `pg_proc.dat'.
    Trying implicit prerequisite `pg_proc.dat.r'.
    Trying pattern rule with stem `pg_proc.dat'.
    Trying implicit prerequisite `pg_proc.dat.s'.
    Trying pattern rule with stem `pg_proc.dat'.
    Trying implicit prerequisite `pg_proc.dat.S'.
    Trying pattern rule with stem `pg_proc.dat'.
    Trying implicit prerequisite `pg_proc.dat.mod'.
    Trying pattern rule with stem `pg_proc.dat.o'.
    Trying implicit prerequisite `pg_proc.dat.o,v'.
    Trying pattern rule with stem `pg_proc.dat.o'.
    Trying implicit prerequisite `RCS/pg_proc.dat.o,v'.
    Trying pattern rule with stem `pg_proc.dat.o'.
    Trying implicit prerequisite `RCS/pg_proc.dat.o'.
    Trying pattern rule with stem `pg_proc.dat.o'.
    Trying implicit prerequisite `s.pg_proc.dat.o'.
    Trying pattern rule with stem `pg_proc.dat.o'.
    Trying implicit prerequisite `SCCS/s.pg_proc.dat.o'.
    Trying pattern rule with stem `pg_proc.dat'.
    Trying implicit prerequisite `pg_proc.dat.c'.
    Looking for a rule with intermediate file `pg_proc.dat.c'.
     Avoiding implicit rule recursion.
     Avoiding implicit rule recursion.
     Trying pattern rule with stem `pg_proc.dat'.
     Trying implicit prerequisite `pg_proc.dat.l'.
     Trying pattern rule with stem `pg_proc.dat'.
     Trying implicit prerequisite `pg_proc.dat.y'.
     Trying pattern rule with stem `pg_proc.dat'.
     Trying implicit prerequisite `pg_proc.dat.w'.
     Trying pattern rule with stem `pg_proc.dat'.
     Trying implicit prerequisite `pg_proc.dat.w'.
     Trying pattern rule with stem `pg_proc.dat.c'.
     Trying implicit prerequisite `pg_proc.dat.c,v'.
     Trying pattern rule with stem `pg_proc.dat.c'.
     Trying implicit prerequisite `RCS/pg_proc.dat.c,v'.
     Trying pattern rule with stem `pg_proc.dat.c'.
     Trying implicit prerequisite `RCS/pg_proc.dat.c'.
     Trying pattern rule with stem `pg_proc.dat.c'.
     Trying implicit prerequisite `s.pg_proc.dat.c'.
     Trying pattern rule with stem `pg_proc.dat.c'.
     Trying implicit prerequisite `SCCS/s.pg_proc.dat.c'.
     Trying pattern rule with stem `pg_proc.dat'.
     Trying implicit prerequisite `pg_proc.dat.l'.
     Looking for a rule with intermediate file `pg_proc.dat.l'.
      Avoiding implicit rule recursion.
      Avoiding implicit rule recursion.
      Avoiding implicit rule recursion.
      Trying pattern rule with stem `pg_proc.dat.l'.
      Trying implicit prerequisite `pg_proc.dat.l,v'.
      Trying pattern rule with stem `pg_proc.dat.l'.
      Trying implicit prerequisite `RCS/pg_proc.dat.l,v'.
      Trying pattern rule with stem `pg_proc.dat.l'.
      Trying implicit prerequisite `RCS/pg_proc.dat.l'.
      Trying pattern rule with stem `pg_proc.dat.l'.
      Trying implicit prerequisite `s.pg_proc.dat.l'.
      Trying pattern rule with stem `pg_proc.dat.l'.
      Trying implicit prerequisite `SCCS/s.pg_proc.dat.l'.
     Trying pattern rule with stem `pg_proc.dat'.
     Trying implicit prerequisite `pg_proc.dat.y'.
     Looking for a rule with intermediate file `pg_proc.dat.y'.
      Avoiding implicit rule recursion.
      Avoiding implicit rule recursion.
      Avoiding implicit rule recursion.
      Trying pattern rule with stem `pg_proc.dat.y'.
      Trying implicit prerequisite `pg_proc.dat.y,v'.
      Trying pattern rule with stem `pg_proc.dat.y'.
      Trying implicit prerequisite `RCS/pg_proc.dat.y,v'.
      Trying pattern rule with stem `pg_proc.dat.y'.
      Trying implicit prerequisite `RCS/pg_proc.dat.y'.
      Trying pattern rule with stem `pg_proc.dat.y'.
      Trying implicit prerequisite `s.pg_proc.dat.y'.
      Trying pattern rule with stem `pg_proc.dat.y'.
      Trying implicit prerequisite `SCCS/s.pg_proc.dat.y'.
     Trying pattern rule with stem `pg_proc.dat'.
     Trying implicit prerequisite `pg_proc.dat.w'.
     Looking for a rule with intermediate file `pg_proc.dat.w'.
      Avoiding implicit rule recursion.
      Avoiding implicit rule recursion.
      Avoiding implicit rule recursion.
      Trying pattern rule with stem `pg_proc.dat.w'.
      Trying implicit prerequisite `pg_proc.dat.w,v'.
      Trying pattern rule with stem `pg_proc.dat.w'.
      Trying implicit prerequisite `RCS/pg_proc.dat.w,v'.
      Trying pattern rule with stem `pg_proc.dat.w'.
      Trying implicit prerequisite `RCS/pg_proc.dat.w'.
      Trying pattern rule with stem `pg_proc.dat.w'.
      Trying implicit prerequisite `s.pg_proc.dat.w'.
      Trying pattern rule with stem `pg_proc.dat.w'.
      Trying implicit prerequisite `SCCS/s.pg_proc.dat.w'.
     Trying pattern rule with stem `pg_proc.dat'.
     Rejecting impossible implicit prerequisite `pg_proc.dat.w'.
    Trying pattern rule with stem `pg_proc.dat'.
    Trying implicit prerequisite `pg_proc.dat.cc'.
    Looking for a rule with intermediate file `pg_proc.dat.cc'.
     Avoiding implicit rule recursion.
     Avoiding implicit rule recursion.
     Trying pattern rule with stem `pg_proc.dat.cc'.
     Trying implicit prerequisite `pg_proc.dat.cc,v'.
     Trying pattern rule with stem `pg_proc.dat.cc'.
     Trying implicit prerequisite `RCS/pg_proc.dat.cc,v'.
     Trying pattern rule with stem `pg_proc.dat.cc'.
     Trying implicit prerequisite `RCS/pg_proc.dat.cc'.
     Trying pattern rule with stem `pg_proc.dat.cc'.
     Trying implicit prerequisite `s.pg_proc.dat.cc'.
     Trying pattern rule with stem `pg_proc.dat.cc'.
     Trying implicit prerequisite `SCCS/s.pg_proc.dat.cc'.
    Trying pattern rule with stem `pg_proc.dat'.
    Trying implicit prerequisite `pg_proc.dat.C'.
    Looking for a rule with intermediate file `pg_proc.dat.C'.
     Avoiding implicit rule recursion.
     Avoiding implicit rule recursion.
     Trying pattern rule with stem `pg_proc.dat.C'.
     Trying implicit prerequisite `pg_proc.dat.C,v'.
     Trying pattern rule with stem `pg_proc.dat.C'.
     Trying implicit prerequisite `RCS/pg_proc.dat.C,v'.
     Trying pattern rule with stem `pg_proc.dat.C'.
     Trying implicit prerequisite `RCS/pg_proc.dat.C'.
     Trying pattern rule with stem `pg_proc.dat.C'.
     Trying implicit prerequisite `s.pg_proc.dat.C'.
     Trying pattern rule with stem `pg_proc.dat.C'.
     Trying implicit prerequisite `SCCS/s.pg_proc.dat.C'.
    Trying pattern rule with stem `pg_proc.dat'.
    Trying implicit prerequisite `pg_proc.dat.cpp'.
    Looking for a rule with intermediate file `pg_proc.dat.cpp'.
     Avoiding implicit rule recursion.
     Avoiding implicit rule recursion.
     Trying pattern rule with stem `pg_proc.dat.cpp'.
     Trying implicit prerequisite `pg_proc.dat.cpp,v'.
     Trying pattern rule with stem `pg_proc.dat.cpp'.
     Trying implicit prerequisite `RCS/pg_proc.dat.cpp,v'.
     Trying pattern rule with stem `pg_proc.dat.cpp'.
     Trying implicit prerequisite `RCS/pg_proc.dat.cpp'.
     Trying pattern rule with stem `pg_proc.dat.cpp'.
     Trying implicit prerequisite `s.pg_proc.dat.cpp'.
     Trying pattern rule with stem `pg_proc.dat.cpp'.
     Trying implicit prerequisite `SCCS/s.pg_proc.dat.cpp'.
    Trying pattern rule with stem `pg_proc.dat'.
    Trying implicit prerequisite `pg_proc.dat.p'.
    Looking for a rule with intermediate file `pg_proc.dat.p'.
     Avoiding implicit rule recursion.
     Avoiding implicit rule recursion.
     Trying pattern rule with stem `pg_proc.dat'.
     Trying implicit prerequisite `pg_proc.dat.web'.
     Trying pattern rule with stem `pg_proc.dat.p'.
     Trying implicit prerequisite `pg_proc.dat.p,v'.
     Trying pattern rule with stem `pg_proc.dat.p'.
     Trying implicit prerequisite `RCS/pg_proc.dat.p,v'.
     Trying pattern rule with stem `pg_proc.dat.p'.
     Trying implicit prerequisite `RCS/pg_proc.dat.p'.
     Trying pattern rule with stem `pg_proc.dat.p'.
     Trying implicit prerequisite `s.pg_proc.dat.p'.
     Trying pattern rule with stem `pg_proc.dat.p'.
     Trying implicit prerequisite `SCCS/s.pg_proc.dat.p'.
     Trying pattern rule with stem `pg_proc.dat'.
     Trying implicit prerequisite `pg_proc.dat.web'.
     Looking for a rule with intermediate file `pg_proc.dat.web'.
      Avoiding implicit rule recursion.
      Avoiding implicit rule recursion.
      Avoiding implicit rule recursion.
      Trying pattern rule with stem `pg_proc.dat.web'.
      Trying implicit prerequisite `pg_proc.dat.web,v'.
      Trying pattern rule with stem `pg_proc.dat.web'.
      Trying implicit prerequisite `RCS/pg_proc.dat.web,v'.
      Trying pattern rule with stem `pg_proc.dat.web'.
      Trying implicit prerequisite `RCS/pg_proc.dat.web'.
      Trying pattern rule with stem `pg_proc.dat.web'.
      Trying implicit prerequisite `s.pg_proc.dat.web'.
      Trying pattern rule with stem `pg_proc.dat.web'.
      Trying implicit prerequisite `SCCS/s.pg_proc.dat.web'.
    Trying pattern rule with stem `pg_proc.dat'.
    Trying implicit prerequisite `pg_proc.dat.f'.
    Looking for a rule with intermediate file `pg_proc.dat.f'.
     Avoiding implicit rule recursion.
     Avoiding implicit rule recursion.
     Trying pattern rule with stem `pg_proc.dat'.
     Trying implicit prerequisite `pg_proc.dat.F'.
     Trying pattern rule with stem `pg_proc.dat'.
     Trying implicit prerequisite `pg_proc.dat.r'.
     Trying pattern rule with stem `pg_proc.dat.f'.
     Trying implicit prerequisite `pg_proc.dat.f,v'.
     Trying pattern rule with stem `pg_proc.dat.f'.
     Trying implicit prerequisite `RCS/pg_proc.dat.f,v'.
     Trying pattern rule with stem `pg_proc.dat.f'.
     Trying implicit prerequisite `RCS/pg_proc.dat.f'.
     Trying pattern rule with stem `pg_proc.dat.f'.
     Trying implicit prerequisite `s.pg_proc.dat.f'.
     Trying pattern rule with stem `pg_proc.dat.f'.
     Trying implicit prerequisite `SCCS/s.pg_proc.dat.f'.
     Trying pattern rule with stem `pg_proc.dat'.
     Trying implicit prerequisite `pg_proc.dat.F'.
     Looking for a rule with intermediate file `pg_proc.dat.F'.
      Avoiding implicit rule recursion.
      Avoiding implicit rule recursion.
      Avoiding implicit rule recursion.
      Trying pattern rule with stem `pg_proc.dat.F'.
      Trying implicit prerequisite `pg_proc.dat.F,v'.
      Trying pattern rule with stem `pg_proc.dat.F'.
      Trying implicit prerequisite `RCS/pg_proc.dat.F,v'.
      Trying pattern rule with stem `pg_proc.dat.F'.
      Trying implicit prerequisite `RCS/pg_proc.dat.F'.
      Trying pattern rule with stem `pg_proc.dat.F'.
      Trying implicit prerequisite `s.pg_proc.dat.F'.
      Trying pattern rule with stem `pg_proc.dat.F'.
      Trying implicit prerequisite `SCCS/s.pg_proc.dat.F'.
     Trying pattern rule with stem `pg_proc.dat'.
     Trying implicit prerequisite `pg_proc.dat.r'.
     Looking for a rule with intermediate file `pg_proc.dat.r'.
      Avoiding implicit rule recursion.
      Avoiding implicit rule recursion.
      Avoiding implicit rule recursion.
      Trying pattern rule with stem `pg_proc.dat'.
      Rejecting impossible implicit prerequisite `pg_proc.dat.l'.
      Trying pattern rule with stem `pg_proc.dat.r'.
      Trying implicit prerequisite `pg_proc.dat.r,v'.
      Trying pattern rule with stem `pg_proc.dat.r'.
      Trying implicit prerequisite `RCS/pg_proc.dat.r,v'.
      Trying pattern rule with stem `pg_proc.dat.r'.
      Trying implicit prerequisite `RCS/pg_proc.dat.r'.
      Trying pattern rule with stem `pg_proc.dat.r'.
      Trying implicit prerequisite `s.pg_proc.dat.r'.
      Trying pattern rule with stem `pg_proc.dat.r'.
      Trying implicit prerequisite `SCCS/s.pg_proc.dat.r'.
    Trying pattern rule with stem `pg_proc.dat'.
    Rejecting impossible implicit prerequisite `pg_proc.dat.F'.
    Trying pattern rule with stem `pg_proc.dat'.
    Trying implicit prerequisite `pg_proc.dat.m'.
    Looking for a rule with intermediate file `pg_proc.dat.m'.
     Avoiding implicit rule recursion.
     Avoiding implicit rule recursion.
     Trying pattern rule with stem `pg_proc.dat'.
     Trying implicit prerequisite `pg_proc.dat.ym'.
     Trying pattern rule with stem `pg_proc.dat'.
     Trying implicit prerequisite `pg_proc.dat.lm'.
     Trying pattern rule with stem `pg_proc.dat.m'.
     Trying implicit prerequisite `pg_proc.dat.m,v'.
     Trying pattern rule with stem `pg_proc.dat.m'.
     Trying implicit prerequisite `RCS/pg_proc.dat.m,v'.
     Trying pattern rule with stem `pg_proc.dat.m'.
     Trying implicit prerequisite `RCS/pg_proc.dat.m'.
     Trying pattern rule with stem `pg_proc.dat.m'.
     Trying implicit prerequisite `s.pg_proc.dat.m'.
     Trying pattern rule with stem `pg_proc.dat.m'.
     Trying implicit prerequisite `SCCS/s.pg_proc.dat.m'.
     Trying pattern rule with stem `pg_proc.dat'.
     Trying implicit prerequisite `pg_proc.dat.ym'.
     Looking for a rule with intermediate file `pg_proc.dat.ym'.
      Avoiding implicit rule recursion.
      Avoiding implicit rule recursion.
      Avoiding implicit rule recursion.
      Trying pattern rule with stem `pg_proc.dat.ym'.
      Trying implicit prerequisite `pg_proc.dat.ym,v'.
      Trying pattern rule with stem `pg_proc.dat.ym'.
      Trying implicit prerequisite `RCS/pg_proc.dat.ym,v'.
      Trying pattern rule with stem `pg_proc.dat.ym'.
      Trying implicit prerequisite `RCS/pg_proc.dat.ym'.
      Trying pattern rule with stem `pg_proc.dat.ym'.
      Trying implicit prerequisite `s.pg_proc.dat.ym'.
      Trying pattern rule with stem `pg_proc.dat.ym'.
      Trying implicit prerequisite `SCCS/s.pg_proc.dat.ym'.
     Trying pattern rule with stem `pg_proc.dat'.
     Trying implicit prerequisite `pg_proc.dat.lm'.
     Looking for a rule with intermediate file `pg_proc.dat.lm'.
      Avoiding implicit rule recursion.
      Avoiding implicit rule recursion.
      Avoiding implicit rule recursion.
      Trying pattern rule with stem `pg_proc.dat.lm'.
      Trying implicit prerequisite `pg_proc.dat.lm,v'.
      Trying pattern rule with stem `pg_proc.dat.lm'.
      Trying implicit prerequisite `RCS/pg_proc.dat.lm,v'.
      Trying pattern rule with stem `pg_proc.dat.lm'.
      Trying implicit prerequisite `RCS/pg_proc.dat.lm'.
      Trying pattern rule with stem `pg_proc.dat.lm'.
      Trying implicit prerequisite `s.pg_proc.dat.lm'.
      Trying pattern rule with stem `pg_proc.dat.lm'.
      Trying implicit prerequisite `SCCS/s.pg_proc.dat.lm'.
    Trying pattern rule with stem `pg_proc.dat'.
    Rejecting impossible implicit prerequisite `pg_proc.dat.r'.
    Trying pattern rule with stem `pg_proc.dat'.
    Trying implicit prerequisite `pg_proc.dat.s'.
    Looking for a rule with intermediate file `pg_proc.dat.s'.
     Avoiding implicit rule recursion.
     Avoiding implicit rule recursion.
     Trying pattern rule with stem `pg_proc.dat'.
     Trying implicit prerequisite `pg_proc.dat.S'.
     Trying pattern rule with stem `pg_proc.dat.s'.
     Trying implicit prerequisite `pg_proc.dat.s,v'.
     Trying pattern rule with stem `pg_proc.dat.s'.
     Trying implicit prerequisite `RCS/pg_proc.dat.s,v'.
     Trying pattern rule with stem `pg_proc.dat.s'.
     Trying implicit prerequisite `RCS/pg_proc.dat.s'.
     Trying pattern rule with stem `pg_proc.dat.s'.
     Trying implicit prerequisite `s.pg_proc.dat.s'.
     Trying pattern rule with stem `pg_proc.dat.s'.
     Trying implicit prerequisite `SCCS/s.pg_proc.dat.s'.
     Trying pattern rule with stem `pg_proc.dat'.
     Trying implicit prerequisite `pg_proc.dat.S'.
     Looking for a rule with intermediate file `pg_proc.dat.S'.
      Avoiding implicit rule recursion.
      Avoiding implicit rule recursion.
      Avoiding implicit rule recursion.
      Trying pattern rule with stem `pg_proc.dat.S'.
      Trying implicit prerequisite `pg_proc.dat.S,v'.
      Trying pattern rule with stem `pg_proc.dat.S'.
      Trying implicit prerequisite `RCS/pg_proc.dat.S,v'.
      Trying pattern rule with stem `pg_proc.dat.S'.
      Trying implicit prerequisite `RCS/pg_proc.dat.S'.
      Trying pattern rule with stem `pg_proc.dat.S'.
      Trying implicit prerequisite `s.pg_proc.dat.S'.
      Trying pattern rule with stem `pg_proc.dat.S'.
      Trying implicit prerequisite `SCCS/s.pg_proc.dat.S'.
    Trying pattern rule with stem `pg_proc.dat'.
    Rejecting impossible implicit prerequisite `pg_proc.dat.S'.
    Trying pattern rule with stem `pg_proc.dat'.
    Trying implicit prerequisite `pg_proc.dat.mod'.
    Looking for a rule with intermediate file `pg_proc.dat.mod'.
     Avoiding implicit rule recursion.
     Avoiding implicit rule recursion.
     Trying pattern rule with stem `pg_proc.dat.mod'.
     Trying implicit prerequisite `pg_proc.dat.mod,v'.
     Trying pattern rule with stem `pg_proc.dat.mod'.
     Trying implicit prerequisite `RCS/pg_proc.dat.mod,v'.
     Trying pattern rule with stem `pg_proc.dat.mod'.
     Trying implicit prerequisite `RCS/pg_proc.dat.mod'.
     Trying pattern rule with stem `pg_proc.dat.mod'.
     Trying implicit prerequisite `s.pg_proc.dat.mod'.
     Trying pattern rule with stem `pg_proc.dat.mod'.
     Trying implicit prerequisite `SCCS/s.pg_proc.dat.mod'.
   Trying pattern rule with stem `pg_proc.dat'.
   Rejecting impossible implicit prerequisite `pg_proc.dat.cc'.
   Trying pattern rule with stem `pg_proc.dat'.
   Rejecting impossible implicit prerequisite `pg_proc.dat.C'.
   Trying pattern rule with stem `pg_proc.dat'.
   Rejecting impossible implicit prerequisite `pg_proc.dat.cpp'.
   Trying pattern rule with stem `pg_proc.dat'.
   Rejecting impossible implicit prerequisite `pg_proc.dat.p'.
   Trying pattern rule with stem `pg_proc.dat'.
   Rejecting impossible implicit prerequisite `pg_proc.dat.f'.
   Trying pattern rule with stem `pg_proc.dat'.
   Rejecting impossible implicit prerequisite `pg_proc.dat.F'.
   Trying pattern rule with stem `pg_proc.dat'.
   Rejecting impossible implicit prerequisite `pg_proc.dat.m'.
   Trying pattern rule with stem `pg_proc.dat'.
   Rejecting impossible implicit prerequisite `pg_proc.dat.r'.
   Trying pattern rule with stem `pg_proc.dat'.
   Rejecting impossible implicit prerequisite `pg_proc.dat.s'.
   Trying pattern rule with stem `pg_proc.dat'.
   Rejecting impossible implicit prerequisite `pg_proc.dat.S'.
   Trying pattern rule with stem `pg_proc.dat'.
   Rejecting impossible implicit prerequisite `pg_proc.dat.mod'.
   Trying pattern rule with stem `pg_proc.dat'.
   Trying implicit prerequisite `pg_proc.dat.sh'.
   Looking for a rule with intermediate file `pg_proc.dat.sh'.
    Avoiding implicit rule recursion.
    Trying pattern rule with stem `pg_proc.dat.sh'.
    Trying implicit prerequisite `pg_proc.dat.sh,v'.
    Trying pattern rule with stem `pg_proc.dat.sh'.
    Trying implicit prerequisite `RCS/pg_proc.dat.sh,v'.
    Trying pattern rule with stem `pg_proc.dat.sh'.
    Trying implicit prerequisite `RCS/pg_proc.dat.sh'.
    Trying pattern rule with stem `pg_proc.dat.sh'.
    Trying implicit prerequisite `s.pg_proc.dat.sh'.
    Trying pattern rule with stem `pg_proc.dat.sh'.
    Trying implicit prerequisite `SCCS/s.pg_proc.dat.sh'.
   No implicit rule found for `pg_proc.dat'.
   Looking for an implicit rule for `pg_range.dat'.
   Trying pattern rule with stem `pg_range.dat'.
   Trying implicit prerequisite `pg_range.dat.o'.
   Trying pattern rule with stem `pg_range.dat'.
   Trying implicit prerequisite `pg_range.dat.cc'.
   Trying pattern rule with stem `pg_range.dat'.
   Trying implicit prerequisite `pg_range.dat.C'.
   Trying pattern rule with stem `pg_range.dat'.
   Trying implicit prerequisite `pg_range.dat.cpp'.
   Trying pattern rule with stem `pg_range.dat'.
   Trying implicit prerequisite `pg_range.dat.p'.
   Trying pattern rule with stem `pg_range.dat'.
   Trying implicit prerequisite `pg_range.dat.f'.
   Trying pattern rule with stem `pg_range.dat'.
   Trying implicit prerequisite `pg_range.dat.F'.
   Trying pattern rule with stem `pg_range.dat'.
   Trying implicit prerequisite `pg_range.dat.m'.
   Trying pattern rule with stem `pg_range.dat'.
   Trying implicit prerequisite `pg_range.dat.r'.
   Trying pattern rule with stem `pg_range.dat'.
   Trying implicit prerequisite `pg_range.dat.s'.
   Trying pattern rule with stem `pg_range.dat'.
   Trying implicit prerequisite `pg_range.dat.S'.
   Trying pattern rule with stem `pg_range.dat'.
   Trying implicit prerequisite `pg_range.dat.mod'.
   Trying pattern rule with stem `pg_range.dat'.
   Trying implicit prerequisite `pg_range.dat.sh'.
   Trying pattern rule with stem `pg_range.dat'.
   Trying implicit prerequisite `pg_range.dat,v'.
   Trying pattern rule with stem `pg_range.dat'.
   Trying implicit prerequisite `RCS/pg_range.dat,v'.
   Trying pattern rule with stem `pg_range.dat'.
   Trying implicit prerequisite `RCS/pg_range.dat'.
   Trying pattern rule with stem `pg_range.dat'.
   Trying implicit prerequisite `s.pg_range.dat'.
   Trying pattern rule with stem `pg_range.dat'.
   Trying implicit prerequisite `SCCS/s.pg_range.dat'.
   Trying pattern rule with stem `pg_range.dat'.
   Trying implicit prerequisite `pg_range.dat.o'.
   Looking for a rule with intermediate file `pg_range.dat.o'.
    Avoiding implicit rule recursion.
    Trying pattern rule with stem `pg_range.dat'.
    Trying implicit prerequisite `pg_range.dat.c'.
    Trying pattern rule with stem `pg_range.dat'.
    Trying implicit prerequisite `pg_range.dat.cc'.
    Trying pattern rule with stem `pg_range.dat'.
    Trying implicit prerequisite `pg_range.dat.C'.
    Trying pattern rule with stem `pg_range.dat'.
    Trying implicit prerequisite `pg_range.dat.cpp'.
    Trying pattern rule with stem `pg_range.dat'.
    Trying implicit prerequisite `pg_range.dat.p'.
    Trying pattern rule with stem `pg_range.dat'.
    Trying implicit prerequisite `pg_range.dat.f'.
    Trying pattern rule with stem `pg_range.dat'.
    Trying implicit prerequisite `pg_range.dat.F'.
    Trying pattern rule with stem `pg_range.dat'.
    Trying implicit prerequisite `pg_range.dat.m'.
    Trying pattern rule with stem `pg_range.dat'.
    Trying implicit prerequisite `pg_range.dat.r'.
    Trying pattern rule with stem `pg_range.dat'.
    Trying implicit prerequisite `pg_range.dat.s'.
    Trying pattern rule with stem `pg_range.dat'.
    Trying implicit prerequisite `pg_range.dat.S'.
    Trying pattern rule with stem `pg_range.dat'.
    Trying implicit prerequisite `pg_range.dat.mod'.
    Trying pattern rule with stem `pg_range.dat.o'.
    Trying implicit prerequisite `pg_range.dat.o,v'.
    Trying pattern rule with stem `pg_range.dat.o'.
    Trying implicit prerequisite `RCS/pg_range.dat.o,v'.
    Trying pattern rule with stem `pg_range.dat.o'.
    Trying implicit prerequisite `RCS/pg_range.dat.o'.
    Trying pattern rule with stem `pg_range.dat.o'.
    Trying implicit prerequisite `s.pg_range.dat.o'.
    Trying pattern rule with stem `pg_range.dat.o'.
    Trying implicit prerequisite `SCCS/s.pg_range.dat.o'.
    Trying pattern rule with stem `pg_range.dat'.
    Trying implicit prerequisite `pg_range.dat.c'.
    Looking for a rule with intermediate file `pg_range.dat.c'.
     Avoiding implicit rule recursion.
     Avoiding implicit rule recursion.
     Trying pattern rule with stem `pg_range.dat'.
     Trying implicit prerequisite `pg_range.dat.l'.
     Trying pattern rule with stem `pg_range.dat'.
     Trying implicit prerequisite `pg_range.dat.y'.
     Trying pattern rule with stem `pg_range.dat'.
     Trying implicit prerequisite `pg_range.dat.w'.
     Trying pattern rule with stem `pg_range.dat'.
     Trying implicit prerequisite `pg_range.dat.w'.
     Trying pattern rule with stem `pg_range.dat.c'.
     Trying implicit prerequisite `pg_range.dat.c,v'.
     Trying pattern rule with stem `pg_range.dat.c'.
     Trying implicit prerequisite `RCS/pg_range.dat.c,v'.
     Trying pattern rule with stem `pg_range.dat.c'.
     Trying implicit prerequisite `RCS/pg_range.dat.c'.
     Trying pattern rule with stem `pg_range.dat.c'.
     Trying implicit prerequisite `s.pg_range.dat.c'.
     Trying pattern rule with stem `pg_range.dat.c'.
     Trying implicit prerequisite `SCCS/s.pg_range.dat.c'.
     Trying pattern rule with stem `pg_range.dat'.
     Trying implicit prerequisite `pg_range.dat.l'.
     Looking for a rule with intermediate file `pg_range.dat.l'.
      Avoiding implicit rule recursion.
      Avoiding implicit rule recursion.
      Avoiding implicit rule recursion.
      Trying pattern rule with stem `pg_range.dat.l'.
      Trying implicit prerequisite `pg_range.dat.l,v'.
      Trying pattern rule with stem `pg_range.dat.l'.
      Trying implicit prerequisite `RCS/pg_range.dat.l,v'.
      Trying pattern rule with stem `pg_range.dat.l'.
      Trying implicit prerequisite `RCS/pg_range.dat.l'.
      Trying pattern rule with stem `pg_range.dat.l'.
      Trying implicit prerequisite `s.pg_range.dat.l'.
      Trying pattern rule with stem `pg_range.dat.l'.
      Trying implicit prerequisite `SCCS/s.pg_range.dat.l'.
     Trying pattern rule with stem `pg_range.dat'.
     Trying implicit prerequisite `pg_range.dat.y'.
     Looking for a rule with intermediate file `pg_range.dat.y'.
      Avoiding implicit rule recursion.
      Avoiding implicit rule recursion.
      Avoiding implicit rule recursion.
      Trying pattern rule with stem `pg_range.dat.y'.
      Trying implicit prerequisite `pg_range.dat.y,v'.
      Trying pattern rule with stem `pg_range.dat.y'.
      Trying implicit prerequisite `RCS/pg_range.dat.y,v'.
      Trying pattern rule with stem `pg_range.dat.y'.
      Trying implicit prerequisite `RCS/pg_range.dat.y'.
      Trying pattern rule with stem `pg_range.dat.y'.
      Trying implicit prerequisite `s.pg_range.dat.y'.
      Trying pattern rule with stem `pg_range.dat.y'.
      Trying implicit prerequisite `SCCS/s.pg_range.dat.y'.
     Trying pattern rule with stem `pg_range.dat'.
     Trying implicit prerequisite `pg_range.dat.w'.
     Looking for a rule with intermediate file `pg_range.dat.w'.
      Avoiding implicit rule recursion.
      Avoiding implicit rule recursion.
      Avoiding implicit rule recursion.
      Trying pattern rule with stem `pg_range.dat.w'.
      Trying implicit prerequisite `pg_range.dat.w,v'.
      Trying pattern rule with stem `pg_range.dat.w'.
      Trying implicit prerequisite `RCS/pg_range.dat.w,v'.
      Trying pattern rule with stem `pg_range.dat.w'.
      Trying implicit prerequisite `RCS/pg_range.dat.w'.
      Trying pattern rule with stem `pg_range.dat.w'.
      Trying implicit prerequisite `s.pg_range.dat.w'.
      Trying pattern rule with stem `pg_range.dat.w'.
      Trying implicit prerequisite `SCCS/s.pg_range.dat.w'.
     Trying pattern rule with stem `pg_range.dat'.
     Rejecting impossible implicit prerequisite `pg_range.dat.w'.
    Trying pattern rule with stem `pg_range.dat'.
    Trying implicit prerequisite `pg_range.dat.cc'.
    Looking for a rule with intermediate file `pg_range.dat.cc'.
     Avoiding implicit rule recursion.
     Avoiding implicit rule recursion.
     Trying pattern rule with stem `pg_range.dat.cc'.
     Trying implicit prerequisite `pg_range.dat.cc,v'.
     Trying pattern rule with stem `pg_range.dat.cc'.
     Trying implicit prerequisite `RCS/pg_range.dat.cc,v'.
     Trying pattern rule with stem `pg_range.dat.cc'.
     Trying implicit prerequisite `RCS/pg_range.dat.cc'.
     Trying pattern rule with stem `pg_range.dat.cc'.
     Trying implicit prerequisite `s.pg_range.dat.cc'.
     Trying pattern rule with stem `pg_range.dat.cc'.
     Trying implicit prerequisite `SCCS/s.pg_range.dat.cc'.
    Trying pattern rule with stem `pg_range.dat'.
    Trying implicit prerequisite `pg_range.dat.C'.
    Looking for a rule with intermediate file `pg_range.dat.C'.
     Avoiding implicit rule recursion.
     Avoiding implicit rule recursion.
     Trying pattern rule with stem `pg_range.dat.C'.
     Trying implicit prerequisite `pg_range.dat.C,v'.
     Trying pattern rule with stem `pg_range.dat.C'.
     Trying implicit prerequisite `RCS/pg_range.dat.C,v'.
     Trying pattern rule with stem `pg_range.dat.C'.
     Trying implicit prerequisite `RCS/pg_range.dat.C'.
     Trying pattern rule with stem `pg_range.dat.C'.
     Trying implicit prerequisite `s.pg_range.dat.C'.
     Trying pattern rule with stem `pg_range.dat.C'.
     Trying implicit prerequisite `SCCS/s.pg_range.dat.C'.
    Trying pattern rule with stem `pg_range.dat'.
    Trying implicit prerequisite `pg_range.dat.cpp'.
    Looking for a rule with intermediate file `pg_range.dat.cpp'.
     Avoiding implicit rule recursion.
     Avoiding implicit rule recursion.
     Trying pattern rule with stem `pg_range.dat.cpp'.
     Trying implicit prerequisite `pg_range.dat.cpp,v'.
     Trying pattern rule with stem `pg_range.dat.cpp'.
     Trying implicit prerequisite `RCS/pg_range.dat.cpp,v'.
     Trying pattern rule with stem `pg_range.dat.cpp'.
     Trying implicit prerequisite `RCS/pg_range.dat.cpp'.
     Trying pattern rule with stem `pg_range.dat.cpp'.
     Trying implicit prerequisite `s.pg_range.dat.cpp'.
     Trying pattern rule with stem `pg_range.dat.cpp'.
     Trying implicit prerequisite `SCCS/s.pg_range.dat.cpp'.
    Trying pattern rule with stem `pg_range.dat'.
    Trying implicit prerequisite `pg_range.dat.p'.
    Looking for a rule with intermediate file `pg_range.dat.p'.
     Avoiding implicit rule recursion.
     Avoiding implicit rule recursion.
     Trying pattern rule with stem `pg_range.dat'.
     Trying implicit prerequisite `pg_range.dat.web'.
     Trying pattern rule with stem `pg_range.dat.p'.
     Trying implicit prerequisite `pg_range.dat.p,v'.
     Trying pattern rule with stem `pg_range.dat.p'.
     Trying implicit prerequisite `RCS/pg_range.dat.p,v'.
     Trying pattern rule with stem `pg_range.dat.p'.
     Trying implicit prerequisite `RCS/pg_range.dat.p'.
     Trying pattern rule with stem `pg_range.dat.p'.
     Trying implicit prerequisite `s.pg_range.dat.p'.
     Trying pattern rule with stem `pg_range.dat.p'.
     Trying implicit prerequisite `SCCS/s.pg_range.dat.p'.
     Trying pattern rule with stem `pg_range.dat'.
     Trying implicit prerequisite `pg_range.dat.web'.
     Looking for a rule with intermediate file `pg_range.dat.web'.
      Avoiding implicit rule recursion.
      Avoiding implicit rule recursion.
      Avoiding implicit rule recursion.
      Trying pattern rule with stem `pg_range.dat.web'.
      Trying implicit prerequisite `pg_range.dat.web,v'.
      Trying pattern rule with stem `pg_range.dat.web'.
      Trying implicit prerequisite `RCS/pg_range.dat.web,v'.
      Trying pattern rule with stem `pg_range.dat.web'.
      Trying implicit prerequisite `RCS/pg_range.dat.web'.
      Trying pattern rule with stem `pg_range.dat.web'.
      Trying implicit prerequisite `s.pg_range.dat.web'.
      Trying pattern rule with stem `pg_range.dat.web'.
      Trying implicit prerequisite `SCCS/s.pg_range.dat.web'.
    Trying pattern rule with stem `pg_range.dat'.
    Trying implicit prerequisite `pg_range.dat.f'.
    Looking for a rule with intermediate file `pg_range.dat.f'.
     Avoiding implicit rule recursion.
     Avoiding implicit rule recursion.
     Trying pattern rule with stem `pg_range.dat'.
     Trying implicit prerequisite `pg_range.dat.F'.
     Trying pattern rule with stem `pg_range.dat'.
     Trying implicit prerequisite `pg_range.dat.r'.
     Trying pattern rule with stem `pg_range.dat.f'.
     Trying implicit prerequisite `pg_range.dat.f,v'.
     Trying pattern rule with stem `pg_range.dat.f'.
     Trying implicit prerequisite `RCS/pg_range.dat.f,v'.
     Trying pattern rule with stem `pg_range.dat.f'.
     Trying implicit prerequisite `RCS/pg_range.dat.f'.
     Trying pattern rule with stem `pg_range.dat.f'.
     Trying implicit prerequisite `s.pg_range.dat.f'.
     Trying pattern rule with stem `pg_range.dat.f'.
     Trying implicit prerequisite `SCCS/s.pg_range.dat.f'.
     Trying pattern rule with stem `pg_range.dat'.
     Trying implicit prerequisite `pg_range.dat.F'.
     Looking for a rule with intermediate file `pg_range.dat.F'.
      Avoiding implicit rule recursion.
      Avoiding implicit rule recursion.
      Avoiding implicit rule recursion.
      Trying pattern rule with stem `pg_range.dat.F'.
      Trying implicit prerequisite `pg_range.dat.F,v'.
      Trying pattern rule with stem `pg_range.dat.F'.
      Trying implicit prerequisite `RCS/pg_range.dat.F,v'.
      Trying pattern rule with stem `pg_range.dat.F'.
      Trying implicit prerequisite `RCS/pg_range.dat.F'.
      Trying pattern rule with stem `pg_range.dat.F'.
      Trying implicit prerequisite `s.pg_range.dat.F'.
      Trying pattern rule with stem `pg_range.dat.F'.
      Trying implicit prerequisite `SCCS/s.pg_range.dat.F'.
     Trying pattern rule with stem `pg_range.dat'.
     Trying implicit prerequisite `pg_range.dat.r'.
     Looking for a rule with intermediate file `pg_range.dat.r'.
      Avoiding implicit rule recursion.
      Avoiding implicit rule recursion.
      Avoiding implicit rule recursion.
      Trying pattern rule with stem `pg_range.dat'.
      Rejecting impossible implicit prerequisite `pg_range.dat.l'.
      Trying pattern rule with stem `pg_range.dat.r'.
      Trying implicit prerequisite `pg_range.dat.r,v'.
      Trying pattern rule with stem `pg_range.dat.r'.
      Trying implicit prerequisite `RCS/pg_range.dat.r,v'.
      Trying pattern rule with stem `pg_range.dat.r'.
      Trying implicit prerequisite `RCS/pg_range.dat.r'.
      Trying pattern rule with stem `pg_range.dat.r'.
      Trying implicit prerequisite `s.pg_range.dat.r'.
      Trying pattern rule with stem `pg_range.dat.r'.
      Trying implicit prerequisite `SCCS/s.pg_range.dat.r'.
    Trying pattern rule with stem `pg_range.dat'.
    Rejecting impossible implicit prerequisite `pg_range.dat.F'.
    Trying pattern rule with stem `pg_range.dat'.
    Trying implicit prerequisite `pg_range.dat.m'.
    Looking for a rule with intermediate file `pg_range.dat.m'.
     Avoiding implicit rule recursion.
     Avoiding implicit rule recursion.
     Trying pattern rule with stem `pg_range.dat'.
     Trying implicit prerequisite `pg_range.dat.ym'.
     Trying pattern rule with stem `pg_range.dat'.
     Trying implicit prerequisite `pg_range.dat.lm'.
     Trying pattern rule with stem `pg_range.dat.m'.
     Trying implicit prerequisite `pg_range.dat.m,v'.
     Trying pattern rule with stem `pg_range.dat.m'.
     Trying implicit prerequisite `RCS/pg_range.dat.m,v'.
     Trying pattern rule with stem `pg_range.dat.m'.
     Trying implicit prerequisite `RCS/pg_range.dat.m'.
     Trying pattern rule with stem `pg_range.dat.m'.
     Trying implicit prerequisite `s.pg_range.dat.m'.
     Trying pattern rule with stem `pg_range.dat.m'.
     Trying implicit prerequisite `SCCS/s.pg_range.dat.m'.
     Trying pattern rule with stem `pg_range.dat'.
     Trying implicit prerequisite `pg_range.dat.ym'.
     Looking for a rule with intermediate file `pg_range.dat.ym'.
      Avoiding implicit rule recursion.
      Avoiding implicit rule recursion.
      Avoiding implicit rule recursion.
      Trying pattern rule with stem `pg_range.dat.ym'.
      Trying implicit prerequisite `pg_range.dat.ym,v'.
      Trying pattern rule with stem `pg_range.dat.ym'.
      Trying implicit prerequisite `RCS/pg_range.dat.ym,v'.
      Trying pattern rule with stem `pg_range.dat.ym'.
      Trying implicit prerequisite `RCS/pg_range.dat.ym'.
      Trying pattern rule with stem `pg_range.dat.ym'.
      Trying implicit prerequisite `s.pg_range.dat.ym'.
      Trying pattern rule with stem `pg_range.dat.ym'.
      Trying implicit prerequisite `SCCS/s.pg_range.dat.ym'.
     Trying pattern rule with stem `pg_range.dat'.
     Trying implicit prerequisite `pg_range.dat.lm'.
     Looking for a rule with intermediate file `pg_range.dat.lm'.
      Avoiding implicit rule recursion.
      Avoiding implicit rule recursion.
      Avoiding implicit rule recursion.
      Trying pattern rule with stem `pg_range.dat.lm'.
      Trying implicit prerequisite `pg_range.dat.lm,v'.
      Trying pattern rule with stem `pg_range.dat.lm'.
      Trying implicit prerequisite `RCS/pg_range.dat.lm,v'.
      Trying pattern rule with stem `pg_range.dat.lm'.
      Trying implicit prerequisite `RCS/pg_range.dat.lm'.
      Trying pattern rule with stem `pg_range.dat.lm'.
      Trying implicit prerequisite `s.pg_range.dat.lm'.
      Trying pattern rule with stem `pg_range.dat.lm'.
      Trying implicit prerequisite `SCCS/s.pg_range.dat.lm'.
    Trying pattern rule with stem `pg_range.dat'.
    Rejecting impossible implicit prerequisite `pg_range.dat.r'.
    Trying pattern rule with stem `pg_range.dat'.
    Trying implicit prerequisite `pg_range.dat.s'.
    Looking for a rule with intermediate file `pg_range.dat.s'.
     Avoiding implicit rule recursion.
     Avoiding implicit rule recursion.
     Trying pattern rule with stem `pg_range.dat'.
     Trying implicit prerequisite `pg_range.dat.S'.
     Trying pattern rule with stem `pg_range.dat.s'.
     Trying implicit prerequisite `pg_range.dat.s,v'.
     Trying pattern rule with stem `pg_range.dat.s'.
     Trying implicit prerequisite `RCS/pg_range.dat.s,v'.
     Trying pattern rule with stem `pg_range.dat.s'.
     Trying implicit prerequisite `RCS/pg_range.dat.s'.
     Trying pattern rule with stem `pg_range.dat.s'.
     Trying implicit prerequisite `s.pg_range.dat.s'.
     Trying pattern rule with stem `pg_range.dat.s'.
     Trying implicit prerequisite `SCCS/s.pg_range.dat.s'.
     Trying pattern rule with stem `pg_range.dat'.
     Trying implicit prerequisite `pg_range.dat.S'.
     Looking for a rule with intermediate file `pg_range.dat.S'.
      Avoiding implicit rule recursion.
      Avoiding implicit rule recursion.
      Avoiding implicit rule recursion.
      Trying pattern rule with stem `pg_range.dat.S'.
      Trying implicit prerequisite `pg_range.dat.S,v'.
      Trying pattern rule with stem `pg_range.dat.S'.
      Trying implicit prerequisite `RCS/pg_range.dat.S,v'.
      Trying pattern rule with stem `pg_range.dat.S'.
      Trying implicit prerequisite `RCS/pg_range.dat.S'.
      Trying pattern rule with stem `pg_range.dat.S'.
      Trying implicit prerequisite `s.pg_range.dat.S'.
      Trying pattern rule with stem `pg_range.dat.S'.
      Trying implicit prerequisite `SCCS/s.pg_range.dat.S'.
    Trying pattern rule with stem `pg_range.dat'.
    Rejecting impossible implicit prerequisite `pg_range.dat.S'.
    Trying pattern rule with stem `pg_range.dat'.
    Trying implicit prerequisite `pg_range.dat.mod'.
    Looking for a rule with intermediate file `pg_range.dat.mod'.
     Avoiding implicit rule recursion.
     Avoiding implicit rule recursion.
     Trying pattern rule with stem `pg_range.dat.mod'.
     Trying implicit prerequisite `pg_range.dat.mod,v'.
     Trying pattern rule with stem `pg_range.dat.mod'.
     Trying implicit prerequisite `RCS/pg_range.dat.mod,v'.
     Trying pattern rule with stem `pg_range.dat.mod'.
     Trying implicit prerequisite `RCS/pg_range.dat.mod'.
     Trying pattern rule with stem `pg_range.dat.mod'.
     Trying implicit prerequisite `s.pg_range.dat.mod'.
     Trying pattern rule with stem `pg_range.dat.mod'.
     Trying implicit prerequisite `SCCS/s.pg_range.dat.mod'.
   Trying pattern rule with stem `pg_range.dat'.
   Rejecting impossible implicit prerequisite `pg_range.dat.cc'.
   Trying pattern rule with stem `pg_range.dat'.
   Rejecting impossible implicit prerequisite `pg_range.dat.C'.
   Trying pattern rule with stem `pg_range.dat'.
   Rejecting impossible implicit prerequisite `pg_range.dat.cpp'.
   Trying pattern rule with stem `pg_range.dat'.
   Rejecting impossible implicit prerequisite `pg_range.dat.p'.
   Trying pattern rule with stem `pg_range.dat'.
   Rejecting impossible implicit prerequisite `pg_range.dat.f'.
   Trying pattern rule with stem `pg_range.dat'.
   Rejecting impossible implicit prerequisite `pg_range.dat.F'.
   Trying pattern rule with stem `pg_range.dat'.
   Rejecting impossible implicit prerequisite `pg_range.dat.m'.
   Trying pattern rule with stem `pg_range.dat'.
   Rejecting impossible implicit prerequisite `pg_range.dat.r'.
   Trying pattern rule with stem `pg_range.dat'.
   Rejecting impossible implicit prerequisite `pg_range.dat.s'.
   Trying pattern rule with stem `pg_range.dat'.
   Rejecting impossible implicit prerequisite `pg_range.dat.S'.
   Trying pattern rule with stem `pg_range.dat'.
   Rejecting impossible implicit prerequisite `pg_range.dat.mod'.
   Trying pattern rule with stem `pg_range.dat'.
   Trying implicit prerequisite `pg_range.dat.sh'.
   Looking for a rule with intermediate file `pg_range.dat.sh'.
    Avoiding implicit rule recursion.
    Trying pattern rule with stem `pg_range.dat.sh'.
    Trying implicit prerequisite `pg_range.dat.sh,v'.
    Trying pattern rule with stem `pg_range.dat.sh'.
    Trying implicit prerequisite `RCS/pg_range.dat.sh,v'.
    Trying pattern rule with stem `pg_range.dat.sh'.
    Trying implicit prerequisite `RCS/pg_range.dat.sh'.
    Trying pattern rule with stem `pg_range.dat.sh'.
    Trying implicit prerequisite `s.pg_range.dat.sh'.
    Trying pattern rule with stem `pg_range.dat.sh'.
    Trying implicit prerequisite `SCCS/s.pg_range.dat.sh'.
   No implicit rule found for `pg_range.dat'.
   Looking for an implicit rule for `pg_tablespace.dat'.
   Trying pattern rule with stem `pg_tablespace.dat'.
   Trying implicit prerequisite `pg_tablespace.dat.o'.
   Trying pattern rule with stem `pg_tablespace.dat'.
   Trying implicit prerequisite `pg_tablespace.dat.cc'.
   Trying pattern rule with stem `pg_tablespace.dat'.
   Trying implicit prerequisite `pg_tablespace.dat.C'.
   Trying pattern rule with stem `pg_tablespace.dat'.
   Trying implicit prerequisite `pg_tablespace.dat.cpp'.
   Trying pattern rule with stem `pg_tablespace.dat'.
   Trying implicit prerequisite `pg_tablespace.dat.p'.
   Trying pattern rule with stem `pg_tablespace.dat'.
   Trying implicit prerequisite `pg_tablespace.dat.f'.
   Trying pattern rule with stem `pg_tablespace.dat'.
   Trying implicit prerequisite `pg_tablespace.dat.F'.
   Trying pattern rule with stem `pg_tablespace.dat'.
   Trying implicit prerequisite `pg_tablespace.dat.m'.
   Trying pattern rule with stem `pg_tablespace.dat'.
   Trying implicit prerequisite `pg_tablespace.dat.r'.
   Trying pattern rule with stem `pg_tablespace.dat'.
   Trying implicit prerequisite `pg_tablespace.dat.s'.
   Trying pattern rule with stem `pg_tablespace.dat'.
   Trying implicit prerequisite `pg_tablespace.dat.S'.
   Trying pattern rule with stem `pg_tablespace.dat'.
   Trying implicit prerequisite `pg_tablespace.dat.mod'.
   Trying pattern rule with stem `pg_tablespace.dat'.
   Trying implicit prerequisite `pg_tablespace.dat.sh'.
   Trying pattern rule with stem `pg_tablespace.dat'.
   Trying implicit prerequisite `pg_tablespace.dat,v'.
   Trying pattern rule with stem `pg_tablespace.dat'.
   Trying implicit prerequisite `RCS/pg_tablespace.dat,v'.
   Trying pattern rule with stem `pg_tablespace.dat'.
   Trying implicit prerequisite `RCS/pg_tablespace.dat'.
   Trying pattern rule with stem `pg_tablespace.dat'.
   Trying implicit prerequisite `s.pg_tablespace.dat'.
   Trying pattern rule with stem `pg_tablespace.dat'.
   Trying implicit prerequisite `SCCS/s.pg_tablespace.dat'.
   Trying pattern rule with stem `pg_tablespace.dat'.
   Trying implicit prerequisite `pg_tablespace.dat.o'.
   Looking for a rule with intermediate file `pg_tablespace.dat.o'.
    Avoiding implicit rule recursion.
    Trying pattern rule with stem `pg_tablespace.dat'.
    Trying implicit prerequisite `pg_tablespace.dat.c'.
    Trying pattern rule with stem `pg_tablespace.dat'.
    Trying implicit prerequisite `pg_tablespace.dat.cc'.
    Trying pattern rule with stem `pg_tablespace.dat'.
    Trying implicit prerequisite `pg_tablespace.dat.C'.
    Trying pattern rule with stem `pg_tablespace.dat'.
    Trying implicit prerequisite `pg_tablespace.dat.cpp'.
    Trying pattern rule with stem `pg_tablespace.dat'.
    Trying implicit prerequisite `pg_tablespace.dat.p'.
    Trying pattern rule with stem `pg_tablespace.dat'.
    Trying implicit prerequisite `pg_tablespace.dat.f'.
    Trying pattern rule with stem `pg_tablespace.dat'.
    Trying implicit prerequisite `pg_tablespace.dat.F'.
    Trying pattern rule with stem `pg_tablespace.dat'.
    Trying implicit prerequisite `pg_tablespace.dat.m'.
    Trying pattern rule with stem `pg_tablespace.dat'.
    Trying implicit prerequisite `pg_tablespace.dat.r'.
    Trying pattern rule with stem `pg_tablespace.dat'.
    Trying implicit prerequisite `pg_tablespace.dat.s'.
    Trying pattern rule with stem `pg_tablespace.dat'.
    Trying implicit prerequisite `pg_tablespace.dat.S'.
    Trying pattern rule with stem `pg_tablespace.dat'.
    Trying implicit prerequisite `pg_tablespace.dat.mod'.
    Trying pattern rule with stem `pg_tablespace.dat.o'.
    Trying implicit prerequisite `pg_tablespace.dat.o,v'.
    Trying pattern rule with stem `pg_tablespace.dat.o'.
    Trying implicit prerequisite `RCS/pg_tablespace.dat.o,v'.
    Trying pattern rule with stem `pg_tablespace.dat.o'.
    Trying implicit prerequisite `RCS/pg_tablespace.dat.o'.
    Trying pattern rule with stem `pg_tablespace.dat.o'.
    Trying implicit prerequisite `s.pg_tablespace.dat.o'.
    Trying pattern rule with stem `pg_tablespace.dat.o'.
    Trying implicit prerequisite `SCCS/s.pg_tablespace.dat.o'.
    Trying pattern rule with stem `pg_tablespace.dat'.
    Trying implicit prerequisite `pg_tablespace.dat.c'.
    Looking for a rule with intermediate file `pg_tablespace.dat.c'.
     Avoiding implicit rule recursion.
     Avoiding implicit rule recursion.
     Trying pattern rule with stem `pg_tablespace.dat'.
     Trying implicit prerequisite `pg_tablespace.dat.l'.
     Trying pattern rule with stem `pg_tablespace.dat'.
     Trying implicit prerequisite `pg_tablespace.dat.y'.
     Trying pattern rule with stem `pg_tablespace.dat'.
     Trying implicit prerequisite `pg_tablespace.dat.w'.
     Trying pattern rule with stem `pg_tablespace.dat'.
     Trying implicit prerequisite `pg_tablespace.dat.w'.
     Trying pattern rule with stem `pg_tablespace.dat.c'.
     Trying implicit prerequisite `pg_tablespace.dat.c,v'.
     Trying pattern rule with stem `pg_tablespace.dat.c'.
     Trying implicit prerequisite `RCS/pg_tablespace.dat.c,v'.
     Trying pattern rule with stem `pg_tablespace.dat.c'.
     Trying implicit prerequisite `RCS/pg_tablespace.dat.c'.
     Trying pattern rule with stem `pg_tablespace.dat.c'.
     Trying implicit prerequisite `s.pg_tablespace.dat.c'.
     Trying pattern rule with stem `pg_tablespace.dat.c'.
     Trying implicit prerequisite `SCCS/s.pg_tablespace.dat.c'.
     Trying pattern rule with stem `pg_tablespace.dat'.
     Trying implicit prerequisite `pg_tablespace.dat.l'.
     Looking for a rule with intermediate file `pg_tablespace.dat.l'.
      Avoiding implicit rule recursion.
      Avoiding implicit rule recursion.
      Avoiding implicit rule recursion.
      Trying pattern rule with stem `pg_tablespace.dat.l'.
      Trying implicit prerequisite `pg_tablespace.dat.l,v'.
      Trying pattern rule with stem `pg_tablespace.dat.l'.
      Trying implicit prerequisite `RCS/pg_tablespace.dat.l,v'.
      Trying pattern rule with stem `pg_tablespace.dat.l'.
      Trying implicit prerequisite `RCS/pg_tablespace.dat.l'.
      Trying pattern rule with stem `pg_tablespace.dat.l'.
      Trying implicit prerequisite `s.pg_tablespace.dat.l'.
      Trying pattern rule with stem `pg_tablespace.dat.l'.
      Trying implicit prerequisite `SCCS/s.pg_tablespace.dat.l'.
     Trying pattern rule with stem `pg_tablespace.dat'.
     Trying implicit prerequisite `pg_tablespace.dat.y'.
     Looking for a rule with intermediate file `pg_tablespace.dat.y'.
      Avoiding implicit rule recursion.
      Avoiding implicit rule recursion.
      Avoiding implicit rule recursion.
      Trying pattern rule with stem `pg_tablespace.dat.y'.
      Trying implicit prerequisite `pg_tablespace.dat.y,v'.
      Trying pattern rule with stem `pg_tablespace.dat.y'.
      Trying implicit prerequisite `RCS/pg_tablespace.dat.y,v'.
      Trying pattern rule with stem `pg_tablespace.dat.y'.
      Trying implicit prerequisite `RCS/pg_tablespace.dat.y'.
      Trying pattern rule with stem `pg_tablespace.dat.y'.
      Trying implicit prerequisite `s.pg_tablespace.dat.y'.
      Trying pattern rule with stem `pg_tablespace.dat.y'.
      Trying implicit prerequisite `SCCS/s.pg_tablespace.dat.y'.
     Trying pattern rule with stem `pg_tablespace.dat'.
     Trying implicit prerequisite `pg_tablespace.dat.w'.
     Looking for a rule with intermediate file `pg_tablespace.dat.w'.
      Avoiding implicit rule recursion.
      Avoiding implicit rule recursion.
      Avoiding implicit rule recursion.
      Trying pattern rule with stem `pg_tablespace.dat.w'.
      Trying implicit prerequisite `pg_tablespace.dat.w,v'.
      Trying pattern rule with stem `pg_tablespace.dat.w'.
      Trying implicit prerequisite `RCS/pg_tablespace.dat.w,v'.
      Trying pattern rule with stem `pg_tablespace.dat.w'.
      Trying implicit prerequisite `RCS/pg_tablespace.dat.w'.
      Trying pattern rule with stem `pg_tablespace.dat.w'.
      Trying implicit prerequisite `s.pg_tablespace.dat.w'.
      Trying pattern rule with stem `pg_tablespace.dat.w'.
      Trying implicit prerequisite `SCCS/s.pg_tablespace.dat.w'.
     Trying pattern rule with stem `pg_tablespace.dat'.
     Rejecting impossible implicit prerequisite `pg_tablespace.dat.w'.
    Trying pattern rule with stem `pg_tablespace.dat'.
    Trying implicit prerequisite `pg_tablespace.dat.cc'.
    Looking for a rule with intermediate file `pg_tablespace.dat.cc'.
     Avoiding implicit rule recursion.
     Avoiding implicit rule recursion.
     Trying pattern rule with stem `pg_tablespace.dat.cc'.
     Trying implicit prerequisite `pg_tablespace.dat.cc,v'.
     Trying pattern rule with stem `pg_tablespace.dat.cc'.
     Trying implicit prerequisite `RCS/pg_tablespace.dat.cc,v'.
     Trying pattern rule with stem `pg_tablespace.dat.cc'.
     Trying implicit prerequisite `RCS/pg_tablespace.dat.cc'.
     Trying pattern rule with stem `pg_tablespace.dat.cc'.
     Trying implicit prerequisite `s.pg_tablespace.dat.cc'.
     Trying pattern rule with stem `pg_tablespace.dat.cc'.
     Trying implicit prerequisite `SCCS/s.pg_tablespace.dat.cc'.
    Trying pattern rule with stem `pg_tablespace.dat'.
    Trying implicit prerequisite `pg_tablespace.dat.C'.
    Looking for a rule with intermediate file `pg_tablespace.dat.C'.
     Avoiding implicit rule recursion.
     Avoiding implicit rule recursion.
     Trying pattern rule with stem `pg_tablespace.dat.C'.
     Trying implicit prerequisite `pg_tablespace.dat.C,v'.
     Trying pattern rule with stem `pg_tablespace.dat.C'.
     Trying implicit prerequisite `RCS/pg_tablespace.dat.C,v'.
     Trying pattern rule with stem `pg_tablespace.dat.C'.
     Trying implicit prerequisite `RCS/pg_tablespace.dat.C'.
     Trying pattern rule with stem `pg_tablespace.dat.C'.
     Trying implicit prerequisite `s.pg_tablespace.dat.C'.
     Trying pattern rule with stem `pg_tablespace.dat.C'.
     Trying implicit prerequisite `SCCS/s.pg_tablespace.dat.C'.
    Trying pattern rule with stem `pg_tablespace.dat'.
    Trying implicit prerequisite `pg_tablespace.dat.cpp'.
    Looking for a rule with intermediate file `pg_tablespace.dat.cpp'.
     Avoiding implicit rule recursion.
     Avoiding implicit rule recursion.
     Trying pattern rule with stem `pg_tablespace.dat.cpp'.
     Trying implicit prerequisite `pg_tablespace.dat.cpp,v'.
     Trying pattern rule with stem `pg_tablespace.dat.cpp'.
     Trying implicit prerequisite `RCS/pg_tablespace.dat.cpp,v'.
     Trying pattern rule with stem `pg_tablespace.dat.cpp'.
     Trying implicit prerequisite `RCS/pg_tablespace.dat.cpp'.
     Trying pattern rule with stem `pg_tablespace.dat.cpp'.
     Trying implicit prerequisite `s.pg_tablespace.dat.cpp'.
     Trying pattern rule with stem `pg_tablespace.dat.cpp'.
     Trying implicit prerequisite `SCCS/s.pg_tablespace.dat.cpp'.
    Trying pattern rule with stem `pg_tablespace.dat'.
    Trying implicit prerequisite `pg_tablespace.dat.p'.
    Looking for a rule with intermediate file `pg_tablespace.dat.p'.
     Avoiding implicit rule recursion.
     Avoiding implicit rule recursion.
     Trying pattern rule with stem `pg_tablespace.dat'.
     Trying implicit prerequisite `pg_tablespace.dat.web'.
     Trying pattern rule with stem `pg_tablespace.dat.p'.
     Trying implicit prerequisite `pg_tablespace.dat.p,v'.
     Trying pattern rule with stem `pg_tablespace.dat.p'.
     Trying implicit prerequisite `RCS/pg_tablespace.dat.p,v'.
     Trying pattern rule with stem `pg_tablespace.dat.p'.
     Trying implicit prerequisite `RCS/pg_tablespace.dat.p'.
     Trying pattern rule with stem `pg_tablespace.dat.p'.
     Trying implicit prerequisite `s.pg_tablespace.dat.p'.
     Trying pattern rule with stem `pg_tablespace.dat.p'.
     Trying implicit prerequisite `SCCS/s.pg_tablespace.dat.p'.
     Trying pattern rule with stem `pg_tablespace.dat'.
     Trying implicit prerequisite `pg_tablespace.dat.web'.
     Looking for a rule with intermediate file `pg_tablespace.dat.web'.
      Avoiding implicit rule recursion.
      Avoiding implicit rule recursion.
      Avoiding implicit rule recursion.
      Trying pattern rule with stem `pg_tablespace.dat.web'.
      Trying implicit prerequisite `pg_tablespace.dat.web,v'.
      Trying pattern rule with stem `pg_tablespace.dat.web'.
      Trying implicit prerequisite `RCS/pg_tablespace.dat.web,v'.
      Trying pattern rule with stem `pg_tablespace.dat.web'.
      Trying implicit prerequisite `RCS/pg_tablespace.dat.web'.
      Trying pattern rule with stem `pg_tablespace.dat.web'.
      Trying implicit prerequisite `s.pg_tablespace.dat.web'.
      Trying pattern rule with stem `pg_tablespace.dat.web'.
      Trying implicit prerequisite `SCCS/s.pg_tablespace.dat.web'.
    Trying pattern rule with stem `pg_tablespace.dat'.
    Trying implicit prerequisite `pg_tablespace.dat.f'.
    Looking for a rule with intermediate file `pg_tablespace.dat.f'.
     Avoiding implicit rule recursion.
     Avoiding implicit rule recursion.
     Trying pattern rule with stem `pg_tablespace.dat'.
     Trying implicit prerequisite `pg_tablespace.dat.F'.
     Trying pattern rule with stem `pg_tablespace.dat'.
     Trying implicit prerequisite `pg_tablespace.dat.r'.
     Trying pattern rule with stem `pg_tablespace.dat.f'.
     Trying implicit prerequisite `pg_tablespace.dat.f,v'.
     Trying pattern rule with stem `pg_tablespace.dat.f'.
     Trying implicit prerequisite `RCS/pg_tablespace.dat.f,v'.
     Trying pattern rule with stem `pg_tablespace.dat.f'.
     Trying implicit prerequisite `RCS/pg_tablespace.dat.f'.
     Trying pattern rule with stem `pg_tablespace.dat.f'.
     Trying implicit prerequisite `s.pg_tablespace.dat.f'.
     Trying pattern rule with stem `pg_tablespace.dat.f'.
     Trying implicit prerequisite `SCCS/s.pg_tablespace.dat.f'.
     Trying pattern rule with stem `pg_tablespace.dat'.
     Trying implicit prerequisite `pg_tablespace.dat.F'.
     Looking for a rule with intermediate file `pg_tablespace.dat.F'.
      Avoiding implicit rule recursion.
      Avoiding implicit rule recursion.
      Avoiding implicit rule recursion.
      Trying pattern rule with stem `pg_tablespace.dat.F'.
      Trying implicit prerequisite `pg_tablespace.dat.F,v'.
      Trying pattern rule with stem `pg_tablespace.dat.F'.
      Trying implicit prerequisite `RCS/pg_tablespace.dat.F,v'.
      Trying pattern rule with stem `pg_tablespace.dat.F'.
      Trying implicit prerequisite `RCS/pg_tablespace.dat.F'.
      Trying pattern rule with stem `pg_tablespace.dat.F'.
      Trying implicit prerequisite `s.pg_tablespace.dat.F'.
      Trying pattern rule with stem `pg_tablespace.dat.F'.
      Trying implicit prerequisite `SCCS/s.pg_tablespace.dat.F'.
     Trying pattern rule with stem `pg_tablespace.dat'.
     Trying implicit prerequisite `pg_tablespace.dat.r'.
     Looking for a rule with intermediate file `pg_tablespace.dat.r'.
      Avoiding implicit rule recursion.
      Avoiding implicit rule recursion.
      Avoiding implicit rule recursion.
      Trying pattern rule with stem `pg_tablespace.dat'.
      Rejecting impossible implicit prerequisite `pg_tablespace.dat.l'.
      Trying pattern rule with stem `pg_tablespace.dat.r'.
      Trying implicit prerequisite `pg_tablespace.dat.r,v'.
      Trying pattern rule with stem `pg_tablespace.dat.r'.
      Trying implicit prerequisite `RCS/pg_tablespace.dat.r,v'.
      Trying pattern rule with stem `pg_tablespace.dat.r'.
      Trying implicit prerequisite `RCS/pg_tablespace.dat.r'.
      Trying pattern rule with stem `pg_tablespace.dat.r'.
      Trying implicit prerequisite `s.pg_tablespace.dat.r'.
      Trying pattern rule with stem `pg_tablespace.dat.r'.
      Trying implicit prerequisite `SCCS/s.pg_tablespace.dat.r'.
    Trying pattern rule with stem `pg_tablespace.dat'.
    Rejecting impossible implicit prerequisite `pg_tablespace.dat.F'.
    Trying pattern rule with stem `pg_tablespace.dat'.
    Trying implicit prerequisite `pg_tablespace.dat.m'.
    Looking for a rule with intermediate file `pg_tablespace.dat.m'.
     Avoiding implicit rule recursion.
     Avoiding implicit rule recursion.
     Trying pattern rule with stem `pg_tablespace.dat'.
     Trying implicit prerequisite `pg_tablespace.dat.ym'.
     Trying pattern rule with stem `pg_tablespace.dat'.
     Trying implicit prerequisite `pg_tablespace.dat.lm'.
     Trying pattern rule with stem `pg_tablespace.dat.m'.
     Trying implicit prerequisite `pg_tablespace.dat.m,v'.
     Trying pattern rule with stem `pg_tablespace.dat.m'.
     Trying implicit prerequisite `RCS/pg_tablespace.dat.m,v'.
     Trying pattern rule with stem `pg_tablespace.dat.m'.
     Trying implicit prerequisite `RCS/pg_tablespace.dat.m'.
     Trying pattern rule with stem `pg_tablespace.dat.m'.
     Trying implicit prerequisite `s.pg_tablespace.dat.m'.
     Trying pattern rule with stem `pg_tablespace.dat.m'.
     Trying implicit prerequisite `SCCS/s.pg_tablespace.dat.m'.
     Trying pattern rule with stem `pg_tablespace.dat'.
     Trying implicit prerequisite `pg_tablespace.dat.ym'.
     Looking for a rule with intermediate file `pg_tablespace.dat.ym'.
      Avoiding implicit rule recursion.
      Avoiding implicit rule recursion.
      Avoiding implicit rule recursion.
      Trying pattern rule with stem `pg_tablespace.dat.ym'.
      Trying implicit prerequisite `pg_tablespace.dat.ym,v'.
      Trying pattern rule with stem `pg_tablespace.dat.ym'.
      Trying implicit prerequisite `RCS/pg_tablespace.dat.ym,v'.
      Trying pattern rule with stem `pg_tablespace.dat.ym'.
      Trying implicit prerequisite `RCS/pg_tablespace.dat.ym'.
      Trying pattern rule with stem `pg_tablespace.dat.ym'.
      Trying implicit prerequisite `s.pg_tablespace.dat.ym'.
      Trying pattern rule with stem `pg_tablespace.dat.ym'.
      Trying implicit prerequisite `SCCS/s.pg_tablespace.dat.ym'.
     Trying pattern rule with stem `pg_tablespace.dat'.
     Trying implicit prerequisite `pg_tablespace.dat.lm'.
     Looking for a rule with intermediate file `pg_tablespace.dat.lm'.
      Avoiding implicit rule recursion.
      Avoiding implicit rule recursion.
      Avoiding implicit rule recursion.
      Trying pattern rule with stem `pg_tablespace.dat.lm'.
      Trying implicit prerequisite `pg_tablespace.dat.lm,v'.
      Trying pattern rule with stem `pg_tablespace.dat.lm'.
      Trying implicit prerequisite `RCS/pg_tablespace.dat.lm,v'.
      Trying pattern rule with stem `pg_tablespace.dat.lm'.
      Trying implicit prerequisite `RCS/pg_tablespace.dat.lm'.
      Trying pattern rule with stem `pg_tablespace.dat.lm'.
      Trying implicit prerequisite `s.pg_tablespace.dat.lm'.
      Trying pattern rule with stem `pg_tablespace.dat.lm'.
      Trying implicit prerequisite `SCCS/s.pg_tablespace.dat.lm'.
    Trying pattern rule with stem `pg_tablespace.dat'.
    Rejecting impossible implicit prerequisite `pg_tablespace.dat.r'.
    Trying pattern rule with stem `pg_tablespace.dat'.
    Trying implicit prerequisite `pg_tablespace.dat.s'.
    Looking for a rule with intermediate file `pg_tablespace.dat.s'.
     Avoiding implicit rule recursion.
     Avoiding implicit rule recursion.
     Trying pattern rule with stem `pg_tablespace.dat'.
     Trying implicit prerequisite `pg_tablespace.dat.S'.
     Trying pattern rule with stem `pg_tablespace.dat.s'.
     Trying implicit prerequisite `pg_tablespace.dat.s,v'.
     Trying pattern rule with stem `pg_tablespace.dat.s'.
     Trying implicit prerequisite `RCS/pg_tablespace.dat.s,v'.
     Trying pattern rule with stem `pg_tablespace.dat.s'.
     Trying implicit prerequisite `RCS/pg_tablespace.dat.s'.
     Trying pattern rule with stem `pg_tablespace.dat.s'.
     Trying implicit prerequisite `s.pg_tablespace.dat.s'.
     Trying pattern rule with stem `pg_tablespace.dat.s'.
     Trying implicit prerequisite `SCCS/s.pg_tablespace.dat.s'.
     Trying pattern rule with stem `pg_tablespace.dat'.
     Trying implicit prerequisite `pg_tablespace.dat.S'.
     Looking for a rule with intermediate file `pg_tablespace.dat.S'.
      Avoiding implicit rule recursion.
      Avoiding implicit rule recursion.
      Avoiding implicit rule recursion.
      Trying pattern rule with stem `pg_tablespace.dat.S'.
      Trying implicit prerequisite `pg_tablespace.dat.S,v'.
      Trying pattern rule with stem `pg_tablespace.dat.S'.
      Trying implicit prerequisite `RCS/pg_tablespace.dat.S,v'.
      Trying pattern rule with stem `pg_tablespace.dat.S'.
      Trying implicit prerequisite `RCS/pg_tablespace.dat.S'.
      Trying pattern rule with stem `pg_tablespace.dat.S'.
      Trying implicit prerequisite `s.pg_tablespace.dat.S'.
      Trying pattern rule with stem `pg_tablespace.dat.S'.
      Trying implicit prerequisite `SCCS/s.pg_tablespace.dat.S'.
    Trying pattern rule with stem `pg_tablespace.dat'.
    Rejecting impossible implicit prerequisite `pg_tablespace.dat.S'.
    Trying pattern rule with stem `pg_tablespace.dat'.
    Trying implicit prerequisite `pg_tablespace.dat.mod'.
    Looking for a rule with intermediate file `pg_tablespace.dat.mod'.
     Avoiding implicit rule recursion.
     Avoiding implicit rule recursion.
     Trying pattern rule with stem `pg_tablespace.dat.mod'.
     Trying implicit prerequisite `pg_tablespace.dat.mod,v'.
     Trying pattern rule with stem `pg_tablespace.dat.mod'.
     Trying implicit prerequisite `RCS/pg_tablespace.dat.mod,v'.
     Trying pattern rule with stem `pg_tablespace.dat.mod'.
     Trying implicit prerequisite `RCS/pg_tablespace.dat.mod'.
     Trying pattern rule with stem `pg_tablespace.dat.mod'.
     Trying implicit prerequisite `s.pg_tablespace.dat.mod'.
     Trying pattern rule with stem `pg_tablespace.dat.mod'.
     Trying implicit prerequisite `SCCS/s.pg_tablespace.dat.mod'.
   Trying pattern rule with stem `pg_tablespace.dat'.
   Rejecting impossible implicit prerequisite `pg_tablespace.dat.cc'.
   Trying pattern rule with stem `pg_tablespace.dat'.
   Rejecting impossible implicit prerequisite `pg_tablespace.dat.C'.
   Trying pattern rule with stem `pg_tablespace.dat'.
   Rejecting impossible implicit prerequisite `pg_tablespace.dat.cpp'.
   Trying pattern rule with stem `pg_tablespace.dat'.
   Rejecting impossible implicit prerequisite `pg_tablespace.dat.p'.
   Trying pattern rule with stem `pg_tablespace.dat'.
   Rejecting impossible implicit prerequisite `pg_tablespace.dat.f'.
   Trying pattern rule with stem `pg_tablespace.dat'.
   Rejecting impossible implicit prerequisite `pg_tablespace.dat.F'.
   Trying pattern rule with stem `pg_tablespace.dat'.
   Rejecting impossible implicit prerequisite `pg_tablespace.dat.m'.
   Trying pattern rule with stem `pg_tablespace.dat'.
   Rejecting impossible implicit prerequisite `pg_tablespace.dat.r'.
   Trying pattern rule with stem `pg_tablespace.dat'.
   Rejecting impossible implicit prerequisite `pg_tablespace.dat.s'.
   Trying pattern rule with stem `pg_tablespace.dat'.
   Rejecting impossible implicit prerequisite `pg_tablespace.dat.S'.
   Trying pattern rule with stem `pg_tablespace.dat'.
   Rejecting impossible implicit prerequisite `pg_tablespace.dat.mod'.
   Trying pattern rule with stem `pg_tablespace.dat'.
   Trying implicit prerequisite `pg_tablespace.dat.sh'.
   Looking for a rule with intermediate file `pg_tablespace.dat.sh'.
    Avoiding implicit rule recursion.
    Trying pattern rule with stem `pg_tablespace.dat.sh'.
    Trying implicit prerequisite `pg_tablespace.dat.sh,v'.
    Trying pattern rule with stem `pg_tablespace.dat.sh'.
    Trying implicit prerequisite `RCS/pg_tablespace.dat.sh,v'.
    Trying pattern rule with stem `pg_tablespace.dat.sh'.
    Trying implicit prerequisite `RCS/pg_tablespace.dat.sh'.
    Trying pattern rule with stem `pg_tablespace.dat.sh'.
    Trying implicit prerequisite `s.pg_tablespace.dat.sh'.
    Trying pattern rule with stem `pg_tablespace.dat.sh'.
    Trying implicit prerequisite `SCCS/s.pg_tablespace.dat.sh'.
   No implicit rule found for `pg_tablespace.dat'.
   Looking for an implicit rule for `pg_ts_config.dat'.
   Trying pattern rule with stem `pg_ts_config.dat'.
   Trying implicit prerequisite `pg_ts_config.dat.o'.
   Trying pattern rule with stem `pg_ts_config.dat'.
   Trying implicit prerequisite `pg_ts_config.dat.cc'.
   Trying pattern rule with stem `pg_ts_config.dat'.
   Trying implicit prerequisite `pg_ts_config.dat.C'.
   Trying pattern rule with stem `pg_ts_config.dat'.
   Trying implicit prerequisite `pg_ts_config.dat.cpp'.
   Trying pattern rule with stem `pg_ts_config.dat'.
   Trying implicit prerequisite `pg_ts_config.dat.p'.
   Trying pattern rule with stem `pg_ts_config.dat'.
   Trying implicit prerequisite `pg_ts_config.dat.f'.
   Trying pattern rule with stem `pg_ts_config.dat'.
   Trying implicit prerequisite `pg_ts_config.dat.F'.
   Trying pattern rule with stem `pg_ts_config.dat'.
   Trying implicit prerequisite `pg_ts_config.dat.m'.
   Trying pattern rule with stem `pg_ts_config.dat'.
   Trying implicit prerequisite `pg_ts_config.dat.r'.
   Trying pattern rule with stem `pg_ts_config.dat'.
   Trying implicit prerequisite `pg_ts_config.dat.s'.
   Trying pattern rule with stem `pg_ts_config.dat'.
   Trying implicit prerequisite `pg_ts_config.dat.S'.
   Trying pattern rule with stem `pg_ts_config.dat'.
   Trying implicit prerequisite `pg_ts_config.dat.mod'.
   Trying pattern rule with stem `pg_ts_config.dat'.
   Trying implicit prerequisite `pg_ts_config.dat.sh'.
   Trying pattern rule with stem `pg_ts_config.dat'.
   Trying implicit prerequisite `pg_ts_config.dat,v'.
   Trying pattern rule with stem `pg_ts_config.dat'.
   Trying implicit prerequisite `RCS/pg_ts_config.dat,v'.
   Trying pattern rule with stem `pg_ts_config.dat'.
   Trying implicit prerequisite `RCS/pg_ts_config.dat'.
   Trying pattern rule with stem `pg_ts_config.dat'.
   Trying implicit prerequisite `s.pg_ts_config.dat'.
   Trying pattern rule with stem `pg_ts_config.dat'.
   Trying implicit prerequisite `SCCS/s.pg_ts_config.dat'.
   Trying pattern rule with stem `pg_ts_config.dat'.
   Trying implicit prerequisite `pg_ts_config.dat.o'.
   Looking for a rule with intermediate file `pg_ts_config.dat.o'.
    Avoiding implicit rule recursion.
    Trying pattern rule with stem `pg_ts_config.dat'.
    Trying implicit prerequisite `pg_ts_config.dat.c'.
    Trying pattern rule with stem `pg_ts_config.dat'.
    Trying implicit prerequisite `pg_ts_config.dat.cc'.
    Trying pattern rule with stem `pg_ts_config.dat'.
    Trying implicit prerequisite `pg_ts_config.dat.C'.
    Trying pattern rule with stem `pg_ts_config.dat'.
    Trying implicit prerequisite `pg_ts_config.dat.cpp'.
    Trying pattern rule with stem `pg_ts_config.dat'.
    Trying implicit prerequisite `pg_ts_config.dat.p'.
    Trying pattern rule with stem `pg_ts_config.dat'.
    Trying implicit prerequisite `pg_ts_config.dat.f'.
    Trying pattern rule with stem `pg_ts_config.dat'.
    Trying implicit prerequisite `pg_ts_config.dat.F'.
    Trying pattern rule with stem `pg_ts_config.dat'.
    Trying implicit prerequisite `pg_ts_config.dat.m'.
    Trying pattern rule with stem `pg_ts_config.dat'.
    Trying implicit prerequisite `pg_ts_config.dat.r'.
    Trying pattern rule with stem `pg_ts_config.dat'.
    Trying implicit prerequisite `pg_ts_config.dat.s'.
    Trying pattern rule with stem `pg_ts_config.dat'.
    Trying implicit prerequisite `pg_ts_config.dat.S'.
    Trying pattern rule with stem `pg_ts_config.dat'.
    Trying implicit prerequisite `pg_ts_config.dat.mod'.
    Trying pattern rule with stem `pg_ts_config.dat.o'.
    Trying implicit prerequisite `pg_ts_config.dat.o,v'.
    Trying pattern rule with stem `pg_ts_config.dat.o'.
    Trying implicit prerequisite `RCS/pg_ts_config.dat.o,v'.
    Trying pattern rule with stem `pg_ts_config.dat.o'.
    Trying implicit prerequisite `RCS/pg_ts_config.dat.o'.
    Trying pattern rule with stem `pg_ts_config.dat.o'.
    Trying implicit prerequisite `s.pg_ts_config.dat.o'.
    Trying pattern rule with stem `pg_ts_config.dat.o'.
    Trying implicit prerequisite `SCCS/s.pg_ts_config.dat.o'.
    Trying pattern rule with stem `pg_ts_config.dat'.
    Trying implicit prerequisite `pg_ts_config.dat.c'.
    Looking for a rule with intermediate file `pg_ts_config.dat.c'.
     Avoiding implicit rule recursion.
     Avoiding implicit rule recursion.
     Trying pattern rule with stem `pg_ts_config.dat'.
     Trying implicit prerequisite `pg_ts_config.dat.l'.
     Trying pattern rule with stem `pg_ts_config.dat'.
     Trying implicit prerequisite `pg_ts_config.dat.y'.
     Trying pattern rule with stem `pg_ts_config.dat'.
     Trying implicit prerequisite `pg_ts_config.dat.w'.
     Trying pattern rule with stem `pg_ts_config.dat'.
     Trying implicit prerequisite `pg_ts_config.dat.w'.
     Trying pattern rule with stem `pg_ts_config.dat.c'.
     Trying implicit prerequisite `pg_ts_config.dat.c,v'.
     Trying pattern rule with stem `pg_ts_config.dat.c'.
     Trying implicit prerequisite `RCS/pg_ts_config.dat.c,v'.
     Trying pattern rule with stem `pg_ts_config.dat.c'.
     Trying implicit prerequisite `RCS/pg_ts_config.dat.c'.
     Trying pattern rule with stem `pg_ts_config.dat.c'.
     Trying implicit prerequisite `s.pg_ts_config.dat.c'.
     Trying pattern rule with stem `pg_ts_config.dat.c'.
     Trying implicit prerequisite `SCCS/s.pg_ts_config.dat.c'.
     Trying pattern rule with stem `pg_ts_config.dat'.
     Trying implicit prerequisite `pg_ts_config.dat.l'.
     Looking for a rule with intermediate file `pg_ts_config.dat.l'.
      Avoiding implicit rule recursion.
      Avoiding implicit rule recursion.
      Avoiding implicit rule recursion.
      Trying pattern rule with stem `pg_ts_config.dat.l'.
      Trying implicit prerequisite `pg_ts_config.dat.l,v'.
      Trying pattern rule with stem `pg_ts_config.dat.l'.
      Trying implicit prerequisite `RCS/pg_ts_config.dat.l,v'.
      Trying pattern rule with stem `pg_ts_config.dat.l'.
      Trying implicit prerequisite `RCS/pg_ts_config.dat.l'.
      Trying pattern rule with stem `pg_ts_config.dat.l'.
      Trying implicit prerequisite `s.pg_ts_config.dat.l'.
      Trying pattern rule with stem `pg_ts_config.dat.l'.
      Trying implicit prerequisite `SCCS/s.pg_ts_config.dat.l'.
     Trying pattern rule with stem `pg_ts_config.dat'.
     Trying implicit prerequisite `pg_ts_config.dat.y'.
     Looking for a rule with intermediate file `pg_ts_config.dat.y'.
      Avoiding implicit rule recursion.
      Avoiding implicit rule recursion.
      Avoiding implicit rule recursion.
      Trying pattern rule with stem `pg_ts_config.dat.y'.
      Trying implicit prerequisite `pg_ts_config.dat.y,v'.
      Trying pattern rule with stem `pg_ts_config.dat.y'.
      Trying implicit prerequisite `RCS/pg_ts_config.dat.y,v'.
      Trying pattern rule with stem `pg_ts_config.dat.y'.
      Trying implicit prerequisite `RCS/pg_ts_config.dat.y'.
      Trying pattern rule with stem `pg_ts_config.dat.y'.
      Trying implicit prerequisite `s.pg_ts_config.dat.y'.
      Trying pattern rule with stem `pg_ts_config.dat.y'.
      Trying implicit prerequisite `SCCS/s.pg_ts_config.dat.y'.
     Trying pattern rule with stem `pg_ts_config.dat'.
     Trying implicit prerequisite `pg_ts_config.dat.w'.
     Looking for a rule with intermediate file `pg_ts_config.dat.w'.
      Avoiding implicit rule recursion.
      Avoiding implicit rule recursion.
      Avoiding implicit rule recursion.
      Trying pattern rule with stem `pg_ts_config.dat.w'.
      Trying implicit prerequisite `pg_ts_config.dat.w,v'.
      Trying pattern rule with stem `pg_ts_config.dat.w'.
      Trying implicit prerequisite `RCS/pg_ts_config.dat.w,v'.
      Trying pattern rule with stem `pg_ts_config.dat.w'.
      Trying implicit prerequisite `RCS/pg_ts_config.dat.w'.
      Trying pattern rule with stem `pg_ts_config.dat.w'.
      Trying implicit prerequisite `s.pg_ts_config.dat.w'.
      Trying pattern rule with stem `pg_ts_config.dat.w'.
      Trying implicit prerequisite `SCCS/s.pg_ts_config.dat.w'.
     Trying pattern rule with stem `pg_ts_config.dat'.
     Rejecting impossible implicit prerequisite `pg_ts_config.dat.w'.
    Trying pattern rule with stem `pg_ts_config.dat'.
    Trying implicit prerequisite `pg_ts_config.dat.cc'.
    Looking for a rule with intermediate file `pg_ts_config.dat.cc'.
     Avoiding implicit rule recursion.
     Avoiding implicit rule recursion.
     Trying pattern rule with stem `pg_ts_config.dat.cc'.
     Trying implicit prerequisite `pg_ts_config.dat.cc,v'.
     Trying pattern rule with stem `pg_ts_config.dat.cc'.
     Trying implicit prerequisite `RCS/pg_ts_config.dat.cc,v'.
     Trying pattern rule with stem `pg_ts_config.dat.cc'.
     Trying implicit prerequisite `RCS/pg_ts_config.dat.cc'.
     Trying pattern rule with stem `pg_ts_config.dat.cc'.
     Trying implicit prerequisite `s.pg_ts_config.dat.cc'.
     Trying pattern rule with stem `pg_ts_config.dat.cc'.
     Trying implicit prerequisite `SCCS/s.pg_ts_config.dat.cc'.
    Trying pattern rule with stem `pg_ts_config.dat'.
    Trying implicit prerequisite `pg_ts_config.dat.C'.
    Looking for a rule with intermediate file `pg_ts_config.dat.C'.
     Avoiding implicit rule recursion.
     Avoiding implicit rule recursion.
     Trying pattern rule with stem `pg_ts_config.dat.C'.
     Trying implicit prerequisite `pg_ts_config.dat.C,v'.
     Trying pattern rule with stem `pg_ts_config.dat.C'.
     Trying implicit prerequisite `RCS/pg_ts_config.dat.C,v'.
     Trying pattern rule with stem `pg_ts_config.dat.C'.
     Trying implicit prerequisite `RCS/pg_ts_config.dat.C'.
     Trying pattern rule with stem `pg_ts_config.dat.C'.
     Trying implicit prerequisite `s.pg_ts_config.dat.C'.
     Trying pattern rule with stem `pg_ts_config.dat.C'.
     Trying implicit prerequisite `SCCS/s.pg_ts_config.dat.C'.
    Trying pattern rule with stem `pg_ts_config.dat'.
    Trying implicit prerequisite `pg_ts_config.dat.cpp'.
    Looking for a rule with intermediate file `pg_ts_config.dat.cpp'.
     Avoiding implicit rule recursion.
     Avoiding implicit rule recursion.
     Trying pattern rule with stem `pg_ts_config.dat.cpp'.
     Trying implicit prerequisite `pg_ts_config.dat.cpp,v'.
     Trying pattern rule with stem `pg_ts_config.dat.cpp'.
     Trying implicit prerequisite `RCS/pg_ts_config.dat.cpp,v'.
     Trying pattern rule with stem `pg_ts_config.dat.cpp'.
     Trying implicit prerequisite `RCS/pg_ts_config.dat.cpp'.
     Trying pattern rule with stem `pg_ts_config.dat.cpp'.
     Trying implicit prerequisite `s.pg_ts_config.dat.cpp'.
     Trying pattern rule with stem `pg_ts_config.dat.cpp'.
     Trying implicit prerequisite `SCCS/s.pg_ts_config.dat.cpp'.
    Trying pattern rule with stem `pg_ts_config.dat'.
    Trying implicit prerequisite `pg_ts_config.dat.p'.
    Looking for a rule with intermediate file `pg_ts_config.dat.p'.
     Avoiding implicit rule recursion.
     Avoiding implicit rule recursion.
     Trying pattern rule with stem `pg_ts_config.dat'.
     Trying implicit prerequisite `pg_ts_config.dat.web'.
     Trying pattern rule with stem `pg_ts_config.dat.p'.
     Trying implicit prerequisite `pg_ts_config.dat.p,v'.
     Trying pattern rule with stem `pg_ts_config.dat.p'.
     Trying implicit prerequisite `RCS/pg_ts_config.dat.p,v'.
     Trying pattern rule with stem `pg_ts_config.dat.p'.
     Trying implicit prerequisite `RCS/pg_ts_config.dat.p'.
     Trying pattern rule with stem `pg_ts_config.dat.p'.
     Trying implicit prerequisite `s.pg_ts_config.dat.p'.
     Trying pattern rule with stem `pg_ts_config.dat.p'.
     Trying implicit prerequisite `SCCS/s.pg_ts_config.dat.p'.
     Trying pattern rule with stem `pg_ts_config.dat'.
     Trying implicit prerequisite `pg_ts_config.dat.web'.
     Looking for a rule with intermediate file `pg_ts_config.dat.web'.
      Avoiding implicit rule recursion.
      Avoiding implicit rule recursion.
      Avoiding implicit rule recursion.
      Trying pattern rule with stem `pg_ts_config.dat.web'.
      Trying implicit prerequisite `pg_ts_config.dat.web,v'.
      Trying pattern rule with stem `pg_ts_config.dat.web'.
      Trying implicit prerequisite `RCS/pg_ts_config.dat.web,v'.
      Trying pattern rule with stem `pg_ts_config.dat.web'.
      Trying implicit prerequisite `RCS/pg_ts_config.dat.web'.
      Trying pattern rule with stem `pg_ts_config.dat.web'.
      Trying implicit prerequisite `s.pg_ts_config.dat.web'.
      Trying pattern rule with stem `pg_ts_config.dat.web'.
      Trying implicit prerequisite `SCCS/s.pg_ts_config.dat.web'.
    Trying pattern rule with stem `pg_ts_config.dat'.
    Trying implicit prerequisite `pg_ts_config.dat.f'.
    Looking for a rule with intermediate file `pg_ts_config.dat.f'.
     Avoiding implicit rule recursion.
     Avoiding implicit rule recursion.
     Trying pattern rule with stem `pg_ts_config.dat'.
     Trying implicit prerequisite `pg_ts_config.dat.F'.
     Trying pattern rule with stem `pg_ts_config.dat'.
     Trying implicit prerequisite `pg_ts_config.dat.r'.
     Trying pattern rule with stem `pg_ts_config.dat.f'.
     Trying implicit prerequisite `pg_ts_config.dat.f,v'.
     Trying pattern rule with stem `pg_ts_config.dat.f'.
     Trying implicit prerequisite `RCS/pg_ts_config.dat.f,v'.
     Trying pattern rule with stem `pg_ts_config.dat.f'.
     Trying implicit prerequisite `RCS/pg_ts_config.dat.f'.
     Trying pattern rule with stem `pg_ts_config.dat.f'.
     Trying implicit prerequisite `s.pg_ts_config.dat.f'.
     Trying pattern rule with stem `pg_ts_config.dat.f'.
     Trying implicit prerequisite `SCCS/s.pg_ts_config.dat.f'.
     Trying pattern rule with stem `pg_ts_config.dat'.
     Trying implicit prerequisite `pg_ts_config.dat.F'.
     Looking for a rule with intermediate file `pg_ts_config.dat.F'.
      Avoiding implicit rule recursion.
      Avoiding implicit rule recursion.
      Avoiding implicit rule recursion.
      Trying pattern rule with stem `pg_ts_config.dat.F'.
      Trying implicit prerequisite `pg_ts_config.dat.F,v'.
      Trying pattern rule with stem `pg_ts_config.dat.F'.
      Trying implicit prerequisite `RCS/pg_ts_config.dat.F,v'.
      Trying pattern rule with stem `pg_ts_config.dat.F'.
      Trying implicit prerequisite `RCS/pg_ts_config.dat.F'.
      Trying pattern rule with stem `pg_ts_config.dat.F'.
      Trying implicit prerequisite `s.pg_ts_config.dat.F'.
      Trying pattern rule with stem `pg_ts_config.dat.F'.
      Trying implicit prerequisite `SCCS/s.pg_ts_config.dat.F'.
     Trying pattern rule with stem `pg_ts_config.dat'.
     Trying implicit prerequisite `pg_ts_config.dat.r'.
     Looking for a rule with intermediate file `pg_ts_config.dat.r'.
      Avoiding implicit rule recursion.
      Avoiding implicit rule recursion.
      Avoiding implicit rule recursion.
      Trying pattern rule with stem `pg_ts_config.dat'.
      Rejecting impossible implicit prerequisite `pg_ts_config.dat.l'.
      Trying pattern rule with stem `pg_ts_config.dat.r'.
      Trying implicit prerequisite `pg_ts_config.dat.r,v'.
      Trying pattern rule with stem `pg_ts_config.dat.r'.
      Trying implicit prerequisite `RCS/pg_ts_config.dat.r,v'.
      Trying pattern rule with stem `pg_ts_config.dat.r'.
      Trying implicit prerequisite `RCS/pg_ts_config.dat.r'.
      Trying pattern rule with stem `pg_ts_config.dat.r'.
      Trying implicit prerequisite `s.pg_ts_config.dat.r'.
      Trying pattern rule with stem `pg_ts_config.dat.r'.
      Trying implicit prerequisite `SCCS/s.pg_ts_config.dat.r'.
    Trying pattern rule with stem `pg_ts_config.dat'.
    Rejecting impossible implicit prerequisite `pg_ts_config.dat.F'.
    Trying pattern rule with stem `pg_ts_config.dat'.
    Trying implicit prerequisite `pg_ts_config.dat.m'.
    Looking for a rule with intermediate file `pg_ts_config.dat.m'.
     Avoiding implicit rule recursion.
     Avoiding implicit rule recursion.
     Trying pattern rule with stem `pg_ts_config.dat'.
     Trying implicit prerequisite `pg_ts_config.dat.ym'.
     Trying pattern rule with stem `pg_ts_config.dat'.
     Trying implicit prerequisite `pg_ts_config.dat.lm'.
     Trying pattern rule with stem `pg_ts_config.dat.m'.
     Trying implicit prerequisite `pg_ts_config.dat.m,v'.
     Trying pattern rule with stem `pg_ts_config.dat.m'.
     Trying implicit prerequisite `RCS/pg_ts_config.dat.m,v'.
     Trying pattern rule with stem `pg_ts_config.dat.m'.
     Trying implicit prerequisite `RCS/pg_ts_config.dat.m'.
     Trying pattern rule with stem `pg_ts_config.dat.m'.
     Trying implicit prerequisite `s.pg_ts_config.dat.m'.
     Trying pattern rule with stem `pg_ts_config.dat.m'.
     Trying implicit prerequisite `SCCS/s.pg_ts_config.dat.m'.
     Trying pattern rule with stem `pg_ts_config.dat'.
     Trying implicit prerequisite `pg_ts_config.dat.ym'.
     Looking for a rule with intermediate file `pg_ts_config.dat.ym'.
      Avoiding implicit rule recursion.
      Avoiding implicit rule recursion.
      Avoiding implicit rule recursion.
      Trying pattern rule with stem `pg_ts_config.dat.ym'.
      Trying implicit prerequisite `pg_ts_config.dat.ym,v'.
      Trying pattern rule with stem `pg_ts_config.dat.ym'.
      Trying implicit prerequisite `RCS/pg_ts_config.dat.ym,v'.
      Trying pattern rule with stem `pg_ts_config.dat.ym'.
      Trying implicit prerequisite `RCS/pg_ts_config.dat.ym'.
      Trying pattern rule with stem `pg_ts_config.dat.ym'.
      Trying implicit prerequisite `s.pg_ts_config.dat.ym'.
      Trying pattern rule with stem `pg_ts_config.dat.ym'.
      Trying implicit prerequisite `SCCS/s.pg_ts_config.dat.ym'.
     Trying pattern rule with stem `pg_ts_config.dat'.
     Trying implicit prerequisite `pg_ts_config.dat.lm'.
     Looking for a rule with intermediate file `pg_ts_config.dat.lm'.
      Avoiding implicit rule recursion.
      Avoiding implicit rule recursion.
      Avoiding implicit rule recursion.
      Trying pattern rule with stem `pg_ts_config.dat.lm'.
      Trying implicit prerequisite `pg_ts_config.dat.lm,v'.
      Trying pattern rule with stem `pg_ts_config.dat.lm'.
      Trying implicit prerequisite `RCS/pg_ts_config.dat.lm,v'.
      Trying pattern rule with stem `pg_ts_config.dat.lm'.
      Trying implicit prerequisite `RCS/pg_ts_config.dat.lm'.
      Trying pattern rule with stem `pg_ts_config.dat.lm'.
      Trying implicit prerequisite `s.pg_ts_config.dat.lm'.
      Trying pattern rule with stem `pg_ts_config.dat.lm'.
      Trying implicit prerequisite `SCCS/s.pg_ts_config.dat.lm'.
    Trying pattern rule with stem `pg_ts_config.dat'.
    Rejecting impossible implicit prerequisite `pg_ts_config.dat.r'.
    Trying pattern rule with stem `pg_ts_config.dat'.
    Trying implicit prerequisite `pg_ts_config.dat.s'.
    Looking for a rule with intermediate file `pg_ts_config.dat.s'.
     Avoiding implicit rule recursion.
     Avoiding implicit rule recursion.
     Trying pattern rule with stem `pg_ts_config.dat'.
     Trying implicit prerequisite `pg_ts_config.dat.S'.
     Trying pattern rule with stem `pg_ts_config.dat.s'.
     Trying implicit prerequisite `pg_ts_config.dat.s,v'.
     Trying pattern rule with stem `pg_ts_config.dat.s'.
     Trying implicit prerequisite `RCS/pg_ts_config.dat.s,v'.
     Trying pattern rule with stem `pg_ts_config.dat.s'.
     Trying implicit prerequisite `RCS/pg_ts_config.dat.s'.
     Trying pattern rule with stem `pg_ts_config.dat.s'.
     Trying implicit prerequisite `s.pg_ts_config.dat.s'.
     Trying pattern rule with stem `pg_ts_config.dat.s'.
     Trying implicit prerequisite `SCCS/s.pg_ts_config.dat.s'.
     Trying pattern rule with stem `pg_ts_config.dat'.
     Trying implicit prerequisite `pg_ts_config.dat.S'.
     Looking for a rule with intermediate file `pg_ts_config.dat.S'.
      Avoiding implicit rule recursion.
      Avoiding implicit rule recursion.
      Avoiding implicit rule recursion.
      Trying pattern rule with stem `pg_ts_config.dat.S'.
      Trying implicit prerequisite `pg_ts_config.dat.S,v'.
      Trying pattern rule with stem `pg_ts_config.dat.S'.
      Trying implicit prerequisite `RCS/pg_ts_config.dat.S,v'.
      Trying pattern rule with stem `pg_ts_config.dat.S'.
      Trying implicit prerequisite `RCS/pg_ts_config.dat.S'.
      Trying pattern rule with stem `pg_ts_config.dat.S'.
      Trying implicit prerequisite `s.pg_ts_config.dat.S'.
      Trying pattern rule with stem `pg_ts_config.dat.S'.
      Trying implicit prerequisite `SCCS/s.pg_ts_config.dat.S'.
    Trying pattern rule with stem `pg_ts_config.dat'.
    Rejecting impossible implicit prerequisite `pg_ts_config.dat.S'.
    Trying pattern rule with stem `pg_ts_config.dat'.
    Trying implicit prerequisite `pg_ts_config.dat.mod'.
    Looking for a rule with intermediate file `pg_ts_config.dat.mod'.
     Avoiding implicit rule recursion.
     Avoiding implicit rule recursion.
     Trying pattern rule with stem `pg_ts_config.dat.mod'.
     Trying implicit prerequisite `pg_ts_config.dat.mod,v'.
     Trying pattern rule with stem `pg_ts_config.dat.mod'.
     Trying implicit prerequisite `RCS/pg_ts_config.dat.mod,v'.
     Trying pattern rule with stem `pg_ts_config.dat.mod'.
     Trying implicit prerequisite `RCS/pg_ts_config.dat.mod'.
     Trying pattern rule with stem `pg_ts_config.dat.mod'.
     Trying implicit prerequisite `s.pg_ts_config.dat.mod'.
     Trying pattern rule with stem `pg_ts_config.dat.mod'.
     Trying implicit prerequisite `SCCS/s.pg_ts_config.dat.mod'.
   Trying pattern rule with stem `pg_ts_config.dat'.
   Rejecting impossible implicit prerequisite `pg_ts_config.dat.cc'.
   Trying pattern rule with stem `pg_ts_config.dat'.
   Rejecting impossible implicit prerequisite `pg_ts_config.dat.C'.
   Trying pattern rule with stem `pg_ts_config.dat'.
   Rejecting impossible implicit prerequisite `pg_ts_config.dat.cpp'.
   Trying pattern rule with stem `pg_ts_config.dat'.
   Rejecting impossible implicit prerequisite `pg_ts_config.dat.p'.
   Trying pattern rule with stem `pg_ts_config.dat'.
   Rejecting impossible implicit prerequisite `pg_ts_config.dat.f'.
   Trying pattern rule with stem `pg_ts_config.dat'.
   Rejecting impossible implicit prerequisite `pg_ts_config.dat.F'.
   Trying pattern rule with stem `pg_ts_config.dat'.
   Rejecting impossible implicit prerequisite `pg_ts_config.dat.m'.
   Trying pattern rule with stem `pg_ts_config.dat'.
   Rejecting impossible implicit prerequisite `pg_ts_config.dat.r'.
   Trying pattern rule with stem `pg_ts_config.dat'.
   Rejecting impossible implicit prerequisite `pg_ts_config.dat.s'.
   Trying pattern rule with stem `pg_ts_config.dat'.
   Rejecting impossible implicit prerequisite `pg_ts_config.dat.S'.
   Trying pattern rule with stem `pg_ts_config.dat'.
   Rejecting impossible implicit prerequisite `pg_ts_config.dat.mod'.
   Trying pattern rule with stem `pg_ts_config.dat'.
   Trying implicit prerequisite `pg_ts_config.dat.sh'.
   Looking for a rule with intermediate file `pg_ts_config.dat.sh'.
    Avoiding implicit rule recursion.
    Trying pattern rule with stem `pg_ts_config.dat.sh'.
    Trying implicit prerequisite `pg_ts_config.dat.sh,v'.
    Trying pattern rule with stem `pg_ts_config.dat.sh'.
    Trying implicit prerequisite `RCS/pg_ts_config.dat.sh,v'.
    Trying pattern rule with stem `pg_ts_config.dat.sh'.
    Trying implicit prerequisite `RCS/pg_ts_config.dat.sh'.
    Trying pattern rule with stem `pg_ts_config.dat.sh'.
    Trying implicit prerequisite `s.pg_ts_config.dat.sh'.
    Trying pattern rule with stem `pg_ts_config.dat.sh'.
    Trying implicit prerequisite `SCCS/s.pg_ts_config.dat.sh'.
   No implicit rule found for `pg_ts_config.dat'.
   Looking for an implicit rule for `pg_ts_config_map.dat'.
   Trying pattern rule with stem `pg_ts_config_map.dat'.
   Trying implicit prerequisite `pg_ts_config_map.dat.o'.
   Trying pattern rule with stem `pg_ts_config_map.dat'.
   Trying implicit prerequisite `pg_ts_config_map.dat.cc'.
   Trying pattern rule with stem `pg_ts_config_map.dat'.
   Trying implicit prerequisite `pg_ts_config_map.dat.C'.
   Trying pattern rule with stem `pg_ts_config_map.dat'.
   Trying implicit prerequisite `pg_ts_config_map.dat.cpp'.
   Trying pattern rule with stem `pg_ts_config_map.dat'.
   Trying implicit prerequisite `pg_ts_config_map.dat.p'.
   Trying pattern rule with stem `pg_ts_config_map.dat'.
   Trying implicit prerequisite `pg_ts_config_map.dat.f'.
   Trying pattern rule with stem `pg_ts_config_map.dat'.
   Trying implicit prerequisite `pg_ts_config_map.dat.F'.
   Trying pattern rule with stem `pg_ts_config_map.dat'.
   Trying implicit prerequisite `pg_ts_config_map.dat.m'.
   Trying pattern rule with stem `pg_ts_config_map.dat'.
   Trying implicit prerequisite `pg_ts_config_map.dat.r'.
   Trying pattern rule with stem `pg_ts_config_map.dat'.
   Trying implicit prerequisite `pg_ts_config_map.dat.s'.
   Trying pattern rule with stem `pg_ts_config_map.dat'.
   Trying implicit prerequisite `pg_ts_config_map.dat.S'.
   Trying pattern rule with stem `pg_ts_config_map.dat'.
   Trying implicit prerequisite `pg_ts_config_map.dat.mod'.
   Trying pattern rule with stem `pg_ts_config_map.dat'.
   Trying implicit prerequisite `pg_ts_config_map.dat.sh'.
   Trying pattern rule with stem `pg_ts_config_map.dat'.
   Trying implicit prerequisite `pg_ts_config_map.dat,v'.
   Trying pattern rule with stem `pg_ts_config_map.dat'.
   Trying implicit prerequisite `RCS/pg_ts_config_map.dat,v'.
   Trying pattern rule with stem `pg_ts_config_map.dat'.
   Trying implicit prerequisite `RCS/pg_ts_config_map.dat'.
   Trying pattern rule with stem `pg_ts_config_map.dat'.
   Trying implicit prerequisite `s.pg_ts_config_map.dat'.
   Trying pattern rule with stem `pg_ts_config_map.dat'.
   Trying implicit prerequisite `SCCS/s.pg_ts_config_map.dat'.
   Trying pattern rule with stem `pg_ts_config_map.dat'.
   Trying implicit prerequisite `pg_ts_config_map.dat.o'.
   Looking for a rule with intermediate file `pg_ts_config_map.dat.o'.
    Avoiding implicit rule recursion.
    Trying pattern rule with stem `pg_ts_config_map.dat'.
    Trying implicit prerequisite `pg_ts_config_map.dat.c'.
    Trying pattern rule with stem `pg_ts_config_map.dat'.
    Trying implicit prerequisite `pg_ts_config_map.dat.cc'.
    Trying pattern rule with stem `pg_ts_config_map.dat'.
    Trying implicit prerequisite `pg_ts_config_map.dat.C'.
    Trying pattern rule with stem `pg_ts_config_map.dat'.
    Trying implicit prerequisite `pg_ts_config_map.dat.cpp'.
    Trying pattern rule with stem `pg_ts_config_map.dat'.
    Trying implicit prerequisite `pg_ts_config_map.dat.p'.
    Trying pattern rule with stem `pg_ts_config_map.dat'.
    Trying implicit prerequisite `pg_ts_config_map.dat.f'.
    Trying pattern rule with stem `pg_ts_config_map.dat'.
    Trying implicit prerequisite `pg_ts_config_map.dat.F'.
    Trying pattern rule with stem `pg_ts_config_map.dat'.
    Trying implicit prerequisite `pg_ts_config_map.dat.m'.
    Trying pattern rule with stem `pg_ts_config_map.dat'.
    Trying implicit prerequisite `pg_ts_config_map.dat.r'.
    Trying pattern rule with stem `pg_ts_config_map.dat'.
    Trying implicit prerequisite `pg_ts_config_map.dat.s'.
    Trying pattern rule with stem `pg_ts_config_map.dat'.
    Trying implicit prerequisite `pg_ts_config_map.dat.S'.
    Trying pattern rule with stem `pg_ts_config_map.dat'.
    Trying implicit prerequisite `pg_ts_config_map.dat.mod'.
    Trying pattern rule with stem `pg_ts_config_map.dat.o'.
    Trying implicit prerequisite `pg_ts_config_map.dat.o,v'.
    Trying pattern rule with stem `pg_ts_config_map.dat.o'.
    Trying implicit prerequisite `RCS/pg_ts_config_map.dat.o,v'.
    Trying pattern rule with stem `pg_ts_config_map.dat.o'.
    Trying implicit prerequisite `RCS/pg_ts_config_map.dat.o'.
    Trying pattern rule with stem `pg_ts_config_map.dat.o'.
    Trying implicit prerequisite `s.pg_ts_config_map.dat.o'.
    Trying pattern rule with stem `pg_ts_config_map.dat.o'.
    Trying implicit prerequisite `SCCS/s.pg_ts_config_map.dat.o'.
    Trying pattern rule with stem `pg_ts_config_map.dat'.
    Trying implicit prerequisite `pg_ts_config_map.dat.c'.
    Looking for a rule with intermediate file `pg_ts_config_map.dat.c'.
     Avoiding implicit rule recursion.
     Avoiding implicit rule recursion.
     Trying pattern rule with stem `pg_ts_config_map.dat'.
     Trying implicit prerequisite `pg_ts_config_map.dat.l'.
     Trying pattern rule with stem `pg_ts_config_map.dat'.
     Trying implicit prerequisite `pg_ts_config_map.dat.y'.
     Trying pattern rule with stem `pg_ts_config_map.dat'.
     Trying implicit prerequisite `pg_ts_config_map.dat.w'.
     Trying pattern rule with stem `pg_ts_config_map.dat'.
     Trying implicit prerequisite `pg_ts_config_map.dat.w'.
     Trying pattern rule with stem `pg_ts_config_map.dat.c'.
     Trying implicit prerequisite `pg_ts_config_map.dat.c,v'.
     Trying pattern rule with stem `pg_ts_config_map.dat.c'.
     Trying implicit prerequisite `RCS/pg_ts_config_map.dat.c,v'.
     Trying pattern rule with stem `pg_ts_config_map.dat.c'.
     Trying implicit prerequisite `RCS/pg_ts_config_map.dat.c'.
     Trying pattern rule with stem `pg_ts_config_map.dat.c'.
     Trying implicit prerequisite `s.pg_ts_config_map.dat.c'.
     Trying pattern rule with stem `pg_ts_config_map.dat.c'.
     Trying implicit prerequisite `SCCS/s.pg_ts_config_map.dat.c'.
     Trying pattern rule with stem `pg_ts_config_map.dat'.
     Trying implicit prerequisite `pg_ts_config_map.dat.l'.
     Looking for a rule with intermediate file `pg_ts_config_map.dat.l'.
      Avoiding implicit rule recursion.
      Avoiding implicit rule recursion.
      Avoiding implicit rule recursion.
      Trying pattern rule with stem `pg_ts_config_map.dat.l'.
      Trying implicit prerequisite `pg_ts_config_map.dat.l,v'.
      Trying pattern rule with stem `pg_ts_config_map.dat.l'.
      Trying implicit prerequisite `RCS/pg_ts_config_map.dat.l,v'.
      Trying pattern rule with stem `pg_ts_config_map.dat.l'.
      Trying implicit prerequisite `RCS/pg_ts_config_map.dat.l'.
      Trying pattern rule with stem `pg_ts_config_map.dat.l'.
      Trying implicit prerequisite `s.pg_ts_config_map.dat.l'.
      Trying pattern rule with stem `pg_ts_config_map.dat.l'.
      Trying implicit prerequisite `SCCS/s.pg_ts_config_map.dat.l'.
     Trying pattern rule with stem `pg_ts_config_map.dat'.
     Trying implicit prerequisite `pg_ts_config_map.dat.y'.
     Looking for a rule with intermediate file `pg_ts_config_map.dat.y'.
      Avoiding implicit rule recursion.
      Avoiding implicit rule recursion.
      Avoiding implicit rule recursion.
      Trying pattern rule with stem `pg_ts_config_map.dat.y'.
      Trying implicit prerequisite `pg_ts_config_map.dat.y,v'.
      Trying pattern rule with stem `pg_ts_config_map.dat.y'.
      Trying implicit prerequisite `RCS/pg_ts_config_map.dat.y,v'.
      Trying pattern rule with stem `pg_ts_config_map.dat.y'.
      Trying implicit prerequisite `RCS/pg_ts_config_map.dat.y'.
      Trying pattern rule with stem `pg_ts_config_map.dat.y'.
      Trying implicit prerequisite `s.pg_ts_config_map.dat.y'.
      Trying pattern rule with stem `pg_ts_config_map.dat.y'.
      Trying implicit prerequisite `SCCS/s.pg_ts_config_map.dat.y'.
     Trying pattern rule with stem `pg_ts_config_map.dat'.
     Trying implicit prerequisite `pg_ts_config_map.dat.w'.
     Looking for a rule with intermediate file `pg_ts_config_map.dat.w'.
      Avoiding implicit rule recursion.
      Avoiding implicit rule recursion.
      Avoiding implicit rule recursion.
      Trying pattern rule with stem `pg_ts_config_map.dat.w'.
      Trying implicit prerequisite `pg_ts_config_map.dat.w,v'.
      Trying pattern rule with stem `pg_ts_config_map.dat.w'.
      Trying implicit prerequisite `RCS/pg_ts_config_map.dat.w,v'.
      Trying pattern rule with stem `pg_ts_config_map.dat.w'.
      Trying implicit prerequisite `RCS/pg_ts_config_map.dat.w'.
      Trying pattern rule with stem `pg_ts_config_map.dat.w'.
      Trying implicit prerequisite `s.pg_ts_config_map.dat.w'.
      Trying pattern rule with stem `pg_ts_config_map.dat.w'.
      Trying implicit prerequisite `SCCS/s.pg_ts_config_map.dat.w'.
     Trying pattern rule with stem `pg_ts_config_map.dat'.
     Rejecting impossible implicit prerequisite `pg_ts_config_map.dat.w'.
    Trying pattern rule with stem `pg_ts_config_map.dat'.
    Trying implicit prerequisite `pg_ts_config_map.dat.cc'.
    Looking for a rule with intermediate file `pg_ts_config_map.dat.cc'.
     Avoiding implicit rule recursion.
     Avoiding implicit rule recursion.
     Trying pattern rule with stem `pg_ts_config_map.dat.cc'.
     Trying implicit prerequisite `pg_ts_config_map.dat.cc,v'.
     Trying pattern rule with stem `pg_ts_config_map.dat.cc'.
     Trying implicit prerequisite `RCS/pg_ts_config_map.dat.cc,v'.
     Trying pattern rule with stem `pg_ts_config_map.dat.cc'.
     Trying implicit prerequisite `RCS/pg_ts_config_map.dat.cc'.
     Trying pattern rule with stem `pg_ts_config_map.dat.cc'.
     Trying implicit prerequisite `s.pg_ts_config_map.dat.cc'.
     Trying pattern rule with stem `pg_ts_config_map.dat.cc'.
     Trying implicit prerequisite `SCCS/s.pg_ts_config_map.dat.cc'.
    Trying pattern rule with stem `pg_ts_config_map.dat'.
    Trying implicit prerequisite `pg_ts_config_map.dat.C'.
    Looking for a rule with intermediate file `pg_ts_config_map.dat.C'.
     Avoiding implicit rule recursion.
     Avoiding implicit rule recursion.
     Trying pattern rule with stem `pg_ts_config_map.dat.C'.
     Trying implicit prerequisite `pg_ts_config_map.dat.C,v'.
     Trying pattern rule with stem `pg_ts_config_map.dat.C'.
     Trying implicit prerequisite `RCS/pg_ts_config_map.dat.C,v'.
     Trying pattern rule with stem `pg_ts_config_map.dat.C'.
     Trying implicit prerequisite `RCS/pg_ts_config_map.dat.C'.
     Trying pattern rule with stem `pg_ts_config_map.dat.C'.
     Trying implicit prerequisite `s.pg_ts_config_map.dat.C'.
     Trying pattern rule with stem `pg_ts_config_map.dat.C'.
     Trying implicit prerequisite `SCCS/s.pg_ts_config_map.dat.C'.
    Trying pattern rule with stem `pg_ts_config_map.dat'.
    Trying implicit prerequisite `pg_ts_config_map.dat.cpp'.
    Looking for a rule with intermediate file `pg_ts_config_map.dat.cpp'.
     Avoiding implicit rule recursion.
     Avoiding implicit rule recursion.
     Trying pattern rule with stem `pg_ts_config_map.dat.cpp'.
     Trying implicit prerequisite `pg_ts_config_map.dat.cpp,v'.
     Trying pattern rule with stem `pg_ts_config_map.dat.cpp'.
     Trying implicit prerequisite `RCS/pg_ts_config_map.dat.cpp,v'.
     Trying pattern rule with stem `pg_ts_config_map.dat.cpp'.
     Trying implicit prerequisite `RCS/pg_ts_config_map.dat.cpp'.
     Trying pattern rule with stem `pg_ts_config_map.dat.cpp'.
     Trying implicit prerequisite `s.pg_ts_config_map.dat.cpp'.
     Trying pattern rule with stem `pg_ts_config_map.dat.cpp'.
     Trying implicit prerequisite `SCCS/s.pg_ts_config_map.dat.cpp'.
    Trying pattern rule with stem `pg_ts_config_map.dat'.
    Trying implicit prerequisite `pg_ts_config_map.dat.p'.
    Looking for a rule with intermediate file `pg_ts_config_map.dat.p'.
     Avoiding implicit rule recursion.
     Avoiding implicit rule recursion.
     Trying pattern rule with stem `pg_ts_config_map.dat'.
     Trying implicit prerequisite `pg_ts_config_map.dat.web'.
     Trying pattern rule with stem `pg_ts_config_map.dat.p'.
     Trying implicit prerequisite `pg_ts_config_map.dat.p,v'.
     Trying pattern rule with stem `pg_ts_config_map.dat.p'.
     Trying implicit prerequisite `RCS/pg_ts_config_map.dat.p,v'.
     Trying pattern rule with stem `pg_ts_config_map.dat.p'.
     Trying implicit prerequisite `RCS/pg_ts_config_map.dat.p'.
     Trying pattern rule with stem `pg_ts_config_map.dat.p'.
     Trying implicit prerequisite `s.pg_ts_config_map.dat.p'.
     Trying pattern rule with stem `pg_ts_config_map.dat.p'.
     Trying implicit prerequisite `SCCS/s.pg_ts_config_map.dat.p'.
     Trying pattern rule with stem `pg_ts_config_map.dat'.
     Trying implicit prerequisite `pg_ts_config_map.dat.web'.
     Looking for a rule with intermediate file `pg_ts_config_map.dat.web'.
      Avoiding implicit rule recursion.
      Avoiding implicit rule recursion.
      Avoiding implicit rule recursion.
      Trying pattern rule with stem `pg_ts_config_map.dat.web'.
      Trying implicit prerequisite `pg_ts_config_map.dat.web,v'.
      Trying pattern rule with stem `pg_ts_config_map.dat.web'.
      Trying implicit prerequisite `RCS/pg_ts_config_map.dat.web,v'.
      Trying pattern rule with stem `pg_ts_config_map.dat.web'.
      Trying implicit prerequisite `RCS/pg_ts_config_map.dat.web'.
      Trying pattern rule with stem `pg_ts_config_map.dat.web'.
      Trying implicit prerequisite `s.pg_ts_config_map.dat.web'.
      Trying pattern rule with stem `pg_ts_config_map.dat.web'.
      Trying implicit prerequisite `SCCS/s.pg_ts_config_map.dat.web'.
    Trying pattern rule with stem `pg_ts_config_map.dat'.
    Trying implicit prerequisite `pg_ts_config_map.dat.f'.
    Looking for a rule with intermediate file `pg_ts_config_map.dat.f'.
     Avoiding implicit rule recursion.
     Avoiding implicit rule recursion.
     Trying pattern rule with stem `pg_ts_config_map.dat'.
     Trying implicit prerequisite `pg_ts_config_map.dat.F'.
     Trying pattern rule with stem `pg_ts_config_map.dat'.
     Trying implicit prerequisite `pg_ts_config_map.dat.r'.
     Trying pattern rule with stem `pg_ts_config_map.dat.f'.
     Trying implicit prerequisite `pg_ts_config_map.dat.f,v'.
     Trying pattern rule with stem `pg_ts_config_map.dat.f'.
     Trying implicit prerequisite `RCS/pg_ts_config_map.dat.f,v'.
     Trying pattern rule with stem `pg_ts_config_map.dat.f'.
     Trying implicit prerequisite `RCS/pg_ts_config_map.dat.f'.
     Trying pattern rule with stem `pg_ts_config_map.dat.f'.
     Trying implicit prerequisite `s.pg_ts_config_map.dat.f'.
     Trying pattern rule with stem `pg_ts_config_map.dat.f'.
     Trying implicit prerequisite `SCCS/s.pg_ts_config_map.dat.f'.
     Trying pattern rule with stem `pg_ts_config_map.dat'.
     Trying implicit prerequisite `pg_ts_config_map.dat.F'.
     Looking for a rule with intermediate file `pg_ts_config_map.dat.F'.
      Avoiding implicit rule recursion.
      Avoiding implicit rule recursion.
      Avoiding implicit rule recursion.
      Trying pattern rule with stem `pg_ts_config_map.dat.F'.
      Trying implicit prerequisite `pg_ts_config_map.dat.F,v'.
      Trying pattern rule with stem `pg_ts_config_map.dat.F'.
      Trying implicit prerequisite `RCS/pg_ts_config_map.dat.F,v'.
      Trying pattern rule with stem `pg_ts_config_map.dat.F'.
      Trying implicit prerequisite `RCS/pg_ts_config_map.dat.F'.
      Trying pattern rule with stem `pg_ts_config_map.dat.F'.
      Trying implicit prerequisite `s.pg_ts_config_map.dat.F'.
      Trying pattern rule with stem `pg_ts_config_map.dat.F'.
      Trying implicit prerequisite `SCCS/s.pg_ts_config_map.dat.F'.
     Trying pattern rule with stem `pg_ts_config_map.dat'.
     Trying implicit prerequisite `pg_ts_config_map.dat.r'.
     Looking for a rule with intermediate file `pg_ts_config_map.dat.r'.
      Avoiding implicit rule recursion.
      Avoiding implicit rule recursion.
      Avoiding implicit rule recursion.
      Trying pattern rule with stem `pg_ts_config_map.dat'.
      Rejecting impossible implicit prerequisite `pg_ts_config_map.dat.l'.
      Trying pattern rule with stem `pg_ts_config_map.dat.r'.
      Trying implicit prerequisite `pg_ts_config_map.dat.r,v'.
      Trying pattern rule with stem `pg_ts_config_map.dat.r'.
      Trying implicit prerequisite `RCS/pg_ts_config_map.dat.r,v'.
      Trying pattern rule with stem `pg_ts_config_map.dat.r'.
      Trying implicit prerequisite `RCS/pg_ts_config_map.dat.r'.
      Trying pattern rule with stem `pg_ts_config_map.dat.r'.
      Trying implicit prerequisite `s.pg_ts_config_map.dat.r'.
      Trying pattern rule with stem `pg_ts_config_map.dat.r'.
      Trying implicit prerequisite `SCCS/s.pg_ts_config_map.dat.r'.
    Trying pattern rule with stem `pg_ts_config_map.dat'.
    Rejecting impossible implicit prerequisite `pg_ts_config_map.dat.F'.
    Trying pattern rule with stem `pg_ts_config_map.dat'.
    Trying implicit prerequisite `pg_ts_config_map.dat.m'.
    Looking for a rule with intermediate file `pg_ts_config_map.dat.m'.
     Avoiding implicit rule recursion.
     Avoiding implicit rule recursion.
     Trying pattern rule with stem `pg_ts_config_map.dat'.
     Trying implicit prerequisite `pg_ts_config_map.dat.ym'.
     Trying pattern rule with stem `pg_ts_config_map.dat'.
     Trying implicit prerequisite `pg_ts_config_map.dat.lm'.
     Trying pattern rule with stem `pg_ts_config_map.dat.m'.
     Trying implicit prerequisite `pg_ts_config_map.dat.m,v'.
     Trying pattern rule with stem `pg_ts_config_map.dat.m'.
     Trying implicit prerequisite `RCS/pg_ts_config_map.dat.m,v'.
     Trying pattern rule with stem `pg_ts_config_map.dat.m'.
     Trying implicit prerequisite `RCS/pg_ts_config_map.dat.m'.
     Trying pattern rule with stem `pg_ts_config_map.dat.m'.
     Trying implicit prerequisite `s.pg_ts_config_map.dat.m'.
     Trying pattern rule with stem `pg_ts_config_map.dat.m'.
     Trying implicit prerequisite `SCCS/s.pg_ts_config_map.dat.m'.
     Trying pattern rule with stem `pg_ts_config_map.dat'.
     Trying implicit prerequisite `pg_ts_config_map.dat.ym'.
     Looking for a rule with intermediate file `pg_ts_config_map.dat.ym'.
      Avoiding implicit rule recursion.
      Avoiding implicit rule recursion.
      Avoiding implicit rule recursion.
      Trying pattern rule with stem `pg_ts_config_map.dat.ym'.
      Trying implicit prerequisite `pg_ts_config_map.dat.ym,v'.
      Trying pattern rule with stem `pg_ts_config_map.dat.ym'.
      Trying implicit prerequisite `RCS/pg_ts_config_map.dat.ym,v'.
      Trying pattern rule with stem `pg_ts_config_map.dat.ym'.
      Trying implicit prerequisite `RCS/pg_ts_config_map.dat.ym'.
      Trying pattern rule with stem `pg_ts_config_map.dat.ym'.
      Trying implicit prerequisite `s.pg_ts_config_map.dat.ym'.
      Trying pattern rule with stem `pg_ts_config_map.dat.ym'.
      Trying implicit prerequisite `SCCS/s.pg_ts_config_map.dat.ym'.
     Trying pattern rule with stem `pg_ts_config_map.dat'.
     Trying implicit prerequisite `pg_ts_config_map.dat.lm'.
     Looking for a rule with intermediate file `pg_ts_config_map.dat.lm'.
      Avoiding implicit rule recursion.
      Avoiding implicit rule recursion.
      Avoiding implicit rule recursion.
      Trying pattern rule with stem `pg_ts_config_map.dat.lm'.
      Trying implicit prerequisite `pg_ts_config_map.dat.lm,v'.
      Trying pattern rule with stem `pg_ts_config_map.dat.lm'.
      Trying implicit prerequisite `RCS/pg_ts_config_map.dat.lm,v'.
      Trying pattern rule with stem `pg_ts_config_map.dat.lm'.
      Trying implicit prerequisite `RCS/pg_ts_config_map.dat.lm'.
      Trying pattern rule with stem `pg_ts_config_map.dat.lm'.
      Trying implicit prerequisite `s.pg_ts_config_map.dat.lm'.
      Trying pattern rule with stem `pg_ts_config_map.dat.lm'.
      Trying implicit prerequisite `SCCS/s.pg_ts_config_map.dat.lm'.
    Trying pattern rule with stem `pg_ts_config_map.dat'.
    Rejecting impossible implicit prerequisite `pg_ts_config_map.dat.r'.
    Trying pattern rule with stem `pg_ts_config_map.dat'.
    Trying implicit prerequisite `pg_ts_config_map.dat.s'.
    Looking for a rule with intermediate file `pg_ts_config_map.dat.s'.
     Avoiding implicit rule recursion.
     Avoiding implicit rule recursion.
     Trying pattern rule with stem `pg_ts_config_map.dat'.
     Trying implicit prerequisite `pg_ts_config_map.dat.S'.
     Trying pattern rule with stem `pg_ts_config_map.dat.s'.
     Trying implicit prerequisite `pg_ts_config_map.dat.s,v'.
     Trying pattern rule with stem `pg_ts_config_map.dat.s'.
     Trying implicit prerequisite `RCS/pg_ts_config_map.dat.s,v'.
     Trying pattern rule with stem `pg_ts_config_map.dat.s'.
     Trying implicit prerequisite `RCS/pg_ts_config_map.dat.s'.
     Trying pattern rule with stem `pg_ts_config_map.dat.s'.
     Trying implicit prerequisite `s.pg_ts_config_map.dat.s'.
     Trying pattern rule with stem `pg_ts_config_map.dat.s'.
     Trying implicit prerequisite `SCCS/s.pg_ts_config_map.dat.s'.
     Trying pattern rule with stem `pg_ts_config_map.dat'.
     Trying implicit prerequisite `pg_ts_config_map.dat.S'.
     Looking for a rule with intermediate file `pg_ts_config_map.dat.S'.
      Avoiding implicit rule recursion.
      Avoiding implicit rule recursion.
      Avoiding implicit rule recursion.
      Trying pattern rule with stem `pg_ts_config_map.dat.S'.
      Trying implicit prerequisite `pg_ts_config_map.dat.S,v'.
      Trying pattern rule with stem `pg_ts_config_map.dat.S'.
      Trying implicit prerequisite `RCS/pg_ts_config_map.dat.S,v'.
      Trying pattern rule with stem `pg_ts_config_map.dat.S'.
      Trying implicit prerequisite `RCS/pg_ts_config_map.dat.S'.
      Trying pattern rule with stem `pg_ts_config_map.dat.S'.
      Trying implicit prerequisite `s.pg_ts_config_map.dat.S'.
      Trying pattern rule with stem `pg_ts_config_map.dat.S'.
      Trying implicit prerequisite `SCCS/s.pg_ts_config_map.dat.S'.
    Trying pattern rule with stem `pg_ts_config_map.dat'.
    Rejecting impossible implicit prerequisite `pg_ts_config_map.dat.S'.
    Trying pattern rule with stem `pg_ts_config_map.dat'.
    Trying implicit prerequisite `pg_ts_config_map.dat.mod'.
    Looking for a rule with intermediate file `pg_ts_config_map.dat.mod'.
     Avoiding implicit rule recursion.
     Avoiding implicit rule recursion.
     Trying pattern rule with stem `pg_ts_config_map.dat.mod'.
     Trying implicit prerequisite `pg_ts_config_map.dat.mod,v'.
     Trying pattern rule with stem `pg_ts_config_map.dat.mod'.
     Trying implicit prerequisite `RCS/pg_ts_config_map.dat.mod,v'.
     Trying pattern rule with stem `pg_ts_config_map.dat.mod'.
     Trying implicit prerequisite `RCS/pg_ts_config_map.dat.mod'.
     Trying pattern rule with stem `pg_ts_config_map.dat.mod'.
     Trying implicit prerequisite `s.pg_ts_config_map.dat.mod'.
     Trying pattern rule with stem `pg_ts_config_map.dat.mod'.
     Trying implicit prerequisite `SCCS/s.pg_ts_config_map.dat.mod'.
   Trying pattern rule with stem `pg_ts_config_map.dat'.
   Rejecting impossible implicit prerequisite `pg_ts_config_map.dat.cc'.
   Trying pattern rule with stem `pg_ts_config_map.dat'.
   Rejecting impossible implicit prerequisite `pg_ts_config_map.dat.C'.
   Trying pattern rule with stem `pg_ts_config_map.dat'.
   Rejecting impossible implicit prerequisite `pg_ts_config_map.dat.cpp'.
   Trying pattern rule with stem `pg_ts_config_map.dat'.
   Rejecting impossible implicit prerequisite `pg_ts_config_map.dat.p'.
   Trying pattern rule with stem `pg_ts_config_map.dat'.
   Rejecting impossible implicit prerequisite `pg_ts_config_map.dat.f'.
   Trying pattern rule with stem `pg_ts_config_map.dat'.
   Rejecting impossible implicit prerequisite `pg_ts_config_map.dat.F'.
   Trying pattern rule with stem `pg_ts_config_map.dat'.
   Rejecting impossible implicit prerequisite `pg_ts_config_map.dat.m'.
   Trying pattern rule with stem `pg_ts_config_map.dat'.
   Rejecting impossible implicit prerequisite `pg_ts_config_map.dat.r'.
   Trying pattern rule with stem `pg_ts_config_map.dat'.
   Rejecting impossible implicit prerequisite `pg_ts_config_map.dat.s'.
   Trying pattern rule with stem `pg_ts_config_map.dat'.
   Rejecting impossible implicit prerequisite `pg_ts_config_map.dat.S'.
   Trying pattern rule with stem `pg_ts_config_map.dat'.
   Rejecting impossible implicit prerequisite `pg_ts_config_map.dat.mod'.
   Trying pattern rule with stem `pg_ts_config_map.dat'.
   Trying implicit prerequisite `pg_ts_config_map.dat.sh'.
   Looking for a rule with intermediate file `pg_ts_config_map.dat.sh'.
    Avoiding implicit rule recursion.
    Trying pattern rule with stem `pg_ts_config_map.dat.sh'.
    Trying implicit prerequisite `pg_ts_config_map.dat.sh,v'.
    Trying pattern rule with stem `pg_ts_config_map.dat.sh'.
    Trying implicit prerequisite `RCS/pg_ts_config_map.dat.sh,v'.
    Trying pattern rule with stem `pg_ts_config_map.dat.sh'.
    Trying implicit prerequisite `RCS/pg_ts_config_map.dat.sh'.
    Trying pattern rule with stem `pg_ts_config_map.dat.sh'.
    Trying implicit prerequisite `s.pg_ts_config_map.dat.sh'.
    Trying pattern rule with stem `pg_ts_config_map.dat.sh'.
    Trying implicit prerequisite `SCCS/s.pg_ts_config_map.dat.sh'.
   No implicit rule found for `pg_ts_config_map.dat'.
   Looking for an implicit rule for `pg_ts_dict.dat'.
   Trying pattern rule with stem `pg_ts_dict.dat'.
   Trying implicit prerequisite `pg_ts_dict.dat.o'.
   Trying pattern rule with stem `pg_ts_dict.dat'.
   Trying implicit prerequisite `pg_ts_dict.dat.cc'.
   Trying pattern rule with stem `pg_ts_dict.dat'.
   Trying implicit prerequisite `pg_ts_dict.dat.C'.
   Trying pattern rule with stem `pg_ts_dict.dat'.
   Trying implicit prerequisite `pg_ts_dict.dat.cpp'.
   Trying pattern rule with stem `pg_ts_dict.dat'.
   Trying implicit prerequisite `pg_ts_dict.dat.p'.
   Trying pattern rule with stem `pg_ts_dict.dat'.
   Trying implicit prerequisite `pg_ts_dict.dat.f'.
   Trying pattern rule with stem `pg_ts_dict.dat'.
   Trying implicit prerequisite `pg_ts_dict.dat.F'.
   Trying pattern rule with stem `pg_ts_dict.dat'.
   Trying implicit prerequisite `pg_ts_dict.dat.m'.
   Trying pattern rule with stem `pg_ts_dict.dat'.
   Trying implicit prerequisite `pg_ts_dict.dat.r'.
   Trying pattern rule with stem `pg_ts_dict.dat'.
   Trying implicit prerequisite `pg_ts_dict.dat.s'.
   Trying pattern rule with stem `pg_ts_dict.dat'.
   Trying implicit prerequisite `pg_ts_dict.dat.S'.
   Trying pattern rule with stem `pg_ts_dict.dat'.
   Trying implicit prerequisite `pg_ts_dict.dat.mod'.
   Trying pattern rule with stem `pg_ts_dict.dat'.
   Trying implicit prerequisite `pg_ts_dict.dat.sh'.
   Trying pattern rule with stem `pg_ts_dict.dat'.
   Trying implicit prerequisite `pg_ts_dict.dat,v'.
   Trying pattern rule with stem `pg_ts_dict.dat'.
   Trying implicit prerequisite `RCS/pg_ts_dict.dat,v'.
   Trying pattern rule with stem `pg_ts_dict.dat'.
   Trying implicit prerequisite `RCS/pg_ts_dict.dat'.
   Trying pattern rule with stem `pg_ts_dict.dat'.
   Trying implicit prerequisite `s.pg_ts_dict.dat'.
   Trying pattern rule with stem `pg_ts_dict.dat'.
   Trying implicit prerequisite `SCCS/s.pg_ts_dict.dat'.
   Trying pattern rule with stem `pg_ts_dict.dat'.
   Trying implicit prerequisite `pg_ts_dict.dat.o'.
   Looking for a rule with intermediate file `pg_ts_dict.dat.o'.
    Avoiding implicit rule recursion.
    Trying pattern rule with stem `pg_ts_dict.dat'.
    Trying implicit prerequisite `pg_ts_dict.dat.c'.
    Trying pattern rule with stem `pg_ts_dict.dat'.
    Trying implicit prerequisite `pg_ts_dict.dat.cc'.
    Trying pattern rule with stem `pg_ts_dict.dat'.
    Trying implicit prerequisite `pg_ts_dict.dat.C'.
    Trying pattern rule with stem `pg_ts_dict.dat'.
    Trying implicit prerequisite `pg_ts_dict.dat.cpp'.
    Trying pattern rule with stem `pg_ts_dict.dat'.
    Trying implicit prerequisite `pg_ts_dict.dat.p'.
    Trying pattern rule with stem `pg_ts_dict.dat'.
    Trying implicit prerequisite `pg_ts_dict.dat.f'.
    Trying pattern rule with stem `pg_ts_dict.dat'.
    Trying implicit prerequisite `pg_ts_dict.dat.F'.
    Trying pattern rule with stem `pg_ts_dict.dat'.
    Trying implicit prerequisite `pg_ts_dict.dat.m'.
    Trying pattern rule with stem `pg_ts_dict.dat'.
    Trying implicit prerequisite `pg_ts_dict.dat.r'.
    Trying pattern rule with stem `pg_ts_dict.dat'.
    Trying implicit prerequisite `pg_ts_dict.dat.s'.
    Trying pattern rule with stem `pg_ts_dict.dat'.
    Trying implicit prerequisite `pg_ts_dict.dat.S'.
    Trying pattern rule with stem `pg_ts_dict.dat'.
    Trying implicit prerequisite `pg_ts_dict.dat.mod'.
    Trying pattern rule with stem `pg_ts_dict.dat.o'.
    Trying implicit prerequisite `pg_ts_dict.dat.o,v'.
    Trying pattern rule with stem `pg_ts_dict.dat.o'.
    Trying implicit prerequisite `RCS/pg_ts_dict.dat.o,v'.
    Trying pattern rule with stem `pg_ts_dict.dat.o'.
    Trying implicit prerequisite `RCS/pg_ts_dict.dat.o'.
    Trying pattern rule with stem `pg_ts_dict.dat.o'.
    Trying implicit prerequisite `s.pg_ts_dict.dat.o'.
    Trying pattern rule with stem `pg_ts_dict.dat.o'.
    Trying implicit prerequisite `SCCS/s.pg_ts_dict.dat.o'.
    Trying pattern rule with stem `pg_ts_dict.dat'.
    Trying implicit prerequisite `pg_ts_dict.dat.c'.
    Looking for a rule with intermediate file `pg_ts_dict.dat.c'.
     Avoiding implicit rule recursion.
     Avoiding implicit rule recursion.
     Trying pattern rule with stem `pg_ts_dict.dat'.
     Trying implicit prerequisite `pg_ts_dict.dat.l'.
     Trying pattern rule with stem `pg_ts_dict.dat'.
     Trying implicit prerequisite `pg_ts_dict.dat.y'.
     Trying pattern rule with stem `pg_ts_dict.dat'.
     Trying implicit prerequisite `pg_ts_dict.dat.w'.
     Trying pattern rule with stem `pg_ts_dict.dat'.
     Trying implicit prerequisite `pg_ts_dict.dat.w'.
     Trying pattern rule with stem `pg_ts_dict.dat.c'.
     Trying implicit prerequisite `pg_ts_dict.dat.c,v'.
     Trying pattern rule with stem `pg_ts_dict.dat.c'.
     Trying implicit prerequisite `RCS/pg_ts_dict.dat.c,v'.
     Trying pattern rule with stem `pg_ts_dict.dat.c'.
     Trying implicit prerequisite `RCS/pg_ts_dict.dat.c'.
     Trying pattern rule with stem `pg_ts_dict.dat.c'.
     Trying implicit prerequisite `s.pg_ts_dict.dat.c'.
     Trying pattern rule with stem `pg_ts_dict.dat.c'.
     Trying implicit prerequisite `SCCS/s.pg_ts_dict.dat.c'.
     Trying pattern rule with stem `pg_ts_dict.dat'.
     Trying implicit prerequisite `pg_ts_dict.dat.l'.
     Looking for a rule with intermediate file `pg_ts_dict.dat.l'.
      Avoiding implicit rule recursion.
      Avoiding implicit rule recursion.
      Avoiding implicit rule recursion.
      Trying pattern rule with stem `pg_ts_dict.dat.l'.
      Trying implicit prerequisite `pg_ts_dict.dat.l,v'.
      Trying pattern rule with stem `pg_ts_dict.dat.l'.
      Trying implicit prerequisite `RCS/pg_ts_dict.dat.l,v'.
      Trying pattern rule with stem `pg_ts_dict.dat.l'.
      Trying implicit prerequisite `RCS/pg_ts_dict.dat.l'.
      Trying pattern rule with stem `pg_ts_dict.dat.l'.
      Trying implicit prerequisite `s.pg_ts_dict.dat.l'.
      Trying pattern rule with stem `pg_ts_dict.dat.l'.
      Trying implicit prerequisite `SCCS/s.pg_ts_dict.dat.l'.
     Trying pattern rule with stem `pg_ts_dict.dat'.
     Trying implicit prerequisite `pg_ts_dict.dat.y'.
     Looking for a rule with intermediate file `pg_ts_dict.dat.y'.
      Avoiding implicit rule recursion.
      Avoiding implicit rule recursion.
      Avoiding implicit rule recursion.
      Trying pattern rule with stem `pg_ts_dict.dat.y'.
      Trying implicit prerequisite `pg_ts_dict.dat.y,v'.
      Trying pattern rule with stem `pg_ts_dict.dat.y'.
      Trying implicit prerequisite `RCS/pg_ts_dict.dat.y,v'.
      Trying pattern rule with stem `pg_ts_dict.dat.y'.
      Trying implicit prerequisite `RCS/pg_ts_dict.dat.y'.
      Trying pattern rule with stem `pg_ts_dict.dat.y'.
      Trying implicit prerequisite `s.pg_ts_dict.dat.y'.
      Trying pattern rule with stem `pg_ts_dict.dat.y'.
      Trying implicit prerequisite `SCCS/s.pg_ts_dict.dat.y'.
     Trying pattern rule with stem `pg_ts_dict.dat'.
     Trying implicit prerequisite `pg_ts_dict.dat.w'.
     Looking for a rule with intermediate file `pg_ts_dict.dat.w'.
      Avoiding implicit rule recursion.
      Avoiding implicit rule recursion.
      Avoiding implicit rule recursion.
      Trying pattern rule with stem `pg_ts_dict.dat.w'.
      Trying implicit prerequisite `pg_ts_dict.dat.w,v'.
      Trying pattern rule with stem `pg_ts_dict.dat.w'.
      Trying implicit prerequisite `RCS/pg_ts_dict.dat.w,v'.
      Trying pattern rule with stem `pg_ts_dict.dat.w'.
      Trying implicit prerequisite `RCS/pg_ts_dict.dat.w'.
      Trying pattern rule with stem `pg_ts_dict.dat.w'.
      Trying implicit prerequisite `s.pg_ts_dict.dat.w'.
      Trying pattern rule with stem `pg_ts_dict.dat.w'.
      Trying implicit prerequisite `SCCS/s.pg_ts_dict.dat.w'.
     Trying pattern rule with stem `pg_ts_dict.dat'.
     Rejecting impossible implicit prerequisite `pg_ts_dict.dat.w'.
    Trying pattern rule with stem `pg_ts_dict.dat'.
    Trying implicit prerequisite `pg_ts_dict.dat.cc'.
    Looking for a rule with intermediate file `pg_ts_dict.dat.cc'.
     Avoiding implicit rule recursion.
     Avoiding implicit rule recursion.
     Trying pattern rule with stem `pg_ts_dict.dat.cc'.
     Trying implicit prerequisite `pg_ts_dict.dat.cc,v'.
     Trying pattern rule with stem `pg_ts_dict.dat.cc'.
     Trying implicit prerequisite `RCS/pg_ts_dict.dat.cc,v'.
     Trying pattern rule with stem `pg_ts_dict.dat.cc'.
     Trying implicit prerequisite `RCS/pg_ts_dict.dat.cc'.
     Trying pattern rule with stem `pg_ts_dict.dat.cc'.
     Trying implicit prerequisite `s.pg_ts_dict.dat.cc'.
     Trying pattern rule with stem `pg_ts_dict.dat.cc'.
     Trying implicit prerequisite `SCCS/s.pg_ts_dict.dat.cc'.
    Trying pattern rule with stem `pg_ts_dict.dat'.
    Trying implicit prerequisite `pg_ts_dict.dat.C'.
    Looking for a rule with intermediate file `pg_ts_dict.dat.C'.
     Avoiding implicit rule recursion.
     Avoiding implicit rule recursion.
     Trying pattern rule with stem `pg_ts_dict.dat.C'.
     Trying implicit prerequisite `pg_ts_dict.dat.C,v'.
     Trying pattern rule with stem `pg_ts_dict.dat.C'.
     Trying implicit prerequisite `RCS/pg_ts_dict.dat.C,v'.
     Trying pattern rule with stem `pg_ts_dict.dat.C'.
     Trying implicit prerequisite `RCS/pg_ts_dict.dat.C'.
     Trying pattern rule with stem `pg_ts_dict.dat.C'.
     Trying implicit prerequisite `s.pg_ts_dict.dat.C'.
     Trying pattern rule with stem `pg_ts_dict.dat.C'.
     Trying implicit prerequisite `SCCS/s.pg_ts_dict.dat.C'.
    Trying pattern rule with stem `pg_ts_dict.dat'.
    Trying implicit prerequisite `pg_ts_dict.dat.cpp'.
    Looking for a rule with intermediate file `pg_ts_dict.dat.cpp'.
     Avoiding implicit rule recursion.
     Avoiding implicit rule recursion.
     Trying pattern rule with stem `pg_ts_dict.dat.cpp'.
     Trying implicit prerequisite `pg_ts_dict.dat.cpp,v'.
     Trying pattern rule with stem `pg_ts_dict.dat.cpp'.
     Trying implicit prerequisite `RCS/pg_ts_dict.dat.cpp,v'.
     Trying pattern rule with stem `pg_ts_dict.dat.cpp'.
     Trying implicit prerequisite `RCS/pg_ts_dict.dat.cpp'.
     Trying pattern rule with stem `pg_ts_dict.dat.cpp'.
     Trying implicit prerequisite `s.pg_ts_dict.dat.cpp'.
     Trying pattern rule with stem `pg_ts_dict.dat.cpp'.
     Trying implicit prerequisite `SCCS/s.pg_ts_dict.dat.cpp'.
    Trying pattern rule with stem `pg_ts_dict.dat'.
    Trying implicit prerequisite `pg_ts_dict.dat.p'.
    Looking for a rule with intermediate file `pg_ts_dict.dat.p'.
     Avoiding implicit rule recursion.
     Avoiding implicit rule recursion.
     Trying pattern rule with stem `pg_ts_dict.dat'.
     Trying implicit prerequisite `pg_ts_dict.dat.web'.
     Trying pattern rule with stem `pg_ts_dict.dat.p'.
     Trying implicit prerequisite `pg_ts_dict.dat.p,v'.
     Trying pattern rule with stem `pg_ts_dict.dat.p'.
     Trying implicit prerequisite `RCS/pg_ts_dict.dat.p,v'.
     Trying pattern rule with stem `pg_ts_dict.dat.p'.
     Trying implicit prerequisite `RCS/pg_ts_dict.dat.p'.
     Trying pattern rule with stem `pg_ts_dict.dat.p'.
     Trying implicit prerequisite `s.pg_ts_dict.dat.p'.
     Trying pattern rule with stem `pg_ts_dict.dat.p'.
     Trying implicit prerequisite `SCCS/s.pg_ts_dict.dat.p'.
     Trying pattern rule with stem `pg_ts_dict.dat'.
     Trying implicit prerequisite `pg_ts_dict.dat.web'.
     Looking for a rule with intermediate file `pg_ts_dict.dat.web'.
      Avoiding implicit rule recursion.
      Avoiding implicit rule recursion.
      Avoiding implicit rule recursion.
      Trying pattern rule with stem `pg_ts_dict.dat.web'.
      Trying implicit prerequisite `pg_ts_dict.dat.web,v'.
      Trying pattern rule with stem `pg_ts_dict.dat.web'.
      Trying implicit prerequisite `RCS/pg_ts_dict.dat.web,v'.
      Trying pattern rule with stem `pg_ts_dict.dat.web'.
      Trying implicit prerequisite `RCS/pg_ts_dict.dat.web'.
      Trying pattern rule with stem `pg_ts_dict.dat.web'.
      Trying implicit prerequisite `s.pg_ts_dict.dat.web'.
      Trying pattern rule with stem `pg_ts_dict.dat.web'.
      Trying implicit prerequisite `SCCS/s.pg_ts_dict.dat.web'.
    Trying pattern rule with stem `pg_ts_dict.dat'.
    Trying implicit prerequisite `pg_ts_dict.dat.f'.
    Looking for a rule with intermediate file `pg_ts_dict.dat.f'.
     Avoiding implicit rule recursion.
     Avoiding implicit rule recursion.
     Trying pattern rule with stem `pg_ts_dict.dat'.
     Trying implicit prerequisite `pg_ts_dict.dat.F'.
     Trying pattern rule with stem `pg_ts_dict.dat'.
     Trying implicit prerequisite `pg_ts_dict.dat.r'.
     Trying pattern rule with stem `pg_ts_dict.dat.f'.
     Trying implicit prerequisite `pg_ts_dict.dat.f,v'.
     Trying pattern rule with stem `pg_ts_dict.dat.f'.
     Trying implicit prerequisite `RCS/pg_ts_dict.dat.f,v'.
     Trying pattern rule with stem `pg_ts_dict.dat.f'.
     Trying implicit prerequisite `RCS/pg_ts_dict.dat.f'.
     Trying pattern rule with stem `pg_ts_dict.dat.f'.
     Trying implicit prerequisite `s.pg_ts_dict.dat.f'.
     Trying pattern rule with stem `pg_ts_dict.dat.f'.
     Trying implicit prerequisite `SCCS/s.pg_ts_dict.dat.f'.
     Trying pattern rule with stem `pg_ts_dict.dat'.
     Trying implicit prerequisite `pg_ts_dict.dat.F'.
     Looking for a rule with intermediate file `pg_ts_dict.dat.F'.
      Avoiding implicit rule recursion.
      Avoiding implicit rule recursion.
      Avoiding implicit rule recursion.
      Trying pattern rule with stem `pg_ts_dict.dat.F'.
      Trying implicit prerequisite `pg_ts_dict.dat.F,v'.
      Trying pattern rule with stem `pg_ts_dict.dat.F'.
      Trying implicit prerequisite `RCS/pg_ts_dict.dat.F,v'.
      Trying pattern rule with stem `pg_ts_dict.dat.F'.
      Trying implicit prerequisite `RCS/pg_ts_dict.dat.F'.
      Trying pattern rule with stem `pg_ts_dict.dat.F'.
      Trying implicit prerequisite `s.pg_ts_dict.dat.F'.
      Trying pattern rule with stem `pg_ts_dict.dat.F'.
      Trying implicit prerequisite `SCCS/s.pg_ts_dict.dat.F'.
     Trying pattern rule with stem `pg_ts_dict.dat'.
     Trying implicit prerequisite `pg_ts_dict.dat.r'.
     Looking for a rule with intermediate file `pg_ts_dict.dat.r'.
      Avoiding implicit rule recursion.
      Avoiding implicit rule recursion.
      Avoiding implicit rule recursion.
      Trying pattern rule with stem `pg_ts_dict.dat'.
      Rejecting impossible implicit prerequisite `pg_ts_dict.dat.l'.
      Trying pattern rule with stem `pg_ts_dict.dat.r'.
      Trying implicit prerequisite `pg_ts_dict.dat.r,v'.
      Trying pattern rule with stem `pg_ts_dict.dat.r'.
      Trying implicit prerequisite `RCS/pg_ts_dict.dat.r,v'.
      Trying pattern rule with stem `pg_ts_dict.dat.r'.
      Trying implicit prerequisite `RCS/pg_ts_dict.dat.r'.
      Trying pattern rule with stem `pg_ts_dict.dat.r'.
      Trying implicit prerequisite `s.pg_ts_dict.dat.r'.
      Trying pattern rule with stem `pg_ts_dict.dat.r'.
      Trying implicit prerequisite `SCCS/s.pg_ts_dict.dat.r'.
    Trying pattern rule with stem `pg_ts_dict.dat'.
    Rejecting impossible implicit prerequisite `pg_ts_dict.dat.F'.
    Trying pattern rule with stem `pg_ts_dict.dat'.
    Trying implicit prerequisite `pg_ts_dict.dat.m'.
    Looking for a rule with intermediate file `pg_ts_dict.dat.m'.
     Avoiding implicit rule recursion.
     Avoiding implicit rule recursion.
     Trying pattern rule with stem `pg_ts_dict.dat'.
     Trying implicit prerequisite `pg_ts_dict.dat.ym'.
     Trying pattern rule with stem `pg_ts_dict.dat'.
     Trying implicit prerequisite `pg_ts_dict.dat.lm'.
     Trying pattern rule with stem `pg_ts_dict.dat.m'.
     Trying implicit prerequisite `pg_ts_dict.dat.m,v'.
     Trying pattern rule with stem `pg_ts_dict.dat.m'.
     Trying implicit prerequisite `RCS/pg_ts_dict.dat.m,v'.
     Trying pattern rule with stem `pg_ts_dict.dat.m'.
     Trying implicit prerequisite `RCS/pg_ts_dict.dat.m'.
     Trying pattern rule with stem `pg_ts_dict.dat.m'.
     Trying implicit prerequisite `s.pg_ts_dict.dat.m'.
     Trying pattern rule with stem `pg_ts_dict.dat.m'.
     Trying implicit prerequisite `SCCS/s.pg_ts_dict.dat.m'.
     Trying pattern rule with stem `pg_ts_dict.dat'.
     Trying implicit prerequisite `pg_ts_dict.dat.ym'.
     Looking for a rule with intermediate file `pg_ts_dict.dat.ym'.
      Avoiding implicit rule recursion.
      Avoiding implicit rule recursion.
      Avoiding implicit rule recursion.
      Trying pattern rule with stem `pg_ts_dict.dat.ym'.
      Trying implicit prerequisite `pg_ts_dict.dat.ym,v'.
      Trying pattern rule with stem `pg_ts_dict.dat.ym'.
      Trying implicit prerequisite `RCS/pg_ts_dict.dat.ym,v'.
      Trying pattern rule with stem `pg_ts_dict.dat.ym'.
      Trying implicit prerequisite `RCS/pg_ts_dict.dat.ym'.
      Trying pattern rule with stem `pg_ts_dict.dat.ym'.
      Trying implicit prerequisite `s.pg_ts_dict.dat.ym'.
      Trying pattern rule with stem `pg_ts_dict.dat.ym'.
      Trying implicit prerequisite `SCCS/s.pg_ts_dict.dat.ym'.
     Trying pattern rule with stem `pg_ts_dict.dat'.
     Trying implicit prerequisite `pg_ts_dict.dat.lm'.
     Looking for a rule with intermediate file `pg_ts_dict.dat.lm'.
      Avoiding implicit rule recursion.
      Avoiding implicit rule recursion.
      Avoiding implicit rule recursion.
      Trying pattern rule with stem `pg_ts_dict.dat.lm'.
      Trying implicit prerequisite `pg_ts_dict.dat.lm,v'.
      Trying pattern rule with stem `pg_ts_dict.dat.lm'.
      Trying implicit prerequisite `RCS/pg_ts_dict.dat.lm,v'.
      Trying pattern rule with stem `pg_ts_dict.dat.lm'.
      Trying implicit prerequisite `RCS/pg_ts_dict.dat.lm'.
      Trying pattern rule with stem `pg_ts_dict.dat.lm'.
      Trying implicit prerequisite `s.pg_ts_dict.dat.lm'.
      Trying pattern rule with stem `pg_ts_dict.dat.lm'.
      Trying implicit prerequisite `SCCS/s.pg_ts_dict.dat.lm'.
    Trying pattern rule with stem `pg_ts_dict.dat'.
    Rejecting impossible implicit prerequisite `pg_ts_dict.dat.r'.
    Trying pattern rule with stem `pg_ts_dict.dat'.
    Trying implicit prerequisite `pg_ts_dict.dat.s'.
    Looking for a rule with intermediate file `pg_ts_dict.dat.s'.
     Avoiding implicit rule recursion.
     Avoiding implicit rule recursion.
     Trying pattern rule with stem `pg_ts_dict.dat'.
     Trying implicit prerequisite `pg_ts_dict.dat.S'.
     Trying pattern rule with stem `pg_ts_dict.dat.s'.
     Trying implicit prerequisite `pg_ts_dict.dat.s,v'.
     Trying pattern rule with stem `pg_ts_dict.dat.s'.
     Trying implicit prerequisite `RCS/pg_ts_dict.dat.s,v'.
     Trying pattern rule with stem `pg_ts_dict.dat.s'.
     Trying implicit prerequisite `RCS/pg_ts_dict.dat.s'.
     Trying pattern rule with stem `pg_ts_dict.dat.s'.
     Trying implicit prerequisite `s.pg_ts_dict.dat.s'.
     Trying pattern rule with stem `pg_ts_dict.dat.s'.
     Trying implicit prerequisite `SCCS/s.pg_ts_dict.dat.s'.
     Trying pattern rule with stem `pg_ts_dict.dat'.
     Trying implicit prerequisite `pg_ts_dict.dat.S'.
     Looking for a rule with intermediate file `pg_ts_dict.dat.S'.
      Avoiding implicit rule recursion.
      Avoiding implicit rule recursion.
      Avoiding implicit rule recursion.
      Trying pattern rule with stem `pg_ts_dict.dat.S'.
      Trying implicit prerequisite `pg_ts_dict.dat.S,v'.
      Trying pattern rule with stem `pg_ts_dict.dat.S'.
      Trying implicit prerequisite `RCS/pg_ts_dict.dat.S,v'.
      Trying pattern rule with stem `pg_ts_dict.dat.S'.
      Trying implicit prerequisite `RCS/pg_ts_dict.dat.S'.
      Trying pattern rule with stem `pg_ts_dict.dat.S'.
      Trying implicit prerequisite `s.pg_ts_dict.dat.S'.
      Trying pattern rule with stem `pg_ts_dict.dat.S'.
      Trying implicit prerequisite `SCCS/s.pg_ts_dict.dat.S'.
    Trying pattern rule with stem `pg_ts_dict.dat'.
    Rejecting impossible implicit prerequisite `pg_ts_dict.dat.S'.
    Trying pattern rule with stem `pg_ts_dict.dat'.
    Trying implicit prerequisite `pg_ts_dict.dat.mod'.
    Looking for a rule with intermediate file `pg_ts_dict.dat.mod'.
     Avoiding implicit rule recursion.
     Avoiding implicit rule recursion.
     Trying pattern rule with stem `pg_ts_dict.dat.mod'.
     Trying implicit prerequisite `pg_ts_dict.dat.mod,v'.
     Trying pattern rule with stem `pg_ts_dict.dat.mod'.
     Trying implicit prerequisite `RCS/pg_ts_dict.dat.mod,v'.
     Trying pattern rule with stem `pg_ts_dict.dat.mod'.
     Trying implicit prerequisite `RCS/pg_ts_dict.dat.mod'.
     Trying pattern rule with stem `pg_ts_dict.dat.mod'.
     Trying implicit prerequisite `s.pg_ts_dict.dat.mod'.
     Trying pattern rule with stem `pg_ts_dict.dat.mod'.
     Trying implicit prerequisite `SCCS/s.pg_ts_dict.dat.mod'.
   Trying pattern rule with stem `pg_ts_dict.dat'.
   Rejecting impossible implicit prerequisite `pg_ts_dict.dat.cc'.
   Trying pattern rule with stem `pg_ts_dict.dat'.
   Rejecting impossible implicit prerequisite `pg_ts_dict.dat.C'.
   Trying pattern rule with stem `pg_ts_dict.dat'.
   Rejecting impossible implicit prerequisite `pg_ts_dict.dat.cpp'.
   Trying pattern rule with stem `pg_ts_dict.dat'.
   Rejecting impossible implicit prerequisite `pg_ts_dict.dat.p'.
   Trying pattern rule with stem `pg_ts_dict.dat'.
   Rejecting impossible implicit prerequisite `pg_ts_dict.dat.f'.
   Trying pattern rule with stem `pg_ts_dict.dat'.
   Rejecting impossible implicit prerequisite `pg_ts_dict.dat.F'.
   Trying pattern rule with stem `pg_ts_dict.dat'.
   Rejecting impossible implicit prerequisite `pg_ts_dict.dat.m'.
   Trying pattern rule with stem `pg_ts_dict.dat'.
   Rejecting impossible implicit prerequisite `pg_ts_dict.dat.r'.
   Trying pattern rule with stem `pg_ts_dict.dat'.
   Rejecting impossible implicit prerequisite `pg_ts_dict.dat.s'.
   Trying pattern rule with stem `pg_ts_dict.dat'.
   Rejecting impossible implicit prerequisite `pg_ts_dict.dat.S'.
   Trying pattern rule with stem `pg_ts_dict.dat'.
   Rejecting impossible implicit prerequisite `pg_ts_dict.dat.mod'.
   Trying pattern rule with stem `pg_ts_dict.dat'.
   Trying implicit prerequisite `pg_ts_dict.dat.sh'.
   Looking for a rule with intermediate file `pg_ts_dict.dat.sh'.
    Avoiding implicit rule recursion.
    Trying pattern rule with stem `pg_ts_dict.dat.sh'.
    Trying implicit prerequisite `pg_ts_dict.dat.sh,v'.
    Trying pattern rule with stem `pg_ts_dict.dat.sh'.
    Trying implicit prerequisite `RCS/pg_ts_dict.dat.sh,v'.
    Trying pattern rule with stem `pg_ts_dict.dat.sh'.
    Trying implicit prerequisite `RCS/pg_ts_dict.dat.sh'.
    Trying pattern rule with stem `pg_ts_dict.dat.sh'.
    Trying implicit prerequisite `s.pg_ts_dict.dat.sh'.
    Trying pattern rule with stem `pg_ts_dict.dat.sh'.
    Trying implicit prerequisite `SCCS/s.pg_ts_dict.dat.sh'.
   No implicit rule found for `pg_ts_dict.dat'.
   Looking for an implicit rule for `pg_ts_parser.dat'.
   Trying pattern rule with stem `pg_ts_parser.dat'.
   Trying implicit prerequisite `pg_ts_parser.dat.o'.
   Trying pattern rule with stem `pg_ts_parser.dat'.
   Trying implicit prerequisite `pg_ts_parser.dat.cc'.
   Trying pattern rule with stem `pg_ts_parser.dat'.
   Trying implicit prerequisite `pg_ts_parser.dat.C'.
   Trying pattern rule with stem `pg_ts_parser.dat'.
   Trying implicit prerequisite `pg_ts_parser.dat.cpp'.
   Trying pattern rule with stem `pg_ts_parser.dat'.
   Trying implicit prerequisite `pg_ts_parser.dat.p'.
   Trying pattern rule with stem `pg_ts_parser.dat'.
   Trying implicit prerequisite `pg_ts_parser.dat.f'.
   Trying pattern rule with stem `pg_ts_parser.dat'.
   Trying implicit prerequisite `pg_ts_parser.dat.F'.
   Trying pattern rule with stem `pg_ts_parser.dat'.
   Trying implicit prerequisite `pg_ts_parser.dat.m'.
   Trying pattern rule with stem `pg_ts_parser.dat'.
   Trying implicit prerequisite `pg_ts_parser.dat.r'.
   Trying pattern rule with stem `pg_ts_parser.dat'.
   Trying implicit prerequisite `pg_ts_parser.dat.s'.
   Trying pattern rule with stem `pg_ts_parser.dat'.
   Trying implicit prerequisite `pg_ts_parser.dat.S'.
   Trying pattern rule with stem `pg_ts_parser.dat'.
   Trying implicit prerequisite `pg_ts_parser.dat.mod'.
   Trying pattern rule with stem `pg_ts_parser.dat'.
   Trying implicit prerequisite `pg_ts_parser.dat.sh'.
   Trying pattern rule with stem `pg_ts_parser.dat'.
   Trying implicit prerequisite `pg_ts_parser.dat,v'.
   Trying pattern rule with stem `pg_ts_parser.dat'.
   Trying implicit prerequisite `RCS/pg_ts_parser.dat,v'.
   Trying pattern rule with stem `pg_ts_parser.dat'.
   Trying implicit prerequisite `RCS/pg_ts_parser.dat'.
   Trying pattern rule with stem `pg_ts_parser.dat'.
   Trying implicit prerequisite `s.pg_ts_parser.dat'.
   Trying pattern rule with stem `pg_ts_parser.dat'.
   Trying implicit prerequisite `SCCS/s.pg_ts_parser.dat'.
   Trying pattern rule with stem `pg_ts_parser.dat'.
   Trying implicit prerequisite `pg_ts_parser.dat.o'.
   Looking for a rule with intermediate file `pg_ts_parser.dat.o'.
    Avoiding implicit rule recursion.
    Trying pattern rule with stem `pg_ts_parser.dat'.
    Trying implicit prerequisite `pg_ts_parser.dat.c'.
    Trying pattern rule with stem `pg_ts_parser.dat'.
    Trying implicit prerequisite `pg_ts_parser.dat.cc'.
    Trying pattern rule with stem `pg_ts_parser.dat'.
    Trying implicit prerequisite `pg_ts_parser.dat.C'.
    Trying pattern rule with stem `pg_ts_parser.dat'.
    Trying implicit prerequisite `pg_ts_parser.dat.cpp'.
    Trying pattern rule with stem `pg_ts_parser.dat'.
    Trying implicit prerequisite `pg_ts_parser.dat.p'.
    Trying pattern rule with stem `pg_ts_parser.dat'.
    Trying implicit prerequisite `pg_ts_parser.dat.f'.
    Trying pattern rule with stem `pg_ts_parser.dat'.
    Trying implicit prerequisite `pg_ts_parser.dat.F'.
    Trying pattern rule with stem `pg_ts_parser.dat'.
    Trying implicit prerequisite `pg_ts_parser.dat.m'.
    Trying pattern rule with stem `pg_ts_parser.dat'.
    Trying implicit prerequisite `pg_ts_parser.dat.r'.
    Trying pattern rule with stem `pg_ts_parser.dat'.
    Trying implicit prerequisite `pg_ts_parser.dat.s'.
    Trying pattern rule with stem `pg_ts_parser.dat'.
    Trying implicit prerequisite `pg_ts_parser.dat.S'.
    Trying pattern rule with stem `pg_ts_parser.dat'.
    Trying implicit prerequisite `pg_ts_parser.dat.mod'.
    Trying pattern rule with stem `pg_ts_parser.dat.o'.
    Trying implicit prerequisite `pg_ts_parser.dat.o,v'.
    Trying pattern rule with stem `pg_ts_parser.dat.o'.
    Trying implicit prerequisite `RCS/pg_ts_parser.dat.o,v'.
    Trying pattern rule with stem `pg_ts_parser.dat.o'.
    Trying implicit prerequisite `RCS/pg_ts_parser.dat.o'.
    Trying pattern rule with stem `pg_ts_parser.dat.o'.
    Trying implicit prerequisite `s.pg_ts_parser.dat.o'.
    Trying pattern rule with stem `pg_ts_parser.dat.o'.
    Trying implicit prerequisite `SCCS/s.pg_ts_parser.dat.o'.
    Trying pattern rule with stem `pg_ts_parser.dat'.
    Trying implicit prerequisite `pg_ts_parser.dat.c'.
    Looking for a rule with intermediate file `pg_ts_parser.dat.c'.
     Avoiding implicit rule recursion.
     Avoiding implicit rule recursion.
     Trying pattern rule with stem `pg_ts_parser.dat'.
     Trying implicit prerequisite `pg_ts_parser.dat.l'.
     Trying pattern rule with stem `pg_ts_parser.dat'.
     Trying implicit prerequisite `pg_ts_parser.dat.y'.
     Trying pattern rule with stem `pg_ts_parser.dat'.
     Trying implicit prerequisite `pg_ts_parser.dat.w'.
     Trying pattern rule with stem `pg_ts_parser.dat'.
     Trying implicit prerequisite `pg_ts_parser.dat.w'.
     Trying pattern rule with stem `pg_ts_parser.dat.c'.
     Trying implicit prerequisite `pg_ts_parser.dat.c,v'.
     Trying pattern rule with stem `pg_ts_parser.dat.c'.
     Trying implicit prerequisite `RCS/pg_ts_parser.dat.c,v'.
     Trying pattern rule with stem `pg_ts_parser.dat.c'.
     Trying implicit prerequisite `RCS/pg_ts_parser.dat.c'.
     Trying pattern rule with stem `pg_ts_parser.dat.c'.
     Trying implicit prerequisite `s.pg_ts_parser.dat.c'.
     Trying pattern rule with stem `pg_ts_parser.dat.c'.
     Trying implicit prerequisite `SCCS/s.pg_ts_parser.dat.c'.
     Trying pattern rule with stem `pg_ts_parser.dat'.
     Trying implicit prerequisite `pg_ts_parser.dat.l'.
     Looking for a rule with intermediate file `pg_ts_parser.dat.l'.
      Avoiding implicit rule recursion.
      Avoiding implicit rule recursion.
      Avoiding implicit rule recursion.
      Trying pattern rule with stem `pg_ts_parser.dat.l'.
      Trying implicit prerequisite `pg_ts_parser.dat.l,v'.
      Trying pattern rule with stem `pg_ts_parser.dat.l'.
      Trying implicit prerequisite `RCS/pg_ts_parser.dat.l,v'.
      Trying pattern rule with stem `pg_ts_parser.dat.l'.
      Trying implicit prerequisite `RCS/pg_ts_parser.dat.l'.
      Trying pattern rule with stem `pg_ts_parser.dat.l'.
      Trying implicit prerequisite `s.pg_ts_parser.dat.l'.
      Trying pattern rule with stem `pg_ts_parser.dat.l'.
      Trying implicit prerequisite `SCCS/s.pg_ts_parser.dat.l'.
     Trying pattern rule with stem `pg_ts_parser.dat'.
     Trying implicit prerequisite `pg_ts_parser.dat.y'.
     Looking for a rule with intermediate file `pg_ts_parser.dat.y'.
      Avoiding implicit rule recursion.
      Avoiding implicit rule recursion.
      Avoiding implicit rule recursion.
      Trying pattern rule with stem `pg_ts_parser.dat.y'.
      Trying implicit prerequisite `pg_ts_parser.dat.y,v'.
      Trying pattern rule with stem `pg_ts_parser.dat.y'.
      Trying implicit prerequisite `RCS/pg_ts_parser.dat.y,v'.
      Trying pattern rule with stem `pg_ts_parser.dat.y'.
      Trying implicit prerequisite `RCS/pg_ts_parser.dat.y'.
      Trying pattern rule with stem `pg_ts_parser.dat.y'.
      Trying implicit prerequisite `s.pg_ts_parser.dat.y'.
      Trying pattern rule with stem `pg_ts_parser.dat.y'.
      Trying implicit prerequisite `SCCS/s.pg_ts_parser.dat.y'.
     Trying pattern rule with stem `pg_ts_parser.dat'.
     Trying implicit prerequisite `pg_ts_parser.dat.w'.
     Looking for a rule with intermediate file `pg_ts_parser.dat.w'.
      Avoiding implicit rule recursion.
      Avoiding implicit rule recursion.
      Avoiding implicit rule recursion.
      Trying pattern rule with stem `pg_ts_parser.dat.w'.
      Trying implicit prerequisite `pg_ts_parser.dat.w,v'.
      Trying pattern rule with stem `pg_ts_parser.dat.w'.
      Trying implicit prerequisite `RCS/pg_ts_parser.dat.w,v'.
      Trying pattern rule with stem `pg_ts_parser.dat.w'.
      Trying implicit prerequisite `RCS/pg_ts_parser.dat.w'.
      Trying pattern rule with stem `pg_ts_parser.dat.w'.
      Trying implicit prerequisite `s.pg_ts_parser.dat.w'.
      Trying pattern rule with stem `pg_ts_parser.dat.w'.
      Trying implicit prerequisite `SCCS/s.pg_ts_parser.dat.w'.
     Trying pattern rule with stem `pg_ts_parser.dat'.
     Rejecting impossible implicit prerequisite `pg_ts_parser.dat.w'.
    Trying pattern rule with stem `pg_ts_parser.dat'.
    Trying implicit prerequisite `pg_ts_parser.dat.cc'.
    Looking for a rule with intermediate file `pg_ts_parser.dat.cc'.
     Avoiding implicit rule recursion.
     Avoiding implicit rule recursion.
     Trying pattern rule with stem `pg_ts_parser.dat.cc'.
     Trying implicit prerequisite `pg_ts_parser.dat.cc,v'.
     Trying pattern rule with stem `pg_ts_parser.dat.cc'.
     Trying implicit prerequisite `RCS/pg_ts_parser.dat.cc,v'.
     Trying pattern rule with stem `pg_ts_parser.dat.cc'.
     Trying implicit prerequisite `RCS/pg_ts_parser.dat.cc'.
     Trying pattern rule with stem `pg_ts_parser.dat.cc'.
     Trying implicit prerequisite `s.pg_ts_parser.dat.cc'.
     Trying pattern rule with stem `pg_ts_parser.dat.cc'.
     Trying implicit prerequisite `SCCS/s.pg_ts_parser.dat.cc'.
    Trying pattern rule with stem `pg_ts_parser.dat'.
    Trying implicit prerequisite `pg_ts_parser.dat.C'.
    Looking for a rule with intermediate file `pg_ts_parser.dat.C'.
     Avoiding implicit rule recursion.
     Avoiding implicit rule recursion.
     Trying pattern rule with stem `pg_ts_parser.dat.C'.
     Trying implicit prerequisite `pg_ts_parser.dat.C,v'.
     Trying pattern rule with stem `pg_ts_parser.dat.C'.
     Trying implicit prerequisite `RCS/pg_ts_parser.dat.C,v'.
     Trying pattern rule with stem `pg_ts_parser.dat.C'.
     Trying implicit prerequisite `RCS/pg_ts_parser.dat.C'.
     Trying pattern rule with stem `pg_ts_parser.dat.C'.
     Trying implicit prerequisite `s.pg_ts_parser.dat.C'.
     Trying pattern rule with stem `pg_ts_parser.dat.C'.
     Trying implicit prerequisite `SCCS/s.pg_ts_parser.dat.C'.
    Trying pattern rule with stem `pg_ts_parser.dat'.
    Trying implicit prerequisite `pg_ts_parser.dat.cpp'.
    Looking for a rule with intermediate file `pg_ts_parser.dat.cpp'.
     Avoiding implicit rule recursion.
     Avoiding implicit rule recursion.
     Trying pattern rule with stem `pg_ts_parser.dat.cpp'.
     Trying implicit prerequisite `pg_ts_parser.dat.cpp,v'.
     Trying pattern rule with stem `pg_ts_parser.dat.cpp'.
     Trying implicit prerequisite `RCS/pg_ts_parser.dat.cpp,v'.
     Trying pattern rule with stem `pg_ts_parser.dat.cpp'.
     Trying implicit prerequisite `RCS/pg_ts_parser.dat.cpp'.
     Trying pattern rule with stem `pg_ts_parser.dat.cpp'.
     Trying implicit prerequisite `s.pg_ts_parser.dat.cpp'.
     Trying pattern rule with stem `pg_ts_parser.dat.cpp'.
     Trying implicit prerequisite `SCCS/s.pg_ts_parser.dat.cpp'.
    Trying pattern rule with stem `pg_ts_parser.dat'.
    Trying implicit prerequisite `pg_ts_parser.dat.p'.
    Looking for a rule with intermediate file `pg_ts_parser.dat.p'.
     Avoiding implicit rule recursion.
     Avoiding implicit rule recursion.
     Trying pattern rule with stem `pg_ts_parser.dat'.
     Trying implicit prerequisite `pg_ts_parser.dat.web'.
     Trying pattern rule with stem `pg_ts_parser.dat.p'.
     Trying implicit prerequisite `pg_ts_parser.dat.p,v'.
     Trying pattern rule with stem `pg_ts_parser.dat.p'.
     Trying implicit prerequisite `RCS/pg_ts_parser.dat.p,v'.
     Trying pattern rule with stem `pg_ts_parser.dat.p'.
     Trying implicit prerequisite `RCS/pg_ts_parser.dat.p'.
     Trying pattern rule with stem `pg_ts_parser.dat.p'.
     Trying implicit prerequisite `s.pg_ts_parser.dat.p'.
     Trying pattern rule with stem `pg_ts_parser.dat.p'.
     Trying implicit prerequisite `SCCS/s.pg_ts_parser.dat.p'.
     Trying pattern rule with stem `pg_ts_parser.dat'.
     Trying implicit prerequisite `pg_ts_parser.dat.web'.
     Looking for a rule with intermediate file `pg_ts_parser.dat.web'.
      Avoiding implicit rule recursion.
      Avoiding implicit rule recursion.
      Avoiding implicit rule recursion.
      Trying pattern rule with stem `pg_ts_parser.dat.web'.
      Trying implicit prerequisite `pg_ts_parser.dat.web,v'.
      Trying pattern rule with stem `pg_ts_parser.dat.web'.
      Trying implicit prerequisite `RCS/pg_ts_parser.dat.web,v'.
      Trying pattern rule with stem `pg_ts_parser.dat.web'.
      Trying implicit prerequisite `RCS/pg_ts_parser.dat.web'.
      Trying pattern rule with stem `pg_ts_parser.dat.web'.
      Trying implicit prerequisite `s.pg_ts_parser.dat.web'.
      Trying pattern rule with stem `pg_ts_parser.dat.web'.
      Trying implicit prerequisite `SCCS/s.pg_ts_parser.dat.web'.
    Trying pattern rule with stem `pg_ts_parser.dat'.
    Trying implicit prerequisite `pg_ts_parser.dat.f'.
    Looking for a rule with intermediate file `pg_ts_parser.dat.f'.
     Avoiding implicit rule recursion.
     Avoiding implicit rule recursion.
     Trying pattern rule with stem `pg_ts_parser.dat'.
     Trying implicit prerequisite `pg_ts_parser.dat.F'.
     Trying pattern rule with stem `pg_ts_parser.dat'.
     Trying implicit prerequisite `pg_ts_parser.dat.r'.
     Trying pattern rule with stem `pg_ts_parser.dat.f'.
     Trying implicit prerequisite `pg_ts_parser.dat.f,v'.
     Trying pattern rule with stem `pg_ts_parser.dat.f'.
     Trying implicit prerequisite `RCS/pg_ts_parser.dat.f,v'.
     Trying pattern rule with stem `pg_ts_parser.dat.f'.
     Trying implicit prerequisite `RCS/pg_ts_parser.dat.f'.
     Trying pattern rule with stem `pg_ts_parser.dat.f'.
     Trying implicit prerequisite `s.pg_ts_parser.dat.f'.
     Trying pattern rule with stem `pg_ts_parser.dat.f'.
     Trying implicit prerequisite `SCCS/s.pg_ts_parser.dat.f'.
     Trying pattern rule with stem `pg_ts_parser.dat'.
     Trying implicit prerequisite `pg_ts_parser.dat.F'.
     Looking for a rule with intermediate file `pg_ts_parser.dat.F'.
      Avoiding implicit rule recursion.
      Avoiding implicit rule recursion.
      Avoiding implicit rule recursion.
      Trying pattern rule with stem `pg_ts_parser.dat.F'.
      Trying implicit prerequisite `pg_ts_parser.dat.F,v'.
      Trying pattern rule with stem `pg_ts_parser.dat.F'.
      Trying implicit prerequisite `RCS/pg_ts_parser.dat.F,v'.
      Trying pattern rule with stem `pg_ts_parser.dat.F'.
      Trying implicit prerequisite `RCS/pg_ts_parser.dat.F'.
      Trying pattern rule with stem `pg_ts_parser.dat.F'.
      Trying implicit prerequisite `s.pg_ts_parser.dat.F'.
      Trying pattern rule with stem `pg_ts_parser.dat.F'.
      Trying implicit prerequisite `SCCS/s.pg_ts_parser.dat.F'.
     Trying pattern rule with stem `pg_ts_parser.dat'.
     Trying implicit prerequisite `pg_ts_parser.dat.r'.
     Looking for a rule with intermediate file `pg_ts_parser.dat.r'.
      Avoiding implicit rule recursion.
      Avoiding implicit rule recursion.
      Avoiding implicit rule recursion.
      Trying pattern rule with stem `pg_ts_parser.dat'.
      Rejecting impossible implicit prerequisite `pg_ts_parser.dat.l'.
      Trying pattern rule with stem `pg_ts_parser.dat.r'.
      Trying implicit prerequisite `pg_ts_parser.dat.r,v'.
      Trying pattern rule with stem `pg_ts_parser.dat.r'.
      Trying implicit prerequisite `RCS/pg_ts_parser.dat.r,v'.
      Trying pattern rule with stem `pg_ts_parser.dat.r'.
      Trying implicit prerequisite `RCS/pg_ts_parser.dat.r'.
      Trying pattern rule with stem `pg_ts_parser.dat.r'.
      Trying implicit prerequisite `s.pg_ts_parser.dat.r'.
      Trying pattern rule with stem `pg_ts_parser.dat.r'.
      Trying implicit prerequisite `SCCS/s.pg_ts_parser.dat.r'.
    Trying pattern rule with stem `pg_ts_parser.dat'.
    Rejecting impossible implicit prerequisite `pg_ts_parser.dat.F'.
    Trying pattern rule with stem `pg_ts_parser.dat'.
    Trying implicit prerequisite `pg_ts_parser.dat.m'.
    Looking for a rule with intermediate file `pg_ts_parser.dat.m'.
     Avoiding implicit rule recursion.
     Avoiding implicit rule recursion.
     Trying pattern rule with stem `pg_ts_parser.dat'.
     Trying implicit prerequisite `pg_ts_parser.dat.ym'.
     Trying pattern rule with stem `pg_ts_parser.dat'.
     Trying implicit prerequisite `pg_ts_parser.dat.lm'.
     Trying pattern rule with stem `pg_ts_parser.dat.m'.
     Trying implicit prerequisite `pg_ts_parser.dat.m,v'.
     Trying pattern rule with stem `pg_ts_parser.dat.m'.
     Trying implicit prerequisite `RCS/pg_ts_parser.dat.m,v'.
     Trying pattern rule with stem `pg_ts_parser.dat.m'.
     Trying implicit prerequisite `RCS/pg_ts_parser.dat.m'.
     Trying pattern rule with stem `pg_ts_parser.dat.m'.
     Trying implicit prerequisite `s.pg_ts_parser.dat.m'.
     Trying pattern rule with stem `pg_ts_parser.dat.m'.
     Trying implicit prerequisite `SCCS/s.pg_ts_parser.dat.m'.
     Trying pattern rule with stem `pg_ts_parser.dat'.
     Trying implicit prerequisite `pg_ts_parser.dat.ym'.
     Looking for a rule with intermediate file `pg_ts_parser.dat.ym'.
      Avoiding implicit rule recursion.
      Avoiding implicit rule recursion.
      Avoiding implicit rule recursion.
      Trying pattern rule with stem `pg_ts_parser.dat.ym'.
      Trying implicit prerequisite `pg_ts_parser.dat.ym,v'.
      Trying pattern rule with stem `pg_ts_parser.dat.ym'.
      Trying implicit prerequisite `RCS/pg_ts_parser.dat.ym,v'.
      Trying pattern rule with stem `pg_ts_parser.dat.ym'.
      Trying implicit prerequisite `RCS/pg_ts_parser.dat.ym'.
      Trying pattern rule with stem `pg_ts_parser.dat.ym'.
      Trying implicit prerequisite `s.pg_ts_parser.dat.ym'.
      Trying pattern rule with stem `pg_ts_parser.dat.ym'.
      Trying implicit prerequisite `SCCS/s.pg_ts_parser.dat.ym'.
     Trying pattern rule with stem `pg_ts_parser.dat'.
     Trying implicit prerequisite `pg_ts_parser.dat.lm'.
     Looking for a rule with intermediate file `pg_ts_parser.dat.lm'.
      Avoiding implicit rule recursion.
      Avoiding implicit rule recursion.
      Avoiding implicit rule recursion.
      Trying pattern rule with stem `pg_ts_parser.dat.lm'.
      Trying implicit prerequisite `pg_ts_parser.dat.lm,v'.
      Trying pattern rule with stem `pg_ts_parser.dat.lm'.
      Trying implicit prerequisite `RCS/pg_ts_parser.dat.lm,v'.
      Trying pattern rule with stem `pg_ts_parser.dat.lm'.
      Trying implicit prerequisite `RCS/pg_ts_parser.dat.lm'.
      Trying pattern rule with stem `pg_ts_parser.dat.lm'.
      Trying implicit prerequisite `s.pg_ts_parser.dat.lm'.
      Trying pattern rule with stem `pg_ts_parser.dat.lm'.
      Trying implicit prerequisite `SCCS/s.pg_ts_parser.dat.lm'.
    Trying pattern rule with stem `pg_ts_parser.dat'.
    Rejecting impossible implicit prerequisite `pg_ts_parser.dat.r'.
    Trying pattern rule with stem `pg_ts_parser.dat'.
    Trying implicit prerequisite `pg_ts_parser.dat.s'.
    Looking for a rule with intermediate file `pg_ts_parser.dat.s'.
     Avoiding implicit rule recursion.
     Avoiding implicit rule recursion.
     Trying pattern rule with stem `pg_ts_parser.dat'.
     Trying implicit prerequisite `pg_ts_parser.dat.S'.
     Trying pattern rule with stem `pg_ts_parser.dat.s'.
     Trying implicit prerequisite `pg_ts_parser.dat.s,v'.
     Trying pattern rule with stem `pg_ts_parser.dat.s'.
     Trying implicit prerequisite `RCS/pg_ts_parser.dat.s,v'.
     Trying pattern rule with stem `pg_ts_parser.dat.s'.
     Trying implicit prerequisite `RCS/pg_ts_parser.dat.s'.
     Trying pattern rule with stem `pg_ts_parser.dat.s'.
     Trying implicit prerequisite `s.pg_ts_parser.dat.s'.
     Trying pattern rule with stem `pg_ts_parser.dat.s'.
     Trying implicit prerequisite `SCCS/s.pg_ts_parser.dat.s'.
     Trying pattern rule with stem `pg_ts_parser.dat'.
     Trying implicit prerequisite `pg_ts_parser.dat.S'.
     Looking for a rule with intermediate file `pg_ts_parser.dat.S'.
      Avoiding implicit rule recursion.
      Avoiding implicit rule recursion.
      Avoiding implicit rule recursion.
      Trying pattern rule with stem `pg_ts_parser.dat.S'.
      Trying implicit prerequisite `pg_ts_parser.dat.S,v'.
      Trying pattern rule with stem `pg_ts_parser.dat.S'.
      Trying implicit prerequisite `RCS/pg_ts_parser.dat.S,v'.
      Trying pattern rule with stem `pg_ts_parser.dat.S'.
      Trying implicit prerequisite `RCS/pg_ts_parser.dat.S'.
      Trying pattern rule with stem `pg_ts_parser.dat.S'.
      Trying implicit prerequisite `s.pg_ts_parser.dat.S'.
      Trying pattern rule with stem `pg_ts_parser.dat.S'.
      Trying implicit prerequisite `SCCS/s.pg_ts_parser.dat.S'.
    Trying pattern rule with stem `pg_ts_parser.dat'.
    Rejecting impossible implicit prerequisite `pg_ts_parser.dat.S'.
    Trying pattern rule with stem `pg_ts_parser.dat'.
    Trying implicit prerequisite `pg_ts_parser.dat.mod'.
    Looking for a rule with intermediate file `pg_ts_parser.dat.mod'.
     Avoiding implicit rule recursion.
     Avoiding implicit rule recursion.
     Trying pattern rule with stem `pg_ts_parser.dat.mod'.
     Trying implicit prerequisite `pg_ts_parser.dat.mod,v'.
     Trying pattern rule with stem `pg_ts_parser.dat.mod'.
     Trying implicit prerequisite `RCS/pg_ts_parser.dat.mod,v'.
     Trying pattern rule with stem `pg_ts_parser.dat.mod'.
     Trying implicit prerequisite `RCS/pg_ts_parser.dat.mod'.
     Trying pattern rule with stem `pg_ts_parser.dat.mod'.
     Trying implicit prerequisite `s.pg_ts_parser.dat.mod'.
     Trying pattern rule with stem `pg_ts_parser.dat.mod'.
     Trying implicit prerequisite `SCCS/s.pg_ts_parser.dat.mod'.
   Trying pattern rule with stem `pg_ts_parser.dat'.
   Rejecting impossible implicit prerequisite `pg_ts_parser.dat.cc'.
   Trying pattern rule with stem `pg_ts_parser.dat'.
   Rejecting impossible implicit prerequisite `pg_ts_parser.dat.C'.
   Trying pattern rule with stem `pg_ts_parser.dat'.
   Rejecting impossible implicit prerequisite `pg_ts_parser.dat.cpp'.
   Trying pattern rule with stem `pg_ts_parser.dat'.
   Rejecting impossible implicit prerequisite `pg_ts_parser.dat.p'.
   Trying pattern rule with stem `pg_ts_parser.dat'.
   Rejecting impossible implicit prerequisite `pg_ts_parser.dat.f'.
   Trying pattern rule with stem `pg_ts_parser.dat'.
   Rejecting impossible implicit prerequisite `pg_ts_parser.dat.F'.
   Trying pattern rule with stem `pg_ts_parser.dat'.
   Rejecting impossible implicit prerequisite `pg_ts_parser.dat.m'.
   Trying pattern rule with stem `pg_ts_parser.dat'.
   Rejecting impossible implicit prerequisite `pg_ts_parser.dat.r'.
   Trying pattern rule with stem `pg_ts_parser.dat'.
   Rejecting impossible implicit prerequisite `pg_ts_parser.dat.s'.
   Trying pattern rule with stem `pg_ts_parser.dat'.
   Rejecting impossible implicit prerequisite `pg_ts_parser.dat.S'.
   Trying pattern rule with stem `pg_ts_parser.dat'.
   Rejecting impossible implicit prerequisite `pg_ts_parser.dat.mod'.
   Trying pattern rule with stem `pg_ts_parser.dat'.
   Trying implicit prerequisite `pg_ts_parser.dat.sh'.
   Looking for a rule with intermediate file `pg_ts_parser.dat.sh'.
    Avoiding implicit rule recursion.
    Trying pattern rule with stem `pg_ts_parser.dat.sh'.
    Trying implicit prerequisite `pg_ts_parser.dat.sh,v'.
    Trying pattern rule with stem `pg_ts_parser.dat.sh'.
    Trying implicit prerequisite `RCS/pg_ts_parser.dat.sh,v'.
    Trying pattern rule with stem `pg_ts_parser.dat.sh'.
    Trying implicit prerequisite `RCS/pg_ts_parser.dat.sh'.
    Trying pattern rule with stem `pg_ts_parser.dat.sh'.
    Trying implicit prerequisite `s.pg_ts_parser.dat.sh'.
    Trying pattern rule with stem `pg_ts_parser.dat.sh'.
    Trying implicit prerequisite `SCCS/s.pg_ts_parser.dat.sh'.
   No implicit rule found for `pg_ts_parser.dat'.
   Looking for an implicit rule for `pg_ts_template.dat'.
   Trying pattern rule with stem `pg_ts_template.dat'.
   Trying implicit prerequisite `pg_ts_template.dat.o'.
   Trying pattern rule with stem `pg_ts_template.dat'.
   Trying implicit prerequisite `pg_ts_template.dat.cc'.
   Trying pattern rule with stem `pg_ts_template.dat'.
   Trying implicit prerequisite `pg_ts_template.dat.C'.
   Trying pattern rule with stem `pg_ts_template.dat'.
   Trying implicit prerequisite `pg_ts_template.dat.cpp'.
   Trying pattern rule with stem `pg_ts_template.dat'.
   Trying implicit prerequisite `pg_ts_template.dat.p'.
   Trying pattern rule with stem `pg_ts_template.dat'.
   Trying implicit prerequisite `pg_ts_template.dat.f'.
   Trying pattern rule with stem `pg_ts_template.dat'.
   Trying implicit prerequisite `pg_ts_template.dat.F'.
   Trying pattern rule with stem `pg_ts_template.dat'.
   Trying implicit prerequisite `pg_ts_template.dat.m'.
   Trying pattern rule with stem `pg_ts_template.dat'.
   Trying implicit prerequisite `pg_ts_template.dat.r'.
   Trying pattern rule with stem `pg_ts_template.dat'.
   Trying implicit prerequisite `pg_ts_template.dat.s'.
   Trying pattern rule with stem `pg_ts_template.dat'.
   Trying implicit prerequisite `pg_ts_template.dat.S'.
   Trying pattern rule with stem `pg_ts_template.dat'.
   Trying implicit prerequisite `pg_ts_template.dat.mod'.
   Trying pattern rule with stem `pg_ts_template.dat'.
   Trying implicit prerequisite `pg_ts_template.dat.sh'.
   Trying pattern rule with stem `pg_ts_template.dat'.
   Trying implicit prerequisite `pg_ts_template.dat,v'.
   Trying pattern rule with stem `pg_ts_template.dat'.
   Trying implicit prerequisite `RCS/pg_ts_template.dat,v'.
   Trying pattern rule with stem `pg_ts_template.dat'.
   Trying implicit prerequisite `RCS/pg_ts_template.dat'.
   Trying pattern rule with stem `pg_ts_template.dat'.
   Trying implicit prerequisite `s.pg_ts_template.dat'.
   Trying pattern rule with stem `pg_ts_template.dat'.
   Trying implicit prerequisite `SCCS/s.pg_ts_template.dat'.
   Trying pattern rule with stem `pg_ts_template.dat'.
   Trying implicit prerequisite `pg_ts_template.dat.o'.
   Looking for a rule with intermediate file `pg_ts_template.dat.o'.
    Avoiding implicit rule recursion.
    Trying pattern rule with stem `pg_ts_template.dat'.
    Trying implicit prerequisite `pg_ts_template.dat.c'.
    Trying pattern rule with stem `pg_ts_template.dat'.
    Trying implicit prerequisite `pg_ts_template.dat.cc'.
    Trying pattern rule with stem `pg_ts_template.dat'.
    Trying implicit prerequisite `pg_ts_template.dat.C'.
    Trying pattern rule with stem `pg_ts_template.dat'.
    Trying implicit prerequisite `pg_ts_template.dat.cpp'.
    Trying pattern rule with stem `pg_ts_template.dat'.
    Trying implicit prerequisite `pg_ts_template.dat.p'.
    Trying pattern rule with stem `pg_ts_template.dat'.
    Trying implicit prerequisite `pg_ts_template.dat.f'.
    Trying pattern rule with stem `pg_ts_template.dat'.
    Trying implicit prerequisite `pg_ts_template.dat.F'.
    Trying pattern rule with stem `pg_ts_template.dat'.
    Trying implicit prerequisite `pg_ts_template.dat.m'.
    Trying pattern rule with stem `pg_ts_template.dat'.
    Trying implicit prerequisite `pg_ts_template.dat.r'.
    Trying pattern rule with stem `pg_ts_template.dat'.
    Trying implicit prerequisite `pg_ts_template.dat.s'.
    Trying pattern rule with stem `pg_ts_template.dat'.
    Trying implicit prerequisite `pg_ts_template.dat.S'.
    Trying pattern rule with stem `pg_ts_template.dat'.
    Trying implicit prerequisite `pg_ts_template.dat.mod'.
    Trying pattern rule with stem `pg_ts_template.dat.o'.
    Trying implicit prerequisite `pg_ts_template.dat.o,v'.
    Trying pattern rule with stem `pg_ts_template.dat.o'.
    Trying implicit prerequisite `RCS/pg_ts_template.dat.o,v'.
    Trying pattern rule with stem `pg_ts_template.dat.o'.
    Trying implicit prerequisite `RCS/pg_ts_template.dat.o'.
    Trying pattern rule with stem `pg_ts_template.dat.o'.
    Trying implicit prerequisite `s.pg_ts_template.dat.o'.
    Trying pattern rule with stem `pg_ts_template.dat.o'.
    Trying implicit prerequisite `SCCS/s.pg_ts_template.dat.o'.
    Trying pattern rule with stem `pg_ts_template.dat'.
    Trying implicit prerequisite `pg_ts_template.dat.c'.
    Looking for a rule with intermediate file `pg_ts_template.dat.c'.
     Avoiding implicit rule recursion.
     Avoiding implicit rule recursion.
     Trying pattern rule with stem `pg_ts_template.dat'.
     Trying implicit prerequisite `pg_ts_template.dat.l'.
     Trying pattern rule with stem `pg_ts_template.dat'.
     Trying implicit prerequisite `pg_ts_template.dat.y'.
     Trying pattern rule with stem `pg_ts_template.dat'.
     Trying implicit prerequisite `pg_ts_template.dat.w'.
     Trying pattern rule with stem `pg_ts_template.dat'.
     Trying implicit prerequisite `pg_ts_template.dat.w'.
     Trying pattern rule with stem `pg_ts_template.dat.c'.
     Trying implicit prerequisite `pg_ts_template.dat.c,v'.
     Trying pattern rule with stem `pg_ts_template.dat.c'.
     Trying implicit prerequisite `RCS/pg_ts_template.dat.c,v'.
     Trying pattern rule with stem `pg_ts_template.dat.c'.
     Trying implicit prerequisite `RCS/pg_ts_template.dat.c'.
     Trying pattern rule with stem `pg_ts_template.dat.c'.
     Trying implicit prerequisite `s.pg_ts_template.dat.c'.
     Trying pattern rule with stem `pg_ts_template.dat.c'.
     Trying implicit prerequisite `SCCS/s.pg_ts_template.dat.c'.
     Trying pattern rule with stem `pg_ts_template.dat'.
     Trying implicit prerequisite `pg_ts_template.dat.l'.
     Looking for a rule with intermediate file `pg_ts_template.dat.l'.
      Avoiding implicit rule recursion.
      Avoiding implicit rule recursion.
      Avoiding implicit rule recursion.
      Trying pattern rule with stem `pg_ts_template.dat.l'.
      Trying implicit prerequisite `pg_ts_template.dat.l,v'.
      Trying pattern rule with stem `pg_ts_template.dat.l'.
      Trying implicit prerequisite `RCS/pg_ts_template.dat.l,v'.
      Trying pattern rule with stem `pg_ts_template.dat.l'.
      Trying implicit prerequisite `RCS/pg_ts_template.dat.l'.
      Trying pattern rule with stem `pg_ts_template.dat.l'.
      Trying implicit prerequisite `s.pg_ts_template.dat.l'.
      Trying pattern rule with stem `pg_ts_template.dat.l'.
      Trying implicit prerequisite `SCCS/s.pg_ts_template.dat.l'.
     Trying pattern rule with stem `pg_ts_template.dat'.
     Trying implicit prerequisite `pg_ts_template.dat.y'.
     Looking for a rule with intermediate file `pg_ts_template.dat.y'.
      Avoiding implicit rule recursion.
      Avoiding implicit rule recursion.
      Avoiding implicit rule recursion.
      Trying pattern rule with stem `pg_ts_template.dat.y'.
      Trying implicit prerequisite `pg_ts_template.dat.y,v'.
      Trying pattern rule with stem `pg_ts_template.dat.y'.
      Trying implicit prerequisite `RCS/pg_ts_template.dat.y,v'.
      Trying pattern rule with stem `pg_ts_template.dat.y'.
      Trying implicit prerequisite `RCS/pg_ts_template.dat.y'.
      Trying pattern rule with stem `pg_ts_template.dat.y'.
      Trying implicit prerequisite `s.pg_ts_template.dat.y'.
      Trying pattern rule with stem `pg_ts_template.dat.y'.
      Trying implicit prerequisite `SCCS/s.pg_ts_template.dat.y'.
     Trying pattern rule with stem `pg_ts_template.dat'.
     Trying implicit prerequisite `pg_ts_template.dat.w'.
     Looking for a rule with intermediate file `pg_ts_template.dat.w'.
      Avoiding implicit rule recursion.
      Avoiding implicit rule recursion.
      Avoiding implicit rule recursion.
      Trying pattern rule with stem `pg_ts_template.dat.w'.
      Trying implicit prerequisite `pg_ts_template.dat.w,v'.
      Trying pattern rule with stem `pg_ts_template.dat.w'.
      Trying implicit prerequisite `RCS/pg_ts_template.dat.w,v'.
      Trying pattern rule with stem `pg_ts_template.dat.w'.
      Trying implicit prerequisite `RCS/pg_ts_template.dat.w'.
      Trying pattern rule with stem `pg_ts_template.dat.w'.
      Trying implicit prerequisite `s.pg_ts_template.dat.w'.
      Trying pattern rule with stem `pg_ts_template.dat.w'.
      Trying implicit prerequisite `SCCS/s.pg_ts_template.dat.w'.
     Trying pattern rule with stem `pg_ts_template.dat'.
     Rejecting impossible implicit prerequisite `pg_ts_template.dat.w'.
    Trying pattern rule with stem `pg_ts_template.dat'.
    Trying implicit prerequisite `pg_ts_template.dat.cc'.
    Looking for a rule with intermediate file `pg_ts_template.dat.cc'.
     Avoiding implicit rule recursion.
     Avoiding implicit rule recursion.
     Trying pattern rule with stem `pg_ts_template.dat.cc'.
     Trying implicit prerequisite `pg_ts_template.dat.cc,v'.
     Trying pattern rule with stem `pg_ts_template.dat.cc'.
     Trying implicit prerequisite `RCS/pg_ts_template.dat.cc,v'.
     Trying pattern rule with stem `pg_ts_template.dat.cc'.
     Trying implicit prerequisite `RCS/pg_ts_template.dat.cc'.
     Trying pattern rule with stem `pg_ts_template.dat.cc'.
     Trying implicit prerequisite `s.pg_ts_template.dat.cc'.
     Trying pattern rule with stem `pg_ts_template.dat.cc'.
     Trying implicit prerequisite `SCCS/s.pg_ts_template.dat.cc'.
    Trying pattern rule with stem `pg_ts_template.dat'.
    Trying implicit prerequisite `pg_ts_template.dat.C'.
    Looking for a rule with intermediate file `pg_ts_template.dat.C'.
     Avoiding implicit rule recursion.
     Avoiding implicit rule recursion.
     Trying pattern rule with stem `pg_ts_template.dat.C'.
     Trying implicit prerequisite `pg_ts_template.dat.C,v'.
     Trying pattern rule with stem `pg_ts_template.dat.C'.
     Trying implicit prerequisite `RCS/pg_ts_template.dat.C,v'.
     Trying pattern rule with stem `pg_ts_template.dat.C'.
     Trying implicit prerequisite `RCS/pg_ts_template.dat.C'.
     Trying pattern rule with stem `pg_ts_template.dat.C'.
     Trying implicit prerequisite `s.pg_ts_template.dat.C'.
     Trying pattern rule with stem `pg_ts_template.dat.C'.
     Trying implicit prerequisite `SCCS/s.pg_ts_template.dat.C'.
    Trying pattern rule with stem `pg_ts_template.dat'.
    Trying implicit prerequisite `pg_ts_template.dat.cpp'.
    Looking for a rule with intermediate file `pg_ts_template.dat.cpp'.
     Avoiding implicit rule recursion.
     Avoiding implicit rule recursion.
     Trying pattern rule with stem `pg_ts_template.dat.cpp'.
     Trying implicit prerequisite `pg_ts_template.dat.cpp,v'.
     Trying pattern rule with stem `pg_ts_template.dat.cpp'.
     Trying implicit prerequisite `RCS/pg_ts_template.dat.cpp,v'.
     Trying pattern rule with stem `pg_ts_template.dat.cpp'.
     Trying implicit prerequisite `RCS/pg_ts_template.dat.cpp'.
     Trying pattern rule with stem `pg_ts_template.dat.cpp'.
     Trying implicit prerequisite `s.pg_ts_template.dat.cpp'.
     Trying pattern rule with stem `pg_ts_template.dat.cpp'.
     Trying implicit prerequisite `SCCS/s.pg_ts_template.dat.cpp'.
    Trying pattern rule with stem `pg_ts_template.dat'.
    Trying implicit prerequisite `pg_ts_template.dat.p'.
    Looking for a rule with intermediate file `pg_ts_template.dat.p'.
     Avoiding implicit rule recursion.
     Avoiding implicit rule recursion.
     Trying pattern rule with stem `pg_ts_template.dat'.
     Trying implicit prerequisite `pg_ts_template.dat.web'.
     Trying pattern rule with stem `pg_ts_template.dat.p'.
     Trying implicit prerequisite `pg_ts_template.dat.p,v'.
     Trying pattern rule with stem `pg_ts_template.dat.p'.
     Trying implicit prerequisite `RCS/pg_ts_template.dat.p,v'.
     Trying pattern rule with stem `pg_ts_template.dat.p'.
     Trying implicit prerequisite `RCS/pg_ts_template.dat.p'.
     Trying pattern rule with stem `pg_ts_template.dat.p'.
     Trying implicit prerequisite `s.pg_ts_template.dat.p'.
     Trying pattern rule with stem `pg_ts_template.dat.p'.
     Trying implicit prerequisite `SCCS/s.pg_ts_template.dat.p'.
     Trying pattern rule with stem `pg_ts_template.dat'.
     Trying implicit prerequisite `pg_ts_template.dat.web'.
     Looking for a rule with intermediate file `pg_ts_template.dat.web'.
      Avoiding implicit rule recursion.
      Avoiding implicit rule recursion.
      Avoiding implicit rule recursion.
      Trying pattern rule with stem `pg_ts_template.dat.web'.
      Trying implicit prerequisite `pg_ts_template.dat.web,v'.
      Trying pattern rule with stem `pg_ts_template.dat.web'.
      Trying implicit prerequisite `RCS/pg_ts_template.dat.web,v'.
      Trying pattern rule with stem `pg_ts_template.dat.web'.
      Trying implicit prerequisite `RCS/pg_ts_template.dat.web'.
      Trying pattern rule with stem `pg_ts_template.dat.web'.
      Trying implicit prerequisite `s.pg_ts_template.dat.web'.
      Trying pattern rule with stem `pg_ts_template.dat.web'.
      Trying implicit prerequisite `SCCS/s.pg_ts_template.dat.web'.
    Trying pattern rule with stem `pg_ts_template.dat'.
    Trying implicit prerequisite `pg_ts_template.dat.f'.
    Looking for a rule with intermediate file `pg_ts_template.dat.f'.
     Avoiding implicit rule recursion.
     Avoiding implicit rule recursion.
     Trying pattern rule with stem `pg_ts_template.dat'.
     Trying implicit prerequisite `pg_ts_template.dat.F'.
     Trying pattern rule with stem `pg_ts_template.dat'.
     Trying implicit prerequisite `pg_ts_template.dat.r'.
     Trying pattern rule with stem `pg_ts_template.dat.f'.
     Trying implicit prerequisite `pg_ts_template.dat.f,v'.
     Trying pattern rule with stem `pg_ts_template.dat.f'.
     Trying implicit prerequisite `RCS/pg_ts_template.dat.f,v'.
     Trying pattern rule with stem `pg_ts_template.dat.f'.
     Trying implicit prerequisite `RCS/pg_ts_template.dat.f'.
     Trying pattern rule with stem `pg_ts_template.dat.f'.
     Trying implicit prerequisite `s.pg_ts_template.dat.f'.
     Trying pattern rule with stem `pg_ts_template.dat.f'.
     Trying implicit prerequisite `SCCS/s.pg_ts_template.dat.f'.
     Trying pattern rule with stem `pg_ts_template.dat'.
     Trying implicit prerequisite `pg_ts_template.dat.F'.
     Looking for a rule with intermediate file `pg_ts_template.dat.F'.
      Avoiding implicit rule recursion.
      Avoiding implicit rule recursion.
      Avoiding implicit rule recursion.
      Trying pattern rule with stem `pg_ts_template.dat.F'.
      Trying implicit prerequisite `pg_ts_template.dat.F,v'.
      Trying pattern rule with stem `pg_ts_template.dat.F'.
      Trying implicit prerequisite `RCS/pg_ts_template.dat.F,v'.
      Trying pattern rule with stem `pg_ts_template.dat.F'.
      Trying implicit prerequisite `RCS/pg_ts_template.dat.F'.
      Trying pattern rule with stem `pg_ts_template.dat.F'.
      Trying implicit prerequisite `s.pg_ts_template.dat.F'.
      Trying pattern rule with stem `pg_ts_template.dat.F'.
      Trying implicit prerequisite `SCCS/s.pg_ts_template.dat.F'.
     Trying pattern rule with stem `pg_ts_template.dat'.
     Trying implicit prerequisite `pg_ts_template.dat.r'.
     Looking for a rule with intermediate file `pg_ts_template.dat.r'.
      Avoiding implicit rule recursion.
      Avoiding implicit rule recursion.
      Avoiding implicit rule recursion.
      Trying pattern rule with stem `pg_ts_template.dat'.
      Rejecting impossible implicit prerequisite `pg_ts_template.dat.l'.
      Trying pattern rule with stem `pg_ts_template.dat.r'.
      Trying implicit prerequisite `pg_ts_template.dat.r,v'.
      Trying pattern rule with stem `pg_ts_template.dat.r'.
      Trying implicit prerequisite `RCS/pg_ts_template.dat.r,v'.
      Trying pattern rule with stem `pg_ts_template.dat.r'.
      Trying implicit prerequisite `RCS/pg_ts_template.dat.r'.
      Trying pattern rule with stem `pg_ts_template.dat.r'.
      Trying implicit prerequisite `s.pg_ts_template.dat.r'.
      Trying pattern rule with stem `pg_ts_template.dat.r'.
      Trying implicit prerequisite `SCCS/s.pg_ts_template.dat.r'.
    Trying pattern rule with stem `pg_ts_template.dat'.
    Rejecting impossible implicit prerequisite `pg_ts_template.dat.F'.
    Trying pattern rule with stem `pg_ts_template.dat'.
    Trying implicit prerequisite `pg_ts_template.dat.m'.
    Looking for a rule with intermediate file `pg_ts_template.dat.m'.
     Avoiding implicit rule recursion.
     Avoiding implicit rule recursion.
     Trying pattern rule with stem `pg_ts_template.dat'.
     Trying implicit prerequisite `pg_ts_template.dat.ym'.
     Trying pattern rule with stem `pg_ts_template.dat'.
     Trying implicit prerequisite `pg_ts_template.dat.lm'.
     Trying pattern rule with stem `pg_ts_template.dat.m'.
     Trying implicit prerequisite `pg_ts_template.dat.m,v'.
     Trying pattern rule with stem `pg_ts_template.dat.m'.
     Trying implicit prerequisite `RCS/pg_ts_template.dat.m,v'.
     Trying pattern rule with stem `pg_ts_template.dat.m'.
     Trying implicit prerequisite `RCS/pg_ts_template.dat.m'.
     Trying pattern rule with stem `pg_ts_template.dat.m'.
     Trying implicit prerequisite `s.pg_ts_template.dat.m'.
     Trying pattern rule with stem `pg_ts_template.dat.m'.
     Trying implicit prerequisite `SCCS/s.pg_ts_template.dat.m'.
     Trying pattern rule with stem `pg_ts_template.dat'.
     Trying implicit prerequisite `pg_ts_template.dat.ym'.
     Looking for a rule with intermediate file `pg_ts_template.dat.ym'.
      Avoiding implicit rule recursion.
      Avoiding implicit rule recursion.
      Avoiding implicit rule recursion.
      Trying pattern rule with stem `pg_ts_template.dat.ym'.
      Trying implicit prerequisite `pg_ts_template.dat.ym,v'.
      Trying pattern rule with stem `pg_ts_template.dat.ym'.
      Trying implicit prerequisite `RCS/pg_ts_template.dat.ym,v'.
      Trying pattern rule with stem `pg_ts_template.dat.ym'.
      Trying implicit prerequisite `RCS/pg_ts_template.dat.ym'.
      Trying pattern rule with stem `pg_ts_template.dat.ym'.
      Trying implicit prerequisite `s.pg_ts_template.dat.ym'.
      Trying pattern rule with stem `pg_ts_template.dat.ym'.
      Trying implicit prerequisite `SCCS/s.pg_ts_template.dat.ym'.
     Trying pattern rule with stem `pg_ts_template.dat'.
     Trying implicit prerequisite `pg_ts_template.dat.lm'.
     Looking for a rule with intermediate file `pg_ts_template.dat.lm'.
      Avoiding implicit rule recursion.
      Avoiding implicit rule recursion.
      Avoiding implicit rule recursion.
      Trying pattern rule with stem `pg_ts_template.dat.lm'.
      Trying implicit prerequisite `pg_ts_template.dat.lm,v'.
      Trying pattern rule with stem `pg_ts_template.dat.lm'.
      Trying implicit prerequisite `RCS/pg_ts_template.dat.lm,v'.
      Trying pattern rule with stem `pg_ts_template.dat.lm'.
      Trying implicit prerequisite `RCS/pg_ts_template.dat.lm'.
      Trying pattern rule with stem `pg_ts_template.dat.lm'.
      Trying implicit prerequisite `s.pg_ts_template.dat.lm'.
      Trying pattern rule with stem `pg_ts_template.dat.lm'.
      Trying implicit prerequisite `SCCS/s.pg_ts_template.dat.lm'.
    Trying pattern rule with stem `pg_ts_template.dat'.
    Rejecting impossible implicit prerequisite `pg_ts_template.dat.r'.
    Trying pattern rule with stem `pg_ts_template.dat'.
    Trying implicit prerequisite `pg_ts_template.dat.s'.
    Looking for a rule with intermediate file `pg_ts_template.dat.s'.
     Avoiding implicit rule recursion.
     Avoiding implicit rule recursion.
     Trying pattern rule with stem `pg_ts_template.dat'.
     Trying implicit prerequisite `pg_ts_template.dat.S'.
     Trying pattern rule with stem `pg_ts_template.dat.s'.
     Trying implicit prerequisite `pg_ts_template.dat.s,v'.
     Trying pattern rule with stem `pg_ts_template.dat.s'.
     Trying implicit prerequisite `RCS/pg_ts_template.dat.s,v'.
     Trying pattern rule with stem `pg_ts_template.dat.s'.
     Trying implicit prerequisite `RCS/pg_ts_template.dat.s'.
     Trying pattern rule with stem `pg_ts_template.dat.s'.
     Trying implicit prerequisite `s.pg_ts_template.dat.s'.
     Trying pattern rule with stem `pg_ts_template.dat.s'.
     Trying implicit prerequisite `SCCS/s.pg_ts_template.dat.s'.
     Trying pattern rule with stem `pg_ts_template.dat'.
     Trying implicit prerequisite `pg_ts_template.dat.S'.
     Looking for a rule with intermediate file `pg_ts_template.dat.S'.
      Avoiding implicit rule recursion.
      Avoiding implicit rule recursion.
      Avoiding implicit rule recursion.
      Trying pattern rule with stem `pg_ts_template.dat.S'.
      Trying implicit prerequisite `pg_ts_template.dat.S,v'.
      Trying pattern rule with stem `pg_ts_template.dat.S'.
      Trying implicit prerequisite `RCS/pg_ts_template.dat.S,v'.
      Trying pattern rule with stem `pg_ts_template.dat.S'.
      Trying implicit prerequisite `RCS/pg_ts_template.dat.S'.
      Trying pattern rule with stem `pg_ts_template.dat.S'.
      Trying implicit prerequisite `s.pg_ts_template.dat.S'.
      Trying pattern rule with stem `pg_ts_template.dat.S'.
      Trying implicit prerequisite `SCCS/s.pg_ts_template.dat.S'.
    Trying pattern rule with stem `pg_ts_template.dat'.
    Rejecting impossible implicit prerequisite `pg_ts_template.dat.S'.
    Trying pattern rule with stem `pg_ts_template.dat'.
    Trying implicit prerequisite `pg_ts_template.dat.mod'.
    Looking for a rule with intermediate file `pg_ts_template.dat.mod'.
     Avoiding implicit rule recursion.
     Avoiding implicit rule recursion.
     Trying pattern rule with stem `pg_ts_template.dat.mod'.
     Trying implicit prerequisite `pg_ts_template.dat.mod,v'.
     Trying pattern rule with stem `pg_ts_template.dat.mod'.
     Trying implicit prerequisite `RCS/pg_ts_template.dat.mod,v'.
     Trying pattern rule with stem `pg_ts_template.dat.mod'.
     Trying implicit prerequisite `RCS/pg_ts_template.dat.mod'.
     Trying pattern rule with stem `pg_ts_template.dat.mod'.
     Trying implicit prerequisite `s.pg_ts_template.dat.mod'.
     Trying pattern rule with stem `pg_ts_template.dat.mod'.
     Trying implicit prerequisite `SCCS/s.pg_ts_template.dat.mod'.
   Trying pattern rule with stem `pg_ts_template.dat'.
   Rejecting impossible implicit prerequisite `pg_ts_template.dat.cc'.
   Trying pattern rule with stem `pg_ts_template.dat'.
   Rejecting impossible implicit prerequisite `pg_ts_template.dat.C'.
   Trying pattern rule with stem `pg_ts_template.dat'.
   Rejecting impossible implicit prerequisite `pg_ts_template.dat.cpp'.
   Trying pattern rule with stem `pg_ts_template.dat'.
   Rejecting impossible implicit prerequisite `pg_ts_template.dat.p'.
   Trying pattern rule with stem `pg_ts_template.dat'.
   Rejecting impossible implicit prerequisite `pg_ts_template.dat.f'.
   Trying pattern rule with stem `pg_ts_template.dat'.
   Rejecting impossible implicit prerequisite `pg_ts_template.dat.F'.
   Trying pattern rule with stem `pg_ts_template.dat'.
   Rejecting impossible implicit prerequisite `pg_ts_template.dat.m'.
   Trying pattern rule with stem `pg_ts_template.dat'.
   Rejecting impossible implicit prerequisite `pg_ts_template.dat.r'.
   Trying pattern rule with stem `pg_ts_template.dat'.
   Rejecting impossible implicit prerequisite `pg_ts_template.dat.s'.
   Trying pattern rule with stem `pg_ts_template.dat'.
   Rejecting impossible implicit prerequisite `pg_ts_template.dat.S'.
   Trying pattern rule with stem `pg_ts_template.dat'.
   Rejecting impossible implicit prerequisite `pg_ts_template.dat.mod'.
   Trying pattern rule with stem `pg_ts_template.dat'.
   Trying implicit prerequisite `pg_ts_template.dat.sh'.
   Looking for a rule with intermediate file `pg_ts_template.dat.sh'.
    Avoiding implicit rule recursion.
    Trying pattern rule with stem `pg_ts_template.dat.sh'.
    Trying implicit prerequisite `pg_ts_template.dat.sh,v'.
    Trying pattern rule with stem `pg_ts_template.dat.sh'.
    Trying implicit prerequisite `RCS/pg_ts_template.dat.sh,v'.
    Trying pattern rule with stem `pg_ts_template.dat.sh'.
    Trying implicit prerequisite `RCS/pg_ts_template.dat.sh'.
    Trying pattern rule with stem `pg_ts_template.dat.sh'.
    Trying implicit prerequisite `s.pg_ts_template.dat.sh'.
    Trying pattern rule with stem `pg_ts_template.dat.sh'.
    Trying implicit prerequisite `SCCS/s.pg_ts_template.dat.sh'.
   No implicit rule found for `pg_ts_template.dat'.
   Looking for an implicit rule for `pg_type.dat'.
   Trying pattern rule with stem `pg_type.dat'.
   Trying implicit prerequisite `pg_type.dat.o'.
   Trying pattern rule with stem `pg_type.dat'.
   Trying implicit prerequisite `pg_type.dat.cc'.
   Trying pattern rule with stem `pg_type.dat'.
   Trying implicit prerequisite `pg_type.dat.C'.
   Trying pattern rule with stem `pg_type.dat'.
   Trying implicit prerequisite `pg_type.dat.cpp'.
   Trying pattern rule with stem `pg_type.dat'.
   Trying implicit prerequisite `pg_type.dat.p'.
   Trying pattern rule with stem `pg_type.dat'.
   Trying implicit prerequisite `pg_type.dat.f'.
   Trying pattern rule with stem `pg_type.dat'.
   Trying implicit prerequisite `pg_type.dat.F'.
   Trying pattern rule with stem `pg_type.dat'.
   Trying implicit prerequisite `pg_type.dat.m'.
   Trying pattern rule with stem `pg_type.dat'.
   Trying implicit prerequisite `pg_type.dat.r'.
   Trying pattern rule with stem `pg_type.dat'.
   Trying implicit prerequisite `pg_type.dat.s'.
   Trying pattern rule with stem `pg_type.dat'.
   Trying implicit prerequisite `pg_type.dat.S'.
   Trying pattern rule with stem `pg_type.dat'.
   Trying implicit prerequisite `pg_type.dat.mod'.
   Trying pattern rule with stem `pg_type.dat'.
   Trying implicit prerequisite `pg_type.dat.sh'.
   Trying pattern rule with stem `pg_type.dat'.
   Trying implicit prerequisite `pg_type.dat,v'.
   Trying pattern rule with stem `pg_type.dat'.
   Trying implicit prerequisite `RCS/pg_type.dat,v'.
   Trying pattern rule with stem `pg_type.dat'.
   Trying implicit prerequisite `RCS/pg_type.dat'.
   Trying pattern rule with stem `pg_type.dat'.
   Trying implicit prerequisite `s.pg_type.dat'.
   Trying pattern rule with stem `pg_type.dat'.
   Trying implicit prerequisite `SCCS/s.pg_type.dat'.
   Trying pattern rule with stem `pg_type.dat'.
   Trying implicit prerequisite `pg_type.dat.o'.
   Looking for a rule with intermediate file `pg_type.dat.o'.
    Avoiding implicit rule recursion.
    Trying pattern rule with stem `pg_type.dat'.
    Trying implicit prerequisite `pg_type.dat.c'.
    Trying pattern rule with stem `pg_type.dat'.
    Trying implicit prerequisite `pg_type.dat.cc'.
    Trying pattern rule with stem `pg_type.dat'.
    Trying implicit prerequisite `pg_type.dat.C'.
    Trying pattern rule with stem `pg_type.dat'.
    Trying implicit prerequisite `pg_type.dat.cpp'.
    Trying pattern rule with stem `pg_type.dat'.
    Trying implicit prerequisite `pg_type.dat.p'.
    Trying pattern rule with stem `pg_type.dat'.
    Trying implicit prerequisite `pg_type.dat.f'.
    Trying pattern rule with stem `pg_type.dat'.
    Trying implicit prerequisite `pg_type.dat.F'.
    Trying pattern rule with stem `pg_type.dat'.
    Trying implicit prerequisite `pg_type.dat.m'.
    Trying pattern rule with stem `pg_type.dat'.
    Trying implicit prerequisite `pg_type.dat.r'.
    Trying pattern rule with stem `pg_type.dat'.
    Trying implicit prerequisite `pg_type.dat.s'.
    Trying pattern rule with stem `pg_type.dat'.
    Trying implicit prerequisite `pg_type.dat.S'.
    Trying pattern rule with stem `pg_type.dat'.
    Trying implicit prerequisite `pg_type.dat.mod'.
    Trying pattern rule with stem `pg_type.dat.o'.
    Trying implicit prerequisite `pg_type.dat.o,v'.
    Trying pattern rule with stem `pg_type.dat.o'.
    Trying implicit prerequisite `RCS/pg_type.dat.o,v'.
    Trying pattern rule with stem `pg_type.dat.o'.
    Trying implicit prerequisite `RCS/pg_type.dat.o'.
    Trying pattern rule with stem `pg_type.dat.o'.
    Trying implicit prerequisite `s.pg_type.dat.o'.
    Trying pattern rule with stem `pg_type.dat.o'.
    Trying implicit prerequisite `SCCS/s.pg_type.dat.o'.
    Trying pattern rule with stem `pg_type.dat'.
    Trying implicit prerequisite `pg_type.dat.c'.
    Looking for a rule with intermediate file `pg_type.dat.c'.
     Avoiding implicit rule recursion.
     Avoiding implicit rule recursion.
     Trying pattern rule with stem `pg_type.dat'.
     Trying implicit prerequisite `pg_type.dat.l'.
     Trying pattern rule with stem `pg_type.dat'.
     Trying implicit prerequisite `pg_type.dat.y'.
     Trying pattern rule with stem `pg_type.dat'.
     Trying implicit prerequisite `pg_type.dat.w'.
     Trying pattern rule with stem `pg_type.dat'.
     Trying implicit prerequisite `pg_type.dat.w'.
     Trying pattern rule with stem `pg_type.dat.c'.
     Trying implicit prerequisite `pg_type.dat.c,v'.
     Trying pattern rule with stem `pg_type.dat.c'.
     Trying implicit prerequisite `RCS/pg_type.dat.c,v'.
     Trying pattern rule with stem `pg_type.dat.c'.
     Trying implicit prerequisite `RCS/pg_type.dat.c'.
     Trying pattern rule with stem `pg_type.dat.c'.
     Trying implicit prerequisite `s.pg_type.dat.c'.
     Trying pattern rule with stem `pg_type.dat.c'.
     Trying implicit prerequisite `SCCS/s.pg_type.dat.c'.
     Trying pattern rule with stem `pg_type.dat'.
     Trying implicit prerequisite `pg_type.dat.l'.
     Looking for a rule with intermediate file `pg_type.dat.l'.
      Avoiding implicit rule recursion.
      Avoiding implicit rule recursion.
      Avoiding implicit rule recursion.
      Trying pattern rule with stem `pg_type.dat.l'.
      Trying implicit prerequisite `pg_type.dat.l,v'.
      Trying pattern rule with stem `pg_type.dat.l'.
      Trying implicit prerequisite `RCS/pg_type.dat.l,v'.
      Trying pattern rule with stem `pg_type.dat.l'.
      Trying implicit prerequisite `RCS/pg_type.dat.l'.
      Trying pattern rule with stem `pg_type.dat.l'.
      Trying implicit prerequisite `s.pg_type.dat.l'.
      Trying pattern rule with stem `pg_type.dat.l'.
      Trying implicit prerequisite `SCCS/s.pg_type.dat.l'.
     Trying pattern rule with stem `pg_type.dat'.
     Trying implicit prerequisite `pg_type.dat.y'.
     Looking for a rule with intermediate file `pg_type.dat.y'.
      Avoiding implicit rule recursion.
      Avoiding implicit rule recursion.
      Avoiding implicit rule recursion.
      Trying pattern rule with stem `pg_type.dat.y'.
      Trying implicit prerequisite `pg_type.dat.y,v'.
      Trying pattern rule with stem `pg_type.dat.y'.
      Trying implicit prerequisite `RCS/pg_type.dat.y,v'.
      Trying pattern rule with stem `pg_type.dat.y'.
      Trying implicit prerequisite `RCS/pg_type.dat.y'.
      Trying pattern rule with stem `pg_type.dat.y'.
      Trying implicit prerequisite `s.pg_type.dat.y'.
      Trying pattern rule with stem `pg_type.dat.y'.
      Trying implicit prerequisite `SCCS/s.pg_type.dat.y'.
     Trying pattern rule with stem `pg_type.dat'.
     Trying implicit prerequisite `pg_type.dat.w'.
     Looking for a rule with intermediate file `pg_type.dat.w'.
      Avoiding implicit rule recursion.
      Avoiding implicit rule recursion.
      Avoiding implicit rule recursion.
      Trying pattern rule with stem `pg_type.dat.w'.
      Trying implicit prerequisite `pg_type.dat.w,v'.
      Trying pattern rule with stem `pg_type.dat.w'.
      Trying implicit prerequisite `RCS/pg_type.dat.w,v'.
      Trying pattern rule with stem `pg_type.dat.w'.
      Trying implicit prerequisite `RCS/pg_type.dat.w'.
      Trying pattern rule with stem `pg_type.dat.w'.
      Trying implicit prerequisite `s.pg_type.dat.w'.
      Trying pattern rule with stem `pg_type.dat.w'.
      Trying implicit prerequisite `SCCS/s.pg_type.dat.w'.
     Trying pattern rule with stem `pg_type.dat'.
     Rejecting impossible implicit prerequisite `pg_type.dat.w'.
    Trying pattern rule with stem `pg_type.dat'.
    Trying implicit prerequisite `pg_type.dat.cc'.
    Looking for a rule with intermediate file `pg_type.dat.cc'.
     Avoiding implicit rule recursion.
     Avoiding implicit rule recursion.
     Trying pattern rule with stem `pg_type.dat.cc'.
     Trying implicit prerequisite `pg_type.dat.cc,v'.
     Trying pattern rule with stem `pg_type.dat.cc'.
     Trying implicit prerequisite `RCS/pg_type.dat.cc,v'.
     Trying pattern rule with stem `pg_type.dat.cc'.
     Trying implicit prerequisite `RCS/pg_type.dat.cc'.
     Trying pattern rule with stem `pg_type.dat.cc'.
     Trying implicit prerequisite `s.pg_type.dat.cc'.
     Trying pattern rule with stem `pg_type.dat.cc'.
     Trying implicit prerequisite `SCCS/s.pg_type.dat.cc'.
    Trying pattern rule with stem `pg_type.dat'.
    Trying implicit prerequisite `pg_type.dat.C'.
    Looking for a rule with intermediate file `pg_type.dat.C'.
     Avoiding implicit rule recursion.
     Avoiding implicit rule recursion.
     Trying pattern rule with stem `pg_type.dat.C'.
     Trying implicit prerequisite `pg_type.dat.C,v'.
     Trying pattern rule with stem `pg_type.dat.C'.
     Trying implicit prerequisite `RCS/pg_type.dat.C,v'.
     Trying pattern rule with stem `pg_type.dat.C'.
     Trying implicit prerequisite `RCS/pg_type.dat.C'.
     Trying pattern rule with stem `pg_type.dat.C'.
     Trying implicit prerequisite `s.pg_type.dat.C'.
     Trying pattern rule with stem `pg_type.dat.C'.
     Trying implicit prerequisite `SCCS/s.pg_type.dat.C'.
    Trying pattern rule with stem `pg_type.dat'.
    Trying implicit prerequisite `pg_type.dat.cpp'.
    Looking for a rule with intermediate file `pg_type.dat.cpp'.
     Avoiding implicit rule recursion.
     Avoiding implicit rule recursion.
     Trying pattern rule with stem `pg_type.dat.cpp'.
     Trying implicit prerequisite `pg_type.dat.cpp,v'.
     Trying pattern rule with stem `pg_type.dat.cpp'.
     Trying implicit prerequisite `RCS/pg_type.dat.cpp,v'.
     Trying pattern rule with stem `pg_type.dat.cpp'.
     Trying implicit prerequisite `RCS/pg_type.dat.cpp'.
     Trying pattern rule with stem `pg_type.dat.cpp'.
     Trying implicit prerequisite `s.pg_type.dat.cpp'.
     Trying pattern rule with stem `pg_type.dat.cpp'.
     Trying implicit prerequisite `SCCS/s.pg_type.dat.cpp'.
    Trying pattern rule with stem `pg_type.dat'.
    Trying implicit prerequisite `pg_type.dat.p'.
    Looking for a rule with intermediate file `pg_type.dat.p'.
     Avoiding implicit rule recursion.
     Avoiding implicit rule recursion.
     Trying pattern rule with stem `pg_type.dat'.
     Trying implicit prerequisite `pg_type.dat.web'.
     Trying pattern rule with stem `pg_type.dat.p'.
     Trying implicit prerequisite `pg_type.dat.p,v'.
     Trying pattern rule with stem `pg_type.dat.p'.
     Trying implicit prerequisite `RCS/pg_type.dat.p,v'.
     Trying pattern rule with stem `pg_type.dat.p'.
     Trying implicit prerequisite `RCS/pg_type.dat.p'.
     Trying pattern rule with stem `pg_type.dat.p'.
     Trying implicit prerequisite `s.pg_type.dat.p'.
     Trying pattern rule with stem `pg_type.dat.p'.
     Trying implicit prerequisite `SCCS/s.pg_type.dat.p'.
     Trying pattern rule with stem `pg_type.dat'.
     Trying implicit prerequisite `pg_type.dat.web'.
     Looking for a rule with intermediate file `pg_type.dat.web'.
      Avoiding implicit rule recursion.
      Avoiding implicit rule recursion.
      Avoiding implicit rule recursion.
      Trying pattern rule with stem `pg_type.dat.web'.
      Trying implicit prerequisite `pg_type.dat.web,v'.
      Trying pattern rule with stem `pg_type.dat.web'.
      Trying implicit prerequisite `RCS/pg_type.dat.web,v'.
      Trying pattern rule with stem `pg_type.dat.web'.
      Trying implicit prerequisite `RCS/pg_type.dat.web'.
      Trying pattern rule with stem `pg_type.dat.web'.
      Trying implicit prerequisite `s.pg_type.dat.web'.
      Trying pattern rule with stem `pg_type.dat.web'.
      Trying implicit prerequisite `SCCS/s.pg_type.dat.web'.
    Trying pattern rule with stem `pg_type.dat'.
    Trying implicit prerequisite `pg_type.dat.f'.
    Looking for a rule with intermediate file `pg_type.dat.f'.
     Avoiding implicit rule recursion.
     Avoiding implicit rule recursion.
     Trying pattern rule with stem `pg_type.dat'.
     Trying implicit prerequisite `pg_type.dat.F'.
     Trying pattern rule with stem `pg_type.dat'.
     Trying implicit prerequisite `pg_type.dat.r'.
     Trying pattern rule with stem `pg_type.dat.f'.
     Trying implicit prerequisite `pg_type.dat.f,v'.
     Trying pattern rule with stem `pg_type.dat.f'.
     Trying implicit prerequisite `RCS/pg_type.dat.f,v'.
     Trying pattern rule with stem `pg_type.dat.f'.
     Trying implicit prerequisite `RCS/pg_type.dat.f'.
     Trying pattern rule with stem `pg_type.dat.f'.
     Trying implicit prerequisite `s.pg_type.dat.f'.
     Trying pattern rule with stem `pg_type.dat.f'.
     Trying implicit prerequisite `SCCS/s.pg_type.dat.f'.
     Trying pattern rule with stem `pg_type.dat'.
     Trying implicit prerequisite `pg_type.dat.F'.
     Looking for a rule with intermediate file `pg_type.dat.F'.
      Avoiding implicit rule recursion.
      Avoiding implicit rule recursion.
      Avoiding implicit rule recursion.
      Trying pattern rule with stem `pg_type.dat.F'.
      Trying implicit prerequisite `pg_type.dat.F,v'.
      Trying pattern rule with stem `pg_type.dat.F'.
      Trying implicit prerequisite `RCS/pg_type.dat.F,v'.
      Trying pattern rule with stem `pg_type.dat.F'.
      Trying implicit prerequisite `RCS/pg_type.dat.F'.
      Trying pattern rule with stem `pg_type.dat.F'.
      Trying implicit prerequisite `s.pg_type.dat.F'.
      Trying pattern rule with stem `pg_type.dat.F'.
      Trying implicit prerequisite `SCCS/s.pg_type.dat.F'.
     Trying pattern rule with stem `pg_type.dat'.
     Trying implicit prerequisite `pg_type.dat.r'.
     Looking for a rule with intermediate file `pg_type.dat.r'.
      Avoiding implicit rule recursion.
      Avoiding implicit rule recursion.
      Avoiding implicit rule recursion.
      Trying pattern rule with stem `pg_type.dat'.
      Rejecting impossible implicit prerequisite `pg_type.dat.l'.
      Trying pattern rule with stem `pg_type.dat.r'.
      Trying implicit prerequisite `pg_type.dat.r,v'.
      Trying pattern rule with stem `pg_type.dat.r'.
      Trying implicit prerequisite `RCS/pg_type.dat.r,v'.
      Trying pattern rule with stem `pg_type.dat.r'.
      Trying implicit prerequisite `RCS/pg_type.dat.r'.
      Trying pattern rule with stem `pg_type.dat.r'.
      Trying implicit prerequisite `s.pg_type.dat.r'.
      Trying pattern rule with stem `pg_type.dat.r'.
      Trying implicit prerequisite `SCCS/s.pg_type.dat.r'.
    Trying pattern rule with stem `pg_type.dat'.
    Rejecting impossible implicit prerequisite `pg_type.dat.F'.
    Trying pattern rule with stem `pg_type.dat'.
    Trying implicit prerequisite `pg_type.dat.m'.
    Looking for a rule with intermediate file `pg_type.dat.m'.
     Avoiding implicit rule recursion.
     Avoiding implicit rule recursion.
     Trying pattern rule with stem `pg_type.dat'.
     Trying implicit prerequisite `pg_type.dat.ym'.
     Trying pattern rule with stem `pg_type.dat'.
     Trying implicit prerequisite `pg_type.dat.lm'.
     Trying pattern rule with stem `pg_type.dat.m'.
     Trying implicit prerequisite `pg_type.dat.m,v'.
     Trying pattern rule with stem `pg_type.dat.m'.
     Trying implicit prerequisite `RCS/pg_type.dat.m,v'.
     Trying pattern rule with stem `pg_type.dat.m'.
     Trying implicit prerequisite `RCS/pg_type.dat.m'.
     Trying pattern rule with stem `pg_type.dat.m'.
     Trying implicit prerequisite `s.pg_type.dat.m'.
     Trying pattern rule with stem `pg_type.dat.m'.
     Trying implicit prerequisite `SCCS/s.pg_type.dat.m'.
     Trying pattern rule with stem `pg_type.dat'.
     Trying implicit prerequisite `pg_type.dat.ym'.
     Looking for a rule with intermediate file `pg_type.dat.ym'.
      Avoiding implicit rule recursion.
      Avoiding implicit rule recursion.
      Avoiding implicit rule recursion.
      Trying pattern rule with stem `pg_type.dat.ym'.
      Trying implicit prerequisite `pg_type.dat.ym,v'.
      Trying pattern rule with stem `pg_type.dat.ym'.
      Trying implicit prerequisite `RCS/pg_type.dat.ym,v'.
      Trying pattern rule with stem `pg_type.dat.ym'.
      Trying implicit prerequisite `RCS/pg_type.dat.ym'.
      Trying pattern rule with stem `pg_type.dat.ym'.
      Trying implicit prerequisite `s.pg_type.dat.ym'.
      Trying pattern rule with stem `pg_type.dat.ym'.
      Trying implicit prerequisite `SCCS/s.pg_type.dat.ym'.
     Trying pattern rule with stem `pg_type.dat'.
     Trying implicit prerequisite `pg_type.dat.lm'.
     Looking for a rule with intermediate file `pg_type.dat.lm'.
      Avoiding implicit rule recursion.
      Avoiding implicit rule recursion.
      Avoiding implicit rule recursion.
      Trying pattern rule with stem `pg_type.dat.lm'.
      Trying implicit prerequisite `pg_type.dat.lm,v'.
      Trying pattern rule with stem `pg_type.dat.lm'.
      Trying implicit prerequisite `RCS/pg_type.dat.lm,v'.
      Trying pattern rule with stem `pg_type.dat.lm'.
      Trying implicit prerequisite `RCS/pg_type.dat.lm'.
      Trying pattern rule with stem `pg_type.dat.lm'.
      Trying implicit prerequisite `s.pg_type.dat.lm'.
      Trying pattern rule with stem `pg_type.dat.lm'.
      Trying implicit prerequisite `SCCS/s.pg_type.dat.lm'.
    Trying pattern rule with stem `pg_type.dat'.
    Rejecting impossible implicit prerequisite `pg_type.dat.r'.
    Trying pattern rule with stem `pg_type.dat'.
    Trying implicit prerequisite `pg_type.dat.s'.
    Looking for a rule with intermediate file `pg_type.dat.s'.
     Avoiding implicit rule recursion.
     Avoiding implicit rule recursion.
     Trying pattern rule with stem `pg_type.dat'.
     Trying implicit prerequisite `pg_type.dat.S'.
     Trying pattern rule with stem `pg_type.dat.s'.
     Trying implicit prerequisite `pg_type.dat.s,v'.
     Trying pattern rule with stem `pg_type.dat.s'.
     Trying implicit prerequisite `RCS/pg_type.dat.s,v'.
     Trying pattern rule with stem `pg_type.dat.s'.
     Trying implicit prerequisite `RCS/pg_type.dat.s'.
     Trying pattern rule with stem `pg_type.dat.s'.
     Trying implicit prerequisite `s.pg_type.dat.s'.
     Trying pattern rule with stem `pg_type.dat.s'.
     Trying implicit prerequisite `SCCS/s.pg_type.dat.s'.
     Trying pattern rule with stem `pg_type.dat'.
     Trying implicit prerequisite `pg_type.dat.S'.
     Looking for a rule with intermediate file `pg_type.dat.S'.
      Avoiding implicit rule recursion.
      Avoiding implicit rule recursion.
      Avoiding implicit rule recursion.
      Trying pattern rule with stem `pg_type.dat.S'.
      Trying implicit prerequisite `pg_type.dat.S,v'.
      Trying pattern rule with stem `pg_type.dat.S'.
      Trying implicit prerequisite `RCS/pg_type.dat.S,v'.
      Trying pattern rule with stem `pg_type.dat.S'.
      Trying implicit prerequisite `RCS/pg_type.dat.S'.
      Trying pattern rule with stem `pg_type.dat.S'.
      Trying implicit prerequisite `s.pg_type.dat.S'.
      Trying pattern rule with stem `pg_type.dat.S'.
      Trying implicit prerequisite `SCCS/s.pg_type.dat.S'.
    Trying pattern rule with stem `pg_type.dat'.
    Rejecting impossible implicit prerequisite `pg_type.dat.S'.
    Trying pattern rule with stem `pg_type.dat'.
    Trying implicit prerequisite `pg_type.dat.mod'.
    Looking for a rule with intermediate file `pg_type.dat.mod'.
     Avoiding implicit rule recursion.
     Avoiding implicit rule recursion.
     Trying pattern rule with stem `pg_type.dat.mod'.
     Trying implicit prerequisite `pg_type.dat.mod,v'.
     Trying pattern rule with stem `pg_type.dat.mod'.
     Trying implicit prerequisite `RCS/pg_type.dat.mod,v'.
     Trying pattern rule with stem `pg_type.dat.mod'.
     Trying implicit prerequisite `RCS/pg_type.dat.mod'.
     Trying pattern rule with stem `pg_type.dat.mod'.
     Trying implicit prerequisite `s.pg_type.dat.mod'.
     Trying pattern rule with stem `pg_type.dat.mod'.
     Trying implicit prerequisite `SCCS/s.pg_type.dat.mod'.
   Trying pattern rule with stem `pg_type.dat'.
   Rejecting impossible implicit prerequisite `pg_type.dat.cc'.
   Trying pattern rule with stem `pg_type.dat'.
   Rejecting impossible implicit prerequisite `pg_type.dat.C'.
   Trying pattern rule with stem `pg_type.dat'.
   Rejecting impossible implicit prerequisite `pg_type.dat.cpp'.
   Trying pattern rule with stem `pg_type.dat'.
   Rejecting impossible implicit prerequisite `pg_type.dat.p'.
   Trying pattern rule with stem `pg_type.dat'.
   Rejecting impossible implicit prerequisite `pg_type.dat.f'.
   Trying pattern rule with stem `pg_type.dat'.
   Rejecting impossible implicit prerequisite `pg_type.dat.F'.
   Trying pattern rule with stem `pg_type.dat'.
   Rejecting impossible implicit prerequisite `pg_type.dat.m'.
   Trying pattern rule with stem `pg_type.dat'.
   Rejecting impossible implicit prerequisite `pg_type.dat.r'.
   Trying pattern rule with stem `pg_type.dat'.
   Rejecting impossible implicit prerequisite `pg_type.dat.s'.
   Trying pattern rule with stem `pg_type.dat'.
   Rejecting impossible implicit prerequisite `pg_type.dat.S'.
   Trying pattern rule with stem `pg_type.dat'.
   Rejecting impossible implicit prerequisite `pg_type.dat.mod'.
   Trying pattern rule with stem `pg_type.dat'.
   Trying implicit prerequisite `pg_type.dat.sh'.
   Looking for a rule with intermediate file `pg_type.dat.sh'.
    Avoiding implicit rule recursion.
    Trying pattern rule with stem `pg_type.dat.sh'.
    Trying implicit prerequisite `pg_type.dat.sh,v'.
    Trying pattern rule with stem `pg_type.dat.sh'.
    Trying implicit prerequisite `RCS/pg_type.dat.sh,v'.
    Trying pattern rule with stem `pg_type.dat.sh'.
    Trying implicit prerequisite `RCS/pg_type.dat.sh'.
    Trying pattern rule with stem `pg_type.dat.sh'.
    Trying implicit prerequisite `s.pg_type.dat.sh'.
    Trying pattern rule with stem `pg_type.dat.sh'.
    Trying implicit prerequisite `SCCS/s.pg_type.dat.sh'.
   No implicit rule found for `pg_type.dat'.
   Looking for an implicit rule for `../../../configure.ac'.
   Trying pattern rule with stem `configure.ac'.
   Trying implicit prerequisite `../../../configure.ac.o'.
   Trying pattern rule with stem `configure.ac'.
   Trying implicit prerequisite `../../../configure.ac.cc'.
   Trying pattern rule with stem `configure.ac'.
   Trying implicit prerequisite `../../../configure.ac.C'.
   Trying pattern rule with stem `configure.ac'.
   Trying implicit prerequisite `../../../configure.ac.cpp'.
   Trying pattern rule with stem `configure.ac'.
   Trying implicit prerequisite `../../../configure.ac.p'.
   Trying pattern rule with stem `configure.ac'.
   Trying implicit prerequisite `../../../configure.ac.f'.
   Trying pattern rule with stem `configure.ac'.
   Trying implicit prerequisite `../../../configure.ac.F'.
   Trying pattern rule with stem `configure.ac'.
   Trying implicit prerequisite `../../../configure.ac.m'.
   Trying pattern rule with stem `configure.ac'.
   Trying implicit prerequisite `../../../configure.ac.r'.
   Trying pattern rule with stem `configure.ac'.
   Trying implicit prerequisite `../../../configure.ac.s'.
   Trying pattern rule with stem `configure.ac'.
   Trying implicit prerequisite `../../../configure.ac.S'.
   Trying pattern rule with stem `configure.ac'.
   Trying implicit prerequisite `../../../configure.ac.mod'.
   Trying pattern rule with stem `configure.ac'.
   Trying implicit prerequisite `../../../configure.ac.sh'.
   Trying pattern rule with stem `configure.ac'.
   Trying implicit prerequisite `../../../configure.ac,v'.
   Trying pattern rule with stem `configure.ac'.
   Trying implicit prerequisite `../../../RCS/configure.ac,v'.
   Trying pattern rule with stem `configure.ac'.
   Trying implicit prerequisite `../../../RCS/configure.ac'.
   Trying pattern rule with stem `configure.ac'.
   Trying implicit prerequisite `../../../s.configure.ac'.
   Trying pattern rule with stem `configure.ac'.
   Trying implicit prerequisite `../../../SCCS/s.configure.ac'.
   Trying pattern rule with stem `configure.ac'.
   Trying implicit prerequisite `../../../configure.ac.o'.
   Looking for a rule with intermediate file `../../../configure.ac.o'.
    Avoiding implicit rule recursion.
    Trying pattern rule with stem `configure.ac'.
    Trying implicit prerequisite `../../../configure.ac.c'.
    Trying pattern rule with stem `configure.ac'.
    Trying implicit prerequisite `../../../configure.ac.cc'.
    Trying pattern rule with stem `configure.ac'.
    Trying implicit prerequisite `../../../configure.ac.C'.
    Trying pattern rule with stem `configure.ac'.
    Trying implicit prerequisite `../../../configure.ac.cpp'.
    Trying pattern rule with stem `configure.ac'.
    Trying implicit prerequisite `../../../configure.ac.p'.
    Trying pattern rule with stem `configure.ac'.
    Trying implicit prerequisite `../../../configure.ac.f'.
    Trying pattern rule with stem `configure.ac'.
    Trying implicit prerequisite `../../../configure.ac.F'.
    Trying pattern rule with stem `configure.ac'.
    Trying implicit prerequisite `../../../configure.ac.m'.
    Trying pattern rule with stem `configure.ac'.
    Trying implicit prerequisite `../../../configure.ac.r'.
    Trying pattern rule with stem `configure.ac'.
    Trying implicit prerequisite `../../../configure.ac.s'.
    Trying pattern rule with stem `configure.ac'.
    Trying implicit prerequisite `../../../configure.ac.S'.
    Trying pattern rule with stem `configure.ac'.
    Trying implicit prerequisite `../../../configure.ac.mod'.
    Trying pattern rule with stem `configure.ac.o'.
    Trying implicit prerequisite `../../../configure.ac.o,v'.
    Trying pattern rule with stem `configure.ac.o'.
    Trying implicit prerequisite `../../../RCS/configure.ac.o,v'.
    Trying pattern rule with stem `configure.ac.o'.
    Trying implicit prerequisite `../../../RCS/configure.ac.o'.
    Trying pattern rule with stem `configure.ac.o'.
    Trying implicit prerequisite `../../../s.configure.ac.o'.
    Trying pattern rule with stem `configure.ac.o'.
    Trying implicit prerequisite `../../../SCCS/s.configure.ac.o'.
    Trying pattern rule with stem `configure.ac'.
    Trying implicit prerequisite `../../../configure.ac.c'.
    Looking for a rule with intermediate file `../../../configure.ac.c'.
     Avoiding implicit rule recursion.
     Avoiding implicit rule recursion.
     Trying pattern rule with stem `configure.ac'.
     Trying implicit prerequisite `../../../configure.ac.l'.
     Trying pattern rule with stem `configure.ac'.
     Trying implicit prerequisite `../../../configure.ac.y'.
     Trying pattern rule with stem `configure.ac'.
     Trying implicit prerequisite `../../../configure.ac.w'.
     Trying pattern rule with stem `configure.ac'.
     Trying implicit prerequisite `../../../configure.ac.w'.
     Trying pattern rule with stem `configure.ac.c'.
     Trying implicit prerequisite `../../../configure.ac.c,v'.
     Trying pattern rule with stem `configure.ac.c'.
     Trying implicit prerequisite `../../../RCS/configure.ac.c,v'.
     Trying pattern rule with stem `configure.ac.c'.
     Trying implicit prerequisite `../../../RCS/configure.ac.c'.
     Trying pattern rule with stem `configure.ac.c'.
     Trying implicit prerequisite `../../../s.configure.ac.c'.
     Trying pattern rule with stem `configure.ac.c'.
     Trying implicit prerequisite `../../../SCCS/s.configure.ac.c'.
     Trying pattern rule with stem `configure.ac'.
     Trying implicit prerequisite `../../../configure.ac.l'.
     Looking for a rule with intermediate file `../../../configure.ac.l'.
      Avoiding implicit rule recursion.
      Avoiding implicit rule recursion.
      Avoiding implicit rule recursion.
      Trying pattern rule with stem `configure.ac.l'.
      Trying implicit prerequisite `../../../configure.ac.l,v'.
      Trying pattern rule with stem `configure.ac.l'.
      Trying implicit prerequisite `../../../RCS/configure.ac.l,v'.
      Trying pattern rule with stem `configure.ac.l'.
      Trying implicit prerequisite `../../../RCS/configure.ac.l'.
      Trying pattern rule with stem `configure.ac.l'.
      Trying implicit prerequisite `../../../s.configure.ac.l'.
      Trying pattern rule with stem `configure.ac.l'.
      Trying implicit prerequisite `../../../SCCS/s.configure.ac.l'.
     Trying pattern rule with stem `configure.ac'.
     Trying implicit prerequisite `../../../configure.ac.y'.
     Looking for a rule with intermediate file `../../../configure.ac.y'.
      Avoiding implicit rule recursion.
      Avoiding implicit rule recursion.
      Avoiding implicit rule recursion.
      Trying pattern rule with stem `configure.ac.y'.
      Trying implicit prerequisite `../../../configure.ac.y,v'.
      Trying pattern rule with stem `configure.ac.y'.
      Trying implicit prerequisite `../../../RCS/configure.ac.y,v'.
      Trying pattern rule with stem `configure.ac.y'.
      Trying implicit prerequisite `../../../RCS/configure.ac.y'.
      Trying pattern rule with stem `configure.ac.y'.
      Trying implicit prerequisite `../../../s.configure.ac.y'.
      Trying pattern rule with stem `configure.ac.y'.
      Trying implicit prerequisite `../../../SCCS/s.configure.ac.y'.
     Trying pattern rule with stem `configure.ac'.
     Trying implicit prerequisite `../../../configure.ac.w'.
     Looking for a rule with intermediate file `../../../configure.ac.w'.
      Avoiding implicit rule recursion.
      Avoiding implicit rule recursion.
      Avoiding implicit rule recursion.
      Trying pattern rule with stem `configure.ac.w'.
      Trying implicit prerequisite `../../../configure.ac.w,v'.
      Trying pattern rule with stem `configure.ac.w'.
      Trying implicit prerequisite `../../../RCS/configure.ac.w,v'.
      Trying pattern rule with stem `configure.ac.w'.
      Trying implicit prerequisite `../../../RCS/configure.ac.w'.
      Trying pattern rule with stem `configure.ac.w'.
      Trying implicit prerequisite `../../../s.configure.ac.w'.
      Trying pattern rule with stem `configure.ac.w'.
      Trying implicit prerequisite `../../../SCCS/s.configure.ac.w'.
     Trying pattern rule with stem `configure.ac'.
     Rejecting impossible implicit prerequisite `../../../configure.ac.w'.
    Trying pattern rule with stem `configure.ac'.
    Trying implicit prerequisite `../../../configure.ac.cc'.
    Looking for a rule with intermediate file `../../../configure.ac.cc'.
     Avoiding implicit rule recursion.
     Avoiding implicit rule recursion.
     Trying pattern rule with stem `configure.ac.cc'.
     Trying implicit prerequisite `../../../configure.ac.cc,v'.
     Trying pattern rule with stem `configure.ac.cc'.
     Trying implicit prerequisite `../../../RCS/configure.ac.cc,v'.
     Trying pattern rule with stem `configure.ac.cc'.
     Trying implicit prerequisite `../../../RCS/configure.ac.cc'.
     Trying pattern rule with stem `configure.ac.cc'.
     Trying implicit prerequisite `../../../s.configure.ac.cc'.
     Trying pattern rule with stem `configure.ac.cc'.
     Trying implicit prerequisite `../../../SCCS/s.configure.ac.cc'.
    Trying pattern rule with stem `configure.ac'.
    Trying implicit prerequisite `../../../configure.ac.C'.
    Looking for a rule with intermediate file `../../../configure.ac.C'.
     Avoiding implicit rule recursion.
     Avoiding implicit rule recursion.
     Trying pattern rule with stem `configure.ac.C'.
     Trying implicit prerequisite `../../../configure.ac.C,v'.
     Trying pattern rule with stem `configure.ac.C'.
     Trying implicit prerequisite `../../../RCS/configure.ac.C,v'.
     Trying pattern rule with stem `configure.ac.C'.
     Trying implicit prerequisite `../../../RCS/configure.ac.C'.
     Trying pattern rule with stem `configure.ac.C'.
     Trying implicit prerequisite `../../../s.configure.ac.C'.
     Trying pattern rule with stem `configure.ac.C'.
     Trying implicit prerequisite `../../../SCCS/s.configure.ac.C'.
    Trying pattern rule with stem `configure.ac'.
    Trying implicit prerequisite `../../../configure.ac.cpp'.
    Looking for a rule with intermediate file `../../../configure.ac.cpp'.
     Avoiding implicit rule recursion.
     Avoiding implicit rule recursion.
     Trying pattern rule with stem `configure.ac.cpp'.
     Trying implicit prerequisite `../../../configure.ac.cpp,v'.
     Trying pattern rule with stem `configure.ac.cpp'.
     Trying implicit prerequisite `../../../RCS/configure.ac.cpp,v'.
     Trying pattern rule with stem `configure.ac.cpp'.
     Trying implicit prerequisite `../../../RCS/configure.ac.cpp'.
     Trying pattern rule with stem `configure.ac.cpp'.
     Trying implicit prerequisite `../../../s.configure.ac.cpp'.
     Trying pattern rule with stem `configure.ac.cpp'.
     Trying implicit prerequisite `../../../SCCS/s.configure.ac.cpp'.
    Trying pattern rule with stem `configure.ac'.
    Trying implicit prerequisite `../../../configure.ac.p'.
    Looking for a rule with intermediate file `../../../configure.ac.p'.
     Avoiding implicit rule recursion.
     Avoiding implicit rule recursion.
     Trying pattern rule with stem `configure.ac'.
     Trying implicit prerequisite `../../../configure.ac.web'.
     Trying pattern rule with stem `configure.ac.p'.
     Trying implicit prerequisite `../../../configure.ac.p,v'.
     Trying pattern rule with stem `configure.ac.p'.
     Trying implicit prerequisite `../../../RCS/configure.ac.p,v'.
     Trying pattern rule with stem `configure.ac.p'.
     Trying implicit prerequisite `../../../RCS/configure.ac.p'.
     Trying pattern rule with stem `configure.ac.p'.
     Trying implicit prerequisite `../../../s.configure.ac.p'.
     Trying pattern rule with stem `configure.ac.p'.
     Trying implicit prerequisite `../../../SCCS/s.configure.ac.p'.
     Trying pattern rule with stem `configure.ac'.
     Trying implicit prerequisite `../../../configure.ac.web'.
     Looking for a rule with intermediate file `../../../configure.ac.web'.
      Avoiding implicit rule recursion.
      Avoiding implicit rule recursion.
      Avoiding implicit rule recursion.
      Trying pattern rule with stem `configure.ac.web'.
      Trying implicit prerequisite `../../../configure.ac.web,v'.
      Trying pattern rule with stem `configure.ac.web'.
      Trying implicit prerequisite `../../../RCS/configure.ac.web,v'.
      Trying pattern rule with stem `configure.ac.web'.
      Trying implicit prerequisite `../../../RCS/configure.ac.web'.
      Trying pattern rule with stem `configure.ac.web'.
      Trying implicit prerequisite `../../../s.configure.ac.web'.
      Trying pattern rule with stem `configure.ac.web'.
      Trying implicit prerequisite `../../../SCCS/s.configure.ac.web'.
    Trying pattern rule with stem `configure.ac'.
    Trying implicit prerequisite `../../../configure.ac.f'.
    Looking for a rule with intermediate file `../../../configure.ac.f'.
     Avoiding implicit rule recursion.
     Avoiding implicit rule recursion.
     Trying pattern rule with stem `configure.ac'.
     Trying implicit prerequisite `../../../configure.ac.F'.
     Trying pattern rule with stem `configure.ac'.
     Trying implicit prerequisite `../../../configure.ac.r'.
     Trying pattern rule with stem `configure.ac.f'.
     Trying implicit prerequisite `../../../configure.ac.f,v'.
     Trying pattern rule with stem `configure.ac.f'.
     Trying implicit prerequisite `../../../RCS/configure.ac.f,v'.
     Trying pattern rule with stem `configure.ac.f'.
     Trying implicit prerequisite `../../../RCS/configure.ac.f'.
     Trying pattern rule with stem `configure.ac.f'.
     Trying implicit prerequisite `../../../s.configure.ac.f'.
     Trying pattern rule with stem `configure.ac.f'.
     Trying implicit prerequisite `../../../SCCS/s.configure.ac.f'.
     Trying pattern rule with stem `configure.ac'.
     Trying implicit prerequisite `../../../configure.ac.F'.
     Looking for a rule with intermediate file `../../../configure.ac.F'.
      Avoiding implicit rule recursion.
      Avoiding implicit rule recursion.
      Avoiding implicit rule recursion.
      Trying pattern rule with stem `configure.ac.F'.
      Trying implicit prerequisite `../../../configure.ac.F,v'.
      Trying pattern rule with stem `configure.ac.F'.
      Trying implicit prerequisite `../../../RCS/configure.ac.F,v'.
      Trying pattern rule with stem `configure.ac.F'.
      Trying implicit prerequisite `../../../RCS/configure.ac.F'.
      Trying pattern rule with stem `configure.ac.F'.
      Trying implicit prerequisite `../../../s.configure.ac.F'.
      Trying pattern rule with stem `configure.ac.F'.
      Trying implicit prerequisite `../../../SCCS/s.configure.ac.F'.
     Trying pattern rule with stem `configure.ac'.
     Trying implicit prerequisite `../../../configure.ac.r'.
     Looking for a rule with intermediate file `../../../configure.ac.r'.
      Avoiding implicit rule recursion.
      Avoiding implicit rule recursion.
      Avoiding implicit rule recursion.
      Trying pattern rule with stem `configure.ac'.
      Rejecting impossible implicit prerequisite `../../../configure.ac.l'.
      Trying pattern rule with stem `configure.ac.r'.
      Trying implicit prerequisite `../../../configure.ac.r,v'.
      Trying pattern rule with stem `configure.ac.r'.
      Trying implicit prerequisite `../../../RCS/configure.ac.r,v'.
      Trying pattern rule with stem `configure.ac.r'.
      Trying implicit prerequisite `../../../RCS/configure.ac.r'.
      Trying pattern rule with stem `configure.ac.r'.
      Trying implicit prerequisite `../../../s.configure.ac.r'.
      Trying pattern rule with stem `configure.ac.r'.
      Trying implicit prerequisite `../../../SCCS/s.configure.ac.r'.
    Trying pattern rule with stem `configure.ac'.
    Rejecting impossible implicit prerequisite `../../../configure.ac.F'.
    Trying pattern rule with stem `configure.ac'.
    Trying implicit prerequisite `../../../configure.ac.m'.
    Looking for a rule with intermediate file `../../../configure.ac.m'.
     Avoiding implicit rule recursion.
     Avoiding implicit rule recursion.
     Trying pattern rule with stem `configure.ac'.
     Trying implicit prerequisite `../../../configure.ac.ym'.
     Trying pattern rule with stem `configure.ac'.
     Trying implicit prerequisite `../../../configure.ac.lm'.
     Trying pattern rule with stem `configure.ac.m'.
     Trying implicit prerequisite `../../../configure.ac.m,v'.
     Trying pattern rule with stem `configure.ac.m'.
     Trying implicit prerequisite `../../../RCS/configure.ac.m,v'.
     Trying pattern rule with stem `configure.ac.m'.
     Trying implicit prerequisite `../../../RCS/configure.ac.m'.
     Trying pattern rule with stem `configure.ac.m'.
     Trying implicit prerequisite `../../../s.configure.ac.m'.
     Trying pattern rule with stem `configure.ac.m'.
     Trying implicit prerequisite `../../../SCCS/s.configure.ac.m'.
     Trying pattern rule with stem `configure.ac'.
     Trying implicit prerequisite `../../../configure.ac.ym'.
     Looking for a rule with intermediate file `../../../configure.ac.ym'.
      Avoiding implicit rule recursion.
      Avoiding implicit rule recursion.
      Avoiding implicit rule recursion.
      Trying pattern rule with stem `configure.ac.ym'.
      Trying implicit prerequisite `../../../configure.ac.ym,v'.
      Trying pattern rule with stem `configure.ac.ym'.
      Trying implicit prerequisite `../../../RCS/configure.ac.ym,v'.
      Trying pattern rule with stem `configure.ac.ym'.
      Trying implicit prerequisite `../../../RCS/configure.ac.ym'.
      Trying pattern rule with stem `configure.ac.ym'.
      Trying implicit prerequisite `../../../s.configure.ac.ym'.
      Trying pattern rule with stem `configure.ac.ym'.
      Trying implicit prerequisite `../../../SCCS/s.configure.ac.ym'.
     Trying pattern rule with stem `configure.ac'.
     Trying implicit prerequisite `../../../configure.ac.lm'.
     Looking for a rule with intermediate file `../../../configure.ac.lm'.
      Avoiding implicit rule recursion.
      Avoiding implicit rule recursion.
      Avoiding implicit rule recursion.
      Trying pattern rule with stem `configure.ac.lm'.
      Trying implicit prerequisite `../../../configure.ac.lm,v'.
      Trying pattern rule with stem `configure.ac.lm'.
      Trying implicit prerequisite `../../../RCS/configure.ac.lm,v'.
      Trying pattern rule with stem `configure.ac.lm'.
      Trying implicit prerequisite `../../../RCS/configure.ac.lm'.
      Trying pattern rule with stem `configure.ac.lm'.
      Trying implicit prerequisite `../../../s.configure.ac.lm'.
      Trying pattern rule with stem `configure.ac.lm'.
      Trying implicit prerequisite `../../../SCCS/s.configure.ac.lm'.
    Trying pattern rule with stem `configure.ac'.
    Rejecting impossible implicit prerequisite `../../../configure.ac.r'.
    Trying pattern rule with stem `configure.ac'.
    Trying implicit prerequisite `../../../configure.ac.s'.
    Looking for a rule with intermediate file `../../../configure.ac.s'.
     Avoiding implicit rule recursion.
     Avoiding implicit rule recursion.
     Trying pattern rule with stem `configure.ac'.
     Trying implicit prerequisite `../../../configure.ac.S'.
     Trying pattern rule with stem `configure.ac.s'.
     Trying implicit prerequisite `../../../configure.ac.s,v'.
     Trying pattern rule with stem `configure.ac.s'.
     Trying implicit prerequisite `../../../RCS/configure.ac.s,v'.
     Trying pattern rule with stem `configure.ac.s'.
     Trying implicit prerequisite `../../../RCS/configure.ac.s'.
     Trying pattern rule with stem `configure.ac.s'.
     Trying implicit prerequisite `../../../s.configure.ac.s'.
     Trying pattern rule with stem `configure.ac.s'.
     Trying implicit prerequisite `../../../SCCS/s.configure.ac.s'.
     Trying pattern rule with stem `configure.ac'.
     Trying implicit prerequisite `../../../configure.ac.S'.
     Looking for a rule with intermediate file `../../../configure.ac.S'.
      Avoiding implicit rule recursion.
      Avoiding implicit rule recursion.
      Avoiding implicit rule recursion.
      Trying pattern rule with stem `configure.ac.S'.
      Trying implicit prerequisite `../../../configure.ac.S,v'.
      Trying pattern rule with stem `configure.ac.S'.
      Trying implicit prerequisite `../../../RCS/configure.ac.S,v'.
      Trying pattern rule with stem `configure.ac.S'.
      Trying implicit prerequisite `../../../RCS/configure.ac.S'.
      Trying pattern rule with stem `configure.ac.S'.
      Trying implicit prerequisite `../../../s.configure.ac.S'.
      Trying pattern rule with stem `configure.ac.S'.
      Trying implicit prerequisite `../../../SCCS/s.configure.ac.S'.
    Trying pattern rule with stem `configure.ac'.
    Rejecting impossible implicit prerequisite `../../../configure.ac.S'.
    Trying pattern rule with stem `configure.ac'.
    Trying implicit prerequisite `../../../configure.ac.mod'.
    Looking for a rule with intermediate file `../../../configure.ac.mod'.
     Avoiding implicit rule recursion.
     Avoiding implicit rule recursion.
     Trying pattern rule with stem `configure.ac.mod'.
     Trying implicit prerequisite `../../../configure.ac.mod,v'.
     Trying pattern rule with stem `configure.ac.mod'.
     Trying implicit prerequisite `../../../RCS/configure.ac.mod,v'.
     Trying pattern rule with stem `configure.ac.mod'.
     Trying implicit prerequisite `../../../RCS/configure.ac.mod'.
     Trying pattern rule with stem `configure.ac.mod'.
     Trying implicit prerequisite `../../../s.configure.ac.mod'.
     Trying pattern rule with stem `configure.ac.mod'.
     Trying implicit prerequisite `../../../SCCS/s.configure.ac.mod'.
   Trying pattern rule with stem `configure.ac'.
   Rejecting impossible implicit prerequisite `../../../configure.ac.cc'.
   Trying pattern rule with stem `configure.ac'.
   Rejecting impossible implicit prerequisite `../../../configure.ac.C'.
   Trying pattern rule with stem `configure.ac'.
   Rejecting impossible implicit prerequisite `../../../configure.ac.cpp'.
   Trying pattern rule with stem `configure.ac'.
   Rejecting impossible implicit prerequisite `../../../configure.ac.p'.
   Trying pattern rule with stem `configure.ac'.
   Rejecting impossible implicit prerequisite `../../../configure.ac.f'.
   Trying pattern rule with stem `configure.ac'.
   Rejecting impossible implicit prerequisite `../../../configure.ac.F'.
   Trying pattern rule with stem `configure.ac'.
   Rejecting impossible implicit prerequisite `../../../configure.ac.m'.
   Trying pattern rule with stem `configure.ac'.
   Rejecting impossible implicit prerequisite `../../../configure.ac.r'.
   Trying pattern rule with stem `configure.ac'.
   Rejecting impossible implicit prerequisite `../../../configure.ac.s'.
   Trying pattern rule with stem `configure.ac'.
   Rejecting impossible implicit prerequisite `../../../configure.ac.S'.
   Trying pattern rule with stem `configure.ac'.
   Rejecting impossible implicit prerequisite `../../../configure.ac.mod'.
   Trying pattern rule with stem `configure.ac'.
   Trying implicit prerequisite `../../../configure.ac.sh'.
   Looking for a rule with intermediate file `../../../configure.ac.sh'.
    Avoiding implicit rule recursion.
    Trying pattern rule with stem `configure.ac.sh'.
    Trying implicit prerequisite `../../../configure.ac.sh,v'.
    Trying pattern rule with stem `configure.ac.sh'.
    Trying implicit prerequisite `../../../RCS/configure.ac.sh,v'.
    Trying pattern rule with stem `configure.ac.sh'.
    Trying implicit prerequisite `../../../RCS/configure.ac.sh'.
    Trying pattern rule with stem `configure.ac.sh'.
    Trying implicit prerequisite `../../../s.configure.ac.sh'.
    Trying pattern rule with stem `configure.ac.sh'.
    Trying implicit prerequisite `../../../SCCS/s.configure.ac.sh'.
   No implicit rule found for `../../../configure.ac'.
   Looking for an implicit rule for `../../../src/include/access/transam.h'.
   Trying pattern rule with stem `transam.h'.
   Trying implicit prerequisite `../../../src/include/access/transam.h,v'.
   Trying pattern rule with stem `transam.h'.
   Trying implicit prerequisite `../../../src/include/access/RCS/transam.h,v'.
   Trying pattern rule with stem `transam.h'.
   Trying implicit prerequisite `../../../src/include/access/RCS/transam.h'.
   Trying pattern rule with stem `transam.h'.
   Trying implicit prerequisite `../../../src/include/access/s.transam.h'.
   Trying pattern rule with stem `transam.h'.
   Trying implicit prerequisite `../../../src/include/access/SCCS/s.transam.h'.
   No implicit rule found for `../../../src/include/access/transam.h'.
 Considering target file `bki-stamp'.
  File `bki-stamp' does not exist.
  Considering target file `../../../src/backend/catalog/genbki.pl'.
   Finished prerequisites of target file `../../../src/backend/catalog/genbki.pl'.
  No need to remake target `../../../src/backend/catalog/genbki.pl'.
  Considering target file `../../../src/backend/catalog/Catalog.pm'.
   Finished prerequisites of target file `../../../src/backend/catalog/Catalog.pm'.
  No need to remake target `../../../src/backend/catalog/Catalog.pm'.
  Considering target file `../../../src/include/catalog/pg_proc.h'.
   Finished prerequisites of target file `../../../src/include/catalog/pg_proc.h'.
  No need to remake target `../../../src/include/catalog/pg_proc.h'.
  Considering target file `../../../src/include/catalog/pg_type.h'.
   Finished prerequisites of target file `../../../src/include/catalog/pg_type.h'.
  No need to remake target `../../../src/include/catalog/pg_type.h'.
  Considering target file `../../../src/include/catalog/pg_attribute.h'.
   Finished prerequisites of target file `../../../src/include/catalog/pg_attribute.h'.
  No need to remake target `../../../src/include/catalog/pg_attribute.h'.
  Considering target file `../../../src/include/catalog/pg_class.h'.
   Finished prerequisites of target file `../../../src/include/catalog/pg_class.h'.
  No need to remake target `../../../src/include/catalog/pg_class.h'.
  Considering target file `../../../src/include/catalog/pg_attrdef.h'.
   Finished prerequisites of target file `../../../src/include/catalog/pg_attrdef.h'.
  No need to remake target `../../../src/include/catalog/pg_attrdef.h'.
  Considering target file `../../../src/include/catalog/pg_constraint.h'.
   Finished prerequisites of target file `../../../src/include/catalog/pg_constraint.h'.
  No need to remake target `../../../src/include/catalog/pg_constraint.h'.
  Considering target file `../../../src/include/catalog/pg_inherits.h'.
   Finished prerequisites of target file `../../../src/include/catalog/pg_inherits.h'.
  No need to remake target `../../../src/include/catalog/pg_inherits.h'.
  Considering target file `../../../src/include/catalog/pg_index.h'.
   Finished prerequisites of target file `../../../src/include/catalog/pg_index.h'.
  No need to remake target `../../../src/include/catalog/pg_index.h'.
  Considering target file `../../../src/include/catalog/pg_operator.h'.
   Finished prerequisites of target file `../../../src/include/catalog/pg_operator.h'.
  No need to remake target `../../../src/include/catalog/pg_operator.h'.
  Considering target file `../../../src/include/catalog/pg_opfamily.h'.
   Finished prerequisites of target file `../../../src/include/catalog/pg_opfamily.h'.
  No need to remake target `../../../src/include/catalog/pg_opfamily.h'.
  Considering target file `../../../src/include/catalog/pg_opclass.h'.
   Finished prerequisites of target file `../../../src/include/catalog/pg_opclass.h'.
  No need to remake target `../../../src/include/catalog/pg_opclass.h'.
  Considering target file `../../../src/include/catalog/pg_am.h'.
   Finished prerequisites of target file `../../../src/include/catalog/pg_am.h'.
  No need to remake target `../../../src/include/catalog/pg_am.h'.
  Considering target file `../../../src/include/catalog/pg_amop.h'.
   Finished prerequisites of target file `../../../src/include/catalog/pg_amop.h'.
  No need to remake target `../../../src/include/catalog/pg_amop.h'.
  Considering target file `../../../src/include/catalog/pg_amproc.h'.
   Finished prerequisites of target file `../../../src/include/catalog/pg_amproc.h'.
  No need to remake target `../../../src/include/catalog/pg_amproc.h'.
  Considering target file `../../../src/include/catalog/pg_language.h'.
   Finished prerequisites of target file `../../../src/include/catalog/pg_language.h'.
  No need to remake target `../../../src/include/catalog/pg_language.h'.
  Considering target file `../../../src/include/catalog/pg_largeobject_metadata.h'.
   Finished prerequisites of target file `../../../src/include/catalog/pg_largeobject_metadata.h'.
  No need to remake target `../../../src/include/catalog/pg_largeobject_metadata.h'.
  Considering target file `../../../src/include/catalog/pg_largeobject.h'.
   Finished prerequisites of target file `../../../src/include/catalog/pg_largeobject.h'.
  No need to remake target `../../../src/include/catalog/pg_largeobject.h'.
  Considering target file `../../../src/include/catalog/pg_aggregate.h'.
   Finished prerequisites of target file `../../../src/include/catalog/pg_aggregate.h'.
  No need to remake target `../../../src/include/catalog/pg_aggregate.h'.
  Considering target file `../../../src/include/catalog/pg_statistic.h'.
   Finished prerequisites of target file `../../../src/include/catalog/pg_statistic.h'.
  No need to remake target `../../../src/include/catalog/pg_statistic.h'.
  Considering target file `../../../src/include/catalog/pg_statistic_ext.h'.
   Finished prerequisites of target file `../../../src/include/catalog/pg_statistic_ext.h'.
  No need to remake target `../../../src/include/catalog/pg_statistic_ext.h'.
  Considering target file `../../../src/include/catalog/pg_statistic_ext_data.h'.
   Finished prerequisites of target file `../../../src/include/catalog/pg_statistic_ext_data.h'.
  No need to remake target `../../../src/include/catalog/pg_statistic_ext_data.h'.
  Considering target file `../../../src/include/catalog/pg_rewrite.h'.
   Finished prerequisites of target file `../../../src/include/catalog/pg_rewrite.h'.
  No need to remake target `../../../src/include/catalog/pg_rewrite.h'.
  Considering target file `../../../src/include/catalog/pg_trigger.h'.
   Finished prerequisites of target file `../../../src/include/catalog/pg_trigger.h'.
  No need to remake target `../../../src/include/catalog/pg_trigger.h'.
  Considering target file `../../../src/include/catalog/pg_event_trigger.h'.
   Finished prerequisites of target file `../../../src/include/catalog/pg_event_trigger.h'.
  No need to remake target `../../../src/include/catalog/pg_event_trigger.h'.
  Considering target file `../../../src/include/catalog/pg_description.h'.
   Finished prerequisites of target file `../../../src/include/catalog/pg_description.h'.
  No need to remake target `../../../src/include/catalog/pg_description.h'.
  Considering target file `../../../src/include/catalog/pg_cast.h'.
   Finished prerequisites of target file `../../../src/include/catalog/pg_cast.h'.
  No need to remake target `../../../src/include/catalog/pg_cast.h'.
  Considering target file `../../../src/include/catalog/pg_enum.h'.
   Finished prerequisites of target file `../../../src/include/catalog/pg_enum.h'.
  No need to remake target `../../../src/include/catalog/pg_enum.h'.
  Considering target file `../../../src/include/catalog/pg_namespace.h'.
   Finished prerequisites of target file `../../../src/include/catalog/pg_namespace.h'.
  No need to remake target `../../../src/include/catalog/pg_namespace.h'.
  Considering target file `../../../src/include/catalog/pg_conversion.h'.
   Finished prerequisites of target file `../../../src/include/catalog/pg_conversion.h'.
  No need to remake target `../../../src/include/catalog/pg_conversion.h'.
  Considering target file `../../../src/include/catalog/pg_depend.h'.
   Finished prerequisites of target file `../../../src/include/catalog/pg_depend.h'.
  No need to remake target `../../../src/include/catalog/pg_depend.h'.
  Considering target file `../../../src/include/catalog/pg_database.h'.
   Finished prerequisites of target file `../../../src/include/catalog/pg_database.h'.
  No need to remake target `../../../src/include/catalog/pg_database.h'.
  Considering target file `../../../src/include/catalog/pg_db_role_setting.h'.
   Finished prerequisites of target file `../../../src/include/catalog/pg_db_role_setting.h'.
  No need to remake target `../../../src/include/catalog/pg_db_role_setting.h'.
  Considering target file `../../../src/include/catalog/pg_tablespace.h'.
   Finished prerequisites of target file `../../../src/include/catalog/pg_tablespace.h'.
  No need to remake target `../../../src/include/catalog/pg_tablespace.h'.
  Considering target file `../../../src/include/catalog/pg_authid.h'.
   Finished prerequisites of target file `../../../src/include/catalog/pg_authid.h'.
  No need to remake target `../../../src/include/catalog/pg_authid.h'.
  Considering target file `../../../src/include/catalog/pg_auth_members.h'.
   Finished prerequisites of target file `../../../src/include/catalog/pg_auth_members.h'.
  No need to remake target `../../../src/include/catalog/pg_auth_members.h'.
  Considering target file `../../../src/include/catalog/pg_shdepend.h'.
   Finished prerequisites of target file `../../../src/include/catalog/pg_shdepend.h'.
  No need to remake target `../../../src/include/catalog/pg_shdepend.h'.
  Considering target file `../../../src/include/catalog/pg_shdescription.h'.
   Finished prerequisites of target file `../../../src/include/catalog/pg_shdescription.h'.
  No need to remake target `../../../src/include/catalog/pg_shdescription.h'.
  Considering target file `../../../src/include/catalog/pg_ts_config.h'.
   Finished prerequisites of target file `../../../src/include/catalog/pg_ts_config.h'.
  No need to remake target `../../../src/include/catalog/pg_ts_config.h'.
  Considering target file `../../../src/include/catalog/pg_ts_config_map.h'.
   Finished prerequisites of target file `../../../src/include/catalog/pg_ts_config_map.h'.
  No need to remake target `../../../src/include/catalog/pg_ts_config_map.h'.
  Considering target file `../../../src/include/catalog/pg_ts_dict.h'.
   Finished prerequisites of target file `../../../src/include/catalog/pg_ts_dict.h'.
  No need to remake target `../../../src/include/catalog/pg_ts_dict.h'.
  Considering target file `../../../src/include/catalog/pg_ts_parser.h'.
   Finished prerequisites of target file `../../../src/include/catalog/pg_ts_parser.h'.
  No need to remake target `../../../src/include/catalog/pg_ts_parser.h'.
  Considering target file `../../../src/include/catalog/pg_ts_template.h'.
   Finished prerequisites of target file `../../../src/include/catalog/pg_ts_template.h'.
  No need to remake target `../../../src/include/catalog/pg_ts_template.h'.
  Considering target file `../../../src/include/catalog/pg_extension.h'.
   Finished prerequisites of target file `../../../src/include/catalog/pg_extension.h'.
  No need to remake target `../../../src/include/catalog/pg_extension.h'.
  Considering target file `../../../src/include/catalog/pg_foreign_data_wrapper.h'.
   Finished prerequisites of target file `../../../src/include/catalog/pg_foreign_data_wrapper.h'.
  No need to remake target `../../../src/include/catalog/pg_foreign_data_wrapper.h'.
  Considering target file `../../../src/include/catalog/pg_foreign_server.h'.
   Finished prerequisites of target file `../../../src/include/catalog/pg_foreign_server.h'.
  No need to remake target `../../../src/include/catalog/pg_foreign_server.h'.
  Considering target file `../../../src/include/catalog/pg_user_mapping.h'.
   Finished prerequisites of target file `../../../src/include/catalog/pg_user_mapping.h'.
  No need to remake target `../../../src/include/catalog/pg_user_mapping.h'.
  Considering target file `../../../src/include/catalog/pg_foreign_table.h'.
   Finished prerequisites of target file `../../../src/include/catalog/pg_foreign_table.h'.
  No need to remake target `../../../src/include/catalog/pg_foreign_table.h'.
  Considering target file `../../../src/include/catalog/pg_policy.h'.
   Finished prerequisites of target file `../../../src/include/catalog/pg_policy.h'.
  No need to remake target `../../../src/include/catalog/pg_policy.h'.
  Considering target file `../../../src/include/catalog/pg_replication_origin.h'.
   Finished prerequisites of target file `../../../src/include/catalog/pg_replication_origin.h'.
  No need to remake target `../../../src/include/catalog/pg_replication_origin.h'.
  Considering target file `../../../src/include/catalog/pg_default_acl.h'.
   Finished prerequisites of target file `../../../src/include/catalog/pg_default_acl.h'.
  No need to remake target `../../../src/include/catalog/pg_default_acl.h'.
  Considering target file `../../../src/include/catalog/pg_init_privs.h'.
   Finished prerequisites of target file `../../../src/include/catalog/pg_init_privs.h'.
  No need to remake target `../../../src/include/catalog/pg_init_privs.h'.
  Considering target file `../../../src/include/catalog/pg_seclabel.h'.
   Finished prerequisites of target file `../../../src/include/catalog/pg_seclabel.h'.
  No need to remake target `../../../src/include/catalog/pg_seclabel.h'.
  Considering target file `../../../src/include/catalog/pg_shseclabel.h'.
   Finished prerequisites of target file `../../../src/include/catalog/pg_shseclabel.h'.
  No need to remake target `../../../src/include/catalog/pg_shseclabel.h'.
  Considering target file `../../../src/include/catalog/pg_collation.h'.
   Finished prerequisites of target file `../../../src/include/catalog/pg_collation.h'.
  No need to remake target `../../../src/include/catalog/pg_collation.h'.
  Considering target file `../../../src/include/catalog/pg_parameter_acl.h'.
   Finished prerequisites of target file `../../../src/include/catalog/pg_parameter_acl.h'.
  No need to remake target `../../../src/include/catalog/pg_parameter_acl.h'.
  Considering target file `../../../src/include/catalog/pg_partitioned_table.h'.
   Finished prerequisites of target file `../../../src/include/catalog/pg_partitioned_table.h'.
  No need to remake target `../../../src/include/catalog/pg_partitioned_table.h'.
  Considering target file `../../../src/include/catalog/pg_range.h'.
   Finished prerequisites of target file `../../../src/include/catalog/pg_range.h'.
  No need to remake target `../../../src/include/catalog/pg_range.h'.
  Considering target file `../../../src/include/catalog/pg_transform.h'.
   Finished prerequisites of target file `../../../src/include/catalog/pg_transform.h'.
  No need to remake target `../../../src/include/catalog/pg_transform.h'.
  Considering target file `../../../src/include/catalog/pg_sequence.h'.
   Finished prerequisites of target file `../../../src/include/catalog/pg_sequence.h'.
  No need to remake target `../../../src/include/catalog/pg_sequence.h'.
  Considering target file `../../../src/include/catalog/pg_publication.h'.
   Finished prerequisites of target file `../../../src/include/catalog/pg_publication.h'.
  No need to remake target `../../../src/include/catalog/pg_publication.h'.
  Considering target file `../../../src/include/catalog/pg_publication_namespace.h'.
   Finished prerequisites of target file `../../../src/include/catalog/pg_publication_namespace.h'.
  No need to remake target `../../../src/include/catalog/pg_publication_namespace.h'.
  Considering target file `../../../src/include/catalog/pg_publication_rel.h'.
   Finished prerequisites of target file `../../../src/include/catalog/pg_publication_rel.h'.
  No need to remake target `../../../src/include/catalog/pg_publication_rel.h'.
  Considering target file `../../../src/include/catalog/pg_subscription.h'.
   Finished prerequisites of target file `../../../src/include/catalog/pg_subscription.h'.
  No need to remake target `../../../src/include/catalog/pg_subscription.h'.
  Considering target file `../../../src/include/catalog/pg_subscription_rel.h'.
   Finished prerequisites of target file `../../../src/include/catalog/pg_subscription_rel.h'.
  No need to remake target `../../../src/include/catalog/pg_subscription_rel.h'.
  Considering target file `pg_aggregate.dat'.
   Finished prerequisites of target file `pg_aggregate.dat'.
  No need to remake target `pg_aggregate.dat'.
  Considering target file `pg_am.dat'.
   Finished prerequisites of target file `pg_am.dat'.
  No need to remake target `pg_am.dat'.
  Considering target file `pg_amop.dat'.
   Finished prerequisites of target file `pg_amop.dat'.
  No need to remake target `pg_amop.dat'.
  Considering target file `pg_amproc.dat'.
   Finished prerequisites of target file `pg_amproc.dat'.
  No need to remake target `pg_amproc.dat'.
  Considering target file `pg_authid.dat'.
   Finished prerequisites of target file `pg_authid.dat'.
  No need to remake target `pg_authid.dat'.
  Considering target file `pg_cast.dat'.
   Finished prerequisites of target file `pg_cast.dat'.
  No need to remake target `pg_cast.dat'.
  Considering target file `pg_class.dat'.
   Finished prerequisites of target file `pg_class.dat'.
  No need to remake target `pg_class.dat'.
  Considering target file `pg_collation.dat'.
   Finished prerequisites of target file `pg_collation.dat'.
  No need to remake target `pg_collation.dat'.
  Considering target file `pg_conversion.dat'.
   Finished prerequisites of target file `pg_conversion.dat'.
  No need to remake target `pg_conversion.dat'.
  Considering target file `pg_database.dat'.
   Finished prerequisites of target file `pg_database.dat'.
  No need to remake target `pg_database.dat'.
  Considering target file `pg_language.dat'.
   Finished prerequisites of target file `pg_language.dat'.
  No need to remake target `pg_language.dat'.
  Considering target file `pg_namespace.dat'.
   Finished prerequisites of target file `pg_namespace.dat'.
  No need to remake target `pg_namespace.dat'.
  Considering target file `pg_opclass.dat'.
   Finished prerequisites of target file `pg_opclass.dat'.
  No need to remake target `pg_opclass.dat'.
  Considering target file `pg_operator.dat'.
   Finished prerequisites of target file `pg_operator.dat'.
  No need to remake target `pg_operator.dat'.
  Considering target file `pg_opfamily.dat'.
   Finished prerequisites of target file `pg_opfamily.dat'.
  No need to remake target `pg_opfamily.dat'.
  Considering target file `pg_proc.dat'.
   Finished prerequisites of target file `pg_proc.dat'.
  No need to remake target `pg_proc.dat'.
  Considering target file `pg_range.dat'.
   Finished prerequisites of target file `pg_range.dat'.
  No need to remake target `pg_range.dat'.
  Considering target file `pg_tablespace.dat'.
   Finished prerequisites of target file `pg_tablespace.dat'.
  No need to remake target `pg_tablespace.dat'.
  Considering target file `pg_ts_config.dat'.
   Finished prerequisites of target file `pg_ts_config.dat'.
  No need to remake target `pg_ts_config.dat'.
  Considering target file `pg_ts_config_map.dat'.
   Finished prerequisites of target file `pg_ts_config_map.dat'.
  No need to remake target `pg_ts_config_map.dat'.
  Considering target file `pg_ts_dict.dat'.
   Finished prerequisites of target file `pg_ts_dict.dat'.
  No need to remake target `pg_ts_dict.dat'.
  Considering target file `pg_ts_parser.dat'.
   Finished prerequisites of target file `pg_ts_parser.dat'.
  No need to remake target `pg_ts_parser.dat'.
  Considering target file `pg_ts_template.dat'.
   Finished prerequisites of target file `pg_ts_template.dat'.
  No need to remake target `pg_ts_template.dat'.
  Considering target file `pg_type.dat'.
   Finished prerequisites of target file `pg_type.dat'.
  No need to remake target `pg_type.dat'.
  Considering target file `../../../configure.ac'.
   Finished prerequisites of target file `../../../configure.ac'.
  No need to remake target `../../../configure.ac'.
  Considering target file `../../../src/include/access/transam.h'.
   Finished prerequisites of target file `../../../src/include/access/transam.h'.
  No need to remake target `../../../src/include/access/transam.h'.
  Finished prerequisites of target file `bki-stamp'.
 Must remake target `bki-stamp'.
Need a job token; we don't have children
'/usr/bin/perl' ../../../src/backend/catalog/genbki.pl --include-path=../../../src/include/ \
		--set-version=17 ../../../src/include/catalog/pg_proc.h ../../../src/include/catalog/pg_type.h ../../../src/include/catalog/pg_attribute.h ../../../src/include/catalog/pg_class.h ../../../src/include/catalog/pg_attrdef.h ../../../src/include/catalog/pg_constraint.h ../../../src/include/catalog/pg_inherits.h ../../../src/include/catalog/pg_index.h ../../../src/include/catalog/pg_operator.h ../../../src/include/catalog/pg_opfamily.h ../../../src/include/catalog/pg_opclass.h ../../../src/include/catalog/pg_am.h ../../../src/include/catalog/pg_amop.h ../../../src/include/catalog/pg_amproc.h ../../../src/include/catalog/pg_language.h ../../../src/include/catalog/pg_largeobject_metadata.h ../../../src/include/catalog/pg_largeobject.h ../../../src/include/catalog/pg_aggregate.h ../../../src/include/catalog/pg_statistic.h ../../../src/include/catalog/pg_statistic_ext.h ../../../src/include/catalog/pg_statistic_ext_data.h ../../../src/include/catalog/pg_rewrite.h ../../../src/include/catalog/pg_trigger.h ../../../src/include/catalog/pg_event_trigger.h ../../../src/include/catalog/pg_description.h ../../../src/include/catalog/pg_cast.h ../../../src/include/catalog/pg_enum.h ../../../src/include/catalog/pg_namespace.h ../../../src/include/catalog/pg_conversion.h ../../../src/include/catalog/pg_depend.h ../../../src/include/catalog/pg_database.h ../../../src/include/catalog/pg_db_role_setting.h ../../../src/include/catalog/pg_tablespace.h ../../../src/include/catalog/pg_authid.h ../../../src/include/catalog/pg_auth_members.h ../../../src/include/catalog/pg_shdepend.h ../../../src/include/catalog/pg_shdescription.h ../../../src/include/catalog/pg_ts_config.h ../../../src/include/catalog/pg_ts_config_map.h ../../../src/include/catalog/pg_ts_dict.h ../../../src/include/catalog/pg_ts_parser.h ../../../src/include/catalog/pg_ts_template.h ../../../src/include/catalog/pg_extension.h ../../../src/include/catalog/pg_foreign_data_wrapper.h ../../../src/include/catalog/pg_foreign_server.h ../../../src/include/catalog/pg_user_mapping.h ../../../src/include/catalog/pg_foreign_table.h ../../../src/include/catalog/pg_policy.h ../../../src/include/catalog/pg_replication_origin.h ../../../src/include/catalog/pg_default_acl.h ../../../src/include/catalog/pg_init_privs.h ../../../src/include/catalog/pg_seclabel.h ../../../src/include/catalog/pg_shseclabel.h ../../../src/include/catalog/pg_collation.h ../../../src/include/catalog/pg_parameter_acl.h ../../../src/include/catalog/pg_partitioned_table.h ../../../src/include/catalog/pg_range.h ../../../src/include/catalog/pg_transform.h ../../../src/include/catalog/pg_sequence.h ../../../src/include/catalog/pg_publication.h ../../../src/include/catalog/pg_publication_namespace.h ../../../src/include/catalog/pg_publication_rel.h ../../../src/include/catalog/pg_subscription.h ../../../src/include/catalog/pg_subscription_rel.h
Putting child 0x142816e30 (bki-stamp) PID 93783 on the chain.
 Commands of `bki-stamp' are being run.
 Finished prerequisites of target file `generated-headers'.
The prerequisites of `generated-headers' are being made.
Live child 0x142816e30 (bki-stamp) PID 93783 
Reaping winning child 0x121c05090 PID 93781 
Removing child 0x121c05090 PID 93781 from chain.
Considering target file `jsonpath_gram.h'.
 File `jsonpath_gram.h' does not exist.
 Considering target file `jsonpath_gram.c'.
 File `jsonpath_gram.c' was considered already.
 Finished prerequisites of target file `jsonpath_gram.h'.
Must remake target `jsonpath_gram.h'.
Need a job token; we don't have children
touch jsonpath_gram.h
Putting child 0x121904c80 (jsonpath_gram.h) PID 93789 on the chain.
Commands of `jsonpath_gram.h' are being run.
Live child 0x121904c80 (jsonpath_gram.h) PID 93789 
Reaping winning child 0x121904c80 PID 93789 
Removing child 0x121904c80 PID 93789 from chain.
Considering target file `jsonpath_gram.h'.
File `jsonpath_gram.h' was considered already.
Reaping winning child 0x12d106bd0 PID 93776 
Removing child 0x12d106bd0 PID 93776 from chain.
Released token for child 0x12d106bd0 (submake-adt-headers).
Live child 0x12d108330 (fmgr-stamp) PID 93777 
Considering target file `generated-header-symlinks'.
 File `generated-header-symlinks' does not exist.
  Considering target file `submake-adt-headers'.
  File `submake-adt-headers' was considered already.
 Considering target file `../../../src/include/utils/header-stamp'.
  File `../../../src/include/utils/header-stamp' does not exist.
  Considering target file `fmgr-stamp'.
  Still updating file `fmgr-stamp'.
  Considering target file `errcodes.h'.
  File `errcodes.h' was considered already.
  Considering target file `probes.h'.
  File `probes.h' was considered already.
  Finished prerequisites of target file `../../../src/include/utils/header-stamp'.
 The prerequisites of `../../../src/include/utils/header-stamp' are being made.
 Pruning file `submake-adt-headers'.
 Finished prerequisites of target file `generated-header-symlinks'.
The prerequisites of `generated-header-symlinks' are being made.
Live child 0x12d108330 (fmgr-stamp) PID 93777 
Reaping winning child 0x12d108330 PID 93777 
touch fmgr-stamp
Live child 0x12d108330 (fmgr-stamp) PID 93799 
Reaping winning child 0x12d108330 PID 93799 
Removing child 0x12d108330 PID 93799 from chain.
Considering target file `generated-header-symlinks'.
 File `generated-header-symlinks' does not exist.
  Considering target file `submake-adt-headers'.
  File `submake-adt-headers' was considered already.
 Considering target file `../../../src/include/utils/header-stamp'.
  File `../../../src/include/utils/header-stamp' does not exist.
  Considering target file `fmgr-stamp'.
  File `fmgr-stamp' was considered already.
  Considering target file `errcodes.h'.
  File `errcodes.h' was considered already.
  Considering target file `probes.h'.
  File `probes.h' was considered already.
  Finished prerequisites of target file `../../../src/include/utils/header-stamp'.
 Must remake target `../../../src/include/utils/header-stamp'.
Need a job token; we don't have children
cd '../../../src/include/utils/' && for file in fmgroids.h fmgrprotos.h errcodes.h probes.h; do \
	  rm -f $file && ln -s "../../../src/backend/utils/$file" . ; \
	done
Putting child 0x12d204f20 (../../../src/include/utils/header-stamp) PID 93800 on the chain.
 Commands of `../../../src/include/utils/header-stamp' are being run.
 Pruning file `submake-adt-headers'.
 Finished prerequisites of target file `generated-header-symlinks'.
The prerequisites of `generated-header-symlinks' are being made.
Live child 0x12d204f20 (../../../src/include/utils/header-stamp) PID 93800 
Reaping winning child 0x12d204f20 PID 93800 
touch ../../../src/include/utils/header-stamp
Live child 0x12d204f20 (../../../src/include/utils/header-stamp) PID 93814 
Reaping winning child 0x12d204f20 PID 93814 
Removing child 0x12d204f20 PID 93814 from chain.
Considering target file `generated-header-symlinks'.
 File `generated-header-symlinks' does not exist.
  Considering target file `submake-adt-headers'.
  File `submake-adt-headers' was considered already.
 Considering target file `../../../src/include/utils/header-stamp'.
 File `../../../src/include/utils/header-stamp' was considered already.
 Pruning file `submake-adt-headers'.
 Finished prerequisites of target file `generated-header-symlinks'.
Must remake target `generated-header-symlinks'.
Successfully remade target file `generated-header-symlinks'.
Reaping winning child 0x14b737ce0 PID 93734 
Removing child 0x14b737ce0 PID 93734 from chain.
Released token for child 0x14b737ce0 (submake-utils-headers).
Live child 0x14ca04510 (parser/gram.h) PID 93737 
Live child 0x14b736a80 (submake-nodes-headers) PID 93733 
Live child 0x14b735360 (submake-catalog-headers) PID 93732 
Considering target file `generated-headers'.
 File `generated-headers' does not exist.
  Considering target file `submake-catalog-headers'.
  Still updating file `submake-catalog-headers'.
  Considering target file `submake-nodes-headers'.
  Still updating file `submake-nodes-headers'.
  Considering target file `submake-utils-headers'.
  File `submake-utils-headers' was considered already.
 Considering target file `../../src/include/storage/lwlocknames.h'.
 File `../../src/include/storage/lwlocknames.h' was considered already.
 Considering target file `../../src/include/utils/wait_event_types.h'.
 File `../../src/include/utils/wait_event_types.h' was considered already.
 Pruning file `submake-catalog-headers'.
 Pruning file `submake-nodes-headers'.
 Pruning file `submake-utils-headers'.
 Considering target file `parser/gram.h'.
 Still updating file `parser/gram.h'.
 Finished prerequisites of target file `generated-headers'.
The prerequisites of `generated-headers' are being made.
Live child 0x14ca04510 (parser/gram.h) PID 93737 
Live child 0x14b736a80 (submake-nodes-headers) PID 93733 
Live child 0x14b735360 (submake-catalog-headers) PID 93732 
Reaping winning child 0x13ce07ae0 PID 93739 
touch node-support-stamp
Live child 0x13ce07ae0 (node-support-stamp) PID 93820 
Reaping winning child 0x13ce07ae0 PID 93820 
Removing child 0x13ce07ae0 PID 93820 from chain.
Considering target file `generated-header-symlinks'.
 File `generated-header-symlinks' does not exist.
 Considering target file `../../../src/include/nodes/header-stamp'.
  File `../../../src/include/nodes/header-stamp' does not exist.
  Considering target file `node-support-stamp'.
  File `node-support-stamp' was considered already.
  Finished prerequisites of target file `../../../src/include/nodes/header-stamp'.
 Must remake target `../../../src/include/nodes/header-stamp'.
Need a job token; we don't have children
cd '../../../src/include/nodes/' && for file in nodetags.h; do \
	  rm -f $file && ln -s "../../../src/backend/nodes/$file" . ; \
	done
Putting child 0x13e412920 (../../../src/include/nodes/header-stamp) PID 93821 on the chain.
 Commands of `../../../src/include/nodes/header-stamp' are being run.
 Finished prerequisites of target file `generated-header-symlinks'.
The prerequisites of `generated-header-symlinks' are being made.
Live child 0x13e412920 (../../../src/include/nodes/header-stamp) PID 93821 
Reaping winning child 0x13e412920 PID 93821 
touch ../../../src/include/nodes/header-stamp
Live child 0x13e412920 (../../../src/include/nodes/header-stamp) PID 93829 
Reaping winning child 0x13e412920 PID 93829 
Removing child 0x13e412920 PID 93829 from chain.
Considering target file `generated-header-symlinks'.
 File `generated-header-symlinks' does not exist.
 Considering target file `../../../src/include/nodes/header-stamp'.
 File `../../../src/include/nodes/header-stamp' was considered already.
 Finished prerequisites of target file `generated-header-symlinks'.
Must remake target `generated-header-symlinks'.
Successfully remade target file `generated-header-symlinks'.
Reaping winning child 0x14b736a80 PID 93733 
Removing child 0x14b736a80 PID 93733 from chain.
Released token for child 0x14b736a80 (submake-nodes-headers).
Live child 0x14ca04510 (parser/gram.h) PID 93737 
Live child 0x14b735360 (submake-catalog-headers) PID 93732 
Considering target file `generated-headers'.
 File `generated-headers' does not exist.
  Considering target file `submake-catalog-headers'.
  Still updating file `submake-catalog-headers'.
  Considering target file `submake-nodes-headers'.
  File `submake-nodes-headers' was considered already.
  Considering target file `submake-utils-headers'.
  File `submake-utils-headers' was considered already.
 Considering target file `../../src/include/storage/lwlocknames.h'.
 File `../../src/include/storage/lwlocknames.h' was considered already.
 Considering target file `../../src/include/utils/wait_event_types.h'.
 File `../../src/include/utils/wait_event_types.h' was considered already.
 Pruning file `submake-catalog-headers'.
 Pruning file `submake-nodes-headers'.
 Pruning file `submake-utils-headers'.
 Considering target file `parser/gram.h'.
 Still updating file `parser/gram.h'.
 Finished prerequisites of target file `generated-headers'.
The prerequisites of `generated-headers' are being made.
Live child 0x14ca04510 (parser/gram.h) PID 93737 
Live child 0x14b735360 (submake-catalog-headers) PID 93732 
Reaping winning child 0x12f804ef0 PID 93738 
/usr/bin/bison -d -o gram.c gram.y
Live child 0x12f804ef0 (gram.c) PID 93833 
Reaping winning child 0x142816e30 PID 93783 
touch bki-stamp
Live child 0x142816e30 (bki-stamp) PID 93847 
Reaping winning child 0x142816e30 PID 93847 
Removing child 0x142816e30 PID 93847 from chain.
Considering target file `generated-headers'.
 File `generated-headers' does not exist.
 Considering target file `bki-stamp'.
 File `bki-stamp' was considered already.
 Finished prerequisites of target file `generated-headers'.
Must remake target `generated-headers'.
Successfully remade target file `generated-headers'.
Reaping winning child 0x14b735360 PID 93732 
Removing child 0x14b735360 PID 93732 from chain.
Released token for child 0x14b735360 (submake-catalog-headers).
Live child 0x14ca04510 (parser/gram.h) PID 93737 
Considering target file `generated-headers'.
 File `generated-headers' does not exist.
  Considering target file `submake-catalog-headers'.
  File `submake-catalog-headers' was considered already.
  Considering target file `submake-nodes-headers'.
  File `submake-nodes-headers' was considered already.
  Considering target file `submake-utils-headers'.
  File `submake-utils-headers' was considered already.
 Considering target file `../../src/include/storage/lwlocknames.h'.
 File `../../src/include/storage/lwlocknames.h' was considered already.
 Considering target file `../../src/include/utils/wait_event_types.h'.
 File `../../src/include/utils/wait_event_types.h' was considered already.
 Pruning file `submake-catalog-headers'.
 Pruning file `submake-nodes-headers'.
 Pruning file `submake-utils-headers'.
 Considering target file `parser/gram.h'.
 Still updating file `parser/gram.h'.
 Finished prerequisites of target file `generated-headers'.
The prerequisites of `generated-headers' are being made.
Live child 0x14ca04510 (parser/gram.h) PID 93737 
Reaping winning child 0x12f804ef0 PID 93833 
Removing child 0x12f804ef0 PID 93833 from chain.
Considering target file `gram.h'.
 File `gram.h' does not exist.
 Considering target file `gram.c'.
 File `gram.c' was considered already.
 Finished prerequisites of target file `gram.h'.
Must remake target `gram.h'.
Need a job token; we don't have children
touch gram.h
Putting child 0x12f9050c0 (gram.h) PID 93857 on the chain.
Commands of `gram.h' are being run.
Live child 0x12f9050c0 (gram.h) PID 93857 
Reaping winning child 0x12f9050c0 PID 93857 
Removing child 0x12f9050c0 PID 93857 from chain.
Considering target file `gram.h'.
File `gram.h' was considered already.
Reaping winning child 0x14ca04510 PID 93737 
Removing child 0x14ca04510 PID 93737 from chain.
Considering target file `generated-headers'.
 File `generated-headers' does not exist.
  Considering target file `submake-catalog-headers'.
  File `submake-catalog-headers' was considered already.
  Considering target file `submake-nodes-headers'.
  File `submake-nodes-headers' was considered already.
  Considering target file `submake-utils-headers'.
  File `submake-utils-headers' was considered already.
 Considering target file `../../src/include/storage/lwlocknames.h'.
 File `../../src/include/storage/lwlocknames.h' was considered already.
 Considering target file `../../src/include/utils/wait_event_types.h'.
 File `../../src/include/utils/wait_event_types.h' was considered already.
 Pruning file `submake-catalog-headers'.
 Pruning file `submake-nodes-headers'.
 Pruning file `submake-utils-headers'.
 Considering target file `parser/gram.h'.
 File `parser/gram.h' was considered already.
 Finished prerequisites of target file `generated-headers'.
Must remake target `generated-headers'.
Successfully remade target file `generated-headers'.
Reaping winning child 0x14c623f10 PID 93731 
Removing child 0x14c623f10 PID 93731 from chain.
Considering target file `all'.
 File `all' does not exist.
  Considering target file `submake-generated-headers'.
  File `submake-generated-headers' was considered already.
  Considering target file `all-src-recurse'.
   File `all-src-recurse' does not exist.
    Pruning file `submake-generated-headers'.
   Pruning file `submake-generated-headers'.
   Finished prerequisites of target file `all-src-recurse'.
  Must remake target `all-src-recurse'.
Need a job token; we don't have children
/Library/Developer/CommandLineTools/usr/bin/make -C src all
Putting child 0x14c6268b0 (all-src-recurse) PID 93858 on the chain.
  Commands of `all-src-recurse' are being run.
  Considering target file `all-config-recurse'.
   File `all-config-recurse' does not exist.
    Pruning file `submake-generated-headers'.
   Pruning file `submake-generated-headers'.
   Finished prerequisites of target file `all-config-recurse'.
  Must remake target `all-config-recurse'.
Live child 0x14c6268b0 (all-src-recurse) PID 93858 
Need a job token; we have children
Duplicate the job FD
Live child 0x14c6268b0 (all-src-recurse) PID 93858 
Obtained token for child 0x14c6280d0 (all-config-recurse).
/Library/Developer/CommandLineTools/usr/bin/make -C config all
Putting child 0x14c6280d0 (all-config-recurse) PID 93859 on the chain.
  Commands of `all-config-recurse' are being run.
 Pruning file `submake-generated-headers'.
 Pruning file `all-src-recurse'.
 Pruning file `all-config-recurse'.
 Finished prerequisites of target file `all'.
The prerequisites of `all' are being made.
Live child 0x14c6280d0 (all-config-recurse) PID 93859 
Live child 0x14c6268b0 (all-src-recurse) PID 93858 
GNU Make 3.81
Copyright (C) 2006  Free Software Foundation, Inc.
This is free software; see the source for copying conditions.
There is NO warranty; not even for MERCHANTABILITY or FITNESS FOR A
PARTICULAR PURPOSE.

This program built for i386-apple-darwin11.3.0
GNU Make 3.81
Copyright (C) 2006  Free Software Foundation, Inc.
This is free software; see the source for copying conditions.
There is NO warranty; not even for MERCHANTABILITY or FITNESS FOR A
PARTICULAR PURPOSE.

This program built for i386-apple-darwin11.3.0
Reading makefiles...
Reading makefiles...
Reading makefile `Makefile'...
Reading makefile `Makefile'...
Reading makefile `Makefile.global' (search path) (no ~ expansion)...
Reading makefile `../src/Makefile.global' (search path) (no ~ expansion)...
Reading makefile `../src/Makefile.port' (search path) (no ~ expansion)...
Reading makefile `../src/Makefile.port' (search path) (no ~ expansion)...
Reading makefile `../src/Makefile.custom' (search path) (don't care) (no ~ expansion)...
Reading makefile `../src/Makefile.custom' (search path) (don't care) (no ~ expansion)...
Updating makefiles....
 Considering target file `../src/Makefile.custom'.
  File `../src/Makefile.custom' does not exist.
  Looking for an implicit rule for `../src/Makefile.custom'.
  Trying pattern rule with stem `Makefile.custom'.
  Trying implicit prerequisite `../src/Makefile.custom.o'.
  Trying pattern rule with stem `Makefile.custom'.
  Trying implicit prerequisite `../src/Makefile.custom.cc'.
  Trying pattern rule with stem `Makefile.custom'.
  Trying implicit prerequisite `../src/Makefile.custom.C'.
  Trying pattern rule with stem `Makefile.custom'.
  Trying implicit prerequisite `../src/Makefile.custom.cpp'.
  Trying pattern rule with stem `Makefile.custom'.
  Trying implicit prerequisite `../src/Makefile.custom.p'.
  Trying pattern rule with stem `Makefile.custom'.
  Trying implicit prerequisite `../src/Makefile.custom.f'.
  Trying pattern rule with stem `Makefile.custom'.
  Trying implicit prerequisite `../src/Makefile.custom.F'.
  Trying pattern rule with stem `Makefile.custom'.
  Trying implicit prerequisite `../src/Makefile.custom.m'.
  Trying pattern rule with stem `Makefile.custom'.
  Trying implicit prerequisite `../src/Makefile.custom.r'.
  Trying pattern rule with stem `Makefile.custom'.
  Trying implicit prerequisite `../src/Makefile.custom.s'.
  Trying pattern rule with stem `Makefile.custom'.
  Trying implicit prerequisite `../src/Makefile.custom.S'.
  Trying pattern rule with stem `Makefile.custom'.
  Trying implicit prerequisite `../src/Makefile.custom.mod'.
  Trying pattern rule with stem `Makefile.custom'.
  Trying implicit prerequisite `../src/Makefile.custom.sh'.
  Trying pattern rule with stem `Makefile.custom'.
  Trying implicit prerequisite `../src/Makefile.custom,v'.
  Trying pattern rule with stem `Makefile.custom'.
  Trying implicit prerequisite `../src/RCS/Makefile.custom,v'.
  Trying pattern rule with stem `Makefile.custom'.
  Trying implicit prerequisite `../src/RCS/Makefile.custom'.
  Trying pattern rule with stem `Makefile.custom'.
  Trying implicit prerequisite `../src/s.Makefile.custom'.
  Trying pattern rule with stem `Makefile.custom'.
  Trying implicit prerequisite `../src/SCCS/s.Makefile.custom'.
  Trying pattern rule with stem `Makefile.custom'.
  Trying implicit prerequisite `../src/Makefile.custom.o'.
  Looking for a rule with intermediate file `../src/Makefile.custom.o'.
   Avoiding implicit rule recursion.
   Trying pattern rule with stem `Makefile.custom'.
   Trying implicit prerequisite `../src/Makefile.custom.c'.
   Trying pattern rule with stem `Makefile.custom'.
   Trying implicit prerequisite `../src/Makefile.custom.cc'.
   Trying pattern rule with stem `Makefile.custom'.
   Trying implicit prerequisite `../src/Makefile.custom.C'.
   Trying pattern rule with stem `Makefile.custom'.
   Trying implicit prerequisite `../src/Makefile.custom.cpp'.
   Trying pattern rule with stem `Makefile.custom'.
   Trying implicit prerequisite `../src/Makefile.custom.p'.
   Trying pattern rule with stem `Makefile.custom'.
   Trying implicit prerequisite `../src/Makefile.custom.f'.
   Trying pattern rule with stem `Makefile.custom'.
   Trying implicit prerequisite `../src/Makefile.custom.F'.
   Trying pattern rule with stem `Makefile.custom'.
   Trying implicit prerequisite `../src/Makefile.custom.m'.
   Trying pattern rule with stem `Makefile.custom'.
   Trying implicit prerequisite `../src/Makefile.custom.r'.
   Trying pattern rule with stem `Makefile.custom'.
   Trying implicit prerequisite `../src/Makefile.custom.s'.
   Trying pattern rule with stem `Makefile.custom'.
   Trying implicit prerequisite `../src/Makefile.custom.S'.
   Trying pattern rule with stem `Makefile.custom'.
   Trying implicit prerequisite `../src/Makefile.custom.mod'.
   Trying pattern rule with stem `Makefile.custom.o'.
   Trying implicit prerequisite `../src/Makefile.custom.o,v'.
   Trying pattern rule with stem `Makefile.custom.o'.
   Trying implicit prerequisite `../src/RCS/Makefile.custom.o,v'.
   Trying pattern rule with stem `Makefile.custom.o'.
   Trying implicit prerequisite `../src/RCS/Makefile.custom.o'.
   Trying pattern rule with stem `Makefile.custom.o'.
   Trying implicit prerequisite `../src/s.Makefile.custom.o'.
   Trying pattern rule with stem `Makefile.custom.o'.
   Trying implicit prerequisite `../src/SCCS/s.Makefile.custom.o'.
   Trying pattern rule with stem `Makefile.custom'.
   Trying implicit prerequisite `../src/Makefile.custom.c'.
   Looking for a rule with intermediate file `../src/Makefile.custom.c'.
    Avoiding implicit rule recursion.
    Avoiding implicit rule recursion.
    Trying pattern rule with stem `Makefile.custom'.
    Trying implicit prerequisite `../src/Makefile.custom.l'.
    Trying pattern rule with stem `Makefile.custom'.
    Trying implicit prerequisite `../src/Makefile.custom.y'.
    Trying pattern rule with stem `Makefile.custom'.
    Trying implicit prerequisite `../src/Makefile.custom.w'.
    Trying pattern rule with stem `Makefile.custom'.
    Trying implicit prerequisite `../src/Makefile.custom.w'.
    Trying pattern rule with stem `Makefile.custom.c'.
    Trying implicit prerequisite `../src/Makefile.custom.c,v'.
    Trying pattern rule with stem `Makefile.custom.c'.
    Trying implicit prerequisite `../src/RCS/Makefile.custom.c,v'.
    Trying pattern rule with stem `Makefile.custom.c'.
    Trying implicit prerequisite `../src/RCS/Makefile.custom.c'.
    Trying pattern rule with stem `Makefile.custom.c'.
    Trying implicit prerequisite `../src/s.Makefile.custom.c'.
    Trying pattern rule with stem `Makefile.custom.c'.
    Trying implicit prerequisite `../src/SCCS/s.Makefile.custom.c'.
    Trying pattern rule with stem `Makefile.custom'.
    Trying implicit prerequisite `../src/Makefile.custom.l'.
    Looking for a rule with intermediate file `../src/Makefile.custom.l'.
     Avoiding implicit rule recursion.
     Avoiding implicit rule recursion.
     Avoiding implicit rule recursion.
     Trying pattern rule with stem `Makefile.custom.l'.
     Trying implicit prerequisite `../src/Makefile.custom.l,v'.
     Trying pattern rule with stem `Makefile.custom.l'.
     Trying implicit prerequisite `../src/RCS/Makefile.custom.l,v'.
     Trying pattern rule with stem `Makefile.custom.l'.
     Trying implicit prerequisite `../src/RCS/Makefile.custom.l'.
     Trying pattern rule with stem `Makefile.custom.l'.
     Trying implicit prerequisite `../src/s.Makefile.custom.l'.
     Trying pattern rule with stem `Makefile.custom.l'.
     Trying implicit prerequisite `../src/SCCS/s.Makefile.custom.l'.
    Trying pattern rule with stem `Makefile.custom'.
    Trying implicit prerequisite `../src/Makefile.custom.y'.
    Looking for a rule with intermediate file `../src/Makefile.custom.y'.
     Avoiding implicit rule recursion.
     Avoiding implicit rule recursion.
     Avoiding implicit rule recursion.
     Trying pattern rule with stem `Makefile.custom.y'.
     Trying implicit prerequisite `../src/Makefile.custom.y,v'.
     Trying pattern rule with stem `Makefile.custom.y'.
     Trying implicit prerequisite `../src/RCS/Makefile.custom.y,v'.
     Trying pattern rule with stem `Makefile.custom.y'.
     Trying implicit prerequisite `../src/RCS/Makefile.custom.y'.
     Trying pattern rule with stem `Makefile.custom.y'.
     Trying implicit prerequisite `../src/s.Makefile.custom.y'.
     Trying pattern rule with stem `Makefile.custom.y'.
     Trying implicit prerequisite `../src/SCCS/s.Makefile.custom.y'.
    Trying pattern rule with stem `Makefile.custom'.
    Trying implicit prerequisite `../src/Makefile.custom.w'.
    Looking for a rule with intermediate file `../src/Makefile.custom.w'.
     Avoiding implicit rule recursion.
     Avoiding implicit rule recursion.
     Avoiding implicit rule recursion.
     Trying pattern rule with stem `Makefile.custom.w'.
     Trying implicit prerequisite `../src/Makefile.custom.w,v'.
     Trying pattern rule with stem `Makefile.custom.w'.
     Trying implicit prerequisite `../src/RCS/Makefile.custom.w,v'.
     Trying pattern rule with stem `Makefile.custom.w'.
     Trying implicit prerequisite `../src/RCS/Makefile.custom.w'.
     Trying pattern rule with stem `Makefile.custom.w'.
     Trying implicit prerequisite `../src/s.Makefile.custom.w'.
     Trying pattern rule with stem `Makefile.custom.w'.
     Trying implicit prerequisite `../src/SCCS/s.Makefile.custom.w'.
    Trying pattern rule with stem `Makefile.custom'.
    Rejecting impossible implicit prerequisite `../src/Makefile.custom.w'.
   Trying pattern rule with stem `Makefile.custom'.
   Trying implicit prerequisite `../src/Makefile.custom.cc'.
   Looking for a rule with intermediate file `../src/Makefile.custom.cc'.
    Avoiding implicit rule recursion.
    Avoiding implicit rule recursion.
    Trying pattern rule with stem `Makefile.custom.cc'.
    Trying implicit prerequisite `../src/Makefile.custom.cc,v'.
    Trying pattern rule with stem `Makefile.custom.cc'.
    Trying implicit prerequisite `../src/RCS/Makefile.custom.cc,v'.
    Trying pattern rule with stem `Makefile.custom.cc'.
    Trying implicit prerequisite `../src/RCS/Makefile.custom.cc'.
    Trying pattern rule with stem `Makefile.custom.cc'.
    Trying implicit prerequisite `../src/s.Makefile.custom.cc'.
    Trying pattern rule with stem `Makefile.custom.cc'.
    Trying implicit prerequisite `../src/SCCS/s.Makefile.custom.cc'.
   Trying pattern rule with stem `Makefile.custom'.
   Trying implicit prerequisite `../src/Makefile.custom.C'.
   Looking for a rule with intermediate file `../src/Makefile.custom.C'.
    Avoiding implicit rule recursion.
    Avoiding implicit rule recursion.
    Trying pattern rule with stem `Makefile.custom.C'.
    Trying implicit prerequisite `../src/Makefile.custom.C,v'.
    Trying pattern rule with stem `Makefile.custom.C'.
    Trying implicit prerequisite `../src/RCS/Makefile.custom.C,v'.
    Trying pattern rule with stem `Makefile.custom.C'.
    Trying implicit prerequisite `../src/RCS/Makefile.custom.C'.
    Trying pattern rule with stem `Makefile.custom.C'.
    Trying implicit prerequisite `../src/s.Makefile.custom.C'.
    Trying pattern rule with stem `Makefile.custom.C'.
    Trying implicit prerequisite `../src/SCCS/s.Makefile.custom.C'.
   Trying pattern rule with stem `Makefile.custom'.
   Trying implicit prerequisite `../src/Makefile.custom.cpp'.
   Looking for a rule with intermediate file `../src/Makefile.custom.cpp'.
    Avoiding implicit rule recursion.
    Avoiding implicit rule recursion.
    Trying pattern rule with stem `Makefile.custom.cpp'.
    Trying implicit prerequisite `../src/Makefile.custom.cpp,v'.
    Trying pattern rule with stem `Makefile.custom.cpp'.
    Trying implicit prerequisite `../src/RCS/Makefile.custom.cpp,v'.
    Trying pattern rule with stem `Makefile.custom.cpp'.
    Trying implicit prerequisite `../src/RCS/Makefile.custom.cpp'.
    Trying pattern rule with stem `Makefile.custom.cpp'.
    Trying implicit prerequisite `../src/s.Makefile.custom.cpp'.
    Trying pattern rule with stem `Makefile.custom.cpp'.
    Trying implicit prerequisite `../src/SCCS/s.Makefile.custom.cpp'.
   Trying pattern rule with stem `Makefile.custom'.
   Trying implicit prerequisite `../src/Makefile.custom.p'.
   Looking for a rule with intermediate file `../src/Makefile.custom.p'.
    Avoiding implicit rule recursion.
    Avoiding implicit rule recursion.
    Trying pattern rule with stem `Makefile.custom'.
    Trying implicit prerequisite `../src/Makefile.custom.web'.
    Trying pattern rule with stem `Makefile.custom.p'.
    Trying implicit prerequisite `../src/Makefile.custom.p,v'.
    Trying pattern rule with stem `Makefile.custom.p'.
    Trying implicit prerequisite `../src/RCS/Makefile.custom.p,v'.
    Trying pattern rule with stem `Makefile.custom.p'.
    Trying implicit prerequisite `../src/RCS/Makefile.custom.p'.
    Trying pattern rule with stem `Makefile.custom.p'.
    Trying implicit prerequisite `../src/s.Makefile.custom.p'.
    Trying pattern rule with stem `Makefile.custom.p'.
    Trying implicit prerequisite `../src/SCCS/s.Makefile.custom.p'.
    Trying pattern rule with stem `Makefile.custom'.
    Trying implicit prerequisite `../src/Makefile.custom.web'.
    Looking for a rule with intermediate file `../src/Makefile.custom.web'.
     Avoiding implicit rule recursion.
     Avoiding implicit rule recursion.
     Avoiding implicit rule recursion.
     Trying pattern rule with stem `Makefile.custom.web'.
     Trying implicit prerequisite `../src/Makefile.custom.web,v'.
     Trying pattern rule with stem `Makefile.custom.web'.
     Trying implicit prerequisite `../src/RCS/Makefile.custom.web,v'.
     Trying pattern rule with stem `Makefile.custom.web'.
     Trying implicit prerequisite `../src/RCS/Makefile.custom.web'.
     Trying pattern rule with stem `Makefile.custom.web'.
     Trying implicit prerequisite `../src/s.Makefile.custom.web'.
     Trying pattern rule with stem `Makefile.custom.web'.
     Trying implicit prerequisite `../src/SCCS/s.Makefile.custom.web'.
   Trying pattern rule with stem `Makefile.custom'.
   Trying implicit prerequisite `../src/Makefile.custom.f'.
   Looking for a rule with intermediate file `../src/Makefile.custom.f'.
    Avoiding implicit rule recursion.
    Avoiding implicit rule recursion.
    Trying pattern rule with stem `Makefile.custom'.
    Trying implicit prerequisite `../src/Makefile.custom.F'.
    Trying pattern rule with stem `Makefile.custom'.
    Trying implicit prerequisite `../src/Makefile.custom.r'.
    Trying pattern rule with stem `Makefile.custom.f'.
    Trying implicit prerequisite `../src/Makefile.custom.f,v'.
    Trying pattern rule with stem `Makefile.custom.f'.
    Trying implicit prerequisite `../src/RCS/Makefile.custom.f,v'.
    Trying pattern rule with stem `Makefile.custom.f'.
    Trying implicit prerequisite `../src/RCS/Makefile.custom.f'.
    Trying pattern rule with stem `Makefile.custom.f'.
    Trying implicit prerequisite `../src/s.Makefile.custom.f'.
    Trying pattern rule with stem `Makefile.custom.f'.
    Trying implicit prerequisite `../src/SCCS/s.Makefile.custom.f'.
    Trying pattern rule with stem `Makefile.custom'.
    Trying implicit prerequisite `../src/Makefile.custom.F'.
    Looking for a rule with intermediate file `../src/Makefile.custom.F'.
     Avoiding implicit rule recursion.
     Avoiding implicit rule recursion.
     Avoiding implicit rule recursion.
     Trying pattern rule with stem `Makefile.custom.F'.
     Trying implicit prerequisite `../src/Makefile.custom.F,v'.
     Trying pattern rule with stem `Makefile.custom.F'.
     Trying implicit prerequisite `../src/RCS/Makefile.custom.F,v'.
     Trying pattern rule with stem `Makefile.custom.F'.
     Trying implicit prerequisite `../src/RCS/Makefile.custom.F'.
     Trying pattern rule with stem `Makefile.custom.F'.
     Trying implicit prerequisite `../src/s.Makefile.custom.F'.
     Trying pattern rule with stem `Makefile.custom.F'.
     Trying implicit prerequisite `../src/SCCS/s.Makefile.custom.F'.
    Trying pattern rule with stem `Makefile.custom'.
    Trying implicit prerequisite `../src/Makefile.custom.r'.
    Looking for a rule with intermediate file `../src/Makefile.custom.r'.
     Avoiding implicit rule recursion.
     Avoiding implicit rule recursion.
     Avoiding implicit rule recursion.
     Trying pattern rule with stem `Makefile.custom'.
     Rejecting impossible implicit prerequisite `../src/Makefile.custom.l'.
     Trying pattern rule with stem `Makefile.custom.r'.
     Trying implicit prerequisite `../src/Makefile.custom.r,v'.
     Trying pattern rule with stem `Makefile.custom.r'.
     Trying implicit prerequisite `../src/RCS/Makefile.custom.r,v'.
     Trying pattern rule with stem `Makefile.custom.r'.
     Trying implicit prerequisite `../src/RCS/Makefile.custom.r'.
     Trying pattern rule with stem `Makefile.custom.r'.
     Trying implicit prerequisite `../src/s.Makefile.custom.r'.
     Trying pattern rule with stem `Makefile.custom.r'.
     Trying implicit prerequisite `../src/SCCS/s.Makefile.custom.r'.
   Trying pattern rule with stem `Makefile.custom'.
   Rejecting impossible implicit prerequisite `../src/Makefile.custom.F'.
   Trying pattern rule with stem `Makefile.custom'.
   Trying implicit prerequisite `../src/Makefile.custom.m'.
   Looking for a rule with intermediate file `../src/Makefile.custom.m'.
    Avoiding implicit rule recursion.
    Avoiding implicit rule recursion.
    Trying pattern rule with stem `Makefile.custom'.
    Trying implicit prerequisite `../src/Makefile.custom.ym'.
    Trying pattern rule with stem `Makefile.custom'.
    Trying implicit prerequisite `../src/Makefile.custom.lm'.
    Trying pattern rule with stem `Makefile.custom.m'.
    Trying implicit prerequisite `../src/Makefile.custom.m,v'.
    Trying pattern rule with stem `Makefile.custom.m'.
    Trying implicit prerequisite `../src/RCS/Makefile.custom.m,v'.
    Trying pattern rule with stem `Makefile.custom.m'.
    Trying implicit prerequisite `../src/RCS/Makefile.custom.m'.
    Trying pattern rule with stem `Makefile.custom.m'.
    Trying implicit prerequisite `../src/s.Makefile.custom.m'.
    Trying pattern rule with stem `Makefile.custom.m'.
    Trying implicit prerequisite `../src/SCCS/s.Makefile.custom.m'.
    Trying pattern rule with stem `Makefile.custom'.
    Trying implicit prerequisite `../src/Makefile.custom.ym'.
    Looking for a rule with intermediate file `../src/Makefile.custom.ym'.
     Avoiding implicit rule recursion.
     Avoiding implicit rule recursion.
     Avoiding implicit rule recursion.
     Trying pattern rule with stem `Makefile.custom.ym'.
     Trying implicit prerequisite `../src/Makefile.custom.ym,v'.
     Trying pattern rule with stem `Makefile.custom.ym'.
     Trying implicit prerequisite `../src/RCS/Makefile.custom.ym,v'.
     Trying pattern rule with stem `Makefile.custom.ym'.
     Trying implicit prerequisite `../src/RCS/Makefile.custom.ym'.
     Trying pattern rule with stem `Makefile.custom.ym'.
     Trying implicit prerequisite `../src/s.Makefile.custom.ym'.
     Trying pattern rule with stem `Makefile.custom.ym'.
     Trying implicit prerequisite `../src/SCCS/s.Makefile.custom.ym'.
    Trying pattern rule with stem `Makefile.custom'.
    Trying implicit prerequisite `../src/Makefile.custom.lm'.
    Looking for a rule with intermediate file `../src/Makefile.custom.lm'.
     Avoiding implicit rule recursion.
     Avoiding implicit rule recursion.
     Avoiding implicit rule recursion.
     Trying pattern rule with stem `Makefile.custom.lm'.
     Trying implicit prerequisite `../src/Makefile.custom.lm,v'.
     Trying pattern rule with stem `Makefile.custom.lm'.
     Trying implicit prerequisite `../src/RCS/Makefile.custom.lm,v'.
     Trying pattern rule with stem `Makefile.custom.lm'.
     Trying implicit prerequisite `../src/RCS/Makefile.custom.lm'.
     Trying pattern rule with stem `Makefile.custom.lm'.
     Trying implicit prerequisite `../src/s.Makefile.custom.lm'.
     Trying pattern rule with stem `Makefile.custom.lm'.
     Trying implicit prerequisite `../src/SCCS/s.Makefile.custom.lm'.
   Trying pattern rule with stem `Makefile.custom'.
   Rejecting impossible implicit prerequisite `../src/Makefile.custom.r'.
   Trying pattern rule with stem `Makefile.custom'.
   Trying implicit prerequisite `../src/Makefile.custom.s'.
   Looking for a rule with intermediate file `../src/Makefile.custom.s'.
    Avoiding implicit rule recursion.
    Avoiding implicit rule recursion.
    Trying pattern rule with stem `Makefile.custom'.
    Trying implicit prerequisite `../src/Makefile.custom.S'.
    Trying pattern rule with stem `Makefile.custom.s'.
    Trying implicit prerequisite `../src/Makefile.custom.s,v'.
    Trying pattern rule with stem `Makefile.custom.s'.
    Trying implicit prerequisite `../src/RCS/Makefile.custom.s,v'.
    Trying pattern rule with stem `Makefile.custom.s'.
    Trying implicit prerequisite `../src/RCS/Makefile.custom.s'.
    Trying pattern rule with stem `Makefile.custom.s'.
    Trying implicit prerequisite `../src/s.Makefile.custom.s'.
    Trying pattern rule with stem `Makefile.custom.s'.
    Trying implicit prerequisite `../src/SCCS/s.Makefile.custom.s'.
    Trying pattern rule with stem `Makefile.custom'.
    Trying implicit prerequisite `../src/Makefile.custom.S'.
    Looking for a rule with intermediate file `../src/Makefile.custom.S'.
     Avoiding implicit rule recursion.
     Avoiding implicit rule recursion.
     Avoiding implicit rule recursion.
     Trying pattern rule with stem `Makefile.custom.S'.
     Trying implicit prerequisite `../src/Makefile.custom.S,v'.
     Trying pattern rule with stem `Makefile.custom.S'.
     Trying implicit prerequisite `../src/RCS/Makefile.custom.S,v'.
     Trying pattern rule with stem `Makefile.custom.S'.
     Trying implicit prerequisite `../src/RCS/Makefile.custom.S'.
     Trying pattern rule with stem `Makefile.custom.S'.
     Trying implicit prerequisite `../src/s.Makefile.custom.S'.
     Trying pattern rule with stem `Makefile.custom.S'.
     Trying implicit prerequisite `../src/SCCS/s.Makefile.custom.S'.
   Trying pattern rule with stem `Makefile.custom'.
   Rejecting impossible implicit prerequisite `../src/Makefile.custom.S'.
   Trying pattern rule with stem `Makefile.custom'.
   Trying implicit prerequisite `../src/Makefile.custom.mod'.
   Looking for a rule with intermediate file `../src/Makefile.custom.mod'.
    Avoiding implicit rule recursion.
    Avoiding implicit rule recursion.
    Trying pattern rule with stem `Makefile.custom.mod'.
    Trying implicit prerequisite `../src/Makefile.custom.mod,v'.
    Trying pattern rule with stem `Makefile.custom.mod'.
    Trying implicit prerequisite `../src/RCS/Makefile.custom.mod,v'.
    Trying pattern rule with stem `Makefile.custom.mod'.
    Trying implicit prerequisite `../src/RCS/Makefile.custom.mod'.
    Trying pattern rule with stem `Makefile.custom.mod'.
    Trying implicit prerequisite `../src/s.Makefile.custom.mod'.
    Trying pattern rule with stem `Makefile.custom.mod'.
    Trying implicit prerequisite `../src/SCCS/s.Makefile.custom.mod'.
  Trying pattern rule with stem `Makefile.custom'.
  Rejecting impossible implicit prerequisite `../src/Makefile.custom.cc'.
  Trying pattern rule with stem `Makefile.custom'.
  Rejecting impossible implicit prerequisite `../src/Makefile.custom.C'.
  Trying pattern rule with stem `Makefile.custom'.
  Rejecting impossible implicit prerequisite `../src/Makefile.custom.cpp'.
  Trying pattern rule with stem `Makefile.custom'.
  Rejecting impossible implicit prerequisite `../src/Makefile.custom.p'.
  Trying pattern rule with stem `Makefile.custom'.
  Rejecting impossible implicit prerequisite `../src/Makefile.custom.f'.
  Trying pattern rule with stem `Makefile.custom'.
  Rejecting impossible implicit prerequisite `../src/Makefile.custom.F'.
  Trying pattern rule with stem `Makefile.custom'.
  Rejecting impossible implicit prerequisite `../src/Makefile.custom.m'.
  Trying pattern rule with stem `Makefile.custom'.
  Rejecting impossible implicit prerequisite `../src/Makefile.custom.r'.
  Trying pattern rule with stem `Makefile.custom'.
  Rejecting impossible implicit prerequisite `../src/Makefile.custom.s'.
  Trying pattern rule with stem `Makefile.custom'.
  Rejecting impossible implicit prerequisite `../src/Makefile.custom.S'.
  Trying pattern rule with stem `Makefile.custom'.
  Rejecting impossible implicit prerequisite `../src/Makefile.custom.mod'.
  Trying pattern rule with stem `Makefile.custom'.
  Trying implicit prerequisite `../src/Makefile.custom.sh'.
  Looking for a rule with intermediate file `../src/Makefile.custom.sh'.
   Avoiding implicit rule recursion.
   Trying pattern rule with stem `Makefile.custom.sh'.
   Trying implicit prerequisite `../src/Makefile.custom.sh,v'.
   Trying pattern rule with stem `Makefile.custom.sh'.
   Trying implicit prerequisite `../src/RCS/Makefile.custom.sh,v'.
   Trying pattern rule with stem `Makefile.custom.sh'.
   Trying implicit prerequisite `../src/RCS/Makefile.custom.sh'.
   Trying pattern rule with stem `Makefile.custom.sh'.
   Trying implicit prerequisite `../src/s.Makefile.custom.sh'.
   Trying pattern rule with stem `Makefile.custom.sh'.
   Trying implicit prerequisite `../src/SCCS/s.Makefile.custom.sh'.
  No implicit rule found for `../src/Makefile.custom'.
  Finished prerequisites of target file `../src/Makefile.custom'.
 Must remake target `../src/Makefile.custom'.
 Failed to remake target file `../src/Makefile.custom'.
 Considering target file `../src/Makefile.port'.
  Looking for an implicit rule for `../src/Makefile.port'.
  Trying pattern rule with stem `Makefile.port'.
  Trying implicit prerequisite `../src/Makefile.port.o'.
  Trying pattern rule with stem `Makefile.port'.
  Trying implicit prerequisite `../src/Makefile.port.cc'.
  Trying pattern rule with stem `Makefile.port'.
  Trying implicit prerequisite `../src/Makefile.port.C'.
  Trying pattern rule with stem `Makefile.port'.
  Trying implicit prerequisite `../src/Makefile.port.cpp'.
  Trying pattern rule with stem `Makefile.port'.
  Trying implicit prerequisite `../src/Makefile.port.p'.
  Trying pattern rule with stem `Makefile.port'.
  Trying implicit prerequisite `../src/Makefile.port.f'.
  Trying pattern rule with stem `Makefile.port'.
  Trying implicit prerequisite `../src/Makefile.port.F'.
  Trying pattern rule with stem `Makefile.port'.
  Trying implicit prerequisite `../src/Makefile.port.m'.
  Trying pattern rule with stem `Makefile.port'.
  Trying implicit prerequisite `../src/Makefile.port.r'.
  Trying pattern rule with stem `Makefile.port'.
  Trying implicit prerequisite `../src/Makefile.port.s'.
  Trying pattern rule with stem `Makefile.port'.
  Trying implicit prerequisite `../src/Makefile.port.S'.
  Trying pattern rule with stem `Makefile.port'.
  Trying implicit prerequisite `../src/Makefile.port.mod'.
  Trying pattern rule with stem `Makefile.port'.
  Trying implicit prerequisite `../src/Makefile.port.sh'.
  Trying pattern rule with stem `Makefile.port'.
  Trying implicit prerequisite `../src/Makefile.port,v'.
  Trying pattern rule with stem `Makefile.port'.
  Trying implicit prerequisite `../src/RCS/Makefile.port,v'.
  Trying pattern rule with stem `Makefile.port'.
  Trying implicit prerequisite `../src/RCS/Makefile.port'.
  Trying pattern rule with stem `Makefile.port'.
  Trying implicit prerequisite `../src/s.Makefile.port'.
  Trying pattern rule with stem `Makefile.port'.
  Trying implicit prerequisite `../src/SCCS/s.Makefile.port'.
  Trying pattern rule with stem `Makefile.port'.
  Trying implicit prerequisite `../src/Makefile.port.o'.
  Looking for a rule with intermediate file `../src/Makefile.port.o'.
   Avoiding implicit rule recursion.
   Trying pattern rule with stem `Makefile.port'.
   Trying implicit prerequisite `../src/Makefile.port.c'.
   Trying pattern rule with stem `Makefile.port'.
   Trying implicit prerequisite `../src/Makefile.port.cc'.
   Trying pattern rule with stem `Makefile.port'.
   Trying implicit prerequisite `../src/Makefile.port.C'.
   Trying pattern rule with stem `Makefile.port'.
   Trying implicit prerequisite `../src/Makefile.port.cpp'.
   Trying pattern rule with stem `Makefile.port'.
   Trying implicit prerequisite `../src/Makefile.port.p'.
   Trying pattern rule with stem `Makefile.port'.
   Trying implicit prerequisite `../src/Makefile.port.f'.
   Trying pattern rule with stem `Makefile.port'.
   Trying implicit prerequisite `../src/Makefile.port.F'.
   Trying pattern rule with stem `Makefile.port'.
   Trying implicit prerequisite `../src/Makefile.port.m'.
   Trying pattern rule with stem `Makefile.port'.
   Trying implicit prerequisite `../src/Makefile.port.r'.
   Trying pattern rule with stem `Makefile.port'.
   Trying implicit prerequisite `../src/Makefile.port.s'.
   Trying pattern rule with stem `Makefile.port'.
   Trying implicit prerequisite `../src/Makefile.port.S'.
   Trying pattern rule with stem `Makefile.port'.
   Trying implicit prerequisite `../src/Makefile.port.mod'.
   Trying pattern rule with stem `Makefile.port.o'.
   Trying implicit prerequisite `../src/Makefile.port.o,v'.
   Trying pattern rule with stem `Makefile.port.o'.
   Trying implicit prerequisite `../src/RCS/Makefile.port.o,v'.
   Trying pattern rule with stem `Makefile.port.o'.
   Trying implicit prerequisite `../src/RCS/Makefile.port.o'.
   Trying pattern rule with stem `Makefile.port.o'.
   Trying implicit prerequisite `../src/s.Makefile.port.o'.
   Trying pattern rule with stem `Makefile.port.o'.
   Trying implicit prerequisite `../src/SCCS/s.Makefile.port.o'.
   Trying pattern rule with stem `Makefile.port'.
   Trying implicit prerequisite `../src/Makefile.port.c'.
   Looking for a rule with intermediate file `../src/Makefile.port.c'.
    Avoiding implicit rule recursion.
    Avoiding implicit rule recursion.
    Trying pattern rule with stem `Makefile.port'.
    Trying implicit prerequisite `../src/Makefile.port.l'.
    Trying pattern rule with stem `Makefile.port'.
    Trying implicit prerequisite `../src/Makefile.port.y'.
    Trying pattern rule with stem `Makefile.port'.
    Trying implicit prerequisite `../src/Makefile.port.w'.
    Trying pattern rule with stem `Makefile.port'.
    Trying implicit prerequisite `../src/Makefile.port.w'.
    Trying pattern rule with stem `Makefile.port.c'.
    Trying implicit prerequisite `../src/Makefile.port.c,v'.
    Trying pattern rule with stem `Makefile.port.c'.
    Trying implicit prerequisite `../src/RCS/Makefile.port.c,v'.
    Trying pattern rule with stem `Makefile.port.c'.
    Trying implicit prerequisite `../src/RCS/Makefile.port.c'.
    Trying pattern rule with stem `Makefile.port.c'.
    Trying implicit prerequisite `../src/s.Makefile.port.c'.
    Trying pattern rule with stem `Makefile.port.c'.
    Trying implicit prerequisite `../src/SCCS/s.Makefile.port.c'.
    Trying pattern rule with stem `Makefile.port'.
    Trying implicit prerequisite `../src/Makefile.port.l'.
    Looking for a rule with intermediate file `../src/Makefile.port.l'.
     Avoiding implicit rule recursion.
     Avoiding implicit rule recursion.
     Avoiding implicit rule recursion.
     Trying pattern rule with stem `Makefile.port.l'.
     Trying implicit prerequisite `../src/Makefile.port.l,v'.
     Trying pattern rule with stem `Makefile.port.l'.
     Trying implicit prerequisite `../src/RCS/Makefile.port.l,v'.
     Trying pattern rule with stem `Makefile.port.l'.
     Trying implicit prerequisite `../src/RCS/Makefile.port.l'.
     Trying pattern rule with stem `Makefile.port.l'.
     Trying implicit prerequisite `../src/s.Makefile.port.l'.
     Trying pattern rule with stem `Makefile.port.l'.
     Trying implicit prerequisite `../src/SCCS/s.Makefile.port.l'.
    Trying pattern rule with stem `Makefile.port'.
    Trying implicit prerequisite `../src/Makefile.port.y'.
    Looking for a rule with intermediate file `../src/Makefile.port.y'.
     Avoiding implicit rule recursion.
     Avoiding implicit rule recursion.
     Avoiding implicit rule recursion.
     Trying pattern rule with stem `Makefile.port.y'.
     Trying implicit prerequisite `../src/Makefile.port.y,v'.
     Trying pattern rule with stem `Makefile.port.y'.
     Trying implicit prerequisite `../src/RCS/Makefile.port.y,v'.
     Trying pattern rule with stem `Makefile.port.y'.
     Trying implicit prerequisite `../src/RCS/Makefile.port.y'.
     Trying pattern rule with stem `Makefile.port.y'.
     Trying implicit prerequisite `../src/s.Makefile.port.y'.
     Trying pattern rule with stem `Makefile.port.y'.
     Trying implicit prerequisite `../src/SCCS/s.Makefile.port.y'.
    Trying pattern rule with stem `Makefile.port'.
    Trying implicit prerequisite `../src/Makefile.port.w'.
    Looking for a rule with intermediate file `../src/Makefile.port.w'.
     Avoiding implicit rule recursion.
     Avoiding implicit rule recursion.
     Avoiding implicit rule recursion.
     Trying pattern rule with stem `Makefile.port.w'.
     Trying implicit prerequisite `../src/Makefile.port.w,v'.
     Trying pattern rule with stem `Makefile.port.w'.
     Trying implicit prerequisite `../src/RCS/Makefile.port.w,v'.
     Trying pattern rule with stem `Makefile.port.w'.
     Trying implicit prerequisite `../src/RCS/Makefile.port.w'.
     Trying pattern rule with stem `Makefile.port.w'.
     Trying implicit prerequisite `../src/s.Makefile.port.w'.
     Trying pattern rule with stem `Makefile.port.w'.
     Trying implicit prerequisite `../src/SCCS/s.Makefile.port.w'.
    Trying pattern rule with stem `Makefile.port'.
    Rejecting impossible implicit prerequisite `../src/Makefile.port.w'.
   Trying pattern rule with stem `Makefile.port'.
   Trying implicit prerequisite `../src/Makefile.port.cc'.
   Looking for a rule with intermediate file `../src/Makefile.port.cc'.
    Avoiding implicit rule recursion.
    Avoiding implicit rule recursion.
    Trying pattern rule with stem `Makefile.port.cc'.
    Trying implicit prerequisite `../src/Makefile.port.cc,v'.
    Trying pattern rule with stem `Makefile.port.cc'.
    Trying implicit prerequisite `../src/RCS/Makefile.port.cc,v'.
    Trying pattern rule with stem `Makefile.port.cc'.
    Trying implicit prerequisite `../src/RCS/Makefile.port.cc'.
    Trying pattern rule with stem `Makefile.port.cc'.
    Trying implicit prerequisite `../src/s.Makefile.port.cc'.
    Trying pattern rule with stem `Makefile.port.cc'.
    Trying implicit prerequisite `../src/SCCS/s.Makefile.port.cc'.
   Trying pattern rule with stem `Makefile.port'.
   Trying implicit prerequisite `../src/Makefile.port.C'.
   Looking for a rule with intermediate file `../src/Makefile.port.C'.
    Avoiding implicit rule recursion.
    Avoiding implicit rule recursion.
    Trying pattern rule with stem `Makefile.port.C'.
    Trying implicit prerequisite `../src/Makefile.port.C,v'.
    Trying pattern rule with stem `Makefile.port.C'.
    Trying implicit prerequisite `../src/RCS/Makefile.port.C,v'.
    Trying pattern rule with stem `Makefile.port.C'.
    Trying implicit prerequisite `../src/RCS/Makefile.port.C'.
    Trying pattern rule with stem `Makefile.port.C'.
    Trying implicit prerequisite `../src/s.Makefile.port.C'.
    Trying pattern rule with stem `Makefile.port.C'.
    Trying implicit prerequisite `../src/SCCS/s.Makefile.port.C'.
   Trying pattern rule with stem `Makefile.port'.
   Trying implicit prerequisite `../src/Makefile.port.cpp'.
   Looking for a rule with intermediate file `../src/Makefile.port.cpp'.
    Avoiding implicit rule recursion.
    Avoiding implicit rule recursion.
    Trying pattern rule with stem `Makefile.port.cpp'.
    Trying implicit prerequisite `../src/Makefile.port.cpp,v'.
    Trying pattern rule with stem `Makefile.port.cpp'.
    Trying implicit prerequisite `../src/RCS/Makefile.port.cpp,v'.
    Trying pattern rule with stem `Makefile.port.cpp'.
    Trying implicit prerequisite `../src/RCS/Makefile.port.cpp'.
    Trying pattern rule with stem `Makefile.port.cpp'.
    Trying implicit prerequisite `../src/s.Makefile.port.cpp'.
    Trying pattern rule with stem `Makefile.port.cpp'.
    Trying implicit prerequisite `../src/SCCS/s.Makefile.port.cpp'.
   Trying pattern rule with stem `Makefile.port'.
   Trying implicit prerequisite `../src/Makefile.port.p'.
   Looking for a rule with intermediate file `../src/Makefile.port.p'.
    Avoiding implicit rule recursion.
    Avoiding implicit rule recursion.
    Trying pattern rule with stem `Makefile.port'.
    Trying implicit prerequisite `../src/Makefile.port.web'.
    Trying pattern rule with stem `Makefile.port.p'.
    Trying implicit prerequisite `../src/Makefile.port.p,v'.
    Trying pattern rule with stem `Makefile.port.p'.
    Trying implicit prerequisite `../src/RCS/Makefile.port.p,v'.
    Trying pattern rule with stem `Makefile.port.p'.
    Trying implicit prerequisite `../src/RCS/Makefile.port.p'.
    Trying pattern rule with stem `Makefile.port.p'.
    Trying implicit prerequisite `../src/s.Makefile.port.p'.
    Trying pattern rule with stem `Makefile.port.p'.
    Trying implicit prerequisite `../src/SCCS/s.Makefile.port.p'.
    Trying pattern rule with stem `Makefile.port'.
    Trying implicit prerequisite `../src/Makefile.port.web'.
    Looking for a rule with intermediate file `../src/Makefile.port.web'.
     Avoiding implicit rule recursion.
     Avoiding implicit rule recursion.
     Avoiding implicit rule recursion.
     Trying pattern rule with stem `Makefile.port.web'.
Updating makefiles....
 Considering target file `../src/Makefile.custom'.
  File `../src/Makefile.custom' does not exist.
  Looking for an implicit rule for `../src/Makefile.custom'.
  Trying pattern rule with stem `Makefile.custom'.
  Trying implicit prerequisite `../src/Makefile.custom.o'.
  Trying pattern rule with stem `Makefile.custom'.
  Trying implicit prerequisite `../src/Makefile.custom.cc'.
  Trying pattern rule with stem `Makefile.custom'.
  Trying implicit prerequisite `../src/Makefile.custom.C'.
  Trying pattern rule with stem `Makefile.custom'.
  Trying implicit prerequisite `../src/Makefile.custom.cpp'.
  Trying pattern rule with stem `Makefile.custom'.
  Trying implicit prerequisite `../src/Makefile.custom.p'.
  Trying pattern rule with stem `Makefile.custom'.
  Trying implicit prerequisite `../src/Makefile.custom.f'.
  Trying pattern rule with stem `Makefile.custom'.
  Trying implicit prerequisite `../src/Makefile.custom.F'.
  Trying pattern rule with stem `Makefile.custom'.
  Trying implicit prerequisite `../src/Makefile.custom.m'.
  Trying pattern rule with stem `Makefile.custom'.
  Trying implicit prerequisite `../src/Makefile.custom.r'.
  Trying pattern rule with stem `Makefile.custom'.
  Trying implicit prerequisite `../src/Makefile.custom.s'.
  Trying pattern rule with stem `Makefile.custom'.
  Trying implicit prerequisite `../src/Makefile.custom.S'.
  Trying pattern rule with stem `Makefile.custom'.
  Trying implicit prerequisite `../src/Makefile.custom.mod'.
  Trying pattern rule with stem `Makefile.custom'.
  Trying implicit prerequisite `../src/Makefile.custom.sh'.
  Trying pattern rule with stem `Makefile.custom'.
  Trying implicit prerequisite `../src/Makefile.custom,v'.
  Trying pattern rule with stem `Makefile.custom'.
     Trying implicit prerequisite `../src/Makefile.port.web,v'.
     Trying pattern rule with stem `Makefile.port.web'.
     Trying implicit prerequisite `../src/RCS/Makefile.port.web,v'.
     Trying pattern rule with stem `Makefile.port.web'.
     Trying implicit prerequisite `../src/RCS/Makefile.port.web'.
     Trying pattern rule with stem `Makefile.port.web'.
     Trying implicit prerequisite `../src/s.Makefile.port.web'.
     Trying pattern rule with stem `Makefile.port.web'.
     Trying implicit prerequisite `../src/SCCS/s.Makefile.port.web'.
   Trying pattern rule with stem `Makefile.port'.
   Trying implicit prerequisite `../src/Makefile.port.f'.
   Looking for a rule with intermediate file `../src/Makefile.port.f'.
    Avoiding implicit rule recursion.
    Avoiding implicit rule recursion.
  Trying implicit prerequisite `../src/RCS/Makefile.custom,v'.
  Trying pattern rule with stem `Makefile.custom'.
  Trying implicit prerequisite `../src/RCS/Makefile.custom'.
  Trying pattern rule with stem `Makefile.custom'.
  Trying implicit prerequisite `../src/s.Makefile.custom'.
  Trying pattern rule with stem `Makefile.custom'.
  Trying implicit prerequisite `../src/SCCS/s.Makefile.custom'.
  Trying pattern rule with stem `Makefile.custom'.
  Trying implicit prerequisite `../src/Makefile.custom.o'.
  Looking for a rule with intermediate file `../src/Makefile.custom.o'.
   Avoiding implicit rule recursion.
   Trying pattern rule with stem `Makefile.custom'.
   Trying implicit prerequisite `../src/Makefile.custom.c'.
   Trying pattern rule with stem `Makefile.custom'.
   Trying implicit prerequisite `../src/Makefile.custom.cc'.
   Trying pattern rule with stem `Makefile.custom'.
   Trying implicit prerequisite `../src/Makefile.custom.C'.
   Trying pattern rule with stem `Makefile.custom'.
   Trying implicit prerequisite `../src/Makefile.custom.cpp'.
   Trying pattern rule with stem `Makefile.custom'.
   Trying implicit prerequisite `../src/Makefile.custom.p'.
   Trying pattern rule with stem `Makefile.custom'.
   Trying implicit prerequisite `../src/Makefile.custom.f'.
   Trying pattern rule with stem `Makefile.custom'.
   Trying implicit prerequisite `../src/Makefile.custom.F'.
    Trying pattern rule with stem `Makefile.port'.
    Trying implicit prerequisite `../src/Makefile.port.F'.
    Trying pattern rule with stem `Makefile.port'.
    Trying implicit prerequisite `../src/Makefile.port.r'.
    Trying pattern rule with stem `Makefile.port.f'.
    Trying implicit prerequisite `../src/Makefile.port.f,v'.
    Trying pattern rule with stem `Makefile.port.f'.
    Trying implicit prerequisite `../src/RCS/Makefile.port.f,v'.
    Trying pattern rule with stem `Makefile.port.f'.
    Trying implicit prerequisite `../src/RCS/Makefile.port.f'.
    Trying pattern rule with stem `Makefile.port.f'.
    Trying implicit prerequisite `../src/s.Makefile.port.f'.
    Trying pattern rule with stem `Makefile.port.f'.
   Trying pattern rule with stem `Makefile.custom'.
   Trying implicit prerequisite `../src/Makefile.custom.m'.
   Trying pattern rule with stem `Makefile.custom'.
   Trying implicit prerequisite `../src/Makefile.custom.r'.
   Trying pattern rule with stem `Makefile.custom'.
   Trying implicit prerequisite `../src/Makefile.custom.s'.
   Trying pattern rule with stem `Makefile.custom'.
   Trying implicit prerequisite `../src/Makefile.custom.S'.
   Trying pattern rule with stem `Makefile.custom'.
   Trying implicit prerequisite `../src/Makefile.custom.mod'.
   Trying pattern rule with stem `Makefile.custom.o'.
   Trying implicit prerequisite `../src/Makefile.custom.o,v'.
   Trying pattern rule with stem `Makefile.custom.o'.
    Trying implicit prerequisite `../src/SCCS/s.Makefile.port.f'.
    Trying pattern rule with stem `Makefile.port'.
    Trying implicit prerequisite `../src/Makefile.port.F'.
    Looking for a rule with intermediate file `../src/Makefile.port.F'.
     Avoiding implicit rule recursion.
     Avoiding implicit rule recursion.
     Avoiding implicit rule recursion.
     Trying pattern rule with stem `Makefile.port.F'.
     Trying implicit prerequisite `../src/Makefile.port.F,v'.
     Trying pattern rule with stem `Makefile.port.F'.
     Trying implicit prerequisite `../src/RCS/Makefile.port.F,v'.
     Trying pattern rule with stem `Makefile.port.F'.
     Trying implicit prerequisite `../src/RCS/Makefile.port.F'.
     Trying pattern rule with stem `Makefile.port.F'.
     Trying implicit prerequisite `../src/s.Makefile.port.F'.
     Trying pattern rule with stem `Makefile.port.F'.
     Trying implicit prerequisite `../src/SCCS/s.Makefile.port.F'.
    Trying pattern rule with stem `Makefile.port'.
    Trying implicit prerequisite `../src/Makefile.port.r'.
    Looking for a rule with intermediate file `../src/Makefile.port.r'.
     Avoiding implicit rule recursion.
     Avoiding implicit rule recursion.
     Avoiding implicit rule recursion.
     Trying pattern rule with stem `Makefile.port'.
     Rejecting impossible implicit prerequisite `../src/Makefile.port.l'.
     Trying pattern rule with stem `Makefile.port.r'.
     Trying implicit prerequisite `../src/Makefile.port.r,v'.
   Trying implicit prerequisite `../src/RCS/Makefile.custom.o,v'.
   Trying pattern rule with stem `Makefile.custom.o'.
   Trying implicit prerequisite `../src/RCS/Makefile.custom.o'.
   Trying pattern rule with stem `Makefile.custom.o'.
   Trying implicit prerequisite `../src/s.Makefile.custom.o'.
   Trying pattern rule with stem `Makefile.custom.o'.
   Trying implicit prerequisite `../src/SCCS/s.Makefile.custom.o'.
   Trying pattern rule with stem `Makefile.custom'.
   Trying implicit prerequisite `../src/Makefile.custom.c'.
   Looking for a rule with intermediate file `../src/Makefile.custom.c'.
    Avoiding implicit rule recursion.
    Avoiding implicit rule recursion.
    Trying pattern rule with stem `Makefile.custom'.
     Trying pattern rule with stem `Makefile.port.r'.
     Trying implicit prerequisite `../src/RCS/Makefile.port.r,v'.
     Trying pattern rule with stem `Makefile.port.r'.
     Trying implicit prerequisite `../src/RCS/Makefile.port.r'.
     Trying pattern rule with stem `Makefile.port.r'.
     Trying implicit prerequisite `../src/s.Makefile.port.r'.
     Trying pattern rule with stem `Makefile.port.r'.
     Trying implicit prerequisite `../src/SCCS/s.Makefile.port.r'.
   Trying pattern rule with stem `Makefile.port'.
   Rejecting impossible implicit prerequisite `../src/Makefile.port.F'.
   Trying pattern rule with stem `Makefile.port'.
   Trying implicit prerequisite `../src/Makefile.port.m'.
   Looking for a rule with intermediate file `../src/Makefile.port.m'.
    Avoiding implicit rule recursion.
    Avoiding implicit rule recursion.
    Trying pattern rule with stem `Makefile.port'.
    Trying implicit prerequisite `../src/Makefile.port.ym'.
    Trying pattern rule with stem `Makefile.port'.
    Trying implicit prerequisite `../src/Makefile.port.lm'.
    Trying pattern rule with stem `Makefile.port.m'.
    Trying implicit prerequisite `../src/Makefile.port.m,v'.
    Trying pattern rule with stem `Makefile.port.m'.
    Trying implicit prerequisite `../src/RCS/Makefile.port.m,v'.
    Trying pattern rule with stem `Makefile.port.m'.
    Trying implicit prerequisite `../src/RCS/Makefile.port.m'.
    Trying pattern rule with stem `Makefile.port.m'.
    Trying implicit prerequisite `../src/s.Makefile.port.m'.
    Trying pattern rule with stem `Makefile.port.m'.
    Trying implicit prerequisite `../src/Makefile.custom.l'.
    Trying pattern rule with stem `Makefile.custom'.
    Trying implicit prerequisite `../src/Makefile.custom.y'.
    Trying pattern rule with stem `Makefile.custom'.
    Trying implicit prerequisite `../src/Makefile.custom.w'.
    Trying pattern rule with stem `Makefile.custom'.
    Trying implicit prerequisite `../src/Makefile.custom.w'.
    Trying pattern rule with stem `Makefile.custom.c'.
    Trying implicit prerequisite `../src/Makefile.custom.c,v'.
    Trying pattern rule with stem `Makefile.custom.c'.
    Trying implicit prerequisite `../src/RCS/Makefile.custom.c,v'.
    Trying pattern rule with stem `Makefile.custom.c'.
    Trying implicit prerequisite `../src/RCS/Makefile.custom.c'.
    Trying pattern rule with stem `Makefile.custom.c'.
    Trying implicit prerequisite `../src/s.Makefile.custom.c'.
    Trying pattern rule with stem `Makefile.custom.c'.
    Trying implicit prerequisite `../src/SCCS/s.Makefile.port.m'.
    Trying pattern rule with stem `Makefile.port'.
    Trying implicit prerequisite `../src/Makefile.port.ym'.
    Looking for a rule with intermediate file `../src/Makefile.port.ym'.
     Avoiding implicit rule recursion.
     Avoiding implicit rule recursion.
     Avoiding implicit rule recursion.
     Trying pattern rule with stem `Makefile.port.ym'.
     Trying implicit prerequisite `../src/Makefile.port.ym,v'.
     Trying pattern rule with stem `Makefile.port.ym'.
     Trying implicit prerequisite `../src/RCS/Makefile.port.ym,v'.
     Trying pattern rule with stem `Makefile.port.ym'.
     Trying implicit prerequisite `../src/RCS/Makefile.port.ym'.
    Trying implicit prerequisite `../src/SCCS/s.Makefile.custom.c'.
    Trying pattern rule with stem `Makefile.custom'.
    Trying implicit prerequisite `../src/Makefile.custom.l'.
    Looking for a rule with intermediate file `../src/Makefile.custom.l'.
     Avoiding implicit rule recursion.
     Avoiding implicit rule recursion.
     Avoiding implicit rule recursion.
     Trying pattern rule with stem `Makefile.custom.l'.
     Trying implicit prerequisite `../src/Makefile.custom.l,v'.
     Trying pattern rule with stem `Makefile.custom.l'.
     Trying implicit prerequisite `../src/RCS/Makefile.custom.l,v'.
     Trying pattern rule with stem `Makefile.custom.l'.
     Trying implicit prerequisite `../src/RCS/Makefile.custom.l'.
     Trying pattern rule with stem `Makefile.port.ym'.
     Trying implicit prerequisite `../src/s.Makefile.port.ym'.
     Trying pattern rule with stem `Makefile.port.ym'.
     Trying implicit prerequisite `../src/SCCS/s.Makefile.port.ym'.
    Trying pattern rule with stem `Makefile.port'.
    Trying implicit prerequisite `../src/Makefile.port.lm'.
    Looking for a rule with intermediate file `../src/Makefile.port.lm'.
     Avoiding implicit rule recursion.
     Avoiding implicit rule recursion.
     Avoiding implicit rule recursion.
     Trying pattern rule with stem `Makefile.port.lm'.
     Trying implicit prerequisite `../src/Makefile.port.lm,v'.
     Trying pattern rule with stem `Makefile.port.lm'.
     Trying implicit prerequisite `../src/RCS/Makefile.port.lm,v'.
     Trying pattern rule with stem `Makefile.port.lm'.
     Trying implicit prerequisite `../src/RCS/Makefile.port.lm'.
     Trying pattern rule with stem `Makefile.port.lm'.
     Trying implicit prerequisite `../src/s.Makefile.port.lm'.
     Trying pattern rule with stem `Makefile.port.lm'.
     Trying implicit prerequisite `../src/SCCS/s.Makefile.port.lm'.
   Trying pattern rule with stem `Makefile.port'.
   Rejecting impossible implicit prerequisite `../src/Makefile.port.r'.
   Trying pattern rule with stem `Makefile.port'.
   Trying implicit prerequisite `../src/Makefile.port.s'.
   Looking for a rule with intermediate file `../src/Makefile.port.s'.
    Avoiding implicit rule recursion.
    Avoiding implicit rule recursion.
    Trying pattern rule with stem `Makefile.port'.
    Trying implicit prerequisite `../src/Makefile.port.S'.
    Trying pattern rule with stem `Makefile.port.s'.
    Trying implicit prerequisite `../src/Makefile.port.s,v'.
    Trying pattern rule with stem `Makefile.port.s'.
    Trying implicit prerequisite `../src/RCS/Makefile.port.s,v'.
    Trying pattern rule with stem `Makefile.port.s'.
    Trying implicit prerequisite `../src/RCS/Makefile.port.s'.
    Trying pattern rule with stem `Makefile.port.s'.
    Trying implicit prerequisite `../src/s.Makefile.port.s'.
    Trying pattern rule with stem `Makefile.port.s'.
    Trying implicit prerequisite `../src/SCCS/s.Makefile.port.s'.
    Trying pattern rule with stem `Makefile.port'.
    Trying implicit prerequisite `../src/Makefile.port.S'.
    Looking for a rule with intermediate file `../src/Makefile.port.S'.
     Avoiding implicit rule recursion.
     Avoiding implicit rule recursion.
     Avoiding implicit rule recursion.
     Trying pattern rule with stem `Makefile.port.S'.
     Trying implicit prerequisite `../src/Makefile.port.S,v'.
     Trying pattern rule with stem `Makefile.port.S'.
     Trying implicit prerequisite `../src/RCS/Makefile.port.S,v'.
     Trying pattern rule with stem `Makefile.port.S'.
     Trying implicit prerequisite `../src/RCS/Makefile.port.S'.
     Trying pattern rule with stem `Makefile.port.S'.
     Trying implicit prerequisite `../src/s.Makefile.port.S'.
     Trying pattern rule with stem `Makefile.port.S'.
     Trying implicit prerequisite `../src/SCCS/s.Makefile.port.S'.
   Trying pattern rule with stem `Makefile.port'.
   Rejecting impossible implicit prerequisite `../src/Makefile.port.S'.
   Trying pattern rule with stem `Makefile.port'.
   Trying implicit prerequisite `../src/Makefile.port.mod'.
   Looking for a rule with intermediate file `../src/Makefile.port.mod'.
    Avoiding implicit rule recursion.
    Avoiding implicit rule recursion.
    Trying pattern rule with stem `Makefile.port.mod'.
    Trying implicit prerequisite `../src/Makefile.port.mod,v'.
    Trying pattern rule with stem `Makefile.port.mod'.
    Trying implicit prerequisite `../src/RCS/Makefile.port.mod,v'.
    Trying pattern rule with stem `Makefile.port.mod'.
    Trying implicit prerequisite `../src/RCS/Makefile.port.mod'.
    Trying pattern rule with stem `Makefile.port.mod'.
    Trying implicit prerequisite `../src/s.Makefile.port.mod'.
    Trying pattern rule with stem `Makefile.port.mod'.
    Trying implicit prerequisite `../src/SCCS/s.Makefile.port.mod'.
  Trying pattern rule with stem `Makefile.port'.
  Rejecting impossible implicit prerequisite `../src/Makefile.port.cc'.
  Trying pattern rule with stem `Makefile.port'.
     Trying pattern rule with stem `Makefile.custom.l'.
     Trying implicit prerequisite `../src/s.Makefile.custom.l'.
     Trying pattern rule with stem `Makefile.custom.l'.
     Trying implicit prerequisite `../src/SCCS/s.Makefile.custom.l'.
    Trying pattern rule with stem `Makefile.custom'.
    Trying implicit prerequisite `../src/Makefile.custom.y'.
    Looking for a rule with intermediate file `../src/Makefile.custom.y'.
     Avoiding implicit rule recursion.
     Avoiding implicit rule recursion.
     Avoiding implicit rule recursion.
     Trying pattern rule with stem `Makefile.custom.y'.
     Trying implicit prerequisite `../src/Makefile.custom.y,v'.
     Trying pattern rule with stem `Makefile.custom.y'.
  Rejecting impossible implicit prerequisite `../src/Makefile.port.C'.
  Trying pattern rule with stem `Makefile.port'.
  Rejecting impossible implicit prerequisite `../src/Makefile.port.cpp'.
  Trying pattern rule with stem `Makefile.port'.
  Rejecting impossible implicit prerequisite `../src/Makefile.port.p'.
  Trying pattern rule with stem `Makefile.port'.
  Rejecting impossible implicit prerequisite `../src/Makefile.port.f'.
  Trying pattern rule with stem `Makefile.port'.
  Rejecting impossible implicit prerequisite `../src/Makefile.port.F'.
  Trying pattern rule with stem `Makefile.port'.
  Rejecting impossible implicit prerequisite `../src/Makefile.port.m'.
  Trying pattern rule with stem `Makefile.port'.
  Rejecting impossible implicit prerequisite `../src/Makefile.port.r'.
  Trying pattern rule with stem `Makefile.port'.
  Rejecting impossible implicit prerequisite `../src/Makefile.port.s'.
  Trying pattern rule with stem `Makefile.port'.
  Rejecting impossible implicit prerequisite `../src/Makefile.port.S'.
  Trying pattern rule with stem `Makefile.port'.
  Rejecting impossible implicit prerequisite `../src/Makefile.port.mod'.
  Trying pattern rule with stem `Makefile.port'.
  Trying implicit prerequisite `../src/Makefile.port.sh'.
  Looking for a rule with intermediate file `../src/Makefile.port.sh'.
   Avoiding implicit rule recursion.
   Trying pattern rule with stem `Makefile.port.sh'.
   Trying implicit prerequisite `../src/Makefile.port.sh,v'.
   Trying pattern rule with stem `Makefile.port.sh'.
   Trying implicit prerequisite `../src/RCS/Makefile.port.sh,v'.
   Trying pattern rule with stem `Makefile.port.sh'.
     Trying implicit prerequisite `../src/RCS/Makefile.custom.y,v'.
     Trying pattern rule with stem `Makefile.custom.y'.
     Trying implicit prerequisite `../src/RCS/Makefile.custom.y'.
     Trying pattern rule with stem `Makefile.custom.y'.
     Trying implicit prerequisite `../src/s.Makefile.custom.y'.
     Trying pattern rule with stem `Makefile.custom.y'.
     Trying implicit prerequisite `../src/SCCS/s.Makefile.custom.y'.
    Trying pattern rule with stem `Makefile.custom'.
    Trying implicit prerequisite `../src/Makefile.custom.w'.
    Looking for a rule with intermediate file `../src/Makefile.custom.w'.
     Avoiding implicit rule recursion.
     Avoiding implicit rule recursion.
     Avoiding implicit rule recursion.
     Trying pattern rule with stem `Makefile.custom.w'.
     Trying implicit prerequisite `../src/Makefile.custom.w,v'.
     Trying pattern rule with stem `Makefile.custom.w'.
     Trying implicit prerequisite `../src/RCS/Makefile.custom.w,v'.
     Trying pattern rule with stem `Makefile.custom.w'.
     Trying implicit prerequisite `../src/RCS/Makefile.custom.w'.
     Trying pattern rule with stem `Makefile.custom.w'.
     Trying implicit prerequisite `../src/s.Makefile.custom.w'.
     Trying pattern rule with stem `Makefile.custom.w'.
     Trying implicit prerequisite `../src/SCCS/s.Makefile.custom.w'.
    Trying pattern rule with stem `Makefile.custom'.
    Rejecting impossible implicit prerequisite `../src/Makefile.custom.w'.
   Trying pattern rule with stem `Makefile.custom'.
   Trying implicit prerequisite `../src/Makefile.custom.cc'.
   Looking for a rule with intermediate file `../src/Makefile.custom.cc'.
    Avoiding implicit rule recursion.
    Avoiding implicit rule recursion.
    Trying pattern rule with stem `Makefile.custom.cc'.
    Trying implicit prerequisite `../src/Makefile.custom.cc,v'.
    Trying pattern rule with stem `Makefile.custom.cc'.
    Trying implicit prerequisite `../src/RCS/Makefile.custom.cc,v'.
    Trying pattern rule with stem `Makefile.custom.cc'.
    Trying implicit prerequisite `../src/RCS/Makefile.custom.cc'.
    Trying pattern rule with stem `Makefile.custom.cc'.
    Trying implicit prerequisite `../src/s.Makefile.custom.cc'.
    Trying pattern rule with stem `Makefile.custom.cc'.
    Trying implicit prerequisite `../src/SCCS/s.Makefile.custom.cc'.
   Trying implicit prerequisite `../src/RCS/Makefile.port.sh'.
   Trying pattern rule with stem `Makefile.port.sh'.
   Trying implicit prerequisite `../src/s.Makefile.port.sh'.
   Trying pattern rule with stem `Makefile.port.sh'.
   Trying implicit prerequisite `../src/SCCS/s.Makefile.port.sh'.
  No implicit rule found for `../src/Makefile.port'.
  Finished prerequisites of target file `../src/Makefile.port'.
 No need to remake target `../src/Makefile.port'.
 Considering target file `../src/Makefile.global'.
   Considering target file `../src/Makefile.global.in'.
    Looking for an implicit rule for `../src/Makefile.global.in'.
    Trying pattern rule with stem `Makefile.global.in'.
   Trying pattern rule with stem `Makefile.custom'.
   Trying implicit prerequisite `../src/Makefile.custom.C'.
   Looking for a rule with intermediate file `../src/Makefile.custom.C'.
    Avoiding implicit rule recursion.
    Avoiding implicit rule recursion.
    Trying pattern rule with stem `Makefile.custom.C'.
    Trying implicit prerequisite `../src/Makefile.custom.C,v'.
    Trying pattern rule with stem `Makefile.custom.C'.
    Trying implicit prerequisite `../src/RCS/Makefile.custom.C,v'.
    Trying pattern rule with stem `Makefile.custom.C'.
    Trying implicit prerequisite `../src/RCS/Makefile.custom.C'.
    Trying pattern rule with stem `Makefile.custom.C'.
    Trying implicit prerequisite `../src/s.Makefile.custom.C'.
    Trying implicit prerequisite `../src/Makefile.global.in.o'.
    Trying pattern rule with stem `Makefile.global.in'.
    Trying implicit prerequisite `../src/Makefile.global.in.cc'.
    Trying pattern rule with stem `Makefile.global.in'.
    Trying implicit prerequisite `../src/Makefile.global.in.C'.
    Trying pattern rule with stem `Makefile.global.in'.
    Trying implicit prerequisite `../src/Makefile.global.in.cpp'.
    Trying pattern rule with stem `Makefile.global.in'.
    Trying implicit prerequisite `../src/Makefile.global.in.p'.
    Trying pattern rule with stem `Makefile.global.in'.
    Trying implicit prerequisite `../src/Makefile.global.in.f'.
    Trying pattern rule with stem `Makefile.global.in'.
    Trying pattern rule with stem `Makefile.custom.C'.
    Trying implicit prerequisite `../src/SCCS/s.Makefile.custom.C'.
   Trying pattern rule with stem `Makefile.custom'.
   Trying implicit prerequisite `../src/Makefile.custom.cpp'.
   Looking for a rule with intermediate file `../src/Makefile.custom.cpp'.
    Avoiding implicit rule recursion.
    Avoiding implicit rule recursion.
    Trying pattern rule with stem `Makefile.custom.cpp'.
    Trying implicit prerequisite `../src/Makefile.custom.cpp,v'.
    Trying pattern rule with stem `Makefile.custom.cpp'.
    Trying implicit prerequisite `../src/RCS/Makefile.custom.cpp,v'.
    Trying pattern rule with stem `Makefile.custom.cpp'.
    Trying implicit prerequisite `../src/RCS/Makefile.custom.cpp'.
    Trying pattern rule with stem `Makefile.custom.cpp'.
    Trying implicit prerequisite `../src/s.Makefile.custom.cpp'.
    Trying pattern rule with stem `Makefile.custom.cpp'.
    Trying implicit prerequisite `../src/SCCS/s.Makefile.custom.cpp'.
   Trying pattern rule with stem `Makefile.custom'.
   Trying implicit prerequisite `../src/Makefile.custom.p'.
   Looking for a rule with intermediate file `../src/Makefile.custom.p'.
    Avoiding implicit rule recursion.
    Avoiding implicit rule recursion.
    Trying pattern rule with stem `Makefile.custom'.
    Trying implicit prerequisite `../src/Makefile.custom.web'.
    Trying pattern rule with stem `Makefile.custom.p'.
    Trying implicit prerequisite `../src/Makefile.custom.p,v'.
    Trying pattern rule with stem `Makefile.custom.p'.
    Trying implicit prerequisite `../src/RCS/Makefile.custom.p,v'.
    Trying pattern rule with stem `Makefile.custom.p'.
    Trying implicit prerequisite `../src/RCS/Makefile.custom.p'.
    Trying pattern rule with stem `Makefile.custom.p'.
    Trying implicit prerequisite `../src/s.Makefile.custom.p'.
    Trying pattern rule with stem `Makefile.custom.p'.
    Trying implicit prerequisite `../src/SCCS/s.Makefile.custom.p'.
    Trying pattern rule with stem `Makefile.custom'.
    Trying implicit prerequisite `../src/Makefile.custom.web'.
    Looking for a rule with intermediate file `../src/Makefile.custom.web'.
     Avoiding implicit rule recursion.
     Avoiding implicit rule recursion.
     Avoiding implicit rule recursion.
     Trying pattern rule with stem `Makefile.custom.web'.
     Trying implicit prerequisite `../src/Makefile.custom.web,v'.
     Trying pattern rule with stem `Makefile.custom.web'.
     Trying implicit prerequisite `../src/RCS/Makefile.custom.web,v'.
     Trying pattern rule with stem `Makefile.custom.web'.
     Trying implicit prerequisite `../src/RCS/Makefile.custom.web'.
     Trying pattern rule with stem `Makefile.custom.web'.
     Trying implicit prerequisite `../src/s.Makefile.custom.web'.
     Trying pattern rule with stem `Makefile.custom.web'.
     Trying implicit prerequisite `../src/SCCS/s.Makefile.custom.web'.
   Trying pattern rule with stem `Makefile.custom'.
   Trying implicit prerequisite `../src/Makefile.custom.f'.
   Looking for a rule with intermediate file `../src/Makefile.custom.f'.
    Avoiding implicit rule recursion.
    Avoiding implicit rule recursion.
    Trying pattern rule with stem `Makefile.custom'.
    Trying implicit prerequisite `../src/Makefile.custom.F'.
    Trying pattern rule with stem `Makefile.custom'.
    Trying implicit prerequisite `../src/Makefile.custom.r'.
    Trying pattern rule with stem `Makefile.custom.f'.
    Trying implicit prerequisite `../src/Makefile.custom.f,v'.
    Trying pattern rule with stem `Makefile.custom.f'.
    Trying implicit prerequisite `../src/RCS/Makefile.custom.f,v'.
    Trying pattern rule with stem `Makefile.custom.f'.
    Trying implicit prerequisite `../src/RCS/Makefile.custom.f'.
    Trying pattern rule with stem `Makefile.custom.f'.
    Trying implicit prerequisite `../src/s.Makefile.custom.f'.
    Trying pattern rule with stem `Makefile.custom.f'.
    Trying implicit prerequisite `../src/SCCS/s.Makefile.custom.f'.
    Trying pattern rule with stem `Makefile.custom'.
    Trying implicit prerequisite `../src/Makefile.custom.F'.
    Looking for a rule with intermediate file `../src/Makefile.custom.F'.
     Avoiding implicit rule recursion.
     Avoiding implicit rule recursion.
     Avoiding implicit rule recursion.
     Trying pattern rule with stem `Makefile.custom.F'.
     Trying implicit prerequisite `../src/Makefile.custom.F,v'.
     Trying pattern rule with stem `Makefile.custom.F'.
     Trying implicit prerequisite `../src/RCS/Makefile.custom.F,v'.
     Trying pattern rule with stem `Makefile.custom.F'.
     Trying implicit prerequisite `../src/RCS/Makefile.custom.F'.
     Trying pattern rule with stem `Makefile.custom.F'.
     Trying implicit prerequisite `../src/s.Makefile.custom.F'.
     Trying pattern rule with stem `Makefile.custom.F'.
     Trying implicit prerequisite `../src/SCCS/s.Makefile.custom.F'.
    Trying implicit prerequisite `../src/Makefile.global.in.F'.
    Trying pattern rule with stem `Makefile.global.in'.
    Trying implicit prerequisite `../src/Makefile.global.in.m'.
    Trying pattern rule with stem `Makefile.global.in'.
    Trying implicit prerequisite `../src/Makefile.global.in.r'.
    Trying pattern rule with stem `Makefile.global.in'.
    Trying implicit prerequisite `../src/Makefile.global.in.s'.
    Trying pattern rule with stem `Makefile.global.in'.
    Trying implicit prerequisite `../src/Makefile.global.in.S'.
    Trying pattern rule with stem `Makefile.global.in'.
    Trying implicit prerequisite `../src/Makefile.global.in.mod'.
    Trying pattern rule with stem `Makefile.global.in'.
    Trying implicit prerequisite `../src/Makefile.global.in.sh'.
    Trying pattern rule with stem `Makefile.custom'.
    Trying implicit prerequisite `../src/Makefile.custom.r'.
    Looking for a rule with intermediate file `../src/Makefile.custom.r'.
     Avoiding implicit rule recursion.
     Avoiding implicit rule recursion.
     Avoiding implicit rule recursion.
     Trying pattern rule with stem `Makefile.custom'.
     Rejecting impossible implicit prerequisite `../src/Makefile.custom.l'.
     Trying pattern rule with stem `Makefile.custom.r'.
     Trying implicit prerequisite `../src/Makefile.custom.r,v'.
     Trying pattern rule with stem `Makefile.custom.r'.
     Trying implicit prerequisite `../src/RCS/Makefile.custom.r,v'.
     Trying pattern rule with stem `Makefile.custom.r'.
    Trying pattern rule with stem `Makefile.global.in'.
    Trying implicit prerequisite `../src/Makefile.global.in,v'.
    Trying pattern rule with stem `Makefile.global.in'.
    Trying implicit prerequisite `../src/RCS/Makefile.global.in,v'.
    Trying pattern rule with stem `Makefile.global.in'.
    Trying implicit prerequisite `../src/RCS/Makefile.global.in'.
    Trying pattern rule with stem `Makefile.global.in'.
    Trying implicit prerequisite `../src/s.Makefile.global.in'.
    Trying pattern rule with stem `Makefile.global.in'.
    Trying implicit prerequisite `../src/SCCS/s.Makefile.global.in'.
    Trying pattern rule with stem `Makefile.global.in'.
    Trying implicit prerequisite `../src/Makefile.global.in.o'.
    Looking for a rule with intermediate file `../src/Makefile.global.in.o'.
     Trying implicit prerequisite `../src/RCS/Makefile.custom.r'.
     Trying pattern rule with stem `Makefile.custom.r'.
     Trying implicit prerequisite `../src/s.Makefile.custom.r'.
     Trying pattern rule with stem `Makefile.custom.r'.
     Trying implicit prerequisite `../src/SCCS/s.Makefile.custom.r'.
   Trying pattern rule with stem `Makefile.custom'.
   Rejecting impossible implicit prerequisite `../src/Makefile.custom.F'.
   Trying pattern rule with stem `Makefile.custom'.
   Trying implicit prerequisite `../src/Makefile.custom.m'.
   Looking for a rule with intermediate file `../src/Makefile.custom.m'.
    Avoiding implicit rule recursion.
    Avoiding implicit rule recursion.
    Trying pattern rule with stem `Makefile.custom'.
     Avoiding implicit rule recursion.
     Trying pattern rule with stem `Makefile.global.in'.
     Trying implicit prerequisite `../src/Makefile.global.in.c'.
     Trying pattern rule with stem `Makefile.global.in'.
     Trying implicit prerequisite `../src/Makefile.global.in.cc'.
     Trying pattern rule with stem `Makefile.global.in'.
     Trying implicit prerequisite `../src/Makefile.global.in.C'.
     Trying pattern rule with stem `Makefile.global.in'.
     Trying implicit prerequisite `../src/Makefile.global.in.cpp'.
     Trying pattern rule with stem `Makefile.global.in'.
     Trying implicit prerequisite `../src/Makefile.global.in.p'.
     Trying pattern rule with stem `Makefile.global.in'.
     Trying implicit prerequisite `../src/Makefile.global.in.f'.
     Trying pattern rule with stem `Makefile.global.in'.
     Trying implicit prerequisite `../src/Makefile.global.in.F'.
     Trying pattern rule with stem `Makefile.global.in'.
     Trying implicit prerequisite `../src/Makefile.global.in.m'.
     Trying pattern rule with stem `Makefile.global.in'.
     Trying implicit prerequisite `../src/Makefile.global.in.r'.
     Trying pattern rule with stem `Makefile.global.in'.
     Trying implicit prerequisite `../src/Makefile.global.in.s'.
     Trying pattern rule with stem `Makefile.global.in'.
     Trying implicit prerequisite `../src/Makefile.global.in.S'.
     Trying pattern rule with stem `Makefile.global.in'.
     Trying implicit prerequisite `../src/Makefile.global.in.mod'.
     Trying pattern rule with stem `Makefile.global.in.o'.
     Trying implicit prerequisite `../src/Makefile.global.in.o,v'.
     Trying pattern rule with stem `Makefile.global.in.o'.
     Trying implicit prerequisite `../src/RCS/Makefile.global.in.o,v'.
     Trying pattern rule with stem `Makefile.global.in.o'.
     Trying implicit prerequisite `../src/RCS/Makefile.global.in.o'.
    Trying implicit prerequisite `../src/Makefile.custom.ym'.
    Trying pattern rule with stem `Makefile.custom'.
    Trying implicit prerequisite `../src/Makefile.custom.lm'.
    Trying pattern rule with stem `Makefile.custom.m'.
    Trying implicit prerequisite `../src/Makefile.custom.m,v'.
    Trying pattern rule with stem `Makefile.custom.m'.
    Trying implicit prerequisite `../src/RCS/Makefile.custom.m,v'.
    Trying pattern rule with stem `Makefile.custom.m'.
    Trying implicit prerequisite `../src/RCS/Makefile.custom.m'.
    Trying pattern rule with stem `Makefile.custom.m'.
    Trying implicit prerequisite `../src/s.Makefile.custom.m'.
    Trying pattern rule with stem `Makefile.custom.m'.
    Trying implicit prerequisite `../src/SCCS/s.Makefile.custom.m'.
    Trying pattern rule with stem `Makefile.custom'.
    Trying implicit prerequisite `../src/Makefile.custom.ym'.
    Looking for a rule with intermediate file `../src/Makefile.custom.ym'.
     Avoiding implicit rule recursion.
     Avoiding implicit rule recursion.
     Avoiding implicit rule recursion.
     Trying pattern rule with stem `Makefile.custom.ym'.
     Trying pattern rule with stem `Makefile.global.in.o'.
     Trying implicit prerequisite `../src/s.Makefile.global.in.o'.
     Trying pattern rule with stem `Makefile.global.in.o'.
     Trying implicit prerequisite `../src/SCCS/s.Makefile.global.in.o'.
     Trying pattern rule with stem `Makefile.global.in'.
     Trying implicit prerequisite `../src/Makefile.global.in.c'.
     Looking for a rule with intermediate file `../src/Makefile.global.in.c'.
      Avoiding implicit rule recursion.
      Avoiding implicit rule recursion.
      Trying pattern rule with stem `Makefile.global.in'.
      Trying implicit prerequisite `../src/Makefile.global.in.l'.
      Trying pattern rule with stem `Makefile.global.in'.
      Trying implicit prerequisite `../src/Makefile.global.in.y'.
      Trying pattern rule with stem `Makefile.global.in'.
      Trying implicit prerequisite `../src/Makefile.global.in.w'.
      Trying pattern rule with stem `Makefile.global.in'.
      Trying implicit prerequisite `../src/Makefile.global.in.w'.
      Trying pattern rule with stem `Makefile.global.in.c'.
      Trying implicit prerequisite `../src/Makefile.global.in.c,v'.
      Trying pattern rule with stem `Makefile.global.in.c'.
      Trying implicit prerequisite `../src/RCS/Makefile.global.in.c,v'.
      Trying pattern rule with stem `Makefile.global.in.c'.
      Trying implicit prerequisite `../src/RCS/Makefile.global.in.c'.
      Trying pattern rule with stem `Makefile.global.in.c'.
      Trying implicit prerequisite `../src/s.Makefile.global.in.c'.
      Trying pattern rule with stem `Makefile.global.in.c'.
      Trying implicit prerequisite `../src/SCCS/s.Makefile.global.in.c'.
      Trying pattern rule with stem `Makefile.global.in'.
      Trying implicit prerequisite `../src/Makefile.global.in.l'.
      Looking for a rule with intermediate file `../src/Makefile.global.in.l'.
       Avoiding implicit rule recursion.
       Avoiding implicit rule recursion.
       Avoiding implicit rule recursion.
       Trying pattern rule with stem `Makefile.global.in.l'.
       Trying implicit prerequisite `../src/Makefile.global.in.l,v'.
       Trying pattern rule with stem `Makefile.global.in.l'.
       Trying implicit prerequisite `../src/RCS/Makefile.global.in.l,v'.
       Trying pattern rule with stem `Makefile.global.in.l'.
     Trying implicit prerequisite `../src/Makefile.custom.ym,v'.
     Trying pattern rule with stem `Makefile.custom.ym'.
     Trying implicit prerequisite `../src/RCS/Makefile.custom.ym,v'.
     Trying pattern rule with stem `Makefile.custom.ym'.
     Trying implicit prerequisite `../src/RCS/Makefile.custom.ym'.
     Trying pattern rule with stem `Makefile.custom.ym'.
     Trying implicit prerequisite `../src/s.Makefile.custom.ym'.
     Trying pattern rule with stem `Makefile.custom.ym'.
     Trying implicit prerequisite `../src/SCCS/s.Makefile.custom.ym'.
    Trying pattern rule with stem `Makefile.custom'.
    Trying implicit prerequisite `../src/Makefile.custom.lm'.
    Looking for a rule with intermediate file `../src/Makefile.custom.lm'.
     Avoiding implicit rule recursion.
     Avoiding implicit rule recursion.
     Avoiding implicit rule recursion.
     Trying pattern rule with stem `Makefile.custom.lm'.
     Trying implicit prerequisite `../src/Makefile.custom.lm,v'.
     Trying pattern rule with stem `Makefile.custom.lm'.
     Trying implicit prerequisite `../src/RCS/Makefile.custom.lm,v'.
     Trying pattern rule with stem `Makefile.custom.lm'.
     Trying implicit prerequisite `../src/RCS/Makefile.custom.lm'.
     Trying pattern rule with stem `Makefile.custom.lm'.
     Trying implicit prerequisite `../src/s.Makefile.custom.lm'.
     Trying pattern rule with stem `Makefile.custom.lm'.
     Trying implicit prerequisite `../src/SCCS/s.Makefile.custom.lm'.
       Trying implicit prerequisite `../src/RCS/Makefile.global.in.l'.
       Trying pattern rule with stem `Makefile.global.in.l'.
       Trying implicit prerequisite `../src/s.Makefile.global.in.l'.
       Trying pattern rule with stem `Makefile.global.in.l'.
       Trying implicit prerequisite `../src/SCCS/s.Makefile.global.in.l'.
      Trying pattern rule with stem `Makefile.global.in'.
      Trying implicit prerequisite `../src/Makefile.global.in.y'.
      Looking for a rule with intermediate file `../src/Makefile.global.in.y'.
       Avoiding implicit rule recursion.
       Avoiding implicit rule recursion.
       Avoiding implicit rule recursion.
       Trying pattern rule with stem `Makefile.global.in.y'.
   Trying pattern rule with stem `Makefile.custom'.
   Rejecting impossible implicit prerequisite `../src/Makefile.custom.r'.
   Trying pattern rule with stem `Makefile.custom'.
   Trying implicit prerequisite `../src/Makefile.custom.s'.
   Looking for a rule with intermediate file `../src/Makefile.custom.s'.
    Avoiding implicit rule recursion.
    Avoiding implicit rule recursion.
    Trying pattern rule with stem `Makefile.custom'.
    Trying implicit prerequisite `../src/Makefile.custom.S'.
    Trying pattern rule with stem `Makefile.custom.s'.
    Trying implicit prerequisite `../src/Makefile.custom.s,v'.
    Trying pattern rule with stem `Makefile.custom.s'.
       Trying implicit prerequisite `../src/Makefile.global.in.y,v'.
       Trying pattern rule with stem `Makefile.global.in.y'.
       Trying implicit prerequisite `../src/RCS/Makefile.global.in.y,v'.
       Trying pattern rule with stem `Makefile.global.in.y'.
       Trying implicit prerequisite `../src/RCS/Makefile.global.in.y'.
       Trying pattern rule with stem `Makefile.global.in.y'.
       Trying implicit prerequisite `../src/s.Makefile.global.in.y'.
       Trying pattern rule with stem `Makefile.global.in.y'.
       Trying implicit prerequisite `../src/SCCS/s.Makefile.global.in.y'.
      Trying pattern rule with stem `Makefile.global.in'.
    Trying implicit prerequisite `../src/RCS/Makefile.custom.s,v'.
    Trying pattern rule with stem `Makefile.custom.s'.
    Trying implicit prerequisite `../src/RCS/Makefile.custom.s'.
    Trying pattern rule with stem `Makefile.custom.s'.
    Trying implicit prerequisite `../src/s.Makefile.custom.s'.
    Trying pattern rule with stem `Makefile.custom.s'.
    Trying implicit prerequisite `../src/SCCS/s.Makefile.custom.s'.
    Trying pattern rule with stem `Makefile.custom'.
    Trying implicit prerequisite `../src/Makefile.custom.S'.
    Looking for a rule with intermediate file `../src/Makefile.custom.S'.
     Avoiding implicit rule recursion.
     Avoiding implicit rule recursion.
     Avoiding implicit rule recursion.
      Trying implicit prerequisite `../src/Makefile.global.in.w'.
      Looking for a rule with intermediate file `../src/Makefile.global.in.w'.
       Avoiding implicit rule recursion.
       Avoiding implicit rule recursion.
       Avoiding implicit rule recursion.
       Trying pattern rule with stem `Makefile.global.in.w'.
       Trying implicit prerequisite `../src/Makefile.global.in.w,v'.
       Trying pattern rule with stem `Makefile.global.in.w'.
       Trying implicit prerequisite `../src/RCS/Makefile.global.in.w,v'.
       Trying pattern rule with stem `Makefile.global.in.w'.
       Trying implicit prerequisite `../src/RCS/Makefile.global.in.w'.
       Trying pattern rule with stem `Makefile.global.in.w'.
       Trying implicit prerequisite `../src/s.Makefile.global.in.w'.
       Trying pattern rule with stem `Makefile.global.in.w'.
       Trying implicit prerequisite `../src/SCCS/s.Makefile.global.in.w'.
      Trying pattern rule with stem `Makefile.global.in'.
      Rejecting impossible implicit prerequisite `../src/Makefile.global.in.w'.
     Trying pattern rule with stem `Makefile.global.in'.
     Trying implicit prerequisite `../src/Makefile.global.in.cc'.
     Looking for a rule with intermediate file `../src/Makefile.global.in.cc'.
      Avoiding implicit rule recursion.
      Avoiding implicit rule recursion.
      Trying pattern rule with stem `Makefile.global.in.cc'.
      Trying implicit prerequisite `../src/Makefile.global.in.cc,v'.
      Trying pattern rule with stem `Makefile.global.in.cc'.
      Trying implicit prerequisite `../src/RCS/Makefile.global.in.cc,v'.
      Trying pattern rule with stem `Makefile.global.in.cc'.
      Trying implicit prerequisite `../src/RCS/Makefile.global.in.cc'.
      Trying pattern rule with stem `Makefile.global.in.cc'.
      Trying implicit prerequisite `../src/s.Makefile.global.in.cc'.
      Trying pattern rule with stem `Makefile.global.in.cc'.
      Trying implicit prerequisite `../src/SCCS/s.Makefile.global.in.cc'.
     Trying pattern rule with stem `Makefile.global.in'.
     Trying implicit prerequisite `../src/Makefile.global.in.C'.
     Looking for a rule with intermediate file `../src/Makefile.global.in.C'.
      Avoiding implicit rule recursion.
      Avoiding implicit rule recursion.
      Trying pattern rule with stem `Makefile.global.in.C'.
      Trying implicit prerequisite `../src/Makefile.global.in.C,v'.
      Trying pattern rule with stem `Makefile.global.in.C'.
     Trying pattern rule with stem `Makefile.custom.S'.
     Trying implicit prerequisite `../src/Makefile.custom.S,v'.
     Trying pattern rule with stem `Makefile.custom.S'.
     Trying implicit prerequisite `../src/RCS/Makefile.custom.S,v'.
     Trying pattern rule with stem `Makefile.custom.S'.
     Trying implicit prerequisite `../src/RCS/Makefile.custom.S'.
     Trying pattern rule with stem `Makefile.custom.S'.
     Trying implicit prerequisite `../src/s.Makefile.custom.S'.
     Trying pattern rule with stem `Makefile.custom.S'.
     Trying implicit prerequisite `../src/SCCS/s.Makefile.custom.S'.
   Trying pattern rule with stem `Makefile.custom'.
   Rejecting impossible implicit prerequisite `../src/Makefile.custom.S'.
      Trying implicit prerequisite `../src/RCS/Makefile.global.in.C,v'.
      Trying pattern rule with stem `Makefile.global.in.C'.
      Trying implicit prerequisite `../src/RCS/Makefile.global.in.C'.
      Trying pattern rule with stem `Makefile.global.in.C'.
      Trying implicit prerequisite `../src/s.Makefile.global.in.C'.
      Trying pattern rule with stem `Makefile.global.in.C'.
      Trying implicit prerequisite `../src/SCCS/s.Makefile.global.in.C'.
     Trying pattern rule with stem `Makefile.global.in'.
     Trying implicit prerequisite `../src/Makefile.global.in.cpp'.
     Looking for a rule with intermediate file `../src/Makefile.global.in.cpp'.
      Avoiding implicit rule recursion.
      Avoiding implicit rule recursion.
      Trying pattern rule with stem `Makefile.global.in.cpp'.
   Trying pattern rule with stem `Makefile.custom'.
   Trying implicit prerequisite `../src/Makefile.custom.mod'.
   Looking for a rule with intermediate file `../src/Makefile.custom.mod'.
    Avoiding implicit rule recursion.
    Avoiding implicit rule recursion.
    Trying pattern rule with stem `Makefile.custom.mod'.
    Trying implicit prerequisite `../src/Makefile.custom.mod,v'.
    Trying pattern rule with stem `Makefile.custom.mod'.
    Trying implicit prerequisite `../src/RCS/Makefile.custom.mod,v'.
    Trying pattern rule with stem `Makefile.custom.mod'.
    Trying implicit prerequisite `../src/RCS/Makefile.custom.mod'.
    Trying pattern rule with stem `Makefile.custom.mod'.
    Trying implicit prerequisite `../src/s.Makefile.custom.mod'.
    Trying pattern rule with stem `Makefile.custom.mod'.
    Trying implicit prerequisite `../src/SCCS/s.Makefile.custom.mod'.
  Trying pattern rule with stem `Makefile.custom'.
      Trying implicit prerequisite `../src/Makefile.global.in.cpp,v'.
      Trying pattern rule with stem `Makefile.global.in.cpp'.
      Trying implicit prerequisite `../src/RCS/Makefile.global.in.cpp,v'.
      Trying pattern rule with stem `Makefile.global.in.cpp'.
      Trying implicit prerequisite `../src/RCS/Makefile.global.in.cpp'.
      Trying pattern rule with stem `Makefile.global.in.cpp'.
      Trying implicit prerequisite `../src/s.Makefile.global.in.cpp'.
      Trying pattern rule with stem `Makefile.global.in.cpp'.
      Trying implicit prerequisite `../src/SCCS/s.Makefile.global.in.cpp'.
     Trying pattern rule with stem `Makefile.global.in'.
     Trying implicit prerequisite `../src/Makefile.global.in.p'.
     Looking for a rule with intermediate file `../src/Makefile.global.in.p'.
      Avoiding implicit rule recursion.
      Avoiding implicit rule recursion.
      Trying pattern rule with stem `Makefile.global.in'.
      Trying implicit prerequisite `../src/Makefile.global.in.web'.
      Trying pattern rule with stem `Makefile.global.in.p'.
      Trying implicit prerequisite `../src/Makefile.global.in.p,v'.
      Trying pattern rule with stem `Makefile.global.in.p'.
      Trying implicit prerequisite `../src/RCS/Makefile.global.in.p,v'.
      Trying pattern rule with stem `Makefile.global.in.p'.
      Trying implicit prerequisite `../src/RCS/Makefile.global.in.p'.
      Trying pattern rule with stem `Makefile.global.in.p'.
      Trying implicit prerequisite `../src/s.Makefile.global.in.p'.
      Trying pattern rule with stem `Makefile.global.in.p'.
      Trying implicit prerequisite `../src/SCCS/s.Makefile.global.in.p'.
      Trying pattern rule with stem `Makefile.global.in'.
  Rejecting impossible implicit prerequisite `../src/Makefile.custom.cc'.
  Trying pattern rule with stem `Makefile.custom'.
  Rejecting impossible implicit prerequisite `../src/Makefile.custom.C'.
  Trying pattern rule with stem `Makefile.custom'.
  Rejecting impossible implicit prerequisite `../src/Makefile.custom.cpp'.
  Trying pattern rule with stem `Makefile.custom'.
  Rejecting impossible implicit prerequisite `../src/Makefile.custom.p'.
  Trying pattern rule with stem `Makefile.custom'.
  Rejecting impossible implicit prerequisite `../src/Makefile.custom.f'.
  Trying pattern rule with stem `Makefile.custom'.
  Rejecting impossible implicit prerequisite `../src/Makefile.custom.F'.
  Trying pattern rule with stem `Makefile.custom'.
  Rejecting impossible implicit prerequisite `../src/Makefile.custom.m'.
  Trying pattern rule with stem `Makefile.custom'.
  Rejecting impossible implicit prerequisite `../src/Makefile.custom.r'.
  Trying pattern rule with stem `Makefile.custom'.
  Rejecting impossible implicit prerequisite `../src/Makefile.custom.s'.
  Trying pattern rule with stem `Makefile.custom'.
  Rejecting impossible implicit prerequisite `../src/Makefile.custom.S'.
  Trying pattern rule with stem `Makefile.custom'.
  Rejecting impossible implicit prerequisite `../src/Makefile.custom.mod'.
  Trying pattern rule with stem `Makefile.custom'.
  Trying implicit prerequisite `../src/Makefile.custom.sh'.
  Looking for a rule with intermediate file `../src/Makefile.custom.sh'.
   Avoiding implicit rule recursion.
   Trying pattern rule with stem `Makefile.custom.sh'.
   Trying implicit prerequisite `../src/Makefile.custom.sh,v'.
   Trying pattern rule with stem `Makefile.custom.sh'.
      Trying implicit prerequisite `../src/Makefile.global.in.web'.
      Looking for a rule with intermediate file `../src/Makefile.global.in.web'.
       Avoiding implicit rule recursion.
       Avoiding implicit rule recursion.
       Avoiding implicit rule recursion.
       Trying pattern rule with stem `Makefile.global.in.web'.
       Trying implicit prerequisite `../src/Makefile.global.in.web,v'.
       Trying pattern rule with stem `Makefile.global.in.web'.
       Trying implicit prerequisite `../src/RCS/Makefile.global.in.web,v'.
       Trying pattern rule with stem `Makefile.global.in.web'.
       Trying implicit prerequisite `../src/RCS/Makefile.global.in.web'.
       Trying pattern rule with stem `Makefile.global.in.web'.
       Trying implicit prerequisite `../src/s.Makefile.global.in.web'.
       Trying pattern rule with stem `Makefile.global.in.web'.
       Trying implicit prerequisite `../src/SCCS/s.Makefile.global.in.web'.
     Trying pattern rule with stem `Makefile.global.in'.
     Trying implicit prerequisite `../src/Makefile.global.in.f'.
     Looking for a rule with intermediate file `../src/Makefile.global.in.f'.
      Avoiding implicit rule recursion.
      Avoiding implicit rule recursion.
      Trying pattern rule with stem `Makefile.global.in'.
      Trying implicit prerequisite `../src/Makefile.global.in.F'.
      Trying pattern rule with stem `Makefile.global.in'.
      Trying implicit prerequisite `../src/Makefile.global.in.r'.
      Trying pattern rule with stem `Makefile.global.in.f'.
      Trying implicit prerequisite `../src/Makefile.global.in.f,v'.
      Trying pattern rule with stem `Makefile.global.in.f'.
   Trying implicit prerequisite `../src/RCS/Makefile.custom.sh,v'.
   Trying pattern rule with stem `Makefile.custom.sh'.
   Trying implicit prerequisite `../src/RCS/Makefile.custom.sh'.
   Trying pattern rule with stem `Makefile.custom.sh'.
   Trying implicit prerequisite `../src/s.Makefile.custom.sh'.
   Trying pattern rule with stem `Makefile.custom.sh'.
   Trying implicit prerequisite `../src/SCCS/s.Makefile.custom.sh'.
  No implicit rule found for `../src/Makefile.custom'.
  Finished prerequisites of target file `../src/Makefile.custom'.
 Must remake target `../src/Makefile.custom'.
 Failed to remake target file `../src/Makefile.custom'.
 Considering target file `../src/Makefile.port'.
  Looking for an implicit rule for `../src/Makefile.port'.
      Trying implicit prerequisite `../src/RCS/Makefile.global.in.f,v'.
      Trying pattern rule with stem `Makefile.global.in.f'.
      Trying implicit prerequisite `../src/RCS/Makefile.global.in.f'.
      Trying pattern rule with stem `Makefile.global.in.f'.
      Trying implicit prerequisite `../src/s.Makefile.global.in.f'.
      Trying pattern rule with stem `Makefile.global.in.f'.
      Trying implicit prerequisite `../src/SCCS/s.Makefile.global.in.f'.
      Trying pattern rule with stem `Makefile.global.in'.
      Trying implicit prerequisite `../src/Makefile.global.in.F'.
      Looking for a rule with intermediate file `../src/Makefile.global.in.F'.
       Avoiding implicit rule recursion.
       Avoiding implicit rule recursion.
       Avoiding implicit rule recursion.
  Trying pattern rule with stem `Makefile.port'.
  Trying implicit prerequisite `../src/Makefile.port.o'.
  Trying pattern rule with stem `Makefile.port'.
  Trying implicit prerequisite `../src/Makefile.port.cc'.
  Trying pattern rule with stem `Makefile.port'.
  Trying implicit prerequisite `../src/Makefile.port.C'.
  Trying pattern rule with stem `Makefile.port'.
  Trying implicit prerequisite `../src/Makefile.port.cpp'.
  Trying pattern rule with stem `Makefile.port'.
  Trying implicit prerequisite `../src/Makefile.port.p'.
  Trying pattern rule with stem `Makefile.port'.
  Trying implicit prerequisite `../src/Makefile.port.f'.
  Trying pattern rule with stem `Makefile.port'.
  Trying implicit prerequisite `../src/Makefile.port.F'.
  Trying pattern rule with stem `Makefile.port'.
  Trying implicit prerequisite `../src/Makefile.port.m'.
  Trying pattern rule with stem `Makefile.port'.
  Trying implicit prerequisite `../src/Makefile.port.r'.
  Trying pattern rule with stem `Makefile.port'.
  Trying implicit prerequisite `../src/Makefile.port.s'.
  Trying pattern rule with stem `Makefile.port'.
  Trying implicit prerequisite `../src/Makefile.port.S'.
  Trying pattern rule with stem `Makefile.port'.
  Trying implicit prerequisite `../src/Makefile.port.mod'.
  Trying pattern rule with stem `Makefile.port'.
  Trying implicit prerequisite `../src/Makefile.port.sh'.
  Trying pattern rule with stem `Makefile.port'.
  Trying implicit prerequisite `../src/Makefile.port,v'.
  Trying pattern rule with stem `Makefile.port'.
  Trying implicit prerequisite `../src/RCS/Makefile.port,v'.
  Trying pattern rule with stem `Makefile.port'.
       Trying pattern rule with stem `Makefile.global.in.F'.
       Trying implicit prerequisite `../src/Makefile.global.in.F,v'.
       Trying pattern rule with stem `Makefile.global.in.F'.
       Trying implicit prerequisite `../src/RCS/Makefile.global.in.F,v'.
       Trying pattern rule with stem `Makefile.global.in.F'.
       Trying implicit prerequisite `../src/RCS/Makefile.global.in.F'.
       Trying pattern rule with stem `Makefile.global.in.F'.
       Trying implicit prerequisite `../src/s.Makefile.global.in.F'.
       Trying pattern rule with stem `Makefile.global.in.F'.
       Trying implicit prerequisite `../src/SCCS/s.Makefile.global.in.F'.
      Trying pattern rule with stem `Makefile.global.in'.
      Trying implicit prerequisite `../src/Makefile.global.in.r'.
      Looking for a rule with intermediate file `../src/Makefile.global.in.r'.
       Avoiding implicit rule recursion.
       Avoiding implicit rule recursion.
       Avoiding implicit rule recursion.
       Trying pattern rule with stem `Makefile.global.in'.
       Rejecting impossible implicit prerequisite `../src/Makefile.global.in.l'.
       Trying pattern rule with stem `Makefile.global.in.r'.
       Trying implicit prerequisite `../src/Makefile.global.in.r,v'.
       Trying pattern rule with stem `Makefile.global.in.r'.
       Trying implicit prerequisite `../src/RCS/Makefile.global.in.r,v'.
       Trying pattern rule with stem `Makefile.global.in.r'.
       Trying implicit prerequisite `../src/RCS/Makefile.global.in.r'.
       Trying pattern rule with stem `Makefile.global.in.r'.
       Trying implicit prerequisite `../src/s.Makefile.global.in.r'.
       Trying pattern rule with stem `Makefile.global.in.r'.
       Trying implicit prerequisite `../src/SCCS/s.Makefile.global.in.r'.
     Trying pattern rule with stem `Makefile.global.in'.
     Rejecting impossible implicit prerequisite `../src/Makefile.global.in.F'.
     Trying pattern rule with stem `Makefile.global.in'.
     Trying implicit prerequisite `../src/Makefile.global.in.m'.
     Looking for a rule with intermediate file `../src/Makefile.global.in.m'.
      Avoiding implicit rule recursion.
      Avoiding implicit rule recursion.
      Trying pattern rule with stem `Makefile.global.in'.
      Trying implicit prerequisite `../src/Makefile.global.in.ym'.
      Trying pattern rule with stem `Makefile.global.in'.
      Trying implicit prerequisite `../src/Makefile.global.in.lm'.
      Trying pattern rule with stem `Makefile.global.in.m'.
      Trying implicit prerequisite `../src/Makefile.global.in.m,v'.
      Trying pattern rule with stem `Makefile.global.in.m'.
      Trying implicit prerequisite `../src/RCS/Makefile.global.in.m,v'.
      Trying pattern rule with stem `Makefile.global.in.m'.
      Trying implicit prerequisite `../src/RCS/Makefile.global.in.m'.
      Trying pattern rule with stem `Makefile.global.in.m'.
      Trying implicit prerequisite `../src/s.Makefile.global.in.m'.
      Trying pattern rule with stem `Makefile.global.in.m'.
      Trying implicit prerequisite `../src/SCCS/s.Makefile.global.in.m'.
      Trying pattern rule with stem `Makefile.global.in'.
      Trying implicit prerequisite `../src/Makefile.global.in.ym'.
  Trying implicit prerequisite `../src/RCS/Makefile.port'.
  Trying pattern rule with stem `Makefile.port'.
  Trying implicit prerequisite `../src/s.Makefile.port'.
  Trying pattern rule with stem `Makefile.port'.
  Trying implicit prerequisite `../src/SCCS/s.Makefile.port'.
  Trying pattern rule with stem `Makefile.port'.
  Trying implicit prerequisite `../src/Makefile.port.o'.
  Looking for a rule with intermediate file `../src/Makefile.port.o'.
   Avoiding implicit rule recursion.
   Trying pattern rule with stem `Makefile.port'.
   Trying implicit prerequisite `../src/Makefile.port.c'.
   Trying pattern rule with stem `Makefile.port'.
   Trying implicit prerequisite `../src/Makefile.port.cc'.
   Trying pattern rule with stem `Makefile.port'.
   Trying implicit prerequisite `../src/Makefile.port.C'.
   Trying pattern rule with stem `Makefile.port'.
   Trying implicit prerequisite `../src/Makefile.port.cpp'.
   Trying pattern rule with stem `Makefile.port'.
   Trying implicit prerequisite `../src/Makefile.port.p'.
   Trying pattern rule with stem `Makefile.port'.
   Trying implicit prerequisite `../src/Makefile.port.f'.
   Trying pattern rule with stem `Makefile.port'.
   Trying implicit prerequisite `../src/Makefile.port.F'.
   Trying pattern rule with stem `Makefile.port'.
   Trying implicit prerequisite `../src/Makefile.port.m'.
   Trying pattern rule with stem `Makefile.port'.
   Trying implicit prerequisite `../src/Makefile.port.r'.
   Trying pattern rule with stem `Makefile.port'.
   Trying implicit prerequisite `../src/Makefile.port.s'.
   Trying pattern rule with stem `Makefile.port'.
   Trying implicit prerequisite `../src/Makefile.port.S'.
   Trying pattern rule with stem `Makefile.port'.
   Trying implicit prerequisite `../src/Makefile.port.mod'.
   Trying pattern rule with stem `Makefile.port.o'.
   Trying implicit prerequisite `../src/Makefile.port.o,v'.
   Trying pattern rule with stem `Makefile.port.o'.
   Trying implicit prerequisite `../src/RCS/Makefile.port.o,v'.
   Trying pattern rule with stem `Makefile.port.o'.
      Looking for a rule with intermediate file `../src/Makefile.global.in.ym'.
       Avoiding implicit rule recursion.
       Avoiding implicit rule recursion.
   Trying implicit prerequisite `../src/RCS/Makefile.port.o'.
       Avoiding implicit rule recursion.
       Trying pattern rule with stem `Makefile.global.in.ym'.
       Trying implicit prerequisite `../src/Makefile.global.in.ym,v'.
       Trying pattern rule with stem `Makefile.global.in.ym'.
       Trying implicit prerequisite `../src/RCS/Makefile.global.in.ym,v'.
       Trying pattern rule with stem `Makefile.global.in.ym'.
       Trying implicit prerequisite `../src/RCS/Makefile.global.in.ym'.
       Trying pattern rule with stem `Makefile.global.in.ym'.
       Trying implicit prerequisite `../src/s.Makefile.global.in.ym'.
       Trying pattern rule with stem `Makefile.global.in.ym'.
       Trying implicit prerequisite `../src/SCCS/s.Makefile.global.in.ym'.
      Trying pattern rule with stem `Makefile.global.in'.
      Trying implicit prerequisite `../src/Makefile.global.in.lm'.
   Trying pattern rule with stem `Makefile.port.o'.
   Trying implicit prerequisite `../src/s.Makefile.port.o'.
   Trying pattern rule with stem `Makefile.port.o'.
   Trying implicit prerequisite `../src/SCCS/s.Makefile.port.o'.
   Trying pattern rule with stem `Makefile.port'.
   Trying implicit prerequisite `../src/Makefile.port.c'.
   Looking for a rule with intermediate file `../src/Makefile.port.c'.
    Avoiding implicit rule recursion.
    Avoiding implicit rule recursion.
    Trying pattern rule with stem `Makefile.port'.
    Trying implicit prerequisite `../src/Makefile.port.l'.
    Trying pattern rule with stem `Makefile.port'.
    Trying implicit prerequisite `../src/Makefile.port.y'.
    Trying pattern rule with stem `Makefile.port'.
    Trying implicit prerequisite `../src/Makefile.port.w'.
    Trying pattern rule with stem `Makefile.port'.
    Trying implicit prerequisite `../src/Makefile.port.w'.
    Trying pattern rule with stem `Makefile.port.c'.
    Trying implicit prerequisite `../src/Makefile.port.c,v'.
    Trying pattern rule with stem `Makefile.port.c'.
    Trying implicit prerequisite `../src/RCS/Makefile.port.c,v'.
    Trying pattern rule with stem `Makefile.port.c'.
    Trying implicit prerequisite `../src/RCS/Makefile.port.c'.
    Trying pattern rule with stem `Makefile.port.c'.
    Trying implicit prerequisite `../src/s.Makefile.port.c'.
    Trying pattern rule with stem `Makefile.port.c'.
      Looking for a rule with intermediate file `../src/Makefile.global.in.lm'.
       Avoiding implicit rule recursion.
       Avoiding implicit rule recursion.
       Avoiding implicit rule recursion.
       Trying pattern rule with stem `Makefile.global.in.lm'.
       Trying implicit prerequisite `../src/Makefile.global.in.lm,v'.
       Trying pattern rule with stem `Makefile.global.in.lm'.
       Trying implicit prerequisite `../src/RCS/Makefile.global.in.lm,v'.
       Trying pattern rule with stem `Makefile.global.in.lm'.
       Trying implicit prerequisite `../src/RCS/Makefile.global.in.lm'.
       Trying pattern rule with stem `Makefile.global.in.lm'.
       Trying implicit prerequisite `../src/s.Makefile.global.in.lm'.
       Trying pattern rule with stem `Makefile.global.in.lm'.
    Trying implicit prerequisite `../src/SCCS/s.Makefile.port.c'.
    Trying pattern rule with stem `Makefile.port'.
    Trying implicit prerequisite `../src/Makefile.port.l'.
    Looking for a rule with intermediate file `../src/Makefile.port.l'.
     Avoiding implicit rule recursion.
     Avoiding implicit rule recursion.
     Avoiding implicit rule recursion.
     Trying pattern rule with stem `Makefile.port.l'.
     Trying implicit prerequisite `../src/Makefile.port.l,v'.
     Trying pattern rule with stem `Makefile.port.l'.
     Trying implicit prerequisite `../src/RCS/Makefile.port.l,v'.
     Trying pattern rule with stem `Makefile.port.l'.
     Trying implicit prerequisite `../src/RCS/Makefile.port.l'.
     Trying pattern rule with stem `Makefile.port.l'.
     Trying implicit prerequisite `../src/s.Makefile.port.l'.
     Trying pattern rule with stem `Makefile.port.l'.
     Trying implicit prerequisite `../src/SCCS/s.Makefile.port.l'.
    Trying pattern rule with stem `Makefile.port'.
    Trying implicit prerequisite `../src/Makefile.port.y'.
    Looking for a rule with intermediate file `../src/Makefile.port.y'.
     Avoiding implicit rule recursion.
     Avoiding implicit rule recursion.
     Avoiding implicit rule recursion.
     Trying pattern rule with stem `Makefile.port.y'.
     Trying implicit prerequisite `../src/Makefile.port.y,v'.
     Trying pattern rule with stem `Makefile.port.y'.
     Trying implicit prerequisite `../src/RCS/Makefile.port.y,v'.
     Trying pattern rule with stem `Makefile.port.y'.
     Trying implicit prerequisite `../src/RCS/Makefile.port.y'.
     Trying pattern rule with stem `Makefile.port.y'.
     Trying implicit prerequisite `../src/s.Makefile.port.y'.
     Trying pattern rule with stem `Makefile.port.y'.
     Trying implicit prerequisite `../src/SCCS/s.Makefile.port.y'.
    Trying pattern rule with stem `Makefile.port'.
    Trying implicit prerequisite `../src/Makefile.port.w'.
    Looking for a rule with intermediate file `../src/Makefile.port.w'.
     Avoiding implicit rule recursion.
     Avoiding implicit rule recursion.
     Avoiding implicit rule recursion.
     Trying pattern rule with stem `Makefile.port.w'.
     Trying implicit prerequisite `../src/Makefile.port.w,v'.
       Trying implicit prerequisite `../src/SCCS/s.Makefile.global.in.lm'.
     Trying pattern rule with stem `Makefile.global.in'.
     Rejecting impossible implicit prerequisite `../src/Makefile.global.in.r'.
     Trying pattern rule with stem `Makefile.global.in'.
     Trying implicit prerequisite `../src/Makefile.global.in.s'.
     Looking for a rule with intermediate file `../src/Makefile.global.in.s'.
      Avoiding implicit rule recursion.
      Avoiding implicit rule recursion.
      Trying pattern rule with stem `Makefile.global.in'.
      Trying implicit prerequisite `../src/Makefile.global.in.S'.
      Trying pattern rule with stem `Makefile.global.in.s'.
      Trying implicit prerequisite `../src/Makefile.global.in.s,v'.
      Trying pattern rule with stem `Makefile.global.in.s'.
      Trying implicit prerequisite `../src/RCS/Makefile.global.in.s,v'.
      Trying pattern rule with stem `Makefile.global.in.s'.
     Trying pattern rule with stem `Makefile.port.w'.
     Trying implicit prerequisite `../src/RCS/Makefile.port.w,v'.
     Trying pattern rule with stem `Makefile.port.w'.
     Trying implicit prerequisite `../src/RCS/Makefile.port.w'.
     Trying pattern rule with stem `Makefile.port.w'.
     Trying implicit prerequisite `../src/s.Makefile.port.w'.
     Trying pattern rule with stem `Makefile.port.w'.
     Trying implicit prerequisite `../src/SCCS/s.Makefile.port.w'.
    Trying pattern rule with stem `Makefile.port'.
    Rejecting impossible implicit prerequisite `../src/Makefile.port.w'.
   Trying pattern rule with stem `Makefile.port'.
   Trying implicit prerequisite `../src/Makefile.port.cc'.
      Trying implicit prerequisite `../src/RCS/Makefile.global.in.s'.
      Trying pattern rule with stem `Makefile.global.in.s'.
   Looking for a rule with intermediate file `../src/Makefile.port.cc'.
    Avoiding implicit rule recursion.
    Avoiding implicit rule recursion.
    Trying pattern rule with stem `Makefile.port.cc'.
    Trying implicit prerequisite `../src/Makefile.port.cc,v'.
    Trying pattern rule with stem `Makefile.port.cc'.
    Trying implicit prerequisite `../src/RCS/Makefile.port.cc,v'.
    Trying pattern rule with stem `Makefile.port.cc'.
    Trying implicit prerequisite `../src/RCS/Makefile.port.cc'.
    Trying pattern rule with stem `Makefile.port.cc'.
    Trying implicit prerequisite `../src/s.Makefile.port.cc'.
    Trying pattern rule with stem `Makefile.port.cc'.
    Trying implicit prerequisite `../src/SCCS/s.Makefile.port.cc'.
      Trying implicit prerequisite `../src/s.Makefile.global.in.s'.
      Trying pattern rule with stem `Makefile.global.in.s'.
      Trying implicit prerequisite `../src/SCCS/s.Makefile.global.in.s'.
      Trying pattern rule with stem `Makefile.global.in'.
      Trying implicit prerequisite `../src/Makefile.global.in.S'.
      Looking for a rule with intermediate file `../src/Makefile.global.in.S'.
       Avoiding implicit rule recursion.
       Avoiding implicit rule recursion.
       Avoiding implicit rule recursion.
       Trying pattern rule with stem `Makefile.global.in.S'.
       Trying implicit prerequisite `../src/Makefile.global.in.S,v'.
       Trying pattern rule with stem `Makefile.global.in.S'.
       Trying implicit prerequisite `../src/RCS/Makefile.global.in.S,v'.
   Trying pattern rule with stem `Makefile.port'.
   Trying implicit prerequisite `../src/Makefile.port.C'.
   Looking for a rule with intermediate file `../src/Makefile.port.C'.
    Avoiding implicit rule recursion.
    Avoiding implicit rule recursion.
    Trying pattern rule with stem `Makefile.port.C'.
    Trying implicit prerequisite `../src/Makefile.port.C,v'.
    Trying pattern rule with stem `Makefile.port.C'.
    Trying implicit prerequisite `../src/RCS/Makefile.port.C,v'.
    Trying pattern rule with stem `Makefile.port.C'.
    Trying implicit prerequisite `../src/RCS/Makefile.port.C'.
    Trying pattern rule with stem `Makefile.port.C'.
    Trying implicit prerequisite `../src/s.Makefile.port.C'.
       Trying pattern rule with stem `Makefile.global.in.S'.
       Trying implicit prerequisite `../src/RCS/Makefile.global.in.S'.
       Trying pattern rule with stem `Makefile.global.in.S'.
       Trying implicit prerequisite `../src/s.Makefile.global.in.S'.
       Trying pattern rule with stem `Makefile.global.in.S'.
       Trying implicit prerequisite `../src/SCCS/s.Makefile.global.in.S'.
     Trying pattern rule with stem `Makefile.global.in'.
     Rejecting impossible implicit prerequisite `../src/Makefile.global.in.S'.
     Trying pattern rule with stem `Makefile.global.in'.
     Trying implicit prerequisite `../src/Makefile.global.in.mod'.
     Looking for a rule with intermediate file `../src/Makefile.global.in.mod'.
      Avoiding implicit rule recursion.
      Avoiding implicit rule recursion.
      Trying pattern rule with stem `Makefile.global.in.mod'.
      Trying implicit prerequisite `../src/Makefile.global.in.mod,v'.
      Trying pattern rule with stem `Makefile.global.in.mod'.
      Trying implicit prerequisite `../src/RCS/Makefile.global.in.mod,v'.
      Trying pattern rule with stem `Makefile.global.in.mod'.
      Trying implicit prerequisite `../src/RCS/Makefile.global.in.mod'.
      Trying pattern rule with stem `Makefile.global.in.mod'.
      Trying implicit prerequisite `../src/s.Makefile.global.in.mod'.
      Trying pattern rule with stem `Makefile.global.in.mod'.
      Trying implicit prerequisite `../src/SCCS/s.Makefile.global.in.mod'.
    Trying pattern rule with stem `Makefile.global.in'.
    Rejecting impossible implicit prerequisite `../src/Makefile.global.in.cc'.
    Trying pattern rule with stem `Makefile.global.in'.
    Trying pattern rule with stem `Makefile.port.C'.
    Trying implicit prerequisite `../src/SCCS/s.Makefile.port.C'.
   Trying pattern rule with stem `Makefile.port'.
   Trying implicit prerequisite `../src/Makefile.port.cpp'.
   Looking for a rule with intermediate file `../src/Makefile.port.cpp'.
    Avoiding implicit rule recursion.
    Avoiding implicit rule recursion.
    Trying pattern rule with stem `Makefile.port.cpp'.
    Trying implicit prerequisite `../src/Makefile.port.cpp,v'.
    Trying pattern rule with stem `Makefile.port.cpp'.
    Trying implicit prerequisite `../src/RCS/Makefile.port.cpp,v'.
    Trying pattern rule with stem `Makefile.port.cpp'.
    Trying implicit prerequisite `../src/RCS/Makefile.port.cpp'.
    Trying pattern rule with stem `Makefile.port.cpp'.
    Trying implicit prerequisite `../src/s.Makefile.port.cpp'.
    Trying pattern rule with stem `Makefile.port.cpp'.
    Trying implicit prerequisite `../src/SCCS/s.Makefile.port.cpp'.
   Trying pattern rule with stem `Makefile.port'.
   Trying implicit prerequisite `../src/Makefile.port.p'.
   Looking for a rule with intermediate file `../src/Makefile.port.p'.
    Avoiding implicit rule recursion.
    Avoiding implicit rule recursion.
    Trying pattern rule with stem `Makefile.port'.
    Trying implicit prerequisite `../src/Makefile.port.web'.
    Trying pattern rule with stem `Makefile.port.p'.
    Trying implicit prerequisite `../src/Makefile.port.p,v'.
    Trying pattern rule with stem `Makefile.port.p'.
    Rejecting impossible implicit prerequisite `../src/Makefile.global.in.C'.
    Trying pattern rule with stem `Makefile.global.in'.
    Rejecting impossible implicit prerequisite `../src/Makefile.global.in.cpp'.
    Trying pattern rule with stem `Makefile.global.in'.
    Rejecting impossible implicit prerequisite `../src/Makefile.global.in.p'.
    Trying pattern rule with stem `Makefile.global.in'.
    Rejecting impossible implicit prerequisite `../src/Makefile.global.in.f'.
    Trying pattern rule with stem `Makefile.global.in'.
    Rejecting impossible implicit prerequisite `../src/Makefile.global.in.F'.
    Trying pattern rule with stem `Makefile.global.in'.
    Rejecting impossible implicit prerequisite `../src/Makefile.global.in.m'.
    Trying pattern rule with stem `Makefile.global.in'.
    Rejecting impossible implicit prerequisite `../src/Makefile.global.in.r'.
    Trying pattern rule with stem `Makefile.global.in'.
    Rejecting impossible implicit prerequisite `../src/Makefile.global.in.s'.
    Trying pattern rule with stem `Makefile.global.in'.
    Rejecting impossible implicit prerequisite `../src/Makefile.global.in.S'.
    Trying pattern rule with stem `Makefile.global.in'.
    Rejecting impossible implicit prerequisite `../src/Makefile.global.in.mod'.
    Trying pattern rule with stem `Makefile.global.in'.
    Trying implicit prerequisite `../src/Makefile.global.in.sh'.
    Looking for a rule with intermediate file `../src/Makefile.global.in.sh'.
     Avoiding implicit rule recursion.
     Trying pattern rule with stem `Makefile.global.in.sh'.
     Trying implicit prerequisite `../src/Makefile.global.in.sh,v'.
     Trying pattern rule with stem `Makefile.global.in.sh'.
     Trying implicit prerequisite `../src/RCS/Makefile.global.in.sh,v'.
     Trying pattern rule with stem `Makefile.global.in.sh'.
     Trying implicit prerequisite `../src/RCS/Makefile.global.in.sh'.
     Trying pattern rule with stem `Makefile.global.in.sh'.
     Trying implicit prerequisite `../src/s.Makefile.global.in.sh'.
     Trying pattern rule with stem `Makefile.global.in.sh'.
     Trying implicit prerequisite `../src/SCCS/s.Makefile.global.in.sh'.
    No implicit rule found for `../src/Makefile.global.in'.
    Finished prerequisites of target file `../src/Makefile.global.in'.
   No need to remake target `../src/Makefile.global.in'.
   Considering target file `../config.status'.
     Considering target file `../configure'.
      Looking for an implicit rule for `../configure'.
      Trying pattern rule with stem `configure'.
    Trying implicit prerequisite `../src/RCS/Makefile.port.p,v'.
    Trying pattern rule with stem `Makefile.port.p'.
    Trying implicit prerequisite `../src/RCS/Makefile.port.p'.
    Trying pattern rule with stem `Makefile.port.p'.
    Trying implicit prerequisite `../src/s.Makefile.port.p'.
    Trying pattern rule with stem `Makefile.port.p'.
      Trying implicit prerequisite `../configure.o'.
      Trying pattern rule with stem `configure'.
      Trying implicit prerequisite `../configure.cc'.
      Trying pattern rule with stem `configure'.
    Trying implicit prerequisite `../src/SCCS/s.Makefile.port.p'.
    Trying pattern rule with stem `Makefile.port'.
    Trying implicit prerequisite `../src/Makefile.port.web'.
    Looking for a rule with intermediate file `../src/Makefile.port.web'.
     Avoiding implicit rule recursion.
     Avoiding implicit rule recursion.
     Avoiding implicit rule recursion.
     Trying pattern rule with stem `Makefile.port.web'.
     Trying implicit prerequisite `../src/Makefile.port.web,v'.
     Trying pattern rule with stem `Makefile.port.web'.
     Trying implicit prerequisite `../src/RCS/Makefile.port.web,v'.
     Trying pattern rule with stem `Makefile.port.web'.
     Trying implicit prerequisite `../src/RCS/Makefile.port.web'.
     Trying pattern rule with stem `Makefile.port.web'.
     Trying implicit prerequisite `../src/s.Makefile.port.web'.
      Trying implicit prerequisite `../configure.C'.
      Trying pattern rule with stem `configure'.
      Trying implicit prerequisite `../configure.cpp'.
      Trying pattern rule with stem `configure'.
      Trying implicit prerequisite `../configure.p'.
      Trying pattern rule with stem `configure'.
      Trying implicit prerequisite `../configure.f'.
      Trying pattern rule with stem `configure'.
      Trying implicit prerequisite `../configure.F'.
      Trying pattern rule with stem `configure'.
      Trying implicit prerequisite `../configure.m'.
      Trying pattern rule with stem `configure'.
      Trying implicit prerequisite `../configure.r'.
      Trying pattern rule with stem `configure'.
      Trying implicit prerequisite `../configure.s'.
      Trying pattern rule with stem `configure'.
      Trying implicit prerequisite `../configure.S'.
      Trying pattern rule with stem `configure'.
      Trying implicit prerequisite `../configure.mod'.
      Trying pattern rule with stem `configure'.
      Trying implicit prerequisite `../configure.sh'.
      Trying pattern rule with stem `configure'.
      Trying implicit prerequisite `../configure,v'.
      Trying pattern rule with stem `configure'.
      Trying implicit prerequisite `../RCS/configure,v'.
      Trying pattern rule with stem `configure'.
      Trying implicit prerequisite `../RCS/configure'.
      Trying pattern rule with stem `configure'.
      Trying implicit prerequisite `../s.configure'.
      Trying pattern rule with stem `configure'.
      Trying implicit prerequisite `../SCCS/s.configure'.
      Trying pattern rule with stem `configure'.
      Trying implicit prerequisite `../configure.o'.
      Looking for a rule with intermediate file `../configure.o'.
       Avoiding implicit rule recursion.
     Trying pattern rule with stem `Makefile.port.web'.
     Trying implicit prerequisite `../src/SCCS/s.Makefile.port.web'.
   Trying pattern rule with stem `Makefile.port'.
       Trying pattern rule with stem `configure'.
       Trying implicit prerequisite `../configure.c'.
       Trying pattern rule with stem `configure'.
       Trying implicit prerequisite `../configure.cc'.
       Trying pattern rule with stem `configure'.
       Trying implicit prerequisite `../configure.C'.
       Trying pattern rule with stem `configure'.
   Trying implicit prerequisite `../src/Makefile.port.f'.
   Looking for a rule with intermediate file `../src/Makefile.port.f'.
    Avoiding implicit rule recursion.
    Avoiding implicit rule recursion.
    Trying pattern rule with stem `Makefile.port'.
    Trying implicit prerequisite `../src/Makefile.port.F'.
       Trying implicit prerequisite `../configure.cpp'.
       Trying pattern rule with stem `configure'.
       Trying implicit prerequisite `../configure.p'.
    Trying pattern rule with stem `Makefile.port'.
    Trying implicit prerequisite `../src/Makefile.port.r'.
    Trying pattern rule with stem `Makefile.port.f'.
    Trying implicit prerequisite `../src/Makefile.port.f,v'.
    Trying pattern rule with stem `Makefile.port.f'.
    Trying implicit prerequisite `../src/RCS/Makefile.port.f,v'.
    Trying pattern rule with stem `Makefile.port.f'.
       Trying pattern rule with stem `configure'.
       Trying implicit prerequisite `../configure.f'.
       Trying pattern rule with stem `configure'.
    Trying implicit prerequisite `../src/RCS/Makefile.port.f'.
    Trying pattern rule with stem `Makefile.port.f'.
    Trying implicit prerequisite `../src/s.Makefile.port.f'.
    Trying pattern rule with stem `Makefile.port.f'.
       Trying implicit prerequisite `../configure.F'.
       Trying pattern rule with stem `configure'.
       Trying implicit prerequisite `../configure.m'.
    Trying implicit prerequisite `../src/SCCS/s.Makefile.port.f'.
    Trying pattern rule with stem `Makefile.port'.
    Trying implicit prerequisite `../src/Makefile.port.F'.
    Looking for a rule with intermediate file `../src/Makefile.port.F'.
     Avoiding implicit rule recursion.
       Trying pattern rule with stem `configure'.
     Avoiding implicit rule recursion.
     Avoiding implicit rule recursion.
     Trying pattern rule with stem `Makefile.port.F'.
     Trying implicit prerequisite `../src/Makefile.port.F,v'.
     Trying pattern rule with stem `Makefile.port.F'.
     Trying implicit prerequisite `../src/RCS/Makefile.port.F,v'.
       Trying implicit prerequisite `../configure.r'.
     Trying pattern rule with stem `Makefile.port.F'.
       Trying pattern rule with stem `configure'.
       Trying implicit prerequisite `../configure.s'.
       Trying pattern rule with stem `configure'.
       Trying implicit prerequisite `../configure.S'.
       Trying pattern rule with stem `configure'.
       Trying implicit prerequisite `../configure.mod'.
       Trying pattern rule with stem `configure.o'.
       Trying implicit prerequisite `../configure.o,v'.
       Trying pattern rule with stem `configure.o'.
       Trying implicit prerequisite `../RCS/configure.o,v'.
       Trying pattern rule with stem `configure.o'.
       Trying implicit prerequisite `../RCS/configure.o'.
       Trying pattern rule with stem `configure.o'.
       Trying implicit prerequisite `../s.configure.o'.
       Trying pattern rule with stem `configure.o'.
     Trying implicit prerequisite `../src/RCS/Makefile.port.F'.
     Trying pattern rule with stem `Makefile.port.F'.
     Trying implicit prerequisite `../src/s.Makefile.port.F'.
     Trying pattern rule with stem `Makefile.port.F'.
     Trying implicit prerequisite `../src/SCCS/s.Makefile.port.F'.
    Trying pattern rule with stem `Makefile.port'.
    Trying implicit prerequisite `../src/Makefile.port.r'.
    Looking for a rule with intermediate file `../src/Makefile.port.r'.
     Avoiding implicit rule recursion.
     Avoiding implicit rule recursion.
     Avoiding implicit rule recursion.
     Trying pattern rule with stem `Makefile.port'.
     Rejecting impossible implicit prerequisite `../src/Makefile.port.l'.
     Trying pattern rule with stem `Makefile.port.r'.
       Trying implicit prerequisite `../SCCS/s.configure.o'.
       Trying pattern rule with stem `configure'.
       Trying implicit prerequisite `../configure.c'.
       Looking for a rule with intermediate file `../configure.c'.
        Avoiding implicit rule recursion.
        Avoiding implicit rule recursion.
        Trying pattern rule with stem `configure'.
        Trying implicit prerequisite `../configure.l'.
        Trying pattern rule with stem `configure'.
        Trying implicit prerequisite `../configure.y'.
        Trying pattern rule with stem `configure'.
        Trying implicit prerequisite `../configure.w'.
        Trying pattern rule with stem `configure'.
     Trying implicit prerequisite `../src/Makefile.port.r,v'.
     Trying pattern rule with stem `Makefile.port.r'.
     Trying implicit prerequisite `../src/RCS/Makefile.port.r,v'.
     Trying pattern rule with stem `Makefile.port.r'.
     Trying implicit prerequisite `../src/RCS/Makefile.port.r'.
     Trying pattern rule with stem `Makefile.port.r'.
     Trying implicit prerequisite `../src/s.Makefile.port.r'.
     Trying pattern rule with stem `Makefile.port.r'.
     Trying implicit prerequisite `../src/SCCS/s.Makefile.port.r'.
   Trying pattern rule with stem `Makefile.port'.
   Rejecting impossible implicit prerequisite `../src/Makefile.port.F'.
   Trying pattern rule with stem `Makefile.port'.
   Trying implicit prerequisite `../src/Makefile.port.m'.
        Trying implicit prerequisite `../configure.w'.
        Trying pattern rule with stem `configure.c'.
        Trying implicit prerequisite `../configure.c,v'.
        Trying pattern rule with stem `configure.c'.
        Trying implicit prerequisite `../RCS/configure.c,v'.
        Trying pattern rule with stem `configure.c'.
        Trying implicit prerequisite `../RCS/configure.c'.
        Trying pattern rule with stem `configure.c'.
        Trying implicit prerequisite `../s.configure.c'.
        Trying pattern rule with stem `configure.c'.
        Trying implicit prerequisite `../SCCS/s.configure.c'.
        Trying pattern rule with stem `configure'.
        Trying implicit prerequisite `../configure.l'.
   Looking for a rule with intermediate file `../src/Makefile.port.m'.
    Avoiding implicit rule recursion.
    Avoiding implicit rule recursion.
    Trying pattern rule with stem `Makefile.port'.
    Trying implicit prerequisite `../src/Makefile.port.ym'.
    Trying pattern rule with stem `Makefile.port'.
    Trying implicit prerequisite `../src/Makefile.port.lm'.
    Trying pattern rule with stem `Makefile.port.m'.
    Trying implicit prerequisite `../src/Makefile.port.m,v'.
    Trying pattern rule with stem `Makefile.port.m'.
    Trying implicit prerequisite `../src/RCS/Makefile.port.m,v'.
    Trying pattern rule with stem `Makefile.port.m'.
    Trying implicit prerequisite `../src/RCS/Makefile.port.m'.
        Looking for a rule with intermediate file `../configure.l'.
         Avoiding implicit rule recursion.
         Avoiding implicit rule recursion.
         Avoiding implicit rule recursion.
         Trying pattern rule with stem `configure.l'.
         Trying implicit prerequisite `../configure.l,v'.
         Trying pattern rule with stem `configure.l'.
         Trying implicit prerequisite `../RCS/configure.l,v'.
         Trying pattern rule with stem `configure.l'.
         Trying implicit prerequisite `../RCS/configure.l'.
         Trying pattern rule with stem `configure.l'.
         Trying implicit prerequisite `../s.configure.l'.
         Trying pattern rule with stem `configure.l'.
         Trying implicit prerequisite `../SCCS/s.configure.l'.
        Trying pattern rule with stem `configure'.
        Trying implicit prerequisite `../configure.y'.
        Looking for a rule with intermediate file `../configure.y'.
         Avoiding implicit rule recursion.
         Avoiding implicit rule recursion.
         Avoiding implicit rule recursion.
         Trying pattern rule with stem `configure.y'.
         Trying implicit prerequisite `../configure.y,v'.
         Trying pattern rule with stem `configure.y'.
         Trying implicit prerequisite `../RCS/configure.y,v'.
         Trying pattern rule with stem `configure.y'.
         Trying implicit prerequisite `../RCS/configure.y'.
         Trying pattern rule with stem `configure.y'.
         Trying implicit prerequisite `../s.configure.y'.
         Trying pattern rule with stem `configure.y'.
    Trying pattern rule with stem `Makefile.port.m'.
    Trying implicit prerequisite `../src/s.Makefile.port.m'.
    Trying pattern rule with stem `Makefile.port.m'.
    Trying implicit prerequisite `../src/SCCS/s.Makefile.port.m'.
    Trying pattern rule with stem `Makefile.port'.
    Trying implicit prerequisite `../src/Makefile.port.ym'.
    Looking for a rule with intermediate file `../src/Makefile.port.ym'.
     Avoiding implicit rule recursion.
     Avoiding implicit rule recursion.
     Avoiding implicit rule recursion.
     Trying pattern rule with stem `Makefile.port.ym'.
     Trying implicit prerequisite `../src/Makefile.port.ym,v'.
     Trying pattern rule with stem `Makefile.port.ym'.
     Trying implicit prerequisite `../src/RCS/Makefile.port.ym,v'.
     Trying pattern rule with stem `Makefile.port.ym'.
     Trying implicit prerequisite `../src/RCS/Makefile.port.ym'.
     Trying pattern rule with stem `Makefile.port.ym'.
     Trying implicit prerequisite `../src/s.Makefile.port.ym'.
     Trying pattern rule with stem `Makefile.port.ym'.
     Trying implicit prerequisite `../src/SCCS/s.Makefile.port.ym'.
    Trying pattern rule with stem `Makefile.port'.
    Trying implicit prerequisite `../src/Makefile.port.lm'.
    Looking for a rule with intermediate file `../src/Makefile.port.lm'.
     Avoiding implicit rule recursion.
     Avoiding implicit rule recursion.
     Avoiding implicit rule recursion.
     Trying pattern rule with stem `Makefile.port.lm'.
     Trying implicit prerequisite `../src/Makefile.port.lm,v'.
     Trying pattern rule with stem `Makefile.port.lm'.
     Trying implicit prerequisite `../src/RCS/Makefile.port.lm,v'.
     Trying pattern rule with stem `Makefile.port.lm'.
     Trying implicit prerequisite `../src/RCS/Makefile.port.lm'.
     Trying pattern rule with stem `Makefile.port.lm'.
     Trying implicit prerequisite `../src/s.Makefile.port.lm'.
     Trying pattern rule with stem `Makefile.port.lm'.
     Trying implicit prerequisite `../src/SCCS/s.Makefile.port.lm'.
   Trying pattern rule with stem `Makefile.port'.
   Rejecting impossible implicit prerequisite `../src/Makefile.port.r'.
   Trying pattern rule with stem `Makefile.port'.
   Trying implicit prerequisite `../src/Makefile.port.s'.
   Looking for a rule with intermediate file `../src/Makefile.port.s'.
    Avoiding implicit rule recursion.
    Avoiding implicit rule recursion.
    Trying pattern rule with stem `Makefile.port'.
    Trying implicit prerequisite `../src/Makefile.port.S'.
    Trying pattern rule with stem `Makefile.port.s'.
    Trying implicit prerequisite `../src/Makefile.port.s,v'.
    Trying pattern rule with stem `Makefile.port.s'.
    Trying implicit prerequisite `../src/RCS/Makefile.port.s,v'.
    Trying pattern rule with stem `Makefile.port.s'.
    Trying implicit prerequisite `../src/RCS/Makefile.port.s'.
    Trying pattern rule with stem `Makefile.port.s'.
    Trying implicit prerequisite `../src/s.Makefile.port.s'.
    Trying pattern rule with stem `Makefile.port.s'.
         Trying implicit prerequisite `../SCCS/s.configure.y'.
        Trying pattern rule with stem `configure'.
        Trying implicit prerequisite `../configure.w'.
        Looking for a rule with intermediate file `../configure.w'.
         Avoiding implicit rule recursion.
         Avoiding implicit rule recursion.
         Avoiding implicit rule recursion.
         Trying pattern rule with stem `configure.w'.
         Trying implicit prerequisite `../configure.w,v'.
         Trying pattern rule with stem `configure.w'.
         Trying implicit prerequisite `../RCS/configure.w,v'.
         Trying pattern rule with stem `configure.w'.
         Trying implicit prerequisite `../RCS/configure.w'.
         Trying pattern rule with stem `configure.w'.
         Trying implicit prerequisite `../s.configure.w'.
         Trying pattern rule with stem `configure.w'.
         Trying implicit prerequisite `../SCCS/s.configure.w'.
        Trying pattern rule with stem `configure'.
        Rejecting impossible implicit prerequisite `../configure.w'.
       Trying pattern rule with stem `configure'.
       Trying implicit prerequisite `../configure.cc'.
       Looking for a rule with intermediate file `../configure.cc'.
        Avoiding implicit rule recursion.
        Avoiding implicit rule recursion.
        Trying pattern rule with stem `configure.cc'.
        Trying implicit prerequisite `../configure.cc,v'.
    Trying implicit prerequisite `../src/SCCS/s.Makefile.port.s'.
    Trying pattern rule with stem `Makefile.port'.
    Trying implicit prerequisite `../src/Makefile.port.S'.
    Looking for a rule with intermediate file `../src/Makefile.port.S'.
     Avoiding implicit rule recursion.
     Avoiding implicit rule recursion.
     Avoiding implicit rule recursion.
     Trying pattern rule with stem `Makefile.port.S'.
     Trying implicit prerequisite `../src/Makefile.port.S,v'.
     Trying pattern rule with stem `Makefile.port.S'.
     Trying implicit prerequisite `../src/RCS/Makefile.port.S,v'.
     Trying pattern rule with stem `Makefile.port.S'.
     Trying implicit prerequisite `../src/RCS/Makefile.port.S'.
        Trying pattern rule with stem `configure.cc'.
        Trying implicit prerequisite `../RCS/configure.cc,v'.
        Trying pattern rule with stem `configure.cc'.
        Trying implicit prerequisite `../RCS/configure.cc'.
        Trying pattern rule with stem `configure.cc'.
        Trying implicit prerequisite `../s.configure.cc'.
        Trying pattern rule with stem `configure.cc'.
        Trying implicit prerequisite `../SCCS/s.configure.cc'.
       Trying pattern rule with stem `configure'.
       Trying implicit prerequisite `../configure.C'.
       Looking for a rule with intermediate file `../configure.C'.
        Avoiding implicit rule recursion.
        Avoiding implicit rule recursion.
     Trying pattern rule with stem `Makefile.port.S'.
     Trying implicit prerequisite `../src/s.Makefile.port.S'.
     Trying pattern rule with stem `Makefile.port.S'.
     Trying implicit prerequisite `../src/SCCS/s.Makefile.port.S'.
   Trying pattern rule with stem `Makefile.port'.
   Rejecting impossible implicit prerequisite `../src/Makefile.port.S'.
   Trying pattern rule with stem `Makefile.port'.
   Trying implicit prerequisite `../src/Makefile.port.mod'.
   Looking for a rule with intermediate file `../src/Makefile.port.mod'.
    Avoiding implicit rule recursion.
    Avoiding implicit rule recursion.
    Trying pattern rule with stem `Makefile.port.mod'.
    Trying implicit prerequisite `../src/Makefile.port.mod,v'.
    Trying pattern rule with stem `Makefile.port.mod'.
    Trying implicit prerequisite `../src/RCS/Makefile.port.mod,v'.
    Trying pattern rule with stem `Makefile.port.mod'.
    Trying implicit prerequisite `../src/RCS/Makefile.port.mod'.
    Trying pattern rule with stem `Makefile.port.mod'.
    Trying implicit prerequisite `../src/s.Makefile.port.mod'.
    Trying pattern rule with stem `Makefile.port.mod'.
    Trying implicit prerequisite `../src/SCCS/s.Makefile.port.mod'.
  Trying pattern rule with stem `Makefile.port'.
  Rejecting impossible implicit prerequisite `../src/Makefile.port.cc'.
  Trying pattern rule with stem `Makefile.port'.
  Rejecting impossible implicit prerequisite `../src/Makefile.port.C'.
  Trying pattern rule with stem `Makefile.port'.
  Rejecting impossible implicit prerequisite `../src/Makefile.port.cpp'.
  Trying pattern rule with stem `Makefile.port'.
  Rejecting impossible implicit prerequisite `../src/Makefile.port.p'.
  Trying pattern rule with stem `Makefile.port'.
  Rejecting impossible implicit prerequisite `../src/Makefile.port.f'.
  Trying pattern rule with stem `Makefile.port'.
  Rejecting impossible implicit prerequisite `../src/Makefile.port.F'.
  Trying pattern rule with stem `Makefile.port'.
  Rejecting impossible implicit prerequisite `../src/Makefile.port.m'.
  Trying pattern rule with stem `Makefile.port'.
  Rejecting impossible implicit prerequisite `../src/Makefile.port.r'.
  Trying pattern rule with stem `Makefile.port'.
  Rejecting impossible implicit prerequisite `../src/Makefile.port.s'.
  Trying pattern rule with stem `Makefile.port'.
  Rejecting impossible implicit prerequisite `../src/Makefile.port.S'.
  Trying pattern rule with stem `Makefile.port'.
  Rejecting impossible implicit prerequisite `../src/Makefile.port.mod'.
  Trying pattern rule with stem `Makefile.port'.
  Trying implicit prerequisite `../src/Makefile.port.sh'.
  Looking for a rule with intermediate file `../src/Makefile.port.sh'.
   Avoiding implicit rule recursion.
   Trying pattern rule with stem `Makefile.port.sh'.
   Trying implicit prerequisite `../src/Makefile.port.sh,v'.
   Trying pattern rule with stem `Makefile.port.sh'.
   Trying implicit prerequisite `../src/RCS/Makefile.port.sh,v'.
   Trying pattern rule with stem `Makefile.port.sh'.
   Trying implicit prerequisite `../src/RCS/Makefile.port.sh'.
   Trying pattern rule with stem `Makefile.port.sh'.
   Trying implicit prerequisite `../src/s.Makefile.port.sh'.
   Trying pattern rule with stem `Makefile.port.sh'.
   Trying implicit prerequisite `../src/SCCS/s.Makefile.port.sh'.
  No implicit rule found for `../src/Makefile.port'.
  Finished prerequisites of target file `../src/Makefile.port'.
 No need to remake target `../src/Makefile.port'.
 Considering target file `Makefile.global'.
  Looking for an implicit rule for `Makefile.global'.
  Trying pattern rule with stem `Makefile.global'.
  Trying implicit prerequisite `Makefile.global.o'.
  Trying pattern rule with stem `Makefile.global'.
  Trying implicit prerequisite `Makefile.global.cc'.
  Trying pattern rule with stem `Makefile.global'.
  Trying implicit prerequisite `Makefile.global.C'.
  Trying pattern rule with stem `Makefile.global'.
  Trying implicit prerequisite `Makefile.global.cpp'.
  Trying pattern rule with stem `Makefile.global'.
  Trying implicit prerequisite `Makefile.global.p'.
  Trying pattern rule with stem `Makefile.global'.
  Trying implicit prerequisite `Makefile.global.f'.
  Trying pattern rule with stem `Makefile.global'.
  Trying implicit prerequisite `Makefile.global.F'.
  Trying pattern rule with stem `Makefile.global'.
  Trying implicit prerequisite `Makefile.global.m'.
  Trying pattern rule with stem `Makefile.global'.
  Trying implicit prerequisite `Makefile.global.r'.
  Trying pattern rule with stem `Makefile.global'.
  Trying implicit prerequisite `Makefile.global.s'.
  Trying pattern rule with stem `Makefile.global'.
  Trying implicit prerequisite `Makefile.global.S'.
  Trying pattern rule with stem `Makefile.global'.
  Trying implicit prerequisite `Makefile.global.mod'.
  Trying pattern rule with stem `Makefile.global'.
  Trying implicit prerequisite `Makefile.global.sh'.
  Trying pattern rule with stem `Makefile.global'.
  Trying implicit prerequisite `Makefile.global,v'.
  Trying pattern rule with stem `Makefile.global'.
  Trying implicit prerequisite `RCS/Makefile.global,v'.
  Trying pattern rule with stem `Makefile.global'.
        Trying pattern rule with stem `configure.C'.
        Trying implicit prerequisite `../configure.C,v'.
        Trying pattern rule with stem `configure.C'.
        Trying implicit prerequisite `../RCS/configure.C,v'.
        Trying pattern rule with stem `configure.C'.
        Trying implicit prerequisite `../RCS/configure.C'.
        Trying pattern rule with stem `configure.C'.
        Trying implicit prerequisite `../s.configure.C'.
        Trying pattern rule with stem `configure.C'.
        Trying implicit prerequisite `../SCCS/s.configure.C'.
       Trying pattern rule with stem `configure'.
       Trying implicit prerequisite `../configure.cpp'.
       Looking for a rule with intermediate file `../configure.cpp'.
        Avoiding implicit rule recursion.
        Avoiding implicit rule recursion.
        Trying pattern rule with stem `configure.cpp'.
        Trying implicit prerequisite `../configure.cpp,v'.
        Trying pattern rule with stem `configure.cpp'.
        Trying implicit prerequisite `../RCS/configure.cpp,v'.
        Trying pattern rule with stem `configure.cpp'.
        Trying implicit prerequisite `../RCS/configure.cpp'.
        Trying pattern rule with stem `configure.cpp'.
        Trying implicit prerequisite `../s.configure.cpp'.
        Trying pattern rule with stem `configure.cpp'.
        Trying implicit prerequisite `../SCCS/s.configure.cpp'.
       Trying pattern rule with stem `configure'.
  Trying implicit prerequisite `RCS/Makefile.global'.
  Trying pattern rule with stem `Makefile.global'.
  Trying implicit prerequisite `s.Makefile.global'.
  Trying pattern rule with stem `Makefile.global'.
  Trying implicit prerequisite `SCCS/s.Makefile.global'.
  Trying pattern rule with stem `Makefile.global'.
  Trying implicit prerequisite `Makefile.global.o'.
  Looking for a rule with intermediate file `Makefile.global.o'.
   Avoiding implicit rule recursion.
   Trying pattern rule with stem `Makefile.global'.
   Trying implicit prerequisite `Makefile.global.c'.
   Trying pattern rule with stem `Makefile.global'.
   Trying implicit prerequisite `Makefile.global.cc'.
   Trying pattern rule with stem `Makefile.global'.
   Trying implicit prerequisite `Makefile.global.C'.
   Trying pattern rule with stem `Makefile.global'.
   Trying implicit prerequisite `Makefile.global.cpp'.
   Trying pattern rule with stem `Makefile.global'.
   Trying implicit prerequisite `Makefile.global.p'.
   Trying pattern rule with stem `Makefile.global'.
   Trying implicit prerequisite `Makefile.global.f'.
   Trying pattern rule with stem `Makefile.global'.
   Trying implicit prerequisite `Makefile.global.F'.
   Trying pattern rule with stem `Makefile.global'.
   Trying implicit prerequisite `Makefile.global.m'.
   Trying pattern rule with stem `Makefile.global'.
   Trying implicit prerequisite `Makefile.global.r'.
   Trying pattern rule with stem `Makefile.global'.
   Trying implicit prerequisite `Makefile.global.s'.
   Trying pattern rule with stem `Makefile.global'.
   Trying implicit prerequisite `Makefile.global.S'.
   Trying pattern rule with stem `Makefile.global'.
   Trying implicit prerequisite `Makefile.global.mod'.
   Trying pattern rule with stem `Makefile.global.o'.
   Trying implicit prerequisite `Makefile.global.o,v'.
   Trying pattern rule with stem `Makefile.global.o'.
   Trying implicit prerequisite `RCS/Makefile.global.o,v'.
   Trying pattern rule with stem `Makefile.global.o'.
   Trying implicit prerequisite `RCS/Makefile.global.o'.
   Trying pattern rule with stem `Makefile.global.o'.
   Trying implicit prerequisite `s.Makefile.global.o'.
   Trying pattern rule with stem `Makefile.global.o'.
   Trying implicit prerequisite `SCCS/s.Makefile.global.o'.
   Trying pattern rule with stem `Makefile.global'.
   Trying implicit prerequisite `Makefile.global.c'.
   Looking for a rule with intermediate file `Makefile.global.c'.
    Avoiding implicit rule recursion.
    Avoiding implicit rule recursion.
       Trying implicit prerequisite `../configure.p'.
       Looking for a rule with intermediate file `../configure.p'.
        Avoiding implicit rule recursion.
        Avoiding implicit rule recursion.
        Trying pattern rule with stem `configure'.
        Trying implicit prerequisite `../configure.web'.
        Trying pattern rule with stem `configure.p'.
        Trying implicit prerequisite `../configure.p,v'.
        Trying pattern rule with stem `configure.p'.
        Trying implicit prerequisite `../RCS/configure.p,v'.
        Trying pattern rule with stem `configure.p'.
        Trying implicit prerequisite `../RCS/configure.p'.
        Trying pattern rule with stem `configure.p'.
        Trying implicit prerequisite `../s.configure.p'.
        Trying pattern rule with stem `configure.p'.
        Trying implicit prerequisite `../SCCS/s.configure.p'.
        Trying pattern rule with stem `configure'.
        Trying implicit prerequisite `../configure.web'.
        Looking for a rule with intermediate file `../configure.web'.
         Avoiding implicit rule recursion.
         Avoiding implicit rule recursion.
         Avoiding implicit rule recursion.
         Trying pattern rule with stem `configure.web'.
         Trying implicit prerequisite `../configure.web,v'.
         Trying pattern rule with stem `configure.web'.
         Trying implicit prerequisite `../RCS/configure.web,v'.
         Trying pattern rule with stem `configure.web'.
    Trying pattern rule with stem `Makefile.global'.
    Trying implicit prerequisite `Makefile.global.l'.
    Trying pattern rule with stem `Makefile.global'.
    Trying implicit prerequisite `Makefile.global.y'.
    Trying pattern rule with stem `Makefile.global'.
    Trying implicit prerequisite `Makefile.global.w'.
    Trying pattern rule with stem `Makefile.global'.
    Trying implicit prerequisite `Makefile.global.w'.
    Trying pattern rule with stem `Makefile.global.c'.
    Trying implicit prerequisite `Makefile.global.c,v'.
    Trying pattern rule with stem `Makefile.global.c'.
    Trying implicit prerequisite `RCS/Makefile.global.c,v'.
    Trying pattern rule with stem `Makefile.global.c'.
    Trying implicit prerequisite `RCS/Makefile.global.c'.
    Trying pattern rule with stem `Makefile.global.c'.
    Trying implicit prerequisite `s.Makefile.global.c'.
    Trying pattern rule with stem `Makefile.global.c'.
    Trying implicit prerequisite `SCCS/s.Makefile.global.c'.
    Trying pattern rule with stem `Makefile.global'.
    Trying implicit prerequisite `Makefile.global.l'.
    Looking for a rule with intermediate file `Makefile.global.l'.
     Avoiding implicit rule recursion.
     Avoiding implicit rule recursion.
     Avoiding implicit rule recursion.
     Trying pattern rule with stem `Makefile.global.l'.
     Trying implicit prerequisite `Makefile.global.l,v'.
     Trying pattern rule with stem `Makefile.global.l'.
     Trying implicit prerequisite `RCS/Makefile.global.l,v'.
     Trying pattern rule with stem `Makefile.global.l'.
     Trying implicit prerequisite `RCS/Makefile.global.l'.
     Trying pattern rule with stem `Makefile.global.l'.
     Trying implicit prerequisite `s.Makefile.global.l'.
     Trying pattern rule with stem `Makefile.global.l'.
         Trying implicit prerequisite `../RCS/configure.web'.
         Trying pattern rule with stem `configure.web'.
         Trying implicit prerequisite `../s.configure.web'.
         Trying pattern rule with stem `configure.web'.
         Trying implicit prerequisite `../SCCS/s.configure.web'.
       Trying pattern rule with stem `configure'.
       Trying implicit prerequisite `../configure.f'.
       Looking for a rule with intermediate file `../configure.f'.
        Avoiding implicit rule recursion.
        Avoiding implicit rule recursion.
        Trying pattern rule with stem `configure'.
        Trying implicit prerequisite `../configure.F'.
        Trying pattern rule with stem `configure'.
        Trying implicit prerequisite `../configure.r'.
        Trying pattern rule with stem `configure.f'.
        Trying implicit prerequisite `../configure.f,v'.
        Trying pattern rule with stem `configure.f'.
        Trying implicit prerequisite `../RCS/configure.f,v'.
        Trying pattern rule with stem `configure.f'.
        Trying implicit prerequisite `../RCS/configure.f'.
        Trying pattern rule with stem `configure.f'.
        Trying implicit prerequisite `../s.configure.f'.
        Trying pattern rule with stem `configure.f'.
        Trying implicit prerequisite `../SCCS/s.configure.f'.
        Trying pattern rule with stem `configure'.
        Trying implicit prerequisite `../configure.F'.
        Looking for a rule with intermediate file `../configure.F'.
         Avoiding implicit rule recursion.
         Avoiding implicit rule recursion.
         Avoiding implicit rule recursion.
         Trying pattern rule with stem `configure.F'.
         Trying implicit prerequisite `../configure.F,v'.
         Trying pattern rule with stem `configure.F'.
         Trying implicit prerequisite `../RCS/configure.F,v'.
         Trying pattern rule with stem `configure.F'.
         Trying implicit prerequisite `../RCS/configure.F'.
         Trying pattern rule with stem `configure.F'.
         Trying implicit prerequisite `../s.configure.F'.
         Trying pattern rule with stem `configure.F'.
         Trying implicit prerequisite `../SCCS/s.configure.F'.
     Trying implicit prerequisite `SCCS/s.Makefile.global.l'.
    Trying pattern rule with stem `Makefile.global'.
    Trying implicit prerequisite `Makefile.global.y'.
    Looking for a rule with intermediate file `Makefile.global.y'.
     Avoiding implicit rule recursion.
     Avoiding implicit rule recursion.
     Avoiding implicit rule recursion.
     Trying pattern rule with stem `Makefile.global.y'.
     Trying implicit prerequisite `Makefile.global.y,v'.
     Trying pattern rule with stem `Makefile.global.y'.
     Trying implicit prerequisite `RCS/Makefile.global.y,v'.
     Trying pattern rule with stem `Makefile.global.y'.
     Trying implicit prerequisite `RCS/Makefile.global.y'.
        Trying pattern rule with stem `configure'.
        Trying implicit prerequisite `../configure.r'.
        Looking for a rule with intermediate file `../configure.r'.
         Avoiding implicit rule recursion.
         Avoiding implicit rule recursion.
         Avoiding implicit rule recursion.
         Trying pattern rule with stem `configure'.
         Rejecting impossible implicit prerequisite `../configure.l'.
         Trying pattern rule with stem `configure.r'.
         Trying implicit prerequisite `../configure.r,v'.
         Trying pattern rule with stem `configure.r'.
         Trying implicit prerequisite `../RCS/configure.r,v'.
         Trying pattern rule with stem `configure.r'.
         Trying implicit prerequisite `../RCS/configure.r'.
         Trying pattern rule with stem `configure.r'.
         Trying implicit prerequisite `../s.configure.r'.
         Trying pattern rule with stem `configure.r'.
         Trying implicit prerequisite `../SCCS/s.configure.r'.
       Trying pattern rule with stem `configure'.
       Rejecting impossible implicit prerequisite `../configure.F'.
       Trying pattern rule with stem `configure'.
       Trying implicit prerequisite `../configure.m'.
       Looking for a rule with intermediate file `../configure.m'.
        Avoiding implicit rule recursion.
        Avoiding implicit rule recursion.
        Trying pattern rule with stem `configure'.
        Trying implicit prerequisite `../configure.ym'.
        Trying pattern rule with stem `configure'.
        Trying implicit prerequisite `../configure.lm'.
        Trying pattern rule with stem `configure.m'.
        Trying implicit prerequisite `../configure.m,v'.
        Trying pattern rule with stem `configure.m'.
        Trying implicit prerequisite `../RCS/configure.m,v'.
        Trying pattern rule with stem `configure.m'.
        Trying implicit prerequisite `../RCS/configure.m'.
        Trying pattern rule with stem `configure.m'.
        Trying implicit prerequisite `../s.configure.m'.
        Trying pattern rule with stem `configure.m'.
        Trying implicit prerequisite `../SCCS/s.configure.m'.
        Trying pattern rule with stem `configure'.
        Trying implicit prerequisite `../configure.ym'.
        Looking for a rule with intermediate file `../configure.ym'.
         Avoiding implicit rule recursion.
         Avoiding implicit rule recursion.
         Avoiding implicit rule recursion.
         Trying pattern rule with stem `configure.ym'.
         Trying implicit prerequisite `../configure.ym,v'.
         Trying pattern rule with stem `configure.ym'.
         Trying implicit prerequisite `../RCS/configure.ym,v'.
         Trying pattern rule with stem `configure.ym'.
         Trying implicit prerequisite `../RCS/configure.ym'.
         Trying pattern rule with stem `configure.ym'.
         Trying implicit prerequisite `../s.configure.ym'.
         Trying pattern rule with stem `configure.ym'.
         Trying implicit prerequisite `../SCCS/s.configure.ym'.
     Trying pattern rule with stem `Makefile.global.y'.
     Trying implicit prerequisite `s.Makefile.global.y'.
     Trying pattern rule with stem `Makefile.global.y'.
     Trying implicit prerequisite `SCCS/s.Makefile.global.y'.
    Trying pattern rule with stem `Makefile.global'.
    Trying implicit prerequisite `Makefile.global.w'.
    Looking for a rule with intermediate file `Makefile.global.w'.
     Avoiding implicit rule recursion.
     Avoiding implicit rule recursion.
     Avoiding implicit rule recursion.
     Trying pattern rule with stem `Makefile.global.w'.
     Trying implicit prerequisite `Makefile.global.w,v'.
     Trying pattern rule with stem `Makefile.global.w'.
        Trying pattern rule with stem `configure'.
        Trying implicit prerequisite `../configure.lm'.
        Looking for a rule with intermediate file `../configure.lm'.
         Avoiding implicit rule recursion.
         Avoiding implicit rule recursion.
         Avoiding implicit rule recursion.
         Trying pattern rule with stem `configure.lm'.
         Trying implicit prerequisite `../configure.lm,v'.
         Trying pattern rule with stem `configure.lm'.
         Trying implicit prerequisite `../RCS/configure.lm,v'.
         Trying pattern rule with stem `configure.lm'.
         Trying implicit prerequisite `../RCS/configure.lm'.
         Trying pattern rule with stem `configure.lm'.
     Trying implicit prerequisite `RCS/Makefile.global.w,v'.
     Trying pattern rule with stem `Makefile.global.w'.
     Trying implicit prerequisite `RCS/Makefile.global.w'.
     Trying pattern rule with stem `Makefile.global.w'.
     Trying implicit prerequisite `s.Makefile.global.w'.
     Trying pattern rule with stem `Makefile.global.w'.
     Trying implicit prerequisite `SCCS/s.Makefile.global.w'.
    Trying pattern rule with stem `Makefile.global'.
    Rejecting impossible implicit prerequisite `Makefile.global.w'.
   Trying pattern rule with stem `Makefile.global'.
   Trying implicit prerequisite `Makefile.global.cc'.
   Looking for a rule with intermediate file `Makefile.global.cc'.
    Avoiding implicit rule recursion.
    Avoiding implicit rule recursion.
         Trying implicit prerequisite `../s.configure.lm'.
         Trying pattern rule with stem `configure.lm'.
         Trying implicit prerequisite `../SCCS/s.configure.lm'.
       Trying pattern rule with stem `configure'.
       Rejecting impossible implicit prerequisite `../configure.r'.
       Trying pattern rule with stem `configure'.
       Trying implicit prerequisite `../configure.s'.
       Looking for a rule with intermediate file `../configure.s'.
        Avoiding implicit rule recursion.
        Avoiding implicit rule recursion.
        Trying pattern rule with stem `configure'.
        Trying implicit prerequisite `../configure.S'.
        Trying pattern rule with stem `configure.s'.
        Trying implicit prerequisite `../configure.s,v'.
        Trying pattern rule with stem `configure.s'.
        Trying implicit prerequisite `../RCS/configure.s,v'.
        Trying pattern rule with stem `configure.s'.
    Trying pattern rule with stem `Makefile.global.cc'.
    Trying implicit prerequisite `Makefile.global.cc,v'.
    Trying pattern rule with stem `Makefile.global.cc'.
        Trying implicit prerequisite `../RCS/configure.s'.
        Trying pattern rule with stem `configure.s'.
        Trying implicit prerequisite `../s.configure.s'.
        Trying pattern rule with stem `configure.s'.
    Trying implicit prerequisite `RCS/Makefile.global.cc,v'.
    Trying pattern rule with stem `Makefile.global.cc'.
    Trying implicit prerequisite `RCS/Makefile.global.cc'.
    Trying pattern rule with stem `Makefile.global.cc'.
    Trying implicit prerequisite `s.Makefile.global.cc'.
    Trying pattern rule with stem `Makefile.global.cc'.
    Trying implicit prerequisite `SCCS/s.Makefile.global.cc'.
   Trying pattern rule with stem `Makefile.global'.
   Trying implicit prerequisite `Makefile.global.C'.
   Looking for a rule with intermediate file `Makefile.global.C'.
    Avoiding implicit rule recursion.
    Avoiding implicit rule recursion.
    Trying pattern rule with stem `Makefile.global.C'.
    Trying implicit prerequisite `Makefile.global.C,v'.
    Trying pattern rule with stem `Makefile.global.C'.
    Trying implicit prerequisite `RCS/Makefile.global.C,v'.
    Trying pattern rule with stem `Makefile.global.C'.
    Trying implicit prerequisite `RCS/Makefile.global.C'.
    Trying pattern rule with stem `Makefile.global.C'.
    Trying implicit prerequisite `s.Makefile.global.C'.
    Trying pattern rule with stem `Makefile.global.C'.
    Trying implicit prerequisite `SCCS/s.Makefile.global.C'.
   Trying pattern rule with stem `Makefile.global'.
   Trying implicit prerequisite `Makefile.global.cpp'.
   Looking for a rule with intermediate file `Makefile.global.cpp'.
    Avoiding implicit rule recursion.
    Avoiding implicit rule recursion.
    Trying pattern rule with stem `Makefile.global.cpp'.
    Trying implicit prerequisite `Makefile.global.cpp,v'.
    Trying pattern rule with stem `Makefile.global.cpp'.
        Trying implicit prerequisite `../SCCS/s.configure.s'.
        Trying pattern rule with stem `configure'.
        Trying implicit prerequisite `../configure.S'.
        Looking for a rule with intermediate file `../configure.S'.
         Avoiding implicit rule recursion.
         Avoiding implicit rule recursion.
         Avoiding implicit rule recursion.
         Trying pattern rule with stem `configure.S'.
         Trying implicit prerequisite `../configure.S,v'.
         Trying pattern rule with stem `configure.S'.
         Trying implicit prerequisite `../RCS/configure.S,v'.
         Trying pattern rule with stem `configure.S'.
         Trying implicit prerequisite `../RCS/configure.S'.
         Trying pattern rule with stem `configure.S'.
         Trying implicit prerequisite `../s.configure.S'.
         Trying pattern rule with stem `configure.S'.
    Trying implicit prerequisite `RCS/Makefile.global.cpp,v'.
    Trying pattern rule with stem `Makefile.global.cpp'.
    Trying implicit prerequisite `RCS/Makefile.global.cpp'.
    Trying pattern rule with stem `Makefile.global.cpp'.
    Trying implicit prerequisite `s.Makefile.global.cpp'.
    Trying pattern rule with stem `Makefile.global.cpp'.
    Trying implicit prerequisite `SCCS/s.Makefile.global.cpp'.
   Trying pattern rule with stem `Makefile.global'.
   Trying implicit prerequisite `Makefile.global.p'.
   Looking for a rule with intermediate file `Makefile.global.p'.
    Avoiding implicit rule recursion.
    Avoiding implicit rule recursion.
    Trying pattern rule with stem `Makefile.global'.
    Trying implicit prerequisite `Makefile.global.web'.
    Trying pattern rule with stem `Makefile.global.p'.
    Trying implicit prerequisite `Makefile.global.p,v'.
    Trying pattern rule with stem `Makefile.global.p'.
    Trying implicit prerequisite `RCS/Makefile.global.p,v'.
    Trying pattern rule with stem `Makefile.global.p'.
    Trying implicit prerequisite `RCS/Makefile.global.p'.
    Trying pattern rule with stem `Makefile.global.p'.
    Trying implicit prerequisite `s.Makefile.global.p'.
    Trying pattern rule with stem `Makefile.global.p'.
    Trying implicit prerequisite `SCCS/s.Makefile.global.p'.
    Trying pattern rule with stem `Makefile.global'.
    Trying implicit prerequisite `Makefile.global.web'.
    Looking for a rule with intermediate file `Makefile.global.web'.
         Trying implicit prerequisite `../SCCS/s.configure.S'.
       Trying pattern rule with stem `configure'.
       Rejecting impossible implicit prerequisite `../configure.S'.
       Trying pattern rule with stem `configure'.
       Trying implicit prerequisite `../configure.mod'.
       Looking for a rule with intermediate file `../configure.mod'.
        Avoiding implicit rule recursion.
        Avoiding implicit rule recursion.
        Trying pattern rule with stem `configure.mod'.
        Trying implicit prerequisite `../configure.mod,v'.
        Trying pattern rule with stem `configure.mod'.
        Trying implicit prerequisite `../RCS/configure.mod,v'.
        Trying pattern rule with stem `configure.mod'.
     Avoiding implicit rule recursion.
     Avoiding implicit rule recursion.
     Avoiding implicit rule recursion.
     Trying pattern rule with stem `Makefile.global.web'.
     Trying implicit prerequisite `Makefile.global.web,v'.
     Trying pattern rule with stem `Makefile.global.web'.
     Trying implicit prerequisite `RCS/Makefile.global.web,v'.
     Trying pattern rule with stem `Makefile.global.web'.
     Trying implicit prerequisite `RCS/Makefile.global.web'.
     Trying pattern rule with stem `Makefile.global.web'.
     Trying implicit prerequisite `s.Makefile.global.web'.
     Trying pattern rule with stem `Makefile.global.web'.
     Trying implicit prerequisite `SCCS/s.Makefile.global.web'.
        Trying implicit prerequisite `../RCS/configure.mod'.
        Trying pattern rule with stem `configure.mod'.
        Trying implicit prerequisite `../s.configure.mod'.
        Trying pattern rule with stem `configure.mod'.
        Trying implicit prerequisite `../SCCS/s.configure.mod'.
      Trying pattern rule with stem `configure'.
      Rejecting impossible implicit prerequisite `../configure.cc'.
      Trying pattern rule with stem `configure'.
      Rejecting impossible implicit prerequisite `../configure.C'.
      Trying pattern rule with stem `configure'.
      Rejecting impossible implicit prerequisite `../configure.cpp'.
      Trying pattern rule with stem `configure'.
      Rejecting impossible implicit prerequisite `../configure.p'.
      Trying pattern rule with stem `configure'.
      Rejecting impossible implicit prerequisite `../configure.f'.
      Trying pattern rule with stem `configure'.
      Rejecting impossible implicit prerequisite `../configure.F'.
      Trying pattern rule with stem `configure'.
      Rejecting impossible implicit prerequisite `../configure.m'.
      Trying pattern rule with stem `configure'.
      Rejecting impossible implicit prerequisite `../configure.r'.
      Trying pattern rule with stem `configure'.
      Rejecting impossible implicit prerequisite `../configure.s'.
      Trying pattern rule with stem `configure'.
      Rejecting impossible implicit prerequisite `../configure.S'.
      Trying pattern rule with stem `configure'.
   Trying pattern rule with stem `Makefile.global'.
   Trying implicit prerequisite `Makefile.global.f'.
   Looking for a rule with intermediate file `Makefile.global.f'.
    Avoiding implicit rule recursion.
    Avoiding implicit rule recursion.
    Trying pattern rule with stem `Makefile.global'.
    Trying implicit prerequisite `Makefile.global.F'.
    Trying pattern rule with stem `Makefile.global'.
    Trying implicit prerequisite `Makefile.global.r'.
    Trying pattern rule with stem `Makefile.global.f'.
    Trying implicit prerequisite `Makefile.global.f,v'.
    Trying pattern rule with stem `Makefile.global.f'.
    Trying implicit prerequisite `RCS/Makefile.global.f,v'.
      Rejecting impossible implicit prerequisite `../configure.mod'.
      Trying pattern rule with stem `configure'.
      Trying implicit prerequisite `../configure.sh'.
      Looking for a rule with intermediate file `../configure.sh'.
       Avoiding implicit rule recursion.
       Trying pattern rule with stem `configure.sh'.
       Trying implicit prerequisite `../configure.sh,v'.
       Trying pattern rule with stem `configure.sh'.
       Trying implicit prerequisite `../RCS/configure.sh,v'.
       Trying pattern rule with stem `configure.sh'.
       Trying implicit prerequisite `../RCS/configure.sh'.
       Trying pattern rule with stem `configure.sh'.
       Trying implicit prerequisite `../s.configure.sh'.
       Trying pattern rule with stem `configure.sh'.
       Trying implicit prerequisite `../SCCS/s.configure.sh'.
      No implicit rule found for `../configure'.
      Finished prerequisites of target file `../configure'.
     No need to remake target `../configure'.
    Finished prerequisites of target file `../config.status'.
    Prerequisite `../configure' is older than target `../config.status'.
   No need to remake target `../config.status'.
  Finished prerequisites of target file `../src/Makefile.global'.
  Prerequisite `../src/Makefile.global.in' is older than target `../src/Makefile.global'.
  Prerequisite `../config.status' is older than target `../src/Makefile.global'.
 No need to remake target `../src/Makefile.global'.
 Considering target file `Makefile'.
  Looking for an implicit rule for `Makefile'.
  Trying pattern rule with stem `Makefile'.
    Trying pattern rule with stem `Makefile.global.f'.
    Trying implicit prerequisite `RCS/Makefile.global.f'.
    Trying pattern rule with stem `Makefile.global.f'.
    Trying implicit prerequisite `s.Makefile.global.f'.
    Trying pattern rule with stem `Makefile.global.f'.
    Trying implicit prerequisite `SCCS/s.Makefile.global.f'.
    Trying pattern rule with stem `Makefile.global'.
    Trying implicit prerequisite `Makefile.global.F'.
    Looking for a rule with intermediate file `Makefile.global.F'.
     Avoiding implicit rule recursion.
     Avoiding implicit rule recursion.
     Avoiding implicit rule recursion.
     Trying pattern rule with stem `Makefile.global.F'.
  Trying implicit prerequisite `Makefile.o'.
  Trying pattern rule with stem `Makefile'.
  Trying implicit prerequisite `Makefile.cc'.
  Trying pattern rule with stem `Makefile'.
  Trying implicit prerequisite `Makefile.C'.
  Trying pattern rule with stem `Makefile'.
  Trying implicit prerequisite `Makefile.cpp'.
  Trying pattern rule with stem `Makefile'.
  Trying implicit prerequisite `Makefile.p'.
  Trying pattern rule with stem `Makefile'.
  Trying implicit prerequisite `Makefile.f'.
  Trying pattern rule with stem `Makefile'.
  Trying implicit prerequisite `Makefile.F'.
     Trying implicit prerequisite `Makefile.global.F,v'.
     Trying pattern rule with stem `Makefile.global.F'.
     Trying implicit prerequisite `RCS/Makefile.global.F,v'.
     Trying pattern rule with stem `Makefile.global.F'.
     Trying implicit prerequisite `RCS/Makefile.global.F'.
     Trying pattern rule with stem `Makefile.global.F'.
     Trying implicit prerequisite `s.Makefile.global.F'.
     Trying pattern rule with stem `Makefile.global.F'.
     Trying implicit prerequisite `SCCS/s.Makefile.global.F'.
    Trying pattern rule with stem `Makefile.global'.
    Trying implicit prerequisite `Makefile.global.r'.
    Looking for a rule with intermediate file `Makefile.global.r'.
     Avoiding implicit rule recursion.
  Trying pattern rule with stem `Makefile'.
  Trying implicit prerequisite `Makefile.m'.
  Trying pattern rule with stem `Makefile'.
  Trying implicit prerequisite `Makefile.r'.
  Trying pattern rule with stem `Makefile'.
  Trying implicit prerequisite `Makefile.s'.
  Trying pattern rule with stem `Makefile'.
  Trying implicit prerequisite `Makefile.S'.
  Trying pattern rule with stem `Makefile'.
  Trying implicit prerequisite `Makefile.mod'.
  Trying pattern rule with stem `Makefile'.
  Trying implicit prerequisite `Makefile.sh'.
  Trying pattern rule with stem `Makefile'.
  Trying implicit prerequisite `Makefile,v'.
  Trying pattern rule with stem `Makefile'.
     Avoiding implicit rule recursion.
     Avoiding implicit rule recursion.
     Trying pattern rule with stem `Makefile.global'.
     Rejecting impossible implicit prerequisite `Makefile.global.l'.
     Trying pattern rule with stem `Makefile.global.r'.
     Trying implicit prerequisite `Makefile.global.r,v'.
     Trying pattern rule with stem `Makefile.global.r'.
     Trying implicit prerequisite `RCS/Makefile.global.r,v'.
     Trying pattern rule with stem `Makefile.global.r'.
     Trying implicit prerequisite `RCS/Makefile.global.r'.
     Trying pattern rule with stem `Makefile.global.r'.
     Trying implicit prerequisite `s.Makefile.global.r'.
     Trying pattern rule with stem `Makefile.global.r'.
  Trying implicit prerequisite `RCS/Makefile,v'.
  Trying pattern rule with stem `Makefile'.
  Trying implicit prerequisite `RCS/Makefile'.
  Trying pattern rule with stem `Makefile'.
  Trying implicit prerequisite `s.Makefile'.
  Trying pattern rule with stem `Makefile'.
  Trying implicit prerequisite `SCCS/s.Makefile'.
  Trying pattern rule with stem `Makefile'.
  Trying implicit prerequisite `Makefile.o'.
  Looking for a rule with intermediate file `Makefile.o'.
   Avoiding implicit rule recursion.
   Trying pattern rule with stem `Makefile'.
   Trying implicit prerequisite `Makefile.c'.
     Trying implicit prerequisite `SCCS/s.Makefile.global.r'.
   Trying pattern rule with stem `Makefile.global'.
   Rejecting impossible implicit prerequisite `Makefile.global.F'.
   Trying pattern rule with stem `Makefile.global'.
   Trying implicit prerequisite `Makefile.global.m'.
   Looking for a rule with intermediate file `Makefile.global.m'.
    Avoiding implicit rule recursion.
    Avoiding implicit rule recursion.
    Trying pattern rule with stem `Makefile.global'.
    Trying implicit prerequisite `Makefile.global.ym'.
    Trying pattern rule with stem `Makefile.global'.
    Trying implicit prerequisite `Makefile.global.lm'.
    Trying pattern rule with stem `Makefile.global.m'.
   Trying pattern rule with stem `Makefile'.
   Trying implicit prerequisite `Makefile.cc'.
   Trying pattern rule with stem `Makefile'.
   Trying implicit prerequisite `Makefile.C'.
   Trying pattern rule with stem `Makefile'.
   Trying implicit prerequisite `Makefile.cpp'.
   Trying pattern rule with stem `Makefile'.
   Trying implicit prerequisite `Makefile.p'.
   Trying pattern rule with stem `Makefile'.
   Trying implicit prerequisite `Makefile.f'.
   Trying pattern rule with stem `Makefile'.
   Trying implicit prerequisite `Makefile.F'.
   Trying pattern rule with stem `Makefile'.
   Trying implicit prerequisite `Makefile.m'.
   Trying pattern rule with stem `Makefile'.
   Trying implicit prerequisite `Makefile.r'.
   Trying pattern rule with stem `Makefile'.
   Trying implicit prerequisite `Makefile.s'.
   Trying pattern rule with stem `Makefile'.
   Trying implicit prerequisite `Makefile.S'.
   Trying pattern rule with stem `Makefile'.
   Trying implicit prerequisite `Makefile.mod'.
   Trying pattern rule with stem `Makefile.o'.
   Trying implicit prerequisite `Makefile.o,v'.
   Trying pattern rule with stem `Makefile.o'.
   Trying implicit prerequisite `RCS/Makefile.o,v'.
   Trying pattern rule with stem `Makefile.o'.
   Trying implicit prerequisite `RCS/Makefile.o'.
   Trying pattern rule with stem `Makefile.o'.
   Trying implicit prerequisite `s.Makefile.o'.
   Trying pattern rule with stem `Makefile.o'.
   Trying implicit prerequisite `SCCS/s.Makefile.o'.
   Trying pattern rule with stem `Makefile'.
   Trying implicit prerequisite `Makefile.c'.
   Looking for a rule with intermediate file `Makefile.c'.
    Avoiding implicit rule recursion.
    Avoiding implicit rule recursion.
    Trying pattern rule with stem `Makefile'.
    Trying implicit prerequisite `Makefile.l'.
    Trying pattern rule with stem `Makefile'.
    Trying implicit prerequisite `Makefile.y'.
    Trying pattern rule with stem `Makefile'.
    Trying implicit prerequisite `Makefile.w'.
    Trying pattern rule with stem `Makefile'.
    Trying implicit prerequisite `Makefile.global.m,v'.
    Trying pattern rule with stem `Makefile.global.m'.
    Trying implicit prerequisite `RCS/Makefile.global.m,v'.
    Trying pattern rule with stem `Makefile.global.m'.
    Trying implicit prerequisite `RCS/Makefile.global.m'.
    Trying pattern rule with stem `Makefile.global.m'.
    Trying implicit prerequisite `s.Makefile.global.m'.
    Trying pattern rule with stem `Makefile.global.m'.
    Trying implicit prerequisite `SCCS/s.Makefile.global.m'.
    Trying pattern rule with stem `Makefile.global'.
    Trying implicit prerequisite `Makefile.global.ym'.
    Looking for a rule with intermediate file `Makefile.global.ym'.
     Avoiding implicit rule recursion.
    Trying implicit prerequisite `Makefile.w'.
    Trying pattern rule with stem `Makefile.c'.
    Trying implicit prerequisite `Makefile.c,v'.
    Trying pattern rule with stem `Makefile.c'.
    Trying implicit prerequisite `RCS/Makefile.c,v'.
    Trying pattern rule with stem `Makefile.c'.
    Trying implicit prerequisite `RCS/Makefile.c'.
    Trying pattern rule with stem `Makefile.c'.
    Trying implicit prerequisite `s.Makefile.c'.
    Trying pattern rule with stem `Makefile.c'.
    Trying implicit prerequisite `SCCS/s.Makefile.c'.
    Trying pattern rule with stem `Makefile'.
    Trying implicit prerequisite `Makefile.l'.
     Avoiding implicit rule recursion.
     Avoiding implicit rule recursion.
     Trying pattern rule with stem `Makefile.global.ym'.
     Trying implicit prerequisite `Makefile.global.ym,v'.
     Trying pattern rule with stem `Makefile.global.ym'.
     Trying implicit prerequisite `RCS/Makefile.global.ym,v'.
     Trying pattern rule with stem `Makefile.global.ym'.
     Trying implicit prerequisite `RCS/Makefile.global.ym'.
     Trying pattern rule with stem `Makefile.global.ym'.
     Trying implicit prerequisite `s.Makefile.global.ym'.
     Trying pattern rule with stem `Makefile.global.ym'.
     Trying implicit prerequisite `SCCS/s.Makefile.global.ym'.
    Trying pattern rule with stem `Makefile.global'.
    Looking for a rule with intermediate file `Makefile.l'.
     Avoiding implicit rule recursion.
     Avoiding implicit rule recursion.
     Avoiding implicit rule recursion.
     Trying pattern rule with stem `Makefile.l'.
     Trying implicit prerequisite `Makefile.l,v'.
     Trying pattern rule with stem `Makefile.l'.
     Trying implicit prerequisite `RCS/Makefile.l,v'.
     Trying pattern rule with stem `Makefile.l'.
     Trying implicit prerequisite `RCS/Makefile.l'.
     Trying pattern rule with stem `Makefile.l'.
     Trying implicit prerequisite `s.Makefile.l'.
     Trying pattern rule with stem `Makefile.l'.
    Trying implicit prerequisite `Makefile.global.lm'.
    Looking for a rule with intermediate file `Makefile.global.lm'.
     Avoiding implicit rule recursion.
     Avoiding implicit rule recursion.
     Avoiding implicit rule recursion.
     Trying pattern rule with stem `Makefile.global.lm'.
     Trying implicit prerequisite `Makefile.global.lm,v'.
     Trying pattern rule with stem `Makefile.global.lm'.
     Trying implicit prerequisite `RCS/Makefile.global.lm,v'.
     Trying pattern rule with stem `Makefile.global.lm'.
     Trying implicit prerequisite `RCS/Makefile.global.lm'.
     Trying pattern rule with stem `Makefile.global.lm'.
     Trying implicit prerequisite `s.Makefile.global.lm'.
     Trying implicit prerequisite `SCCS/s.Makefile.l'.
    Trying pattern rule with stem `Makefile'.
    Trying implicit prerequisite `Makefile.y'.
    Looking for a rule with intermediate file `Makefile.y'.
     Avoiding implicit rule recursion.
     Avoiding implicit rule recursion.
     Avoiding implicit rule recursion.
     Trying pattern rule with stem `Makefile.y'.
     Trying implicit prerequisite `Makefile.y,v'.
     Trying pattern rule with stem `Makefile.y'.
     Trying implicit prerequisite `RCS/Makefile.y,v'.
     Trying pattern rule with stem `Makefile.y'.
     Trying implicit prerequisite `RCS/Makefile.y'.
     Trying pattern rule with stem `Makefile.global.lm'.
     Trying implicit prerequisite `SCCS/s.Makefile.global.lm'.
   Trying pattern rule with stem `Makefile.global'.
   Rejecting impossible implicit prerequisite `Makefile.global.r'.
   Trying pattern rule with stem `Makefile.global'.
   Trying implicit prerequisite `Makefile.global.s'.
   Looking for a rule with intermediate file `Makefile.global.s'.
    Avoiding implicit rule recursion.
    Avoiding implicit rule recursion.
    Trying pattern rule with stem `Makefile.global'.
    Trying implicit prerequisite `Makefile.global.S'.
    Trying pattern rule with stem `Makefile.global.s'.
    Trying implicit prerequisite `Makefile.global.s,v'.
    Trying pattern rule with stem `Makefile.global.s'.
    Trying implicit prerequisite `RCS/Makefile.global.s,v'.
    Trying pattern rule with stem `Makefile.global.s'.
    Trying implicit prerequisite `RCS/Makefile.global.s'.
    Trying pattern rule with stem `Makefile.global.s'.
    Trying implicit prerequisite `s.Makefile.global.s'.
    Trying pattern rule with stem `Makefile.global.s'.
    Trying implicit prerequisite `SCCS/s.Makefile.global.s'.
    Trying pattern rule with stem `Makefile.global'.
    Trying implicit prerequisite `Makefile.global.S'.
    Looking for a rule with intermediate file `Makefile.global.S'.
     Avoiding implicit rule recursion.
     Avoiding implicit rule recursion.
     Avoiding implicit rule recursion.
     Trying pattern rule with stem `Makefile.global.S'.
     Trying implicit prerequisite `Makefile.global.S,v'.
     Trying pattern rule with stem `Makefile.global.S'.
     Trying implicit prerequisite `RCS/Makefile.global.S,v'.
     Trying pattern rule with stem `Makefile.global.S'.
     Trying implicit prerequisite `RCS/Makefile.global.S'.
     Trying pattern rule with stem `Makefile.global.S'.
     Trying implicit prerequisite `s.Makefile.global.S'.
     Trying pattern rule with stem `Makefile.global.S'.
     Trying implicit prerequisite `SCCS/s.Makefile.global.S'.
   Trying pattern rule with stem `Makefile.global'.
   Rejecting impossible implicit prerequisite `Makefile.global.S'.
   Trying pattern rule with stem `Makefile.global'.
   Trying implicit prerequisite `Makefile.global.mod'.
   Looking for a rule with intermediate file `Makefile.global.mod'.
     Trying pattern rule with stem `Makefile.y'.
     Trying implicit prerequisite `s.Makefile.y'.
     Trying pattern rule with stem `Makefile.y'.
     Trying implicit prerequisite `SCCS/s.Makefile.y'.
    Trying pattern rule with stem `Makefile'.
    Trying implicit prerequisite `Makefile.w'.
    Looking for a rule with intermediate file `Makefile.w'.
     Avoiding implicit rule recursion.
     Avoiding implicit rule recursion.
     Avoiding implicit rule recursion.
     Trying pattern rule with stem `Makefile.w'.
     Trying implicit prerequisite `Makefile.w,v'.
     Trying pattern rule with stem `Makefile.w'.
    Avoiding implicit rule recursion.
    Avoiding implicit rule recursion.
    Trying pattern rule with stem `Makefile.global.mod'.
    Trying implicit prerequisite `Makefile.global.mod,v'.
    Trying pattern rule with stem `Makefile.global.mod'.
    Trying implicit prerequisite `RCS/Makefile.global.mod,v'.
    Trying pattern rule with stem `Makefile.global.mod'.
    Trying implicit prerequisite `RCS/Makefile.global.mod'.
    Trying pattern rule with stem `Makefile.global.mod'.
    Trying implicit prerequisite `s.Makefile.global.mod'.
    Trying pattern rule with stem `Makefile.global.mod'.
    Trying implicit prerequisite `SCCS/s.Makefile.global.mod'.
     Trying implicit prerequisite `RCS/Makefile.w,v'.
     Trying pattern rule with stem `Makefile.w'.
     Trying implicit prerequisite `RCS/Makefile.w'.
     Trying pattern rule with stem `Makefile.w'.
     Trying implicit prerequisite `s.Makefile.w'.
     Trying pattern rule with stem `Makefile.w'.
     Trying implicit prerequisite `SCCS/s.Makefile.w'.
    Trying pattern rule with stem `Makefile'.
    Rejecting impossible implicit prerequisite `Makefile.w'.
   Trying pattern rule with stem `Makefile'.
   Trying implicit prerequisite `Makefile.cc'.
   Looking for a rule with intermediate file `Makefile.cc'.
    Avoiding implicit rule recursion.
    Avoiding implicit rule recursion.
    Trying pattern rule with stem `Makefile.cc'.
    Trying implicit prerequisite `Makefile.cc,v'.
    Trying pattern rule with stem `Makefile.cc'.
    Trying implicit prerequisite `RCS/Makefile.cc,v'.
    Trying pattern rule with stem `Makefile.cc'.
    Trying implicit prerequisite `RCS/Makefile.cc'.
    Trying pattern rule with stem `Makefile.cc'.
    Trying implicit prerequisite `s.Makefile.cc'.
    Trying pattern rule with stem `Makefile.cc'.
    Trying implicit prerequisite `SCCS/s.Makefile.cc'.
   Trying pattern rule with stem `Makefile'.
   Trying implicit prerequisite `Makefile.C'.
   Looking for a rule with intermediate file `Makefile.C'.
    Avoiding implicit rule recursion.
    Avoiding implicit rule recursion.
    Trying pattern rule with stem `Makefile.C'.
  Trying pattern rule with stem `Makefile.global'.
  Rejecting impossible implicit prerequisite `Makefile.global.cc'.
  Trying pattern rule with stem `Makefile.global'.
  Rejecting impossible implicit prerequisite `Makefile.global.C'.
  Trying pattern rule with stem `Makefile.global'.
  Rejecting impossible implicit prerequisite `Makefile.global.cpp'.
  Trying pattern rule with stem `Makefile.global'.
  Rejecting impossible implicit prerequisite `Makefile.global.p'.
  Trying pattern rule with stem `Makefile.global'.
  Rejecting impossible implicit prerequisite `Makefile.global.f'.
  Trying pattern rule with stem `Makefile.global'.
  Rejecting impossible implicit prerequisite `Makefile.global.F'.
  Trying pattern rule with stem `Makefile.global'.
  Rejecting impossible implicit prerequisite `Makefile.global.m'.
  Trying pattern rule with stem `Makefile.global'.
  Rejecting impossible implicit prerequisite `Makefile.global.r'.
  Trying pattern rule with stem `Makefile.global'.
  Rejecting impossible implicit prerequisite `Makefile.global.s'.
  Trying pattern rule with stem `Makefile.global'.
  Rejecting impossible implicit prerequisite `Makefile.global.S'.
  Trying pattern rule with stem `Makefile.global'.
  Rejecting impossible implicit prerequisite `Makefile.global.mod'.
  Trying pattern rule with stem `Makefile.global'.
  Trying implicit prerequisite `Makefile.global.sh'.
  Looking for a rule with intermediate file `Makefile.global.sh'.
   Avoiding implicit rule recursion.
   Trying pattern rule with stem `Makefile.global.sh'.
   Trying implicit prerequisite `Makefile.global.sh,v'.
   Trying pattern rule with stem `Makefile.global.sh'.
   Trying implicit prerequisite `RCS/Makefile.global.sh,v'.
   Trying pattern rule with stem `Makefile.global.sh'.
   Trying implicit prerequisite `RCS/Makefile.global.sh'.
   Trying pattern rule with stem `Makefile.global.sh'.
   Trying implicit prerequisite `s.Makefile.global.sh'.
   Trying pattern rule with stem `Makefile.global.sh'.
   Trying implicit prerequisite `SCCS/s.Makefile.global.sh'.
  No implicit rule found for `Makefile.global'.
  Finished prerequisites of target file `Makefile.global'.
 No need to remake target `Makefile.global'.
 Considering target file `Makefile'.
  Looking for an implicit rule for `Makefile'.
  Trying pattern rule with stem `Makefile'.
  Trying implicit prerequisite `Makefile.o'.
  Trying pattern rule with stem `Makefile'.
  Trying implicit prerequisite `Makefile.cc'.
    Trying implicit prerequisite `Makefile.C,v'.
    Trying pattern rule with stem `Makefile.C'.
    Trying implicit prerequisite `RCS/Makefile.C,v'.
    Trying pattern rule with stem `Makefile.C'.
    Trying implicit prerequisite `RCS/Makefile.C'.
    Trying pattern rule with stem `Makefile.C'.
    Trying implicit prerequisite `s.Makefile.C'.
    Trying pattern rule with stem `Makefile.C'.
    Trying implicit prerequisite `SCCS/s.Makefile.C'.
   Trying pattern rule with stem `Makefile'.
   Trying implicit prerequisite `Makefile.cpp'.
   Looking for a rule with intermediate file `Makefile.cpp'.
    Avoiding implicit rule recursion.
  Trying pattern rule with stem `Makefile'.
  Trying implicit prerequisite `Makefile.C'.
  Trying pattern rule with stem `Makefile'.
  Trying implicit prerequisite `Makefile.cpp'.
  Trying pattern rule with stem `Makefile'.
  Trying implicit prerequisite `Makefile.p'.
  Trying pattern rule with stem `Makefile'.
  Trying implicit prerequisite `Makefile.f'.
  Trying pattern rule with stem `Makefile'.
  Trying implicit prerequisite `Makefile.F'.
  Trying pattern rule with stem `Makefile'.
  Trying implicit prerequisite `Makefile.m'.
  Trying pattern rule with stem `Makefile'.
    Avoiding implicit rule recursion.
    Trying pattern rule with stem `Makefile.cpp'.
    Trying implicit prerequisite `Makefile.cpp,v'.
    Trying pattern rule with stem `Makefile.cpp'.
    Trying implicit prerequisite `RCS/Makefile.cpp,v'.
    Trying pattern rule with stem `Makefile.cpp'.
    Trying implicit prerequisite `RCS/Makefile.cpp'.
    Trying pattern rule with stem `Makefile.cpp'.
    Trying implicit prerequisite `s.Makefile.cpp'.
    Trying pattern rule with stem `Makefile.cpp'.
    Trying implicit prerequisite `SCCS/s.Makefile.cpp'.
   Trying pattern rule with stem `Makefile'.
   Trying implicit prerequisite `Makefile.p'.
   Looking for a rule with intermediate file `Makefile.p'.
    Avoiding implicit rule recursion.
    Avoiding implicit rule recursion.
    Trying pattern rule with stem `Makefile'.
    Trying implicit prerequisite `Makefile.web'.
    Trying pattern rule with stem `Makefile.p'.
    Trying implicit prerequisite `Makefile.p,v'.
    Trying pattern rule with stem `Makefile.p'.
    Trying implicit prerequisite `RCS/Makefile.p,v'.
    Trying pattern rule with stem `Makefile.p'.
    Trying implicit prerequisite `RCS/Makefile.p'.
    Trying pattern rule with stem `Makefile.p'.
    Trying implicit prerequisite `s.Makefile.p'.
    Trying pattern rule with stem `Makefile.p'.
    Trying implicit prerequisite `SCCS/s.Makefile.p'.
    Trying pattern rule with stem `Makefile'.
    Trying implicit prerequisite `Makefile.web'.
    Looking for a rule with intermediate file `Makefile.web'.
     Avoiding implicit rule recursion.
     Avoiding implicit rule recursion.
     Avoiding implicit rule recursion.
     Trying pattern rule with stem `Makefile.web'.
     Trying implicit prerequisite `Makefile.web,v'.
     Trying pattern rule with stem `Makefile.web'.
     Trying implicit prerequisite `RCS/Makefile.web,v'.
     Trying pattern rule with stem `Makefile.web'.
     Trying implicit prerequisite `RCS/Makefile.web'.
     Trying pattern rule with stem `Makefile.web'.
     Trying implicit prerequisite `s.Makefile.web'.
     Trying pattern rule with stem `Makefile.web'.
     Trying implicit prerequisite `SCCS/s.Makefile.web'.
   Trying pattern rule with stem `Makefile'.
   Trying implicit prerequisite `Makefile.f'.
   Looking for a rule with intermediate file `Makefile.f'.
    Avoiding implicit rule recursion.
    Avoiding implicit rule recursion.
    Trying pattern rule with stem `Makefile'.
    Trying implicit prerequisite `Makefile.F'.
    Trying pattern rule with stem `Makefile'.
    Trying implicit prerequisite `Makefile.r'.
    Trying pattern rule with stem `Makefile.f'.
    Trying implicit prerequisite `Makefile.f,v'.
    Trying pattern rule with stem `Makefile.f'.
    Trying implicit prerequisite `RCS/Makefile.f,v'.
    Trying pattern rule with stem `Makefile.f'.
    Trying implicit prerequisite `RCS/Makefile.f'.
    Trying pattern rule with stem `Makefile.f'.
    Trying implicit prerequisite `s.Makefile.f'.
    Trying pattern rule with stem `Makefile.f'.
    Trying implicit prerequisite `SCCS/s.Makefile.f'.
  Trying implicit prerequisite `Makefile.r'.
  Trying pattern rule with stem `Makefile'.
  Trying implicit prerequisite `Makefile.s'.
  Trying pattern rule with stem `Makefile'.
  Trying implicit prerequisite `Makefile.S'.
  Trying pattern rule with stem `Makefile'.
  Trying implicit prerequisite `Makefile.mod'.
  Trying pattern rule with stem `Makefile'.
  Trying implicit prerequisite `Makefile.sh'.
  Trying pattern rule with stem `Makefile'.
  Trying implicit prerequisite `Makefile,v'.
  Trying pattern rule with stem `Makefile'.
  Trying implicit prerequisite `RCS/Makefile,v'.
  Trying pattern rule with stem `Makefile'.
  Trying implicit prerequisite `RCS/Makefile'.
  Trying pattern rule with stem `Makefile'.
  Trying implicit prerequisite `s.Makefile'.
  Trying pattern rule with stem `Makefile'.
  Trying implicit prerequisite `SCCS/s.Makefile'.
  Trying pattern rule with stem `Makefile'.
  Trying implicit prerequisite `Makefile.o'.
  Looking for a rule with intermediate file `Makefile.o'.
   Avoiding implicit rule recursion.
   Trying pattern rule with stem `Makefile'.
   Trying implicit prerequisite `Makefile.c'.
   Trying pattern rule with stem `Makefile'.
   Trying implicit prerequisite `Makefile.cc'.
   Trying pattern rule with stem `Makefile'.
   Trying implicit prerequisite `Makefile.C'.
   Trying pattern rule with stem `Makefile'.
   Trying implicit prerequisite `Makefile.cpp'.
   Trying pattern rule with stem `Makefile'.
   Trying implicit prerequisite `Makefile.p'.
   Trying pattern rule with stem `Makefile'.
   Trying implicit prerequisite `Makefile.f'.
   Trying pattern rule with stem `Makefile'.
   Trying implicit prerequisite `Makefile.F'.
   Trying pattern rule with stem `Makefile'.
   Trying implicit prerequisite `Makefile.m'.
   Trying pattern rule with stem `Makefile'.
   Trying implicit prerequisite `Makefile.r'.
   Trying pattern rule with stem `Makefile'.
   Trying implicit prerequisite `Makefile.s'.
   Trying pattern rule with stem `Makefile'.
   Trying implicit prerequisite `Makefile.S'.
   Trying pattern rule with stem `Makefile'.
   Trying implicit prerequisite `Makefile.mod'.
   Trying pattern rule with stem `Makefile.o'.
   Trying implicit prerequisite `Makefile.o,v'.
   Trying pattern rule with stem `Makefile.o'.
    Trying pattern rule with stem `Makefile'.
    Trying implicit prerequisite `Makefile.F'.
    Looking for a rule with intermediate file `Makefile.F'.
     Avoiding implicit rule recursion.
     Avoiding implicit rule recursion.
     Avoiding implicit rule recursion.
     Trying pattern rule with stem `Makefile.F'.
     Trying implicit prerequisite `Makefile.F,v'.
     Trying pattern rule with stem `Makefile.F'.
     Trying implicit prerequisite `RCS/Makefile.F,v'.
     Trying pattern rule with stem `Makefile.F'.
     Trying implicit prerequisite `RCS/Makefile.F'.
     Trying pattern rule with stem `Makefile.F'.
     Trying implicit prerequisite `s.Makefile.F'.
     Trying pattern rule with stem `Makefile.F'.
     Trying implicit prerequisite `SCCS/s.Makefile.F'.
    Trying pattern rule with stem `Makefile'.
   Trying implicit prerequisite `RCS/Makefile.o,v'.
   Trying pattern rule with stem `Makefile.o'.
   Trying implicit prerequisite `RCS/Makefile.o'.
   Trying pattern rule with stem `Makefile.o'.
   Trying implicit prerequisite `s.Makefile.o'.
   Trying pattern rule with stem `Makefile.o'.
   Trying implicit prerequisite `SCCS/s.Makefile.o'.
   Trying pattern rule with stem `Makefile'.
   Trying implicit prerequisite `Makefile.c'.
   Looking for a rule with intermediate file `Makefile.c'.
    Avoiding implicit rule recursion.
    Avoiding implicit rule recursion.
    Trying pattern rule with stem `Makefile'.
    Trying implicit prerequisite `Makefile.r'.
    Looking for a rule with intermediate file `Makefile.r'.
     Avoiding implicit rule recursion.
     Avoiding implicit rule recursion.
     Avoiding implicit rule recursion.
     Trying pattern rule with stem `Makefile'.
     Rejecting impossible implicit prerequisite `Makefile.l'.
     Trying pattern rule with stem `Makefile.r'.
     Trying implicit prerequisite `Makefile.r,v'.
     Trying pattern rule with stem `Makefile.r'.
     Trying implicit prerequisite `RCS/Makefile.r,v'.
     Trying pattern rule with stem `Makefile.r'.
     Trying implicit prerequisite `RCS/Makefile.r'.
     Trying pattern rule with stem `Makefile.r'.
    Trying implicit prerequisite `Makefile.l'.
    Trying pattern rule with stem `Makefile'.
    Trying implicit prerequisite `Makefile.y'.
    Trying pattern rule with stem `Makefile'.
    Trying implicit prerequisite `Makefile.w'.
    Trying pattern rule with stem `Makefile'.
    Trying implicit prerequisite `Makefile.w'.
    Trying pattern rule with stem `Makefile.c'.
    Trying implicit prerequisite `Makefile.c,v'.
    Trying pattern rule with stem `Makefile.c'.
    Trying implicit prerequisite `RCS/Makefile.c,v'.
    Trying pattern rule with stem `Makefile.c'.
    Trying implicit prerequisite `RCS/Makefile.c'.
    Trying pattern rule with stem `Makefile.c'.
    Trying implicit prerequisite `s.Makefile.c'.
    Trying pattern rule with stem `Makefile.c'.
    Trying implicit prerequisite `SCCS/s.Makefile.c'.
    Trying pattern rule with stem `Makefile'.
    Trying implicit prerequisite `Makefile.l'.
    Looking for a rule with intermediate file `Makefile.l'.
     Avoiding implicit rule recursion.
     Avoiding implicit rule recursion.
     Avoiding implicit rule recursion.
     Trying pattern rule with stem `Makefile.l'.
     Trying implicit prerequisite `Makefile.l,v'.
     Trying pattern rule with stem `Makefile.l'.
     Trying implicit prerequisite `RCS/Makefile.l,v'.
     Trying pattern rule with stem `Makefile.l'.
     Trying implicit prerequisite `RCS/Makefile.l'.
     Trying pattern rule with stem `Makefile.l'.
     Trying implicit prerequisite `s.Makefile.l'.
     Trying pattern rule with stem `Makefile.l'.
     Trying implicit prerequisite `SCCS/s.Makefile.l'.
    Trying pattern rule with stem `Makefile'.
    Trying implicit prerequisite `Makefile.y'.
    Looking for a rule with intermediate file `Makefile.y'.
     Avoiding implicit rule recursion.
     Avoiding implicit rule recursion.
     Avoiding implicit rule recursion.
     Trying pattern rule with stem `Makefile.y'.
     Trying implicit prerequisite `Makefile.y,v'.
     Trying pattern rule with stem `Makefile.y'.
     Trying implicit prerequisite `s.Makefile.r'.
     Trying pattern rule with stem `Makefile.r'.
     Trying implicit prerequisite `SCCS/s.Makefile.r'.
   Trying pattern rule with stem `Makefile'.
   Rejecting impossible implicit prerequisite `Makefile.F'.
   Trying pattern rule with stem `Makefile'.
   Trying implicit prerequisite `Makefile.m'.
   Looking for a rule with intermediate file `Makefile.m'.
    Avoiding implicit rule recursion.
    Avoiding implicit rule recursion.
    Trying pattern rule with stem `Makefile'.
    Trying implicit prerequisite `Makefile.ym'.
    Trying pattern rule with stem `Makefile'.
     Trying implicit prerequisite `RCS/Makefile.y,v'.
     Trying pattern rule with stem `Makefile.y'.
     Trying implicit prerequisite `RCS/Makefile.y'.
     Trying pattern rule with stem `Makefile.y'.
     Trying implicit prerequisite `s.Makefile.y'.
     Trying pattern rule with stem `Makefile.y'.
     Trying implicit prerequisite `SCCS/s.Makefile.y'.
    Trying pattern rule with stem `Makefile'.
    Trying implicit prerequisite `Makefile.w'.
    Looking for a rule with intermediate file `Makefile.w'.
     Avoiding implicit rule recursion.
     Avoiding implicit rule recursion.
     Avoiding implicit rule recursion.
     Trying pattern rule with stem `Makefile.w'.
     Trying implicit prerequisite `Makefile.w,v'.
     Trying pattern rule with stem `Makefile.w'.
     Trying implicit prerequisite `RCS/Makefile.w,v'.
     Trying pattern rule with stem `Makefile.w'.
     Trying implicit prerequisite `RCS/Makefile.w'.
     Trying pattern rule with stem `Makefile.w'.
     Trying implicit prerequisite `s.Makefile.w'.
     Trying pattern rule with stem `Makefile.w'.
     Trying implicit prerequisite `SCCS/s.Makefile.w'.
    Trying pattern rule with stem `Makefile'.
    Rejecting impossible implicit prerequisite `Makefile.w'.
   Trying pattern rule with stem `Makefile'.
   Trying implicit prerequisite `Makefile.cc'.
   Looking for a rule with intermediate file `Makefile.cc'.
    Avoiding implicit rule recursion.
    Avoiding implicit rule recursion.
    Trying implicit prerequisite `Makefile.lm'.
    Trying pattern rule with stem `Makefile.m'.
    Trying implicit prerequisite `Makefile.m,v'.
    Trying pattern rule with stem `Makefile.m'.
    Trying implicit prerequisite `RCS/Makefile.m,v'.
    Trying pattern rule with stem `Makefile.m'.
    Trying implicit prerequisite `RCS/Makefile.m'.
    Trying pattern rule with stem `Makefile.m'.
    Trying implicit prerequisite `s.Makefile.m'.
    Trying pattern rule with stem `Makefile.m'.
    Trying implicit prerequisite `SCCS/s.Makefile.m'.
    Trying pattern rule with stem `Makefile'.
    Trying implicit prerequisite `Makefile.ym'.
    Trying pattern rule with stem `Makefile.cc'.
    Trying implicit prerequisite `Makefile.cc,v'.
    Trying pattern rule with stem `Makefile.cc'.
    Trying implicit prerequisite `RCS/Makefile.cc,v'.
    Trying pattern rule with stem `Makefile.cc'.
    Trying implicit prerequisite `RCS/Makefile.cc'.
    Trying pattern rule with stem `Makefile.cc'.
    Trying implicit prerequisite `s.Makefile.cc'.
    Trying pattern rule with stem `Makefile.cc'.
    Trying implicit prerequisite `SCCS/s.Makefile.cc'.
   Trying pattern rule with stem `Makefile'.
   Trying implicit prerequisite `Makefile.C'.
   Looking for a rule with intermediate file `Makefile.C'.
    Avoiding implicit rule recursion.
    Avoiding implicit rule recursion.
    Trying pattern rule with stem `Makefile.C'.
    Trying implicit prerequisite `Makefile.C,v'.
    Trying pattern rule with stem `Makefile.C'.
    Trying implicit prerequisite `RCS/Makefile.C,v'.
    Trying pattern rule with stem `Makefile.C'.
    Trying implicit prerequisite `RCS/Makefile.C'.
    Trying pattern rule with stem `Makefile.C'.
    Trying implicit prerequisite `s.Makefile.C'.
    Trying pattern rule with stem `Makefile.C'.
    Trying implicit prerequisite `SCCS/s.Makefile.C'.
   Trying pattern rule with stem `Makefile'.
   Trying implicit prerequisite `Makefile.cpp'.
    Looking for a rule with intermediate file `Makefile.ym'.
     Avoiding implicit rule recursion.
     Avoiding implicit rule recursion.
     Avoiding implicit rule recursion.
     Trying pattern rule with stem `Makefile.ym'.
     Trying implicit prerequisite `Makefile.ym,v'.
     Trying pattern rule with stem `Makefile.ym'.
     Trying implicit prerequisite `RCS/Makefile.ym,v'.
     Trying pattern rule with stem `Makefile.ym'.
     Trying implicit prerequisite `RCS/Makefile.ym'.
     Trying pattern rule with stem `Makefile.ym'.
     Trying implicit prerequisite `s.Makefile.ym'.
     Trying pattern rule with stem `Makefile.ym'.
   Looking for a rule with intermediate file `Makefile.cpp'.
    Avoiding implicit rule recursion.
    Avoiding implicit rule recursion.
    Trying pattern rule with stem `Makefile.cpp'.
    Trying implicit prerequisite `Makefile.cpp,v'.
    Trying pattern rule with stem `Makefile.cpp'.
    Trying implicit prerequisite `RCS/Makefile.cpp,v'.
    Trying pattern rule with stem `Makefile.cpp'.
    Trying implicit prerequisite `RCS/Makefile.cpp'.
    Trying pattern rule with stem `Makefile.cpp'.
    Trying implicit prerequisite `s.Makefile.cpp'.
    Trying pattern rule with stem `Makefile.cpp'.
    Trying implicit prerequisite `SCCS/s.Makefile.cpp'.
     Trying implicit prerequisite `SCCS/s.Makefile.ym'.
    Trying pattern rule with stem `Makefile'.
    Trying implicit prerequisite `Makefile.lm'.
    Looking for a rule with intermediate file `Makefile.lm'.
     Avoiding implicit rule recursion.
     Avoiding implicit rule recursion.
     Avoiding implicit rule recursion.
     Trying pattern rule with stem `Makefile.lm'.
     Trying implicit prerequisite `Makefile.lm,v'.
     Trying pattern rule with stem `Makefile.lm'.
     Trying implicit prerequisite `RCS/Makefile.lm,v'.
     Trying pattern rule with stem `Makefile.lm'.
     Trying implicit prerequisite `RCS/Makefile.lm'.
     Trying pattern rule with stem `Makefile.lm'.
     Trying implicit prerequisite `s.Makefile.lm'.
     Trying pattern rule with stem `Makefile.lm'.
     Trying implicit prerequisite `SCCS/s.Makefile.lm'.
   Trying pattern rule with stem `Makefile'.
   Rejecting impossible implicit prerequisite `Makefile.r'.
   Trying pattern rule with stem `Makefile'.
   Trying implicit prerequisite `Makefile.s'.
   Looking for a rule with intermediate file `Makefile.s'.
    Avoiding implicit rule recursion.
    Avoiding implicit rule recursion.
    Trying pattern rule with stem `Makefile'.
    Trying implicit prerequisite `Makefile.S'.
    Trying pattern rule with stem `Makefile.s'.
   Trying pattern rule with stem `Makefile'.
   Trying implicit prerequisite `Makefile.p'.
   Looking for a rule with intermediate file `Makefile.p'.
    Avoiding implicit rule recursion.
    Avoiding implicit rule recursion.
    Trying pattern rule with stem `Makefile'.
    Trying implicit prerequisite `Makefile.web'.
    Trying pattern rule with stem `Makefile.p'.
    Trying implicit prerequisite `Makefile.p,v'.
    Trying pattern rule with stem `Makefile.p'.
    Trying implicit prerequisite `RCS/Makefile.p,v'.
    Trying pattern rule with stem `Makefile.p'.
    Trying implicit prerequisite `RCS/Makefile.p'.
    Trying pattern rule with stem `Makefile.p'.
    Trying implicit prerequisite `s.Makefile.p'.
    Trying pattern rule with stem `Makefile.p'.
    Trying implicit prerequisite `SCCS/s.Makefile.p'.
    Trying pattern rule with stem `Makefile'.
    Trying implicit prerequisite `Makefile.web'.
    Looking for a rule with intermediate file `Makefile.web'.
     Avoiding implicit rule recursion.
     Avoiding implicit rule recursion.
     Avoiding implicit rule recursion.
     Trying pattern rule with stem `Makefile.web'.
     Trying implicit prerequisite `Makefile.web,v'.
     Trying pattern rule with stem `Makefile.web'.
     Trying implicit prerequisite `RCS/Makefile.web,v'.
     Trying pattern rule with stem `Makefile.web'.
     Trying implicit prerequisite `RCS/Makefile.web'.
     Trying pattern rule with stem `Makefile.web'.
     Trying implicit prerequisite `s.Makefile.web'.
     Trying pattern rule with stem `Makefile.web'.
     Trying implicit prerequisite `SCCS/s.Makefile.web'.
   Trying pattern rule with stem `Makefile'.
   Trying implicit prerequisite `Makefile.f'.
   Looking for a rule with intermediate file `Makefile.f'.
    Avoiding implicit rule recursion.
    Avoiding implicit rule recursion.
    Trying pattern rule with stem `Makefile'.
    Trying implicit prerequisite `Makefile.F'.
    Trying pattern rule with stem `Makefile'.
    Trying implicit prerequisite `Makefile.r'.
    Trying pattern rule with stem `Makefile.f'.
    Trying implicit prerequisite `Makefile.f,v'.
    Trying pattern rule with stem `Makefile.f'.
    Trying implicit prerequisite `RCS/Makefile.f,v'.
    Trying pattern rule with stem `Makefile.f'.
    Trying implicit prerequisite `RCS/Makefile.f'.
    Trying pattern rule with stem `Makefile.f'.
    Trying implicit prerequisite `s.Makefile.f'.
    Trying pattern rule with stem `Makefile.f'.
    Trying implicit prerequisite `SCCS/s.Makefile.f'.
    Trying pattern rule with stem `Makefile'.
    Trying implicit prerequisite `Makefile.F'.
    Looking for a rule with intermediate file `Makefile.F'.
     Avoiding implicit rule recursion.
     Avoiding implicit rule recursion.
     Avoiding implicit rule recursion.
     Trying pattern rule with stem `Makefile.F'.
     Trying implicit prerequisite `Makefile.F,v'.
     Trying pattern rule with stem `Makefile.F'.
     Trying implicit prerequisite `RCS/Makefile.F,v'.
     Trying pattern rule with stem `Makefile.F'.
     Trying implicit prerequisite `RCS/Makefile.F'.
     Trying pattern rule with stem `Makefile.F'.
     Trying implicit prerequisite `s.Makefile.F'.
     Trying pattern rule with stem `Makefile.F'.
     Trying implicit prerequisite `SCCS/s.Makefile.F'.
    Trying pattern rule with stem `Makefile'.
    Trying implicit prerequisite `Makefile.r'.
    Looking for a rule with intermediate file `Makefile.r'.
     Avoiding implicit rule recursion.
     Avoiding implicit rule recursion.
     Avoiding implicit rule recursion.
     Trying pattern rule with stem `Makefile'.
     Rejecting impossible implicit prerequisite `Makefile.l'.
     Trying pattern rule with stem `Makefile.r'.
     Trying implicit prerequisite `Makefile.r,v'.
     Trying pattern rule with stem `Makefile.r'.
     Trying implicit prerequisite `RCS/Makefile.r,v'.
     Trying pattern rule with stem `Makefile.r'.
     Trying implicit prerequisite `RCS/Makefile.r'.
     Trying pattern rule with stem `Makefile.r'.
     Trying implicit prerequisite `s.Makefile.r'.
     Trying pattern rule with stem `Makefile.r'.
     Trying implicit prerequisite `SCCS/s.Makefile.r'.
   Trying pattern rule with stem `Makefile'.
   Rejecting impossible implicit prerequisite `Makefile.F'.
    Trying implicit prerequisite `Makefile.s,v'.
    Trying pattern rule with stem `Makefile.s'.
    Trying implicit prerequisite `RCS/Makefile.s,v'.
    Trying pattern rule with stem `Makefile.s'.
    Trying implicit prerequisite `RCS/Makefile.s'.
    Trying pattern rule with stem `Makefile.s'.
    Trying implicit prerequisite `s.Makefile.s'.
    Trying pattern rule with stem `Makefile.s'.
    Trying implicit prerequisite `SCCS/s.Makefile.s'.
    Trying pattern rule with stem `Makefile'.
    Trying implicit prerequisite `Makefile.S'.
    Looking for a rule with intermediate file `Makefile.S'.
     Avoiding implicit rule recursion.
     Avoiding implicit rule recursion.
     Avoiding implicit rule recursion.
     Trying pattern rule with stem `Makefile.S'.
     Trying implicit prerequisite `Makefile.S,v'.
     Trying pattern rule with stem `Makefile.S'.
     Trying implicit prerequisite `RCS/Makefile.S,v'.
     Trying pattern rule with stem `Makefile.S'.
     Trying implicit prerequisite `RCS/Makefile.S'.
     Trying pattern rule with stem `Makefile.S'.
     Trying implicit prerequisite `s.Makefile.S'.
     Trying pattern rule with stem `Makefile.S'.
     Trying implicit prerequisite `SCCS/s.Makefile.S'.
   Trying pattern rule with stem `Makefile'.
   Rejecting impossible implicit prerequisite `Makefile.S'.
   Trying pattern rule with stem `Makefile'.
   Trying implicit prerequisite `Makefile.m'.
   Looking for a rule with intermediate file `Makefile.m'.
    Avoiding implicit rule recursion.
    Avoiding implicit rule recursion.
    Trying pattern rule with stem `Makefile'.
    Trying implicit prerequisite `Makefile.ym'.
    Trying pattern rule with stem `Makefile'.
    Trying implicit prerequisite `Makefile.lm'.
    Trying pattern rule with stem `Makefile.m'.
    Trying implicit prerequisite `Makefile.m,v'.
    Trying pattern rule with stem `Makefile.m'.
    Trying implicit prerequisite `RCS/Makefile.m,v'.
   Trying pattern rule with stem `Makefile'.
   Trying implicit prerequisite `Makefile.mod'.
   Looking for a rule with intermediate file `Makefile.mod'.
    Avoiding implicit rule recursion.
    Avoiding implicit rule recursion.
    Trying pattern rule with stem `Makefile.mod'.
    Trying implicit prerequisite `Makefile.mod,v'.
    Trying pattern rule with stem `Makefile.mod'.
    Trying implicit prerequisite `RCS/Makefile.mod,v'.
    Trying pattern rule with stem `Makefile.mod'.
    Trying implicit prerequisite `RCS/Makefile.mod'.
    Trying pattern rule with stem `Makefile.mod'.
    Trying implicit prerequisite `s.Makefile.mod'.
    Trying pattern rule with stem `Makefile.m'.
    Trying implicit prerequisite `RCS/Makefile.m'.
    Trying pattern rule with stem `Makefile.m'.
    Trying implicit prerequisite `s.Makefile.m'.
    Trying pattern rule with stem `Makefile.m'.
    Trying implicit prerequisite `SCCS/s.Makefile.m'.
    Trying pattern rule with stem `Makefile'.
    Trying implicit prerequisite `Makefile.ym'.
    Looking for a rule with intermediate file `Makefile.ym'.
     Avoiding implicit rule recursion.
     Avoiding implicit rule recursion.
     Avoiding implicit rule recursion.
     Trying pattern rule with stem `Makefile.ym'.
    Trying pattern rule with stem `Makefile.mod'.
    Trying implicit prerequisite `SCCS/s.Makefile.mod'.
  Trying pattern rule with stem `Makefile'.
  Rejecting impossible implicit prerequisite `Makefile.cc'.
  Trying pattern rule with stem `Makefile'.
  Rejecting impossible implicit prerequisite `Makefile.C'.
  Trying pattern rule with stem `Makefile'.
  Rejecting impossible implicit prerequisite `Makefile.cpp'.
  Trying pattern rule with stem `Makefile'.
  Rejecting impossible implicit prerequisite `Makefile.p'.
  Trying pattern rule with stem `Makefile'.
  Rejecting impossible implicit prerequisite `Makefile.f'.
  Trying pattern rule with stem `Makefile'.
  Rejecting impossible implicit prerequisite `Makefile.F'.
  Trying pattern rule with stem `Makefile'.
  Rejecting impossible implicit prerequisite `Makefile.m'.
  Trying pattern rule with stem `Makefile'.
  Rejecting impossible implicit prerequisite `Makefile.r'.
  Trying pattern rule with stem `Makefile'.
  Rejecting impossible implicit prerequisite `Makefile.s'.
  Trying pattern rule with stem `Makefile'.
  Rejecting impossible implicit prerequisite `Makefile.S'.
  Trying pattern rule with stem `Makefile'.
  Rejecting impossible implicit prerequisite `Makefile.mod'.
  Trying pattern rule with stem `Makefile'.
  Trying implicit prerequisite `Makefile.sh'.
  Looking for a rule with intermediate file `Makefile.sh'.
   Avoiding implicit rule recursion.
   Trying pattern rule with stem `Makefile.sh'.
   Trying implicit prerequisite `Makefile.sh,v'.
   Trying pattern rule with stem `Makefile.sh'.
   Trying implicit prerequisite `RCS/Makefile.sh,v'.
   Trying pattern rule with stem `Makefile.sh'.
   Trying implicit prerequisite `RCS/Makefile.sh'.
   Trying pattern rule with stem `Makefile.sh'.
   Trying implicit prerequisite `s.Makefile.sh'.
   Trying pattern rule with stem `Makefile.sh'.
   Trying implicit prerequisite `SCCS/s.Makefile.sh'.
  No implicit rule found for `Makefile'.
  Finished prerequisites of target file `Makefile'.
 No need to remake target `Makefile'.
Updating goal targets....
Considering target file `all'.
 File `all' does not exist.
  Considering target file `submake-generated-headers'.
   File `submake-generated-headers' does not exist.
   Finished prerequisites of target file `submake-generated-headers'.
  Must remake target `submake-generated-headers'.
  Successfully remade target file `submake-generated-headers'.
 Pruning file `submake-generated-headers'.
 Finished prerequisites of target file `all'.
Must remake target `all'.
Successfully remade target file `all'.
make[1]: Nothing to be done for `all'.
     Trying implicit prerequisite `Makefile.ym,v'.
     Trying pattern rule with stem `Makefile.ym'.
     Trying implicit prerequisite `RCS/Makefile.ym,v'.
     Trying pattern rule with stem `Makefile.ym'.
     Trying implicit prerequisite `RCS/Makefile.ym'.
     Trying pattern rule with stem `Makefile.ym'.
     Trying implicit prerequisite `s.Makefile.ym'.
     Trying pattern rule with stem `Makefile.ym'.
     Trying implicit prerequisite `SCCS/s.Makefile.ym'.
    Trying pattern rule with stem `Makefile'.
    Trying implicit prerequisite `Makefile.lm'.
    Looking for a rule with intermediate file `Makefile.lm'.
     Avoiding implicit rule recursion.
     Avoiding implicit rule recursion.
     Avoiding implicit rule recursion.
     Trying pattern rule with stem `Makefile.lm'.
     Trying implicit prerequisite `Makefile.lm,v'.
     Trying pattern rule with stem `Makefile.lm'.
     Trying implicit prerequisite `RCS/Makefile.lm,v'.
     Trying pattern rule with stem `Makefile.lm'.
     Trying implicit prerequisite `RCS/Makefile.lm'.
     Trying pattern rule with stem `Makefile.lm'.
     Trying implicit prerequisite `s.Makefile.lm'.
     Trying pattern rule with stem `Makefile.lm'.
     Trying implicit prerequisite `SCCS/s.Makefile.lm'.
   Trying pattern rule with stem `Makefile'.
   Rejecting impossible implicit prerequisite `Makefile.r'.
   Trying pattern rule with stem `Makefile'.
   Trying implicit prerequisite `Makefile.s'.
   Looking for a rule with intermediate file `Makefile.s'.
    Avoiding implicit rule recursion.
    Avoiding implicit rule recursion.
    Trying pattern rule with stem `Makefile'.
    Trying implicit prerequisite `Makefile.S'.
    Trying pattern rule with stem `Makefile.s'.
    Trying implicit prerequisite `Makefile.s,v'.
    Trying pattern rule with stem `Makefile.s'.
    Trying implicit prerequisite `RCS/Makefile.s,v'.
    Trying pattern rule with stem `Makefile.s'.
    Trying implicit prerequisite `RCS/Makefile.s'.
Reaping winning child 0x14c6280d0 PID 93859 
Removing child 0x14c6280d0 PID 93859 from chain.
Released token for child 0x14c6280d0 (all-config-recurse).
Live child 0x14c6268b0 (all-src-recurse) PID 93858 
Considering target file `all'.
 File `all' does not exist.
  Considering target file `submake-generated-headers'.
  File `submake-generated-headers' was considered already.
  Considering target file `all-src-recurse'.
  Still updating file `all-src-recurse'.
  Considering target file `all-config-recurse'.
  File `all-config-recurse' was considered already.
 Pruning file `submake-generated-headers'.
 Pruning file `all-src-recurse'.
 Pruning file `all-config-recurse'.
 Finished prerequisites of target file `all'.
The prerequisites of `all' are being made.
Live child 0x14c6268b0 (all-src-recurse) PID 93858 
    Trying pattern rule with stem `Makefile.s'.
    Trying implicit prerequisite `s.Makefile.s'.
    Trying pattern rule with stem `Makefile.s'.
    Trying implicit prerequisite `SCCS/s.Makefile.s'.
    Trying pattern rule with stem `Makefile'.
    Trying implicit prerequisite `Makefile.S'.
    Looking for a rule with intermediate file `Makefile.S'.
     Avoiding implicit rule recursion.
     Avoiding implicit rule recursion.
     Avoiding implicit rule recursion.
     Trying pattern rule with stem `Makefile.S'.
     Trying implicit prerequisite `Makefile.S,v'.
     Trying pattern rule with stem `Makefile.S'.
     Trying implicit prerequisite `RCS/Makefile.S,v'.
     Trying pattern rule with stem `Makefile.S'.
     Trying implicit prerequisite `RCS/Makefile.S'.
     Trying pattern rule with stem `Makefile.S'.
     Trying implicit prerequisite `s.Makefile.S'.
     Trying pattern rule with stem `Makefile.S'.
     Trying implicit prerequisite `SCCS/s.Makefile.S'.
   Trying pattern rule with stem `Makefile'.
   Rejecting impossible implicit prerequisite `Makefile.S'.
   Trying pattern rule with stem `Makefile'.
   Trying implicit prerequisite `Makefile.mod'.
   Looking for a rule with intermediate file `Makefile.mod'.
    Avoiding implicit rule recursion.
    Avoiding implicit rule recursion.
    Trying pattern rule with stem `Makefile.mod'.
    Trying implicit prerequisite `Makefile.mod,v'.
    Trying pattern rule with stem `Makefile.mod'.
    Trying implicit prerequisite `RCS/Makefile.mod,v'.
    Trying pattern rule with stem `Makefile.mod'.
    Trying implicit prerequisite `RCS/Makefile.mod'.
    Trying pattern rule with stem `Makefile.mod'.
    Trying implicit prerequisite `s.Makefile.mod'.
    Trying pattern rule with stem `Makefile.mod'.
    Trying implicit prerequisite `SCCS/s.Makefile.mod'.
  Trying pattern rule with stem `Makefile'.
  Rejecting impossible implicit prerequisite `Makefile.cc'.
  Trying pattern rule with stem `Makefile'.
  Rejecting impossible implicit prerequisite `Makefile.C'.
  Trying pattern rule with stem `Makefile'.
  Rejecting impossible implicit prerequisite `Makefile.cpp'.
  Trying pattern rule with stem `Makefile'.
  Rejecting impossible implicit prerequisite `Makefile.p'.
  Trying pattern rule with stem `Makefile'.
  Rejecting impossible implicit prerequisite `Makefile.f'.
  Trying pattern rule with stem `Makefile'.
  Rejecting impossible implicit prerequisite `Makefile.F'.
  Trying pattern rule with stem `Makefile'.
  Rejecting impossible implicit prerequisite `Makefile.m'.
  Trying pattern rule with stem `Makefile'.
  Rejecting impossible implicit prerequisite `Makefile.r'.
  Trying pattern rule with stem `Makefile'.
  Rejecting impossible implicit prerequisite `Makefile.s'.
  Trying pattern rule with stem `Makefile'.
  Rejecting impossible implicit prerequisite `Makefile.S'.
  Trying pattern rule with stem `Makefile'.
  Rejecting impossible implicit prerequisite `Makefile.mod'.
  Trying pattern rule with stem `Makefile'.
  Trying implicit prerequisite `Makefile.sh'.
  Looking for a rule with intermediate file `Makefile.sh'.
   Avoiding implicit rule recursion.
   Trying pattern rule with stem `Makefile.sh'.
   Trying implicit prerequisite `Makefile.sh,v'.
   Trying pattern rule with stem `Makefile.sh'.
   Trying implicit prerequisite `RCS/Makefile.sh,v'.
   Trying pattern rule with stem `Makefile.sh'.
   Trying implicit prerequisite `RCS/Makefile.sh'.
   Trying pattern rule with stem `Makefile.sh'.
   Trying implicit prerequisite `s.Makefile.sh'.
   Trying pattern rule with stem `Makefile.sh'.
   Trying implicit prerequisite `SCCS/s.Makefile.sh'.
  No implicit rule found for `Makefile'.
  Finished prerequisites of target file `Makefile'.
 No need to remake target `Makefile'.
Updating goal targets....
Considering target file `all'.
 File `all' does not exist.
  Considering target file `submake-generated-headers'.
   File `submake-generated-headers' does not exist.
   Finished prerequisites of target file `submake-generated-headers'.
  Must remake target `submake-generated-headers'.
  Successfully remade target file `submake-generated-headers'.
  Considering target file `all-common-recurse'.
   File `all-common-recurse' does not exist.
    Pruning file `submake-generated-headers'.
   Pruning file `submake-generated-headers'.
   Finished prerequisites of target file `all-common-recurse'.
  Must remake target `all-common-recurse'.
Need a job token; we don't have children
/Library/Developer/CommandLineTools/usr/bin/make -C common all
Putting child 0x1228048a0 (all-common-recurse) PID 93860 on the chain.
Live child 0x1228048a0 (all-common-recurse) PID 93860 
GNU Make 3.81
Copyright (C) 2006  Free Software Foundation, Inc.
This is free software; see the source for copying conditions.
There is NO warranty; not even for MERCHANTABILITY or FITNESS FOR A
PARTICULAR PURPOSE.

This program built for i386-apple-darwin11.3.0
Reading makefiles...
Reading makefile `Makefile'...
Reading makefile `../../src/Makefile.global' (search path) (no ~ expansion)...
Reading makefile `../../src/Makefile.port' (search path) (no ~ expansion)...
Reading makefile `../../src/Makefile.custom' (search path) (don't care) (no ~ expansion)...
Reaping losing child 0x1228048a0 PID 93860 
Removing child 0x1228048a0 PID 93860 from chain.
Reaping losing child 0x14c6268b0 PID 93858 
Removing child 0x14c6268b0 PID 93858 from chain.
